

================================================================
== Vitis HLS Report for 'cnn_core'
================================================================
* Date:           Wed May 13 16:57:19 2026

* Version:        2023.2 (Build 4023990 on Oct 11 2023)
* Project:        cnn_core_prj
* Solution:       solution1 (Vivado IP Flow Target)
* Product family: kintexuplus
* Target device:  xcku5p-ffvb676-2-e


================================================================
== Performance Estimates
================================================================
+ Timing: 
    * Summary: 
    +--------+---------+----------+------------+
    |  Clock |  Target | Estimated| Uncertainty|
    +--------+---------+----------+------------+
    |ap_clk  |  5.00 ns|  3.236 ns|     1.35 ns|
    +--------+---------+----------+------------+

+ Latency: 
    * Summary: 
    +---------+---------+-----------+-----------+------+------+----------+
    |  Latency (cycles) |   Latency (absolute)  |   Interval  | Pipeline |
    |   min   |   max   |    min    |    max    |  min |  max |   Type   |
    +---------+---------+-----------+-----------+------+------+----------+
    |     3082|     3082|  15.410 us|  15.410 us|  3076|  3076|  dataflow|
    +---------+---------+-----------+-----------+------+------+----------+

    + Detail: 
        * Instance: 
        +------------------------------------------------------------------------+-----------------------------------------------------------------------+---------+---------+-----------+-----------+------+------+---------+
        |                                                                        |                                                                       |  Latency (cycles) |   Latency (absolute)  |   Interval  | Pipeline|
        |                                Instance                                |                                 Module                                |   min   |   max   |    min    |    max    |  min |  max |   Type  |
        +------------------------------------------------------------------------+-----------------------------------------------------------------------+---------+---------+-----------+-----------+------+------+---------+
        |repack_stream_array_ap_fixed_4u_array_ap_fixed_12_6_5_3_0_1u_1024_U0    |repack_stream_array_ap_fixed_4u_array_ap_fixed_12_6_5_3_0_1u_1024_s    |     3075|     3075|  15.375 us|  15.375 us|  3075|  3075|       no|
        |conv_2d_cl_array_ap_fixed_1u_array_ap_fixed_9_5_5_3_0_7u_config3_U0     |conv_2d_cl_array_ap_fixed_1u_array_ap_fixed_9_5_5_3_0_7u_config3_s     |     2051|     2051|  10.255 us|  10.255 us|  2051|  2051|       no|
        |relu_array_ap_fixed_7u_array_ap_fixed_16_6_5_3_0_7u_relu_config4_U0     |relu_array_ap_fixed_7u_array_ap_fixed_16_6_5_3_0_7u_relu_config4_s     |      339|      339|   1.695 us|   1.695 us|   339|   339|       no|
        |pooling2d_cl_array_ap_fixed_7u_array_ap_fixed_16_6_5_3_0_7u_config5_U0  |pooling2d_cl_array_ap_fixed_7u_array_ap_fixed_16_6_5_3_0_7u_config5_s  |      674|      674|   3.370 us|   3.370 us|   674|   674|       no|
        |dense_array_ap_fixed_7u_array_ap_fixed_9_5_5_3_0_1u_config7_U0          |dense_array_ap_fixed_7u_array_ap_fixed_9_5_5_3_0_1u_config7_s          |      176|      176|   0.880 us|   0.880 us|   176|   176|       no|
        +------------------------------------------------------------------------+-----------------------------------------------------------------------+---------+---------+-----------+-----------+------+------+---------+

        * Loop: 
        N/A



================================================================
== Utilization Estimates
================================================================
* Summary: 
+-----------------+---------+------+--------+--------+-----+
|       Name      | BRAM_18K|  DSP |   FF   |   LUT  | URAM|
+-----------------+---------+------+--------+--------+-----+
|DSP              |        -|     -|       -|       -|    -|
|Expression       |        -|     -|       0|       2|    -|
|FIFO             |       19|     -|     656|     254|    -|
|Instance         |        0|    14|   29405|   34738|    0|
|Memory           |        -|     -|       -|       -|    -|
|Multiplexer      |        -|     -|       -|       -|    -|
|Register         |        -|     -|       -|       -|    -|
+-----------------+---------+------+--------+--------+-----+
|Total            |       19|    14|   30061|   34994|    0|
+-----------------+---------+------+--------+--------+-----+
|Available        |      960|  1824|  433920|  216960|   64|
+-----------------+---------+------+--------+--------+-----+
|Utilization (%)  |        1|    ~0|       6|      16|    0|
+-----------------+---------+------+--------+--------+-----+

+ Detail: 
    * Instance: 
    +------------------------------------------------------------------------+-----------------------------------------------------------------------+---------+----+-------+-------+-----+
    |                                Instance                                |                                 Module                                | BRAM_18K| DSP|   FF  |  LUT  | URAM|
    +------------------------------------------------------------------------+-----------------------------------------------------------------------+---------+----+-------+-------+-----+
    |conv_2d_cl_array_ap_fixed_1u_array_ap_fixed_9_5_5_3_0_7u_config3_U0     |conv_2d_cl_array_ap_fixed_1u_array_ap_fixed_9_5_5_3_0_7u_config3_s     |        0|   1|    533|   1432|    0|
    |dense_array_ap_fixed_7u_array_ap_fixed_9_5_5_3_0_1u_config7_U0          |dense_array_ap_fixed_7u_array_ap_fixed_9_5_5_3_0_1u_config7_s          |        0|  13|  27888|  31767|    0|
    |pooling2d_cl_array_ap_fixed_7u_array_ap_fixed_16_6_5_3_0_7u_config5_U0  |pooling2d_cl_array_ap_fixed_7u_array_ap_fixed_16_6_5_3_0_7u_config5_s  |        0|   0|    820|    964|    0|
    |relu_array_ap_fixed_7u_array_ap_fixed_16_6_5_3_0_7u_relu_config4_U0     |relu_array_ap_fixed_7u_array_ap_fixed_16_6_5_3_0_7u_relu_config4_s     |        0|   0|     78|    311|    0|
    |repack_stream_array_ap_fixed_4u_array_ap_fixed_12_6_5_3_0_1u_1024_U0    |repack_stream_array_ap_fixed_4u_array_ap_fixed_12_6_5_3_0_1u_1024_s    |        0|   0|     86|    264|    0|
    +------------------------------------------------------------------------+-----------------------------------------------------------------------+---------+----+-------+-------+-----+
    |Total                                                                   |                                                                       |        0|  14|  29405|  34738|    0|
    +------------------------------------------------------------------------+-----------------------------------------------------------------------+---------+----+-------+-------+-----+

    * DSP: 
    N/A

    * Memory: 
    N/A

    * FIFO: 
    +--------------+---------+-----+----+-----+------+-----+---------+
    |     Name     | BRAM_18K|  FF | LUT| URAM| Depth| Bits| Size:D*B|
    +--------------+---------+-----+----+-----+------+-----+---------+
    |layer3_out_U  |        4|  165|   0|    -|   336|   63|    21168|
    |layer4_out_U  |        7|  165|   0|    -|   336|  112|    37632|
    |layer5_out_U  |        7|  163|   0|    -|   168|  112|    18816|
    |layer8_out_U  |        1|  163|   0|    -|  1024|   12|    12288|
    +--------------+---------+-----+----+-----+------+-----+---------+
    |Total         |       19|  656|   0|    0|  1864|  299|    89904|
    +--------------+---------+-----+----+-----+------+-----+---------+

    * Expression: 
    +--------------+----------+----+---+----+------------+------------+
    | Variable Name| Operation| DSP| FF| LUT| Bitwidth P0| Bitwidth P1|
    +--------------+----------+----+---+----+------------+------------+
    |ap_idle       |       and|   0|  0|   2|           1|           1|
    +--------------+----------+----+---+----+------------+------------+
    |Total         |          |   0|  0|   2|           1|           1|
    +--------------+----------+----+---+----+------------+------------+

    * Multiplexer: 
    N/A

    * Register: 
    N/A



================================================================
== Interface
================================================================
* Summary: 
+--------------------+-----+-----+------------+--------------+--------------+
|      RTL Ports     | Dir | Bits|  Protocol  | Source Object|    C Type    |
+--------------------+-----+-----+------------+--------------+--------------+
|input_layer_TDATA   |   in|   64|        axis|   input_layer|       pointer|
|input_layer_TVALID  |   in|    1|        axis|   input_layer|       pointer|
|input_layer_TREADY  |  out|    1|        axis|   input_layer|       pointer|
|layer7_out_TDATA    |  out|   16|        axis|    layer7_out|       pointer|
|layer7_out_TVALID   |  out|    1|        axis|    layer7_out|       pointer|
|layer7_out_TREADY   |   in|    1|        axis|    layer7_out|       pointer|
|ap_clk              |   in|    1|  ap_ctrl_hs|      cnn_core|  return value|
|ap_rst_n            |   in|    1|  ap_ctrl_hs|      cnn_core|  return value|
|ap_start            |   in|    1|  ap_ctrl_hs|      cnn_core|  return value|
|ap_done             |  out|    1|  ap_ctrl_hs|      cnn_core|  return value|
|ap_ready            |  out|    1|  ap_ctrl_hs|      cnn_core|  return value|
|ap_idle             |  out|    1|  ap_ctrl_hs|      cnn_core|  return value|
+--------------------+-----+-----+------------+--------------+--------------+

