

================================================================
== Vitis HLS Report for 'compute_output_buffer_2d_array_array_ap_fixed_9_5_5_3_0_7u_config3_s'
================================================================
* Date:           Wed May 13 16:57:14 2026

* Version:        2023.2 (Build 4023990 on Oct 11 2023)
* Project:        cnn_core_prj
* Solution:       solution1 (Vivado IP Flow Target)
* Product family: kintexuplus
* Target device:  xcku5p-ffvb676-2-e


================================================================
== Performance Estimates
================================================================
+ Timing: 
    * Summary: 
    +--------+---------+----------+------------+
    |  Clock |  Target | Estimated| Uncertainty|
    +--------+---------+----------+------------+
    |ap_clk  |  5.00 ns|  2.921 ns|     1.35 ns|
    +--------+---------+----------+------------+

+ Latency: 
    * Summary: 
    +---------+---------+-----------+-----------+-----+-----+---------+
    |  Latency (cycles) |   Latency (absolute)  |  Interval | Pipeline|
    |   min   |   max   |    min    |    max    | min | max |   Type  |
    +---------+---------+-----------+-----------+-----+-----+---------+
    |        2|        2|  10.000 ns|  10.000 ns|    2|    2|      yes|
    +---------+---------+-----------+-----------+-----+-----+---------+

    + Detail: 
        * Instance: 
        +--------------------------------------------------------------------------------+---------------------------------------------------------------------+---------+---------+----------+----------+-----+-----+---------+
        |                                                                                |                                                                     |  Latency (cycles) |  Latency (absolute) |  Interval | Pipeline|
        |                                    Instance                                    |                                Module                               |   min   |   max   |    min   |    max   | min | max |   Type  |
        +--------------------------------------------------------------------------------+---------------------------------------------------------------------+---------+---------+----------+----------+-----+-----+---------+
        |call_ln281_shift_line_buffer_array_ap_fixed_12_6_5_3_0_1u_config3_s_fu_92       |shift_line_buffer_array_ap_fixed_12_6_5_3_0_1u_config3_s             |        0|        0|      0 ns|      0 ns|    1|    1|      yes|
        |tmp_dense_latency_ap_fixed_12_6_5_3_0_ap_fixed_9_5_5_3_0_config3_mult_s_fu_116  |dense_latency_ap_fixed_12_6_5_3_0_ap_fixed_9_5_5_3_0_config3_mult_s  |        0|        0|      0 ns|      0 ns|    1|    1|      yes|
        +--------------------------------------------------------------------------------+---------------------------------------------------------------------+---------+---------+----------+----------+-----+-----+---------+

        * Loop: 
        N/A



================================================================
== Utilization Estimates
================================================================
* Summary: 
+-----------------+---------+------+--------+--------+-----+
|       Name      | BRAM_18K|  DSP |   FF   |   LUT  | URAM|
+-----------------+---------+------+--------+--------+-----+
|DSP              |        -|     -|       -|       -|    -|
|Expression       |        -|     -|       0|     294|    -|
|FIFO             |        -|     -|       -|       -|    -|
|Instance         |        -|     1|     257|     919|    -|
|Memory           |        -|     -|       -|       -|    -|
|Multiplexer      |        -|     -|       -|      73|    -|
|Register         |        -|     -|     257|       -|    -|
+-----------------+---------+------+--------+--------+-----+
|Total            |        0|     1|     514|    1286|    0|
+-----------------+---------+------+--------+--------+-----+
|Available        |      960|  1824|  433920|  216960|   64|
+-----------------+---------+------+--------+--------+-----+
|Utilization (%)  |        0|    ~0|      ~0|      ~0|    0|
+-----------------+---------+------+--------+--------+-----+

+ Detail: 
    * Instance: 
    +--------------------------------------------------------------------------------+---------------------------------------------------------------------+---------+----+-----+-----+-----+
    |                                    Instance                                    |                                Module                               | BRAM_18K| DSP|  FF | LUT | URAM|
    +--------------------------------------------------------------------------------+---------------------------------------------------------------------+---------+----+-----+-----+-----+
    |tmp_dense_latency_ap_fixed_12_6_5_3_0_ap_fixed_9_5_5_3_0_config3_mult_s_fu_116  |dense_latency_ap_fixed_12_6_5_3_0_ap_fixed_9_5_5_3_0_config3_mult_s  |        0|   1|    0|  791|    0|
    |call_ln281_shift_line_buffer_array_ap_fixed_12_6_5_3_0_1u_config3_s_fu_92       |shift_line_buffer_array_ap_fixed_12_6_5_3_0_1u_config3_s             |        0|   0|  257|  128|    0|
    +--------------------------------------------------------------------------------+---------------------------------------------------------------------+---------+----+-----+-----+-----+
    |Total                                                                           |                                                                     |        0|   1|  257|  919|    0|
    +--------------------------------------------------------------------------------+---------------------------------------------------------------------+---------+----+-----+-----+-----+

    * DSP: 
    N/A

    * Memory: 
    N/A

    * FIFO: 
    N/A

    * Expression: 
    +-----------------------------------------+----------+----+---+----+------------+------------+
    |              Variable Name              | Operation| DSP| FF| LUT| Bitwidth P0| Bitwidth P1|
    +-----------------------------------------+----------+----+---+----+------------+------------+
    |add_ln303_fu_218_p2                      |         +|   0|  0|  39|          32|           1|
    |add_ln307_fu_242_p2                      |         +|   0|  0|  39|          32|           1|
    |add_ln313_fu_268_p2                      |         +|   0|  0|  39|          32|          32|
    |and_ln284_1_fu_184_p2                    |       and|   0|  0|   2|           1|           1|
    |and_ln284_fu_178_p2                      |       and|   0|  0|   2|           1|           1|
    |ap_block_pp0_stage0_01001                |       and|   0|  0|   2|           1|           1|
    |ap_block_pp0_stage0_11001_ignoreCallOp5  |       and|   0|  0|   2|           1|           1|
    |ap_block_state3_pp0_stage0_iter1         |       and|   0|  0|   2|           1|           1|
    |ap_condition_159                         |       and|   0|  0|   2|           1|           1|
    |ap_condition_252                         |       and|   0|  0|   2|           1|           1|
    |icmp_ln284_1_fu_154_p2                   |      icmp|   0|  0|  37|          30|           1|
    |icmp_ln284_fu_134_p2                     |      icmp|   0|  0|  39|          32|           3|
    |icmp_ln303_fu_224_p2                     |      icmp|   0|  0|  39|          32|           3|
    |icmp_ln307_fu_248_p2                     |      icmp|   0|  0|  39|          32|           9|
    |ap_block_pp0_stage0_subdone              |        or|   0|  0|   2|           1|           1|
    |select_ln313_fu_260_p3                   |    select|   0|  0|   3|           1|           3|
    |ap_enable_pp0                            |       xor|   0|  0|   2|           1|           2|
    |xor_ln284_fu_172_p2                      |       xor|   0|  0|   2|           1|           2|
    +-----------------------------------------+----------+----+---+----+------------+------------+
    |Total                                    |          |   0|  0| 294|         233|          65|
    +-----------------------------------------+----------+----+---+----+------------+------------+

    * Multiplexer: 
    +----------------------------------------+----+-----------+-----+-----------+
    |                  Name                  | LUT| Input Size| Bits| Total Bits|
    +----------------------------------------+----+-----------+-----+-----------+
    |ap_NS_fsm                               |  14|          3|    1|          3|
    |ap_enable_reg_pp0_iter0                 |   9|          2|    1|          2|
    |ap_enable_reg_pp0_iter1                 |   9|          2|    1|          2|
    |ap_phi_reg_pp0_iter1_storemerge_reg_81  |  14|          3|   32|         96|
    |layer3_out_blk_n                        |   9|          2|    1|          2|
    |pX_1                                    |   9|          2|   32|         64|
    |pY_1                                    |   9|          2|   32|         64|
    +----------------------------------------+----+-----------+-----+-----------+
    |Total                                   |  73|         16|  100|        233|
    +----------------------------------------+----+-----------+-----+-----------+

    * Register: 
    +-----------------------------------------------------------------------------+----+----+-----+-----------+
    |                                     Name                                    | FF | LUT| Bits| Const Bits|
    +-----------------------------------------------------------------------------+----+----+-----+-----------+
    |and_ln284_1_reg_298                                                          |   1|   0|    1|          0|
    |ap_CS_fsm                                                                    |   2|   0|    2|          0|
    |ap_enable_reg_pp0_iter0_reg                                                  |   1|   0|    1|          0|
    |ap_enable_reg_pp0_iter1                                                      |   1|   0|    1|          0|
    |ap_phi_reg_pp0_iter1_storemerge_reg_81                                       |  32|   0|   32|          0|
    |icmp_ln303_reg_337                                                           |   1|   0|    1|          0|
    |pX_1                                                                         |  32|   0|   32|          0|
    |pY_1                                                                         |  32|   0|   32|          0|
    |res_out_1_reg_307                                                            |   9|   0|    9|          0|
    |res_out_2_reg_312                                                            |   9|   0|    9|          0|
    |res_out_3_reg_317                                                            |   9|   0|    9|          0|
    |res_out_4_reg_322                                                            |   9|   0|    9|          0|
    |res_out_5_reg_327                                                            |   9|   0|    9|          0|
    |res_out_6_reg_332                                                            |   9|   0|    9|          0|
    |res_out_reg_302                                                              |   9|   0|    9|          0|
    |sY_1                                                                         |  32|   0|   32|          0|
    |void_compute_output_buffer_2d_array_const_ap_shift_reg_n_chan_stream_weig    |  12|   0|   12|          0|
    |void_compute_output_buffer_2d_array_const_ap_shift_reg_n_chan_stream_weig_1  |  12|   0|   12|          0|
    |void_compute_output_buffer_2d_array_const_ap_shift_reg_n_chan_stream_weig_2  |  12|   0|   12|          0|
    |void_compute_output_buffer_2d_array_const_ap_shift_reg_n_chan_stream_weig_3  |  12|   0|   12|          0|
    |void_compute_output_buffer_2d_array_const_ap_shift_reg_n_chan_stream_weig_4  |  12|   0|   12|          0|
    +-----------------------------------------------------------------------------+----+----+-----+-----------+
    |Total                                                                        | 257|   0|  257|          0|
    +-----------------------------------------------------------------------------+----+----+-----+-----------+



================================================================
== Interface
================================================================
* Summary: 
+---------------------------+-----+-----+------------+-----------------------------------------------------------------------+--------------+
|         RTL Ports         | Dir | Bits|  Protocol  |                             Source Object                             |    C Type    |
+---------------------------+-----+-----+------------+-----------------------------------------------------------------------+--------------+
|ap_clk                     |   in|    1|  ap_ctrl_hs|  compute_output_buffer_2d<array,array<ap_fixed<9,5,5,3,0>,7u>,config3>|  return value|
|ap_rst                     |   in|    1|  ap_ctrl_hs|  compute_output_buffer_2d<array,array<ap_fixed<9,5,5,3,0>,7u>,config3>|  return value|
|ap_start                   |   in|    1|  ap_ctrl_hs|  compute_output_buffer_2d<array,array<ap_fixed<9,5,5,3,0>,7u>,config3>|  return value|
|ap_done                    |  out|    1|  ap_ctrl_hs|  compute_output_buffer_2d<array,array<ap_fixed<9,5,5,3,0>,7u>,config3>|  return value|
|ap_idle                    |  out|    1|  ap_ctrl_hs|  compute_output_buffer_2d<array,array<ap_fixed<9,5,5,3,0>,7u>,config3>|  return value|
|ap_ready                   |  out|    1|  ap_ctrl_hs|  compute_output_buffer_2d<array,array<ap_fixed<9,5,5,3,0>,7u>,config3>|  return value|
|ap_ce                      |   in|    1|  ap_ctrl_hs|  compute_output_buffer_2d<array,array<ap_fixed<9,5,5,3,0>,7u>,config3>|  return value|
|layer3_out_blk_n           |  out|    1|  ap_ctrl_hs|  compute_output_buffer_2d<array,array<ap_fixed<9,5,5,3,0>,7u>,config3>|  return value|
|in_elem_0_0_0_0_0_val      |   in|   12|     ap_none|                                                  in_elem_0_0_0_0_0_val|        scalar|
|layer3_out_din             |  out|   63|     ap_fifo|                                                             layer3_out|       pointer|
|layer3_out_num_data_valid  |   in|   10|     ap_fifo|                                                             layer3_out|       pointer|
|layer3_out_fifo_cap        |   in|   10|     ap_fifo|                                                             layer3_out|       pointer|
|layer3_out_full_n          |   in|    1|     ap_fifo|                                                             layer3_out|       pointer|
|layer3_out_write           |  out|    1|     ap_fifo|                                                             layer3_out|       pointer|
+---------------------------+-----+-----+------------+-----------------------------------------------------------------------+--------------+

