

================================================================
== Vitis HLS Report for 'conv_2d_cl_array_ap_fixed_1u_array_ap_fixed_9_5_5_3_0_7u_config3_s'
================================================================
* Date:           Wed May 13 16:57:14 2026

* Version:        2023.2 (Build 4023990 on Oct 11 2023)
* Project:        cnn_core_prj
* Solution:       solution1 (Vivado IP Flow Target)
* Product family: kintexuplus
* Target device:  xcku5p-ffvb676-2-e


================================================================
== Performance Estimates
================================================================
+ Timing: 
    * Summary: 
    +--------+---------+----------+------------+
    |  Clock |  Target | Estimated| Uncertainty|
    +--------+---------+----------+------------+
    |ap_clk  |  5.00 ns|  2.921 ns|     1.35 ns|
    +--------+---------+----------+------------+

+ Latency: 
    * Summary: 
    +---------+---------+-----------+-----------+------+------+---------+
    |  Latency (cycles) |   Latency (absolute)  |   Interval  | Pipeline|
    |   min   |   max   |    min    |    max    |  min |  max |   Type  |
    +---------+---------+-----------+-----------+------+------+---------+
    |     2051|     2051|  10.255 us|  10.255 us|  2051|  2051|       no|
    +---------+---------+-----------+-----------+------+------+---------+

    + Detail: 
        * Instance: 
        +--------------------------------------------------------------------------------+----------------------------------------------------------------------+---------+---------+-----------+-----------+-----+-----+---------+
        |                                                                                |                                                                      |  Latency (cycles) |   Latency (absolute)  |  Interval | Pipeline|
        |                                    Instance                                    |                                Module                                |   min   |   max   |    min    |    max    | min | max |   Type  |
        +--------------------------------------------------------------------------------+----------------------------------------------------------------------+---------+---------+-----------+-----------+-----+-----+---------+
        |grp_compute_output_buffer_2d_array_array_ap_fixed_9_5_5_3_0_7u_config3_s_fu_70  |compute_output_buffer_2d_array_array_ap_fixed_9_5_5_3_0_7u_config3_s  |        2|        2|  10.000 ns|  10.000 ns|    2|    2|      yes|
        +--------------------------------------------------------------------------------+----------------------------------------------------------------------+---------+---------+-----------+-----------+-----+-----+---------+

        * Loop: 
        +----------------------------------+---------+---------+----------+-----------+-----------+------+----------+
        |                                  |  Latency (cycles) | Iteration|  Initiation Interval  | Trip |          |
        |             Loop Name            |   min   |   max   |  Latency |  achieved |   target  | Count| Pipelined|
        +----------------------------------+---------+---------+----------+-----------+-----------+------+----------+
        |- ReadInputHeight_ReadInputWidth  |     2049|     2049|         4|          2|          1|  1024|       yes|
        +----------------------------------+---------+---------+----------+-----------+-----------+------+----------+



================================================================
== Utilization Estimates
================================================================
* Summary: 
+-----------------+---------+------+--------+--------+-----+
|       Name      | BRAM_18K|  DSP |   FF   |   LUT  | URAM|
+-----------------+---------+------+--------+--------+-----+
|DSP              |        -|     -|       -|       -|    -|
|Expression       |        -|     -|       0|      51|    -|
|FIFO             |        -|     -|       -|       -|    -|
|Instance         |        -|     1|     514|    1286|    -|
|Memory           |        -|     -|       -|       -|    -|
|Multiplexer      |        -|     -|       -|      95|    -|
|Register         |        -|     -|      19|       -|    -|
+-----------------+---------+------+--------+--------+-----+
|Total            |        0|     1|     533|    1432|    0|
+-----------------+---------+------+--------+--------+-----+
|Available        |      960|  1824|  433920|  216960|   64|
+-----------------+---------+------+--------+--------+-----+
|Utilization (%)  |        0|    ~0|      ~0|      ~0|    0|
+-----------------+---------+------+--------+--------+-----+

+ Detail: 
    * Instance: 
    +--------------------------------------------------------------------------------+----------------------------------------------------------------------+---------+----+-----+------+-----+
    |                                    Instance                                    |                                Module                                | BRAM_18K| DSP|  FF |  LUT | URAM|
    +--------------------------------------------------------------------------------+----------------------------------------------------------------------+---------+----+-----+------+-----+
    |grp_compute_output_buffer_2d_array_array_ap_fixed_9_5_5_3_0_7u_config3_s_fu_70  |compute_output_buffer_2d_array_array_ap_fixed_9_5_5_3_0_7u_config3_s  |        0|   1|  514|  1286|    0|
    +--------------------------------------------------------------------------------+----------------------------------------------------------------------+---------+----+-----+------+-----+
    |Total                                                                           |                                                                      |        0|   1|  514|  1286|    0|
    +--------------------------------------------------------------------------------+----------------------------------------------------------------------+---------+----+-----+------+-----+

    * DSP: 
    N/A

    * Memory: 
    N/A

    * FIFO: 
    N/A

    * Expression: 
    +------------------------------------------+----------+----+---+----+------------+------------+
    |               Variable Name              | Operation| DSP| FF| LUT| Bitwidth P0| Bitwidth P1|
    +------------------------------------------+----------+----+---+----+------------+------------+
    |add_ln25_fu_116_p2                        |         +|   0|  0|  18|          11|           1|
    |ap_block_pp0_stage1_11001_ignoreCallOp18  |       and|   0|  0|   2|           1|           1|
    |ap_block_state2_pp0_stage1_iter0          |       and|   0|  0|   2|           1|           1|
    |ap_condition_146                          |       and|   0|  0|   2|           1|           1|
    |icmp_ln25_fu_110_p2                       |      icmp|   0|  0|  19|          11|          12|
    |ap_block_pp0_stage0_11001                 |        or|   0|  0|   2|           1|           1|
    |ap_block_pp0_stage0_11001_ignoreCallOp19  |        or|   0|  0|   2|           1|           1|
    |ap_block_pp0_stage1_11001                 |        or|   0|  0|   2|           1|           1|
    |ap_enable_pp0                             |       xor|   0|  0|   2|           1|           2|
    +------------------------------------------+----------+----+---+----+------------+------------+
    |Total                                     |          |   0|  0|  51|          29|          21|
    +------------------------------------------+----------+----+---+----+------------+------------+

    * Multiplexer: 
    +--------------------------------------+----+-----------+-----+-----------+
    |                 Name                 | LUT| Input Size| Bits| Total Bits|
    +--------------------------------------+----+-----------+-----+-----------+
    |ap_NS_fsm                             |  14|          3|    1|          3|
    |ap_done_int                           |   9|          2|    1|          2|
    |ap_enable_reg_pp0_iter0               |   9|          2|    1|          2|
    |ap_enable_reg_pp0_iter1               |   9|          2|    1|          2|
    |ap_sig_allocacmp_indvar_flatten_load  |   9|          2|   11|         22|
    |indvar_flatten_fu_60                  |   9|          2|   11|         22|
    |layer3_out_blk_n                      |   9|          2|    1|          2|
    |layer3_out_write                      |   9|          2|    1|          2|
    |layer8_out_blk_n                      |   9|          2|    1|          2|
    |real_start                            |   9|          2|    1|          2|
    +--------------------------------------+----+-----------+-----+-----------+
    |Total                                 |  95|         21|   30|         61|
    +--------------------------------------+----+-----------+-----+-----------+

    * Register: 
    +---------------------------------------------------------------------------------------------+----+----+-----+-----------+
    |                                             Name                                            | FF | LUT| Bits| Const Bits|
    +---------------------------------------------------------------------------------------------+----+----+-----+-----------+
    |ap_CS_fsm                                                                                    |   2|   0|    2|          0|
    |ap_done_reg                                                                                  |   1|   0|    1|          0|
    |ap_enable_reg_pp0_iter0_reg                                                                  |   1|   0|    1|          0|
    |ap_enable_reg_pp0_iter1                                                                      |   1|   0|    1|          0|
    |grp_compute_output_buffer_2d_array_array_ap_fixed_9_5_5_3_0_7u_config3_s_fu_70_ap_start_reg  |   1|   0|    1|          0|
    |icmp_ln25_reg_134                                                                            |   1|   0|    1|          0|
    |indvar_flatten_fu_60                                                                         |  11|   0|   11|          0|
    |start_once_reg                                                                               |   1|   0|    1|          0|
    +---------------------------------------------------------------------------------------------+----+----+-----+-----------+
    |Total                                                                                        |  19|   0|   19|          0|
    +---------------------------------------------------------------------------------------------+----+----+-----+-----------+



================================================================
== Interface
================================================================
* Summary: 
+---------------------------+-----+-----+------------+----------------------------------------------------------------------+--------------+
|         RTL Ports         | Dir | Bits|  Protocol  |                             Source Object                            |    C Type    |
+---------------------------+-----+-----+------------+----------------------------------------------------------------------+--------------+
|ap_clk                     |   in|    1|  ap_ctrl_hs|  conv_2d_cl<array<ap_fixed,1u>,array<ap_fixed<9,5,5,3,0>,7u>,config3>|  return value|
|ap_rst                     |   in|    1|  ap_ctrl_hs|  conv_2d_cl<array<ap_fixed,1u>,array<ap_fixed<9,5,5,3,0>,7u>,config3>|  return value|
|ap_start                   |   in|    1|  ap_ctrl_hs|  conv_2d_cl<array<ap_fixed,1u>,array<ap_fixed<9,5,5,3,0>,7u>,config3>|  return value|
|start_full_n               |   in|    1|  ap_ctrl_hs|  conv_2d_cl<array<ap_fixed,1u>,array<ap_fixed<9,5,5,3,0>,7u>,config3>|  return value|
|ap_done                    |  out|    1|  ap_ctrl_hs|  conv_2d_cl<array<ap_fixed,1u>,array<ap_fixed<9,5,5,3,0>,7u>,config3>|  return value|
|ap_continue                |   in|    1|  ap_ctrl_hs|  conv_2d_cl<array<ap_fixed,1u>,array<ap_fixed<9,5,5,3,0>,7u>,config3>|  return value|
|ap_idle                    |  out|    1|  ap_ctrl_hs|  conv_2d_cl<array<ap_fixed,1u>,array<ap_fixed<9,5,5,3,0>,7u>,config3>|  return value|
|ap_ready                   |  out|    1|  ap_ctrl_hs|  conv_2d_cl<array<ap_fixed,1u>,array<ap_fixed<9,5,5,3,0>,7u>,config3>|  return value|
|start_out                  |  out|    1|  ap_ctrl_hs|  conv_2d_cl<array<ap_fixed,1u>,array<ap_fixed<9,5,5,3,0>,7u>,config3>|  return value|
|start_write                |  out|    1|  ap_ctrl_hs|  conv_2d_cl<array<ap_fixed,1u>,array<ap_fixed<9,5,5,3,0>,7u>,config3>|  return value|
|layer8_out_dout            |   in|   12|     ap_fifo|                                                            layer8_out|       pointer|
|layer8_out_num_data_valid  |   in|   11|     ap_fifo|                                                            layer8_out|       pointer|
|layer8_out_fifo_cap        |   in|   11|     ap_fifo|                                                            layer8_out|       pointer|
|layer8_out_empty_n         |   in|    1|     ap_fifo|                                                            layer8_out|       pointer|
|layer8_out_read            |  out|    1|     ap_fifo|                                                            layer8_out|       pointer|
|layer3_out_din             |  out|   63|     ap_fifo|                                                            layer3_out|       pointer|
|layer3_out_num_data_valid  |   in|   10|     ap_fifo|                                                            layer3_out|       pointer|
|layer3_out_fifo_cap        |   in|   10|     ap_fifo|                                                            layer3_out|       pointer|
|layer3_out_full_n          |   in|    1|     ap_fifo|                                                            layer3_out|       pointer|
|layer3_out_write           |  out|    1|     ap_fifo|                                                            layer3_out|       pointer|
+---------------------------+-----+-----+------------+----------------------------------------------------------------------+--------------+

