

================================================================
== Vitis HLS Report for 'dense_latency_ap_fixed_12_6_5_3_0_ap_fixed_9_5_5_3_0_config3_mult_s'
================================================================
* Date:           Wed May 13 16:57:14 2026

* Version:        2023.2 (Build 4023990 on Oct 11 2023)
* Project:        cnn_core_prj
* Solution:       solution1 (Vivado IP Flow Target)
* Product family: kintexuplus
* Target device:  xcku5p-ffvb676-2-e


================================================================
== Performance Estimates
================================================================
+ Timing: 
    * Summary: 
    +--------+---------+----------+------------+
    |  Clock |  Target | Estimated| Uncertainty|
    +--------+---------+----------+------------+
    |ap_clk  |  5.00 ns|  2.921 ns|     1.35 ns|
    +--------+---------+----------+------------+

+ Latency: 
    * Summary: 
    +---------+---------+----------+----------+-----+-----+---------+
    |  Latency (cycles) |  Latency (absolute) |  Interval | Pipeline|
    |   min   |   max   |    min   |    max   | min | max |   Type  |
    +---------+---------+----------+----------+-----+-----+---------+
    |        0|        0|      0 ns|      0 ns|    1|    1|      yes|
    +---------+---------+----------+----------+-----+-----+---------+

    + Detail: 
        * Instance: 
        N/A

        * Loop: 
        N/A



================================================================
== Utilization Estimates
================================================================
* Summary: 
+-----------------+---------+------+--------+--------+-----+
|       Name      | BRAM_18K|  DSP |   FF   |   LUT  | URAM|
+-----------------+---------+------+--------+--------+-----+
|DSP              |        -|     -|       -|       -|    -|
|Expression       |        -|     -|       0|     786|    -|
|FIFO             |        -|     -|       -|       -|    -|
|Instance         |        -|     1|       0|       5|    -|
|Memory           |        -|     -|       -|       -|    -|
|Multiplexer      |        -|     -|       -|       -|    -|
|Register         |        -|     -|       -|       -|    -|
+-----------------+---------+------+--------+--------+-----+
|Total            |        0|     1|       0|     791|    0|
+-----------------+---------+------+--------+--------+-----+
|Available        |      960|  1824|  433920|  216960|   64|
+-----------------+---------+------+--------+--------+-----+
|Utilization (%)  |        0|    ~0|       0|      ~0|    0|
+-----------------+---------+------+--------+--------+-----+

+ Detail: 
    * Instance: 
    +------------------------+--------------------+---------+----+---+----+-----+
    |        Instance        |       Module       | BRAM_18K| DSP| FF| LUT| URAM|
    +------------------------+--------------------+---------+----+---+----+-----+
    |mul_12s_5ns_15_1_1_U12  |mul_12s_5ns_15_1_1  |        0|   1|  0|   5|    0|
    +------------------------+--------------------+---------+----+---+----+-----+
    |Total                   |                    |        0|   1|  0|   5|    0|
    +------------------------+--------------------+---------+----+---+----+-----+

    * DSP: 
    N/A

    * Memory: 
    N/A

    * FIFO: 
    N/A

    * Expression: 
    +------------------------+----------+----+---+----+------------+------------+
    |      Variable Name     | Operation| DSP| FF| LUT| Bitwidth P0| Bitwidth P1|
    +------------------------+----------+----+---+----+------------+------------+
    |add_ln58_790_fu_484_p2  |         +|   0|  0|  21|          14|          10|
    |add_ln58_791_fu_494_p2  |         +|   0|  0|  21|          14|          11|
    |add_ln58_792_fu_524_p2  |         +|   0|  0|  20|          13|          10|
    |add_ln58_793_fu_534_p2  |         +|   0|  0|  16|          15|          15|
    |add_ln58_794_fu_546_p2  |         +|   0|  0|  22|          15|          15|
    |add_ln58_795_fu_552_p2  |         +|   0|  0|  16|          15|          15|
    |add_ln58_796_fu_558_p2  |         +|   0|  0|  22|          15|          15|
    |add_ln58_797_fu_564_p2  |         +|   0|  0|  16|          15|          15|
    |add_ln58_798_fu_570_p2  |         +|   0|  0|  16|          15|          15|
    |add_ln58_799_fu_576_p2  |         +|   0|  0|  20|          13|          13|
    |add_ln58_800_fu_586_p2  |         +|   0|  0|  16|          15|          15|
    |add_ln58_802_fu_612_p2  |         +|   0|  0|  16|          15|          15|
    |add_ln58_803_fu_618_p2  |         +|   0|  0|  21|          14|          11|
    |add_ln58_805_fu_668_p2  |         +|   0|  0|  16|          15|          15|
    |add_ln58_806_fu_710_p2  |         +|   0|  0|  16|          15|           9|
    |add_ln58_807_fu_662_p2  |         +|   0|  0|  16|          15|          11|
    |add_ln58_808_fu_722_p2  |         +|   0|  0|  16|          15|          15|
    |add_ln58_810_fu_734_p2  |         +|   0|  0|  16|          15|          15|
    |add_ln58_fu_474_p2      |         +|   0|  0|  21|          14|          11|
    |tmp34_i_fu_510_p2       |         +|   0|  0|  20|          13|          13|
    |tmp55_i_fu_634_p2       |         +|   0|  0|  20|          13|          13|
    |tmp57_i_fu_686_p2       |         +|   0|  0|  20|          13|          13|
    |x_1_fu_628_p2           |         +|   0|  0|  16|          15|          15|
    |x_5_fu_728_p2           |         +|   0|  0|  16|          15|          15|
    |x_6_fu_740_p2           |         +|   0|  0|  16|          15|          15|
    |x_fu_592_p2             |         +|   0|  0|  16|          15|          15|
    |sub_ln42_1_fu_305_p2    |         -|   0|  0|  22|          15|          15|
    |sub_ln42_2_fu_348_p2    |         -|   0|  0|  22|          15|          15|
    |sub_ln42_3_fu_394_p2    |         -|   0|  0|  16|           1|          15|
    |sub_ln42_4_fu_400_p2    |         -|   0|  0|  16|          15|          15|
    |sub_ln42_5_fu_406_p2    |         -|   0|  0|  16|           1|          15|
    |sub_ln42_6_fu_412_p2    |         -|   0|  0|  16|          15|          15|
    |sub_ln42_7_fu_430_p2    |         -|   0|  0|  22|          15|          15|
    |sub_ln42_8_fu_468_p2    |         -|   0|  0|  22|          15|          15|
    |sub_ln42_fu_299_p2      |         -|   0|  0|  22|          15|          15|
    |sub_ln58_4_fu_716_p2    |         -|   0|  0|  16|          15|          15|
    |sub_ln58_fu_504_p2      |         -|   0|  0|  22|          15|          15|
    |tmp539_i_fu_598_p2      |         -|   0|  0|  20|          13|          13|
    |tmp56_i_fu_656_p2       |         -|   0|  0|  16|          15|          15|
    |tmp58_i_fu_704_p2       |         -|   0|  0|  22|          15|          15|
    |x_2_fu_540_p2           |         -|   0|  0|  16|          15|          15|
    |x_3_fu_674_p2           |         -|   0|  0|  16|          15|          15|
    |x_4_fu_680_p2           |         -|   0|  0|  16|          15|          15|
    +------------------------+----------+----+---+----+------------+------------+
    |Total                   |          |   0|  0| 786|         601|         603|
    +------------------------+----------+----+---+----+------------+------------+

    * Multiplexer: 
    N/A

    * Register: 
    N/A



================================================================
== Interface
================================================================
* Summary: 
+-----------------------------------------------------------------------------+-----+-----+------------+--------------------------------------------------------------------------------+--------------+
|                                  RTL Ports                                  | Dir | Bits|  Protocol  |                                  Source Object                                 |    C Type    |
+-----------------------------------------------------------------------------+-----+-----+------------+--------------------------------------------------------------------------------+--------------+
|ap_ready                                                                     |  out|    1|  ap_ctrl_hs|  dense_latency<ap_fixed<12, 6, 5, 3, 0>, ap_fixed<9, 5, 5, 3, 0>, config3_mult>|  return value|
|ap_return_0                                                                  |  out|    9|  ap_ctrl_hs|  dense_latency<ap_fixed<12, 6, 5, 3, 0>, ap_fixed<9, 5, 5, 3, 0>, config3_mult>|  return value|
|ap_return_1                                                                  |  out|    9|  ap_ctrl_hs|  dense_latency<ap_fixed<12, 6, 5, 3, 0>, ap_fixed<9, 5, 5, 3, 0>, config3_mult>|  return value|
|ap_return_2                                                                  |  out|    9|  ap_ctrl_hs|  dense_latency<ap_fixed<12, 6, 5, 3, 0>, ap_fixed<9, 5, 5, 3, 0>, config3_mult>|  return value|
|ap_return_3                                                                  |  out|    9|  ap_ctrl_hs|  dense_latency<ap_fixed<12, 6, 5, 3, 0>, ap_fixed<9, 5, 5, 3, 0>, config3_mult>|  return value|
|ap_return_4                                                                  |  out|    9|  ap_ctrl_hs|  dense_latency<ap_fixed<12, 6, 5, 3, 0>, ap_fixed<9, 5, 5, 3, 0>, config3_mult>|  return value|
|ap_return_5                                                                  |  out|    9|  ap_ctrl_hs|  dense_latency<ap_fixed<12, 6, 5, 3, 0>, ap_fixed<9, 5, 5, 3, 0>, config3_mult>|  return value|
|ap_return_6                                                                  |  out|    9|  ap_ctrl_hs|  dense_latency<ap_fixed<12, 6, 5, 3, 0>, ap_fixed<9, 5, 5, 3, 0>, config3_mult>|  return value|
|void_compute_output_buffer_2d_array_const_ap_shift_reg_n_chan_stream_weig_4  |   in|   12|     ap_none|     void_compute_output_buffer_2d_array_const_ap_shift_reg_n_chan_stream_weig_4|       pointer|
|void_compute_output_buffer_2d_array_const_ap_shift_reg_n_chan_stream_weig_3  |   in|   12|     ap_none|     void_compute_output_buffer_2d_array_const_ap_shift_reg_n_chan_stream_weig_3|       pointer|
|void_compute_output_buffer_2d_array_const_ap_shift_reg_n_chan_stream_weig_2  |   in|   12|     ap_none|     void_compute_output_buffer_2d_array_const_ap_shift_reg_n_chan_stream_weig_2|       pointer|
|void_compute_output_buffer_2d_array_const_ap_shift_reg_n_chan_stream_weig_1  |   in|   12|     ap_none|     void_compute_output_buffer_2d_array_const_ap_shift_reg_n_chan_stream_weig_1|       pointer|
|void_compute_output_buffer_2d_array_const_ap_shift_reg_n_chan_stream_weig    |   in|   12|     ap_none|       void_compute_output_buffer_2d_array_const_ap_shift_reg_n_chan_stream_weig|       pointer|
+-----------------------------------------------------------------------------+-----+-----+------------+--------------------------------------------------------------------------------+--------------+

