

================================================================
== Vitis HLS Report for 'dense_latency_ap_fixed_12_6_5_3_0_ap_fixed_17_9_5_3_0_config4_mult_s'
================================================================
* Date:           Mon Feb 23 21:25:16 2026

* Version:        2023.2 (Build 4023990 on Oct 11 2023)
* Project:        cnn_core_prj
* Solution:       solution1 (Vivado IP Flow Target)
* Product family: kintexuplus
* Target device:  xcku5p-ffvb676-2-e


================================================================
== Performance Estimates
================================================================
+ Timing: 
    * Summary: 
    +--------+---------+----------+------------+
    |  Clock |  Target | Estimated| Uncertainty|
    +--------+---------+----------+------------+
    |ap_clk  |  5.00 ns|  3.562 ns|     1.35 ns|
    +--------+---------+----------+------------+

+ Latency: 
    * Summary: 
    +---------+---------+----------+----------+-----+-----+---------+
    |  Latency (cycles) |  Latency (absolute) |  Interval | Pipeline|
    |   min   |   max   |    min   |    max   | min | max |   Type  |
    +---------+---------+----------+----------+-----+-----+---------+
    |        1|        1|  5.000 ns|  5.000 ns|    1|    1|      yes|
    +---------+---------+----------+----------+-----+-----+---------+

    + Detail: 
        * Instance: 
        N/A

        * Loop: 
        N/A



================================================================
== Utilization Estimates
================================================================
* Summary: 
+-----------------+---------+------+--------+--------+-----+
|       Name      | BRAM_18K|  DSP |   FF   |   LUT  | URAM|
+-----------------+---------+------+--------+--------+-----+
|DSP              |        -|     -|       -|       -|    -|
|Expression       |        -|     -|       0|     961|    -|
|FIFO             |        -|     -|       -|       -|    -|
|Instance         |        -|    23|       0|     115|    -|
|Memory           |        -|     -|       -|       -|    -|
|Multiplexer      |        -|     -|       -|      98|    -|
|Register         |        -|     -|     352|       -|    -|
+-----------------+---------+------+--------+--------+-----+
|Total            |        0|    23|     352|    1174|    0|
+-----------------+---------+------+--------+--------+-----+
|Available        |      960|  1824|  433920|  216960|   64|
+-----------------+---------+------+--------+--------+-----+
|Utilization (%)  |        0|     1|      ~0|      ~0|    0|
+-----------------+---------+------+--------+--------+-----+

+ Detail: 
    * Instance: 
    +--------------------------+--------------------+---------+----+---+----+-----+
    |         Instance         |       Module       | BRAM_18K| DSP| FF| LUT| URAM|
    +--------------------------+--------------------+---------+----+---+----+-----+
    |mul_12s_5ns_17_1_0_U2338  |mul_12s_5ns_17_1_0  |        0|   1|  0|   5|    0|
    |mul_12s_6s_18_1_0_U2326   |mul_12s_6s_18_1_0   |        0|   1|  0|   5|    0|
    |mul_12s_7ns_19_1_0_U2325  |mul_12s_7ns_19_1_0  |        0|   1|  0|   5|    0|
    |mul_12s_7ns_19_1_0_U2333  |mul_12s_7ns_19_1_0  |        0|   1|  0|   5|    0|
    |mul_12s_7s_19_1_0_U2330   |mul_12s_7s_19_1_0   |        0|   1|  0|   5|    0|
    |mul_12s_7s_19_1_0_U2331   |mul_12s_7s_19_1_0   |        0|   1|  0|   5|    0|
    |mul_12s_7s_19_1_0_U2334   |mul_12s_7s_19_1_0   |        0|   1|  0|   5|    0|
    |mul_12s_8ns_20_1_0_U2318  |mul_12s_8ns_20_1_0  |        0|   1|  0|   5|    0|
    |mul_12s_8ns_20_1_0_U2321  |mul_12s_8ns_20_1_0  |        0|   1|  0|   5|    0|
    |mul_12s_8ns_20_1_0_U2322  |mul_12s_8ns_20_1_0  |        0|   1|  0|   5|    0|
    |mul_12s_8ns_20_1_0_U2327  |mul_12s_8ns_20_1_0  |        0|   1|  0|   5|    0|
    |mul_12s_8s_20_1_0_U2316   |mul_12s_8s_20_1_0   |        0|   1|  0|   5|    0|
    |mul_12s_8s_20_1_0_U2319   |mul_12s_8s_20_1_0   |        0|   1|  0|   5|    0|
    |mul_12s_8s_20_1_0_U2320   |mul_12s_8s_20_1_0   |        0|   1|  0|   5|    0|
    |mul_12s_8s_20_1_0_U2335   |mul_12s_8s_20_1_0   |        0|   1|  0|   5|    0|
    |mul_12s_9ns_20_1_0_U2324  |mul_12s_9ns_20_1_0  |        0|   1|  0|   5|    0|
    |mul_12s_9ns_20_1_0_U2329  |mul_12s_9ns_20_1_0  |        0|   1|  0|   5|    0|
    |mul_12s_9s_20_1_0_U2317   |mul_12s_9s_20_1_0   |        0|   1|  0|   5|    0|
    |mul_12s_9s_20_1_0_U2323   |mul_12s_9s_20_1_0   |        0|   1|  0|   5|    0|
    |mul_12s_9s_20_1_0_U2328   |mul_12s_9s_20_1_0   |        0|   1|  0|   5|    0|
    |mul_12s_9s_20_1_0_U2332   |mul_12s_9s_20_1_0   |        0|   1|  0|   5|    0|
    |mul_12s_9s_20_1_0_U2336   |mul_12s_9s_20_1_0   |        0|   1|  0|   5|    0|
    |mul_12s_9s_20_1_0_U2337   |mul_12s_9s_20_1_0   |        0|   1|  0|   5|    0|
    +--------------------------+--------------------+---------+----+---+----+-----+
    |Total                     |                    |        0|  23|  0| 115|    0|
    +--------------------------+--------------------+---------+----+---+----+-----+

    * DSP: 
    N/A

    * Memory: 
    N/A

    * FIFO: 
    N/A

    * Expression: 
    +--------------------------+----------+----+---+----+------------+------------+
    |       Variable Name      | Operation| DSP| FF| LUT| Bitwidth P0| Bitwidth P1|
    +--------------------------+----------+----+---+----+------------+------------+
    |add_ln58_1154_fu_4000_p2  |         +|   0|  0|  16|          16|          16|
    |add_ln58_1155_fu_3462_p2  |         +|   0|  0|  16|          16|           7|
    |add_ln58_1156_fu_3468_p2  |         +|   0|  0|  16|          16|          16|
    |add_ln58_1158_fu_4011_p2  |         +|   0|  0|  23|          16|          16|
    |add_ln58_1159_fu_4016_p2  |         +|   0|  0|  16|          16|          16|
    |add_ln58_1160_fu_4021_p2  |         +|   0|  0|  20|          13|          11|
    |add_ln58_1161_fu_4031_p2  |         +|   0|  0|  21|          14|          14|
    |add_ln58_1163_fu_3474_p2  |         +|   0|  0|  23|          16|          16|
    |add_ln58_1164_fu_4047_p2  |         +|   0|  0|  16|          16|          16|
    |add_ln58_1165_fu_3480_p2  |         +|   0|  0|  21|          14|          11|
    |add_ln58_1166_fu_3490_p2  |         +|   0|  0|  22|          15|          15|
    |add_ln58_1168_fu_4061_p2  |         +|   0|  0|  23|          16|          16|
    |add_ln58_1169_fu_4067_p2  |         +|   0|  0|  16|          16|          16|
    |add_ln58_1170_fu_4073_p2  |         +|   0|  0|  18|          11|           9|
    |add_ln58_1171_fu_4083_p2  |         +|   0|  0|  22|          15|          15|
    |add_ln58_1173_fu_3496_p2  |         +|   0|  0|  23|          16|          16|
    |add_ln58_1174_fu_4099_p2  |         +|   0|  0|  16|          16|          16|
    |add_ln58_1175_fu_4104_p2  |         +|   0|  0|  17|          10|           9|
    |add_ln58_1176_fu_4114_p2  |         +|   0|  0|  21|          14|          14|
    |add_ln58_1178_fu_3502_p2  |         +|   0|  0|  23|          16|          16|
    |add_ln58_1179_fu_4130_p2  |         +|   0|  0|  16|          16|          16|
    |add_ln58_1180_fu_4134_p2  |         +|   0|  0|  16|          16|          12|
    |add_ln58_1181_fu_4140_p2  |         +|   0|  0|  16|          16|          16|
    |add_ln58_1183_fu_3508_p2  |         +|   0|  0|  23|          16|          16|
    |add_ln58_1184_fu_4152_p2  |         +|   0|  0|  16|          16|          16|
    |add_ln58_1185_fu_4157_p2  |         +|   0|  0|  20|          13|          12|
    |add_ln58_1186_fu_4167_p2  |         +|   0|  0|  21|          14|          14|
    |add_ln58_fu_3995_p2       |         +|   0|  0|  23|          16|          16|
    |add_ln73_59_fu_3712_p2    |         +|   0|  0|  25|          18|          18|
    |add_ln73_60_fu_3822_p2    |         +|   0|  0|  27|          20|          20|
    |add_ln73_fu_3569_p2       |         +|   0|  0|  23|          16|          16|
    |x_1_fu_4041_p2            |         +|   0|  0|  16|          16|          16|
    |x_2_fu_4055_p2            |         +|   0|  0|  16|          16|          16|
    |x_3_fu_4093_p2            |         +|   0|  0|  16|          16|          16|
    |x_4_fu_4124_p2            |         +|   0|  0|  16|          16|          16|
    |x_5_fu_4146_p2            |         +|   0|  0|  16|          16|          16|
    |x_6_fu_4177_p2            |         +|   0|  0|  16|          16|          16|
    |x_fu_4006_p2              |         +|   0|  0|  16|          16|          16|
    |sub_ln73_756_fu_3664_p2   |         -|   0|  0|  18|           1|          18|
    |sub_ln73_757_fu_3681_p2   |         -|   0|  0|  18|          18|          18|
    |sub_ln73_758_fu_3743_p2   |         -|   0|  0|  17|           1|          17|
    |sub_ln73_759_fu_3760_p2   |         -|   0|  0|  17|          17|          17|
    |sub_ln73_760_fu_3780_p2   |         -|   0|  0|  24|          17|          17|
    |sub_ln73_761_fu_3852_p2   |         -|   0|  0|  19|           1|          19|
    |sub_ln73_762_fu_3869_p2   |         -|   0|  0|  19|          19|          19|
    |sub_ln73_763_fu_3338_p2   |         -|   0|  0|  24|          17|          17|
    |sub_ln73_764_fu_3924_p2   |         -|   0|  0|  25|          18|          18|
    |sub_ln73_765_fu_3969_p2   |         -|   0|  0|  16|           1|          16|
    |sub_ln73_766_fu_3975_p2   |         -|   0|  0|  16|          16|          16|
    |sub_ln73_fu_3599_p2       |         -|   0|  0|  21|           1|          14|
    +--------------------------+----------+----+---+----+------------+------------+
    |Total                     |          |   0|  0| 961|         714|         771|
    +--------------------------+----------+----+---+----+------------+------------+

    * Multiplexer: 
    +-------------+----+-----------+-----+-----------+
    |     Name    | LUT| Input Size| Bits| Total Bits|
    +-------------+----+-----------+-----+-----------+
    |ap_return_0  |  14|          3|   17|         51|
    |ap_return_1  |  14|          3|   17|         51|
    |ap_return_2  |  14|          3|   17|         51|
    |ap_return_3  |  14|          3|   17|         51|
    |ap_return_4  |  14|          3|   17|         51|
    |ap_return_5  |  14|          3|   17|         51|
    |ap_return_6  |  14|          3|   17|         51|
    +-------------+----+-----------+-----+-----------+
    |Total        |  98|         21|  119|        357|
    +-------------+----+-----------+-----+-----------+

    * Register: 
    +------------------------+----+----+-----+-----------+
    |          Name          | FF | LUT| Bits| Const Bits|
    +------------------------+----+----+-----+-----------+
    |a_1_reg_4323            |  12|   0|   12|          0|
    |a_2_reg_4342            |  12|   0|   12|          0|
    |a_4_reg_4370            |  12|   0|   12|          0|
    |add_ln58_1156_reg_4384  |  16|   0|   16|          0|
    |add_ln58_1163_reg_4389  |  16|   0|   16|          0|
    |add_ln58_1166_reg_4394  |  15|   0|   15|          0|
    |add_ln58_1173_reg_4399  |  16|   0|   16|          0|
    |add_ln58_1178_reg_4404  |  16|   0|   16|          0|
    |add_ln58_1183_reg_4409  |  16|   0|   16|          0|
    |ap_ce_reg               |   1|   0|    1|          0|
    |ap_return_0_int_reg     |  17|   0|   17|          0|
    |ap_return_1_int_reg     |  17|   0|   17|          0|
    |ap_return_2_int_reg     |  17|   0|   17|          0|
    |ap_return_3_int_reg     |  17|   0|   17|          0|
    |ap_return_4_int_reg     |  17|   0|   17|          0|
    |ap_return_5_int_reg     |  17|   0|   17|          0|
    |ap_return_6_int_reg     |  17|   0|   17|          0|
    |trunc_ln42_11_reg_4337  |  16|   0|   16|          0|
    |trunc_ln42_14_reg_4350  |  13|   0|   13|          0|
    |trunc_ln42_17_reg_4355  |   9|   0|    9|          0|
    |trunc_ln42_21_reg_4360  |  16|   0|   16|          0|
    |trunc_ln42_23_reg_4365  |  15|   0|   15|          0|
    |trunc_ln42_28_reg_4379  |  16|   0|   16|          0|
    |trunc_ln42_7_reg_4332   |  16|   0|   16|          0|
    +------------------------+----+----+-----+-----------+
    |Total                   | 352|   0|  352|          0|
    +------------------------+----+----+-----+-----------+



================================================================
== Interface
================================================================
* Summary: 
+--------------------------------------------------------------------------------+-----+-----+------------+---------------------------------------------------------------------------------+--------------+
|                                    RTL Ports                                   | Dir | Bits|  Protocol  |                                  Source Object                                  |    C Type    |
+--------------------------------------------------------------------------------+-----+-----+------------+---------------------------------------------------------------------------------+--------------+
|ap_clk                                                                          |   in|    1|  ap_ctrl_hs|  dense_latency<ap_fixed<12, 6, 5, 3, 0>, ap_fixed<17, 9, 5, 3, 0>, config4_mult>|  return value|
|ap_rst                                                                          |   in|    1|  ap_ctrl_hs|  dense_latency<ap_fixed<12, 6, 5, 3, 0>, ap_fixed<17, 9, 5, 3, 0>, config4_mult>|  return value|
|ap_return_0                                                                     |  out|   17|  ap_ctrl_hs|  dense_latency<ap_fixed<12, 6, 5, 3, 0>, ap_fixed<17, 9, 5, 3, 0>, config4_mult>|  return value|
|ap_return_1                                                                     |  out|   17|  ap_ctrl_hs|  dense_latency<ap_fixed<12, 6, 5, 3, 0>, ap_fixed<17, 9, 5, 3, 0>, config4_mult>|  return value|
|ap_return_2                                                                     |  out|   17|  ap_ctrl_hs|  dense_latency<ap_fixed<12, 6, 5, 3, 0>, ap_fixed<17, 9, 5, 3, 0>, config4_mult>|  return value|
|ap_return_3                                                                     |  out|   17|  ap_ctrl_hs|  dense_latency<ap_fixed<12, 6, 5, 3, 0>, ap_fixed<17, 9, 5, 3, 0>, config4_mult>|  return value|
|ap_return_4                                                                     |  out|   17|  ap_ctrl_hs|  dense_latency<ap_fixed<12, 6, 5, 3, 0>, ap_fixed<17, 9, 5, 3, 0>, config4_mult>|  return value|
|ap_return_5                                                                     |  out|   17|  ap_ctrl_hs|  dense_latency<ap_fixed<12, 6, 5, 3, 0>, ap_fixed<17, 9, 5, 3, 0>, config4_mult>|  return value|
|ap_return_6                                                                     |  out|   17|  ap_ctrl_hs|  dense_latency<ap_fixed<12, 6, 5, 3, 0>, ap_fixed<17, 9, 5, 3, 0>, config4_mult>|  return value|
|ap_ce                                                                           |   in|    1|  ap_ctrl_hs|  dense_latency<ap_fixed<12, 6, 5, 3, 0>, ap_fixed<17, 9, 5, 3, 0>, config4_mult>|  return value|
|void_compute_output_buffer_1d_array_const_stream_weight_t_bias_t_kernel_data_4  |   in|   12|     ap_none|   void_compute_output_buffer_1d_array_const_stream_weight_t_bias_t_kernel_data_4|       pointer|
|void_compute_output_buffer_1d_array_const_stream_weight_t_bias_t_kernel_data_3  |   in|   12|     ap_none|   void_compute_output_buffer_1d_array_const_stream_weight_t_bias_t_kernel_data_3|       pointer|
|void_compute_output_buffer_1d_array_const_stream_weight_t_bias_t_kernel_data_2  |   in|   12|     ap_none|   void_compute_output_buffer_1d_array_const_stream_weight_t_bias_t_kernel_data_2|       pointer|
|void_compute_output_buffer_1d_array_const_stream_weight_t_bias_t_kernel_data_1  |   in|   12|     ap_none|   void_compute_output_buffer_1d_array_const_stream_weight_t_bias_t_kernel_data_1|       pointer|
|void_compute_output_buffer_1d_array_const_stream_weight_t_bias_t_kernel_data    |   in|   12|     ap_none|     void_compute_output_buffer_1d_array_const_stream_weight_t_bias_t_kernel_data|       pointer|
+--------------------------------------------------------------------------------+-----+-----+------------+---------------------------------------------------------------------------------+--------------+

