

================================================================
== Vitis HLS Report for 'repack_stream_array_ap_fixed_4u_array_ap_fixed_12_6_5_3_0_1u_1024_s'
================================================================
* Date:           Wed May 13 16:57:14 2026

* Version:        2023.2 (Build 4023990 on Oct 11 2023)
* Project:        cnn_core_prj
* Solution:       solution1 (Vivado IP Flow Target)
* Product family: kintexuplus
* Target device:  xcku5p-ffvb676-2-e


================================================================
== Performance Estimates
================================================================
+ Timing: 
    * Summary: 
    +--------+---------+----------+------------+
    |  Clock |  Target | Estimated| Uncertainty|
    +--------+---------+----------+------------+
    |ap_clk  |  5.00 ns|  2.427 ns|     1.35 ns|
    +--------+---------+----------+------------+

+ Latency: 
    * Summary: 
    +---------+---------+-----------+-----------+------+------+---------+
    |  Latency (cycles) |   Latency (absolute)  |   Interval  | Pipeline|
    |   min   |   max   |    min    |    max    |  min |  max |   Type  |
    +---------+---------+-----------+-----------+------+------+---------+
    |     3075|     3075|  15.375 us|  15.375 us|  3075|  3075|       no|
    +---------+---------+-----------+-----------+------+------+---------+

    + Detail: 
        * Instance: 
        N/A

        * Loop: 
        +-------------------------------------+---------+---------+----------+-----------+-----------+------+----------+
        |                                     |  Latency (cycles) | Iteration|  Initiation Interval  | Trip |          |
        |              Loop Name              |   min   |   max   |  Latency |  achieved |   target  | Count| Pipelined|
        +-------------------------------------+---------+---------+----------+-----------+-----------+------+----------+
        |- VITIS_LOOP_245_3_VITIS_LOOP_254_4  |     3073|     3073|         5|          3|          1|  1024|       yes|
        +-------------------------------------+---------+---------+----------+-----------+-----------+------+----------+



================================================================
== Utilization Estimates
================================================================
* Summary: 
+-----------------+---------+------+--------+--------+-----+
|       Name      | BRAM_18K|  DSP |   FF   |   LUT  | URAM|
+-----------------+---------+------+--------+--------+-----+
|DSP              |        -|     -|       -|       -|    -|
|Expression       |        -|     -|       0|      82|    -|
|FIFO             |        -|     -|       -|       -|    -|
|Instance         |        -|     -|       -|       -|    -|
|Memory           |        0|     -|      24|       1|    0|
|Multiplexer      |        -|     -|       -|     181|    -|
|Register         |        -|     -|      62|       -|    -|
+-----------------+---------+------+--------+--------+-----+
|Total            |        0|     0|      86|     264|    0|
+-----------------+---------+------+--------+--------+-----+
|Available        |      960|  1824|  433920|  216960|   64|
+-----------------+---------+------+--------+--------+-----+
|Utilization (%)  |        0|     0|      ~0|      ~0|    0|
+-----------------+---------+------+--------+--------+-----+

+ Detail: 
    * Instance: 
    N/A

    * DSP: 
    N/A

    * Memory: 
    +-----------+----------------------------------------------------------------------------------+---------+----+----+-----+------+-----+------+-------------+
    |   Memory  |                                      Module                                      | BRAM_18K| FF | LUT| URAM| Words| Bits| Banks| W*Bits*Banks|
    +-----------+----------------------------------------------------------------------------------+---------+----+----+-----+------+-----+------+-------------+
    |in_data_U  |repack_stream_array_ap_fixed_4u_array_ap_fixed_12_6_5_3_0_1u_1024_s_in_data_Rbkb  |        0|  24|   1|    0|     4|   12|     1|           48|
    +-----------+----------------------------------------------------------------------------------+---------+----+----+-----+------+-----+------+-------------+
    |Total      |                                                                                  |        0|  24|   1|    0|     4|   12|     1|           48|
    +-----------+----------------------------------------------------------------------------------+---------+----+----+-----+------+-----+------+-------------+

    * FIFO: 
    N/A

    * Expression: 
    +----------------------------------+----------+----+---+----+------------+------------+
    |           Variable Name          | Operation| DSP| FF| LUT| Bitwidth P0| Bitwidth P1|
    +----------------------------------+----------+----+---+----+------------+------------+
    |add_ln245_fu_177_p2               |         +|   0|  0|  18|          11|           1|
    |add_ln254_fu_242_p2               |         +|   0|  0|  10|           3|           1|
    |ap_block_pp0_stage0_11001         |       and|   0|  0|   2|           1|           1|
    |ap_block_state2_pp0_stage1_iter0  |       and|   0|  0|   2|           1|           1|
    |ap_block_state5_pp0_stage1_iter1  |       and|   0|  0|   2|           1|           1|
    |ap_condition_333                  |       and|   0|  0|   2|           1|           1|
    |ap_condition_339                  |       and|   0|  0|   2|           1|           1|
    |ap_condition_342                  |       and|   0|  0|   2|           1|           1|
    |ap_predicate_op32_read_state2     |       and|   0|  0|   2|           1|           1|
    |icmp_ln245_fu_171_p2              |      icmp|   0|  0|  19|          11|          12|
    |icmp_ln254_fu_186_p2              |      icmp|   0|  0|  12|           3|           4|
    |ap_block_pp0_stage1_01001         |        or|   0|  0|   2|           1|           1|
    |or_ln250_fu_192_p2                |        or|   0|  0|   2|           1|           1|
    |select_ln250_fu_198_p3            |    select|   0|  0|   3|           1|           1|
    |ap_enable_pp0                     |       xor|   0|  0|   2|           1|           2|
    +----------------------------------+----------+----+---+----+------------+------------+
    |Total                             |          |   0|  0|  82|          39|          30|
    +----------------------------------+----------+----+---+----+------------+------------+

    * Multiplexer: 
    +--------------------------------------+----+-----------+-----+-----------+
    |                 Name                 | LUT| Input Size| Bits| Total Bits|
    +--------------------------------------+----+-----------+-----+-----------+
    |ap_NS_fsm                             |  20|          4|    1|          4|
    |ap_done_int                           |   9|          2|    1|          2|
    |ap_enable_reg_pp0_iter0               |   9|          2|    1|          2|
    |ap_enable_reg_pp0_iter0_reg           |   9|          2|    1|          2|
    |ap_enable_reg_pp0_iter1               |   9|          2|    1|          2|
    |ap_sig_allocacmp_indvar_flatten_load  |   9|          2|   11|         22|
    |ap_sig_allocacmp_j_load               |   9|          2|    3|          6|
    |in_data_address0                      |  20|          4|    2|          8|
    |in_data_address1                      |  14|          3|    2|          6|
    |in_data_d0                            |  14|          3|   12|         36|
    |in_data_d1                            |  14|          3|   12|         36|
    |indvar_flatten_fu_76                  |   9|          2|   11|         22|
    |input_layer_TDATA_blk_n               |   9|          2|    1|          2|
    |j_fu_72                               |   9|          2|    3|          6|
    |layer8_out_blk_n                      |   9|          2|    1|          2|
    |real_start                            |   9|          2|    1|          2|
    +--------------------------------------+----+-----------+-----+-----------+
    |Total                                 | 181|         39|   64|        160|
    +--------------------------------------+----+-----------+-----+-----------+

    * Register: 
    +----------------------------------+----+----+-----+-----------+
    |               Name               | FF | LUT| Bits| Const Bits|
    +----------------------------------+----+----+-----+-----------+
    |add_ln245_reg_298                 |  11|   0|   11|          0|
    |ap_CS_fsm                         |   3|   0|    3|          0|
    |ap_done_reg                       |   1|   0|    1|          0|
    |ap_enable_reg_pp0_iter0_reg       |   1|   0|    1|          0|
    |ap_enable_reg_pp0_iter1           |   1|   0|    1|          0|
    |icmp_ln245_reg_294                |   1|   0|    1|          0|
    |icmp_ln245_reg_294_pp0_iter1_reg  |   1|   0|    1|          0|
    |indvar_flatten_fu_76              |  11|   0|   11|          0|
    |j_fu_72                           |   3|   0|    3|          0|
    |or_ln250_reg_303                  |   1|   0|    1|          0|
    |select_ln250_reg_307              |   3|   0|    3|          0|
    |start_once_reg                    |   1|   0|    1|          0|
    |tmp_1_reg_318                     |  12|   0|   12|          0|
    |tmp_s_reg_313                     |  12|   0|   12|          0|
    +----------------------------------+----+----+-----+-----------+
    |Total                             |  62|   0|   62|          0|
    +----------------------------------+----+----+-----+-----------+



================================================================
== Interface
================================================================
* Summary: 
+---------------------------+-----+-----+------------+-----------------------------------------------------------------------+--------------+
|         RTL Ports         | Dir | Bits|  Protocol  |                             Source Object                             |    C Type    |
+---------------------------+-----+-----+------------+-----------------------------------------------------------------------+--------------+
|ap_clk                     |   in|    1|  ap_ctrl_hs|  repack_stream<array<ap_fixed,4u>,array<ap_fixed<12,6,5,3,0>,1u>,1024>|  return value|
|ap_rst                     |   in|    1|  ap_ctrl_hs|  repack_stream<array<ap_fixed,4u>,array<ap_fixed<12,6,5,3,0>,1u>,1024>|  return value|
|ap_start                   |   in|    1|  ap_ctrl_hs|  repack_stream<array<ap_fixed,4u>,array<ap_fixed<12,6,5,3,0>,1u>,1024>|  return value|
|start_full_n               |   in|    1|  ap_ctrl_hs|  repack_stream<array<ap_fixed,4u>,array<ap_fixed<12,6,5,3,0>,1u>,1024>|  return value|
|ap_done                    |  out|    1|  ap_ctrl_hs|  repack_stream<array<ap_fixed,4u>,array<ap_fixed<12,6,5,3,0>,1u>,1024>|  return value|
|ap_continue                |   in|    1|  ap_ctrl_hs|  repack_stream<array<ap_fixed,4u>,array<ap_fixed<12,6,5,3,0>,1u>,1024>|  return value|
|ap_idle                    |  out|    1|  ap_ctrl_hs|  repack_stream<array<ap_fixed,4u>,array<ap_fixed<12,6,5,3,0>,1u>,1024>|  return value|
|ap_ready                   |  out|    1|  ap_ctrl_hs|  repack_stream<array<ap_fixed,4u>,array<ap_fixed<12,6,5,3,0>,1u>,1024>|  return value|
|start_out                  |  out|    1|  ap_ctrl_hs|  repack_stream<array<ap_fixed,4u>,array<ap_fixed<12,6,5,3,0>,1u>,1024>|  return value|
|start_write                |  out|    1|  ap_ctrl_hs|  repack_stream<array<ap_fixed,4u>,array<ap_fixed<12,6,5,3,0>,1u>,1024>|  return value|
|input_layer_TVALID         |   in|    1|        axis|                                                            input_layer|       pointer|
|input_layer_TDATA          |   in|   64|        axis|                                                            input_layer|       pointer|
|input_layer_TREADY         |  out|    1|        axis|                                                            input_layer|       pointer|
|layer8_out_din             |  out|   12|     ap_fifo|                                                             layer8_out|       pointer|
|layer8_out_num_data_valid  |   in|   11|     ap_fifo|                                                             layer8_out|       pointer|
|layer8_out_fifo_cap        |   in|   11|     ap_fifo|                                                             layer8_out|       pointer|
|layer8_out_full_n          |   in|    1|     ap_fifo|                                                             layer8_out|       pointer|
|layer8_out_write           |  out|    1|     ap_fifo|                                                             layer8_out|       pointer|
+---------------------------+-----+-----+------------+-----------------------------------------------------------------------+--------------+

