

================================================================
== Vitis HLS Report for 'shift_line_buffer_array_ap_fixed_12_6_5_3_0_1u_config3_s'
================================================================
* Date:           Wed May 13 16:57:14 2026

* Version:        2023.2 (Build 4023990 on Oct 11 2023)
* Project:        cnn_core_prj
* Solution:       solution1 (Vivado IP Flow Target)
* Product family: kintexuplus
* Target device:  xcku5p-ffvb676-2-e


================================================================
== Performance Estimates
================================================================
+ Timing: 
    * Summary: 
    +--------+---------+----------+------------+
    |  Clock |  Target | Estimated| Uncertainty|
    +--------+---------+----------+------------+
    |ap_clk  |  5.00 ns|  2.868 ns|     1.35 ns|
    +--------+---------+----------+------------+

+ Latency: 
    * Summary: 
    +---------+---------+----------+----------+-----+-----+---------+
    |  Latency (cycles) |  Latency (absolute) |  Interval | Pipeline|
    |   min   |   max   |    min   |    max   | min | max |   Type  |
    +---------+---------+----------+----------+-----+-----+---------+
    |        0|        0|      0 ns|      0 ns|    1|    1|      yes|
    +---------+---------+----------+----------+-----+-----+---------+

    + Detail: 
        * Instance: 
        N/A

        * Loop: 
        N/A



================================================================
== Utilization Estimates
================================================================
* Summary: 
+-----------------+---------+------+--------+--------+-----+
|       Name      | BRAM_18K|  DSP |   FF   |   LUT  | URAM|
+-----------------+---------+------+--------+--------+-----+
|DSP              |        -|     -|       -|       -|    -|
|Expression       |        -|     -|       -|       -|    -|
|FIFO             |        -|     -|       -|       -|    -|
|Instance         |        -|     -|       -|       -|    -|
|Memory           |        -|     -|     256|     128|    -|
|Multiplexer      |        -|     -|       -|       -|    -|
|Register         |        -|     -|       1|       -|    -|
+-----------------+---------+------+--------+--------+-----+
|Total            |        0|     0|     257|     128|    0|
+-----------------+---------+------+--------+--------+-----+
|Available        |      960|  1824|  433920|  216960|   64|
+-----------------+---------+------+--------+--------+-----+
|Utilization (%)  |        0|     0|      ~0|      ~0|    0|
+-----------------+---------+------+--------+--------+-----+

+ Detail: 
    * Instance: 
    N/A

    * DSP: 
    N/A

    * Memory: 
    +------------------------------------------------------------------------------+----------------------------------------------------------------------------------+---------+----+----+-----+------+-----+------+-------------+
    |                                    Memory                                    |                                      Module                                      | BRAM_18K| FF | LUT| URAM| Words| Bits| Banks| W*Bits*Banks|
    +------------------------------------------------------------------------------+----------------------------------------------------------------------------------+---------+----+----+-----+------+-----+------+-------------+
    |void_conv_2d_buffer_latency_cl_stream_stream_weight_t_bias_t_line_buffer_3_U  |shift_line_buffer_array_ap_fixed_12_6_5_3_0_1u_config3_s_void_conv_2d_buffer_cud  |        0|  64|  32|    0|     4|   12|     1|           48|
    |void_conv_2d_buffer_latency_cl_stream_stream_weight_t_bias_t_line_buffer_2_U  |shift_line_buffer_array_ap_fixed_12_6_5_3_0_1u_config3_s_void_conv_2d_buffer_cud  |        0|  64|  32|    0|     4|   12|     1|           48|
    |void_conv_2d_buffer_latency_cl_stream_stream_weight_t_bias_t_line_buffer_1_U  |shift_line_buffer_array_ap_fixed_12_6_5_3_0_1u_config3_s_void_conv_2d_buffer_cud  |        0|  64|  32|    0|     4|   12|     1|           48|
    |void_conv_2d_buffer_latency_cl_stream_stream_weight_t_bias_t_line_buffer_U    |shift_line_buffer_array_ap_fixed_12_6_5_3_0_1u_config3_s_void_conv_2d_buffer_cud  |        0|  64|  32|    0|     4|   12|     1|           48|
    +------------------------------------------------------------------------------+----------------------------------------------------------------------------------+---------+----+----+-----+------+-----+------+-------------+
    |Total                                                                         |                                                                                  |        0| 256| 128|    0|    16|   48|     4|          192|
    +------------------------------------------------------------------------------+----------------------------------------------------------------------------------+---------+----+----+-----+------+-----+------+-------------+

    * FIFO: 
    N/A

    * Expression: 
    N/A

    * Multiplexer: 
    N/A

    * Register: 
    +-----------+---+----+-----+-----------+
    |    Name   | FF| LUT| Bits| Const Bits|
    +-----------+---+----+-----+-----------+
    |ap_CS_fsm  |  1|   0|    1|          0|
    +-----------+---+----+-----+-----------+
    |Total      |  1|   0|    1|          0|
    +-----------+---+----+-----+-----------+



================================================================
== Interface
================================================================
* Summary: 
+------------------------------------------------------------------------------------+-----+-----+------------+-----------------------------------------------------------------------------+--------------+
|                                      RTL Ports                                     | Dir | Bits|  Protocol  |                                Source Object                                |    C Type    |
+------------------------------------------------------------------------------------+-----+-----+------------+-----------------------------------------------------------------------------+--------------+
|ap_clk                                                                              |   in|    1|  ap_ctrl_hs|              shift_line_buffer<array<ap_fixed<12, 6, 5, 3, 0>, 1u>, config3>|  return value|
|ap_rst                                                                              |   in|    1|  ap_ctrl_hs|              shift_line_buffer<array<ap_fixed<12, 6, 5, 3, 0>, 1u>, config3>|  return value|
|ap_start                                                                            |   in|    1|  ap_ctrl_hs|              shift_line_buffer<array<ap_fixed<12, 6, 5, 3, 0>, 1u>, config3>|  return value|
|ap_done                                                                             |  out|    1|  ap_ctrl_hs|              shift_line_buffer<array<ap_fixed<12, 6, 5, 3, 0>, 1u>, config3>|  return value|
|ap_idle                                                                             |  out|    1|  ap_ctrl_hs|              shift_line_buffer<array<ap_fixed<12, 6, 5, 3, 0>, 1u>, config3>|  return value|
|ap_ready                                                                            |  out|    1|  ap_ctrl_hs|              shift_line_buffer<array<ap_fixed<12, 6, 5, 3, 0>, 1u>, config3>|  return value|
|ap_ce                                                                               |   in|    1|  ap_ctrl_hs|              shift_line_buffer<array<ap_fixed<12, 6, 5, 3, 0>, 1u>, config3>|  return value|
|in_elem_0_0_0_0_0_val                                                               |   in|   12|     ap_none|                                                        in_elem_0_0_0_0_0_val|        scalar|
|void_compute_output_buffer_2d_array_const_ap_shift_reg_n_chan_stream_weig_4         |  out|   12|      ap_vld|  void_compute_output_buffer_2d_array_const_ap_shift_reg_n_chan_stream_weig_4|       pointer|
|void_compute_output_buffer_2d_array_const_ap_shift_reg_n_chan_stream_weig_4_ap_vld  |  out|    1|      ap_vld|  void_compute_output_buffer_2d_array_const_ap_shift_reg_n_chan_stream_weig_4|       pointer|
|void_compute_output_buffer_2d_array_const_ap_shift_reg_n_chan_stream_weig_3         |  out|   12|      ap_vld|  void_compute_output_buffer_2d_array_const_ap_shift_reg_n_chan_stream_weig_3|       pointer|
|void_compute_output_buffer_2d_array_const_ap_shift_reg_n_chan_stream_weig_3_ap_vld  |  out|    1|      ap_vld|  void_compute_output_buffer_2d_array_const_ap_shift_reg_n_chan_stream_weig_3|       pointer|
|void_compute_output_buffer_2d_array_const_ap_shift_reg_n_chan_stream_weig_2         |  out|   12|      ap_vld|  void_compute_output_buffer_2d_array_const_ap_shift_reg_n_chan_stream_weig_2|       pointer|
|void_compute_output_buffer_2d_array_const_ap_shift_reg_n_chan_stream_weig_2_ap_vld  |  out|    1|      ap_vld|  void_compute_output_buffer_2d_array_const_ap_shift_reg_n_chan_stream_weig_2|       pointer|
|void_compute_output_buffer_2d_array_const_ap_shift_reg_n_chan_stream_weig_1         |  out|   12|      ap_vld|  void_compute_output_buffer_2d_array_const_ap_shift_reg_n_chan_stream_weig_1|       pointer|
|void_compute_output_buffer_2d_array_const_ap_shift_reg_n_chan_stream_weig_1_ap_vld  |  out|    1|      ap_vld|  void_compute_output_buffer_2d_array_const_ap_shift_reg_n_chan_stream_weig_1|       pointer|
|void_compute_output_buffer_2d_array_const_ap_shift_reg_n_chan_stream_weig           |  out|   12|      ap_vld|    void_compute_output_buffer_2d_array_const_ap_shift_reg_n_chan_stream_weig|       pointer|
|void_compute_output_buffer_2d_array_const_ap_shift_reg_n_chan_stream_weig_ap_vld    |  out|    1|      ap_vld|    void_compute_output_buffer_2d_array_const_ap_shift_reg_n_chan_stream_weig|       pointer|
+------------------------------------------------------------------------------------+-----+-----+------------+-----------------------------------------------------------------------------+--------------+

