

================================================================
== Vitis HLS Report for 'cnn_core'
================================================================
* Date:           Fri May 22 21:27:44 2026

* Version:        2023.2 (Build 4023990 on Oct 11 2023)
* Project:        cnn_core_streaming_prj
* Solution:       solution1 (Vivado IP Flow Target)
* Product family: kintexuplus
* Target device:  xcku5p-ffvb676-2-e


================================================================
== Performance Estimates
================================================================
+ Timing: 
    * Summary: 
    +--------+---------+----------+------------+
    |  Clock |  Target | Estimated| Uncertainty|
    +--------+---------+----------+------------+
    |ap_clk  |  5.00 ns|  3.886 ns|     1.35 ns|
    +--------+---------+----------+------------+

+ Latency: 
    * Summary: 
    +---------+---------+----------+----------+-----+-----+----------+
    |  Latency (cycles) |  Latency (absolute) |  Interval | Pipeline |
    |   min   |   max   |    min   |    max   | min | max |   Type   |
    +---------+---------+----------+----------+-----+-----+----------+
    |      265|      265|  1.325 us|  1.325 us|  262|  262|  dataflow|
    +---------+---------+----------+----------+-----+-----+----------+

    + Detail: 
        * Instance: 
        +------------------------------------------------------------------------+-----------------------------------------------------------------------+---------+---------+----------+----------+-----+-----+---------+
        |                                                                        |                                                                       |  Latency (cycles) |  Latency (absolute) |  Interval | Pipeline|
        |                                Instance                                |                                 Module                                |   min   |   max   |    min   |    max   | min | max |   Type  |
        +------------------------------------------------------------------------+-----------------------------------------------------------------------+---------+---------+----------+----------+-----+-----+---------+
        |first_conv_4lane_temporal_wide_cl_array_array_ap_fixed_28u_config3_U0   |first_conv_4lane_temporal_wide_cl_array_array_ap_fixed_28u_config3_s   |      261|      261|  1.305 us|  1.305 us|  261|  261|       no|
        |relu_array_ap_fixed_28u_array_ap_ufixed_14_5_5_3_0_28u_relu_config4_U0  |relu_array_ap_fixed_28u_array_ap_ufixed_14_5_5_3_0_28u_relu_config4_s  |       87|       87|  0.435 us|  0.435 us|   87|   87|       no|
        |maxpool2d_wide_nonoverlap_cl_array_array_ap_ufixed_28u_config5_U0       |maxpool2d_wide_nonoverlap_cl_array_array_ap_ufixed_28u_config5_s       |       87|       87|  0.435 us|  0.435 us|   87|   87|       no|
        |dense_wide_stream_array_array_ap_fixed_17_9_5_3_0_1u_config7_U0         |dense_wide_stream_array_array_ap_fixed_17_9_5_3_0_1u_config7_s         |      211|      211|  1.055 us|  1.055 us|  211|  211|       no|
        +------------------------------------------------------------------------+-----------------------------------------------------------------------+---------+---------+----------+----------+-----+-----+---------+

        * Loop: 
        N/A



================================================================
== Utilization Estimates
================================================================
* Summary: 
+-----------------+---------+------+--------+--------+-----+
|       Name      | BRAM_18K|  DSP |   FF   |   LUT  | URAM|
+-----------------+---------+------+--------+--------+-----+
|DSP              |        -|     -|       -|       -|    -|
|Expression       |        -|     -|       0|       2|    -|
|FIFO             |       24|     -|     345|     175|    -|
|Instance         |        4|    28|   12919|   38879|    -|
|Memory           |        -|     -|       -|       -|    -|
|Multiplexer      |        -|     -|       -|       -|    -|
|Register         |        -|     -|       -|       -|    -|
+-----------------+---------+------+--------+--------+-----+
|Total            |       28|    28|   13264|   39056|    0|
+-----------------+---------+------+--------+--------+-----+
|Available        |      960|  1824|  433920|  216960|   64|
+-----------------+---------+------+--------+--------+-----+
|Utilization (%)  |        2|     1|       3|      18|    0|
+-----------------+---------+------+--------+--------+-----+

+ Detail: 
    * Instance: 
    +------------------------------------------------------------------------+-----------------------------------------------------------------------+---------+----+-------+-------+-----+
    |                                Instance                                |                                 Module                                | BRAM_18K| DSP|   FF  |  LUT  | URAM|
    +------------------------------------------------------------------------+-----------------------------------------------------------------------+---------+----+-------+-------+-----+
    |dense_wide_stream_array_array_ap_fixed_17_9_5_3_0_1u_config7_U0         |dense_wide_stream_array_array_ap_fixed_17_9_5_3_0_1u_config7_s         |        0|  28|  10088|  27826|    0|
    |first_conv_4lane_temporal_wide_cl_array_array_ap_fixed_28u_config3_U0   |first_conv_4lane_temporal_wide_cl_array_array_ap_fixed_28u_config3_s   |        4|   0|   1345|   8957|    0|
    |maxpool2d_wide_nonoverlap_cl_array_array_ap_ufixed_28u_config5_U0       |maxpool2d_wide_nonoverlap_cl_array_array_ap_ufixed_28u_config5_s       |        0|   0|   1081|    991|    0|
    |relu_array_ap_fixed_28u_array_ap_ufixed_14_5_5_3_0_28u_relu_config4_U0  |relu_array_ap_fixed_28u_array_ap_ufixed_14_5_5_3_0_28u_relu_config4_s  |        0|   0|    405|   1105|    0|
    +------------------------------------------------------------------------+-----------------------------------------------------------------------+---------+----+-------+-------+-----+
    |Total                                                                   |                                                                       |        4|  28|  12919|  38879|    0|
    +------------------------------------------------------------------------+-----------------------------------------------------------------------+---------+----+-------+-------+-----+

    * DSP: 
    N/A

    * Memory: 
    N/A

    * FIFO: 
    +----------------+---------+-----+----+-----+------+-----+---------+
    |      Name      | BRAM_18K|  FF | LUT| URAM| Depth| Bits| Size:D*B|
    +----------------+---------+-----+----+-----+------+-----+---------+
    |layer3x4_out_U  |       24|  147|   0|    -|     4|  420|     1680|
    |layer4x4_out_U  |        0|   99|   0|    -|     4|  392|     1568|
    |layer5x4_out_U  |        0|   99|   0|    -|     4|  280|     1120|
    +----------------+---------+-----+----+-----+------+-----+---------+
    |Total           |       24|  345|   0|    0|    12| 1092|     4368|
    +----------------+---------+-----+----+-----+------+-----+---------+

    * Expression: 
    +--------------+----------+----+---+----+------------+------------+
    | Variable Name| Operation| DSP| FF| LUT| Bitwidth P0| Bitwidth P1|
    +--------------+----------+----+---+----+------------+------------+
    |ap_idle       |       and|   0|  0|   2|           1|           1|
    +--------------+----------+----+---+----+------------+------------+
    |Total         |          |   0|  0|   2|           1|           1|
    +--------------+----------+----+---+----+------------+------------+

    * Multiplexer: 
    N/A

    * Register: 
    N/A



================================================================
== Interface
================================================================
* Summary: 
+--------------------+-----+-----+------------+--------------+--------------+
|      RTL Ports     | Dir | Bits|  Protocol  | Source Object|    C Type    |
+--------------------+-----+-----+------------+--------------+--------------+
|input_layer_TDATA   |   in|   64|        axis|   input_layer|       pointer|
|input_layer_TVALID  |   in|    1|        axis|   input_layer|       pointer|
|input_layer_TREADY  |  out|    1|        axis|   input_layer|       pointer|
|layer7_out_TDATA    |  out|   32|        axis|    layer7_out|       pointer|
|layer7_out_TVALID   |  out|    1|        axis|    layer7_out|       pointer|
|layer7_out_TREADY   |   in|    1|        axis|    layer7_out|       pointer|
|ap_clk              |   in|    1|  ap_ctrl_hs|      cnn_core|  return value|
|ap_rst_n            |   in|    1|  ap_ctrl_hs|      cnn_core|  return value|
|ap_start            |   in|    1|  ap_ctrl_hs|      cnn_core|  return value|
|ap_done             |  out|    1|  ap_ctrl_hs|      cnn_core|  return value|
|ap_ready            |  out|    1|  ap_ctrl_hs|      cnn_core|  return value|
|ap_idle             |  out|    1|  ap_ctrl_hs|      cnn_core|  return value|
+--------------------+-----+-----+------------+--------------+--------------+

