================================================================
== Design Size Report
================================================================

* Total Instructions per Compilation Phase
+---------------+-----------------------------+--------------+----------------------------------------------------------------------------------------+
| Phase         | Step                        | Instructions | Description                                                                            |
+---------------+-----------------------------+--------------+----------------------------------------------------------------------------------------+
| Compile/Link  |                             |  1,841       | After all functions are compiled and linked into a single design                       |
|               |                             |              |                                                                                        |
| Unroll/Inline |                             |              | After user unroll and inline pragmas are applied                                       |
|               | (1) unroll                  | 13,521       | user unroll pragmas are applied                                                        |
|               | (2) simplification          |  5,027       | simplification of applied user unroll pragmas                                          |
|               | (3) inline                  |  4,727       | user inline pragmas are applied                                                        |
|               | (4) simplification          |  3,887       | simplification of applied user inline pragmas                                          |
|               |                             |              |                                                                                        |
| Array/Struct  |                             |              | After user array partition and struct aggregate/disaggregate pragmas are applied       |
|               | (1) array partition         | 11,507       | user array partition pragmas are applied                                               |
|               | (2) simplification          |  2,360       | simplification of applied user array partition & struct aggregate/disaggregate pragmas |
|               | (3) aggregate/disaggregate  |  2,366       | user struct aggregate/disaggregate pragmas are applied                                 |
|               | (4) array reshape           |  3,455       | apply array reshape pragmas                                                            |
|               | (5) access patterns         |  3,427       | array access pattern optmizations                                                      |
|               |                             |              |                                                                                        |
| Performance   |                             |              | After transformations are applied to meet performance pragma targets                   |
|               | (1) loop simplification     |  3,305       | loop and instruction simplification                                                    |
|               | (2) parallelization         |  3,171       | loops are unrolled or pipelined to meet performance targets                            |
|               | (3) array partition         |  3,204       | arrays are partitioned to meet performance targets                                     |
|               | (4) simplification          |  3,151       | simplification of design after performance transformations                             |
|               |                             |              |                                                                                        |
| HW Transforms |                             |              | After hardware transfomations                                                          |
|               | (1) lowering                |  2,934       | initial conversion to HW specific instructions                                         |
|               | (2) optimizations           |  3,071       | high level synthesis optimizations                                                     |
+---------------+-----------------------------+--------------+----------------------------------------------------------------------------------------+

* Instructions per Function for each Compilation Phase
+---------------------------------------+-----------------------------+----------------+-----------------+-----------------+-------------+---------------+
| Function                              | Location                    | Compile/Link   | Unroll/Inline   | Array/Struct    | Performance | HW Transforms |
+---------------------------------------+-----------------------------+----------------+-----------------+-----------------+-------------+---------------+
| + cnn_core                            | cnn_core.cpp:7              | 1,841          | 3,887           | 3,427           | 3,151       | 3,071         |
|  + first_conv_4lane_temporal_wi...    | nnet_first_conv_stream.h:99 |  797           | 2,576           | 1,815           | 1,591       | 1,619         |
|     operator[]                        | nnet_types.h:17             |    6 (2 calls) |                 |                 |             |               |
|   + dense                             | nnet_dense.h:50             |  644           |                 |                 |             |               |
|    + dense_latency<ap_fixed<12, 6...  | nnet_dense_latency.h:13     |  642           |                 |                 |             |               |
|       product                         | nnet_mult.h:70              |  141           |                 |                 |             |               |
|       cast<ap_fixed<12, 6, AP_TRN,... | nnet_mult.h:110             |   59           |                 |                 |             |               |
|     dense_latency<ap_fixed<12, 6...   | nnet_dense_latency.h:13     |                | 2,328 (4 calls) | 1,256 (4 calls) |             |               |
|  + relu<nnet::array<ap_fixed<9,...    | nnet_activation_stream.h:39 |  280           |  514            |  598            |  598        |  567          |
|     operator[]                        | nnet_types.h:17             |   12 (4 calls) |                 |                 |             |               |
|  + maxpool2d_wide_nonoverlap_cl...    | nnet_pooling_stream.h:405   |  108           |  493            |  575            |  546        |  487          |
|     operator[]                        | nnet_types.h:17             |   12 (4 calls) |                 |                 |             |               |
|  + dense_wide_stream<nnet::arra...    | nnet_dense_stream.h:83      |  607           |  269            |  421            |  398        |  372          |
|   + operator=                         | nnet_types.h:21             |   28           |                 |                 |             |               |
|      operator[]                       | nnet_types.h:19             |    3           |                 |                 |             |               |
|     operator[]                        | nnet_types.h:17             |    6 (2 calls) |                 |                 |             |               |
|     product                           | nnet_mult.h:70              |  141           |                 |                 |             |               |
|     cast<ap_fixed<16, 6, AP_TRN,...   | nnet_mult.h:110             |    3           |                 |                 |             |               |
+---------------------------------------+-----------------------------+----------------+-----------------+-----------------+-------------+---------------+

* Design Size Message Settings
+---------------------------------------------+--------+------------------------------------------------------------------+
| Message Setting                             | Value  | Description                                                      |
+---------------------------------------------+--------+------------------------------------------------------------------+
| config_compile -design_size_maximum_warning | 100000 | Show a warning when total design instructions exceeds this value |
+---------------------------------------------+--------+------------------------------------------------------------------+


