================================================================
== Design Size Report
================================================================

* Total Instructions per Compilation Phase
+---------------+-----------------------------+--------------+----------------------------------------------------------------------------------------+
| Phase         | Step                        | Instructions | Description                                                                            |
+---------------+-----------------------------+--------------+----------------------------------------------------------------------------------------+
| Compile/Link  |                             |  2,683       | After all functions are compiled and linked into a single design                       |
|               |                             |              |                                                                                        |
| Unroll/Inline |                             |              | After user unroll and inline pragmas are applied                                       |
|               | (1) unroll                  | 24,600       | user unroll pragmas are applied                                                        |
|               | (2) simplification          |  9,115       | simplification of applied user unroll pragmas                                          |
|               | (3) inline                  |  8,877       | user inline pragmas are applied                                                        |
|               | (4) simplification          |  7,620       | simplification of applied user inline pragmas                                          |
|               |                             |              |                                                                                        |
| Array/Struct  |                             |              | After user array partition and struct aggregate/disaggregate pragmas are applied       |
|               | (1) array partition         | 13,969       | user array partition pragmas are applied                                               |
|               | (2) simplification          |  4,950       | simplification of applied user array partition & struct aggregate/disaggregate pragmas |
|               | (3) aggregate/disaggregate  |  4,957       | user struct aggregate/disaggregate pragmas are applied                                 |
|               | (4) array reshape           |  6,242       | apply array reshape pragmas                                                            |
|               | (5) access patterns         |  6,438       | array access pattern optmizations                                                      |
|               |                             |              |                                                                                        |
| Performance   |                             |              | After transformations are applied to meet performance pragma targets                   |
|               | (1) loop simplification     |  6,030       | loop and instruction simplification                                                    |
|               | (2) parallelization         |  5,790       | loops are unrolled or pipelined to meet performance targets                            |
|               | (3) array partition         |  5,739       | arrays are partitioned to meet performance targets                                     |
|               | (4) simplification          |  5,434       | simplification of design after performance transformations                             |
|               |                             |              |                                                                                        |
| HW Transforms |                             |              | After hardware transfomations                                                          |
|               | (1) lowering                |  5,161       | initial conversion to HW specific instructions                                         |
|               | (2) optimizations           |  5,406       | high level synthesis optimizations                                                     |
+---------------+-----------------------------+--------------+----------------------------------------------------------------------------------------+

* Instructions per Function for each Compilation Phase
+---------------------------------------+------------------------------+-----------------+-----------------+-----------------+-------------+---------------+
| Function                              | Location                     | Compile/Link    | Unroll/Inline   | Array/Struct    | Performance | HW Transforms |
+---------------------------------------+------------------------------+-----------------+-----------------+-----------------+-------------+---------------+
| + cnn_core                            | cnn_core.cpp:7               | 2,683           | 7,620           | 6,438           | 5,434       | 5,406         |
|  + first_conv_2row_4lane_tempor...    | nnet_first_conv_stream.h:181 | 1,460           | 5,348           | 3,663           | 3,215       | 3,154         |
|     operator[]                        | nnet_types.h:17              |   12 (4 calls)  |                 |                 |             |               |
|   + dense                             | nnet_dense.h:50              | 1,176 (2 calls) |                 |                 |             |               |
|    + dense_latency<ap_fixed<9, 4,...  | nnet_dense_latency.h:13      | 1,172 (2 calls) |                 |                 |             |               |
|       product                         | nnet_mult.h:70               |  282 (2 calls)  |                 |                 |             |               |
|       cast<ap_fixed<9, 4, AP_RND, ... | nnet_mult.h:110              |    6 (2 calls)  |                 |                 |             |               |
|     dense_latency<ap_fixed<9, 4,...   | nnet_dense_latency.h:13      |                 | 5,000 (8 calls) | 2,824 (8 calls) |             |               |
|  + relu<nnet::array<ap_fixed<16...    | nnet_activation_stream.h:39  |  266            |  514            |  878            |  514        |  511          |
|     operator[]                        | nnet_types.h:17              |   12 (4 calls)  |                 |                 |             |               |
|  + maxpool2d_wide_nonoverlap_cl...    | nnet_pooling_stream.h:405    |  312            | 1,466           | 1,471           | 1,302       | 1,327         |
|     operator[]                        | nnet_types.h:17              |   12 (4 calls)  |                 |                 |             |               |
|  + dense_wide_stream<nnet::arra...    | nnet_dense_stream.h:83       |  595            |  255            |  407            |  384        |  387          |
|   + operator=                         | nnet_types.h:21              |   28            |                 |                 |             |               |
|      operator[]                       | nnet_types.h:19              |    3            |                 |                 |             |               |
|     operator[]                        | nnet_types.h:17              |    6 (2 calls)  |                 |                 |             |               |
|     product                           | nnet_mult.h:70               |  141            |                 |                 |             |               |
|     cast<ap_fixed<9, 4, AP_RND, ...   | nnet_mult.h:110              |    3            |                 |                 |             |               |
+---------------------------------------+------------------------------+-----------------+-----------------+-----------------+-------------+---------------+

* Design Size Message Settings
+---------------------------------------------+--------+------------------------------------------------------------------+
| Message Setting                             | Value  | Description                                                      |
+---------------------------------------------+--------+------------------------------------------------------------------+
| config_compile -design_size_maximum_warning | 100000 | Show a warning when total design instructions exceeds this value |
+---------------------------------------------+--------+------------------------------------------------------------------+


