

================================================================
== Vitis HLS Report for 'dense_wide_stream_array_array_ap_fixed_1u_config7_Pipeline_DenseWideMain'
================================================================
* Date:           Sun May 17 19:12:34 2026

* Version:        2023.2 (Build 4023990 on Oct 11 2023)
* Project:        cnn_core_streaming_prj
* Solution:       solution1 (Vivado IP Flow Target)
* Product family: kintexuplus
* Target device:  xcku5p-ffvb676-2-e


================================================================
== Performance Estimates
================================================================
+ Timing: 
    * Summary: 
    +--------+---------+----------+------------+
    |  Clock |  Target | Estimated| Uncertainty|
    +--------+---------+----------+------------+
    |ap_clk  |  5.00 ns|  3.592 ns|     1.35 ns|
    +--------+---------+----------+------------+

+ Latency: 
    * Summary: 
    +---------+---------+----------+----------+-----+-----+---------+
    |  Latency (cycles) |  Latency (absolute) |  Interval | Pipeline|
    |   min   |   max   |    min   |    max   | min | max |   Type  |
    +---------+---------+----------+----------+-----+-----+---------+
    |      172|      172|  0.860 us|  0.860 us|  172|  172|       no|
    +---------+---------+----------+----------+-----+-----+---------+

    + Detail: 
        * Instance: 
        N/A

        * Loop: 
        +-----------------+---------+---------+----------+-----------+-----------+------+----------+
        |                 |  Latency (cycles) | Iteration|  Initiation Interval  | Trip |          |
        |    Loop Name    |   min   |   max   |  Latency |  achieved |   target  | Count| Pipelined|
        +-----------------+---------+---------+----------+-----------+-----------+------+----------+
        |- DenseWideMain  |      170|      170|         4|          1|          1|   168|       yes|
        +-----------------+---------+---------+----------+-----------+-----------+------+----------+



================================================================
== Utilization Estimates
================================================================
* Summary: 
+-----------------+---------+------+--------+--------+-----+
|       Name      | BRAM_18K|  DSP |   FF   |   LUT  | URAM|
+-----------------+---------+------+--------+--------+-----+
|DSP              |        -|     -|       -|       -|    -|
|Expression       |        -|     -|       0|     427|    -|
|FIFO             |        -|     -|       -|       -|    -|
|Instance         |        -|     7|       0|   19026|    -|
|Memory           |        -|     -|       -|       -|    -|
|Multiplexer      |        -|     -|       -|      72|    -|
|Register         |        -|     -|     684|       -|    -|
+-----------------+---------+------+--------+--------+-----+
|Total            |        0|     7|     684|   19525|    0|
+-----------------+---------+------+--------+--------+-----+
|Available        |      960|  1824|  433920|  216960|   64|
+-----------------+---------+------+--------+--------+-----+
|Utilization (%)  |        0|    ~0|      ~0|       8|    0|
+-----------------+---------+------+--------+--------+-----+

+ Detail: 
    * Instance: 
    +-----------------------------+-------------------------+---------+----+---+------+-----+
    |           Instance          |          Module         | BRAM_18K| DSP| FF|  LUT | URAM|
    +-----------------------------+-------------------------+---------+----+---+------+-----+
    |mul_16s_6s_20_1_1_U42        |mul_16s_6s_20_1_1        |        0|   1|  0|     5|    0|
    |mul_16s_6s_20_1_1_U44        |mul_16s_6s_20_1_1        |        0|   1|  0|     5|    0|
    |mul_16s_6s_20_1_1_U46        |mul_16s_6s_20_1_1        |        0|   1|  0|     5|    0|
    |mul_16s_6s_20_1_1_U48        |mul_16s_6s_20_1_1        |        0|   1|  0|     5|    0|
    |mul_16s_6s_20_1_1_U50        |mul_16s_6s_20_1_1        |        0|   1|  0|     5|    0|
    |mul_16s_6s_20_1_1_U52        |mul_16s_6s_20_1_1        |        0|   1|  0|     5|    0|
    |mul_16s_6s_20_1_1_U54        |mul_16s_6s_20_1_1        |        0|   1|  0|     5|    0|
    |sparsemux_2353_11_6_1_1_U34  |sparsemux_2353_11_6_1_1  |        0|   0|  0|  2693|    0|
    |sparsemux_2353_11_6_1_1_U35  |sparsemux_2353_11_6_1_1  |        0|   0|  0|  2693|    0|
    |sparsemux_2353_11_6_1_1_U36  |sparsemux_2353_11_6_1_1  |        0|   0|  0|  2693|    0|
    |sparsemux_2353_11_6_1_1_U37  |sparsemux_2353_11_6_1_1  |        0|   0|  0|  2693|    0|
    |sparsemux_2353_11_6_1_1_U38  |sparsemux_2353_11_6_1_1  |        0|   0|  0|  2693|    0|
    |sparsemux_2353_11_6_1_1_U39  |sparsemux_2353_11_6_1_1  |        0|   0|  0|  2693|    0|
    |sparsemux_2353_11_6_1_1_U40  |sparsemux_2353_11_6_1_1  |        0|   0|  0|  2693|    0|
    |sparsemux_9_2_16_1_1_U41     |sparsemux_9_2_16_1_1     |        0|   0|  0|    20|    0|
    |sparsemux_9_2_16_1_1_U43     |sparsemux_9_2_16_1_1     |        0|   0|  0|    20|    0|
    |sparsemux_9_2_16_1_1_U45     |sparsemux_9_2_16_1_1     |        0|   0|  0|    20|    0|
    |sparsemux_9_2_16_1_1_U47     |sparsemux_9_2_16_1_1     |        0|   0|  0|    20|    0|
    |sparsemux_9_2_16_1_1_U49     |sparsemux_9_2_16_1_1     |        0|   0|  0|    20|    0|
    |sparsemux_9_2_16_1_1_U51     |sparsemux_9_2_16_1_1     |        0|   0|  0|    20|    0|
    |sparsemux_9_2_16_1_1_U53     |sparsemux_9_2_16_1_1     |        0|   0|  0|    20|    0|
    +-----------------------------+-------------------------+---------+----+---+------+-----+
    |Total                        |                         |        0|   7|  0| 19026|    0|
    +-----------------------------+-------------------------+---------+----+---+------+-----+

    * DSP: 
    N/A

    * Memory: 
    N/A

    * FIFO: 
    N/A

    * Expression: 
    +----------------------------------+----------+----+---+----+------------+------------+
    |           Variable Name          | Operation| DSP| FF| LUT| Bitwidth P0| Bitwidth P1|
    +----------------------------------+----------+----+---+----+------------+------------+
    |acc_1_fu_36724_p2                 |         +|   0|  0|  16|          16|          16|
    |add_ln118_fu_2838_p2              |         +|   0|  0|  17|          11|          11|
    |add_ln119_1_fu_36696_p2           |         +|   0|  0|  16|          16|          16|
    |add_ln119_2_fu_36709_p2           |         +|   0|  0|  23|          16|          16|
    |add_ln119_3_fu_36705_p2           |         +|   0|  0|  16|          16|          16|
    |add_ln119_4_fu_36713_p2           |         +|   0|  0|  16|          16|          16|
    |add_ln119_5_fu_36719_p2           |         +|   0|  0|  16|          16|          16|
    |add_ln119_fu_36690_p2             |         +|   0|  0|  16|          16|          16|
    |i_4_fu_2767_p2                    |         +|   0|  0|  15|           8|           1|
    |i_width_4_fu_2856_p2              |         +|   0|  0|  39|          32|           1|
    |i_word_1_fu_2850_p2               |         +|   0|  0|  39|          32|           1|
    |sub_ln118_1_fu_2832_p2            |         -|   0|  0|  18|          11|          11|
    |sub_ln118_fu_2802_p2              |         -|   0|  0|  17|          11|          11|
    |ap_block_pp0_stage0_01001         |       and|   0|  0|   2|           1|           1|
    |ap_block_state3_pp0_stage0_iter2  |       and|   0|  0|   2|           1|           1|
    |icmp_ln107_fu_2761_p2             |      icmp|   0|  0|  15|           8|           8|
    |icmp_ln110_fu_2781_p2             |      icmp|   0|  0|  39|          32|           1|
    |icmp_ln124_fu_2844_p2             |      icmp|   0|  0|  39|          32|           2|
    |i_width_5_fu_2870_p3              |    select|   0|  0|  32|           1|           1|
    |i_word_2_fu_2862_p3               |    select|   0|  0|  32|           1|          32|
    |ap_enable_pp0                     |       xor|   0|  0|   2|           1|           2|
    +----------------------------------+----------+----+---+----+------------+------------+
    |Total                             |          |   0|  0| 427|         294|         196|
    +----------------------------------+----------+----+---+----+------------+------------+

    * Multiplexer: 
    +-------------------------+----+-----------+-----+-----------+
    |           Name          | LUT| Input Size| Bits| Total Bits|
    +-------------------------+----+-----------+-----+-----------+
    |acc_fu_2594              |   9|          2|   16|         32|
    |ap_done_int              |   9|          2|    1|          2|
    |ap_enable_reg_pp0_iter1  |   9|          2|    1|          2|
    |ap_enable_reg_pp0_iter2  |   9|          2|    1|          2|
    |i_fu_2606                |   9|          2|    8|         16|
    |i_width_fu_2602          |   9|          2|   32|         64|
    |i_word_fu_2598           |   9|          2|   32|         64|
    |layer5x4_out_blk_n       |   9|          2|    1|          2|
    +-------------------------+----+-----------+-----+-----------+
    |Total                    |  72|         16|   92|        184|
    +-------------------------+----+-----------+-----+-----------+

    * Register: 
    +------------------------------------+----+----+-----+-----------+
    |                Name                | FF | LUT| Bits| Const Bits|
    +------------------------------------+----+----+-----+-----------+
    |acc_fu_2594                         |  16|   0|   16|          0|
    |add_ln118_reg_36955                 |  11|   0|   11|          0|
    |add_ln119_1_reg_37021               |  16|   0|   16|          0|
    |ap_CS_fsm                           |   1|   0|    1|          0|
    |ap_done_reg                         |   1|   0|    1|          0|
    |ap_enable_reg_pp0_iter1             |   1|   0|    1|          0|
    |ap_enable_reg_pp0_iter2             |   1|   0|    1|          0|
    |ap_enable_reg_pp0_iter3             |   1|   0|    1|          0|
    |ap_enable_reg_pp0_iter4             |   1|   0|    1|          0|
    |ap_loop_exit_ready_pp0_iter2_reg    |   1|   0|    1|          0|
    |ap_loop_exit_ready_pp0_iter3_reg    |   1|   0|    1|          0|
    |i_fu_2606                           |   8|   0|    8|          0|
    |i_width_fu_2602                     |  32|   0|   32|          0|
    |i_word_fu_2598                      |  32|   0|   32|          0|
    |icmp_ln107_reg_36936                |   1|   0|    1|          0|
    |icmp_ln107_reg_36936_pp0_iter2_reg  |   1|   0|    1|          0|
    |icmp_ln110_reg_36951                |   1|   0|    1|          0|
    |in_pack_10_fu_2650                  |  16|   0|   16|          0|
    |in_pack_11_fu_2654                  |  16|   0|   16|          0|
    |in_pack_12_fu_2658                  |  16|   0|   16|          0|
    |in_pack_13_fu_2662                  |  16|   0|   16|          0|
    |in_pack_14_fu_2666                  |  16|   0|   16|          0|
    |in_pack_15_fu_2670                  |  16|   0|   16|          0|
    |in_pack_16_fu_2674                  |  16|   0|   16|          0|
    |in_pack_17_fu_2678                  |  16|   0|   16|          0|
    |in_pack_18_fu_2682                  |  16|   0|   16|          0|
    |in_pack_19_fu_2686                  |  16|   0|   16|          0|
    |in_pack_1_fu_2614                   |  16|   0|   16|          0|
    |in_pack_20_fu_2690                  |  16|   0|   16|          0|
    |in_pack_21_fu_2694                  |  16|   0|   16|          0|
    |in_pack_22_fu_2698                  |  16|   0|   16|          0|
    |in_pack_23_fu_2702                  |  16|   0|   16|          0|
    |in_pack_24_fu_2706                  |  16|   0|   16|          0|
    |in_pack_25_fu_2710                  |  16|   0|   16|          0|
    |in_pack_26_fu_2714                  |  16|   0|   16|          0|
    |in_pack_27_fu_2718                  |  16|   0|   16|          0|
    |in_pack_2_fu_2618                   |  16|   0|   16|          0|
    |in_pack_3_fu_2622                   |  16|   0|   16|          0|
    |in_pack_4_fu_2626                   |  16|   0|   16|          0|
    |in_pack_5_fu_2630                   |  16|   0|   16|          0|
    |in_pack_6_fu_2634                   |  16|   0|   16|          0|
    |in_pack_7_fu_2638                   |  16|   0|   16|          0|
    |in_pack_8_fu_2642                   |  16|   0|   16|          0|
    |in_pack_9_fu_2646                   |  16|   0|   16|          0|
    |in_pack_fu_2610                     |  16|   0|   16|          0|
    |trunc_ln119_3_reg_37001             |  16|   0|   16|          0|
    |trunc_ln119_4_reg_37006             |  16|   0|   16|          0|
    |trunc_ln119_5_reg_37011             |  16|   0|   16|          0|
    |trunc_ln119_6_reg_37016             |  16|   0|   16|          0|
    |trunc_ln99_reg_36940                |   2|   0|    2|          0|
    |trunc_ln99_reg_36940_pp0_iter2_reg  |   2|   0|    2|          0|
    |w_1_reg_36971                       |   6|   0|    6|          0|
    |w_2_reg_36976                       |   6|   0|    6|          0|
    |w_3_reg_36981                       |   6|   0|    6|          0|
    |w_4_reg_36986                       |   6|   0|    6|          0|
    |w_5_reg_36991                       |   6|   0|    6|          0|
    |w_6_reg_36996                       |   6|   0|    6|          0|
    |w_reg_36966                         |   6|   0|    6|          0|
    +------------------------------------+----+----+-----+-----------+
    |Total                               | 684|   0|  684|          0|
    +------------------------------------+----+----+-----+-----------+



================================================================
== Interface
================================================================
* Summary: 
+-----------------------------+-----+-----+------------+----------------------------------------------------------------------------+--------------+
|          RTL Ports          | Dir | Bits|  Protocol  |                                Source Object                               |    C Type    |
+-----------------------------+-----+-----+------------+----------------------------------------------------------------------------+--------------+
|ap_clk                       |   in|    1|  ap_ctrl_hs|  dense_wide_stream<array,array<ap_fixed,1u>,config7>_Pipeline_DenseWideMain|  return value|
|ap_rst                       |   in|    1|  ap_ctrl_hs|  dense_wide_stream<array,array<ap_fixed,1u>,config7>_Pipeline_DenseWideMain|  return value|
|ap_start                     |   in|    1|  ap_ctrl_hs|  dense_wide_stream<array,array<ap_fixed,1u>,config7>_Pipeline_DenseWideMain|  return value|
|ap_done                      |  out|    1|  ap_ctrl_hs|  dense_wide_stream<array,array<ap_fixed,1u>,config7>_Pipeline_DenseWideMain|  return value|
|ap_idle                      |  out|    1|  ap_ctrl_hs|  dense_wide_stream<array,array<ap_fixed,1u>,config7>_Pipeline_DenseWideMain|  return value|
|ap_ready                     |  out|    1|  ap_ctrl_hs|  dense_wide_stream<array,array<ap_fixed,1u>,config7>_Pipeline_DenseWideMain|  return value|
|layer5x4_out_dout            |   in|  448|     ap_fifo|                                                                layer5x4_out|       pointer|
|layer5x4_out_num_data_valid  |   in|    3|     ap_fifo|                                                                layer5x4_out|       pointer|
|layer5x4_out_fifo_cap        |   in|    3|     ap_fifo|                                                                layer5x4_out|       pointer|
|layer5x4_out_empty_n         |   in|    1|     ap_fifo|                                                                layer5x4_out|       pointer|
|layer5x4_out_read            |  out|    1|     ap_fifo|                                                                layer5x4_out|       pointer|
|acc_out                      |  out|   16|      ap_vld|                                                                     acc_out|       pointer|
|acc_out_ap_vld               |  out|    1|      ap_vld|                                                                     acc_out|       pointer|
+-----------------------------+-----+-----+------------+----------------------------------------------------------------------------+--------------+

