

================================================================
== Vitis HLS Report for 'dense_array_ap_fixed_7u_array_ap_fixed_9_5_5_3_0_1u_config7_s'
================================================================
* Date:           Sun May 17 03:12:07 2026

* Version:        2023.2 (Build 4023990 on Oct 11 2023)
* Project:        cnn_core_streaming_prj
* Solution:       solution1 (Vivado IP Flow Target)
* Product family: kintexuplus
* Target device:  xcku5p-ffvb676-2-e


================================================================
== Performance Estimates
================================================================
+ Timing: 
    * Summary: 
    +--------+---------+----------+------------+
    |  Clock |  Target | Estimated| Uncertainty|
    +--------+---------+----------+------------+
    |ap_clk  |  5.00 ns|  3.236 ns|     1.35 ns|
    +--------+---------+----------+------------+

+ Latency: 
    * Summary: 
    +---------+---------+----------+----------+-----+-----+---------+
    |  Latency (cycles) |  Latency (absolute) |  Interval | Pipeline|
    |   min   |   max   |    min   |    max   | min | max |   Type  |
    +---------+---------+----------+----------+-----+-----+---------+
    |      176|      176|  0.880 us|  0.880 us|  176|  176|       no|
    +---------+---------+----------+----------+-----+-----+---------+

    + Detail: 
        * Instance: 
        +----------------------------------------------------------------------------------+----------------------------------------------------------------------+---------+---------+-----------+-----------+-----+-----+---------+
        |                                                                                  |                                                                      |  Latency (cycles) |   Latency (absolute)  |  Interval | Pipeline|
        |                                     Instance                                     |                                Module                                |   min   |   max   |    min    |    max    | min | max |   Type  |
        +----------------------------------------------------------------------------------+----------------------------------------------------------------------+---------+---------+-----------+-----------+-----+-----+---------+
        |grp_dense_array_array_ap_fixed_9_5_5_3_0_1u_config7_Pipeline_DataPrepare_fu_3197  |dense_array_array_ap_fixed_9_5_5_3_0_1u_config7_Pipeline_DataPrepare  |      170|      170|   0.850 us|   0.850 us|  170|  170|       no|
        |grp_dense_latency_wrapper_ap_fixed_ap_fixed_9_5_5_3_0_config7_s_fu_3993           |dense_latency_wrapper_ap_fixed_ap_fixed_9_5_5_3_0_config7_s           |        2|        2|  10.000 ns|  10.000 ns|    1|    1|      yes|
        +----------------------------------------------------------------------------------+----------------------------------------------------------------------+---------+---------+-----------+-----------+-----+-----+---------+

        * Loop: 
        N/A



================================================================
== Utilization Estimates
================================================================
* Summary: 
+-----------------+---------+------+--------+--------+-----+
|       Name      | BRAM_18K|  DSP |   FF   |   LUT  | URAM|
+-----------------+---------+------+--------+--------+-----+
|DSP              |        -|     -|       -|       -|    -|
|Expression       |        -|     -|       0|       4|    -|
|FIFO             |        -|     -|       -|       -|    -|
|Instance         |        -|    13|   27879|   31693|    -|
|Memory           |        -|     -|       -|       -|    -|
|Multiplexer      |        -|     -|       -|      70|    -|
|Register         |        -|     -|       9|       -|    -|
+-----------------+---------+------+--------+--------+-----+
|Total            |        0|    13|   27888|   31767|    0|
+-----------------+---------+------+--------+--------+-----+
|Available        |      960|  1824|  433920|  216960|   64|
+-----------------+---------+------+--------+--------+-----+
|Utilization (%)  |        0|    ~0|       6|      14|    0|
+-----------------+---------+------+--------+--------+-----+

+ Detail: 
    * Instance: 
    +----------------------------------------------------------------------------------+----------------------------------------------------------------------+---------+----+-------+-------+-----+
    |                                     Instance                                     |                                Module                                | BRAM_18K| DSP|   FF  |  LUT  | URAM|
    +----------------------------------------------------------------------------------+----------------------------------------------------------------------+---------+----+-------+-------+-----+
    |grp_dense_array_array_ap_fixed_9_5_5_3_0_1u_config7_Pipeline_DataPrepare_fu_3197  |dense_array_array_ap_fixed_9_5_5_3_0_1u_config7_Pipeline_DataPrepare  |        0|   0|  12659|     79|    0|
    |grp_dense_latency_wrapper_ap_fixed_ap_fixed_9_5_5_3_0_config7_s_fu_3993           |dense_latency_wrapper_ap_fixed_ap_fixed_9_5_5_3_0_config7_s           |        0|  13|  15220|  31614|    0|
    +----------------------------------------------------------------------------------+----------------------------------------------------------------------+---------+----+-------+-------+-----+
    |Total                                                                             |                                                                      |        0|  13|  27879|  31693|    0|
    +----------------------------------------------------------------------------------+----------------------------------------------------------------------+---------+----+-------+-------+-----+

    * DSP: 
    N/A

    * Memory: 
    N/A

    * FIFO: 
    N/A

    * Expression: 
    +-----------------+----------+----+---+----+------------+------------+
    |  Variable Name  | Operation| DSP| FF| LUT| Bitwidth P0| Bitwidth P1|
    +-----------------+----------+----+---+----+------------+------------+
    |ap_block_state1  |        or|   0|  0|   2|           1|           1|
    |ap_block_state7  |        or|   0|  0|   2|           1|           1|
    +-----------------+----------+----+---+----+------------+------------+
    |Total            |          |   0|  0|   4|           2|           2|
    +-----------------+----------+----+---+----+------------+------------+

    * Multiplexer: 
    +------------------------+----+-----------+-----+-----------+
    |          Name          | LUT| Input Size| Bits| Total Bits|
    +------------------------+----+-----------+-----+-----------+
    |ap_NS_fsm               |  43|          8|    1|          8|
    |ap_done                 |   9|          2|    1|          2|
    |layer5_out_read         |   9|          2|    1|          2|
    |layer7_out_TDATA_blk_n  |   9|          2|    1|          2|
    +------------------------+----+-----------+-----+-----------+
    |Total                   |  70|         14|    4|         14|
    +------------------------+----+-----------+-----+-----------+

    * Register: 
    +-----------------------------------------------------------------------------------------------+---+----+-----+-----------+
    |                                              Name                                             | FF| LUT| Bits| Const Bits|
    +-----------------------------------------------------------------------------------------------+---+----+-----+-----------+
    |ap_CS_fsm                                                                                      |  7|   0|    7|          0|
    |ap_done_reg                                                                                    |  1|   0|    1|          0|
    |grp_dense_array_array_ap_fixed_9_5_5_3_0_1u_config7_Pipeline_DataPrepare_fu_3197_ap_start_reg  |  1|   0|    1|          0|
    +-----------------------------------------------------------------------------------------------+---+----+-----+-----------+
    |Total                                                                                          |  9|   0|    9|          0|
    +-----------------------------------------------------------------------------------------------+---+----+-----+-----------+



================================================================
== Interface
================================================================
* Summary: 
+---------------------------+-----+-----+------------+-----------------------------------------------------------------+--------------+
|         RTL Ports         | Dir | Bits|  Protocol  |                          Source Object                          |    C Type    |
+---------------------------+-----+-----+------------+-----------------------------------------------------------------+--------------+
|ap_clk                     |   in|    1|  ap_ctrl_hs|  dense<array<ap_fixed,7u>,array<ap_fixed<9,5,5,3,0>,1u>,config7>|  return value|
|ap_rst                     |   in|    1|  ap_ctrl_hs|  dense<array<ap_fixed,7u>,array<ap_fixed<9,5,5,3,0>,1u>,config7>|  return value|
|ap_start                   |   in|    1|  ap_ctrl_hs|  dense<array<ap_fixed,7u>,array<ap_fixed<9,5,5,3,0>,1u>,config7>|  return value|
|ap_done                    |  out|    1|  ap_ctrl_hs|  dense<array<ap_fixed,7u>,array<ap_fixed<9,5,5,3,0>,1u>,config7>|  return value|
|ap_continue                |   in|    1|  ap_ctrl_hs|  dense<array<ap_fixed,7u>,array<ap_fixed<9,5,5,3,0>,1u>,config7>|  return value|
|ap_idle                    |  out|    1|  ap_ctrl_hs|  dense<array<ap_fixed,7u>,array<ap_fixed<9,5,5,3,0>,1u>,config7>|  return value|
|ap_ready                   |  out|    1|  ap_ctrl_hs|  dense<array<ap_fixed,7u>,array<ap_fixed<9,5,5,3,0>,1u>,config7>|  return value|
|layer5_out_dout            |   in|  112|     ap_fifo|                                                       layer5_out|       pointer|
|layer5_out_num_data_valid  |   in|    9|     ap_fifo|                                                       layer5_out|       pointer|
|layer5_out_fifo_cap        |   in|    9|     ap_fifo|                                                       layer5_out|       pointer|
|layer5_out_empty_n         |   in|    1|     ap_fifo|                                                       layer5_out|       pointer|
|layer5_out_read            |  out|    1|     ap_fifo|                                                       layer5_out|       pointer|
|layer7_out_TDATA           |  out|   16|        axis|                                                       layer7_out|       pointer|
|layer7_out_TVALID          |  out|    1|        axis|                                                       layer7_out|       pointer|
|layer7_out_TREADY          |   in|    1|        axis|                                                       layer7_out|       pointer|
+---------------------------+-----+-----+------------+-----------------------------------------------------------------+--------------+

