

================================================================
== Vitis HLS Report for 'dense_wide_stream_array_array_ap_fixed_1u_config9_Pipeline_DenseWideMain'
================================================================
* Date:           Wed Jun  3 16:48:11 2026

* Version:        2023.2 (Build 4023990 on Oct 11 2023)
* Project:        cnn_core_streaming_prj
* Solution:       solution1 (Vivado IP Flow Target)
* Product family: kintexuplus
* Target device:  xcku5p-ffvb676-2-e


================================================================
== Performance Estimates
================================================================
+ Timing: 
    * Summary: 
    +--------+---------+----------+------------+
    |  Clock |  Target | Estimated| Uncertainty|
    +--------+---------+----------+------------+
    |ap_clk  |  5.00 ns|  3.502 ns|     1.35 ns|
    +--------+---------+----------+------------+

+ Latency: 
    * Summary: 
    +---------+---------+----------+----------+-----+-----+---------+
    |  Latency (cycles) |  Latency (absolute) |  Interval | Pipeline|
    |   min   |   max   |    min   |    max   | min | max |   Type  |
    +---------+---------+----------+----------+-----+-----+---------+
    |      174|      174|  0.870 us|  0.870 us|  174|  174|       no|
    +---------+---------+----------+----------+-----+-----+---------+

    + Detail: 
        * Instance: 
        N/A

        * Loop: 
        +-----------------+---------+---------+----------+-----------+-----------+------+----------+
        |                 |  Latency (cycles) | Iteration|  Initiation Interval  | Trip |          |
        |    Loop Name    |   min   |   max   |  Latency |  achieved |   target  | Count| Pipelined|
        +-----------------+---------+---------+----------+-----------+-----------+------+----------+
        |- DenseWideMain  |      172|      172|         6|          1|          1|   168|       yes|
        +-----------------+---------+---------+----------+-----------+-----------+------+----------+



================================================================
== Utilization Estimates
================================================================
* Summary: 
+-----------------+---------+------+--------+--------+-----+
|       Name      | BRAM_18K|  DSP |   FF   |   LUT  | URAM|
+-----------------+---------+------+--------+--------+-----+
|DSP              |        -|     4|       -|       -|    -|
|Expression       |        -|     -|       0|     386|    -|
|FIFO             |        -|     -|       -|       -|    -|
|Instance         |        -|     0|       0|   19141|    -|
|Memory           |        -|     -|       -|       -|    -|
|Multiplexer      |        -|     -|       -|      72|    -|
|Register         |        -|     -|     629|      32|    -|
+-----------------+---------+------+--------+--------+-----+
|Total            |        0|     4|     629|   19631|    0|
+-----------------+---------+------+--------+--------+-----+
|Available        |      960|  1824|  433920|  216960|   64|
+-----------------+---------+------+--------+--------+-----+
|Utilization (%)  |        0|    ~0|      ~0|       9|    0|
+-----------------+---------+------+--------+--------+-----+

+ Detail: 
    * Instance: 
    +-----------------------------+-------------------------+---------+----+---+------+-----+
    |           Instance          |          Module         | BRAM_18K| DSP| FF|  LUT | URAM|
    +-----------------------------+-------------------------+---------+----+---+------+-----+
    |mul_9s_7s_16_1_1_U45         |mul_9s_7s_16_1_1         |        0|   0|  0|    50|    0|
    |mul_9s_7s_16_1_1_U50         |mul_9s_7s_16_1_1         |        0|   0|  0|    50|    0|
    |mul_9s_7s_16_1_1_U55         |mul_9s_7s_16_1_1         |        0|   0|  0|    50|    0|
    |sparsemux_2353_11_7_1_1_U42  |sparsemux_2353_11_7_1_1  |        0|   0|  0|  2693|    0|
    |sparsemux_2353_11_7_1_1_U44  |sparsemux_2353_11_7_1_1  |        0|   0|  0|  2693|    0|
    |sparsemux_2353_11_7_1_1_U47  |sparsemux_2353_11_7_1_1  |        0|   0|  0|  2693|    0|
    |sparsemux_2353_11_7_1_1_U49  |sparsemux_2353_11_7_1_1  |        0|   0|  0|  2693|    0|
    |sparsemux_2353_11_7_1_1_U52  |sparsemux_2353_11_7_1_1  |        0|   0|  0|  2693|    0|
    |sparsemux_2353_11_7_1_1_U54  |sparsemux_2353_11_7_1_1  |        0|   0|  0|  2693|    0|
    |sparsemux_2353_11_7_1_1_U57  |sparsemux_2353_11_7_1_1  |        0|   0|  0|  2693|    0|
    |sparsemux_9_2_9_1_1_U41      |sparsemux_9_2_9_1_1      |        0|   0|  0|    20|    0|
    |sparsemux_9_2_9_1_1_U43      |sparsemux_9_2_9_1_1      |        0|   0|  0|    20|    0|
    |sparsemux_9_2_9_1_1_U46      |sparsemux_9_2_9_1_1      |        0|   0|  0|    20|    0|
    |sparsemux_9_2_9_1_1_U48      |sparsemux_9_2_9_1_1      |        0|   0|  0|    20|    0|
    |sparsemux_9_2_9_1_1_U51      |sparsemux_9_2_9_1_1      |        0|   0|  0|    20|    0|
    |sparsemux_9_2_9_1_1_U53      |sparsemux_9_2_9_1_1      |        0|   0|  0|    20|    0|
    |sparsemux_9_2_9_1_1_U56      |sparsemux_9_2_9_1_1      |        0|   0|  0|    20|    0|
    +-----------------------------+-------------------------+---------+----+---+------+-----+
    |Total                        |                         |        0|   0|  0| 19141|    0|
    +-----------------------------+-------------------------+---------+----+---+------+-----+

    * DSP: 
    +---------------------------------+-----------------------------+--------------+
    |             Instance            |            Module           |  Expression  |
    +---------------------------------+-----------------------------+--------------+
    |mac_muladd_9s_7s_16s_16_1_1_U58  |mac_muladd_9s_7s_16s_16_1_1  |  i0 + i1 * i2|
    |mac_muladd_9s_7s_16s_16_1_1_U59  |mac_muladd_9s_7s_16s_16_1_1  |  i0 + i1 * i2|
    |mac_muladd_9s_7s_16s_16_1_1_U60  |mac_muladd_9s_7s_16s_16_1_1  |  i0 + i1 * i2|
    |mac_muladd_9s_7s_16s_17_1_1_U61  |mac_muladd_9s_7s_16s_17_1_1  |  i0 + i1 * i2|
    +---------------------------------+-----------------------------+--------------+

    * Memory: 
    N/A

    * FIFO: 
    N/A

    * Expression: 
    +----------------------------------+----------+----+---+----+------------+------------+
    |           Variable Name          | Operation| DSP| FF| LUT| Bitwidth P0| Bitwidth P1|
    +----------------------------------+----------+----+---+----+------------+------------+
    |acc_1_fu_36680_p2                 |         +|   0|  0|  29|          22|          22|
    |add_ln118_fu_2890_p2              |         +|   0|  0|  17|          11|          11|
    |add_ln119_4_fu_36647_p2           |         +|   0|  0|  24|          17|          17|
    |add_ln119_5_fu_36668_p2           |         +|   0|  0|  25|          18|          18|
    |i_4_fu_2819_p2                    |         +|   0|  0|  15|           8|           1|
    |i_width_4_fu_2908_p2              |         +|   0|  0|  39|          32|           1|
    |i_word_1_fu_2902_p2               |         +|   0|  0|  39|          32|           1|
    |sub_ln118_1_fu_2884_p2            |         -|   0|  0|  18|          11|          11|
    |sub_ln118_fu_2854_p2              |         -|   0|  0|  17|          11|          11|
    |ap_block_pp0_stage0_01001         |       and|   0|  0|   2|           1|           1|
    |ap_block_state3_pp0_stage0_iter2  |       and|   0|  0|   2|           1|           1|
    |icmp_ln107_fu_2813_p2             |      icmp|   0|  0|  15|           8|           8|
    |icmp_ln110_fu_2833_p2             |      icmp|   0|  0|  39|          32|           1|
    |icmp_ln124_fu_2896_p2             |      icmp|   0|  0|  39|          32|           2|
    |i_width_5_fu_2922_p3              |    select|   0|  0|  32|           1|           1|
    |i_word_2_fu_2914_p3               |    select|   0|  0|  32|           1|          32|
    |ap_enable_pp0                     |       xor|   0|  0|   2|           1|           2|
    +----------------------------------+----------+----+---+----+------------+------------+
    |Total                             |          |   0|  0| 386|         239|         141|
    +----------------------------------+----------+----+---+----+------------+------------+

    * Multiplexer: 
    +-------------------------+----+-----------+-----+-----------+
    |           Name          | LUT| Input Size| Bits| Total Bits|
    +-------------------------+----+-----------+-----+-----------+
    |acc_fu_2646              |   9|          2|   22|         44|
    |ap_done_int              |   9|          2|    1|          2|
    |ap_enable_reg_pp0_iter1  |   9|          2|    1|          2|
    |ap_enable_reg_pp0_iter2  |   9|          2|    1|          2|
    |i_fu_2658                |   9|          2|    8|         16|
    |i_width_fu_2654          |   9|          2|   32|         64|
    |i_word_fu_2650           |   9|          2|   32|         64|
    |layer6x4_out_blk_n       |   9|          2|    1|          2|
    +-------------------------+----+-----------+-----+-----------+
    |Total                    |  72|         16|   98|        196|
    +-------------------------+----+-----------+-----+-----------+

    * Register: 
    +------------------------------------+----+----+-----+-----------+
    |                Name                | FF | LUT| Bits| Const Bits|
    +------------------------------------+----+----+-----+-----------+
    |a_21_reg_36969                      |   9|   0|    9|          0|
    |a_23_reg_36984                      |   9|   0|    9|          0|
    |a_25_reg_36999                      |   9|   0|    9|          0|
    |a_reg_36954                         |   9|   0|    9|          0|
    |a_reg_36954_pp0_iter4_reg           |   9|   0|    9|          0|
    |acc_fu_2646                         |  22|   0|   22|          0|
    |add_ln118_reg_36943                 |  11|   0|   11|          0|
    |add_ln118_reg_36943_pp0_iter2_reg   |  11|   0|   11|          0|
    |add_ln119_4_reg_37014               |  17|   0|   17|          0|
    |add_ln119_5_reg_37019               |  18|   0|   18|          0|
    |add_ln119_reg_37009                 |  16|   0|   16|          0|
    |ap_CS_fsm                           |   1|   0|    1|          0|
    |ap_done_reg                         |   1|   0|    1|          0|
    |ap_enable_reg_pp0_iter1             |   1|   0|    1|          0|
    |ap_enable_reg_pp0_iter2             |   1|   0|    1|          0|
    |ap_enable_reg_pp0_iter3             |   1|   0|    1|          0|
    |ap_enable_reg_pp0_iter4             |   1|   0|    1|          0|
    |ap_enable_reg_pp0_iter5             |   1|   0|    1|          0|
    |ap_enable_reg_pp0_iter6             |   1|   0|    1|          0|
    |ap_loop_exit_ready_pp0_iter2_reg    |   1|   0|    1|          0|
    |ap_loop_exit_ready_pp0_iter3_reg    |   1|   0|    1|          0|
    |ap_loop_exit_ready_pp0_iter4_reg    |   1|   0|    1|          0|
    |ap_loop_exit_ready_pp0_iter5_reg    |   1|   0|    1|          0|
    |i_fu_2658                           |   8|   0|    8|          0|
    |i_width_fu_2654                     |  32|   0|   32|          0|
    |i_word_fu_2650                      |  32|   0|   32|          0|
    |icmp_ln107_reg_36924                |   1|   0|    1|          0|
    |icmp_ln110_reg_36939                |   1|   0|    1|          0|
    |in_pack_10_fu_2702                  |   9|   0|    9|          0|
    |in_pack_11_fu_2706                  |   9|   0|    9|          0|
    |in_pack_12_fu_2710                  |   9|   0|    9|          0|
    |in_pack_13_fu_2714                  |   9|   0|    9|          0|
    |in_pack_14_fu_2718                  |   9|   0|    9|          0|
    |in_pack_15_fu_2722                  |   9|   0|    9|          0|
    |in_pack_16_fu_2726                  |   9|   0|    9|          0|
    |in_pack_17_fu_2730                  |   9|   0|    9|          0|
    |in_pack_18_fu_2734                  |   9|   0|    9|          0|
    |in_pack_19_fu_2738                  |   9|   0|    9|          0|
    |in_pack_1_fu_2666                   |   9|   0|    9|          0|
    |in_pack_20_fu_2742                  |   9|   0|    9|          0|
    |in_pack_21_fu_2746                  |   9|   0|    9|          0|
    |in_pack_22_fu_2750                  |   9|   0|    9|          0|
    |in_pack_23_fu_2754                  |   9|   0|    9|          0|
    |in_pack_24_fu_2758                  |   9|   0|    9|          0|
    |in_pack_25_fu_2762                  |   9|   0|    9|          0|
    |in_pack_26_fu_2766                  |   9|   0|    9|          0|
    |in_pack_27_fu_2770                  |   9|   0|    9|          0|
    |in_pack_2_fu_2670                   |   9|   0|    9|          0|
    |in_pack_3_fu_2674                   |   9|   0|    9|          0|
    |in_pack_4_fu_2678                   |   9|   0|    9|          0|
    |in_pack_5_fu_2682                   |   9|   0|    9|          0|
    |in_pack_6_fu_2686                   |   9|   0|    9|          0|
    |in_pack_7_fu_2690                   |   9|   0|    9|          0|
    |in_pack_8_fu_2694                   |   9|   0|    9|          0|
    |in_pack_9_fu_2698                   |   9|   0|    9|          0|
    |in_pack_fu_2662                     |   9|   0|    9|          0|
    |mul_ln73_20_reg_36964               |  16|   0|   16|          0|
    |mul_ln73_22_reg_36979               |  16|   0|   16|          0|
    |mul_ln73_24_reg_36994               |  16|   0|   16|          0|
    |trunc_ln99_reg_36928                |   2|   0|    2|          0|
    |trunc_ln99_reg_36928_pp0_iter2_reg  |   2|   0|    2|          0|
    |w_2_reg_36974                       |   7|   0|    7|          0|
    |w_4_reg_36989                       |   7|   0|    7|          0|
    |w_6_reg_37004                       |   7|   0|    7|          0|
    |w_reg_36959                         |   7|   0|    7|          0|
    |w_reg_36959_pp0_iter4_reg           |   7|   0|    7|          0|
    |icmp_ln107_reg_36924                |  64|  32|    1|          0|
    +------------------------------------+----+----+-----+-----------+
    |Total                               | 629|  32|  566|          0|
    +------------------------------------+----+----+-----+-----------+



================================================================
== Interface
================================================================
* Summary: 
+-----------------------------+-----+-----+------------+----------------------------------------------------------------------------+--------------+
|          RTL Ports          | Dir | Bits|  Protocol  |                                Source Object                               |    C Type    |
+-----------------------------+-----+-----+------------+----------------------------------------------------------------------------+--------------+
|ap_clk                       |   in|    1|  ap_ctrl_hs|  dense_wide_stream<array,array<ap_fixed,1u>,config9>_Pipeline_DenseWideMain|  return value|
|ap_rst                       |   in|    1|  ap_ctrl_hs|  dense_wide_stream<array,array<ap_fixed,1u>,config9>_Pipeline_DenseWideMain|  return value|
|ap_start                     |   in|    1|  ap_ctrl_hs|  dense_wide_stream<array,array<ap_fixed,1u>,config9>_Pipeline_DenseWideMain|  return value|
|ap_done                      |  out|    1|  ap_ctrl_hs|  dense_wide_stream<array,array<ap_fixed,1u>,config9>_Pipeline_DenseWideMain|  return value|
|ap_idle                      |  out|    1|  ap_ctrl_hs|  dense_wide_stream<array,array<ap_fixed,1u>,config9>_Pipeline_DenseWideMain|  return value|
|ap_ready                     |  out|    1|  ap_ctrl_hs|  dense_wide_stream<array,array<ap_fixed,1u>,config9>_Pipeline_DenseWideMain|  return value|
|layer6x4_out_dout            |   in|  252|     ap_fifo|                                                                layer6x4_out|       pointer|
|layer6x4_out_num_data_valid  |   in|    3|     ap_fifo|                                                                layer6x4_out|       pointer|
|layer6x4_out_fifo_cap        |   in|    3|     ap_fifo|                                                                layer6x4_out|       pointer|
|layer6x4_out_empty_n         |   in|    1|     ap_fifo|                                                                layer6x4_out|       pointer|
|layer6x4_out_read            |  out|    1|     ap_fifo|                                                                layer6x4_out|       pointer|
|acc_out                      |  out|   22|      ap_vld|                                                                     acc_out|       pointer|
|acc_out_ap_vld               |  out|    1|      ap_vld|                                                                     acc_out|       pointer|
+-----------------------------+-----+-----+------------+----------------------------------------------------------------------------+--------------+

