

================================================================
== Vitis HLS Report for 'dense_wide_stream_array_array_ap_fixed_22_11_5_3_0_1u_config9_s'
================================================================
* Date:           Wed Jun  3 16:05:28 2026

* Version:        2023.2 (Build 4023990 on Oct 11 2023)
* Project:        cnn_core_streaming_prj
* Solution:       solution1 (Vivado IP Flow Target)
* Product family: kintexuplus
* Target device:  xcku5p-ffvb676-2-e


================================================================
== Performance Estimates
================================================================
+ Timing: 
    * Summary: 
    +--------+---------+----------+------------+
    |  Clock |  Target | Estimated| Uncertainty|
    +--------+---------+----------+------------+
    |ap_clk  |  5.00 ns|  3.502 ns|     1.35 ns|
    +--------+---------+----------+------------+

+ Latency: 
    * Summary: 
    +---------+---------+----------+----------+-----+-----+---------+
    |  Latency (cycles) |  Latency (absolute) |  Interval | Pipeline|
    |   min   |   max   |    min   |    max   | min | max |   Type  |
    +---------+---------+----------+----------+-----+-----+---------+
    |      177|      177|  0.885 us|  0.885 us|  177|  177|       no|
    +---------+---------+----------+----------+-----+-----+---------+

    + Detail: 
        * Instance: 
        +------------------------------------------------------------------------------------+--------------------------------------------------------------------------+---------+---------+----------+----------+-----+-----+---------+
        |                                                                                    |                                                                          |  Latency (cycles) |  Latency (absolute) |  Interval | Pipeline|
        |                                      Instance                                      |                                  Module                                  |   min   |   max   |    min   |    max   | min | max |   Type  |
        +------------------------------------------------------------------------------------+--------------------------------------------------------------------------+---------+---------+----------+----------+-----+-----+---------+
        |grp_dense_wide_stream_array_array_ap_fixed_1u_config9_Pipeline_DenseWideMain_fu_47  |dense_wide_stream_array_array_ap_fixed_1u_config9_Pipeline_DenseWideMain  |      174|      174|  0.870 us|  0.870 us|  174|  174|       no|
        +------------------------------------------------------------------------------------+--------------------------------------------------------------------------+---------+---------+----------+----------+-----+-----+---------+

        * Loop: 
        N/A



================================================================
== Utilization Estimates
================================================================
* Summary: 
+-----------------+---------+------+--------+--------+-----+
|       Name      | BRAM_18K|  DSP |   FF   |   LUT  | URAM|
+-----------------+---------+------+--------+--------+-----+
|DSP              |        -|     -|       -|       -|    -|
|Expression       |        -|     -|       0|       4|    -|
|FIFO             |        -|     -|       -|       -|    -|
|Instance         |        -|     4|     629|   19631|    -|
|Memory           |        -|     -|       -|       -|    -|
|Multiplexer      |        -|     -|       -|      53|    -|
|Register         |        -|     -|       6|       -|    -|
+-----------------+---------+------+--------+--------+-----+
|Total            |        0|     4|     635|   19688|    0|
+-----------------+---------+------+--------+--------+-----+
|Available        |      960|  1824|  433920|  216960|   64|
+-----------------+---------+------+--------+--------+-----+
|Utilization (%)  |        0|    ~0|      ~0|       9|    0|
+-----------------+---------+------+--------+--------+-----+

+ Detail: 
    * Instance: 
    +------------------------------------------------------------------------------------+--------------------------------------------------------------------------+---------+----+-----+-------+-----+
    |                                      Instance                                      |                                  Module                                  | BRAM_18K| DSP|  FF |  LUT  | URAM|
    +------------------------------------------------------------------------------------+--------------------------------------------------------------------------+---------+----+-----+-------+-----+
    |grp_dense_wide_stream_array_array_ap_fixed_1u_config9_Pipeline_DenseWideMain_fu_47  |dense_wide_stream_array_array_ap_fixed_1u_config9_Pipeline_DenseWideMain  |        0|   4|  629|  19631|    0|
    +------------------------------------------------------------------------------------+--------------------------------------------------------------------------+---------+----+-----+-------+-----+
    |Total                                                                               |                                                                          |        0|   4|  629|  19631|    0|
    +------------------------------------------------------------------------------------+--------------------------------------------------------------------------+---------+----+-----+-------+-----+

    * DSP: 
    N/A

    * Memory: 
    N/A

    * FIFO: 
    N/A

    * Expression: 
    +-----------------+----------+----+---+----+------------+------------+
    |  Variable Name  | Operation| DSP| FF| LUT| Bitwidth P0| Bitwidth P1|
    +-----------------+----------+----+---+----+------------+------------+
    |ap_block_state1  |        or|   0|  0|   2|           1|           1|
    |ap_block_state4  |        or|   0|  0|   2|           1|           1|
    +-----------------+----------+----+---+----+------------+------------+
    |Total            |          |   0|  0|   4|           2|           2|
    +-----------------+----------+----+---+----+------------+------------+

    * Multiplexer: 
    +------------------------+----+-----------+-----+-----------+
    |          Name          | LUT| Input Size| Bits| Total Bits|
    +------------------------+----+-----------+-----+-----------+
    |ap_NS_fsm               |  26|          5|    1|          5|
    |ap_done                 |   9|          2|    1|          2|
    |layer6x4_out_read       |   9|          2|    1|          2|
    |layer9_out_TDATA_blk_n  |   9|          2|    1|          2|
    +------------------------+----+-----------+-----+-----------+
    |Total                   |  53|         11|    4|         11|
    +------------------------+----+-----------+-----+-----------+

    * Register: 
    +-------------------------------------------------------------------------------------------------+---+----+-----+-----------+
    |                                               Name                                              | FF| LUT| Bits| Const Bits|
    +-------------------------------------------------------------------------------------------------+---+----+-----+-----------+
    |ap_CS_fsm                                                                                        |  4|   0|    4|          0|
    |ap_done_reg                                                                                      |  1|   0|    1|          0|
    |grp_dense_wide_stream_array_array_ap_fixed_1u_config9_Pipeline_DenseWideMain_fu_47_ap_start_reg  |  1|   0|    1|          0|
    +-------------------------------------------------------------------------------------------------+---+----+-----+-----------+
    |Total                                                                                            |  6|   0|    6|          0|
    +-------------------------------------------------------------------------------------------------+---+----+-----+-----------+



================================================================
== Interface
================================================================
* Summary: 
+-----------------------------+-----+-----+------------+------------------------------------------------------------------+--------------+
|          RTL Ports          | Dir | Bits|  Protocol  |                           Source Object                          |    C Type    |
+-----------------------------+-----+-----+------------+------------------------------------------------------------------+--------------+
|ap_clk                       |   in|    1|  ap_ctrl_hs|  dense_wide_stream<array,array<ap_fixed<22,11,5,3,0>,1u>,config9>|  return value|
|ap_rst                       |   in|    1|  ap_ctrl_hs|  dense_wide_stream<array,array<ap_fixed<22,11,5,3,0>,1u>,config9>|  return value|
|ap_start                     |   in|    1|  ap_ctrl_hs|  dense_wide_stream<array,array<ap_fixed<22,11,5,3,0>,1u>,config9>|  return value|
|ap_done                      |  out|    1|  ap_ctrl_hs|  dense_wide_stream<array,array<ap_fixed<22,11,5,3,0>,1u>,config9>|  return value|
|ap_continue                  |   in|    1|  ap_ctrl_hs|  dense_wide_stream<array,array<ap_fixed<22,11,5,3,0>,1u>,config9>|  return value|
|ap_idle                      |  out|    1|  ap_ctrl_hs|  dense_wide_stream<array,array<ap_fixed<22,11,5,3,0>,1u>,config9>|  return value|
|ap_ready                     |  out|    1|  ap_ctrl_hs|  dense_wide_stream<array,array<ap_fixed<22,11,5,3,0>,1u>,config9>|  return value|
|layer6x4_out_dout            |   in|  252|     ap_fifo|                                                      layer6x4_out|       pointer|
|layer6x4_out_num_data_valid  |   in|    3|     ap_fifo|                                                      layer6x4_out|       pointer|
|layer6x4_out_fifo_cap        |   in|    3|     ap_fifo|                                                      layer6x4_out|       pointer|
|layer6x4_out_empty_n         |   in|    1|     ap_fifo|                                                      layer6x4_out|       pointer|
|layer6x4_out_read            |  out|    1|     ap_fifo|                                                      layer6x4_out|       pointer|
|layer9_out_TDATA             |  out|   32|        axis|                                                        layer9_out|       pointer|
|layer9_out_TVALID            |  out|    1|        axis|                                                        layer9_out|       pointer|
|layer9_out_TREADY            |   in|    1|        axis|                                                        layer9_out|       pointer|
+-----------------------------+-----+-----+------------+------------------------------------------------------------------+--------------+

