

================================================================
== Vitis HLS Report for 'first_conv_4lane_temporal_wide_cl_array_array_ap_fixed_28u_config3_s'
================================================================
* Date:           Sun May 17 03:12:01 2026

* Version:        2023.2 (Build 4023990 on Oct 11 2023)
* Project:        cnn_core_streaming_prj
* Solution:       solution1 (Vivado IP Flow Target)
* Product family: kintexuplus
* Target device:  xcku5p-ffvb676-2-e


================================================================
== Performance Estimates
================================================================
+ Timing: 
    * Summary: 
    +--------+---------+----------+------------+
    |  Clock |  Target | Estimated| Uncertainty|
    +--------+---------+----------+------------+
    |ap_clk  |  5.00 ns|  3.886 ns|     1.35 ns|
    +--------+---------+----------+------------+

+ Latency: 
    * Summary: 
    +---------+---------+----------+----------+-----+-----+---------+
    |  Latency (cycles) |  Latency (absolute) |  Interval | Pipeline|
    |   min   |   max   |    min   |    max   | min | max |   Type  |
    +---------+---------+----------+----------+-----+-----+---------+
    |      259|      259|  1.295 us|  1.295 us|  259|  259|       no|
    +---------+---------+----------+----------+-----+-----+---------+

    + Detail: 
        * Instance: 
        N/A

        * Loop: 
        +-----------------------+---------+---------+----------+-----------+-----------+------+----------+
        |                       |  Latency (cycles) | Iteration|  Initiation Interval  | Trip |          |
        |       Loop Name       |   min   |   max   |  Latency |  achieved |   target  | Count| Pipelined|
        +-----------------------+---------+---------+----------+-----------+-----------+------+----------+
        |- ReadInputHeightWide  |      257|      257|         3|          1|          1|   256|       yes|
        +-----------------------+---------+---------+----------+-----------+-----------+------+----------+



================================================================
== Utilization Estimates
================================================================
* Summary: 
+-----------------+---------+------+--------+--------+-----+
|       Name      | BRAM_18K|  DSP |   FF   |   LUT  | URAM|
+-----------------+---------+------+--------+--------+-----+
|DSP              |        -|     -|       -|       -|    -|
|Expression       |        -|     -|       0|    3890|    -|
|FIFO             |        -|     -|       -|       -|    -|
|Instance         |        -|     4|       0|     540|    -|
|Memory           |        -|     -|       -|       -|    -|
|Multiplexer      |        -|     -|       -|      99|    -|
|Register         |        -|     -|     731|       -|    -|
+-----------------+---------+------+--------+--------+-----+
|Total            |        0|     4|     731|    4529|    0|
+-----------------+---------+------+--------+--------+-----+
|Available        |      960|  1824|  433920|  216960|   64|
+-----------------+---------+------+--------+--------+-----+
|Utilization (%)  |        0|    ~0|      ~0|       2|    0|
+-----------------+---------+------+--------+--------+-----+

+ Detail: 
    * Instance: 
    +---------------------------+-----------------------+---------+----+---+----+-----+
    |          Instance         |         Module        | BRAM_18K| DSP| FF| LUT| URAM|
    +---------------------------+-----------------------+---------+----+---+----+-----+
    |mul_12s_5ns_15_1_1_U1      |mul_12s_5ns_15_1_1     |        0|   1|  0|   5|    0|
    |mul_12s_5ns_15_1_1_U2      |mul_12s_5ns_15_1_1     |        0|   1|  0|   5|    0|
    |mul_12s_5ns_15_1_1_U3      |mul_12s_5ns_15_1_1     |        0|   1|  0|   5|    0|
    |mul_12s_5ns_15_1_1_U4      |mul_12s_5ns_15_1_1     |        0|   1|  0|   5|    0|
    |sparsemux_11_3_12_1_1_U5   |sparsemux_11_3_12_1_1  |        0|   0|  0|  26|    0|
    |sparsemux_11_3_12_1_1_U6   |sparsemux_11_3_12_1_1  |        0|   0|  0|  26|    0|
    |sparsemux_11_3_12_1_1_U7   |sparsemux_11_3_12_1_1  |        0|   0|  0|  26|    0|
    |sparsemux_11_3_12_1_1_U8   |sparsemux_11_3_12_1_1  |        0|   0|  0|  26|    0|
    |sparsemux_11_3_12_1_1_U9   |sparsemux_11_3_12_1_1  |        0|   0|  0|  26|    0|
    |sparsemux_11_3_12_1_1_U10  |sparsemux_11_3_12_1_1  |        0|   0|  0|  26|    0|
    |sparsemux_11_3_12_1_1_U11  |sparsemux_11_3_12_1_1  |        0|   0|  0|  26|    0|
    |sparsemux_11_3_12_1_1_U12  |sparsemux_11_3_12_1_1  |        0|   0|  0|  26|    0|
    |sparsemux_11_3_12_1_1_U13  |sparsemux_11_3_12_1_1  |        0|   0|  0|  26|    0|
    |sparsemux_11_3_12_1_1_U14  |sparsemux_11_3_12_1_1  |        0|   0|  0|  26|    0|
    |sparsemux_11_3_12_1_1_U15  |sparsemux_11_3_12_1_1  |        0|   0|  0|  26|    0|
    |sparsemux_11_3_12_1_1_U16  |sparsemux_11_3_12_1_1  |        0|   0|  0|  26|    0|
    |sparsemux_11_3_12_1_1_U17  |sparsemux_11_3_12_1_1  |        0|   0|  0|  26|    0|
    |sparsemux_11_3_12_1_1_U18  |sparsemux_11_3_12_1_1  |        0|   0|  0|  26|    0|
    |sparsemux_11_3_12_1_1_U19  |sparsemux_11_3_12_1_1  |        0|   0|  0|  26|    0|
    |sparsemux_11_3_12_1_1_U20  |sparsemux_11_3_12_1_1  |        0|   0|  0|  26|    0|
    |sparsemux_11_3_12_1_1_U21  |sparsemux_11_3_12_1_1  |        0|   0|  0|  26|    0|
    |sparsemux_11_3_12_1_1_U22  |sparsemux_11_3_12_1_1  |        0|   0|  0|  26|    0|
    |sparsemux_11_3_12_1_1_U23  |sparsemux_11_3_12_1_1  |        0|   0|  0|  26|    0|
    |sparsemux_11_3_12_1_1_U24  |sparsemux_11_3_12_1_1  |        0|   0|  0|  26|    0|
    +---------------------------+-----------------------+---------+----+---+----+-----+
    |Total                      |                       |        0|   4|  0| 540|    0|
    +---------------------------+-----------------------+---------+----+---+----+-----+

    * DSP: 
    N/A

    * Memory: 
    N/A

    * FIFO: 
    N/A

    * Expression: 
    +----------------------------------+----------+----+---+----+------------+------------+
    |           Variable Name          | Operation| DSP| FF| LUT| Bitwidth P0| Bitwidth P1|
    +----------------------------------+----------+----+---+----+------------+------------+
    |add_ln132_fu_1047_p2              |         +|   0|  0|  39|          32|           1|
    |add_ln154_1_fu_1135_p2            |         +|   0|  0|  39|          32|           2|
    |add_ln154_2_fu_1151_p2            |         +|   0|  0|  10|           3|           3|
    |add_ln154_3_fu_1276_p2            |         +|   0|  0|  10|           3|           3|
    |add_ln154_4_fu_1169_p2            |         +|   0|  0|  10|           3|           2|
    |add_ln154_fu_1109_p2              |         +|   0|  0|  39|          32|           1|
    |add_ln156_1_fu_1121_p2            |         +|   0|  0|  39|          32|           3|
    |add_ln156_fu_1095_p2              |         +|   0|  0|  39|          32|           2|
    |add_ln175_fu_1181_p2              |         +|   0|  0|  39|          32|           1|
    |add_ln58_10_fu_2172_p2            |         +|   0|  0|  20|          13|          13|
    |add_ln58_11_fu_2182_p2            |         +|   0|  0|  16|          15|          15|
    |add_ln58_13_fu_2202_p2            |         +|   0|  0|  16|          15|          15|
    |add_ln58_14_fu_2208_p2            |         +|   0|  0|  21|          14|          11|
    |add_ln58_16_fu_2258_p2            |         +|   0|  0|  16|          15|          15|
    |add_ln58_17_fu_2300_p2            |         +|   0|  0|  16|          15|           9|
    |add_ln58_18_fu_2252_p2            |         +|   0|  0|  16|          15|          11|
    |add_ln58_19_fu_2312_p2            |         +|   0|  0|  16|          15|          15|
    |add_ln58_1_fu_2086_p2             |         +|   0|  0|  21|          14|          10|
    |add_ln58_21_fu_2583_p2            |         +|   0|  0|  21|          14|          11|
    |add_ln58_22_fu_2593_p2            |         +|   0|  0|  21|          14|          10|
    |add_ln58_23_fu_2324_p2            |         +|   0|  0|  16|          15|          15|
    |add_ln58_24_fu_2603_p2            |         +|   0|  0|  21|          14|          11|
    |add_ln58_26_fu_2633_p2            |         +|   0|  0|  20|          13|          10|
    |add_ln58_27_fu_2643_p2            |         +|   0|  0|  16|          15|          15|
    |add_ln58_28_fu_2655_p2            |         +|   0|  0|  22|          15|          15|
    |add_ln58_29_fu_2661_p2            |         +|   0|  0|  16|          15|          15|
    |add_ln58_2_fu_2096_p2             |         +|   0|  0|  21|          14|          11|
    |add_ln58_30_fu_2667_p2            |         +|   0|  0|  22|          15|          15|
    |add_ln58_31_fu_3997_p2            |         +|   0|  0|  16|          15|          15|
    |add_ln58_32_fu_2673_p2            |         +|   0|  0|  16|          15|          15|
    |add_ln58_33_fu_2679_p2            |         +|   0|  0|  20|          13|          13|
    |add_ln58_34_fu_2689_p2            |         +|   0|  0|  16|          15|          15|
    |add_ln58_36_fu_2709_p2            |         +|   0|  0|  16|          15|          15|
    |add_ln58_37_fu_2765_p2            |         +|   0|  0|  16|          15|          15|
    |add_ln58_38_fu_2807_p2            |         +|   0|  0|  16|          15|           9|
    |add_ln58_39_fu_2715_p2            |         +|   0|  0|  21|          14|          11|
    |add_ln58_3_fu_2126_p2             |         +|   0|  0|  20|          13|          10|
    |add_ln58_41_fu_2759_p2            |         +|   0|  0|  16|          15|          11|
    |add_ln58_42_fu_3050_p2            |         +|   0|  0|  21|          14|          11|
    |add_ln58_43_fu_3060_p2            |         +|   0|  0|  21|          14|          10|
    |add_ln58_44_fu_2819_p2            |         +|   0|  0|  16|          15|          15|
    |add_ln58_45_fu_3070_p2            |         +|   0|  0|  21|          14|          11|
    |add_ln58_47_fu_2831_p2            |         +|   0|  0|  16|          15|          15|
    |add_ln58_49_fu_3100_p2            |         +|   0|  0|  20|          13|          10|
    |add_ln58_4_fu_2136_p2             |         +|   0|  0|  16|          15|          15|
    |add_ln58_50_fu_3110_p2            |         +|   0|  0|  16|          15|          15|
    |add_ln58_51_fu_3128_p2            |         +|   0|  0|  16|          15|          15|
    |add_ln58_52_fu_3122_p2            |         +|   0|  0|  22|          15|          15|
    |add_ln58_53_fu_3134_p2            |         +|   0|  0|  22|          15|          15|
    |add_ln58_54_fu_4007_p2            |         +|   0|  0|  16|          15|          15|
    |add_ln58_55_fu_3140_p2            |         +|   0|  0|  16|          15|          15|
    |add_ln58_56_fu_3146_p2            |         +|   0|  0|  20|          13|          13|
    |add_ln58_57_fu_3156_p2            |         +|   0|  0|  16|          15|          15|
    |add_ln58_58_fu_3232_p2            |         +|   0|  0|  16|          15|          15|
    |add_ln58_59_fu_3274_p2            |         +|   0|  0|  16|          15|           9|
    |add_ln58_5_fu_2148_p2             |         +|   0|  0|  22|          15|          15|
    |add_ln58_61_fu_3176_p2            |         +|   0|  0|  16|          15|          15|
    |add_ln58_62_fu_3182_p2            |         +|   0|  0|  21|          14|          11|
    |add_ln58_63_fu_3517_p2            |         +|   0|  0|  21|          14|          11|
    |add_ln58_64_fu_3527_p2            |         +|   0|  0|  21|          14|          10|
    |add_ln58_66_fu_3537_p2            |         +|   0|  0|  21|          14|          11|
    |add_ln58_67_fu_3226_p2            |         +|   0|  0|  16|          15|          11|
    |add_ln58_68_fu_3286_p2            |         +|   0|  0|  16|          15|          15|
    |add_ln58_6_fu_2154_p2             |         +|   0|  0|  16|          15|          15|
    |add_ln58_70_fu_3567_p2            |         +|   0|  0|  20|          13|          10|
    |add_ln58_71_fu_3577_p2            |         +|   0|  0|  16|          15|          15|
    |add_ln58_72_fu_3595_p2            |         +|   0|  0|  16|          15|          15|
    |add_ln58_73_fu_3298_p2            |         +|   0|  0|  16|          15|          15|
    |add_ln58_75_fu_3589_p2            |         +|   0|  0|  22|          15|          15|
    |add_ln58_76_fu_3601_p2            |         +|   0|  0|  22|          15|          15|
    |add_ln58_77_fu_4017_p2            |         +|   0|  0|  16|          15|          15|
    |add_ln58_78_fu_3607_p2            |         +|   0|  0|  16|          15|          15|
    |add_ln58_79_fu_3699_p2            |         +|   0|  0|  16|          15|          15|
    |add_ln58_7_fu_2160_p2             |         +|   0|  0|  22|          15|          15|
    |add_ln58_80_fu_3741_p2            |         +|   0|  0|  16|          15|           9|
    |add_ln58_81_fu_3613_p2            |         +|   0|  0|  20|          13|          13|
    |add_ln58_82_fu_3623_p2            |         +|   0|  0|  16|          15|          15|
    |add_ln58_84_fu_3643_p2            |         +|   0|  0|  16|          15|          15|
    |add_ln58_85_fu_3649_p2            |         +|   0|  0|  21|          14|          11|
    |add_ln58_87_fu_3693_p2            |         +|   0|  0|  16|          15|          11|
    |add_ln58_88_fu_3753_p2            |         +|   0|  0|  16|          15|          15|
    |add_ln58_8_fu_3977_p2             |         +|   0|  0|  16|          15|          15|
    |add_ln58_90_fu_3765_p2            |         +|   0|  0|  16|          15|          15|
    |add_ln58_9_fu_2166_p2             |         +|   0|  0|  16|          15|          15|
    |add_ln58_fu_2076_p2               |         +|   0|  0|  21|          14|          11|
    |i_ih_4_fu_897_p2                  |         +|   0|  0|  16|           9|           1|
    |tmp118_fu_2112_p2                 |         +|   0|  0|  20|          13|          13|
    |tmp211_fu_2224_p2                 |         +|   0|  0|  20|          13|          13|
    |tmp213_fu_2276_p2                 |         +|   0|  0|  20|          13|          13|
    |tmp215116_fu_2619_p2              |         +|   0|  0|  20|          13|          13|
    |tmp221_fu_2731_p2                 |         +|   0|  0|  20|          13|          13|
    |tmp223_fu_2783_p2                 |         +|   0|  0|  20|          13|          13|
    |tmp225114_fu_3086_p2              |         +|   0|  0|  20|          13|          13|
    |tmp231_fu_3198_p2                 |         +|   0|  0|  20|          13|          13|
    |tmp233_fu_3250_p2                 |         +|   0|  0|  20|          13|          13|
    |tmp235112_fu_3553_p2              |         +|   0|  0|  20|          13|          13|
    |tmp241_fu_3665_p2                 |         +|   0|  0|  20|          13|          13|
    |tmp243_fu_3717_p2                 |         +|   0|  0|  20|          13|          13|
    |x_12_fu_2825_p2                   |         +|   0|  0|  16|          15|          15|
    |x_13_fu_2837_p2                   |         +|   0|  0|  16|          15|          15|
    |x_14_fu_4012_p2                   |         +|   0|  0|  16|          15|          15|
    |x_15_fu_3192_p2                   |         +|   0|  0|  16|          15|          15|
    |x_19_fu_3292_p2                   |         +|   0|  0|  16|          15|          15|
    |x_1_fu_2218_p2                    |         +|   0|  0|  16|          15|          15|
    |x_20_fu_3304_p2                   |         +|   0|  0|  16|          15|          15|
    |x_21_fu_4022_p2                   |         +|   0|  0|  16|          15|          15|
    |x_22_fu_3659_p2                   |         +|   0|  0|  16|          15|          15|
    |x_26_fu_3759_p2                   |         +|   0|  0|  16|          15|          15|
    |x_27_fu_3771_p2                   |         +|   0|  0|  16|          15|          15|
    |x_5_fu_2318_p2                    |         +|   0|  0|  16|          15|          15|
    |x_6_fu_2330_p2                    |         +|   0|  0|  16|          15|          15|
    |x_7_fu_4002_p2                    |         +|   0|  0|  16|          15|          15|
    |x_8_fu_2725_p2                    |         +|   0|  0|  16|          15|          15|
    |x_fu_3982_p2                      |         +|   0|  0|  16|          15|          15|
    |sub_ln42_10_fu_2426_p2            |         -|   0|  0|  22|          15|          15|
    |sub_ln42_11_fu_2465_p2            |         -|   0|  0|  22|          15|          15|
    |sub_ln42_12_fu_2507_p2            |         -|   0|  0|  16|           1|          15|
    |sub_ln42_13_fu_2513_p2            |         -|   0|  0|  16|          15|          15|
    |sub_ln42_14_fu_2519_p2            |         -|   0|  0|  16|           1|          15|
    |sub_ln42_15_fu_2525_p2            |         -|   0|  0|  16|          15|          15|
    |sub_ln42_16_fu_2543_p2            |         -|   0|  0|  22|          15|          15|
    |sub_ln42_17_fu_2577_p2            |         -|   0|  0|  22|          15|          15|
    |sub_ln42_18_fu_2887_p2            |         -|   0|  0|  22|          15|          15|
    |sub_ln42_19_fu_2893_p2            |         -|   0|  0|  22|          15|          15|
    |sub_ln42_1_fu_1919_p2             |         -|   0|  0|  22|          15|          15|
    |sub_ln42_20_fu_2932_p2            |         -|   0|  0|  22|          15|          15|
    |sub_ln42_21_fu_2974_p2            |         -|   0|  0|  16|           1|          15|
    |sub_ln42_22_fu_2980_p2            |         -|   0|  0|  16|          15|          15|
    |sub_ln42_23_fu_2986_p2            |         -|   0|  0|  16|           1|          15|
    |sub_ln42_24_fu_2992_p2            |         -|   0|  0|  16|          15|          15|
    |sub_ln42_25_fu_3010_p2            |         -|   0|  0|  22|          15|          15|
    |sub_ln42_26_fu_3044_p2            |         -|   0|  0|  22|          15|          15|
    |sub_ln42_27_fu_3354_p2            |         -|   0|  0|  22|          15|          15|
    |sub_ln42_28_fu_3360_p2            |         -|   0|  0|  22|          15|          15|
    |sub_ln42_29_fu_3399_p2            |         -|   0|  0|  22|          15|          15|
    |sub_ln42_2_fu_1958_p2             |         -|   0|  0|  22|          15|          15|
    |sub_ln42_30_fu_3441_p2            |         -|   0|  0|  16|           1|          15|
    |sub_ln42_31_fu_3447_p2            |         -|   0|  0|  16|          15|          15|
    |sub_ln42_32_fu_3453_p2            |         -|   0|  0|  16|           1|          15|
    |sub_ln42_33_fu_3459_p2            |         -|   0|  0|  16|          15|          15|
    |sub_ln42_34_fu_3477_p2            |         -|   0|  0|  22|          15|          15|
    |sub_ln42_35_fu_3511_p2            |         -|   0|  0|  22|          15|          15|
    |sub_ln42_3_fu_2000_p2             |         -|   0|  0|  16|           1|          15|
    |sub_ln42_4_fu_2006_p2             |         -|   0|  0|  16|          15|          15|
    |sub_ln42_5_fu_2012_p2             |         -|   0|  0|  16|           1|          15|
    |sub_ln42_6_fu_2018_p2             |         -|   0|  0|  16|          15|          15|
    |sub_ln42_7_fu_2036_p2             |         -|   0|  0|  22|          15|          15|
    |sub_ln42_8_fu_2070_p2             |         -|   0|  0|  22|          15|          15|
    |sub_ln42_9_fu_2420_p2             |         -|   0|  0|  22|          15|          15|
    |sub_ln42_fu_1913_p2               |         -|   0|  0|  22|          15|          15|
    |sub_ln58_10_fu_3080_p2            |         -|   0|  0|  22|          15|          15|
    |sub_ln58_14_fu_3280_p2            |         -|   0|  0|  16|          15|          15|
    |sub_ln58_15_fu_3547_p2            |         -|   0|  0|  22|          15|          15|
    |sub_ln58_19_fu_3747_p2            |         -|   0|  0|  16|          15|          15|
    |sub_ln58_4_fu_2306_p2             |         -|   0|  0|  16|          15|          15|
    |sub_ln58_5_fu_2613_p2             |         -|   0|  0|  22|          15|          15|
    |sub_ln58_9_fu_2813_p2             |         -|   0|  0|  16|          15|          15|
    |sub_ln58_fu_2106_p2               |         -|   0|  0|  22|          15|          15|
    |tmp20987_fu_2188_p2               |         -|   0|  0|  20|          13|          13|
    |tmp212_fu_2246_p2                 |         -|   0|  0|  16|          15|          15|
    |tmp214_fu_2294_p2                 |         -|   0|  0|  22|          15|          15|
    |tmp21859_fu_2695_p2               |         -|   0|  0|  20|          13|          13|
    |tmp222_fu_2753_p2                 |         -|   0|  0|  16|          15|          15|
    |tmp224_fu_2801_p2                 |         -|   0|  0|  22|          15|          15|
    |tmp22831_fu_3162_p2               |         -|   0|  0|  20|          13|          13|
    |tmp232_fu_3220_p2                 |         -|   0|  0|  16|          15|          15|
    |tmp234_fu_3268_p2                 |         -|   0|  0|  22|          15|          15|
    |tmp2383_fu_3629_p2                |         -|   0|  0|  20|          13|          13|
    |tmp242_fu_3687_p2                 |         -|   0|  0|  16|          15|          15|
    |tmp244_fu_3735_p2                 |         -|   0|  0|  22|          15|          15|
    |x_10_fu_2771_p2                   |         -|   0|  0|  16|          15|          15|
    |x_11_fu_2777_p2                   |         -|   0|  0|  16|          15|          15|
    |x_16_fu_3116_p2                   |         -|   0|  0|  16|          15|          15|
    |x_17_fu_3238_p2                   |         -|   0|  0|  16|          15|          15|
    |x_18_fu_3244_p2                   |         -|   0|  0|  16|          15|          15|
    |x_23_fu_3583_p2                   |         -|   0|  0|  16|          15|          15|
    |x_24_fu_3705_p2                   |         -|   0|  0|  16|          15|          15|
    |x_25_fu_3711_p2                   |         -|   0|  0|  16|          15|          15|
    |x_2_fu_2142_p2                    |         -|   0|  0|  16|          15|          15|
    |x_3_fu_2264_p2                    |         -|   0|  0|  16|          15|          15|
    |x_4_fu_2270_p2                    |         -|   0|  0|  16|          15|          15|
    |x_9_fu_2649_p2                    |         -|   0|  0|  16|          15|          15|
    |ap_block_state3_pp0_stage0_iter2  |       and|   0|  0|   2|           1|           1|
    |ap_condition_216                  |       and|   0|  0|   2|           1|           1|
    |on_stride_fu_1083_p2              |       and|   0|  0|   2|           1|           1|
    |have_full_window_fu_1071_p2       |      icmp|   0|  0|  14|           7|           1|
    |icmp_ln120_fu_891_p2              |      icmp|   0|  0|  17|           9|          10|
    |icmp_ln132_fu_1041_p2             |      icmp|   0|  0|  39|          32|           3|
    |icmp_ln135_fu_1077_p2             |      icmp|   0|  0|  39|          32|           1|
    |icmp_ln154_1_fu_1115_p2           |      icmp|   0|  0|  39|          32|           3|
    |icmp_ln154_2_fu_1141_p2           |      icmp|   0|  0|  39|          32|           3|
    |icmp_ln154_3_fu_1157_p2           |      icmp|   0|  0|  39|          32|           3|
    |icmp_ln154_4_fu_1163_p2           |      icmp|   0|  0|  39|          32|           3|
    |icmp_ln154_fu_1089_p2             |      icmp|   0|  0|  39|          32|           3|
    |icmp_ln175_fu_1175_p2             |      icmp|   0|  0|  39|          32|           2|
    |ap_block_pp0_stage0_01001         |        or|   0|  0|   2|           1|           1|
    |ap_block_state1_pp0_stage0_iter0  |        or|   0|  0|   2|           1|           1|
    |oldest_fu_1053_p3                 |    select|   0|  0|  32|           1|           1|
    |select_ln154_1_fu_1266_p3         |    select|   0|  0|   3|           1|           3|
    |select_ln154_2_fu_1271_p3         |    select|   0|  0|   3|           1|           3|
    |select_ln154_3_fu_1281_p3         |    select|   0|  0|   3|           1|           3|
    |select_ln154_4_fu_1287_p3         |    select|   0|  0|   3|           1|           3|
    |select_ln154_fu_1218_p3           |    select|   0|  0|   3|           1|           3|
    |stride_cnt_4_fu_1187_p3           |    select|   0|  0|  32|           1|           1|
    |stride_cnt_5_fu_1195_p3           |    select|   0|  0|  32|           1|          32|
    |ap_enable_pp0                     |       xor|   0|  0|   2|           1|           2|
    +----------------------------------+----------+----+---+----+------------+------------+
    |Total                             |          |   0|  0|3890|        2900|        2519|
    +----------------------------------+----------+----+---+----+------------+------------+

    * Multiplexer: 
    +-------------------------------+----+-----------+-----+-----------+
    |              Name             | LUT| Input Size| Bits| Total Bits|
    +-------------------------------+----+-----------+-----+-----------+
    |ap_done_int                    |   9|          2|    1|          2|
    |ap_enable_reg_pp0_iter1        |   9|          2|    1|          2|
    |ap_sig_allocacmp_i_ih_3        |   9|          2|    9|         18|
    |ap_sig_allocacmp_stride_cnt_3  |   9|          2|   32|         64|
    |ap_sig_allocacmp_wptr_1        |   9|          2|   32|         64|
    |i_ih_fu_134                    |   9|          2|    9|         18|
    |input_layer_TDATA_blk_n        |   9|          2|    1|          2|
    |layer3x4_out_blk_n             |   9|          2|    1|          2|
    |real_start                     |   9|          2|    1|          2|
    |stride_cnt_fu_138              |   9|          2|   32|         64|
    |wptr_fu_142                    |   9|          2|   32|         64|
    +-------------------------------+----+-----------+-----+-----------+
    |Total                          |  99|         22|  151|        302|
    +-------------------------------+----+-----------+-----+-----------+

    * Register: 
    +----------------------------------+----+----+-----+-----------+
    |               Name               | FF | LUT| Bits| Const Bits|
    +----------------------------------+----+----+-----+-----------+
    |add_ln154_2_reg_4289              |   3|   0|    3|          0|
    |add_ln154_4_reg_4304              |   3|   0|    3|          0|
    |add_ln58_11_reg_4314              |  15|   0|   15|          0|
    |add_ln58_30_reg_4339              |  12|   0|   15|          3|
    |add_ln58_34_reg_4344              |  15|   0|   15|          0|
    |add_ln58_53_reg_4349              |  12|   0|   15|          3|
    |add_ln58_57_reg_4354              |  15|   0|   15|          0|
    |add_ln58_76_reg_4359              |  12|   0|   15|          3|
    |add_ln58_7_reg_4309               |  12|   0|   15|          3|
    |add_ln58_82_reg_4364              |  15|   0|   15|          0|
    |ap_CS_fsm                         |   1|   0|    1|          0|
    |ap_done_reg                       |   1|   0|    1|          0|
    |ap_enable_reg_pp0_iter1           |   1|   0|    1|          0|
    |ap_enable_reg_pp0_iter2           |   1|   0|    1|          0|
    |ap_loop_exit_ready_pp0_iter1_reg  |   1|   0|    1|          0|
    |i_ih_fu_134                       |   9|   0|    9|          0|
    |icmp_ln154_1_reg_4263             |   1|   0|    1|          0|
    |icmp_ln154_2_reg_4279             |   1|   0|    1|          0|
    |icmp_ln154_3_reg_4294             |   1|   0|    1|          0|
    |icmp_ln154_4_reg_4299             |   1|   0|    1|          0|
    |icmp_ln154_reg_4246               |   1|   0|    1|          0|
    |mul_ln42_1_reg_854                |  15|   0|   15|          0|
    |mul_ln42_2_reg_858                |  15|   0|   15|          0|
    |mul_ln42_3_reg_862                |  15|   0|   15|          0|
    |mul_ln42_reg_850                  |  15|   0|   15|          0|
    |on_stride_reg_4242                |   1|   0|    1|          0|
    |on_stride_reg_4242_pp0_iter1_reg  |   1|   0|    1|          0|
    |res_out_1_reg_4319                |   9|   0|    9|          0|
    |res_out_2_reg_4324                |   9|   0|    9|          0|
    |res_out_3_reg_4329                |   9|   0|    9|          0|
    |res_out_4_reg_4334                |   9|   0|    9|          0|
    |row_buf_10_fu_186                 |  12|   0|   12|          0|
    |row_buf_11_fu_190                 |  12|   0|   12|          0|
    |row_buf_12_fu_194                 |  12|   0|   12|          0|
    |row_buf_13_fu_198                 |  12|   0|   12|          0|
    |row_buf_14_fu_202                 |  12|   0|   12|          0|
    |row_buf_15_fu_206                 |  12|   0|   12|          0|
    |row_buf_16_fu_210                 |  12|   0|   12|          0|
    |row_buf_17_fu_214                 |  12|   0|   12|          0|
    |row_buf_18_fu_218                 |  12|   0|   12|          0|
    |row_buf_19_fu_222                 |  12|   0|   12|          0|
    |row_buf_1_fu_150                  |  12|   0|   12|          0|
    |row_buf_2_fu_154                  |  12|   0|   12|          0|
    |row_buf_3_fu_158                  |  12|   0|   12|          0|
    |row_buf_4_fu_162                  |  12|   0|   12|          0|
    |row_buf_5_fu_166                  |  12|   0|   12|          0|
    |row_buf_6_fu_170                  |  12|   0|   12|          0|
    |row_buf_7_fu_174                  |  12|   0|   12|          0|
    |row_buf_8_fu_178                  |  12|   0|   12|          0|
    |row_buf_9_fu_182                  |  12|   0|   12|          0|
    |row_buf_fu_146                    |  12|   0|   12|          0|
    |start_once_reg                    |   1|   0|    1|          0|
    |stride_cnt_fu_138                 |  32|   0|   32|          0|
    |trunc_ln154_1_reg_4257            |   3|   0|    3|          0|
    |trunc_ln154_2_reg_4268            |   3|   0|    3|          0|
    |trunc_ln154_3_reg_4273            |   3|   0|    3|          0|
    |trunc_ln154_4_reg_4284            |   3|   0|    3|          0|
    |trunc_ln154_reg_4251              |   3|   0|    3|          0|
    |trunc_ln170_10_reg_4414           |   9|   0|    9|          0|
    |trunc_ln170_11_reg_4419           |   9|   0|    9|          0|
    |trunc_ln170_12_reg_4424           |   9|   0|    9|          0|
    |trunc_ln170_13_reg_4429           |   9|   0|    9|          0|
    |trunc_ln170_14_reg_4434           |   9|   0|    9|          0|
    |trunc_ln170_16_reg_4439           |   9|   0|    9|          0|
    |trunc_ln170_17_reg_4444           |   9|   0|    9|          0|
    |trunc_ln170_18_reg_4449           |   9|   0|    9|          0|
    |trunc_ln170_19_reg_4454           |   9|   0|    9|          0|
    |trunc_ln170_1_reg_4374            |   9|   0|    9|          0|
    |trunc_ln170_20_reg_4459           |   9|   0|    9|          0|
    |trunc_ln170_21_reg_4464           |   9|   0|    9|          0|
    |trunc_ln170_3_reg_4379            |   9|   0|    9|          0|
    |trunc_ln170_4_reg_4384            |   9|   0|    9|          0|
    |trunc_ln170_5_reg_4389            |   9|   0|    9|          0|
    |trunc_ln170_6_reg_4394            |   9|   0|    9|          0|
    |trunc_ln170_7_reg_4399            |   9|   0|    9|          0|
    |trunc_ln170_8_reg_4404            |   9|   0|    9|          0|
    |trunc_ln170_s_reg_4409            |   9|   0|    9|          0|
    |trunc_ln2_reg_4369                |   9|   0|    9|          0|
    |wptr_fu_142                       |  32|   0|   32|          0|
    +----------------------------------+----+----+-----+-----------+
    |Total                             | 731|   0|  743|         12|
    +----------------------------------+----+----+-----+-----------+



================================================================
== Interface
================================================================
* Summary: 
+-----------------------------+-----+-----+------------+----------------------------------------------------------------------+--------------+
|          RTL Ports          | Dir | Bits|  Protocol  |                             Source Object                            |    C Type    |
+-----------------------------+-----+-----+------------+----------------------------------------------------------------------+--------------+
|ap_clk                       |   in|    1|  ap_ctrl_hs|  first_conv_4lane_temporal_wide_cl<array,array<ap_fixed,28u>,config3>|  return value|
|ap_rst                       |   in|    1|  ap_ctrl_hs|  first_conv_4lane_temporal_wide_cl<array,array<ap_fixed,28u>,config3>|  return value|
|ap_start                     |   in|    1|  ap_ctrl_hs|  first_conv_4lane_temporal_wide_cl<array,array<ap_fixed,28u>,config3>|  return value|
|start_full_n                 |   in|    1|  ap_ctrl_hs|  first_conv_4lane_temporal_wide_cl<array,array<ap_fixed,28u>,config3>|  return value|
|ap_done                      |  out|    1|  ap_ctrl_hs|  first_conv_4lane_temporal_wide_cl<array,array<ap_fixed,28u>,config3>|  return value|
|ap_continue                  |   in|    1|  ap_ctrl_hs|  first_conv_4lane_temporal_wide_cl<array,array<ap_fixed,28u>,config3>|  return value|
|ap_idle                      |  out|    1|  ap_ctrl_hs|  first_conv_4lane_temporal_wide_cl<array,array<ap_fixed,28u>,config3>|  return value|
|ap_ready                     |  out|    1|  ap_ctrl_hs|  first_conv_4lane_temporal_wide_cl<array,array<ap_fixed,28u>,config3>|  return value|
|start_out                    |  out|    1|  ap_ctrl_hs|  first_conv_4lane_temporal_wide_cl<array,array<ap_fixed,28u>,config3>|  return value|
|start_write                  |  out|    1|  ap_ctrl_hs|  first_conv_4lane_temporal_wide_cl<array,array<ap_fixed,28u>,config3>|  return value|
|input_layer_TVALID           |   in|    1|        axis|                                                           input_layer|       pointer|
|input_layer_TDATA            |   in|   64|        axis|                                                           input_layer|       pointer|
|input_layer_TREADY           |  out|    1|        axis|                                                           input_layer|       pointer|
|layer3x4_out_din             |  out|  252|     ap_fifo|                                                          layer3x4_out|       pointer|
|layer3x4_out_num_data_valid  |   in|    3|     ap_fifo|                                                          layer3x4_out|       pointer|
|layer3x4_out_fifo_cap        |   in|    3|     ap_fifo|                                                          layer3x4_out|       pointer|
|layer3x4_out_full_n          |   in|    1|     ap_fifo|                                                          layer3x4_out|       pointer|
|layer3x4_out_write           |  out|    1|     ap_fifo|                                                          layer3x4_out|       pointer|
+-----------------------------+-----+-----+------------+----------------------------------------------------------------------+--------------+

