

================================================================
== Vitis HLS Report for 'first_conv_2row_4lane_temporal_wide_cl_array_array_ap_fixed_28u_config4_s'
================================================================
* Date:           Wed Jun  3 15:48:16 2026

* Version:        2023.2 (Build 4023990 on Oct 11 2023)
* Project:        cnn_core_streaming_prj
* Solution:       solution1 (Vivado IP Flow Target)
* Product family: kintexuplus
* Target device:  xcku5p-ffvb676-2-e


================================================================
== Performance Estimates
================================================================
+ Timing: 
    * Summary: 
    +--------+---------+----------+------------+
    |  Clock |  Target | Estimated| Uncertainty|
    +--------+---------+----------+------------+
    |ap_clk  |  5.00 ns|  3.571 ns|     1.35 ns|
    +--------+---------+----------+------------+

+ Latency: 
    * Summary: 
    +---------+---------+----------+----------+-----+-----+---------+
    |  Latency (cycles) |  Latency (absolute) |  Interval | Pipeline|
    |   min   |   max   |    min   |    max   | min | max |   Type  |
    +---------+---------+----------+----------+-----+-----+---------+
    |      259|      259|  1.295 us|  1.295 us|  259|  259|       no|
    +---------+---------+----------+----------+-----+-----+---------+

    + Detail: 
        * Instance: 
        N/A

        * Loop: 
        +----------------------+---------+---------+----------+-----------+-----------+------+----------+
        |                      |  Latency (cycles) | Iteration|  Initiation Interval  | Trip |          |
        |       Loop Name      |   min   |   max   |  Latency |  achieved |   target  | Count| Pipelined|
        +----------------------+---------+---------+----------+-----------+-----------+------+----------+
        |- ReadInputPairsWide  |      257|      257|         4|          2|          1|   128|       yes|
        +----------------------+---------+---------+----------+-----------+-----------+------+----------+



================================================================
== Utilization Estimates
================================================================
* Summary: 
+-----------------+---------+------+--------+--------+-----+
|       Name      | BRAM_18K|  DSP |   FF   |   LUT  | URAM|
+-----------------+---------+------+--------+--------+-----+
|DSP              |        -|     -|       -|       -|    -|
|Expression       |        -|     -|       0|    8231|    -|
|FIFO             |        -|     -|       -|       -|    -|
|Instance         |        -|     0|       0|    1848|    -|
|Memory           |        -|     -|       -|       -|    -|
|Multiplexer      |        -|     -|       -|     562|    -|
|Register         |        -|     -|    1826|       -|    -|
+-----------------+---------+------+--------+--------+-----+
|Total            |        0|     0|    1826|   10641|    0|
+-----------------+---------+------+--------+--------+-----+
|Available        |      960|  1824|  433920|  216960|   64|
+-----------------+---------+------+--------+--------+-----+
|Utilization (%)  |        0|     0|      ~0|       4|    0|
+-----------------+---------+------+--------+--------+-----+

+ Detail: 
    * Instance: 
    +------------------------+--------------------+---------+----+---+----+-----+
    |        Instance        |       Module       | BRAM_18K| DSP| FF| LUT| URAM|
    +------------------------+--------------------+---------+----+---+----+-----+
    |mul_10s_6ns_15_1_1_U5   |mul_10s_6ns_15_1_1  |        0|   0|  0|  62|    0|
    |mul_10s_6ns_15_1_1_U13  |mul_10s_6ns_15_1_1  |        0|   0|  0|  62|    0|
    |mul_10s_6ns_15_1_1_U16  |mul_10s_6ns_15_1_1  |        0|   0|  0|  62|    0|
    |mul_10s_6ns_15_1_1_U36  |mul_10s_6ns_15_1_1  |        0|   0|  0|  62|    0|
    |mul_9s_5ns_13_1_1_U6    |mul_9s_5ns_13_1_1   |        0|   0|  0|  50|    0|
    |mul_9s_5ns_13_1_1_U8    |mul_9s_5ns_13_1_1   |        0|   0|  0|  50|    0|
    |mul_9s_5ns_13_1_1_U12   |mul_9s_5ns_13_1_1   |        0|   0|  0|  50|    0|
    |mul_9s_5ns_14_1_1_U3    |mul_9s_5ns_14_1_1   |        0|   0|  0|  50|    0|
    |mul_9s_5ns_14_1_1_U22   |mul_9s_5ns_14_1_1   |        0|   0|  0|  50|    0|
    |mul_9s_5ns_14_1_1_U25   |mul_9s_5ns_14_1_1   |        0|   0|  0|  50|    0|
    |mul_9s_5ns_14_1_1_U26   |mul_9s_5ns_14_1_1   |        0|   0|  0|  50|    0|
    |mul_9s_5ns_14_1_1_U27   |mul_9s_5ns_14_1_1   |        0|   0|  0|  50|    0|
    |mul_9s_5ns_14_1_1_U28   |mul_9s_5ns_14_1_1   |        0|   0|  0|  50|    0|
    |mul_9s_5ns_14_1_1_U29   |mul_9s_5ns_14_1_1   |        0|   0|  0|  50|    0|
    |mul_9s_5ns_14_1_1_U32   |mul_9s_5ns_14_1_1   |        0|   0|  0|  50|    0|
    |mul_9s_5ns_14_1_1_U33   |mul_9s_5ns_14_1_1   |        0|   0|  0|  50|    0|
    |mul_9s_6ns_14_1_1_U1    |mul_9s_6ns_14_1_1   |        0|   0|  0|  50|    0|
    |mul_9s_6ns_14_1_1_U2    |mul_9s_6ns_14_1_1   |        0|   0|  0|  50|    0|
    |mul_9s_6ns_14_1_1_U15   |mul_9s_6ns_14_1_1   |        0|   0|  0|  50|    0|
    |mul_9s_6ns_14_1_1_U20   |mul_9s_6ns_14_1_1   |        0|   0|  0|  50|    0|
    |mul_9s_6ns_14_1_1_U21   |mul_9s_6ns_14_1_1   |        0|   0|  0|  50|    0|
    |mul_9s_6ns_14_1_1_U24   |mul_9s_6ns_14_1_1   |        0|   0|  0|  50|    0|
    |mul_9s_6ns_14_1_1_U30   |mul_9s_6ns_14_1_1   |        0|   0|  0|  50|    0|
    |mul_9s_6ns_14_1_1_U31   |mul_9s_6ns_14_1_1   |        0|   0|  0|  50|    0|
    |mul_9s_6ns_15_1_1_U7    |mul_9s_6ns_15_1_1   |        0|   0|  0|  50|    0|
    |mul_9s_6ns_15_1_1_U23   |mul_9s_6ns_15_1_1   |        0|   0|  0|  50|    0|
    |mul_9s_6ns_15_1_1_U34   |mul_9s_6ns_15_1_1   |        0|   0|  0|  50|    0|
    |mul_9s_6ns_15_1_1_U35   |mul_9s_6ns_15_1_1   |        0|   0|  0|  50|    0|
    |mul_9s_6s_14_1_1_U4     |mul_9s_6s_14_1_1    |        0|   0|  0|  50|    0|
    |mul_9s_6s_14_1_1_U11    |mul_9s_6s_14_1_1    |        0|   0|  0|  50|    0|
    |mul_9s_6s_14_1_1_U14    |mul_9s_6s_14_1_1    |        0|   0|  0|  50|    0|
    |mul_9s_6s_14_1_1_U18    |mul_9s_6s_14_1_1    |        0|   0|  0|  50|    0|
    |mul_9s_6s_15_1_1_U9     |mul_9s_6s_15_1_1    |        0|   0|  0|  50|    0|
    |mul_9s_6s_15_1_1_U10    |mul_9s_6s_15_1_1    |        0|   0|  0|  50|    0|
    |mul_9s_6s_15_1_1_U17    |mul_9s_6s_15_1_1    |        0|   0|  0|  50|    0|
    |mul_9s_6s_15_1_1_U19    |mul_9s_6s_15_1_1    |        0|   0|  0|  50|    0|
    +------------------------+--------------------+---------+----+---+----+-----+
    |Total                   |                    |        0|   0|  0|1848|    0|
    +------------------------+--------------------+---------+----+---+----+-----+

    * DSP: 
    N/A

    * Memory: 
    N/A

    * FIFO: 
    N/A

    * Expression: 
    +----------------------------------+----------+----+---+----+------------+------------+
    |           Variable Name          | Operation| DSP| FF| LUT| Bitwidth P0| Bitwidth P1|
    +----------------------------------+----------+----+---+----+------------+------------+
    |add_ln308_fu_5816_p2              |         +|   0|  0|  39|          32|           1|
    |add_ln58_100_fu_7825_p2           |         +|   0|  0|  20|          13|          13|
    |add_ln58_102_fu_8157_p2           |         +|   0|  0|  16|          14|          11|
    |add_ln58_103_fu_8167_p2           |         +|   0|  0|  19|          12|          11|
    |add_ln58_104_fu_8200_p2           |         +|   0|  0|  17|          13|          13|
    |add_ln58_105_fu_8210_p2           |         +|   0|  0|  16|          14|          14|
    |add_ln58_106_fu_8220_p2           |         +|   0|  0|  16|          14|          14|
    |add_ln58_108_fu_8250_p2           |         +|   0|  0|  20|          13|          13|
    |add_ln58_109_fu_8240_p2           |         +|   0|  0|  19|          12|          11|
    |add_ln58_10_fu_6393_p2            |         +|   0|  0|  21|          14|          14|
    |add_ln58_110_fu_8270_p2           |         +|   0|  0|  21|          14|          14|
    |add_ln58_111_fu_8260_p2           |         +|   0|  0|  20|          13|          13|
    |add_ln58_112_fu_8280_p2           |         +|   0|  0|  21|          14|          14|
    |add_ln58_113_fu_8824_p2           |         +|   0|  0|  21|          14|          14|
    |add_ln58_115_fu_8834_p2           |         +|   0|  0|  16|          15|          15|
    |add_ln58_116_fu_8300_p2           |         +|   0|  0|  20|          13|          13|
    |add_ln58_119_fu_8316_p2           |         +|   0|  0|  16|          15|          15|
    |add_ln58_11_fu_8605_p2            |         +|   0|  0|  21|          14|          14|
    |add_ln58_120_fu_8310_p2           |         +|   0|  0|  16|          15|          15|
    |add_ln58_121_fu_8322_p2           |         +|   0|  0|  21|          14|          14|
    |add_ln58_122_fu_8332_p2           |         +|   0|  0|  17|          13|           8|
    |add_ln58_124_fu_8342_p2           |         +|   0|  0|  16|          14|          14|
    |add_ln58_125_fu_8362_p2           |         +|   0|  0|  16|          14|          14|
    |add_ln58_127_fu_8382_p2           |         +|   0|  0|  17|          13|           7|
    |add_ln58_128_fu_8398_p2           |         +|   0|  0|  16|          15|          15|
    |add_ln58_129_fu_8404_p2           |         +|   0|  0|  21|          14|          14|
    |add_ln58_131_fu_8420_p2           |         +|   0|  0|  17|          10|           8|
    |add_ln58_132_fu_8430_p2           |         +|   0|  0|  17|          12|          12|
    |add_ln58_133_fu_8440_p2           |         +|   0|  0|  17|          12|          12|
    |add_ln58_134_fu_8450_p2           |         +|   0|  0|  20|          13|          13|
    |add_ln58_136_fu_9262_p2           |         +|   0|  0|  21|          14|          11|
    |add_ln58_137_fu_9272_p2           |         +|   0|  0|  19|          12|          11|
    |add_ln58_138_fu_9302_p2           |         +|   0|  0|  16|          14|          14|
    |add_ln58_139_fu_9312_p2           |         +|   0|  0|  16|          15|          15|
    |add_ln58_13_fu_8615_p2            |         +|   0|  0|  16|          15|          15|
    |add_ln58_141_fu_9338_p2           |         +|   0|  0|  20|          13|          11|
    |add_ln58_142_fu_9348_p2           |         +|   0|  0|  17|          13|          13|
    |add_ln58_143_fu_9358_p2           |         +|   0|  0|  21|          14|          14|
    |add_ln58_144_fu_9368_p2           |         +|   0|  0|  21|          14|          14|
    |add_ln58_146_fu_9388_p2           |         +|   0|  0|  16|          15|          15|
    |add_ln58_147_fu_9394_p2           |         +|   0|  0|  20|          13|          13|
    |add_ln58_148_fu_9404_p2           |         +|   0|  0|  21|          14|          14|
    |add_ln58_14_fu_6413_p2            |         +|   0|  0|  20|          13|          13|
    |add_ln58_151_fu_9424_p2           |         +|   0|  0|  16|          14|          14|
    |add_ln58_152_fu_9434_p2           |         +|   0|  0|  22|          15|          15|
    |add_ln58_153_fu_8479_p2           |         +|   0|  0|  17|          10|          10|
    |add_ln58_155_fu_9462_p2           |         +|   0|  0|  20|          13|           8|
    |add_ln58_156_fu_9472_p2           |         +|   0|  0|  16|          14|          14|
    |add_ln58_157_fu_9492_p2           |         +|   0|  0|  16|          14|          14|
    |add_ln58_159_fu_9522_p2           |         +|   0|  0|  21|          14|          14|
    |add_ln58_15_fu_6419_p2            |         +|   0|  0|  21|          14|          10|
    |add_ln58_160_fu_9532_p2           |         +|   0|  0|  16|          15|          15|
    |add_ln58_161_fu_9538_p2           |         +|   0|  0|  21|          14|          14|
    |add_ln58_163_fu_9554_p2           |         +|   0|  0|  18|          11|           8|
    |add_ln58_164_fu_9564_p2           |         +|   0|  0|  17|          12|          12|
    |add_ln58_165_fu_9574_p2           |         +|   0|  0|  17|          12|          12|
    |add_ln58_166_fu_9584_p2           |         +|   0|  0|  20|          13|          13|
    |add_ln58_168_fu_9927_p2           |         +|   0|  0|  21|          14|          11|
    |add_ln58_169_fu_9937_p2           |         +|   0|  0|  19|          12|          11|
    |add_ln58_170_fu_9967_p2           |         +|   0|  0|  16|          14|          14|
    |add_ln58_171_fu_9977_p2           |         +|   0|  0|  16|          15|          15|
    |add_ln58_173_fu_10003_p2          |         +|   0|  0|  20|          13|          11|
    |add_ln58_174_fu_10013_p2          |         +|   0|  0|  17|          13|          13|
    |add_ln58_175_fu_10023_p2          |         +|   0|  0|  21|          14|          14|
    |add_ln58_176_fu_10033_p2          |         +|   0|  0|  21|          14|          14|
    |add_ln58_178_fu_10053_p2          |         +|   0|  0|  16|          15|          15|
    |add_ln58_179_fu_10059_p2          |         +|   0|  0|  20|          13|          13|
    |add_ln58_17_fu_6435_p2            |         +|   0|  0|  16|          15|          15|
    |add_ln58_180_fu_10069_p2          |         +|   0|  0|  21|          14|          14|
    |add_ln58_182_fu_10085_p2          |         +|   0|  0|  21|          14|          10|
    |add_ln58_183_fu_10095_p2          |         +|   0|  0|  16|          14|          14|
    |add_ln58_184_fu_10105_p2          |         +|   0|  0|  22|          15|          15|
    |add_ln58_185_fu_8498_p2           |         +|   0|  0|  17|          10|          10|
    |add_ln58_187_fu_10133_p2          |         +|   0|  0|  20|          13|           8|
    |add_ln58_188_fu_10143_p2          |         +|   0|  0|  16|          14|          14|
    |add_ln58_189_fu_10163_p2          |         +|   0|  0|  16|          14|          14|
    |add_ln58_18_fu_6429_p2            |         +|   0|  0|  16|          15|          15|
    |add_ln58_191_fu_10193_p2          |         +|   0|  0|  21|          14|          14|
    |add_ln58_192_fu_10203_p2          |         +|   0|  0|  16|          15|          15|
    |add_ln58_193_fu_10209_p2          |         +|   0|  0|  21|          14|          14|
    |add_ln58_195_fu_10225_p2          |         +|   0|  0|  18|          11|           8|
    |add_ln58_196_fu_10235_p2          |         +|   0|  0|  17|          12|          12|
    |add_ln58_197_fu_10245_p2          |         +|   0|  0|  17|          12|          12|
    |add_ln58_198_fu_10255_p2          |         +|   0|  0|  20|          13|          13|
    |add_ln58_19_fu_6441_p2            |         +|   0|  0|  21|          14|          14|
    |add_ln58_1_fu_6280_p2             |         +|   0|  0|  19|          12|          11|
    |add_ln58_200_fu_10598_p2          |         +|   0|  0|  21|          14|          11|
    |add_ln58_201_fu_10608_p2          |         +|   0|  0|  19|          12|          11|
    |add_ln58_202_fu_10638_p2          |         +|   0|  0|  16|          14|          14|
    |add_ln58_203_fu_10648_p2          |         +|   0|  0|  16|          15|          15|
    |add_ln58_205_fu_10674_p2          |         +|   0|  0|  20|          13|          11|
    |add_ln58_206_fu_10684_p2          |         +|   0|  0|  17|          13|          13|
    |add_ln58_207_fu_10694_p2          |         +|   0|  0|  21|          14|          14|
    |add_ln58_208_fu_10704_p2          |         +|   0|  0|  21|          14|          14|
    |add_ln58_20_fu_6451_p2            |         +|   0|  0|  17|          13|           8|
    |add_ln58_210_fu_10724_p2          |         +|   0|  0|  16|          15|          15|
    |add_ln58_211_fu_10730_p2          |         +|   0|  0|  20|          13|          13|
    |add_ln58_212_fu_10740_p2          |         +|   0|  0|  21|          14|          14|
    |add_ln58_214_fu_10756_p2          |         +|   0|  0|  21|          14|          10|
    |add_ln58_215_fu_10766_p2          |         +|   0|  0|  16|          14|          14|
    |add_ln58_216_fu_10776_p2          |         +|   0|  0|  22|          15|          15|
    |add_ln58_217_fu_8517_p2           |         +|   0|  0|  17|          10|          10|
    |add_ln58_219_fu_10804_p2          |         +|   0|  0|  20|          13|           8|
    |add_ln58_220_fu_10814_p2          |         +|   0|  0|  16|          14|          14|
    |add_ln58_221_fu_10834_p2          |         +|   0|  0|  16|          14|          14|
    |add_ln58_223_fu_10864_p2          |         +|   0|  0|  21|          14|          14|
    |add_ln58_224_fu_10874_p2          |         +|   0|  0|  16|          15|          15|
    |add_ln58_225_fu_10880_p2          |         +|   0|  0|  21|          14|          14|
    |add_ln58_227_fu_10896_p2          |         +|   0|  0|  18|          11|           8|
    |add_ln58_228_fu_10906_p2          |         +|   0|  0|  17|          12|          12|
    |add_ln58_229_fu_10916_p2          |         +|   0|  0|  17|          12|          12|
    |add_ln58_22_fu_6461_p2            |         +|   0|  0|  16|          14|          14|
    |add_ln58_230_fu_10926_p2          |         +|   0|  0|  20|          13|          13|
    |add_ln58_232_fu_11269_p2          |         +|   0|  0|  21|          14|          11|
    |add_ln58_233_fu_11279_p2          |         +|   0|  0|  19|          12|          11|
    |add_ln58_234_fu_11309_p2          |         +|   0|  0|  16|          14|          14|
    |add_ln58_235_fu_11319_p2          |         +|   0|  0|  16|          15|          15|
    |add_ln58_237_fu_11345_p2          |         +|   0|  0|  20|          13|          11|
    |add_ln58_238_fu_11355_p2          |         +|   0|  0|  17|          13|          13|
    |add_ln58_239_fu_11365_p2          |         +|   0|  0|  21|          14|          14|
    |add_ln58_23_fu_6481_p2            |         +|   0|  0|  16|          14|          14|
    |add_ln58_240_fu_11375_p2          |         +|   0|  0|  21|          14|          14|
    |add_ln58_242_fu_11395_p2          |         +|   0|  0|  16|          15|          15|
    |add_ln58_243_fu_11401_p2          |         +|   0|  0|  20|          13|          13|
    |add_ln58_244_fu_11411_p2          |         +|   0|  0|  21|          14|          14|
    |add_ln58_247_fu_11431_p2          |         +|   0|  0|  16|          14|          14|
    |add_ln58_248_fu_11441_p2          |         +|   0|  0|  22|          15|          15|
    |add_ln58_249_fu_8536_p2           |         +|   0|  0|  17|          10|          10|
    |add_ln58_251_fu_11469_p2          |         +|   0|  0|  20|          13|           8|
    |add_ln58_252_fu_11479_p2          |         +|   0|  0|  16|          14|          14|
    |add_ln58_253_fu_11499_p2          |         +|   0|  0|  16|          14|          14|
    |add_ln58_255_fu_11529_p2          |         +|   0|  0|  21|          14|          14|
    |add_ln58_256_fu_11539_p2          |         +|   0|  0|  16|          15|          15|
    |add_ln58_257_fu_11545_p2          |         +|   0|  0|  21|          14|          14|
    |add_ln58_259_fu_11561_p2          |         +|   0|  0|  18|          11|           8|
    |add_ln58_25_fu_6501_p2            |         +|   0|  0|  17|          13|           7|
    |add_ln58_260_fu_11571_p2          |         +|   0|  0|  17|          12|          12|
    |add_ln58_261_fu_11581_p2          |         +|   0|  0|  17|          12|          12|
    |add_ln58_262_fu_11591_p2          |         +|   0|  0|  20|          13|          13|
    |add_ln58_26_fu_6517_p2            |         +|   0|  0|  16|          15|          15|
    |add_ln58_27_fu_6523_p2            |         +|   0|  0|  21|          14|          14|
    |add_ln58_29_fu_6539_p2            |         +|   0|  0|  17|          10|           8|
    |add_ln58_2_fu_6313_p2             |         +|   0|  0|  17|          13|          13|
    |add_ln58_30_fu_6549_p2            |         +|   0|  0|  17|          12|          12|
    |add_ln58_31_fu_6559_p2            |         +|   0|  0|  17|          12|          12|
    |add_ln58_32_fu_6569_p2            |         +|   0|  0|  20|          13|          13|
    |add_ln58_34_fu_6901_p2            |         +|   0|  0|  16|          14|          11|
    |add_ln58_35_fu_6911_p2            |         +|   0|  0|  19|          12|          11|
    |add_ln58_36_fu_6944_p2            |         +|   0|  0|  17|          13|          13|
    |add_ln58_37_fu_6954_p2            |         +|   0|  0|  16|          14|          14|
    |add_ln58_38_fu_6964_p2            |         +|   0|  0|  16|          14|          14|
    |add_ln58_3_fu_6323_p2             |         +|   0|  0|  16|          14|          14|
    |add_ln58_40_fu_6994_p2            |         +|   0|  0|  20|          13|          13|
    |add_ln58_41_fu_6984_p2            |         +|   0|  0|  19|          12|          11|
    |add_ln58_42_fu_7014_p2            |         +|   0|  0|  21|          14|          14|
    |add_ln58_43_fu_7004_p2            |         +|   0|  0|  20|          13|          13|
    |add_ln58_44_fu_7024_p2            |         +|   0|  0|  21|          14|          14|
    |add_ln58_45_fu_8678_p2            |         +|   0|  0|  21|          14|          14|
    |add_ln58_47_fu_8688_p2            |         +|   0|  0|  16|          15|          15|
    |add_ln58_48_fu_7044_p2            |         +|   0|  0|  20|          13|          13|
    |add_ln58_4_fu_6333_p2             |         +|   0|  0|  16|          14|          14|
    |add_ln58_51_fu_7060_p2            |         +|   0|  0|  16|          15|          15|
    |add_ln58_52_fu_7054_p2            |         +|   0|  0|  16|          15|          15|
    |add_ln58_53_fu_7066_p2            |         +|   0|  0|  21|          14|          14|
    |add_ln58_54_fu_7076_p2            |         +|   0|  0|  17|          13|           8|
    |add_ln58_56_fu_7086_p2            |         +|   0|  0|  16|          14|          14|
    |add_ln58_57_fu_7106_p2            |         +|   0|  0|  16|          14|          14|
    |add_ln58_59_fu_7126_p2            |         +|   0|  0|  17|          13|           7|
    |add_ln58_60_fu_7142_p2            |         +|   0|  0|  16|          15|          15|
    |add_ln58_61_fu_7148_p2            |         +|   0|  0|  21|          14|          14|
    |add_ln58_63_fu_7164_p2            |         +|   0|  0|  17|          10|           8|
    |add_ln58_64_fu_7174_p2            |         +|   0|  0|  17|          12|          12|
    |add_ln58_65_fu_7184_p2            |         +|   0|  0|  17|          12|          12|
    |add_ln58_66_fu_7194_p2            |         +|   0|  0|  20|          13|          13|
    |add_ln58_68_fu_7526_p2            |         +|   0|  0|  16|          14|          11|
    |add_ln58_69_fu_7536_p2            |         +|   0|  0|  19|          12|          11|
    |add_ln58_6_fu_6363_p2             |         +|   0|  0|  20|          13|          13|
    |add_ln58_70_fu_7569_p2            |         +|   0|  0|  17|          13|          13|
    |add_ln58_71_fu_7579_p2            |         +|   0|  0|  16|          14|          14|
    |add_ln58_72_fu_7589_p2            |         +|   0|  0|  16|          14|          14|
    |add_ln58_74_fu_7619_p2            |         +|   0|  0|  20|          13|          13|
    |add_ln58_75_fu_7609_p2            |         +|   0|  0|  19|          12|          11|
    |add_ln58_76_fu_7639_p2            |         +|   0|  0|  21|          14|          14|
    |add_ln58_77_fu_7629_p2            |         +|   0|  0|  20|          13|          13|
    |add_ln58_78_fu_7649_p2            |         +|   0|  0|  21|          14|          14|
    |add_ln58_79_fu_8751_p2            |         +|   0|  0|  21|          14|          14|
    |add_ln58_7_fu_6353_p2             |         +|   0|  0|  19|          12|          11|
    |add_ln58_81_fu_8761_p2            |         +|   0|  0|  16|          15|          15|
    |add_ln58_82_fu_7669_p2            |         +|   0|  0|  20|          13|          13|
    |add_ln58_83_fu_7675_p2            |         +|   0|  0|  21|          14|          10|
    |add_ln58_85_fu_7691_p2            |         +|   0|  0|  16|          15|          15|
    |add_ln58_86_fu_7685_p2            |         +|   0|  0|  16|          15|          15|
    |add_ln58_87_fu_7697_p2            |         +|   0|  0|  21|          14|          14|
    |add_ln58_88_fu_7707_p2            |         +|   0|  0|  17|          13|           8|
    |add_ln58_8_fu_6383_p2             |         +|   0|  0|  21|          14|          14|
    |add_ln58_90_fu_7717_p2            |         +|   0|  0|  16|          14|          14|
    |add_ln58_91_fu_7737_p2            |         +|   0|  0|  16|          14|          14|
    |add_ln58_93_fu_7757_p2            |         +|   0|  0|  17|          13|           7|
    |add_ln58_94_fu_7773_p2            |         +|   0|  0|  16|          15|          15|
    |add_ln58_95_fu_7779_p2            |         +|   0|  0|  21|          14|          14|
    |add_ln58_97_fu_7795_p2            |         +|   0|  0|  17|          10|           8|
    |add_ln58_98_fu_7805_p2            |         +|   0|  0|  17|          12|          12|
    |add_ln58_99_fu_7815_p2            |         +|   0|  0|  17|          12|          12|
    |add_ln58_9_fu_6373_p2             |         +|   0|  0|  20|          13|          13|
    |add_ln58_fu_6270_p2               |         +|   0|  0|  16|          14|          11|
    |add_ln73_10_fu_7342_p2            |         +|   0|  0|  21|          14|          14|
    |add_ln73_11_fu_7508_p2            |         +|   0|  0|  20|          13|          13|
    |add_ln73_12_fu_7899_p2            |         +|   0|  0|  20|          13|          13|
    |add_ln73_13_fu_7905_p2            |         +|   0|  0|  17|          12|          12|
    |add_ln73_14_fu_7973_p2            |         +|   0|  0|  21|          14|          14|
    |add_ln73_15_fu_8139_p2            |         +|   0|  0|  20|          13|          13|
    |add_ln73_16_fu_8999_p2            |         +|   0|  0|  20|          13|          13|
    |add_ln73_17_fu_9005_p2            |         +|   0|  0|  17|          12|          12|
    |add_ln73_18_fu_9072_p2            |         +|   0|  0|  16|          14|          14|
    |add_ln73_19_fu_9164_p2            |         +|   0|  0|  20|          13|          13|
    |add_ln73_1_fu_6018_p2             |         +|   0|  0|  17|          12|          12|
    |add_ln73_20_fu_9244_p2            |         +|   0|  0|  20|          13|          13|
    |add_ln73_21_fu_9664_p2            |         +|   0|  0|  20|          13|          13|
    |add_ln73_22_fu_9670_p2            |         +|   0|  0|  17|          12|          12|
    |add_ln73_23_fu_9737_p2            |         +|   0|  0|  16|          14|          14|
    |add_ln73_24_fu_9829_p2            |         +|   0|  0|  20|          13|          13|
    |add_ln73_25_fu_9909_p2            |         +|   0|  0|  20|          13|          13|
    |add_ln73_26_fu_10335_p2           |         +|   0|  0|  20|          13|          13|
    |add_ln73_27_fu_10341_p2           |         +|   0|  0|  17|          12|          12|
    |add_ln73_28_fu_10408_p2           |         +|   0|  0|  16|          14|          14|
    |add_ln73_29_fu_10500_p2           |         +|   0|  0|  20|          13|          13|
    |add_ln73_2_fu_6086_p2             |         +|   0|  0|  21|          14|          14|
    |add_ln73_30_fu_10580_p2           |         +|   0|  0|  20|          13|          13|
    |add_ln73_31_fu_11006_p2           |         +|   0|  0|  20|          13|          13|
    |add_ln73_32_fu_11012_p2           |         +|   0|  0|  17|          12|          12|
    |add_ln73_33_fu_11079_p2           |         +|   0|  0|  16|          14|          14|
    |add_ln73_34_fu_11171_p2           |         +|   0|  0|  20|          13|          13|
    |add_ln73_35_fu_11251_p2           |         +|   0|  0|  20|          13|          13|
    |add_ln73_3_fu_6252_p2             |         +|   0|  0|  20|          13|          13|
    |add_ln73_4_fu_6643_p2             |         +|   0|  0|  20|          13|          13|
    |add_ln73_5_fu_6649_p2             |         +|   0|  0|  17|          12|          12|
    |add_ln73_6_fu_6717_p2             |         +|   0|  0|  21|          14|          14|
    |add_ln73_7_fu_6883_p2             |         +|   0|  0|  20|          13|          13|
    |add_ln73_8_fu_7268_p2             |         +|   0|  0|  20|          13|          13|
    |add_ln73_9_fu_7274_p2             |         +|   0|  0|  17|          12|          12|
    |add_ln73_fu_6012_p2               |         +|   0|  0|  20|          13|          13|
    |grp_fu_5520_p2                    |         +|   0|  0|  21|          14|          10|
    |grp_fu_5526_p2                    |         +|   0|  0|  21|          14|          10|
    |i_pair_2_fu_5594_p2               |         +|   0|  0|  15|           8|           1|
    |res_out_10_fu_8713_p2             |         +|   0|  0|  23|          16|          16|
    |res_out_11_fu_7116_p2             |         +|   0|  0|  22|          15|          15|
    |res_out_12_fu_7158_p2             |         +|   0|  0|  16|          15|          15|
    |res_out_13_fu_7204_p2             |         +|   0|  0|  21|          14|          14|
    |res_out_14_fu_7599_p2             |         +|   0|  0|  22|          15|          15|
    |res_out_15_fu_7659_p2             |         +|   0|  0|  22|          15|          15|
    |res_out_16_fu_8770_p2             |         +|   0|  0|  16|          15|          15|
    |res_out_17_fu_8786_p2             |         +|   0|  0|  23|          16|          16|
    |res_out_18_fu_7747_p2             |         +|   0|  0|  22|          15|          15|
    |res_out_19_fu_7789_p2             |         +|   0|  0|  16|          15|          15|
    |res_out_1_fu_6403_p2              |         +|   0|  0|  22|          15|          15|
    |res_out_20_fu_7835_p2             |         +|   0|  0|  21|          14|          14|
    |res_out_21_fu_8230_p2             |         +|   0|  0|  22|          15|          15|
    |res_out_22_fu_8290_p2             |         +|   0|  0|  22|          15|          15|
    |res_out_23_fu_8843_p2             |         +|   0|  0|  16|          15|          15|
    |res_out_24_fu_8859_p2             |         +|   0|  0|  23|          16|          16|
    |res_out_25_fu_8372_p2             |         +|   0|  0|  22|          15|          15|
    |res_out_26_fu_8414_p2             |         +|   0|  0|  16|          15|          15|
    |res_out_27_fu_8460_p2             |         +|   0|  0|  21|          14|          14|
    |res_out_28_fu_9328_p2             |         +|   0|  0|  16|          15|          15|
    |res_out_29_fu_9378_p2             |         +|   0|  0|  22|          15|          15|
    |res_out_2_fu_8624_p2              |         +|   0|  0|  16|          15|          15|
    |res_out_30_fu_9414_p2             |         +|   0|  0|  16|          15|          15|
    |res_out_31_fu_9452_p2             |         +|   0|  0|  23|          16|          16|
    |res_out_32_fu_9502_p2             |         +|   0|  0|  22|          15|          15|
    |res_out_33_fu_9548_p2             |         +|   0|  0|  16|          15|          15|
    |res_out_34_fu_9594_p2             |         +|   0|  0|  21|          14|          14|
    |res_out_35_fu_9993_p2             |         +|   0|  0|  16|          15|          15|
    |res_out_36_fu_10043_p2            |         +|   0|  0|  22|          15|          15|
    |res_out_37_fu_10079_p2            |         +|   0|  0|  16|          15|          15|
    |res_out_38_fu_10123_p2            |         +|   0|  0|  23|          16|          16|
    |res_out_39_fu_10173_p2            |         +|   0|  0|  22|          15|          15|
    |res_out_3_fu_8640_p2              |         +|   0|  0|  23|          16|          16|
    |res_out_40_fu_10219_p2            |         +|   0|  0|  16|          15|          15|
    |res_out_41_fu_10265_p2            |         +|   0|  0|  21|          14|          14|
    |res_out_42_fu_10664_p2            |         +|   0|  0|  16|          15|          15|
    |res_out_43_fu_10714_p2            |         +|   0|  0|  22|          15|          15|
    |res_out_44_fu_10750_p2            |         +|   0|  0|  16|          15|          15|
    |res_out_45_fu_10794_p2            |         +|   0|  0|  23|          16|          16|
    |res_out_46_fu_10844_p2            |         +|   0|  0|  22|          15|          15|
    |res_out_47_fu_10890_p2            |         +|   0|  0|  16|          15|          15|
    |res_out_48_fu_10936_p2            |         +|   0|  0|  21|          14|          14|
    |res_out_49_fu_11335_p2            |         +|   0|  0|  16|          15|          15|
    |res_out_4_fu_6491_p2              |         +|   0|  0|  22|          15|          15|
    |res_out_50_fu_11385_p2            |         +|   0|  0|  22|          15|          15|
    |res_out_51_fu_11421_p2            |         +|   0|  0|  16|          15|          15|
    |res_out_52_fu_11459_p2            |         +|   0|  0|  23|          16|          16|
    |res_out_53_fu_11509_p2            |         +|   0|  0|  22|          15|          15|
    |res_out_54_fu_11555_p2            |         +|   0|  0|  16|          15|          15|
    |res_out_55_fu_11601_p2            |         +|   0|  0|  21|          14|          14|
    |res_out_5_fu_6533_p2              |         +|   0|  0|  16|          15|          15|
    |res_out_6_fu_6579_p2              |         +|   0|  0|  21|          14|          14|
    |res_out_7_fu_6974_p2              |         +|   0|  0|  22|          15|          15|
    |res_out_8_fu_7034_p2              |         +|   0|  0|  22|          15|          15|
    |res_out_9_fu_8697_p2              |         +|   0|  0|  16|          15|          15|
    |res_out_fu_6343_p2                |         +|   0|  0|  22|          15|          15|
    |sub_ln58_10_fu_7727_p2            |         -|   0|  0|  19|          12|          12|
    |sub_ln58_11_fu_8352_p2            |         -|   0|  0|  19|          12|          12|
    |sub_ln58_12_fu_9318_p2            |         -|   0|  0|  19|          12|          12|
    |sub_ln58_13_fu_9482_p2            |         -|   0|  0|  19|          12|          12|
    |sub_ln58_14_fu_9983_p2            |         -|   0|  0|  19|          12|          12|
    |sub_ln58_15_fu_10153_p2           |         -|   0|  0|  19|          12|          12|
    |sub_ln58_16_fu_10654_p2           |         -|   0|  0|  19|          12|          12|
    |sub_ln58_17_fu_10824_p2           |         -|   0|  0|  19|          12|          12|
    |sub_ln58_18_fu_11325_p2           |         -|   0|  0|  19|          12|          12|
    |sub_ln58_19_fu_11489_p2           |         -|   0|  0|  19|          12|          12|
    |sub_ln58_1_fu_7132_p2             |         -|   0|  0|  17|          13|          13|
    |sub_ln58_2_fu_7763_p2             |         -|   0|  0|  17|          13|          13|
    |sub_ln58_3_fu_8388_p2             |         -|   0|  0|  17|          13|          13|
    |sub_ln58_4_fu_9512_p2             |         -|   0|  0|  19|           7|          12|
    |sub_ln58_5_fu_10183_p2            |         -|   0|  0|  19|           7|          12|
    |sub_ln58_6_fu_10854_p2            |         -|   0|  0|  19|           7|          12|
    |sub_ln58_7_fu_11519_p2            |         -|   0|  0|  19|           7|          12|
    |sub_ln58_8_fu_6471_p2             |         -|   0|  0|  19|          12|          12|
    |sub_ln58_9_fu_7096_p2             |         -|   0|  0|  19|          12|          12|
    |sub_ln58_fu_6507_p2               |         -|   0|  0|  17|          13|          13|
    |sub_ln73_100_fu_11183_p2          |         -|   0|  0|  17|          13|          13|
    |sub_ln73_101_fu_11200_p2          |         -|   0|  0|  20|          13|          13|
    |sub_ln73_102_fu_11223_p2          |         -|   0|  0|  17|           1|          12|
    |sub_ln73_103_fu_11257_p2          |         -|   0|  0|  17|          12|          12|
    |sub_ln73_104_fu_9057_p2           |         -|   0|  0|  19|          12|          12|
    |sub_ln73_105_fu_9256_p2           |         -|   0|  0|  20|          13|          13|
    |sub_ln73_106_fu_9722_p2           |         -|   0|  0|  19|          12|          12|
    |sub_ln73_107_fu_9921_p2           |         -|   0|  0|  20|          13|          13|
    |sub_ln73_108_fu_10393_p2          |         -|   0|  0|  19|          12|          12|
    |sub_ln73_109_fu_10592_p2          |         -|   0|  0|  20|          13|          13|
    |sub_ln73_10_fu_6190_p2            |         -|   0|  0|  20|          13|          13|
    |sub_ln73_110_fu_11064_p2          |         -|   0|  0|  19|          12|          12|
    |sub_ln73_111_fu_11263_p2          |         -|   0|  0|  20|          13|          13|
    |sub_ln73_11_fu_6222_p2            |         -|   0|  0|  19|           1|          12|
    |sub_ln73_12_fu_6258_p2            |         -|   0|  0|  19|          12|          12|
    |sub_ln73_13_fu_6613_p2            |         -|   0|  0|  17|           1|          13|
    |sub_ln73_14_fu_6619_p2            |         -|   0|  0|  17|          13|          13|
    |sub_ln73_15_fu_6264_p2            |         -|   0|  0|  20|          13|          13|
    |sub_ln73_16_fu_6687_p2            |         -|   0|  0|  16|          14|          14|
    |sub_ln73_17_fu_6711_p2            |         -|   0|  0|  21|          14|          14|
    |sub_ln73_18_fu_6748_p2            |         -|   0|  0|  17|          13|          13|
    |sub_ln73_19_fu_6769_p2            |         -|   0|  0|  19|           1|          12|
    |sub_ln73_1_fu_5988_p2             |         -|   0|  0|  17|          13|          13|
    |sub_ln73_20_fu_6775_p2            |         -|   0|  0|  17|          12|          12|
    |sub_ln73_21_fu_6798_p2            |         -|   0|  0|  20|           1|          13|
    |sub_ln73_22_fu_6804_p2            |         -|   0|  0|  17|          13|          13|
    |sub_ln73_23_fu_6821_p2            |         -|   0|  0|  20|          13|          13|
    |sub_ln73_24_fu_6853_p2            |         -|   0|  0|  19|           1|          12|
    |sub_ln73_25_fu_6889_p2            |         -|   0|  0|  19|          12|          12|
    |sub_ln73_26_fu_7238_p2            |         -|   0|  0|  17|           1|          13|
    |sub_ln73_27_fu_7244_p2            |         -|   0|  0|  17|          13|          13|
    |sub_ln73_28_fu_6705_p2            |         -|   0|  0|  19|          12|          12|
    |sub_ln73_29_fu_7312_p2            |         -|   0|  0|  16|          14|          14|
    |sub_ln73_2_fu_6056_p2             |         -|   0|  0|  16|          14|          14|
    |sub_ln73_30_fu_7336_p2            |         -|   0|  0|  21|          14|          14|
    |sub_ln73_31_fu_7373_p2            |         -|   0|  0|  17|          13|          13|
    |sub_ln73_32_fu_7394_p2            |         -|   0|  0|  19|           1|          12|
    |sub_ln73_33_fu_7400_p2            |         -|   0|  0|  17|          12|          12|
    |sub_ln73_34_fu_7423_p2            |         -|   0|  0|  20|           1|          13|
    |sub_ln73_35_fu_7429_p2            |         -|   0|  0|  17|          13|          13|
    |sub_ln73_36_fu_7446_p2            |         -|   0|  0|  20|          13|          13|
    |sub_ln73_37_fu_7478_p2            |         -|   0|  0|  19|           1|          12|
    |sub_ln73_38_fu_7514_p2            |         -|   0|  0|  19|          12|          12|
    |sub_ln73_39_fu_7869_p2            |         -|   0|  0|  17|           1|          13|
    |sub_ln73_3_fu_6074_p2             |         -|   0|  0|  19|          12|          12|
    |sub_ln73_40_fu_7875_p2            |         -|   0|  0|  17|          13|          13|
    |sub_ln73_41_fu_6895_p2            |         -|   0|  0|  20|          13|          13|
    |sub_ln73_42_fu_7943_p2            |         -|   0|  0|  16|          14|          14|
    |sub_ln73_43_fu_7967_p2            |         -|   0|  0|  21|          14|          14|
    |sub_ln73_44_fu_8004_p2            |         -|   0|  0|  17|          13|          13|
    |sub_ln73_45_fu_8025_p2            |         -|   0|  0|  19|           1|          12|
    |sub_ln73_46_fu_8031_p2            |         -|   0|  0|  17|          12|          12|
    |sub_ln73_47_fu_8054_p2            |         -|   0|  0|  20|           1|          13|
    |sub_ln73_48_fu_8060_p2            |         -|   0|  0|  17|          13|          13|
    |sub_ln73_49_fu_8077_p2            |         -|   0|  0|  20|          13|          13|
    |sub_ln73_4_fu_6080_p2             |         -|   0|  0|  21|          14|          14|
    |sub_ln73_50_fu_8109_p2            |         -|   0|  0|  19|           1|          12|
    |sub_ln73_51_fu_8145_p2            |         -|   0|  0|  19|          12|          12|
    |sub_ln73_52_fu_8967_p2            |         -|   0|  0|  20|           1|          13|
    |sub_ln73_53_fu_8973_p2            |         -|   0|  0|  17|          13|          13|
    |sub_ln73_54_fu_7330_p2            |         -|   0|  0|  19|          12|          12|
    |sub_ln73_55_fu_9040_p2            |         -|   0|  0|  16|          14|          14|
    |sub_ln73_56_fu_9063_p2            |         -|   0|  0|  21|          14|          14|
    |sub_ln73_57_fu_9103_p2            |         -|   0|  0|  20|          13|          13|
    |sub_ln73_58_fu_9135_p2            |         -|   0|  0|  19|           1|          12|
    |sub_ln73_59_fu_9141_p2            |         -|   0|  0|  17|          12|          12|
    |sub_ln73_5_fu_6117_p2             |         -|   0|  0|  17|          13|          13|
    |sub_ln73_60_fu_9170_p2            |         -|   0|  0|  17|           1|          13|
    |sub_ln73_61_fu_9176_p2            |         -|   0|  0|  17|          13|          13|
    |sub_ln73_62_fu_9193_p2            |         -|   0|  0|  20|          13|          13|
    |sub_ln73_63_fu_9216_p2            |         -|   0|  0|  17|           1|          12|
    |sub_ln73_64_fu_9250_p2            |         -|   0|  0|  17|          12|          12|
    |sub_ln73_65_fu_9632_p2            |         -|   0|  0|  20|           1|          13|
    |sub_ln73_66_fu_9638_p2            |         -|   0|  0|  17|          13|          13|
    |sub_ln73_67_fu_7520_p2            |         -|   0|  0|  20|          13|          13|
    |sub_ln73_68_fu_9705_p2            |         -|   0|  0|  16|          14|          14|
    |sub_ln73_69_fu_9728_p2            |         -|   0|  0|  21|          14|          14|
    |sub_ln73_6_fu_6138_p2             |         -|   0|  0|  19|           1|          12|
    |sub_ln73_70_fu_9768_p2            |         -|   0|  0|  20|          13|          13|
    |sub_ln73_71_fu_9800_p2            |         -|   0|  0|  19|           1|          12|
    |sub_ln73_72_fu_9806_p2            |         -|   0|  0|  17|          12|          12|
    |sub_ln73_73_fu_9835_p2            |         -|   0|  0|  17|           1|          13|
    |sub_ln73_74_fu_9841_p2            |         -|   0|  0|  17|          13|          13|
    |sub_ln73_75_fu_9858_p2            |         -|   0|  0|  20|          13|          13|
    |sub_ln73_76_fu_9881_p2            |         -|   0|  0|  17|           1|          12|
    |sub_ln73_77_fu_9915_p2            |         -|   0|  0|  17|          12|          12|
    |sub_ln73_78_fu_10303_p2           |         -|   0|  0|  20|           1|          13|
    |sub_ln73_79_fu_10309_p2           |         -|   0|  0|  17|          13|          13|
    |sub_ln73_7_fu_6144_p2             |         -|   0|  0|  17|          12|          12|
    |sub_ln73_80_fu_7961_p2            |         -|   0|  0|  19|          12|          12|
    |sub_ln73_81_fu_10376_p2           |         -|   0|  0|  16|          14|          14|
    |sub_ln73_82_fu_10399_p2           |         -|   0|  0|  21|          14|          14|
    |sub_ln73_83_fu_10439_p2           |         -|   0|  0|  20|          13|          13|
    |sub_ln73_84_fu_10471_p2           |         -|   0|  0|  19|           1|          12|
    |sub_ln73_85_fu_10477_p2           |         -|   0|  0|  17|          12|          12|
    |sub_ln73_86_fu_10506_p2           |         -|   0|  0|  17|           1|          13|
    |sub_ln73_87_fu_10512_p2           |         -|   0|  0|  17|          13|          13|
    |sub_ln73_88_fu_10529_p2           |         -|   0|  0|  20|          13|          13|
    |sub_ln73_89_fu_10552_p2           |         -|   0|  0|  17|           1|          12|
    |sub_ln73_8_fu_6167_p2             |         -|   0|  0|  20|           1|          13|
    |sub_ln73_90_fu_10586_p2           |         -|   0|  0|  17|          12|          12|
    |sub_ln73_91_fu_10974_p2           |         -|   0|  0|  20|           1|          13|
    |sub_ln73_92_fu_10980_p2           |         -|   0|  0|  17|          13|          13|
    |sub_ln73_93_fu_8151_p2            |         -|   0|  0|  20|          13|          13|
    |sub_ln73_94_fu_11047_p2           |         -|   0|  0|  16|          14|          14|
    |sub_ln73_95_fu_11070_p2           |         -|   0|  0|  21|          14|          14|
    |sub_ln73_96_fu_11110_p2           |         -|   0|  0|  20|          13|          13|
    |sub_ln73_97_fu_11142_p2           |         -|   0|  0|  19|           1|          12|
    |sub_ln73_98_fu_11148_p2           |         -|   0|  0|  17|          12|          12|
    |sub_ln73_99_fu_11177_p2           |         -|   0|  0|  17|           1|          13|
    |sub_ln73_9_fu_6173_p2             |         -|   0|  0|  17|          13|          13|
    |sub_ln73_fu_5982_p2               |         -|   0|  0|  17|           1|          13|
    |and_ln275_fu_5730_p2              |       and|   0|  0|   2|           1|           1|
    |ap_block_state2_pp0_stage1_iter0  |       and|   0|  0|   2|           1|           1|
    |ap_block_state3_pp0_stage0_iter1  |       and|   0|  0|   2|           1|           1|
    |ap_block_state4_pp0_stage1_iter1  |       and|   0|  0|   2|           1|           1|
    |ap_condition_131                  |       and|   0|  0|   2|           1|           1|
    |ap_condition_419                  |       and|   0|  0|   2|           1|           1|
    |ap_condition_4810                 |       and|   0|  0|   2|           1|           1|
    |ap_condition_4816                 |       and|   0|  0|   2|           1|           1|
    |ap_condition_4820                 |       and|   0|  0|   2|           1|           1|
    |ap_condition_4823                 |       and|   0|  0|   2|           1|           1|
    |icmp_ln205_fu_5588_p2             |      icmp|   0|  0|  16|           8|           9|
    |icmp_ln226_fu_5600_p2             |      icmp|   0|  0|  39|          32|           2|
    |icmp_ln275_1_fu_5724_p2           |      icmp|   0|  0|  39|          32|           1|
    |icmp_ln275_fu_5718_p2             |      icmp|   0|  0|  15|           8|           1|
    |ap_block_pp0_stage0_01001         |        or|   0|  0|   2|           1|           1|
    |ap_block_pp0_stage1_01001         |        or|   0|  0|   2|           1|           1|
    |pair_phase_3_fu_5822_p3           |    select|   0|  0|  32|           1|           1|
    |ap_enable_pp0                     |       xor|   0|  0|   2|           1|           2|
    +----------------------------------+----------+----+---+----+------------+------------+
    |Total                             |          |   0|  0|8231|        5498|        5630|
    +----------------------------------+----------+----+---+----+------------+------------+

    * Multiplexer: 
    +-------------------------------+----+-----------+-----+-----------+
    |              Name             | LUT| Input Size| Bits| Total Bits|
    +-------------------------------+----+-----------+-----+-----------+
    |ap_NS_fsm                      |  14|          3|    1|          3|
    |ap_done_int                    |   9|          2|    1|          2|
    |ap_enable_reg_pp0_iter0        |   9|          2|    1|          2|
    |ap_enable_reg_pp0_iter1        |   9|          2|    1|          2|
    |ap_sig_allocacmp_i_pair_1      |   9|          2|    8|         16|
    |ap_sig_allocacmp_pair_phase_2  |   9|          2|   32|         64|
    |grp_fu_231_p0                  |  14|          3|    9|         27|
    |grp_fu_233_p0                  |  14|          3|    9|         27|
    |grp_fu_239_p0                  |  14|          3|    9|         27|
    |grp_fu_239_p1                  |  14|          3|    6|         18|
    |grp_fu_240_p0                  |  14|          3|    9|         27|
    |grp_fu_240_p1                  |  14|          3|    6|         18|
    |grp_fu_245_p0                  |  14|          3|    9|         27|
    |grp_fu_248_p0                  |  14|          3|    9|         27|
    |grp_fu_248_p1                  |  14|          3|    6|         18|
    |grp_fu_252_p0                  |  14|          3|    9|         27|
    |grp_fu_253_p0                  |  14|          3|    9|         27|
    |grp_fu_253_p1                  |  14|          3|    6|         18|
    |grp_fu_254_p0                  |  14|          3|    9|         27|
    |grp_fu_255_p0                  |  14|          3|    9|         27|
    |grp_fu_256_p0                  |  14|          3|    9|         27|
    |grp_fu_257_p0                  |  14|          3|    9|         27|
    |grp_fu_257_p1                  |  14|          3|    5|         15|
    |grp_fu_258_p0                  |  14|          3|    9|         27|
    |grp_fu_258_p1                  |  14|          3|    5|         15|
    |grp_fu_259_p0                  |  14|          3|    9|         27|
    |grp_fu_259_p1                  |  14|          3|    5|         15|
    |grp_fu_260_p0                  |  14|          3|    9|         27|
    |grp_fu_262_p0                  |  14|          3|    9|         27|
    |grp_fu_262_p1                  |  14|          3|    5|         15|
    |i_pair_fu_146                  |   9|          2|    8|         16|
    |input_layer_TDATA_blk_n        |   9|          2|    1|          2|
    |layer4x4_out_blk_n             |   9|          2|    1|          2|
    |layer4x4_out_din               |  14|          3|  448|       1344|
    |pair_phase_fu_150              |   9|          2|   32|         64|
    |real_start                     |   9|          2|    1|          2|
    |reg_3150                       |   9|          2|   15|         30|
    |reg_3154                       |   9|          2|   15|         30|
    |reg_3162                       |   9|          2|   14|         28|
    |reg_3166                       |   9|          2|   14|         28|
    |reg_3174                       |   9|          2|   15|         30|
    |reg_3178                       |   9|          2|   14|         28|
    |reg_3182                       |   9|          2|   14|         28|
    |reg_3194                       |   9|          2|   15|         30|
    |reg_3198                       |   9|          2|   14|         28|
    |reg_3202                       |   9|          2|   14|         28|
    |reg_3206                       |   9|          2|   14|         28|
    |reg_3222                       |   9|          2|   14|         28|
    +-------------------------------+----+-----------+-----+-----------+
    |Total                          | 562|        122|  895|       2427|
    +-------------------------------+----+-----------+-----+-----------+

    * Register: 
    +-----------------------------------+----+----+-----+-----------+
    |                Name               | FF | LUT| Bits| Const Bits|
    +-----------------------------------+----+----+-----+-----------+
    |a_10_fu_194                        |   9|   0|    9|          0|
    |a_11_fu_198                        |   9|   0|    9|          0|
    |a_12_fu_202                        |   9|   0|    9|          0|
    |a_13_fu_206                        |   9|   0|    9|          0|
    |a_14_fu_210                        |   9|   0|    9|          0|
    |a_15_fu_214                        |   9|   0|    9|          0|
    |a_1_fu_158                         |   9|   0|    9|          0|
    |a_1_load_reg_11972                 |   9|   0|    9|          0|
    |a_2_fu_162                         |   9|   0|    9|          0|
    |a_2_load_reg_11982                 |   9|   0|    9|          0|
    |a_3_fu_166                         |   9|   0|    9|          0|
    |a_3_load_reg_11992                 |   9|   0|    9|          0|
    |a_4_fu_170                         |   9|   0|    9|          0|
    |a_5_fu_174                         |   9|   0|    9|          0|
    |a_6_fu_178                         |   9|   0|    9|          0|
    |a_7_fu_182                         |   9|   0|    9|          0|
    |a_8_fu_186                         |   9|   0|    9|          0|
    |a_9_fu_190                         |   9|   0|    9|          0|
    |a_fu_154                           |   9|   0|    9|          0|
    |a_load_reg_11962                   |   9|   0|    9|          0|
    |add_ln58_116_reg_12264             |  13|   0|   13|          0|
    |add_ln58_119_reg_12269             |  15|   0|   15|          0|
    |add_ln58_121_reg_12274             |  14|   0|   14|          0|
    |add_ln58_14_reg_12114              |  13|   0|   13|          0|
    |add_ln58_153_reg_12294             |  10|   0|   10|          0|
    |add_ln58_17_reg_12119              |  15|   0|   15|          0|
    |add_ln58_185_reg_12299             |  10|   0|   10|          0|
    |add_ln58_19_reg_12124              |  14|   0|   14|          0|
    |add_ln58_217_reg_12304             |  10|   0|   10|          0|
    |add_ln58_249_reg_12309             |  10|   0|   10|          0|
    |add_ln58_48_reg_12164              |  13|   0|   13|          0|
    |add_ln58_51_reg_12169              |  15|   0|   15|          0|
    |add_ln58_53_reg_12174              |  14|   0|   14|          0|
    |add_ln58_82_reg_12214              |  13|   0|   13|          0|
    |add_ln58_85_reg_12219              |  15|   0|   15|          0|
    |add_ln58_87_reg_12224              |  14|   0|   14|          0|
    |and_ln275_reg_12002                |   1|   0|    1|          0|
    |and_ln275_reg_12002_pp0_iter1_reg  |   1|   0|    1|          0|
    |ap_CS_fsm                          |   2|   0|    2|          0|
    |ap_done_reg                        |   1|   0|    1|          0|
    |ap_enable_reg_pp0_iter0_reg        |   1|   0|    1|          0|
    |ap_enable_reg_pp0_iter1            |   1|   0|    1|          0|
    |i_pair_fu_146                      |   8|   0|    8|          0|
    |icmp_ln205_reg_11954               |   1|   0|    1|          0|
    |icmp_ln226_reg_11958               |   1|   0|    1|          0|
    |kernel_data_21_reg_11898           |   9|   0|    9|          0|
    |kernel_data_22_reg_12026           |   9|   0|    9|          0|
    |kernel_data_23_reg_11859           |   9|   0|    9|          0|
    |kernel_data_24_reg_11912           |   9|   0|    9|          0|
    |kernel_data_25_reg_12034           |   9|   0|    9|          0|
    |kernel_data_26_reg_11872           |   9|   0|    9|          0|
    |kernel_data_27_reg_11926           |   9|   0|    9|          0|
    |kernel_data_28_reg_12042           |   9|   0|    9|          0|
    |kernel_data_29_reg_11885           |   9|   0|    9|          0|
    |kernel_data_30_reg_11940           |   9|   0|    9|          0|
    |kernel_data_31_reg_12050           |   9|   0|    9|          0|
    |kernel_data_32_reg_12058           |   9|   0|    9|          0|
    |kernel_data_33_reg_12067           |   9|   0|    9|          0|
    |kernel_data_34_reg_12076           |   9|   0|    9|          0|
    |kernel_data_35_reg_12085           |   9|   0|    9|          0|
    |kernel_data_reg_11846              |   9|   0|    9|          0|
    |mul_ln73_11_reg_3190               |  15|   0|   15|          0|
    |mul_ln73_16_reg_3210               |  15|   0|   15|          0|
    |mul_ln73_17_reg_3214               |  15|   0|   15|          0|
    |mul_ln73_21_reg_5190               |  14|   0|   14|          0|
    |mul_ln73_23_reg_5211               |  14|   0|   14|          0|
    |mul_ln73_25_reg_5202               |  14|   0|   14|          0|
    |mul_ln73_27_reg_5196               |  14|   0|   14|          0|
    |mul_ln73_6_reg_3170                |  15|   0|   15|          0|
    |pair_phase_fu_150                  |  32|   0|   32|          0|
    |reg_3146                           |  14|   0|   14|          0|
    |reg_3150                           |  15|   0|   15|          0|
    |reg_3154                           |  15|   0|   15|          0|
    |reg_3158                           |  14|   0|   14|          0|
    |reg_3162                           |  14|   0|   14|          0|
    |reg_3166                           |  14|   0|   14|          0|
    |reg_3174                           |  15|   0|   15|          0|
    |reg_3178                           |  14|   0|   14|          0|
    |reg_3182                           |  14|   0|   14|          0|
    |reg_3186                           |  14|   0|   14|          0|
    |reg_3194                           |  15|   0|   15|          0|
    |reg_3198                           |  14|   0|   14|          0|
    |reg_3202                           |  14|   0|   14|          0|
    |reg_3206                           |  14|   0|   14|          0|
    |reg_3218                           |  14|   0|   14|          0|
    |reg_3222                           |  14|   0|   14|          0|
    |reg_5532                           |   9|   0|    9|          0|
    |reg_5536                           |   9|   0|    9|          0|
    |reg_5540                           |   9|   0|    9|          0|
    |reg_5544                           |   9|   0|    9|          0|
    |res_out_11_reg_12179               |  15|   0|   15|          0|
    |res_out_12_reg_12184               |  15|   0|   15|          0|
    |res_out_13_reg_12189               |  14|   0|   14|          0|
    |res_out_14_reg_12204               |  15|   0|   15|          0|
    |res_out_15_reg_12209               |  15|   0|   15|          0|
    |res_out_18_reg_12229               |  15|   0|   15|          0|
    |res_out_19_reg_12234               |  15|   0|   15|          0|
    |res_out_1_reg_12109                |  15|   0|   15|          0|
    |res_out_20_reg_12239               |  14|   0|   14|          0|
    |res_out_21_reg_12254               |  15|   0|   15|          0|
    |res_out_22_reg_12259               |  15|   0|   15|          0|
    |res_out_25_reg_12279               |  15|   0|   15|          0|
    |res_out_26_reg_12284               |  15|   0|   15|          0|
    |res_out_27_reg_12289               |  14|   0|   14|          0|
    |res_out_28_reg_12314               |  15|   0|   15|          0|
    |res_out_29_reg_12319               |  15|   0|   15|          0|
    |res_out_30_reg_12324               |  15|   0|   15|          0|
    |res_out_31_reg_12329               |  16|   0|   16|          0|
    |res_out_32_reg_12334               |  15|   0|   15|          0|
    |res_out_33_reg_12339               |  15|   0|   15|          0|
    |res_out_34_reg_12344               |  14|   0|   14|          0|
    |res_out_35_reg_12349               |  15|   0|   15|          0|
    |res_out_36_reg_12354               |  15|   0|   15|          0|
    |res_out_37_reg_12359               |  15|   0|   15|          0|
    |res_out_38_reg_12364               |  16|   0|   16|          0|
    |res_out_39_reg_12369               |  15|   0|   15|          0|
    |res_out_40_reg_12374               |  15|   0|   15|          0|
    |res_out_41_reg_12379               |  14|   0|   14|          0|
    |res_out_42_reg_12384               |  15|   0|   15|          0|
    |res_out_43_reg_12389               |  15|   0|   15|          0|
    |res_out_44_reg_12394               |  15|   0|   15|          0|
    |res_out_45_reg_12399               |  16|   0|   16|          0|
    |res_out_46_reg_12404               |  15|   0|   15|          0|
    |res_out_47_reg_12409               |  15|   0|   15|          0|
    |res_out_48_reg_12414               |  14|   0|   14|          0|
    |res_out_49_reg_12419               |  15|   0|   15|          0|
    |res_out_4_reg_12129                |  15|   0|   15|          0|
    |res_out_50_reg_12424               |  15|   0|   15|          0|
    |res_out_51_reg_12429               |  15|   0|   15|          0|
    |res_out_52_reg_12434               |  16|   0|   16|          0|
    |res_out_53_reg_12439               |  15|   0|   15|          0|
    |res_out_54_reg_12444               |  15|   0|   15|          0|
    |res_out_55_reg_12449               |  14|   0|   14|          0|
    |res_out_5_reg_12134                |  15|   0|   15|          0|
    |res_out_6_reg_12139                |  14|   0|   14|          0|
    |res_out_7_reg_12154                |  15|   0|   15|          0|
    |res_out_8_reg_12159                |  15|   0|   15|          0|
    |res_out_reg_12104                  |  15|   0|   15|          0|
    |sext_ln58_150_reg_12006            |  14|   0|   14|          0|
    |sext_ln58_190_reg_12011            |  14|   0|   14|          0|
    |sext_ln58_231_reg_12016            |  14|   0|   14|          0|
    |sext_ln58_270_reg_12021            |  14|   0|   14|          0|
    |shl_ln73_10_reg_12099              |   9|   0|   12|          3|
    |shl_ln73_29_reg_12149              |   9|   0|   12|          3|
    |shl_ln73_46_reg_12199              |   9|   0|   12|          3|
    |shl_ln73_62_reg_12249              |   9|   0|   12|          3|
    |start_once_reg                     |   1|   0|    1|          0|
    |sub_ln73_17_reg_12144              |  14|   0|   14|          0|
    |sub_ln73_30_reg_12194              |  14|   0|   14|          0|
    |sub_ln73_43_reg_12244              |  14|   0|   14|          0|
    |sub_ln73_4_reg_12094               |  14|   0|   14|          0|
    +-----------------------------------+----+----+-----+-----------+
    |Total                              |1826|   0| 1838|         12|
    +-----------------------------------+----+----+-----+-----------+



================================================================
== Interface
================================================================
* Summary: 
+-----------------------------+-----+-----+------------+---------------------------------------------------------------------------+--------------+
|          RTL Ports          | Dir | Bits|  Protocol  |                               Source Object                               |    C Type    |
+-----------------------------+-----+-----+------------+---------------------------------------------------------------------------+--------------+
|ap_clk                       |   in|    1|  ap_ctrl_hs|  first_conv_2row_4lane_temporal_wide_cl<array,array<ap_fixed,28u>,config4>|  return value|
|ap_rst                       |   in|    1|  ap_ctrl_hs|  first_conv_2row_4lane_temporal_wide_cl<array,array<ap_fixed,28u>,config4>|  return value|
|ap_start                     |   in|    1|  ap_ctrl_hs|  first_conv_2row_4lane_temporal_wide_cl<array,array<ap_fixed,28u>,config4>|  return value|
|start_full_n                 |   in|    1|  ap_ctrl_hs|  first_conv_2row_4lane_temporal_wide_cl<array,array<ap_fixed,28u>,config4>|  return value|
|ap_done                      |  out|    1|  ap_ctrl_hs|  first_conv_2row_4lane_temporal_wide_cl<array,array<ap_fixed,28u>,config4>|  return value|
|ap_continue                  |   in|    1|  ap_ctrl_hs|  first_conv_2row_4lane_temporal_wide_cl<array,array<ap_fixed,28u>,config4>|  return value|
|ap_idle                      |  out|    1|  ap_ctrl_hs|  first_conv_2row_4lane_temporal_wide_cl<array,array<ap_fixed,28u>,config4>|  return value|
|ap_ready                     |  out|    1|  ap_ctrl_hs|  first_conv_2row_4lane_temporal_wide_cl<array,array<ap_fixed,28u>,config4>|  return value|
|start_out                    |  out|    1|  ap_ctrl_hs|  first_conv_2row_4lane_temporal_wide_cl<array,array<ap_fixed,28u>,config4>|  return value|
|start_write                  |  out|    1|  ap_ctrl_hs|  first_conv_2row_4lane_temporal_wide_cl<array,array<ap_fixed,28u>,config4>|  return value|
|input_layer_TVALID           |   in|    1|        axis|                                                                input_layer|       pointer|
|input_layer_TDATA            |   in|  128|        axis|                                                                input_layer|       pointer|
|input_layer_TREADY           |  out|    1|        axis|                                                                input_layer|       pointer|
|layer4x4_out_din             |  out|  448|     ap_fifo|                                                               layer4x4_out|       pointer|
|layer4x4_out_num_data_valid  |   in|    3|     ap_fifo|                                                               layer4x4_out|       pointer|
|layer4x4_out_fifo_cap        |   in|    3|     ap_fifo|                                                               layer4x4_out|       pointer|
|layer4x4_out_full_n          |   in|    1|     ap_fifo|                                                               layer4x4_out|       pointer|
|layer4x4_out_write           |  out|    1|     ap_fifo|                                                               layer4x4_out|       pointer|
+-----------------------------+-----+-----+------------+---------------------------------------------------------------------------+--------------+

