

================================================================
== Vitis HLS Report for 'first_conv_2row_4lane_temporal_wide_cl_array_array_ap_fixed_28u_config4_s'
================================================================
* Date:           Wed Jun  3 16:05:27 2026

* Version:        2023.2 (Build 4023990 on Oct 11 2023)
* Project:        cnn_core_streaming_prj
* Solution:       solution1 (Vivado IP Flow Target)
* Product family: kintexuplus
* Target device:  xcku5p-ffvb676-2-e


================================================================
== Performance Estimates
================================================================
+ Timing: 
    * Summary: 
    +--------+---------+----------+------------+
    |  Clock |  Target | Estimated| Uncertainty|
    +--------+---------+----------+------------+
    |ap_clk  |  5.00 ns|  3.349 ns|     1.35 ns|
    +--------+---------+----------+------------+

+ Latency: 
    * Summary: 
    +---------+---------+----------+----------+-----+-----+---------+
    |  Latency (cycles) |  Latency (absolute) |  Interval | Pipeline|
    |   min   |   max   |    min   |    max   | min | max |   Type  |
    +---------+---------+----------+----------+-----+-----+---------+
    |      259|      259|  1.295 us|  1.295 us|  259|  259|       no|
    +---------+---------+----------+----------+-----+-----+---------+

    + Detail: 
        * Instance: 
        N/A

        * Loop: 
        +------------------+---------+---------+----------+-----------+-----------+------+----------+
        |                  |  Latency (cycles) | Iteration|  Initiation Interval  | Trip |          |
        |     Loop Name    |   min   |   max   |  Latency |  achieved |   target  | Count| Pipelined|
        +------------------+---------+---------+----------+-----------+-----------+------+----------+
        |- ReadInputsWide  |      257|      257|         3|          1|          1|   256|       yes|
        +------------------+---------+---------+----------+-----------+-----------+------+----------+



================================================================
== Utilization Estimates
================================================================
* Summary: 
+-----------------+---------+------+--------+--------+-----+
|       Name      | BRAM_18K|  DSP |   FF   |   LUT  | URAM|
+-----------------+---------+------+--------+--------+-----+
|DSP              |        -|     -|       -|       -|    -|
|Expression       |        -|     -|       0|    4604|    -|
|FIFO             |        -|     -|       -|       -|    -|
|Instance         |        -|     0|       0|    1400|    -|
|Memory           |        -|     -|       -|       -|    -|
|Multiplexer      |        -|     -|       -|     137|    -|
|Register         |        -|     -|     751|       -|    -|
+-----------------+---------+------+--------+--------+-----+
|Total            |        0|     0|     751|    6141|    0|
+-----------------+---------+------+--------+--------+-----+
|Available        |      960|  1824|  433920|  216960|   64|
+-----------------+---------+------+--------+--------+-----+
|Utilization (%)  |        0|     0|      ~0|       2|    0|
+-----------------+---------+------+--------+--------+-----+

+ Detail: 
    * Instance: 
    +-----------------------+-------------------+---------+----+---+----+-----+
    |        Instance       |       Module      | BRAM_18K| DSP| FF| LUT| URAM|
    +-----------------------+-------------------+---------+----+---+----+-----+
    |mul_9s_5ns_14_1_1_U2   |mul_9s_5ns_14_1_1  |        0|   0|  0|  50|    0|
    |mul_9s_5ns_14_1_1_U3   |mul_9s_5ns_14_1_1  |        0|   0|  0|  50|    0|
    |mul_9s_5ns_14_1_1_U4   |mul_9s_5ns_14_1_1  |        0|   0|  0|  50|    0|
    |mul_9s_5ns_14_1_1_U5   |mul_9s_5ns_14_1_1  |        0|   0|  0|  50|    0|
    |mul_9s_5ns_14_1_1_U7   |mul_9s_5ns_14_1_1  |        0|   0|  0|  50|    0|
    |mul_9s_5ns_14_1_1_U9   |mul_9s_5ns_14_1_1  |        0|   0|  0|  50|    0|
    |mul_9s_5ns_14_1_1_U10  |mul_9s_5ns_14_1_1  |        0|   0|  0|  50|    0|
    |mul_9s_5ns_14_1_1_U14  |mul_9s_5ns_14_1_1  |        0|   0|  0|  50|    0|
    |mul_9s_5ns_14_1_1_U20  |mul_9s_5ns_14_1_1  |        0|   0|  0|  50|    0|
    |mul_9s_5ns_14_1_1_U21  |mul_9s_5ns_14_1_1  |        0|   0|  0|  50|    0|
    |mul_9s_5ns_14_1_1_U24  |mul_9s_5ns_14_1_1  |        0|   0|  0|  50|    0|
    |mul_9s_5ns_14_1_1_U26  |mul_9s_5ns_14_1_1  |        0|   0|  0|  50|    0|
    |mul_9s_6ns_14_1_1_U1   |mul_9s_6ns_14_1_1  |        0|   0|  0|  50|    0|
    |mul_9s_6ns_14_1_1_U6   |mul_9s_6ns_14_1_1  |        0|   0|  0|  50|    0|
    |mul_9s_6ns_14_1_1_U8   |mul_9s_6ns_14_1_1  |        0|   0|  0|  50|    0|
    |mul_9s_6ns_14_1_1_U11  |mul_9s_6ns_14_1_1  |        0|   0|  0|  50|    0|
    |mul_9s_6ns_14_1_1_U15  |mul_9s_6ns_14_1_1  |        0|   0|  0|  50|    0|
    |mul_9s_6ns_14_1_1_U18  |mul_9s_6ns_14_1_1  |        0|   0|  0|  50|    0|
    |mul_9s_6ns_14_1_1_U19  |mul_9s_6ns_14_1_1  |        0|   0|  0|  50|    0|
    |mul_9s_6ns_14_1_1_U25  |mul_9s_6ns_14_1_1  |        0|   0|  0|  50|    0|
    |mul_9s_6ns_15_1_1_U12  |mul_9s_6ns_15_1_1  |        0|   0|  0|  50|    0|
    |mul_9s_6ns_15_1_1_U16  |mul_9s_6ns_15_1_1  |        0|   0|  0|  50|    0|
    |mul_9s_6ns_15_1_1_U22  |mul_9s_6ns_15_1_1  |        0|   0|  0|  50|    0|
    |mul_9s_6ns_15_1_1_U28  |mul_9s_6ns_15_1_1  |        0|   0|  0|  50|    0|
    |mul_9s_6s_15_1_1_U13   |mul_9s_6s_15_1_1   |        0|   0|  0|  50|    0|
    |mul_9s_6s_15_1_1_U17   |mul_9s_6s_15_1_1   |        0|   0|  0|  50|    0|
    |mul_9s_6s_15_1_1_U23   |mul_9s_6s_15_1_1   |        0|   0|  0|  50|    0|
    |mul_9s_6s_15_1_1_U27   |mul_9s_6s_15_1_1   |        0|   0|  0|  50|    0|
    +-----------------------+-------------------+---------+----+---+----+-----+
    |Total                  |                   |        0|   0|  0|1400|    0|
    +-----------------------+-------------------+---------+----+---+----+-----+

    * DSP: 
    N/A

    * Memory: 
    N/A

    * FIFO: 
    N/A

    * Expression: 
    +----------------------------------+----------+----+---+-----+------------+------------+
    |           Variable Name          | Operation| DSP| FF| LUT | Bitwidth P0| Bitwidth P1|
    +----------------------------------+----------+----+---+-----+------------+------------+
    |add_ln286_fu_4637_p2              |         +|   0|  0|   39|          32|           1|
    |add_ln58_100_fu_6836_p2           |         +|   0|  0|   20|          13|          13|
    |add_ln58_102_fu_7227_p2           |         +|   0|  0|   16|          14|          11|
    |add_ln58_103_fu_7237_p2           |         +|   0|  0|   19|          12|          11|
    |add_ln58_104_fu_7271_p2           |         +|   0|  0|   17|          13|          13|
    |add_ln58_105_fu_7281_p2           |         +|   0|  0|   16|          14|          14|
    |add_ln58_106_fu_7291_p2           |         +|   0|  0|   16|          14|          14|
    |add_ln58_108_fu_7321_p2           |         +|   0|  0|   20|          13|          13|
    |add_ln58_109_fu_7311_p2           |         +|   0|  0|   19|          12|          11|
    |add_ln58_10_fu_5204_p2            |         +|   0|  0|   21|          14|          14|
    |add_ln58_110_fu_7341_p2           |         +|   0|  0|   21|          14|          14|
    |add_ln58_111_fu_7331_p2           |         +|   0|  0|   20|          13|          13|
    |add_ln58_112_fu_7351_p2           |         +|   0|  0|   21|          14|          14|
    |add_ln58_113_fu_7371_p2           |         +|   0|  0|   21|          14|          14|
    |add_ln58_115_fu_7381_p2           |         +|   0|  0|   16|          15|          15|
    |add_ln58_116_fu_7387_p2           |         +|   0|  0|   20|          13|          13|
    |add_ln58_117_fu_7403_p2           |         +|   0|  0|   21|          14|          10|
    |add_ln58_119_fu_7419_p2           |         +|   0|  0|   16|          15|          15|
    |add_ln58_11_fu_5214_p2            |         +|   0|  0|   21|          14|          14|
    |add_ln58_120_fu_7413_p2           |         +|   0|  0|   16|          15|          15|
    |add_ln58_121_fu_7425_p2           |         +|   0|  0|   21|          14|          14|
    |add_ln58_122_fu_7435_p2           |         +|   0|  0|   17|          13|           8|
    |add_ln58_124_fu_7445_p2           |         +|   0|  0|   16|          14|          14|
    |add_ln58_125_fu_7465_p2           |         +|   0|  0|   16|          14|          14|
    |add_ln58_127_fu_7485_p2           |         +|   0|  0|   17|          13|           7|
    |add_ln58_128_fu_7501_p2           |         +|   0|  0|   16|          15|          15|
    |add_ln58_129_fu_7507_p2           |         +|   0|  0|   21|          14|          14|
    |add_ln58_12_fu_7672_p2            |         +|   0|  0|   21|          14|          14|
    |add_ln58_131_fu_7523_p2           |         +|   0|  0|   17|          10|           8|
    |add_ln58_132_fu_7533_p2           |         +|   0|  0|   17|          12|          12|
    |add_ln58_133_fu_7543_p2           |         +|   0|  0|   17|          12|          12|
    |add_ln58_134_fu_7553_p2           |         +|   0|  0|   20|          13|          13|
    |add_ln58_13_fu_5224_p2            |         +|   0|  0|   16|          15|          15|
    |add_ln58_14_fu_5230_p2            |         +|   0|  0|   20|          13|          13|
    |add_ln58_15_fu_5246_p2            |         +|   0|  0|   21|          14|          10|
    |add_ln58_17_fu_5262_p2            |         +|   0|  0|   16|          15|          15|
    |add_ln58_18_fu_5256_p2            |         +|   0|  0|   16|          15|          15|
    |add_ln58_19_fu_5268_p2            |         +|   0|  0|   21|          14|          14|
    |add_ln58_1_fu_5094_p2             |         +|   0|  0|   19|          12|          11|
    |add_ln58_20_fu_5278_p2            |         +|   0|  0|   17|          13|           8|
    |add_ln58_22_fu_5288_p2            |         +|   0|  0|   16|          14|          14|
    |add_ln58_23_fu_5308_p2            |         +|   0|  0|   16|          14|          14|
    |add_ln58_25_fu_5328_p2            |         +|   0|  0|   17|          13|           7|
    |add_ln58_26_fu_5344_p2            |         +|   0|  0|   16|          15|          15|
    |add_ln58_27_fu_5350_p2            |         +|   0|  0|   21|          14|          14|
    |add_ln58_29_fu_5366_p2            |         +|   0|  0|   17|          10|           8|
    |add_ln58_2_fu_5128_p2             |         +|   0|  0|   17|          13|          13|
    |add_ln58_30_fu_5376_p2            |         +|   0|  0|   17|          12|          12|
    |add_ln58_31_fu_5386_p2            |         +|   0|  0|   17|          12|          12|
    |add_ln58_32_fu_5396_p2            |         +|   0|  0|   20|          13|          13|
    |add_ln58_34_fu_5787_p2            |         +|   0|  0|   16|          14|          11|
    |add_ln58_35_fu_5797_p2            |         +|   0|  0|   19|          12|          11|
    |add_ln58_36_fu_5831_p2            |         +|   0|  0|   17|          13|          13|
    |add_ln58_37_fu_5841_p2            |         +|   0|  0|   16|          14|          14|
    |add_ln58_38_fu_5851_p2            |         +|   0|  0|   16|          14|          14|
    |add_ln58_3_fu_5138_p2             |         +|   0|  0|   16|          14|          14|
    |add_ln58_40_fu_5881_p2            |         +|   0|  0|   20|          13|          13|
    |add_ln58_41_fu_5871_p2            |         +|   0|  0|   19|          12|          11|
    |add_ln58_42_fu_5901_p2            |         +|   0|  0|   21|          14|          14|
    |add_ln58_43_fu_5891_p2            |         +|   0|  0|   20|          13|          13|
    |add_ln58_44_fu_5911_p2            |         +|   0|  0|   21|          14|          14|
    |add_ln58_45_fu_5937_p2            |         +|   0|  0|   21|          14|          14|
    |add_ln58_47_fu_5947_p2            |         +|   0|  0|   16|          15|          15|
    |add_ln58_48_fu_5953_p2            |         +|   0|  0|   20|          13|          13|
    |add_ln58_49_fu_5969_p2            |         +|   0|  0|   21|          14|          10|
    |add_ln58_4_fu_5148_p2             |         +|   0|  0|   16|          14|          14|
    |add_ln58_50_fu_5921_p2            |         +|   0|  0|   21|          14|          14|
    |add_ln58_51_fu_5985_p2            |         +|   0|  0|   16|          15|          15|
    |add_ln58_52_fu_5979_p2            |         +|   0|  0|   16|          15|          15|
    |add_ln58_53_fu_5991_p2            |         +|   0|  0|   21|          14|          14|
    |add_ln58_54_fu_6001_p2            |         +|   0|  0|   17|          13|           8|
    |add_ln58_56_fu_6011_p2            |         +|   0|  0|   16|          14|          14|
    |add_ln58_57_fu_6031_p2            |         +|   0|  0|   16|          14|          14|
    |add_ln58_59_fu_6051_p2            |         +|   0|  0|   17|          13|           7|
    |add_ln58_60_fu_6067_p2            |         +|   0|  0|   16|          15|          15|
    |add_ln58_61_fu_6073_p2            |         +|   0|  0|   21|          14|          14|
    |add_ln58_63_fu_6089_p2            |         +|   0|  0|   17|          10|           8|
    |add_ln58_64_fu_6099_p2            |         +|   0|  0|   17|          12|          12|
    |add_ln58_65_fu_6109_p2            |         +|   0|  0|   17|          12|          12|
    |add_ln58_66_fu_6119_p2            |         +|   0|  0|   20|          13|          13|
    |add_ln58_68_fu_6510_p2            |         +|   0|  0|   16|          14|          11|
    |add_ln58_69_fu_6520_p2            |         +|   0|  0|   19|          12|          11|
    |add_ln58_6_fu_5178_p2             |         +|   0|  0|   20|          13|          13|
    |add_ln58_70_fu_6554_p2            |         +|   0|  0|   17|          13|          13|
    |add_ln58_71_fu_6564_p2            |         +|   0|  0|   16|          14|          14|
    |add_ln58_72_fu_6574_p2            |         +|   0|  0|   16|          14|          14|
    |add_ln58_74_fu_6604_p2            |         +|   0|  0|   20|          13|          13|
    |add_ln58_75_fu_6594_p2            |         +|   0|  0|   19|          12|          11|
    |add_ln58_76_fu_6624_p2            |         +|   0|  0|   21|          14|          14|
    |add_ln58_77_fu_6614_p2            |         +|   0|  0|   20|          13|          13|
    |add_ln58_78_fu_6634_p2            |         +|   0|  0|   21|          14|          14|
    |add_ln58_79_fu_6654_p2            |         +|   0|  0|   21|          14|          14|
    |add_ln58_7_fu_5168_p2             |         +|   0|  0|   19|          12|          11|
    |add_ln58_81_fu_6664_p2            |         +|   0|  0|   16|          15|          15|
    |add_ln58_82_fu_6670_p2            |         +|   0|  0|   20|          13|          13|
    |add_ln58_83_fu_6686_p2            |         +|   0|  0|   21|          14|          10|
    |add_ln58_85_fu_6702_p2            |         +|   0|  0|   16|          15|          15|
    |add_ln58_86_fu_6696_p2            |         +|   0|  0|   16|          15|          15|
    |add_ln58_87_fu_6708_p2            |         +|   0|  0|   21|          14|          14|
    |add_ln58_88_fu_6718_p2            |         +|   0|  0|   17|          13|           8|
    |add_ln58_8_fu_5198_p2             |         +|   0|  0|   21|          14|          14|
    |add_ln58_90_fu_6728_p2            |         +|   0|  0|   16|          14|          14|
    |add_ln58_91_fu_6748_p2            |         +|   0|  0|   16|          14|          14|
    |add_ln58_93_fu_6768_p2            |         +|   0|  0|   17|          13|           7|
    |add_ln58_94_fu_6784_p2            |         +|   0|  0|   16|          15|          15|
    |add_ln58_95_fu_6790_p2            |         +|   0|  0|   21|          14|          14|
    |add_ln58_97_fu_6806_p2            |         +|   0|  0|   17|          10|           8|
    |add_ln58_98_fu_6816_p2            |         +|   0|  0|   17|          12|          12|
    |add_ln58_99_fu_6826_p2            |         +|   0|  0|   17|          12|          12|
    |add_ln58_9_fu_5188_p2             |         +|   0|  0|   20|          13|          13|
    |add_ln58_fu_5084_p2               |         +|   0|  0|   16|          14|          11|
    |add_ln73_10_fu_6287_p2            |         +|   0|  0|   21|          14|          14|
    |add_ln73_11_fu_6492_p2            |         +|   0|  0|   20|          13|          13|
    |add_ln73_12_fu_6921_p2            |         +|   0|  0|   20|          13|          13|
    |add_ln73_13_fu_6927_p2            |         +|   0|  0|   17|          12|          12|
    |add_ln73_14_fu_7004_p2            |         +|   0|  0|   21|          14|          14|
    |add_ln73_15_fu_7209_p2            |         +|   0|  0|   20|          13|          13|
    |add_ln73_1_fu_4784_p2             |         +|   0|  0|   17|          12|          12|
    |add_ln73_2_fu_4861_p2             |         +|   0|  0|   21|          14|          14|
    |add_ln73_3_fu_5066_p2             |         +|   0|  0|   20|          13|          13|
    |add_ln73_4_fu_5481_p2             |         +|   0|  0|   20|          13|          13|
    |add_ln73_5_fu_5487_p2             |         +|   0|  0|   17|          12|          12|
    |add_ln73_6_fu_5564_p2             |         +|   0|  0|   21|          14|          14|
    |add_ln73_7_fu_5769_p2             |         +|   0|  0|   20|          13|          13|
    |add_ln73_8_fu_6204_p2             |         +|   0|  0|   20|          13|          13|
    |add_ln73_9_fu_6210_p2             |         +|   0|  0|   17|          12|          12|
    |add_ln73_fu_4778_p2               |         +|   0|  0|   20|          13|          13|
    |i_row_2_fu_4499_p2                |         +|   0|  0|   16|           9|           1|
    |res_out_10_fu_7700_p2             |         +|   0|  0|   23|          16|          16|
    |res_out_11_fu_6041_p2             |         +|   0|  0|   22|          15|          15|
    |res_out_12_fu_6083_p2             |         +|   0|  0|   16|          15|          15|
    |res_out_13_fu_6129_p2             |         +|   0|  0|   21|          14|          14|
    |res_out_14_fu_6584_p2             |         +|   0|  0|   22|          15|          15|
    |res_out_15_fu_6644_p2             |         +|   0|  0|   22|          15|          15|
    |res_out_16_fu_6680_p2             |         +|   0|  0|   16|          15|          15|
    |res_out_17_fu_7712_p2             |         +|   0|  0|   23|          16|          16|
    |res_out_18_fu_6758_p2             |         +|   0|  0|   22|          15|          15|
    |res_out_19_fu_6800_p2             |         +|   0|  0|   16|          15|          15|
    |res_out_1_fu_7676_p2              |         +|   0|  0|   22|          15|          15|
    |res_out_20_fu_6846_p2             |         +|   0|  0|   21|          14|          14|
    |res_out_21_fu_7301_p2             |         +|   0|  0|   22|          15|          15|
    |res_out_22_fu_7361_p2             |         +|   0|  0|   22|          15|          15|
    |res_out_23_fu_7397_p2             |         +|   0|  0|   16|          15|          15|
    |res_out_24_fu_7724_p2             |         +|   0|  0|   23|          16|          16|
    |res_out_25_fu_7475_p2             |         +|   0|  0|   22|          15|          15|
    |res_out_26_fu_7517_p2             |         +|   0|  0|   16|          15|          15|
    |res_out_27_fu_7563_p2             |         +|   0|  0|   21|          14|          14|
    |res_out_2_fu_5240_p2              |         +|   0|  0|   16|          15|          15|
    |res_out_3_fu_7688_p2              |         +|   0|  0|   23|          16|          16|
    |res_out_4_fu_5318_p2              |         +|   0|  0|   22|          15|          15|
    |res_out_5_fu_5360_p2              |         +|   0|  0|   16|          15|          15|
    |res_out_6_fu_5406_p2              |         +|   0|  0|   21|          14|          14|
    |res_out_7_fu_5861_p2              |         +|   0|  0|   22|          15|          15|
    |res_out_8_fu_5927_p2              |         +|   0|  0|   22|          15|          15|
    |res_out_9_fu_5963_p2              |         +|   0|  0|   16|          15|          15|
    |res_out_fu_5158_p2                |         +|   0|  0|   22|          15|          15|
    |sub_ln58_1_fu_6057_p2             |         -|   0|  0|   17|          13|          13|
    |sub_ln58_2_fu_6774_p2             |         -|   0|  0|   17|          13|          13|
    |sub_ln58_3_fu_7491_p2             |         -|   0|  0|   17|          13|          13|
    |sub_ln58_4_fu_5298_p2             |         -|   0|  0|   19|          12|          12|
    |sub_ln58_5_fu_6021_p2             |         -|   0|  0|   19|          12|          12|
    |sub_ln58_6_fu_6738_p2             |         -|   0|  0|   19|          12|          12|
    |sub_ln58_7_fu_7455_p2             |         -|   0|  0|   19|          12|          12|
    |sub_ln58_fu_5334_p2               |         -|   0|  0|   17|          13|          13|
    |sub_ln73_10_fu_5004_p2            |         -|   0|  0|   20|          13|          13|
    |sub_ln73_11_fu_5036_p2            |         -|   0|  0|   19|           1|          12|
    |sub_ln73_12_fu_5072_p2            |         -|   0|  0|   19|          12|          12|
    |sub_ln73_13_fu_5449_p2            |         -|   0|  0|   17|           1|          13|
    |sub_ln73_14_fu_5455_p2            |         -|   0|  0|   17|          13|          13|
    |sub_ln73_15_fu_5078_p2            |         -|   0|  0|   20|          13|          13|
    |sub_ln73_16_fu_5530_p2            |         -|   0|  0|   16|          14|          14|
    |sub_ln73_17_fu_5554_p2            |         -|   0|  0|   21|          14|          14|
    |sub_ln73_18_fu_5608_p2            |         -|   0|  0|   17|          13|          13|
    |sub_ln73_19_fu_5642_p2            |         -|   0|  0|   19|           1|          12|
    |sub_ln73_1_fu_4752_p2             |         -|   0|  0|   17|          13|          13|
    |sub_ln73_20_fu_5648_p2            |         -|   0|  0|   17|          12|          12|
    |sub_ln73_21_fu_5683_p2            |         -|   0|  0|   20|           1|          13|
    |sub_ln73_22_fu_5689_p2            |         -|   0|  0|   17|          13|          13|
    |sub_ln73_23_fu_5707_p2            |         -|   0|  0|   20|          13|          13|
    |sub_ln73_24_fu_5739_p2            |         -|   0|  0|   19|           1|          12|
    |sub_ln73_25_fu_5775_p2            |         -|   0|  0|   19|          12|          12|
    |sub_ln73_26_fu_6172_p2            |         -|   0|  0|   17|           1|          13|
    |sub_ln73_27_fu_6178_p2            |         -|   0|  0|   17|          13|          13|
    |sub_ln73_28_fu_5548_p2            |         -|   0|  0|   19|          12|          12|
    |sub_ln73_29_fu_6253_p2            |         -|   0|  0|   16|          14|          14|
    |sub_ln73_2_fu_4827_p2             |         -|   0|  0|   16|          14|          14|
    |sub_ln73_30_fu_6277_p2            |         -|   0|  0|   21|          14|          14|
    |sub_ln73_31_fu_6331_p2            |         -|   0|  0|   17|          13|          13|
    |sub_ln73_32_fu_6365_p2            |         -|   0|  0|   19|           1|          12|
    |sub_ln73_33_fu_6371_p2            |         -|   0|  0|   17|          12|          12|
    |sub_ln73_34_fu_6406_p2            |         -|   0|  0|   20|           1|          13|
    |sub_ln73_35_fu_6412_p2            |         -|   0|  0|   17|          13|          13|
    |sub_ln73_36_fu_6430_p2            |         -|   0|  0|   20|          13|          13|
    |sub_ln73_37_fu_6462_p2            |         -|   0|  0|   19|           1|          12|
    |sub_ln73_38_fu_6498_p2            |         -|   0|  0|   19|          12|          12|
    |sub_ln73_39_fu_6889_p2            |         -|   0|  0|   17|           1|          13|
    |sub_ln73_3_fu_4845_p2             |         -|   0|  0|   19|          12|          12|
    |sub_ln73_40_fu_6895_p2            |         -|   0|  0|   17|          13|          13|
    |sub_ln73_41_fu_5781_p2            |         -|   0|  0|   20|          13|          13|
    |sub_ln73_42_fu_6970_p2            |         -|   0|  0|   16|          14|          14|
    |sub_ln73_43_fu_6994_p2            |         -|   0|  0|   21|          14|          14|
    |sub_ln73_44_fu_7048_p2            |         -|   0|  0|   17|          13|          13|
    |sub_ln73_45_fu_7082_p2            |         -|   0|  0|   19|           1|          12|
    |sub_ln73_46_fu_7088_p2            |         -|   0|  0|   17|          12|          12|
    |sub_ln73_47_fu_7123_p2            |         -|   0|  0|   20|           1|          13|
    |sub_ln73_48_fu_7129_p2            |         -|   0|  0|   17|          13|          13|
    |sub_ln73_49_fu_7147_p2            |         -|   0|  0|   20|          13|          13|
    |sub_ln73_4_fu_4851_p2             |         -|   0|  0|   21|          14|          14|
    |sub_ln73_50_fu_7179_p2            |         -|   0|  0|   19|           1|          12|
    |sub_ln73_51_fu_7215_p2            |         -|   0|  0|   19|          12|          12|
    |sub_ln73_52_fu_6271_p2            |         -|   0|  0|   19|          12|          12|
    |sub_ln73_53_fu_6504_p2            |         -|   0|  0|   20|          13|          13|
    |sub_ln73_54_fu_6988_p2            |         -|   0|  0|   19|          12|          12|
    |sub_ln73_55_fu_7221_p2            |         -|   0|  0|   20|          13|          13|
    |sub_ln73_5_fu_4905_p2             |         -|   0|  0|   17|          13|          13|
    |sub_ln73_6_fu_4939_p2             |         -|   0|  0|   19|           1|          12|
    |sub_ln73_7_fu_4945_p2             |         -|   0|  0|   17|          12|          12|
    |sub_ln73_8_fu_4980_p2             |         -|   0|  0|   20|           1|          13|
    |sub_ln73_9_fu_4986_p2             |         -|   0|  0|   17|          13|          13|
    |sub_ln73_fu_4746_p2               |         -|   0|  0|   17|           1|          13|
    |and_ln253_fu_4625_p2              |       and|   0|  0|    2|           1|           1|
    |ap_block_state3_pp0_stage0_iter2  |       and|   0|  0|    2|           1|           1|
    |ap_condition_223                  |       and|   0|  0|    2|           1|           1|
    |ap_predicate_op48_read_state1     |       and|   0|  0|    2|           1|           1|
    |icmp_ln219_fu_4493_p2             |      icmp|   0|  0|   17|           9|          10|
    |icmp_ln253_1_fu_4619_p2           |      icmp|   0|  0|   39|          32|           1|
    |icmp_ln253_fu_4613_p2             |      icmp|   0|  0|   14|           7|           1|
    |icmp_ln286_fu_4631_p2             |      icmp|   0|  0|   39|          32|           2|
    |ap_block_pp0_stage0_01001         |        or|   0|  0|    2|           1|           1|
    |ap_block_state1_pp0_stage0_iter0  |        or|   0|  0|    2|           1|           1|
    |or_ln283_1_fu_7893_p2             |        or|   0|  0|   80|          80|          80|
    |or_ln283_2_fu_7907_p2             |        or|   0|  0|   96|          96|          96|
    |or_ln283_3_fu_7921_p2             |        or|   0|  0|  112|         112|         112|
    |or_ln283_fu_7877_p2               |        or|   0|  0|   48|          48|          48|
    |out_phase_3_fu_4643_p3            |    select|   0|  0|   32|           1|           1|
    |ap_enable_pp0                     |       xor|   0|  0|    2|           1|           2|
    +----------------------------------+----------+----+---+-----+------------+------------+
    |Total                             |          |   0|  0| 4604|        3205|        3197|
    +----------------------------------+----------+----+---+-----+------------+------------+

    * Multiplexer: 
    +-----------------------------------------+----+-----------+-----+-----------+
    |                   Name                  | LUT| Input Size| Bits| Total Bits|
    +-----------------------------------------+----+-----------+-----+-----------+
    |ap_done_int                              |   9|          2|    1|          2|
    |ap_enable_reg_pp0_iter2                  |   9|          2|    1|          2|
    |ap_phi_reg_pp0_iter1_new_row_10_reg_286  |  14|          3|    9|         27|
    |ap_phi_reg_pp0_iter1_new_row_11_reg_277  |  14|          3|    9|         27|
    |ap_phi_reg_pp0_iter1_new_row_8_reg_304   |  14|          3|    9|         27|
    |ap_phi_reg_pp0_iter1_new_row_9_reg_295   |  14|          3|    9|         27|
    |ap_sig_allocacmp_i_row_1                 |   9|          2|    9|         18|
    |ap_sig_allocacmp_out_phase_2             |   9|          2|   32|         64|
    |i_row_fu_176                             |   9|          2|    9|         18|
    |input_layer_TDATA_blk_n                  |   9|          2|    1|          2|
    |layer4x4_out_blk_n                       |   9|          2|    1|          2|
    |out_phase_fu_180                         |   9|          2|   32|         64|
    |real_start                               |   9|          2|    1|          2|
    +-----------------------------------------+----+-----------+-----+-----------+
    |Total                                    | 137|         30|  123|        282|
    +-----------------------------------------+----+-----------+-----+-----------+

    * Register: 
    +-----------------------------------------+----+----+-----+-----------+
    |                   Name                  | FF | LUT| Bits| Const Bits|
    +-----------------------------------------+----+----+-----+-----------+
    |a_10_fu_240                              |   9|   0|    9|          0|
    |a_11_fu_244                              |   9|   0|    9|          0|
    |a_12_fu_248                              |   9|   0|    9|          0|
    |a_13_fu_252                              |   9|   0|    9|          0|
    |a_14_fu_256                              |   9|   0|    9|          0|
    |a_15_fu_260                              |   9|   0|    9|          0|
    |a_1_fu_188                               |   9|   0|    9|          0|
    |a_2_fu_192                               |   9|   0|    9|          0|
    |a_3_fu_196                               |   9|   0|    9|          0|
    |a_4_fu_216                               |   9|   0|    9|          0|
    |a_5_fu_220                               |   9|   0|    9|          0|
    |a_6_fu_224                               |   9|   0|    9|          0|
    |a_7_fu_228                               |   9|   0|    9|          0|
    |a_8_fu_232                               |   9|   0|    9|          0|
    |a_9_fu_236                               |   9|   0|    9|          0|
    |a_fu_184                                 |   9|   0|    9|          0|
    |add_ln58_10_reg_8227                     |  14|   0|   14|          0|
    |add_ln58_119_reg_8353                    |  15|   0|   15|          0|
    |add_ln58_121_reg_8358                    |  14|   0|   14|          0|
    |add_ln58_17_reg_8238                     |  15|   0|   15|          0|
    |add_ln58_19_reg_8243                     |  14|   0|   14|          0|
    |add_ln58_51_reg_8273                     |  15|   0|   15|          0|
    |add_ln58_53_reg_8278                     |  14|   0|   14|          0|
    |add_ln58_85_reg_8313                     |  15|   0|   15|          0|
    |add_ln58_87_reg_8318                     |  14|   0|   14|          0|
    |add_ln58_8_reg_8221                      |  14|   0|   14|          0|
    |and_ln253_reg_8212                       |   1|   0|    1|          0|
    |and_ln253_reg_8212_pp0_iter1_reg         |   1|   0|    1|          0|
    |ap_CS_fsm                                |   1|   0|    1|          0|
    |ap_done_reg                              |   1|   0|    1|          0|
    |ap_enable_reg_pp0_iter1                  |   1|   0|    1|          0|
    |ap_enable_reg_pp0_iter2                  |   1|   0|    1|          0|
    |ap_loop_exit_ready_pp0_iter1_reg         |   1|   0|    1|          0|
    |ap_phi_reg_pp0_iter1_new_row_10_reg_286  |   9|   0|    9|          0|
    |ap_phi_reg_pp0_iter1_new_row_11_reg_277  |   9|   0|    9|          0|
    |ap_phi_reg_pp0_iter1_new_row_8_reg_304   |   9|   0|    9|          0|
    |ap_phi_reg_pp0_iter1_new_row_9_reg_295   |   9|   0|    9|          0|
    |i_row_fu_176                             |   9|   0|    9|          0|
    |icmp_ln219_reg_8184                      |   1|   0|    1|          0|
    |out_phase_fu_180                         |  32|   0|   32|          0|
    |p_0_0_0851_fu_200                        |   9|   0|    9|          0|
    |p_0_0_08_153_fu_204                      |   9|   0|    9|          0|
    |p_0_0_08_255_fu_208                      |   9|   0|    9|          0|
    |p_0_0_08_357_fu_212                      |   9|   0|    9|          0|
    |res_out_11_reg_8283                      |  15|   0|   15|          0|
    |res_out_12_reg_8288                      |  15|   0|   15|          0|
    |res_out_13_reg_8293                      |  14|   0|   14|          0|
    |res_out_14_reg_8298                      |  15|   0|   15|          0|
    |res_out_15_reg_8303                      |  15|   0|   15|          0|
    |res_out_16_reg_8308                      |  15|   0|   15|          0|
    |res_out_18_reg_8323                      |  15|   0|   15|          0|
    |res_out_19_reg_8328                      |  15|   0|   15|          0|
    |res_out_20_reg_8333                      |  14|   0|   14|          0|
    |res_out_21_reg_8338                      |  15|   0|   15|          0|
    |res_out_22_reg_8343                      |  15|   0|   15|          0|
    |res_out_23_reg_8348                      |  15|   0|   15|          0|
    |res_out_25_reg_8363                      |  15|   0|   15|          0|
    |res_out_26_reg_8368                      |  15|   0|   15|          0|
    |res_out_27_reg_8373                      |  14|   0|   14|          0|
    |res_out_2_reg_8233                       |  15|   0|   15|          0|
    |res_out_4_reg_8248                       |  15|   0|   15|          0|
    |res_out_5_reg_8253                       |  15|   0|   15|          0|
    |res_out_6_reg_8258                       |  14|   0|   14|          0|
    |res_out_7_reg_8263                       |  15|   0|   15|          0|
    |res_out_9_reg_8268                       |  15|   0|   15|          0|
    |res_out_reg_8216                         |  15|   0|   15|          0|
    |start_once_reg                           |   1|   0|    1|          0|
    |tmp_112_reg_8383                         |  14|   0|   14|          0|
    |trunc_ln283_1_reg_8378                   |   1|   0|    1|          0|
    +-----------------------------------------+----+----+-----+-----------+
    |Total                                    | 751|   0|  751|          0|
    +-----------------------------------------+----+----+-----+-----------+



================================================================
== Interface
================================================================
* Summary: 
+-----------------------------+-----+-----+------------+---------------------------------------------------------------------------+--------------+
|          RTL Ports          | Dir | Bits|  Protocol  |                               Source Object                               |    C Type    |
+-----------------------------+-----+-----+------------+---------------------------------------------------------------------------+--------------+
|ap_clk                       |   in|    1|  ap_ctrl_hs|  first_conv_2row_4lane_temporal_wide_cl<array,array<ap_fixed,28u>,config4>|  return value|
|ap_rst                       |   in|    1|  ap_ctrl_hs|  first_conv_2row_4lane_temporal_wide_cl<array,array<ap_fixed,28u>,config4>|  return value|
|ap_start                     |   in|    1|  ap_ctrl_hs|  first_conv_2row_4lane_temporal_wide_cl<array,array<ap_fixed,28u>,config4>|  return value|
|start_full_n                 |   in|    1|  ap_ctrl_hs|  first_conv_2row_4lane_temporal_wide_cl<array,array<ap_fixed,28u>,config4>|  return value|
|ap_done                      |  out|    1|  ap_ctrl_hs|  first_conv_2row_4lane_temporal_wide_cl<array,array<ap_fixed,28u>,config4>|  return value|
|ap_continue                  |   in|    1|  ap_ctrl_hs|  first_conv_2row_4lane_temporal_wide_cl<array,array<ap_fixed,28u>,config4>|  return value|
|ap_idle                      |  out|    1|  ap_ctrl_hs|  first_conv_2row_4lane_temporal_wide_cl<array,array<ap_fixed,28u>,config4>|  return value|
|ap_ready                     |  out|    1|  ap_ctrl_hs|  first_conv_2row_4lane_temporal_wide_cl<array,array<ap_fixed,28u>,config4>|  return value|
|start_out                    |  out|    1|  ap_ctrl_hs|  first_conv_2row_4lane_temporal_wide_cl<array,array<ap_fixed,28u>,config4>|  return value|
|start_write                  |  out|    1|  ap_ctrl_hs|  first_conv_2row_4lane_temporal_wide_cl<array,array<ap_fixed,28u>,config4>|  return value|
|input_layer_TVALID           |   in|    1|        axis|                                                                input_layer|       pointer|
|input_layer_TDATA            |   in|  128|        axis|                                                                input_layer|       pointer|
|input_layer_TREADY           |  out|    1|        axis|                                                                input_layer|       pointer|
|layer4x4_out_din             |  out|  448|     ap_fifo|                                                               layer4x4_out|       pointer|
|layer4x4_out_num_data_valid  |   in|    3|     ap_fifo|                                                               layer4x4_out|       pointer|
|layer4x4_out_fifo_cap        |   in|    3|     ap_fifo|                                                               layer4x4_out|       pointer|
|layer4x4_out_full_n          |   in|    1|     ap_fifo|                                                               layer4x4_out|       pointer|
|layer4x4_out_write           |  out|    1|     ap_fifo|                                                               layer4x4_out|       pointer|
+-----------------------------+-----+-----+------------+---------------------------------------------------------------------------+--------------+

