

================================================================
== Vitis HLS Report for 'first_conv_4lane_temporal_cl_array_array_ap_fixed_9_5_5_3_0_7u_config3_s'
================================================================
* Date:           Sun May 17 02:23:00 2026

* Version:        2023.2 (Build 4023990 on Oct 11 2023)
* Project:        cnn_core_streaming_prj
* Solution:       solution1 (Vivado IP Flow Target)
* Product family: kintexuplus
* Target device:  xcku5p-ffvb676-2-e


================================================================
== Performance Estimates
================================================================
+ Timing: 
    * Summary: 
    +--------+---------+----------+------------+
    |  Clock |  Target | Estimated| Uncertainty|
    +--------+---------+----------+------------+
    |ap_clk  |  5.00 ns|  3.886 ns|     1.35 ns|
    +--------+---------+----------+------------+

+ Latency: 
    * Summary: 
    +---------+---------+----------+----------+------+------+---------+
    |  Latency (cycles) |  Latency (absolute) |   Interval  | Pipeline|
    |   min   |   max   |    min   |    max   |  min |  max |   Type  |
    +---------+---------+----------+----------+------+------+---------+
    |     1028|     1028|  5.140 us|  5.140 us|  1028|  1028|       no|
    +---------+---------+----------+----------+------+------+---------+

    + Detail: 
        * Instance: 
        N/A

        * Loop: 
        +-------------------+---------+---------+----------+-----------+-----------+------+----------+
        |                   |  Latency (cycles) | Iteration|  Initiation Interval  | Trip |          |
        |     Loop Name     |   min   |   max   |  Latency |  achieved |   target  | Count| Pipelined|
        +-------------------+---------+---------+----------+-----------+-----------+------+----------+
        |- ReadInputHeight  |     1026|     1026|         7|          4|          1|   256|       yes|
        +-------------------+---------+---------+----------+-----------+-----------+------+----------+



================================================================
== Utilization Estimates
================================================================
* Summary: 
+-----------------+---------+------+--------+--------+-----+
|       Name      | BRAM_18K|  DSP |   FF   |   LUT  | URAM|
+-----------------+---------+------+--------+--------+-----+
|DSP              |        -|     -|       -|       -|    -|
|Expression       |        -|     -|       0|    3902|    -|
|FIFO             |        -|     -|       -|       -|    -|
|Instance         |        -|     4|       0|     540|    -|
|Memory           |        -|     -|       -|       -|    -|
|Multiplexer      |        -|     -|       -|     169|    -|
|Register         |        -|     -|     614|       -|    -|
+-----------------+---------+------+--------+--------+-----+
|Total            |        0|     4|     614|    4611|    0|
+-----------------+---------+------+--------+--------+-----+
|Available        |      960|  1824|  433920|  216960|   64|
+-----------------+---------+------+--------+--------+-----+
|Utilization (%)  |        0|    ~0|      ~0|       2|    0|
+-----------------+---------+------+--------+--------+-----+

+ Detail: 
    * Instance: 
    +---------------------------+-----------------------+---------+----+---+----+-----+
    |          Instance         |         Module        | BRAM_18K| DSP| FF| LUT| URAM|
    +---------------------------+-----------------------+---------+----+---+----+-----+
    |mul_12s_5ns_15_1_1_U1      |mul_12s_5ns_15_1_1     |        0|   1|  0|   5|    0|
    |mul_12s_5ns_15_1_1_U2      |mul_12s_5ns_15_1_1     |        0|   1|  0|   5|    0|
    |mul_12s_5ns_15_1_1_U3      |mul_12s_5ns_15_1_1     |        0|   1|  0|   5|    0|
    |mul_12s_5ns_15_1_1_U4      |mul_12s_5ns_15_1_1     |        0|   1|  0|   5|    0|
    |sparsemux_11_3_12_1_1_U5   |sparsemux_11_3_12_1_1  |        0|   0|  0|  26|    0|
    |sparsemux_11_3_12_1_1_U6   |sparsemux_11_3_12_1_1  |        0|   0|  0|  26|    0|
    |sparsemux_11_3_12_1_1_U7   |sparsemux_11_3_12_1_1  |        0|   0|  0|  26|    0|
    |sparsemux_11_3_12_1_1_U8   |sparsemux_11_3_12_1_1  |        0|   0|  0|  26|    0|
    |sparsemux_11_3_12_1_1_U9   |sparsemux_11_3_12_1_1  |        0|   0|  0|  26|    0|
    |sparsemux_11_3_12_1_1_U10  |sparsemux_11_3_12_1_1  |        0|   0|  0|  26|    0|
    |sparsemux_11_3_12_1_1_U11  |sparsemux_11_3_12_1_1  |        0|   0|  0|  26|    0|
    |sparsemux_11_3_12_1_1_U12  |sparsemux_11_3_12_1_1  |        0|   0|  0|  26|    0|
    |sparsemux_11_3_12_1_1_U13  |sparsemux_11_3_12_1_1  |        0|   0|  0|  26|    0|
    |sparsemux_11_3_12_1_1_U14  |sparsemux_11_3_12_1_1  |        0|   0|  0|  26|    0|
    |sparsemux_11_3_12_1_1_U15  |sparsemux_11_3_12_1_1  |        0|   0|  0|  26|    0|
    |sparsemux_11_3_12_1_1_U16  |sparsemux_11_3_12_1_1  |        0|   0|  0|  26|    0|
    |sparsemux_11_3_12_1_1_U17  |sparsemux_11_3_12_1_1  |        0|   0|  0|  26|    0|
    |sparsemux_11_3_12_1_1_U18  |sparsemux_11_3_12_1_1  |        0|   0|  0|  26|    0|
    |sparsemux_11_3_12_1_1_U19  |sparsemux_11_3_12_1_1  |        0|   0|  0|  26|    0|
    |sparsemux_11_3_12_1_1_U20  |sparsemux_11_3_12_1_1  |        0|   0|  0|  26|    0|
    |sparsemux_11_3_12_1_1_U21  |sparsemux_11_3_12_1_1  |        0|   0|  0|  26|    0|
    |sparsemux_11_3_12_1_1_U22  |sparsemux_11_3_12_1_1  |        0|   0|  0|  26|    0|
    |sparsemux_11_3_12_1_1_U23  |sparsemux_11_3_12_1_1  |        0|   0|  0|  26|    0|
    |sparsemux_11_3_12_1_1_U24  |sparsemux_11_3_12_1_1  |        0|   0|  0|  26|    0|
    +---------------------------+-----------------------+---------+----+---+----+-----+
    |Total                      |                       |        0|   4|  0| 540|    0|
    +---------------------------+-----------------------+---------+----+---+----+-----+

    * DSP: 
    N/A

    * Memory: 
    N/A

    * FIFO: 
    N/A

    * Expression: 
    +----------------------------------+----------+----+---+----+------------+------------+
    |           Variable Name          | Operation| DSP| FF| LUT| Bitwidth P0| Bitwidth P1|
    +----------------------------------+----------+----+---+----+------------+------------+
    |add_ln48_fu_909_p2                |         +|   0|  0|  39|          32|           1|
    |add_ln58_10_fu_2154_p2            |         +|   0|  0|  20|          13|          13|
    |add_ln58_11_fu_2164_p2            |         +|   0|  0|  16|          15|          15|
    |add_ln58_13_fu_2190_p2            |         +|   0|  0|  16|          15|          15|
    |add_ln58_14_fu_2196_p2            |         +|   0|  0|  21|          14|          11|
    |add_ln58_16_fu_2246_p2            |         +|   0|  0|  16|          15|          15|
    |add_ln58_17_fu_2288_p2            |         +|   0|  0|  16|          15|           9|
    |add_ln58_18_fu_2240_p2            |         +|   0|  0|  16|          15|          11|
    |add_ln58_19_fu_2300_p2            |         +|   0|  0|  16|          15|          15|
    |add_ln58_1_fu_2062_p2             |         +|   0|  0|  21|          14|          10|
    |add_ln58_21_fu_2601_p2            |         +|   0|  0|  21|          14|          11|
    |add_ln58_22_fu_2611_p2            |         +|   0|  0|  21|          14|          10|
    |add_ln58_23_fu_2312_p2            |         +|   0|  0|  16|          15|          15|
    |add_ln58_24_fu_2621_p2            |         +|   0|  0|  21|          14|          11|
    |add_ln58_26_fu_2651_p2            |         +|   0|  0|  20|          13|          10|
    |add_ln58_27_fu_2661_p2            |         +|   0|  0|  16|          15|          15|
    |add_ln58_28_fu_2673_p2            |         +|   0|  0|  22|          15|          15|
    |add_ln58_29_fu_2679_p2            |         +|   0|  0|  16|          15|          15|
    |add_ln58_2_fu_2072_p2             |         +|   0|  0|  21|          14|          11|
    |add_ln58_30_fu_2685_p2            |         +|   0|  0|  22|          15|          15|
    |add_ln58_31_fu_2691_p2            |         +|   0|  0|  16|          15|          15|
    |add_ln58_32_fu_2697_p2            |         +|   0|  0|  16|          15|          15|
    |add_ln58_33_fu_2703_p2            |         +|   0|  0|  20|          13|          13|
    |add_ln58_34_fu_2713_p2            |         +|   0|  0|  16|          15|          15|
    |add_ln58_36_fu_2739_p2            |         +|   0|  0|  16|          15|          15|
    |add_ln58_37_fu_2795_p2            |         +|   0|  0|  16|          15|          15|
    |add_ln58_38_fu_2837_p2            |         +|   0|  0|  16|          15|           9|
    |add_ln58_39_fu_2745_p2            |         +|   0|  0|  21|          14|          11|
    |add_ln58_3_fu_2102_p2             |         +|   0|  0|  20|          13|          10|
    |add_ln58_41_fu_2789_p2            |         +|   0|  0|  16|          15|          11|
    |add_ln58_42_fu_3150_p2            |         +|   0|  0|  21|          14|          11|
    |add_ln58_43_fu_3160_p2            |         +|   0|  0|  21|          14|          10|
    |add_ln58_44_fu_2849_p2            |         +|   0|  0|  16|          15|          15|
    |add_ln58_45_fu_3170_p2            |         +|   0|  0|  21|          14|          11|
    |add_ln58_47_fu_2861_p2            |         +|   0|  0|  16|          15|          15|
    |add_ln58_49_fu_3200_p2            |         +|   0|  0|  20|          13|          10|
    |add_ln58_4_fu_2112_p2             |         +|   0|  0|  16|          15|          15|
    |add_ln58_50_fu_3210_p2            |         +|   0|  0|  16|          15|          15|
    |add_ln58_51_fu_3228_p2            |         +|   0|  0|  16|          15|          15|
    |add_ln58_52_fu_3222_p2            |         +|   0|  0|  22|          15|          15|
    |add_ln58_53_fu_3234_p2            |         +|   0|  0|  22|          15|          15|
    |add_ln58_54_fu_3240_p2            |         +|   0|  0|  16|          15|          15|
    |add_ln58_55_fu_3246_p2            |         +|   0|  0|  16|          15|          15|
    |add_ln58_56_fu_3252_p2            |         +|   0|  0|  20|          13|          13|
    |add_ln58_57_fu_3262_p2            |         +|   0|  0|  16|          15|          15|
    |add_ln58_58_fu_3344_p2            |         +|   0|  0|  16|          15|          15|
    |add_ln58_59_fu_3386_p2            |         +|   0|  0|  16|          15|           9|
    |add_ln58_5_fu_2124_p2             |         +|   0|  0|  22|          15|          15|
    |add_ln58_61_fu_3288_p2            |         +|   0|  0|  16|          15|          15|
    |add_ln58_62_fu_3294_p2            |         +|   0|  0|  21|          14|          11|
    |add_ln58_63_fu_3699_p2            |         +|   0|  0|  21|          14|          11|
    |add_ln58_64_fu_3709_p2            |         +|   0|  0|  21|          14|          10|
    |add_ln58_66_fu_3719_p2            |         +|   0|  0|  21|          14|          11|
    |add_ln58_67_fu_3338_p2            |         +|   0|  0|  16|          15|          11|
    |add_ln58_68_fu_3398_p2            |         +|   0|  0|  16|          15|          15|
    |add_ln58_6_fu_2130_p2             |         +|   0|  0|  16|          15|          15|
    |add_ln58_70_fu_3749_p2            |         +|   0|  0|  20|          13|          10|
    |add_ln58_71_fu_3759_p2            |         +|   0|  0|  16|          15|          15|
    |add_ln58_72_fu_3777_p2            |         +|   0|  0|  16|          15|          15|
    |add_ln58_73_fu_3410_p2            |         +|   0|  0|  16|          15|          15|
    |add_ln58_75_fu_3771_p2            |         +|   0|  0|  22|          15|          15|
    |add_ln58_76_fu_3783_p2            |         +|   0|  0|  22|          15|          15|
    |add_ln58_77_fu_3789_p2            |         +|   0|  0|  16|          15|          15|
    |add_ln58_78_fu_3795_p2            |         +|   0|  0|  16|          15|          15|
    |add_ln58_79_fu_3893_p2            |         +|   0|  0|  16|          15|          15|
    |add_ln58_7_fu_2136_p2             |         +|   0|  0|  22|          15|          15|
    |add_ln58_80_fu_3935_p2            |         +|   0|  0|  16|          15|           9|
    |add_ln58_81_fu_3801_p2            |         +|   0|  0|  20|          13|          13|
    |add_ln58_82_fu_3811_p2            |         +|   0|  0|  16|          15|          15|
    |add_ln58_84_fu_3837_p2            |         +|   0|  0|  16|          15|          15|
    |add_ln58_85_fu_3843_p2            |         +|   0|  0|  21|          14|          11|
    |add_ln58_87_fu_3887_p2            |         +|   0|  0|  16|          15|          11|
    |add_ln58_88_fu_3947_p2            |         +|   0|  0|  16|          15|          15|
    |add_ln58_8_fu_2142_p2             |         +|   0|  0|  16|          15|          15|
    |add_ln58_90_fu_3959_p2            |         +|   0|  0|  16|          15|          15|
    |add_ln58_9_fu_2148_p2             |         +|   0|  0|  16|          15|          15|
    |add_ln58_fu_2052_p2               |         +|   0|  0|  21|          14|          11|
    |add_ln71_1_fu_997_p2              |         +|   0|  0|  39|          32|           2|
    |add_ln71_2_fu_1212_p2             |         +|   0|  0|  10|           3|           3|
    |add_ln71_3_fu_1223_p2             |         +|   0|  0|  10|           3|           3|
    |add_ln71_4_fu_1234_p2             |         +|   0|  0|  10|           3|           2|
    |add_ln71_fu_971_p2                |         +|   0|  0|  39|          32|           1|
    |add_ln73_1_fu_983_p2              |         +|   0|  0|  39|          32|           3|
    |add_ln73_fu_957_p2                |         +|   0|  0|  39|          32|           2|
    |add_ln93_fu_1031_p2               |         +|   0|  0|  39|          32|           1|
    |i_ih_2_fu_893_p2                  |         +|   0|  0|  16|           9|           1|
    |tmp118_fu_2088_p2                 |         +|   0|  0|  20|          13|          13|
    |tmp211_fu_2212_p2                 |         +|   0|  0|  20|          13|          13|
    |tmp213_fu_2264_p2                 |         +|   0|  0|  20|          13|          13|
    |tmp215116_fu_2637_p2              |         +|   0|  0|  20|          13|          13|
    |tmp221_fu_2761_p2                 |         +|   0|  0|  20|          13|          13|
    |tmp223_fu_2813_p2                 |         +|   0|  0|  20|          13|          13|
    |tmp225114_fu_3186_p2              |         +|   0|  0|  20|          13|          13|
    |tmp231_fu_3310_p2                 |         +|   0|  0|  20|          13|          13|
    |tmp233_fu_3362_p2                 |         +|   0|  0|  20|          13|          13|
    |tmp235112_fu_3735_p2              |         +|   0|  0|  20|          13|          13|
    |tmp241_fu_3859_p2                 |         +|   0|  0|  20|          13|          13|
    |tmp243_fu_3911_p2                 |         +|   0|  0|  20|          13|          13|
    |x_12_fu_2855_p2                   |         +|   0|  0|  16|          15|          15|
    |x_13_fu_2867_p2                   |         +|   0|  0|  16|          15|          15|
    |x_14_fu_3268_p2                   |         +|   0|  0|  16|          15|          15|
    |x_15_fu_3304_p2                   |         +|   0|  0|  16|          15|          15|
    |x_19_fu_3404_p2                   |         +|   0|  0|  16|          15|          15|
    |x_1_fu_2206_p2                    |         +|   0|  0|  16|          15|          15|
    |x_20_fu_3416_p2                   |         +|   0|  0|  16|          15|          15|
    |x_21_fu_3817_p2                   |         +|   0|  0|  16|          15|          15|
    |x_22_fu_3853_p2                   |         +|   0|  0|  16|          15|          15|
    |x_26_fu_3953_p2                   |         +|   0|  0|  16|          15|          15|
    |x_27_fu_3965_p2                   |         +|   0|  0|  16|          15|          15|
    |x_5_fu_2306_p2                    |         +|   0|  0|  16|          15|          15|
    |x_6_fu_2318_p2                    |         +|   0|  0|  16|          15|          15|
    |x_7_fu_2719_p2                    |         +|   0|  0|  16|          15|          15|
    |x_8_fu_2755_p2                    |         +|   0|  0|  16|          15|          15|
    |x_fu_2170_p2                      |         +|   0|  0|  16|          15|          15|
    |sub_ln42_10_fu_2444_p2            |         -|   0|  0|  22|          15|          15|
    |sub_ln42_11_fu_2483_p2            |         -|   0|  0|  22|          15|          15|
    |sub_ln42_12_fu_2525_p2            |         -|   0|  0|  16|           1|          15|
    |sub_ln42_13_fu_2531_p2            |         -|   0|  0|  16|          15|          15|
    |sub_ln42_14_fu_2537_p2            |         -|   0|  0|  16|           1|          15|
    |sub_ln42_15_fu_2543_p2            |         -|   0|  0|  16|          15|          15|
    |sub_ln42_16_fu_2561_p2            |         -|   0|  0|  22|          15|          15|
    |sub_ln42_17_fu_2595_p2            |         -|   0|  0|  22|          15|          15|
    |sub_ln42_18_fu_2987_p2            |         -|   0|  0|  22|          15|          15|
    |sub_ln42_19_fu_2993_p2            |         -|   0|  0|  22|          15|          15|
    |sub_ln42_1_fu_1895_p2             |         -|   0|  0|  22|          15|          15|
    |sub_ln42_20_fu_3032_p2            |         -|   0|  0|  22|          15|          15|
    |sub_ln42_21_fu_3074_p2            |         -|   0|  0|  16|           1|          15|
    |sub_ln42_22_fu_3080_p2            |         -|   0|  0|  16|          15|          15|
    |sub_ln42_23_fu_3086_p2            |         -|   0|  0|  16|           1|          15|
    |sub_ln42_24_fu_3092_p2            |         -|   0|  0|  16|          15|          15|
    |sub_ln42_25_fu_3110_p2            |         -|   0|  0|  22|          15|          15|
    |sub_ln42_26_fu_3144_p2            |         -|   0|  0|  22|          15|          15|
    |sub_ln42_27_fu_3536_p2            |         -|   0|  0|  22|          15|          15|
    |sub_ln42_28_fu_3542_p2            |         -|   0|  0|  22|          15|          15|
    |sub_ln42_29_fu_3581_p2            |         -|   0|  0|  22|          15|          15|
    |sub_ln42_2_fu_1934_p2             |         -|   0|  0|  22|          15|          15|
    |sub_ln42_30_fu_3623_p2            |         -|   0|  0|  16|           1|          15|
    |sub_ln42_31_fu_3629_p2            |         -|   0|  0|  16|          15|          15|
    |sub_ln42_32_fu_3635_p2            |         -|   0|  0|  16|           1|          15|
    |sub_ln42_33_fu_3641_p2            |         -|   0|  0|  16|          15|          15|
    |sub_ln42_34_fu_3659_p2            |         -|   0|  0|  22|          15|          15|
    |sub_ln42_35_fu_3693_p2            |         -|   0|  0|  22|          15|          15|
    |sub_ln42_3_fu_1976_p2             |         -|   0|  0|  16|           1|          15|
    |sub_ln42_4_fu_1982_p2             |         -|   0|  0|  16|          15|          15|
    |sub_ln42_5_fu_1988_p2             |         -|   0|  0|  16|           1|          15|
    |sub_ln42_6_fu_1994_p2             |         -|   0|  0|  16|          15|          15|
    |sub_ln42_7_fu_2012_p2             |         -|   0|  0|  22|          15|          15|
    |sub_ln42_8_fu_2046_p2             |         -|   0|  0|  22|          15|          15|
    |sub_ln42_9_fu_2438_p2             |         -|   0|  0|  22|          15|          15|
    |sub_ln42_fu_1889_p2               |         -|   0|  0|  22|          15|          15|
    |sub_ln58_10_fu_3180_p2            |         -|   0|  0|  22|          15|          15|
    |sub_ln58_14_fu_3392_p2            |         -|   0|  0|  16|          15|          15|
    |sub_ln58_15_fu_3729_p2            |         -|   0|  0|  22|          15|          15|
    |sub_ln58_19_fu_3941_p2            |         -|   0|  0|  16|          15|          15|
    |sub_ln58_4_fu_2294_p2             |         -|   0|  0|  16|          15|          15|
    |sub_ln58_5_fu_2631_p2             |         -|   0|  0|  22|          15|          15|
    |sub_ln58_9_fu_2843_p2             |         -|   0|  0|  16|          15|          15|
    |sub_ln58_fu_2082_p2               |         -|   0|  0|  22|          15|          15|
    |tmp20987_fu_2176_p2               |         -|   0|  0|  20|          13|          13|
    |tmp212_fu_2234_p2                 |         -|   0|  0|  16|          15|          15|
    |tmp214_fu_2282_p2                 |         -|   0|  0|  22|          15|          15|
    |tmp21859_fu_2725_p2               |         -|   0|  0|  20|          13|          13|
    |tmp222_fu_2783_p2                 |         -|   0|  0|  16|          15|          15|
    |tmp224_fu_2831_p2                 |         -|   0|  0|  22|          15|          15|
    |tmp22831_fu_3274_p2               |         -|   0|  0|  20|          13|          13|
    |tmp232_fu_3332_p2                 |         -|   0|  0|  16|          15|          15|
    |tmp234_fu_3380_p2                 |         -|   0|  0|  22|          15|          15|
    |tmp2383_fu_3823_p2                |         -|   0|  0|  20|          13|          13|
    |tmp242_fu_3881_p2                 |         -|   0|  0|  16|          15|          15|
    |tmp244_fu_3929_p2                 |         -|   0|  0|  22|          15|          15|
    |x_10_fu_2801_p2                   |         -|   0|  0|  16|          15|          15|
    |x_11_fu_2807_p2                   |         -|   0|  0|  16|          15|          15|
    |x_16_fu_3216_p2                   |         -|   0|  0|  16|          15|          15|
    |x_17_fu_3350_p2                   |         -|   0|  0|  16|          15|          15|
    |x_18_fu_3356_p2                   |         -|   0|  0|  16|          15|          15|
    |x_23_fu_3765_p2                   |         -|   0|  0|  16|          15|          15|
    |x_24_fu_3899_p2                   |         -|   0|  0|  16|          15|          15|
    |x_25_fu_3905_p2                   |         -|   0|  0|  16|          15|          15|
    |x_2_fu_2118_p2                    |         -|   0|  0|  16|          15|          15|
    |x_3_fu_2252_p2                    |         -|   0|  0|  16|          15|          15|
    |x_4_fu_2258_p2                    |         -|   0|  0|  16|          15|          15|
    |x_9_fu_2667_p2                    |         -|   0|  0|  16|          15|          15|
    |ap_block_pp0_stage2_01001         |       and|   0|  0|   2|           1|           1|
    |ap_block_state2_pp0_stage1_iter0  |       and|   0|  0|   2|           1|           1|
    |ap_block_state4_pp0_stage3_iter0  |       and|   0|  0|   2|           1|           1|
    |ap_block_state5_pp0_stage0_iter1  |       and|   0|  0|   2|           1|           1|
    |ap_block_state6_pp0_stage1_iter1  |       and|   0|  0|   2|           1|           1|
    |ap_condition_280                  |       and|   0|  0|   2|           1|           1|
    |ap_predicate_op523_write_state4   |       and|   0|  0|   2|           1|           1|
    |on_stride_fu_945_p2               |       and|   0|  0|   2|           1|           1|
    |have_full_window_fu_933_p2        |      icmp|   0|  0|  14|           7|           1|
    |icmp_ln35_fu_887_p2               |      icmp|   0|  0|  17|           9|          10|
    |icmp_ln48_fu_903_p2               |      icmp|   0|  0|  39|          32|           3|
    |icmp_ln51_fu_939_p2               |      icmp|   0|  0|  39|          32|           1|
    |icmp_ln71_1_fu_977_p2             |      icmp|   0|  0|  39|          32|           3|
    |icmp_ln71_2_fu_1003_p2            |      icmp|   0|  0|  39|          32|           3|
    |icmp_ln71_3_fu_1013_p2            |      icmp|   0|  0|  39|          32|           3|
    |icmp_ln71_4_fu_1019_p2            |      icmp|   0|  0|  39|          32|           3|
    |icmp_ln71_fu_951_p2               |      icmp|   0|  0|  39|          32|           3|
    |icmp_ln93_fu_1025_p2              |      icmp|   0|  0|  39|          32|           2|
    |ap_block_pp0_stage0_01001         |        or|   0|  0|   2|           1|           1|
    |ap_block_pp0_stage1_01001         |        or|   0|  0|   2|           1|           1|
    |ap_block_pp0_stage3_01001         |        or|   0|  0|   2|           1|           1|
    |oldest_fu_915_p3                  |    select|   0|  0|  32|           1|           1|
    |select_ln71_1_fu_1207_p3          |    select|   0|  0|   3|           1|           3|
    |select_ln71_2_fu_1217_p3          |    select|   0|  0|   3|           1|           3|
    |select_ln71_3_fu_1228_p3          |    select|   0|  0|   3|           1|           3|
    |select_ln71_4_fu_1239_p3          |    select|   0|  0|   3|           1|           3|
    |select_ln71_fu_1202_p3            |    select|   0|  0|   3|           1|           3|
    |stride_cnt_4_fu_1037_p3           |    select|   0|  0|  32|           1|           1|
    |stride_cnt_5_fu_1045_p3           |    select|   0|  0|  32|           1|          32|
    |ap_enable_pp0                     |       xor|   0|  0|   2|           1|           2|
    +----------------------------------+----------+----+---+----+------------+------------+
    |Total                             |          |   0|  0|3902|        2906|        2525|
    +----------------------------------+----------+----+---+----+------------+------------+

    * Multiplexer: 
    +-------------------------------+----+-----------+-----+-----------+
    |              Name             | LUT| Input Size| Bits| Total Bits|
    +-------------------------------+----+-----------+-----+-----------+
    |ap_NS_fsm                      |  26|          5|    1|          5|
    |ap_done_int                    |   9|          2|    1|          2|
    |ap_enable_reg_pp0_iter0        |   9|          2|    1|          2|
    |ap_enable_reg_pp0_iter0_reg    |   9|          2|    1|          2|
    |ap_enable_reg_pp0_iter1        |   9|          2|    1|          2|
    |ap_sig_allocacmp_i_ih_1        |   9|          2|    9|         18|
    |ap_sig_allocacmp_stride_cnt_3  |   9|          2|   32|         64|
    |ap_sig_allocacmp_wptr_1        |   9|          2|   32|         64|
    |i_ih_fu_134                    |   9|          2|    9|         18|
    |input_layer_TDATA_blk_n        |   9|          2|    1|          2|
    |layer3_out_blk_n               |   9|          2|    1|          2|
    |layer3_out_din                 |  26|          5|   63|        315|
    |real_start                     |   9|          2|    1|          2|
    |stride_cnt_fu_138              |   9|          2|   32|         64|
    |wptr_fu_142                    |   9|          2|   32|         64|
    +-------------------------------+----+-----------+-----+-----------+
    |Total                          | 169|         36|  217|        626|
    +-------------------------------+----+-----------+-----+-----------+

    * Register: 
    +----------------------------------+----+----+-----+-----------+
    |               Name               | FF | LUT| Bits| Const Bits|
    +----------------------------------+----+----+-----+-----------+
    |ap_CS_fsm                         |   4|   0|    4|          0|
    |ap_done_reg                       |   1|   0|    1|          0|
    |ap_enable_reg_pp0_iter0_reg       |   1|   0|    1|          0|
    |ap_enable_reg_pp0_iter1           |   1|   0|    1|          0|
    |i_ih_fu_134                       |   9|   0|    9|          0|
    |icmp_ln35_reg_4230                |   1|   0|    1|          0|
    |icmp_ln71_1_reg_4261              |   1|   0|    1|          0|
    |icmp_ln71_2_reg_4277              |   1|   0|    1|          0|
    |icmp_ln71_3_reg_4287              |   1|   0|    1|          0|
    |icmp_ln71_4_reg_4292              |   1|   0|    1|          0|
    |icmp_ln71_reg_4242                |   1|   0|    1|          0|
    |on_stride_reg_4238                |   1|   0|    1|          0|
    |on_stride_reg_4238_pp0_iter1_reg  |   1|   0|    1|          0|
    |res_out_10_reg_4412               |   9|   0|    9|          0|
    |res_out_11_reg_4417               |   9|   0|    9|          0|
    |res_out_12_reg_4422               |   9|   0|    9|          0|
    |res_out_13_reg_4427               |   9|   0|    9|          0|
    |res_out_14_reg_4407               |   9|   0|    9|          0|
    |res_out_15_reg_4447               |   9|   0|    9|          0|
    |res_out_16_reg_4452               |   9|   0|    9|          0|
    |res_out_17_reg_4457               |   9|   0|    9|          0|
    |res_out_18_reg_4462               |   9|   0|    9|          0|
    |res_out_19_reg_4442               |   9|   0|    9|          0|
    |res_out_1_reg_4342                |   9|   0|    9|          0|
    |res_out_2_reg_4347                |   9|   0|    9|          0|
    |res_out_3_reg_4352                |   9|   0|    9|          0|
    |res_out_4_reg_4357                |   9|   0|    9|          0|
    |res_out_5_reg_4387                |   9|   0|    9|          0|
    |res_out_6_reg_4392                |   9|   0|    9|          0|
    |res_out_7_reg_4372                |   9|   0|    9|          0|
    |res_out_8_reg_4377                |   9|   0|    9|          0|
    |res_out_9_reg_4382                |   9|   0|    9|          0|
    |res_out_reg_4337                  |   9|   0|    9|          0|
    |row_buf_10_fu_186                 |  12|   0|   12|          0|
    |row_buf_11_fu_190                 |  12|   0|   12|          0|
    |row_buf_12_fu_194                 |  12|   0|   12|          0|
    |row_buf_13_fu_198                 |  12|   0|   12|          0|
    |row_buf_14_fu_202                 |  12|   0|   12|          0|
    |row_buf_15_fu_206                 |  12|   0|   12|          0|
    |row_buf_16_fu_210                 |  12|   0|   12|          0|
    |row_buf_17_fu_214                 |  12|   0|   12|          0|
    |row_buf_18_fu_218                 |  12|   0|   12|          0|
    |row_buf_19_fu_222                 |  12|   0|   12|          0|
    |row_buf_1_fu_150                  |  12|   0|   12|          0|
    |row_buf_2_fu_154                  |  12|   0|   12|          0|
    |row_buf_3_fu_158                  |  12|   0|   12|          0|
    |row_buf_4_fu_162                  |  12|   0|   12|          0|
    |row_buf_5_fu_166                  |  12|   0|   12|          0|
    |row_buf_6_fu_170                  |  12|   0|   12|          0|
    |row_buf_7_fu_174                  |  12|   0|   12|          0|
    |row_buf_8_fu_178                  |  12|   0|   12|          0|
    |row_buf_9_fu_182                  |  12|   0|   12|          0|
    |row_buf_fu_146                    |  12|   0|   12|          0|
    |select_ln71_1_reg_4305            |   3|   0|    3|          0|
    |select_ln71_2_reg_4313            |   3|   0|    3|          0|
    |select_ln71_3_reg_4321            |   3|   0|    3|          0|
    |select_ln71_4_reg_4329            |   3|   0|    3|          0|
    |select_ln71_reg_4297              |   3|   0|    3|          0|
    |start_once_reg                    |   1|   0|    1|          0|
    |stride_cnt_fu_138                 |  32|   0|   32|          0|
    |trunc_ln2_reg_4362                |   9|   0|    9|          0|
    |trunc_ln35_reg_4234               |   3|   0|    3|          0|
    |trunc_ln71_1_reg_4255             |   3|   0|    3|          0|
    |trunc_ln71_2_reg_4266             |   3|   0|    3|          0|
    |trunc_ln71_3_reg_4271             |   3|   0|    3|          0|
    |trunc_ln71_4_reg_4282             |   3|   0|    3|          0|
    |trunc_ln71_reg_4247               |   3|   0|    3|          0|
    |trunc_ln86_1_reg_4367             |   9|   0|    9|          0|
    |trunc_ln86_2_reg_4397             |   9|   0|    9|          0|
    |trunc_ln86_3_reg_4402             |   9|   0|    9|          0|
    |trunc_ln86_4_reg_4432             |   9|   0|    9|          0|
    |trunc_ln86_5_reg_4437             |   9|   0|    9|          0|
    |trunc_ln86_6_reg_4467             |   9|   0|    9|          0|
    |trunc_ln86_7_reg_4472             |   9|   0|    9|          0|
    |wptr_fu_142                       |  32|   0|   32|          0|
    +----------------------------------+----+----+-----+-----------+
    |Total                             | 614|   0|  614|          0|
    +----------------------------------+----+----+-----+-----------+



================================================================
== Interface
================================================================
* Summary: 
+---------------------------+-----+-----+------------+---------------------------------------------------------------------------+--------------+
|         RTL Ports         | Dir | Bits|  Protocol  |                               Source Object                               |    C Type    |
+---------------------------+-----+-----+------------+---------------------------------------------------------------------------+--------------+
|ap_clk                     |   in|    1|  ap_ctrl_hs|  first_conv_4lane_temporal_cl<array,array<ap_fixed<9,5,5,3,0>,7u>,config3>|  return value|
|ap_rst                     |   in|    1|  ap_ctrl_hs|  first_conv_4lane_temporal_cl<array,array<ap_fixed<9,5,5,3,0>,7u>,config3>|  return value|
|ap_start                   |   in|    1|  ap_ctrl_hs|  first_conv_4lane_temporal_cl<array,array<ap_fixed<9,5,5,3,0>,7u>,config3>|  return value|
|start_full_n               |   in|    1|  ap_ctrl_hs|  first_conv_4lane_temporal_cl<array,array<ap_fixed<9,5,5,3,0>,7u>,config3>|  return value|
|ap_done                    |  out|    1|  ap_ctrl_hs|  first_conv_4lane_temporal_cl<array,array<ap_fixed<9,5,5,3,0>,7u>,config3>|  return value|
|ap_continue                |   in|    1|  ap_ctrl_hs|  first_conv_4lane_temporal_cl<array,array<ap_fixed<9,5,5,3,0>,7u>,config3>|  return value|
|ap_idle                    |  out|    1|  ap_ctrl_hs|  first_conv_4lane_temporal_cl<array,array<ap_fixed<9,5,5,3,0>,7u>,config3>|  return value|
|ap_ready                   |  out|    1|  ap_ctrl_hs|  first_conv_4lane_temporal_cl<array,array<ap_fixed<9,5,5,3,0>,7u>,config3>|  return value|
|start_out                  |  out|    1|  ap_ctrl_hs|  first_conv_4lane_temporal_cl<array,array<ap_fixed<9,5,5,3,0>,7u>,config3>|  return value|
|start_write                |  out|    1|  ap_ctrl_hs|  first_conv_4lane_temporal_cl<array,array<ap_fixed<9,5,5,3,0>,7u>,config3>|  return value|
|layer3_out_din             |  out|   63|     ap_fifo|                                                                 layer3_out|       pointer|
|layer3_out_num_data_valid  |   in|   10|     ap_fifo|                                                                 layer3_out|       pointer|
|layer3_out_fifo_cap        |   in|   10|     ap_fifo|                                                                 layer3_out|       pointer|
|layer3_out_full_n          |   in|    1|     ap_fifo|                                                                 layer3_out|       pointer|
|layer3_out_write           |  out|    1|     ap_fifo|                                                                 layer3_out|       pointer|
|input_layer_TDATA          |   in|   64|        axis|                                                                input_layer|       pointer|
|input_layer_TVALID         |   in|    1|        axis|                                                                input_layer|       pointer|
|input_layer_TREADY         |  out|    1|        axis|                                                                input_layer|       pointer|
+---------------------------+-----+-----+------------+---------------------------------------------------------------------------+--------------+

