

================================================================
== Vitis HLS Report for 'maxpool2d_nonoverlap_cl_array_array_ap_fixed_16_6_5_3_0_7u_config5_s'
================================================================
* Date:           Sun May 17 02:23:00 2026

* Version:        2023.2 (Build 4023990 on Oct 11 2023)
* Project:        cnn_core_streaming_prj
* Solution:       solution1 (Vivado IP Flow Target)
* Product family: kintexuplus
* Target device:  xcku5p-ffvb676-2-e


================================================================
== Performance Estimates
================================================================
+ Timing: 
    * Summary: 
    +--------+---------+----------+------------+
    |  Clock |  Target | Estimated| Uncertainty|
    +--------+---------+----------+------------+
    |ap_clk  |  5.00 ns|  3.456 ns|     1.35 ns|
    +--------+---------+----------+------------+

+ Latency: 
    * Summary: 
    +---------+---------+----------+----------+-----+-----+---------+
    |  Latency (cycles) |  Latency (absolute) |  Interval | Pipeline|
    |   min   |   max   |    min   |    max   | min | max |   Type  |
    +---------+---------+----------+----------+-----+-----+---------+
    |      339|      339|  1.695 us|  1.695 us|  339|  339|       no|
    +---------+---------+----------+----------+-----+-----+---------+

    + Detail: 
        * Instance: 
        N/A

        * Loop: 
        +------------+---------+---------+----------+-----------+-----------+------+----------+
        |            |  Latency (cycles) | Iteration|  Initiation Interval  | Trip |          |
        |  Loop Name |   min   |   max   |  Latency |  achieved |   target  | Count| Pipelined|
        +------------+---------+---------+----------+-----------+-----------+------+----------+
        |- PoolMain  |      337|      337|         3|          1|          1|   336|       yes|
        +------------+---------+---------+----------+-----------+-----------+------+----------+



================================================================
== Utilization Estimates
================================================================
* Summary: 
+-----------------+---------+------+--------+--------+-----+
|       Name      | BRAM_18K|  DSP |   FF   |   LUT  | URAM|
+-----------------+---------+------+--------+--------+-----+
|DSP              |        -|     -|       -|       -|    -|
|Expression       |        -|     -|       0|     431|    -|
|FIFO             |        -|     -|       -|       -|    -|
|Instance         |        -|     -|       0|     140|    -|
|Memory           |        -|     -|       -|       -|    -|
|Multiplexer      |        -|     -|       -|      99|    -|
|Register         |        -|     -|     614|       -|    -|
+-----------------+---------+------+--------+--------+-----+
|Total            |        0|     0|     614|     670|    0|
+-----------------+---------+------+--------+--------+-----+
|Available        |      960|  1824|  433920|  216960|   64|
+-----------------+---------+------+--------+--------+-----+
|Utilization (%)  |        0|     0|      ~0|      ~0|    0|
+-----------------+---------+------+--------+--------+-----+

+ Detail: 
    * Instance: 
    +--------------------------+----------------------+---------+----+---+----+-----+
    |         Instance         |        Module        | BRAM_18K| DSP| FF| LUT| URAM|
    +--------------------------+----------------------+---------+----+---+----+-----+
    |sparsemux_9_2_16_1_1_U32  |sparsemux_9_2_16_1_1  |        0|   0|  0|  20|    0|
    |sparsemux_9_2_16_1_1_U33  |sparsemux_9_2_16_1_1  |        0|   0|  0|  20|    0|
    |sparsemux_9_2_16_1_1_U34  |sparsemux_9_2_16_1_1  |        0|   0|  0|  20|    0|
    |sparsemux_9_2_16_1_1_U35  |sparsemux_9_2_16_1_1  |        0|   0|  0|  20|    0|
    |sparsemux_9_2_16_1_1_U36  |sparsemux_9_2_16_1_1  |        0|   0|  0|  20|    0|
    |sparsemux_9_2_16_1_1_U37  |sparsemux_9_2_16_1_1  |        0|   0|  0|  20|    0|
    |sparsemux_9_2_16_1_1_U38  |sparsemux_9_2_16_1_1  |        0|   0|  0|  20|    0|
    +--------------------------+----------------------+---------+----+---+----+-----+
    |Total                     |                      |        0|   0|  0| 140|    0|
    +--------------------------+----------------------+---------+----+---+----+-----+

    * DSP: 
    N/A

    * Memory: 
    N/A

    * FIFO: 
    N/A

    * Expression: 
    +----------------------------------+----------+----+---+----+------------+------------+
    |           Variable Name          | Operation| DSP| FF| LUT| Bitwidth P0| Bitwidth P1|
    +----------------------------------+----------+----+---+----+------------+------------+
    |i_4_fu_246_p2                     |         +|   0|  0|  16|           9|           1|
    |i_w_4_fu_480_p2                   |         +|   0|  0|  39|          32|           1|
    |ap_block_state2_pp0_stage0_iter1  |       and|   0|  0|   2|           1|           1|
    |ap_block_state3_pp0_stage0_iter2  |       and|   0|  0|   2|           1|           1|
    |ap_condition_221                  |       and|   0|  0|   2|           1|           1|
    |ap_condition_243                  |       and|   0|  0|   2|           1|           1|
    |icmp_ln373_fu_240_p2              |      icmp|   0|  0|  16|           9|           9|
    |icmp_ln390_1_fu_649_p2            |      icmp|   0|  0|  23|          16|          16|
    |icmp_ln390_2_fu_684_p2            |      icmp|   0|  0|  23|          16|          16|
    |icmp_ln390_3_fu_719_p2            |      icmp|   0|  0|  23|          16|          16|
    |icmp_ln390_4_fu_754_p2            |      icmp|   0|  0|  23|          16|          16|
    |icmp_ln390_5_fu_789_p2            |      icmp|   0|  0|  23|          16|          16|
    |icmp_ln390_6_fu_824_p2            |      icmp|   0|  0|  23|          16|          16|
    |icmp_ln390_fu_614_p2              |      icmp|   0|  0|  23|          16|          16|
    |icmp_ln395_fu_468_p2              |      icmp|   0|  0|  39|          32|           2|
    |ap_block_pp0_stage0_01001         |        or|   0|  0|   2|           1|           1|
    |i_w_5_fu_494_p3                   |    select|   0|  0|  32|           1|           1|
    |on_second_row_2_fu_486_p3         |    select|   0|  0|   2|           1|           1|
    |select_ln390_1_fu_654_p3          |    select|   0|  0|  16|           1|          16|
    |select_ln390_2_fu_689_p3          |    select|   0|  0|  16|           1|          16|
    |select_ln390_3_fu_724_p3          |    select|   0|  0|  16|           1|          16|
    |select_ln390_4_fu_759_p3          |    select|   0|  0|  16|           1|          16|
    |select_ln390_5_fu_794_p3          |    select|   0|  0|  16|           1|          16|
    |select_ln390_6_fu_829_p3          |    select|   0|  0|  16|           1|          16|
    |select_ln390_fu_619_p3            |    select|   0|  0|  16|           1|          16|
    |ap_enable_pp0                     |       xor|   0|  0|   2|           1|           2|
    |on_second_row_1_fu_474_p2         |       xor|   0|  0|   2|           1|           2|
    +----------------------------------+----------+----+---+----+------------+------------+
    |Total                             |          |   0|  0| 431|         210|         248|
    +----------------------------------+----------+----+---+----+------------+------------+

    * Multiplexer: 
    +----------------------------------------+----+-----------+-----+-----------+
    |                  Name                  | LUT| Input Size| Bits| Total Bits|
    +----------------------------------------+----+-----------+-----+-----------+
    |ap_done_int                             |   9|          2|    1|          2|
    |ap_enable_reg_pp0_iter2                 |   9|          2|    1|          2|
    |ap_phi_mux_on_second_row_phi_fu_219_p4  |   9|          2|    1|          2|
    |ap_sig_allocacmp_i_3                    |   9|          2|    9|         18|
    |ap_sig_allocacmp_i_w_3                  |   9|          2|   32|         64|
    |i_fu_82                                 |   9|          2|    9|         18|
    |i_w_fu_86                               |   9|          2|   32|         64|
    |layer4_out_blk_n                        |   9|          2|    1|          2|
    |layer5_out_blk_n                        |   9|          2|    1|          2|
    |on_second_row_reg_215                   |   9|          2|    1|          2|
    |real_start                              |   9|          2|    1|          2|
    +----------------------------------------+----+-----------+-----+-----------+
    |Total                                   |  99|         22|   89|        178|
    +----------------------------------------+----+-----------+-----+-----------+

    * Register: 
    +-----------------------------------+----+----+-----+-----------+
    |                Name               | FF | LUT| Bits| Const Bits|
    +-----------------------------------+----+----+-----+-----------+
    |ap_CS_fsm                          |   1|   0|    1|          0|
    |ap_done_reg                        |   1|   0|    1|          0|
    |ap_enable_reg_pp0_iter1            |   1|   0|    1|          0|
    |ap_enable_reg_pp0_iter2            |   1|   0|    1|          0|
    |ap_loop_exit_ready_pp0_iter1_reg   |   1|   0|    1|          0|
    |ap_loop_init_pp0_iter1_reg         |   1|   0|    1|          0|
    |cur_1_reg_1058                     |  16|   0|   16|          0|
    |cur_2_reg_1064                     |  16|   0|   16|          0|
    |cur_3_reg_1070                     |  16|   0|   16|          0|
    |cur_reg_1052                       |  16|   0|   16|          0|
    |i_fu_82                            |   9|   0|    9|          0|
    |i_w_fu_86                          |  32|   0|   32|          0|
    |icmp_ln373_reg_1037                |   1|   0|    1|          0|
    |icmp_ln373_reg_1037_pp0_iter1_reg  |   1|   0|    1|          0|
    |mux_case_010354_fu_158             |  16|   0|   16|          0|
    |mux_case_010757_fu_162             |  16|   0|   16|          0|
    |mux_case_011160_fu_166             |  16|   0|   16|          0|
    |mux_case_011563_fu_170             |  16|   0|   16|          0|
    |mux_case_09548_fu_150              |  16|   0|   16|          0|
    |mux_case_09951_fu_154              |  16|   0|   16|          0|
    |mux_case_110030_fu_126             |  16|   0|   16|          0|
    |mux_case_110433_fu_130             |  16|   0|   16|          0|
    |mux_case_110836_fu_134             |  16|   0|   16|          0|
    |mux_case_111239_fu_138             |  16|   0|   16|          0|
    |mux_case_111642_fu_142             |  16|   0|   16|          0|
    |mux_case_19627_fu_122              |  16|   0|   16|          0|
    |mux_case_21019_fu_98               |  16|   0|   16|          0|
    |mux_case_210512_fu_102             |  16|   0|   16|          0|
    |mux_case_210915_fu_106             |  16|   0|   16|          0|
    |mux_case_211318_fu_110             |  16|   0|   16|          0|
    |mux_case_211721_fu_114             |  16|   0|   16|          0|
    |mux_case_2976_fu_94                |  16|   0|   16|          0|
    |mux_case_310272_fu_182             |  16|   0|   16|          0|
    |mux_case_310675_fu_186             |  16|   0|   16|          0|
    |mux_case_311078_fu_190             |  16|   0|   16|          0|
    |mux_case_311481_fu_194             |  16|   0|   16|          0|
    |mux_case_311884_fu_198             |  16|   0|   16|          0|
    |mux_case_39869_fu_178              |  16|   0|   16|          0|
    |on_second_row_2_reg_1094           |   1|   0|    1|          0|
    |on_second_row_reg_215              |   1|   0|    1|          0|
    |p_0_0_0_0_024_fu_118               |  16|   0|   16|          0|
    |p_0_0_0_0_03_fu_90                 |  16|   0|   16|          0|
    |p_0_0_0_0_045_fu_146               |  16|   0|   16|          0|
    |p_0_0_0_0_066_fu_174               |  16|   0|   16|          0|
    |start_once_reg                     |   1|   0|    1|          0|
    |trunc_ln373_reg_1041               |   2|   0|    2|          0|
    |trunc_ln376_4_reg_1076             |  16|   0|   16|          0|
    |trunc_ln376_5_reg_1082             |  16|   0|   16|          0|
    |trunc_ln376_6_reg_1088             |  16|   0|   16|          0|
    +-----------------------------------+----+----+-----+-----------+
    |Total                              | 614|   0|  614|          0|
    +-----------------------------------+----+----+-----+-----------+



================================================================
== Interface
================================================================
* Summary: 
+---------------------------+-----+-----+------------+-----------------------------------------------------------------------+--------------+
|         RTL Ports         | Dir | Bits|  Protocol  |                             Source Object                             |    C Type    |
+---------------------------+-----+-----+------------+-----------------------------------------------------------------------+--------------+
|ap_clk                     |   in|    1|  ap_ctrl_hs|  maxpool2d_nonoverlap_cl<array,array<ap_fixed<16,6,5,3,0>,7u>,config5>|  return value|
|ap_rst                     |   in|    1|  ap_ctrl_hs|  maxpool2d_nonoverlap_cl<array,array<ap_fixed<16,6,5,3,0>,7u>,config5>|  return value|
|ap_start                   |   in|    1|  ap_ctrl_hs|  maxpool2d_nonoverlap_cl<array,array<ap_fixed<16,6,5,3,0>,7u>,config5>|  return value|
|start_full_n               |   in|    1|  ap_ctrl_hs|  maxpool2d_nonoverlap_cl<array,array<ap_fixed<16,6,5,3,0>,7u>,config5>|  return value|
|ap_done                    |  out|    1|  ap_ctrl_hs|  maxpool2d_nonoverlap_cl<array,array<ap_fixed<16,6,5,3,0>,7u>,config5>|  return value|
|ap_continue                |   in|    1|  ap_ctrl_hs|  maxpool2d_nonoverlap_cl<array,array<ap_fixed<16,6,5,3,0>,7u>,config5>|  return value|
|ap_idle                    |  out|    1|  ap_ctrl_hs|  maxpool2d_nonoverlap_cl<array,array<ap_fixed<16,6,5,3,0>,7u>,config5>|  return value|
|ap_ready                   |  out|    1|  ap_ctrl_hs|  maxpool2d_nonoverlap_cl<array,array<ap_fixed<16,6,5,3,0>,7u>,config5>|  return value|
|start_out                  |  out|    1|  ap_ctrl_hs|  maxpool2d_nonoverlap_cl<array,array<ap_fixed<16,6,5,3,0>,7u>,config5>|  return value|
|start_write                |  out|    1|  ap_ctrl_hs|  maxpool2d_nonoverlap_cl<array,array<ap_fixed<16,6,5,3,0>,7u>,config5>|  return value|
|layer4_out_dout            |   in|  112|     ap_fifo|                                                             layer4_out|       pointer|
|layer4_out_num_data_valid  |   in|   10|     ap_fifo|                                                             layer4_out|       pointer|
|layer4_out_fifo_cap        |   in|   10|     ap_fifo|                                                             layer4_out|       pointer|
|layer4_out_empty_n         |   in|    1|     ap_fifo|                                                             layer4_out|       pointer|
|layer4_out_read            |  out|    1|     ap_fifo|                                                             layer4_out|       pointer|
|layer5_out_din             |  out|  112|     ap_fifo|                                                             layer5_out|       pointer|
|layer5_out_num_data_valid  |   in|    9|     ap_fifo|                                                             layer5_out|       pointer|
|layer5_out_fifo_cap        |   in|    9|     ap_fifo|                                                             layer5_out|       pointer|
|layer5_out_full_n          |   in|    1|     ap_fifo|                                                             layer5_out|       pointer|
|layer5_out_write           |  out|    1|     ap_fifo|                                                             layer5_out|       pointer|
+---------------------------+-----+-----+------------+-----------------------------------------------------------------------+--------------+

