

================================================================
== Vitis HLS Report for 'maxpool2d_wide_nonoverlap_cl_array_array_ap_fixed_28u_config5_s'
================================================================
* Date:           Sun May 17 19:12:33 2026

* Version:        2023.2 (Build 4023990 on Oct 11 2023)
* Project:        cnn_core_streaming_prj
* Solution:       solution1 (Vivado IP Flow Target)
* Product family: kintexuplus
* Target device:  xcku5p-ffvb676-2-e


================================================================
== Performance Estimates
================================================================
+ Timing: 
    * Summary: 
    +--------+---------+----------+------------+
    |  Clock |  Target | Estimated| Uncertainty|
    +--------+---------+----------+------------+
    |ap_clk  |  5.00 ns|  3.020 ns|     1.35 ns|
    +--------+---------+----------+------------+

+ Latency: 
    * Summary: 
    +---------+---------+----------+----------+-----+-----+---------+
    |  Latency (cycles) |  Latency (absolute) |  Interval | Pipeline|
    |   min   |   max   |    min   |    max   | min | max |   Type  |
    +---------+---------+----------+----------+-----+-----+---------+
    |       87|       87|  0.435 us|  0.435 us|   87|   87|       no|
    +---------+---------+----------+----------+-----+-----+---------+

    + Detail: 
        * Instance: 
        N/A

        * Loop: 
        +----------------+---------+---------+----------+-----------+-----------+------+----------+
        |                |  Latency (cycles) | Iteration|  Initiation Interval  | Trip |          |
        |    Loop Name   |   min   |   max   |  Latency |  achieved |   target  | Count| Pipelined|
        +----------------+---------+---------+----------+-----------+-----------+------+----------+
        |- PoolWideMain  |       85|       85|         3|          1|          1|    84|       yes|
        +----------------+---------+---------+----------+-----------+-----------+------+----------+



================================================================
== Utilization Estimates
================================================================
* Summary: 
+-----------------+---------+------+--------+--------+-----+
|       Name      | BRAM_18K|  DSP |   FF   |   LUT  | URAM|
+-----------------+---------+------+--------+--------+-----+
|DSP              |        -|     -|       -|       -|    -|
|Expression       |        -|     -|       0|    1134|    -|
|FIFO             |        -|     -|       -|       -|    -|
|Instance         |        -|     -|       -|       -|    -|
|Memory           |        -|     -|       -|       -|    -|
|Multiplexer      |        -|     -|       -|      81|    -|
|Register         |        -|     -|     913|       -|    -|
+-----------------+---------+------+--------+--------+-----+
|Total            |        0|     0|     913|    1215|    0|
+-----------------+---------+------+--------+--------+-----+
|Available        |      960|  1824|  433920|  216960|   64|
+-----------------+---------+------+--------+--------+-----+
|Utilization (%)  |        0|     0|      ~0|      ~0|    0|
+-----------------+---------+------+--------+--------+-----+

+ Detail: 
    * Instance: 
    N/A

    * DSP: 
    N/A

    * Memory: 
    N/A

    * FIFO: 
    N/A

    * Expression: 
    +----------------------------------+----------+----+---+----+------------+------------+
    |           Variable Name          | Operation| DSP| FF| LUT| Bitwidth P0| Bitwidth P1|
    +----------------------------------+----------+----+---+----+------------+------------+
    |i_ih_2_fu_314_p2                  |         +|   0|  0|  14|           7|           1|
    |ap_block_state3_pp0_stage0_iter2  |       and|   0|  0|   2|           1|           1|
    |ap_condition_202                  |       and|   0|  0|   2|           1|           1|
    |ap_condition_918                  |       and|   0|  0|   2|           1|           1|
    |ap_condition_925                  |       and|   0|  0|   2|           1|           1|
    |icmp_ln430_fu_308_p2              |      icmp|   0|  0|  14|           7|           7|
    |icmp_ln448_10_fu_949_p2           |      icmp|   0|  0|  23|          16|          16|
    |icmp_ln448_11_fu_961_p2           |      icmp|   0|  0|  23|          16|          16|
    |icmp_ln448_12_fu_973_p2           |      icmp|   0|  0|  23|          16|          16|
    |icmp_ln448_13_fu_985_p2           |      icmp|   0|  0|  23|          16|          16|
    |icmp_ln448_14_fu_997_p2           |      icmp|   0|  0|  23|          16|          16|
    |icmp_ln448_15_fu_1009_p2          |      icmp|   0|  0|  23|          16|          16|
    |icmp_ln448_16_fu_1021_p2          |      icmp|   0|  0|  23|          16|          16|
    |icmp_ln448_17_fu_1033_p2          |      icmp|   0|  0|  23|          16|          16|
    |icmp_ln448_18_fu_1045_p2          |      icmp|   0|  0|  23|          16|          16|
    |icmp_ln448_19_fu_1057_p2          |      icmp|   0|  0|  23|          16|          16|
    |icmp_ln448_1_fu_841_p2            |      icmp|   0|  0|  23|          16|          16|
    |icmp_ln448_20_fu_1069_p2          |      icmp|   0|  0|  23|          16|          16|
    |icmp_ln448_21_fu_1081_p2          |      icmp|   0|  0|  23|          16|          16|
    |icmp_ln448_22_fu_1093_p2          |      icmp|   0|  0|  23|          16|          16|
    |icmp_ln448_23_fu_1105_p2          |      icmp|   0|  0|  23|          16|          16|
    |icmp_ln448_24_fu_1117_p2          |      icmp|   0|  0|  23|          16|          16|
    |icmp_ln448_25_fu_1129_p2          |      icmp|   0|  0|  23|          16|          16|
    |icmp_ln448_26_fu_1141_p2          |      icmp|   0|  0|  23|          16|          16|
    |icmp_ln448_27_fu_1153_p2          |      icmp|   0|  0|  23|          16|          16|
    |icmp_ln448_2_fu_853_p2            |      icmp|   0|  0|  23|          16|          16|
    |icmp_ln448_3_fu_865_p2            |      icmp|   0|  0|  23|          16|          16|
    |icmp_ln448_4_fu_877_p2            |      icmp|   0|  0|  23|          16|          16|
    |icmp_ln448_5_fu_889_p2            |      icmp|   0|  0|  23|          16|          16|
    |icmp_ln448_6_fu_901_p2            |      icmp|   0|  0|  23|          16|          16|
    |icmp_ln448_7_fu_913_p2            |      icmp|   0|  0|  23|          16|          16|
    |icmp_ln448_8_fu_925_p2            |      icmp|   0|  0|  23|          16|          16|
    |icmp_ln448_9_fu_937_p2            |      icmp|   0|  0|  23|          16|          16|
    |icmp_ln448_fu_829_p2              |      icmp|   0|  0|  23|          16|          16|
    |ap_block_pp0_stage0_01001         |        or|   0|  0|   2|           1|           1|
    |select_ln448_10_fu_954_p3         |    select|   0|  0|  16|           1|          16|
    |select_ln448_11_fu_966_p3         |    select|   0|  0|  16|           1|          16|
    |select_ln448_12_fu_978_p3         |    select|   0|  0|  16|           1|          16|
    |select_ln448_13_fu_990_p3         |    select|   0|  0|  16|           1|          16|
    |select_ln448_14_fu_1002_p3        |    select|   0|  0|  16|           1|          16|
    |select_ln448_15_fu_1014_p3        |    select|   0|  0|  16|           1|          16|
    |select_ln448_16_fu_1026_p3        |    select|   0|  0|  16|           1|          16|
    |select_ln448_17_fu_1038_p3        |    select|   0|  0|  16|           1|          16|
    |select_ln448_18_fu_1050_p3        |    select|   0|  0|  16|           1|          16|
    |select_ln448_19_fu_1062_p3        |    select|   0|  0|  16|           1|          16|
    |select_ln448_1_fu_846_p3          |    select|   0|  0|  16|           1|          16|
    |select_ln448_20_fu_1074_p3        |    select|   0|  0|  16|           1|          16|
    |select_ln448_21_fu_1086_p3        |    select|   0|  0|  16|           1|          16|
    |select_ln448_22_fu_1098_p3        |    select|   0|  0|  16|           1|          16|
    |select_ln448_23_fu_1110_p3        |    select|   0|  0|  16|           1|          16|
    |select_ln448_24_fu_1122_p3        |    select|   0|  0|  16|           1|          16|
    |select_ln448_25_fu_1134_p3        |    select|   0|  0|  16|           1|          16|
    |select_ln448_26_fu_1146_p3        |    select|   0|  0|  16|           1|          16|
    |select_ln448_27_fu_1158_p3        |    select|   0|  0|  16|           1|          16|
    |select_ln448_2_fu_858_p3          |    select|   0|  0|  16|           1|          16|
    |select_ln448_3_fu_870_p3          |    select|   0|  0|  16|           1|          16|
    |select_ln448_4_fu_882_p3          |    select|   0|  0|  16|           1|          16|
    |select_ln448_5_fu_894_p3          |    select|   0|  0|  16|           1|          16|
    |select_ln448_6_fu_906_p3          |    select|   0|  0|  16|           1|          16|
    |select_ln448_7_fu_918_p3          |    select|   0|  0|  16|           1|          16|
    |select_ln448_8_fu_930_p3          |    select|   0|  0|  16|           1|          16|
    |select_ln448_9_fu_942_p3          |    select|   0|  0|  16|           1|          16|
    |select_ln448_fu_834_p3            |    select|   0|  0|  16|           1|          16|
    |ap_enable_pp0                     |       xor|   0|  0|   2|           1|           2|
    |on_second_row_1_fu_320_p2         |       xor|   0|  0|   2|           1|           2|
    +----------------------------------+----------+----+---+----+------------+------------+
    |Total                             |          |   0|  0|1134|         497|         913|
    +----------------------------------+----------+----+---+----+------------+------------+

    * Multiplexer: 
    +----------------------------------------+----+-----------+-----+-----------+
    |                  Name                  | LUT| Input Size| Bits| Total Bits|
    +----------------------------------------+----+-----------+-----+-----------+
    |ap_done_int                             |   9|          2|    1|          2|
    |ap_enable_reg_pp0_iter1                 |   9|          2|    1|          2|
    |ap_phi_mux_on_second_row_phi_fu_292_p4  |   9|          2|    1|          2|
    |ap_sig_allocacmp_i_ih_1                 |   9|          2|    7|         14|
    |i_ih_fu_160                             |   9|          2|    7|         14|
    |layer4x4_out_blk_n                      |   9|          2|    1|          2|
    |layer5x4_out_blk_n                      |   9|          2|    1|          2|
    |on_second_row_reg_289                   |   9|          2|    1|          2|
    |real_start                              |   9|          2|    1|          2|
    +----------------------------------------+----+-----------+-----+-----------+
    |Total                                   |  81|         18|   21|         42|
    +----------------------------------------+----+-----------+-----+-----------+

    * Register: 
    +-------------------------------------+----+----+-----+-----------+
    |                 Name                | FF | LUT| Bits| Const Bits|
    +-------------------------------------+----+----+-----+-----------+
    |ap_CS_fsm                            |   1|   0|    1|          0|
    |ap_done_reg                          |   1|   0|    1|          0|
    |ap_enable_reg_pp0_iter1              |   1|   0|    1|          0|
    |ap_enable_reg_pp0_iter2              |   1|   0|    1|          0|
    |ap_loop_exit_ready_pp0_iter1_reg     |   1|   0|    1|          0|
    |cur_1_reg_1416                       |  16|   0|   16|          0|
    |cur_2_reg_1422                       |  16|   0|   16|          0|
    |cur_3_reg_1428                       |  16|   0|   16|          0|
    |cur_reg_1410                         |  16|   0|   16|          0|
    |empty_fu_164                         |  16|   0|   16|          0|
    |i_ih_fu_160                          |   7|   0|    7|          0|
    |icmp_ln430_reg_1401                  |   1|   0|    1|          0|
    |on_second_row_1_reg_1405             |   1|   0|    1|          0|
    |on_second_row_reg_289                |   1|   0|    1|          0|
    |on_second_row_reg_289_pp0_iter1_reg  |   1|   0|    1|          0|
    |p_0_10_0_0_020_fu_204                |  16|   0|   16|          0|
    |p_0_11_0_0_022_fu_208                |  16|   0|   16|          0|
    |p_0_12_0_0_024_fu_212                |  16|   0|   16|          0|
    |p_0_13_0_0_026_fu_216                |  16|   0|   16|          0|
    |p_0_14_0_0_028_fu_220                |  16|   0|   16|          0|
    |p_0_15_0_0_030_fu_224                |  16|   0|   16|          0|
    |p_0_16_0_0_032_fu_228                |  16|   0|   16|          0|
    |p_0_17_0_0_034_fu_232                |  16|   0|   16|          0|
    |p_0_18_0_0_036_fu_236                |  16|   0|   16|          0|
    |p_0_19_0_0_038_fu_240                |  16|   0|   16|          0|
    |p_0_1_0_0_02_fu_168                  |  16|   0|   16|          0|
    |p_0_20_0_0_040_fu_244                |  16|   0|   16|          0|
    |p_0_21_0_0_042_fu_248                |  16|   0|   16|          0|
    |p_0_22_0_0_044_fu_252                |  16|   0|   16|          0|
    |p_0_23_0_0_046_fu_256                |  16|   0|   16|          0|
    |p_0_24_0_0_048_fu_260                |  16|   0|   16|          0|
    |p_0_25_0_0_050_fu_264                |  16|   0|   16|          0|
    |p_0_26_0_0_052_fu_268                |  16|   0|   16|          0|
    |p_0_27_0_0_054_fu_272                |  16|   0|   16|          0|
    |p_0_2_0_0_04_fu_172                  |  16|   0|   16|          0|
    |p_0_3_0_0_06_fu_176                  |  16|   0|   16|          0|
    |p_0_4_0_0_08_fu_180                  |  16|   0|   16|          0|
    |p_0_5_0_0_010_fu_184                 |  16|   0|   16|          0|
    |p_0_6_0_0_012_fu_188                 |  16|   0|   16|          0|
    |p_0_7_0_0_014_fu_192                 |  16|   0|   16|          0|
    |p_0_8_0_0_016_fu_196                 |  16|   0|   16|          0|
    |p_0_9_0_0_018_fu_200                 |  16|   0|   16|          0|
    |start_once_reg                       |   1|   0|    1|          0|
    |trunc_ln433_10_reg_1494              |  16|   0|   16|          0|
    |trunc_ln433_11_reg_1500              |  16|   0|   16|          0|
    |trunc_ln433_12_reg_1506              |  16|   0|   16|          0|
    |trunc_ln433_13_reg_1512              |  16|   0|   16|          0|
    |trunc_ln433_14_reg_1518              |  16|   0|   16|          0|
    |trunc_ln433_15_reg_1524              |  16|   0|   16|          0|
    |trunc_ln433_16_reg_1530              |  16|   0|   16|          0|
    |trunc_ln433_17_reg_1536              |  16|   0|   16|          0|
    |trunc_ln433_18_reg_1542              |  16|   0|   16|          0|
    |trunc_ln433_19_reg_1548              |  16|   0|   16|          0|
    |trunc_ln433_1_reg_1476               |  16|   0|   16|          0|
    |trunc_ln433_20_reg_1554              |  16|   0|   16|          0|
    |trunc_ln433_21_reg_1560              |  16|   0|   16|          0|
    |trunc_ln433_22_reg_1566              |  16|   0|   16|          0|
    |trunc_ln433_23_reg_1572              |  16|   0|   16|          0|
    |trunc_ln433_2_reg_1482               |  16|   0|   16|          0|
    |trunc_ln433_3_reg_1488               |  16|   0|   16|          0|
    |trunc_ln433_4_reg_1434               |  16|   0|   16|          0|
    |trunc_ln433_5_reg_1440               |  16|   0|   16|          0|
    |trunc_ln433_6_reg_1446               |  16|   0|   16|          0|
    |trunc_ln433_7_reg_1452               |  16|   0|   16|          0|
    |trunc_ln433_8_reg_1458               |  16|   0|   16|          0|
    |trunc_ln433_9_reg_1464               |  16|   0|   16|          0|
    |trunc_ln433_s_reg_1470               |  16|   0|   16|          0|
    +-------------------------------------+----+----+-----+-----------+
    |Total                                | 913|   0|  913|          0|
    +-------------------------------------+----+----+-----+-----------+



================================================================
== Interface
================================================================
* Summary: 
+-----------------------------+-----+-----+------------+-----------------------------------------------------------------+--------------+
|          RTL Ports          | Dir | Bits|  Protocol  |                          Source Object                          |    C Type    |
+-----------------------------+-----+-----+------------+-----------------------------------------------------------------+--------------+
|ap_clk                       |   in|    1|  ap_ctrl_hs|  maxpool2d_wide_nonoverlap_cl<array,array<ap_fixed,28u>,config5>|  return value|
|ap_rst                       |   in|    1|  ap_ctrl_hs|  maxpool2d_wide_nonoverlap_cl<array,array<ap_fixed,28u>,config5>|  return value|
|ap_start                     |   in|    1|  ap_ctrl_hs|  maxpool2d_wide_nonoverlap_cl<array,array<ap_fixed,28u>,config5>|  return value|
|start_full_n                 |   in|    1|  ap_ctrl_hs|  maxpool2d_wide_nonoverlap_cl<array,array<ap_fixed,28u>,config5>|  return value|
|ap_done                      |  out|    1|  ap_ctrl_hs|  maxpool2d_wide_nonoverlap_cl<array,array<ap_fixed,28u>,config5>|  return value|
|ap_continue                  |   in|    1|  ap_ctrl_hs|  maxpool2d_wide_nonoverlap_cl<array,array<ap_fixed,28u>,config5>|  return value|
|ap_idle                      |  out|    1|  ap_ctrl_hs|  maxpool2d_wide_nonoverlap_cl<array,array<ap_fixed,28u>,config5>|  return value|
|ap_ready                     |  out|    1|  ap_ctrl_hs|  maxpool2d_wide_nonoverlap_cl<array,array<ap_fixed,28u>,config5>|  return value|
|start_out                    |  out|    1|  ap_ctrl_hs|  maxpool2d_wide_nonoverlap_cl<array,array<ap_fixed,28u>,config5>|  return value|
|start_write                  |  out|    1|  ap_ctrl_hs|  maxpool2d_wide_nonoverlap_cl<array,array<ap_fixed,28u>,config5>|  return value|
|layer4x4_out_dout            |   in|  448|     ap_fifo|                                                     layer4x4_out|       pointer|
|layer4x4_out_num_data_valid  |   in|    3|     ap_fifo|                                                     layer4x4_out|       pointer|
|layer4x4_out_fifo_cap        |   in|    3|     ap_fifo|                                                     layer4x4_out|       pointer|
|layer4x4_out_empty_n         |   in|    1|     ap_fifo|                                                     layer4x4_out|       pointer|
|layer4x4_out_read            |  out|    1|     ap_fifo|                                                     layer4x4_out|       pointer|
|layer5x4_out_din             |  out|  448|     ap_fifo|                                                     layer5x4_out|       pointer|
|layer5x4_out_num_data_valid  |   in|    3|     ap_fifo|                                                     layer5x4_out|       pointer|
|layer5x4_out_fifo_cap        |   in|    3|     ap_fifo|                                                     layer5x4_out|       pointer|
|layer5x4_out_full_n          |   in|    1|     ap_fifo|                                                     layer5x4_out|       pointer|
|layer5x4_out_write           |  out|    1|     ap_fifo|                                                     layer5x4_out|       pointer|
+-----------------------------+-----+-----+------------+-----------------------------------------------------------------+--------------+

