

================================================================
== Vitis HLS Report for 'relu_array_ap_fixed_28u_array_ap_ufixed_15_5_5_3_0_28u_relu_config5_s'
================================================================
* Date:           Wed Jun  3 15:32:33 2026

* Version:        2023.2 (Build 4023990 on Oct 11 2023)
* Project:        cnn_core_streaming_prj
* Solution:       solution1 (Vivado IP Flow Target)
* Product family: kintexuplus
* Target device:  xcku5p-ffvb676-2-e


================================================================
== Performance Estimates
================================================================
+ Timing: 
    * Summary: 
    +--------+---------+----------+------------+
    |  Clock |  Target | Estimated| Uncertainty|
    +--------+---------+----------+------------+
    |ap_clk  |  5.00 ns|  3.073 ns|     1.35 ns|
    +--------+---------+----------+------------+

+ Latency: 
    * Summary: 
    +---------+---------+----------+----------+-----+-----+---------+
    |  Latency (cycles) |  Latency (absolute) |  Interval | Pipeline|
    |   min   |   max   |    min   |    max   | min | max |   Type  |
    +---------+---------+----------+----------+-----+-----+---------+
    |       87|       87|  0.435 us|  0.435 us|   87|   87|       no|
    +---------+---------+----------+----------+-----+-----+---------+

    + Detail: 
        * Instance: 
        N/A

        * Loop: 
        +---------------+---------+---------+----------+-----------+-----------+------+----------+
        |               |  Latency (cycles) | Iteration|  Initiation Interval  | Trip |          |
        |   Loop Name   |   min   |   max   |  Latency |  achieved |   target  | Count| Pipelined|
        +---------------+---------+---------+----------+-----------+-----------+------+----------+
        |- ReLUActLoop  |       85|       85|         3|          1|          1|    84|       yes|
        +---------------+---------+---------+----------+-----------+-----------+------+----------+



================================================================
== Utilization Estimates
================================================================
* Summary: 
+-----------------+---------+------+--------+--------+-----+
|       Name      | BRAM_18K|  DSP |   FF   |   LUT  | URAM|
+-----------------+---------+------+--------+--------+-----+
|DSP              |        -|     -|       -|       -|    -|
|Expression       |        -|     -|       0|    1098|    -|
|FIFO             |        -|     -|       -|       -|    -|
|Instance         |        -|     -|       -|       -|    -|
|Memory           |        -|     -|       -|       -|    -|
|Multiplexer      |        -|     -|       -|      63|    -|
|Register         |        -|     -|     433|       -|    -|
+-----------------+---------+------+--------+--------+-----+
|Total            |        0|     0|     433|    1161|    0|
+-----------------+---------+------+--------+--------+-----+
|Available        |      960|  1824|  433920|  216960|   64|
+-----------------+---------+------+--------+--------+-----+
|Utilization (%)  |        0|     0|      ~0|      ~0|    0|
+-----------------+---------+------+--------+--------+-----+

+ Detail: 
    * Instance: 
    N/A

    * DSP: 
    N/A

    * Memory: 
    N/A

    * FIFO: 
    N/A

    * Expression: 
    +---------------------------+----------+----+---+----+------------+------------+
    |       Variable Name       | Operation| DSP| FF| LUT| Bitwidth P0| Bitwidth P1|
    +---------------------------+----------+----+---+----+------------+------------+
    |i_2_fu_247_p2              |         +|   0|  0|  14|           7|           1|
    |ap_condition_169           |       and|   0|  0|   2|           1|           1|
    |icmp_ln41_fu_241_p2        |      icmp|   0|  0|  14|           7|           7|
    |icmp_ln51_10_fu_766_p2     |      icmp|   0|  0|  23|          16|           1|
    |icmp_ln51_11_fu_790_p2     |      icmp|   0|  0|  23|          16|           1|
    |icmp_ln51_12_fu_814_p2     |      icmp|   0|  0|  23|          16|           1|
    |icmp_ln51_13_fu_838_p2     |      icmp|   0|  0|  23|          16|           1|
    |icmp_ln51_14_fu_862_p2     |      icmp|   0|  0|  23|          16|           1|
    |icmp_ln51_15_fu_886_p2     |      icmp|   0|  0|  23|          16|           1|
    |icmp_ln51_16_fu_910_p2     |      icmp|   0|  0|  23|          16|           1|
    |icmp_ln51_17_fu_934_p2     |      icmp|   0|  0|  23|          16|           1|
    |icmp_ln51_18_fu_958_p2     |      icmp|   0|  0|  23|          16|           1|
    |icmp_ln51_19_fu_982_p2     |      icmp|   0|  0|  23|          16|           1|
    |icmp_ln51_1_fu_550_p2      |      icmp|   0|  0|  23|          16|           1|
    |icmp_ln51_20_fu_1006_p2    |      icmp|   0|  0|  23|          16|           1|
    |icmp_ln51_21_fu_1030_p2    |      icmp|   0|  0|  23|          16|           1|
    |icmp_ln51_22_fu_1054_p2    |      icmp|   0|  0|  23|          16|           1|
    |icmp_ln51_23_fu_1078_p2    |      icmp|   0|  0|  23|          16|           1|
    |icmp_ln51_24_fu_1102_p2    |      icmp|   0|  0|  23|          16|           1|
    |icmp_ln51_25_fu_1126_p2    |      icmp|   0|  0|  23|          16|           1|
    |icmp_ln51_26_fu_1150_p2    |      icmp|   0|  0|  23|          16|           1|
    |icmp_ln51_27_fu_1174_p2    |      icmp|   0|  0|  23|          16|           1|
    |icmp_ln51_2_fu_574_p2      |      icmp|   0|  0|  23|          16|           1|
    |icmp_ln51_3_fu_598_p2      |      icmp|   0|  0|  23|          16|           1|
    |icmp_ln51_4_fu_622_p2      |      icmp|   0|  0|  23|          16|           1|
    |icmp_ln51_5_fu_646_p2      |      icmp|   0|  0|  23|          16|           1|
    |icmp_ln51_6_fu_670_p2      |      icmp|   0|  0|  23|          16|           1|
    |icmp_ln51_7_fu_694_p2      |      icmp|   0|  0|  23|          16|           1|
    |icmp_ln51_8_fu_718_p2      |      icmp|   0|  0|  23|          16|           1|
    |icmp_ln51_9_fu_742_p2      |      icmp|   0|  0|  23|          16|           1|
    |icmp_ln51_fu_532_p2        |      icmp|   0|  0|  23|          16|           1|
    |ap_block_pp0_stage0_01001  |        or|   0|  0|   2|           1|           1|
    |out_data_1_fu_542_p3       |    select|   0|  0|  15|           1|          15|
    |out_data_3_fu_566_p3       |    select|   0|  0|  15|           1|          15|
    |out_data_5_fu_590_p3       |    select|   0|  0|  15|           1|          15|
    |out_data_7_fu_614_p3       |    select|   0|  0|  15|           1|          15|
    |select_ln51_10_fu_878_p3   |    select|   0|  0|  15|           1|          15|
    |select_ln51_11_fu_902_p3   |    select|   0|  0|  15|           1|          15|
    |select_ln51_12_fu_926_p3   |    select|   0|  0|  15|           1|          15|
    |select_ln51_13_fu_950_p3   |    select|   0|  0|  15|           1|          15|
    |select_ln51_14_fu_974_p3   |    select|   0|  0|  15|           1|          15|
    |select_ln51_15_fu_998_p3   |    select|   0|  0|  15|           1|          15|
    |select_ln51_16_fu_1022_p3  |    select|   0|  0|  15|           1|          15|
    |select_ln51_17_fu_1046_p3  |    select|   0|  0|  15|           1|          15|
    |select_ln51_18_fu_1070_p3  |    select|   0|  0|  15|           1|          15|
    |select_ln51_19_fu_1094_p3  |    select|   0|  0|  15|           1|          15|
    |select_ln51_1_fu_662_p3    |    select|   0|  0|  15|           1|          15|
    |select_ln51_20_fu_1118_p3  |    select|   0|  0|  15|           1|          15|
    |select_ln51_21_fu_1142_p3  |    select|   0|  0|  15|           1|          15|
    |select_ln51_22_fu_1166_p3  |    select|   0|  0|  15|           1|          15|
    |select_ln51_23_fu_1190_p3  |    select|   0|  0|  15|           1|          15|
    |select_ln51_2_fu_686_p3    |    select|   0|  0|  15|           1|          15|
    |select_ln51_3_fu_710_p3    |    select|   0|  0|  15|           1|          15|
    |select_ln51_4_fu_734_p3    |    select|   0|  0|  15|           1|          15|
    |select_ln51_5_fu_758_p3    |    select|   0|  0|  15|           1|          15|
    |select_ln51_6_fu_782_p3    |    select|   0|  0|  15|           1|          15|
    |select_ln51_7_fu_806_p3    |    select|   0|  0|  15|           1|          15|
    |select_ln51_8_fu_830_p3    |    select|   0|  0|  15|           1|          15|
    |select_ln51_9_fu_854_p3    |    select|   0|  0|  15|           1|          15|
    |select_ln51_fu_638_p3      |    select|   0|  0|  15|           1|          15|
    |ap_enable_pp0              |       xor|   0|  0|   2|           1|           2|
    +---------------------------+----------+----+---+----+------------+------------+
    |Total                      |          |   0|  0|1098|         493|         460|
    +---------------------------+----------+----+---+----+------------+------------+

    * Multiplexer: 
    +-------------------------+----+-----------+-----+-----------+
    |           Name          | LUT| Input Size| Bits| Total Bits|
    +-------------------------+----+-----------+-----+-----------+
    |ap_done_int              |   9|          2|    1|          2|
    |ap_enable_reg_pp0_iter1  |   9|          2|    1|          2|
    |ap_sig_allocacmp_i_1     |   9|          2|    7|         14|
    |i_fu_216                 |   9|          2|    7|         14|
    |layer4x4_out_blk_n       |   9|          2|    1|          2|
    |layer5x4_out_blk_n       |   9|          2|    1|          2|
    |real_start               |   9|          2|    1|          2|
    +-------------------------+----+-----------+-----+-----------+
    |Total                    |  63|         14|   19|         38|
    +-------------------------+----+-----------+-----+-----------+

    * Register: 
    +----------------------------------+----+----+-----+-----------+
    |               Name               | FF | LUT| Bits| Const Bits|
    +----------------------------------+----+----+-----+-----------+
    |ap_CS_fsm                         |   1|   0|    1|          0|
    |ap_done_reg                       |   1|   0|    1|          0|
    |ap_enable_reg_pp0_iter1           |   1|   0|    1|          0|
    |ap_enable_reg_pp0_iter2           |   1|   0|    1|          0|
    |ap_loop_exit_ready_pp0_iter1_reg  |   1|   0|    1|          0|
    |i_fu_216                          |   7|   0|    7|          0|
    |out_data_1_reg_1242               |  15|   0|   15|          0|
    |out_data_3_reg_1247               |  15|   0|   15|          0|
    |out_data_5_reg_1252               |  15|   0|   15|          0|
    |out_data_7_reg_1257               |  15|   0|   15|          0|
    |select_ln51_10_reg_1312           |  15|   0|   15|          0|
    |select_ln51_11_reg_1317           |  15|   0|   15|          0|
    |select_ln51_12_reg_1322           |  15|   0|   15|          0|
    |select_ln51_13_reg_1327           |  15|   0|   15|          0|
    |select_ln51_14_reg_1332           |  15|   0|   15|          0|
    |select_ln51_15_reg_1337           |  15|   0|   15|          0|
    |select_ln51_16_reg_1342           |  15|   0|   15|          0|
    |select_ln51_17_reg_1347           |  15|   0|   15|          0|
    |select_ln51_18_reg_1352           |  15|   0|   15|          0|
    |select_ln51_19_reg_1357           |  15|   0|   15|          0|
    |select_ln51_1_reg_1267            |  15|   0|   15|          0|
    |select_ln51_20_reg_1362           |  15|   0|   15|          0|
    |select_ln51_21_reg_1367           |  15|   0|   15|          0|
    |select_ln51_22_reg_1372           |  15|   0|   15|          0|
    |select_ln51_23_reg_1377           |  15|   0|   15|          0|
    |select_ln51_2_reg_1272            |  15|   0|   15|          0|
    |select_ln51_3_reg_1277            |  15|   0|   15|          0|
    |select_ln51_4_reg_1282            |  15|   0|   15|          0|
    |select_ln51_5_reg_1287            |  15|   0|   15|          0|
    |select_ln51_6_reg_1292            |  15|   0|   15|          0|
    |select_ln51_7_reg_1297            |  15|   0|   15|          0|
    |select_ln51_8_reg_1302            |  15|   0|   15|          0|
    |select_ln51_9_reg_1307            |  15|   0|   15|          0|
    |select_ln51_reg_1262              |  15|   0|   15|          0|
    |start_once_reg                    |   1|   0|    1|          0|
    +----------------------------------+----+----+-----+-----------+
    |Total                             | 433|   0|  433|          0|
    +----------------------------------+----+----+-----+-----------+



================================================================
== Interface
================================================================
* Summary: 
+-----------------------------+-----+-----+------------+-------------------------------------------------------------------------+--------------+
|          RTL Ports          | Dir | Bits|  Protocol  |                              Source Object                              |    C Type    |
+-----------------------------+-----+-----+------------+-------------------------------------------------------------------------+--------------+
|ap_clk                       |   in|    1|  ap_ctrl_hs|  relu<array<ap_fixed,28u>,array<ap_ufixed<15,5,5,3,0>,28u>,relu_config5>|  return value|
|ap_rst                       |   in|    1|  ap_ctrl_hs|  relu<array<ap_fixed,28u>,array<ap_ufixed<15,5,5,3,0>,28u>,relu_config5>|  return value|
|ap_start                     |   in|    1|  ap_ctrl_hs|  relu<array<ap_fixed,28u>,array<ap_ufixed<15,5,5,3,0>,28u>,relu_config5>|  return value|
|start_full_n                 |   in|    1|  ap_ctrl_hs|  relu<array<ap_fixed,28u>,array<ap_ufixed<15,5,5,3,0>,28u>,relu_config5>|  return value|
|ap_done                      |  out|    1|  ap_ctrl_hs|  relu<array<ap_fixed,28u>,array<ap_ufixed<15,5,5,3,0>,28u>,relu_config5>|  return value|
|ap_continue                  |   in|    1|  ap_ctrl_hs|  relu<array<ap_fixed,28u>,array<ap_ufixed<15,5,5,3,0>,28u>,relu_config5>|  return value|
|ap_idle                      |  out|    1|  ap_ctrl_hs|  relu<array<ap_fixed,28u>,array<ap_ufixed<15,5,5,3,0>,28u>,relu_config5>|  return value|
|ap_ready                     |  out|    1|  ap_ctrl_hs|  relu<array<ap_fixed,28u>,array<ap_ufixed<15,5,5,3,0>,28u>,relu_config5>|  return value|
|start_out                    |  out|    1|  ap_ctrl_hs|  relu<array<ap_fixed,28u>,array<ap_ufixed<15,5,5,3,0>,28u>,relu_config5>|  return value|
|start_write                  |  out|    1|  ap_ctrl_hs|  relu<array<ap_fixed,28u>,array<ap_ufixed<15,5,5,3,0>,28u>,relu_config5>|  return value|
|layer4x4_out_dout            |   in|  448|     ap_fifo|                                                             layer4x4_out|       pointer|
|layer4x4_out_num_data_valid  |   in|    3|     ap_fifo|                                                             layer4x4_out|       pointer|
|layer4x4_out_fifo_cap        |   in|    3|     ap_fifo|                                                             layer4x4_out|       pointer|
|layer4x4_out_empty_n         |   in|    1|     ap_fifo|                                                             layer4x4_out|       pointer|
|layer4x4_out_read            |  out|    1|     ap_fifo|                                                             layer4x4_out|       pointer|
|layer5x4_out_din             |  out|  420|     ap_fifo|                                                             layer5x4_out|       pointer|
|layer5x4_out_num_data_valid  |   in|    3|     ap_fifo|                                                             layer5x4_out|       pointer|
|layer5x4_out_fifo_cap        |   in|    3|     ap_fifo|                                                             layer5x4_out|       pointer|
|layer5x4_out_full_n          |   in|    1|     ap_fifo|                                                             layer5x4_out|       pointer|
|layer5x4_out_write           |  out|    1|     ap_fifo|                                                             layer5x4_out|       pointer|
+-----------------------------+-----+-----+------------+-------------------------------------------------------------------------+--------------+

