

================================================================
== Vitis HLS Report for 'relu_array_ap_fixed_7u_array_ap_fixed_16_6_5_3_0_7u_relu_config4_s'
================================================================
* Date:           Sun May 17 02:23:00 2026

* Version:        2023.2 (Build 4023990 on Oct 11 2023)
* Project:        cnn_core_streaming_prj
* Solution:       solution1 (Vivado IP Flow Target)
* Product family: kintexuplus
* Target device:  xcku5p-ffvb676-2-e


================================================================
== Performance Estimates
================================================================
+ Timing: 
    * Summary: 
    +--------+---------+----------+------------+
    |  Clock |  Target | Estimated| Uncertainty|
    +--------+---------+----------+------------+
    |ap_clk  |  5.00 ns|  2.500 ns|     1.35 ns|
    +--------+---------+----------+------------+

+ Latency: 
    * Summary: 
    +---------+---------+----------+----------+-----+-----+---------+
    |  Latency (cycles) |  Latency (absolute) |  Interval | Pipeline|
    |   min   |   max   |    min   |    max   | min | max |   Type  |
    +---------+---------+----------+----------+-----+-----+---------+
    |      339|      339|  1.695 us|  1.695 us|  339|  339|       no|
    +---------+---------+----------+----------+-----+-----+---------+

    + Detail: 
        * Instance: 
        N/A

        * Loop: 
        +---------------+---------+---------+----------+-----------+-----------+------+----------+
        |               |  Latency (cycles) | Iteration|  Initiation Interval  | Trip |          |
        |   Loop Name   |   min   |   max   |  Latency |  achieved |   target  | Count| Pipelined|
        +---------------+---------+---------+----------+-----------+-----------+------+----------+
        |- ReLUActLoop  |      337|      337|         3|          1|          1|   336|       yes|
        +---------------+---------+---------+----------+-----------+-----------+------+----------+



================================================================
== Utilization Estimates
================================================================
* Summary: 
+-----------------+---------+------+--------+--------+-----+
|       Name      | BRAM_18K|  DSP |   FF   |   LUT  | URAM|
+-----------------+---------+------+--------+--------+-----+
|DSP              |        -|     -|       -|       -|    -|
|Expression       |        -|     -|       0|     248|    -|
|FIFO             |        -|     -|       -|       -|    -|
|Instance         |        -|     -|       -|       -|    -|
|Memory           |        -|     -|       -|       -|    -|
|Multiplexer      |        -|     -|       -|      63|    -|
|Register         |        -|     -|      78|       -|    -|
+-----------------+---------+------+--------+--------+-----+
|Total            |        0|     0|      78|     311|    0|
+-----------------+---------+------+--------+--------+-----+
|Available        |      960|  1824|  433920|  216960|   64|
+-----------------+---------+------+--------+--------+-----+
|Utilization (%)  |        0|     0|      ~0|      ~0|    0|
+-----------------+---------+------+--------+--------+-----+

+ Detail: 
    * Instance: 
    N/A

    * DSP: 
    N/A

    * Memory: 
    N/A

    * FIFO: 
    N/A

    * Expression: 
    +---------------------------+----------+----+---+----+------------+------------+
    |       Variable Name       | Operation| DSP| FF| LUT| Bitwidth P0| Bitwidth P1|
    +---------------------------+----------+----+---+----+------------+------------+
    |i_2_fu_115_p2              |         +|   0|  0|  16|           9|           1|
    |ap_condition_141           |       and|   0|  0|   2|           1|           1|
    |icmp_ln41_fu_109_p2        |      icmp|   0|  0|  16|           9|           9|
    |icmp_ln51_1_fu_200_p2      |      icmp|   0|  0|  16|           9|           1|
    |icmp_ln51_2_fu_216_p2      |      icmp|   0|  0|  16|           9|           1|
    |icmp_ln51_3_fu_232_p2      |      icmp|   0|  0|  16|           9|           1|
    |icmp_ln51_4_fu_248_p2      |      icmp|   0|  0|  16|           9|           1|
    |icmp_ln51_5_fu_264_p2      |      icmp|   0|  0|  16|           9|           1|
    |icmp_ln51_6_fu_280_p2      |      icmp|   0|  0|  16|           9|           1|
    |icmp_ln51_fu_190_p2        |      icmp|   0|  0|  16|           9|           1|
    |ap_block_pp0_stage0_01001  |        or|   0|  0|   2|           1|           1|
    |out_data_1_fu_303_p3       |    select|   0|  0|  14|           1|          14|
    |out_data_3_fu_321_p3       |    select|   0|  0|  14|           1|          14|
    |out_data_5_fu_339_p3       |    select|   0|  0|  14|           1|          14|
    |out_data_7_fu_357_p3       |    select|   0|  0|  14|           1|          14|
    |select_ln51_1_fu_393_p3    |    select|   0|  0|  14|           1|          14|
    |select_ln51_2_fu_411_p3    |    select|   0|  0|  14|           1|          14|
    |select_ln51_fu_375_p3      |    select|   0|  0|  14|           1|          14|
    |ap_enable_pp0              |       xor|   0|  0|   2|           1|           2|
    +---------------------------+----------+----+---+----+------------+------------+
    |Total                      |          |   0|  0| 248|          91|         119|
    +---------------------------+----------+----+---+----+------------+------------+

    * Multiplexer: 
    +-------------------------+----+-----------+-----+-----------+
    |           Name          | LUT| Input Size| Bits| Total Bits|
    +-------------------------+----+-----------+-----+-----------+
    |ap_done_int              |   9|          2|    1|          2|
    |ap_enable_reg_pp0_iter1  |   9|          2|    1|          2|
    |ap_sig_allocacmp_i_1     |   9|          2|    9|         18|
    |i_fu_84                  |   9|          2|    9|         18|
    |layer3_out_blk_n         |   9|          2|    1|          2|
    |layer4_out_blk_n         |   9|          2|    1|          2|
    |real_start               |   9|          2|    1|          2|
    +-------------------------+----+-----------+-----+-----------+
    |Total                    |  63|         14|   23|         46|
    +-------------------------+----+-----------+-----+-----------+

    * Register: 
    +----------------------------------+---+----+-----+-----------+
    |               Name               | FF| LUT| Bits| Const Bits|
    +----------------------------------+---+----+-----+-----------+
    |ap_CS_fsm                         |  1|   0|    1|          0|
    |ap_done_reg                       |  1|   0|    1|          0|
    |ap_enable_reg_pp0_iter1           |  1|   0|    1|          0|
    |ap_enable_reg_pp0_iter2           |  1|   0|    1|          0|
    |ap_loop_exit_ready_pp0_iter1_reg  |  1|   0|    1|          0|
    |i_fu_84                           |  9|   0|    9|          0|
    |icmp_ln51_1_reg_462               |  1|   0|    1|          0|
    |icmp_ln51_2_reg_472               |  1|   0|    1|          0|
    |icmp_ln51_3_reg_482               |  1|   0|    1|          0|
    |icmp_ln51_4_reg_492               |  1|   0|    1|          0|
    |icmp_ln51_5_reg_502               |  1|   0|    1|          0|
    |icmp_ln51_6_reg_512               |  1|   0|    1|          0|
    |icmp_ln51_reg_452                 |  1|   0|    1|          0|
    |start_once_reg                    |  1|   0|    1|          0|
    |tmp_1_reg_467                     |  8|   0|    8|          0|
    |tmp_2_reg_477                     |  8|   0|    8|          0|
    |tmp_3_reg_487                     |  8|   0|    8|          0|
    |tmp_4_reg_497                     |  8|   0|    8|          0|
    |tmp_5_reg_507                     |  8|   0|    8|          0|
    |tmp_6_reg_517                     |  8|   0|    8|          0|
    |trunc_ln52_reg_457                |  8|   0|    8|          0|
    +----------------------------------+---+----+-----+-----------+
    |Total                             | 78|   0|   78|          0|
    +----------------------------------+---+----+-----+-----------+



================================================================
== Interface
================================================================
* Summary: 
+---------------------------+-----+-----+------------+----------------------------------------------------------------------+--------------+
|         RTL Ports         | Dir | Bits|  Protocol  |                             Source Object                            |    C Type    |
+---------------------------+-----+-----+------------+----------------------------------------------------------------------+--------------+
|ap_clk                     |   in|    1|  ap_ctrl_hs|  relu<array<ap_fixed,7u>,array<ap_fixed<16,6,5,3,0>,7u>,relu_config4>|  return value|
|ap_rst                     |   in|    1|  ap_ctrl_hs|  relu<array<ap_fixed,7u>,array<ap_fixed<16,6,5,3,0>,7u>,relu_config4>|  return value|
|ap_start                   |   in|    1|  ap_ctrl_hs|  relu<array<ap_fixed,7u>,array<ap_fixed<16,6,5,3,0>,7u>,relu_config4>|  return value|
|start_full_n               |   in|    1|  ap_ctrl_hs|  relu<array<ap_fixed,7u>,array<ap_fixed<16,6,5,3,0>,7u>,relu_config4>|  return value|
|ap_done                    |  out|    1|  ap_ctrl_hs|  relu<array<ap_fixed,7u>,array<ap_fixed<16,6,5,3,0>,7u>,relu_config4>|  return value|
|ap_continue                |   in|    1|  ap_ctrl_hs|  relu<array<ap_fixed,7u>,array<ap_fixed<16,6,5,3,0>,7u>,relu_config4>|  return value|
|ap_idle                    |  out|    1|  ap_ctrl_hs|  relu<array<ap_fixed,7u>,array<ap_fixed<16,6,5,3,0>,7u>,relu_config4>|  return value|
|ap_ready                   |  out|    1|  ap_ctrl_hs|  relu<array<ap_fixed,7u>,array<ap_fixed<16,6,5,3,0>,7u>,relu_config4>|  return value|
|start_out                  |  out|    1|  ap_ctrl_hs|  relu<array<ap_fixed,7u>,array<ap_fixed<16,6,5,3,0>,7u>,relu_config4>|  return value|
|start_write                |  out|    1|  ap_ctrl_hs|  relu<array<ap_fixed,7u>,array<ap_fixed<16,6,5,3,0>,7u>,relu_config4>|  return value|
|layer3_out_dout            |   in|   63|     ap_fifo|                                                            layer3_out|       pointer|
|layer3_out_num_data_valid  |   in|   10|     ap_fifo|                                                            layer3_out|       pointer|
|layer3_out_fifo_cap        |   in|   10|     ap_fifo|                                                            layer3_out|       pointer|
|layer3_out_empty_n         |   in|    1|     ap_fifo|                                                            layer3_out|       pointer|
|layer3_out_read            |  out|    1|     ap_fifo|                                                            layer3_out|       pointer|
|layer4_out_din             |  out|  112|     ap_fifo|                                                            layer4_out|       pointer|
|layer4_out_num_data_valid  |   in|   10|     ap_fifo|                                                            layer4_out|       pointer|
|layer4_out_fifo_cap        |   in|   10|     ap_fifo|                                                            layer4_out|       pointer|
|layer4_out_full_n          |   in|    1|     ap_fifo|                                                            layer4_out|       pointer|
|layer4_out_write           |  out|    1|     ap_fifo|                                                            layer4_out|       pointer|
+---------------------------+-----+-----+------------+----------------------------------------------------------------------+--------------+

