

================================================================
== Vitis HLS Report for 'relu_array_ap_fixed_28u_array_ap_fixed_16_6_5_3_0_28u_relu_config4_s'
================================================================
* Date:           Sun May 17 03:02:37 2026

* Version:        2023.2 (Build 4023990 on Oct 11 2023)
* Project:        cnn_core_streaming_prj
* Solution:       solution1 (Vivado IP Flow Target)
* Product family: kintexuplus
* Target device:  xcku5p-ffvb676-2-e


================================================================
== Performance Estimates
================================================================
+ Timing: 
    * Summary: 
    +--------+---------+----------+------------+
    |  Clock |  Target | Estimated| Uncertainty|
    +--------+---------+----------+------------+
    |ap_clk  |  5.00 ns|  2.601 ns|     1.35 ns|
    +--------+---------+----------+------------+

+ Latency: 
    * Summary: 
    +---------+---------+----------+----------+-----+-----+---------+
    |  Latency (cycles) |  Latency (absolute) |  Interval | Pipeline|
    |   min   |   max   |    min   |    max   | min | max |   Type  |
    +---------+---------+----------+----------+-----+-----+---------+
    |       87|       87|  0.435 us|  0.435 us|   87|   87|       no|
    +---------+---------+----------+----------+-----+-----+---------+

    + Detail: 
        * Instance: 
        N/A

        * Loop: 
        +---------------+---------+---------+----------+-----------+-----------+------+----------+
        |               |  Latency (cycles) | Iteration|  Initiation Interval  | Trip |          |
        |   Loop Name   |   min   |   max   |  Latency |  achieved |   target  | Count| Pipelined|
        +---------------+---------+---------+----------+-----------+-----------+------+----------+
        |- ReLUActLoop  |       85|       85|         3|          1|          1|    84|       yes|
        +---------------+---------+---------+----------+-----------+-----------+------+----------+



================================================================
== Utilization Estimates
================================================================
* Summary: 
+-----------------+---------+------+--------+--------+-----+
|       Name      | BRAM_18K|  DSP |   FF   |   LUT  | URAM|
+-----------------+---------+------+--------+--------+-----+
|DSP              |        -|     -|       -|       -|    -|
|Expression       |        -|     -|       0|     874|    -|
|FIFO             |        -|     -|       -|       -|    -|
|Instance         |        -|     -|       -|       -|    -|
|Memory           |        -|     -|       -|       -|    -|
|Multiplexer      |        -|     -|       -|      63|    -|
|Register         |        -|     -|     265|       -|    -|
+-----------------+---------+------+--------+--------+-----+
|Total            |        0|     0|     265|     937|    0|
+-----------------+---------+------+--------+--------+-----+
|Available        |      960|  1824|  433920|  216960|   64|
+-----------------+---------+------+--------+--------+-----+
|Utilization (%)  |        0|     0|      ~0|      ~0|    0|
+-----------------+---------+------+--------+--------+-----+

+ Detail: 
    * Instance: 
    N/A

    * DSP: 
    N/A

    * Memory: 
    N/A

    * FIFO: 
    N/A

    * Expression: 
    +---------------------------+----------+----+---+----+------------+------------+
    |       Variable Name       | Operation| DSP| FF| LUT| Bitwidth P0| Bitwidth P1|
    +---------------------------+----------+----+---+----+------------+------------+
    |i_4_fu_243_p2              |         +|   0|  0|  14|           7|           1|
    |ap_condition_225           |       and|   0|  0|   2|           1|           1|
    |icmp_ln41_fu_237_p2        |      icmp|   0|  0|  14|           7|           7|
    |icmp_ln51_10_fu_682_p2     |      icmp|   0|  0|  16|           9|           1|
    |icmp_ln51_11_fu_698_p2     |      icmp|   0|  0|  16|           9|           1|
    |icmp_ln51_12_fu_714_p2     |      icmp|   0|  0|  16|           9|           1|
    |icmp_ln51_13_fu_730_p2     |      icmp|   0|  0|  16|           9|           1|
    |icmp_ln51_14_fu_746_p2     |      icmp|   0|  0|  16|           9|           1|
    |icmp_ln51_15_fu_762_p2     |      icmp|   0|  0|  16|           9|           1|
    |icmp_ln51_16_fu_778_p2     |      icmp|   0|  0|  16|           9|           1|
    |icmp_ln51_17_fu_794_p2     |      icmp|   0|  0|  16|           9|           1|
    |icmp_ln51_18_fu_810_p2     |      icmp|   0|  0|  16|           9|           1|
    |icmp_ln51_19_fu_826_p2     |      icmp|   0|  0|  16|           9|           1|
    |icmp_ln51_1_fu_538_p2      |      icmp|   0|  0|  16|           9|           1|
    |icmp_ln51_20_fu_842_p2     |      icmp|   0|  0|  16|           9|           1|
    |icmp_ln51_21_fu_858_p2     |      icmp|   0|  0|  16|           9|           1|
    |icmp_ln51_22_fu_874_p2     |      icmp|   0|  0|  16|           9|           1|
    |icmp_ln51_23_fu_890_p2     |      icmp|   0|  0|  16|           9|           1|
    |icmp_ln51_24_fu_906_p2     |      icmp|   0|  0|  16|           9|           1|
    |icmp_ln51_25_fu_922_p2     |      icmp|   0|  0|  16|           9|           1|
    |icmp_ln51_26_fu_938_p2     |      icmp|   0|  0|  16|           9|           1|
    |icmp_ln51_27_fu_954_p2     |      icmp|   0|  0|  16|           9|           1|
    |icmp_ln51_2_fu_554_p2      |      icmp|   0|  0|  16|           9|           1|
    |icmp_ln51_3_fu_570_p2      |      icmp|   0|  0|  16|           9|           1|
    |icmp_ln51_4_fu_586_p2      |      icmp|   0|  0|  16|           9|           1|
    |icmp_ln51_5_fu_602_p2      |      icmp|   0|  0|  16|           9|           1|
    |icmp_ln51_6_fu_618_p2      |      icmp|   0|  0|  16|           9|           1|
    |icmp_ln51_7_fu_634_p2      |      icmp|   0|  0|  16|           9|           1|
    |icmp_ln51_8_fu_650_p2      |      icmp|   0|  0|  16|           9|           1|
    |icmp_ln51_9_fu_666_p2      |      icmp|   0|  0|  16|           9|           1|
    |icmp_ln51_fu_528_p2        |      icmp|   0|  0|  16|           9|           1|
    |ap_block_pp0_stage0_01001  |        or|   0|  0|   2|           1|           1|
    |out_data_1_fu_977_p3       |    select|   0|  0|  14|           1|          14|
    |out_data_3_fu_995_p3       |    select|   0|  0|  14|           1|          14|
    |out_data_5_fu_1013_p3      |    select|   0|  0|  14|           1|          14|
    |out_data_7_fu_1031_p3      |    select|   0|  0|  14|           1|          14|
    |select_ln51_10_fu_1229_p3  |    select|   0|  0|  14|           1|          14|
    |select_ln51_11_fu_1247_p3  |    select|   0|  0|  14|           1|          14|
    |select_ln51_12_fu_1265_p3  |    select|   0|  0|  14|           1|          14|
    |select_ln51_13_fu_1283_p3  |    select|   0|  0|  14|           1|          14|
    |select_ln51_14_fu_1301_p3  |    select|   0|  0|  14|           1|          14|
    |select_ln51_15_fu_1319_p3  |    select|   0|  0|  14|           1|          14|
    |select_ln51_16_fu_1337_p3  |    select|   0|  0|  14|           1|          14|
    |select_ln51_17_fu_1355_p3  |    select|   0|  0|  14|           1|          14|
    |select_ln51_18_fu_1373_p3  |    select|   0|  0|  14|           1|          14|
    |select_ln51_19_fu_1391_p3  |    select|   0|  0|  14|           1|          14|
    |select_ln51_1_fu_1067_p3   |    select|   0|  0|  14|           1|          14|
    |select_ln51_20_fu_1409_p3  |    select|   0|  0|  14|           1|          14|
    |select_ln51_21_fu_1427_p3  |    select|   0|  0|  14|           1|          14|
    |select_ln51_22_fu_1445_p3  |    select|   0|  0|  14|           1|          14|
    |select_ln51_23_fu_1463_p3  |    select|   0|  0|  14|           1|          14|
    |select_ln51_2_fu_1085_p3   |    select|   0|  0|  14|           1|          14|
    |select_ln51_3_fu_1103_p3   |    select|   0|  0|  14|           1|          14|
    |select_ln51_4_fu_1121_p3   |    select|   0|  0|  14|           1|          14|
    |select_ln51_5_fu_1139_p3   |    select|   0|  0|  14|           1|          14|
    |select_ln51_6_fu_1157_p3   |    select|   0|  0|  14|           1|          14|
    |select_ln51_7_fu_1175_p3   |    select|   0|  0|  14|           1|          14|
    |select_ln51_8_fu_1193_p3   |    select|   0|  0|  14|           1|          14|
    |select_ln51_9_fu_1211_p3   |    select|   0|  0|  14|           1|          14|
    |select_ln51_fu_1049_p3     |    select|   0|  0|  14|           1|          14|
    |ap_enable_pp0              |       xor|   0|  0|   2|           1|           2|
    +---------------------------+----------+----+---+----+------------+------------+
    |Total                      |          |   0|  0| 874|         297|         432|
    +---------------------------+----------+----+---+----+------------+------------+

    * Multiplexer: 
    +-------------------------+----+-----------+-----+-----------+
    |           Name          | LUT| Input Size| Bits| Total Bits|
    +-------------------------+----+-----------+-----+-----------+
    |ap_done_int              |   9|          2|    1|          2|
    |ap_enable_reg_pp0_iter1  |   9|          2|    1|          2|
    |ap_sig_allocacmp_i_3     |   9|          2|    7|         14|
    |i_fu_212                 |   9|          2|    7|         14|
    |layer3x4_out_blk_n       |   9|          2|    1|          2|
    |layer4x4_out_blk_n       |   9|          2|    1|          2|
    |real_start               |   9|          2|    1|          2|
    +-------------------------+----+-----------+-----+-----------+
    |Total                    |  63|         14|   19|         38|
    +-------------------------+----+-----------+-----+-----------+

    * Register: 
    +----------------------------------+---+----+-----+-----------+
    |               Name               | FF| LUT| Bits| Const Bits|
    +----------------------------------+---+----+-----+-----------+
    |ap_CS_fsm                         |  1|   0|    1|          0|
    |ap_done_reg                       |  1|   0|    1|          0|
    |ap_enable_reg_pp0_iter1           |  1|   0|    1|          0|
    |ap_enable_reg_pp0_iter2           |  1|   0|    1|          0|
    |ap_loop_exit_ready_pp0_iter1_reg  |  1|   0|    1|          0|
    |i_fu_212                          |  7|   0|    7|          0|
    |icmp_ln51_10_reg_1646             |  1|   0|    1|          0|
    |icmp_ln51_11_reg_1656             |  1|   0|    1|          0|
    |icmp_ln51_12_reg_1666             |  1|   0|    1|          0|
    |icmp_ln51_13_reg_1676             |  1|   0|    1|          0|
    |icmp_ln51_14_reg_1686             |  1|   0|    1|          0|
    |icmp_ln51_15_reg_1696             |  1|   0|    1|          0|
    |icmp_ln51_16_reg_1706             |  1|   0|    1|          0|
    |icmp_ln51_17_reg_1716             |  1|   0|    1|          0|
    |icmp_ln51_18_reg_1726             |  1|   0|    1|          0|
    |icmp_ln51_19_reg_1736             |  1|   0|    1|          0|
    |icmp_ln51_1_reg_1556              |  1|   0|    1|          0|
    |icmp_ln51_20_reg_1746             |  1|   0|    1|          0|
    |icmp_ln51_21_reg_1756             |  1|   0|    1|          0|
    |icmp_ln51_22_reg_1766             |  1|   0|    1|          0|
    |icmp_ln51_23_reg_1776             |  1|   0|    1|          0|
    |icmp_ln51_24_reg_1786             |  1|   0|    1|          0|
    |icmp_ln51_25_reg_1796             |  1|   0|    1|          0|
    |icmp_ln51_26_reg_1806             |  1|   0|    1|          0|
    |icmp_ln51_27_reg_1816             |  1|   0|    1|          0|
    |icmp_ln51_2_reg_1566              |  1|   0|    1|          0|
    |icmp_ln51_3_reg_1576              |  1|   0|    1|          0|
    |icmp_ln51_4_reg_1586              |  1|   0|    1|          0|
    |icmp_ln51_5_reg_1596              |  1|   0|    1|          0|
    |icmp_ln51_6_reg_1606              |  1|   0|    1|          0|
    |icmp_ln51_7_reg_1616              |  1|   0|    1|          0|
    |icmp_ln51_8_reg_1626              |  1|   0|    1|          0|
    |icmp_ln51_9_reg_1636              |  1|   0|    1|          0|
    |icmp_ln51_reg_1546                |  1|   0|    1|          0|
    |start_once_reg                    |  1|   0|    1|          0|
    |tmp_10_reg_1661                   |  8|   0|    8|          0|
    |tmp_11_reg_1671                   |  8|   0|    8|          0|
    |tmp_12_reg_1681                   |  8|   0|    8|          0|
    |tmp_13_reg_1691                   |  8|   0|    8|          0|
    |tmp_14_reg_1701                   |  8|   0|    8|          0|
    |tmp_15_reg_1711                   |  8|   0|    8|          0|
    |tmp_16_reg_1721                   |  8|   0|    8|          0|
    |tmp_17_reg_1731                   |  8|   0|    8|          0|
    |tmp_18_reg_1741                   |  8|   0|    8|          0|
    |tmp_19_reg_1751                   |  8|   0|    8|          0|
    |tmp_1_reg_1561                    |  8|   0|    8|          0|
    |tmp_20_reg_1761                   |  8|   0|    8|          0|
    |tmp_21_reg_1771                   |  8|   0|    8|          0|
    |tmp_22_reg_1781                   |  8|   0|    8|          0|
    |tmp_23_reg_1791                   |  8|   0|    8|          0|
    |tmp_24_reg_1801                   |  8|   0|    8|          0|
    |tmp_25_reg_1811                   |  8|   0|    8|          0|
    |tmp_26_reg_1821                   |  8|   0|    8|          0|
    |tmp_2_reg_1571                    |  8|   0|    8|          0|
    |tmp_3_reg_1581                    |  8|   0|    8|          0|
    |tmp_4_reg_1591                    |  8|   0|    8|          0|
    |tmp_5_reg_1601                    |  8|   0|    8|          0|
    |tmp_6_reg_1611                    |  8|   0|    8|          0|
    |tmp_7_reg_1621                    |  8|   0|    8|          0|
    |tmp_8_reg_1631                    |  8|   0|    8|          0|
    |tmp_9_reg_1641                    |  8|   0|    8|          0|
    |tmp_s_reg_1651                    |  8|   0|    8|          0|
    |trunc_ln52_reg_1551               |  8|   0|    8|          0|
    +----------------------------------+---+----+-----+-----------+
    |Total                             |265|   0|  265|          0|
    +----------------------------------+---+----+-----+-----------+



================================================================
== Interface
================================================================
* Summary: 
+-----------------------------+-----+-----+------------+------------------------------------------------------------------------+--------------+
|          RTL Ports          | Dir | Bits|  Protocol  |                              Source Object                             |    C Type    |
+-----------------------------+-----+-----+------------+------------------------------------------------------------------------+--------------+
|ap_clk                       |   in|    1|  ap_ctrl_hs|  relu<array<ap_fixed,28u>,array<ap_fixed<16,6,5,3,0>,28u>,relu_config4>|  return value|
|ap_rst                       |   in|    1|  ap_ctrl_hs|  relu<array<ap_fixed,28u>,array<ap_fixed<16,6,5,3,0>,28u>,relu_config4>|  return value|
|ap_start                     |   in|    1|  ap_ctrl_hs|  relu<array<ap_fixed,28u>,array<ap_fixed<16,6,5,3,0>,28u>,relu_config4>|  return value|
|start_full_n                 |   in|    1|  ap_ctrl_hs|  relu<array<ap_fixed,28u>,array<ap_fixed<16,6,5,3,0>,28u>,relu_config4>|  return value|
|ap_done                      |  out|    1|  ap_ctrl_hs|  relu<array<ap_fixed,28u>,array<ap_fixed<16,6,5,3,0>,28u>,relu_config4>|  return value|
|ap_continue                  |   in|    1|  ap_ctrl_hs|  relu<array<ap_fixed,28u>,array<ap_fixed<16,6,5,3,0>,28u>,relu_config4>|  return value|
|ap_idle                      |  out|    1|  ap_ctrl_hs|  relu<array<ap_fixed,28u>,array<ap_fixed<16,6,5,3,0>,28u>,relu_config4>|  return value|
|ap_ready                     |  out|    1|  ap_ctrl_hs|  relu<array<ap_fixed,28u>,array<ap_fixed<16,6,5,3,0>,28u>,relu_config4>|  return value|
|start_out                    |  out|    1|  ap_ctrl_hs|  relu<array<ap_fixed,28u>,array<ap_fixed<16,6,5,3,0>,28u>,relu_config4>|  return value|
|start_write                  |  out|    1|  ap_ctrl_hs|  relu<array<ap_fixed,28u>,array<ap_fixed<16,6,5,3,0>,28u>,relu_config4>|  return value|
|layer3x4_out_dout            |   in|  252|     ap_fifo|                                                            layer3x4_out|       pointer|
|layer3x4_out_num_data_valid  |   in|    3|     ap_fifo|                                                            layer3x4_out|       pointer|
|layer3x4_out_fifo_cap        |   in|    3|     ap_fifo|                                                            layer3x4_out|       pointer|
|layer3x4_out_empty_n         |   in|    1|     ap_fifo|                                                            layer3x4_out|       pointer|
|layer3x4_out_read            |  out|    1|     ap_fifo|                                                            layer3x4_out|       pointer|
|layer4x4_out_din             |  out|  448|     ap_fifo|                                                            layer4x4_out|       pointer|
|layer4x4_out_num_data_valid  |   in|    3|     ap_fifo|                                                            layer4x4_out|       pointer|
|layer4x4_out_fifo_cap        |   in|    3|     ap_fifo|                                                            layer4x4_out|       pointer|
|layer4x4_out_full_n          |   in|    1|     ap_fifo|                                                            layer4x4_out|       pointer|
|layer4x4_out_write           |  out|    1|     ap_fifo|                                                            layer4x4_out|       pointer|
+-----------------------------+-----+-----+------------+------------------------------------------------------------------------+--------------+

