

================================================================
== Vitis HLS Report for 'unpack_4lane_temporal_cl_array_array_ap_fixed_16_6_5_3_0_7u_config5_s'
================================================================
* Date:           Sun May 17 03:02:37 2026

* Version:        2023.2 (Build 4023990 on Oct 11 2023)
* Project:        cnn_core_streaming_prj
* Solution:       solution1 (Vivado IP Flow Target)
* Product family: kintexuplus
* Target device:  xcku5p-ffvb676-2-e


================================================================
== Performance Estimates
================================================================
+ Timing: 
    * Summary: 
    +--------+---------+----------+------------+
    |  Clock |  Target | Estimated| Uncertainty|
    +--------+---------+----------+------------+
    |ap_clk  |  5.00 ns|  2.281 ns|     1.35 ns|
    +--------+---------+----------+------------+

+ Latency: 
    * Summary: 
    +---------+---------+----------+----------+-----+-----+---------+
    |  Latency (cycles) |  Latency (absolute) |  Interval | Pipeline|
    |   min   |   max   |    min   |    max   | min | max |   Type  |
    +---------+---------+----------+----------+-----+-----+---------+
    |      171|      171|  0.855 us|  0.855 us|  171|  171|       no|
    +---------+---------+----------+----------+-----+-----+---------+

    + Detail: 
        * Instance: 
        N/A

        * Loop: 
        +--------------------+---------+---------+----------+-----------+-----------+------+----------+
        |                    |  Latency (cycles) | Iteration|  Initiation Interval  | Trip |          |
        |      Loop Name     |   min   |   max   |  Latency |  achieved |   target  | Count| Pipelined|
        +--------------------+---------+---------+----------+-----------+-----------+------+----------+
        |- UnpackOutputFlat  |      169|      169|         3|          1|          1|   168|       yes|
        +--------------------+---------+---------+----------+-----------+-----------+------+----------+



================================================================
== Utilization Estimates
================================================================
* Summary: 
+-----------------+---------+------+--------+--------+-----+
|       Name      | BRAM_18K|  DSP |   FF   |   LUT  | URAM|
+-----------------+---------+------+--------+--------+-----+
|DSP              |        -|     -|       -|       -|    -|
|Expression       |        -|     -|       0|     187|    -|
|FIFO             |        -|     -|       -|       -|    -|
|Instance         |        -|     -|       0|     140|    -|
|Memory           |        -|     -|       -|       -|    -|
|Multiplexer      |        -|     -|       -|      81|    -|
|Register         |        -|     -|     499|       -|    -|
+-----------------+---------+------+--------+--------+-----+
|Total            |        0|     0|     499|     408|    0|
+-----------------+---------+------+--------+--------+-----+
|Available        |      960|  1824|  433920|  216960|   64|
+-----------------+---------+------+--------+--------+-----+
|Utilization (%)  |        0|     0|      ~0|      ~0|    0|
+-----------------+---------+------+--------+--------+-----+

+ Detail: 
    * Instance: 
    +--------------------------+----------------------+---------+----+---+----+-----+
    |         Instance         |        Module        | BRAM_18K| DSP| FF| LUT| URAM|
    +--------------------------+----------------------+---------+----+---+----+-----+
    |sparsemux_9_2_16_1_1_U34  |sparsemux_9_2_16_1_1  |        0|   0|  0|  20|    0|
    |sparsemux_9_2_16_1_1_U35  |sparsemux_9_2_16_1_1  |        0|   0|  0|  20|    0|
    |sparsemux_9_2_16_1_1_U36  |sparsemux_9_2_16_1_1  |        0|   0|  0|  20|    0|
    |sparsemux_9_2_16_1_1_U37  |sparsemux_9_2_16_1_1  |        0|   0|  0|  20|    0|
    |sparsemux_9_2_16_1_1_U38  |sparsemux_9_2_16_1_1  |        0|   0|  0|  20|    0|
    |sparsemux_9_2_16_1_1_U39  |sparsemux_9_2_16_1_1  |        0|   0|  0|  20|    0|
    |sparsemux_9_2_16_1_1_U40  |sparsemux_9_2_16_1_1  |        0|   0|  0|  20|    0|
    +--------------------------+----------------------+---------+----+---+----+-----+
    |Total                     |                      |        0|   0|  0| 140|    0|
    +--------------------------+----------------------+---------+----+---+----+-----+

    * DSP: 
    N/A

    * Memory: 
    N/A

    * FIFO: 
    N/A

    * Expression: 
    +----------------------------------+----------+----+---+----+------------+------------+
    |           Variable Name          | Operation| DSP| FF| LUT| Bitwidth P0| Bitwidth P1|
    +----------------------------------+----------+----+---+----+------------+------------+
    |add_ln209_fu_339_p2               |         +|   0|  0|  39|          32|           1|
    |i_2_fu_317_p2                     |         +|   0|  0|  15|           8|           1|
    |ap_block_state2_pp0_stage0_iter1  |       and|   0|  0|   2|           1|           1|
    |ap_condition_209                  |       and|   0|  0|   2|           1|           1|
    |icmp_ln191_fu_311_p2              |      icmp|   0|  0|  15|           8|           8|
    |icmp_ln194_fu_327_p2              |      icmp|   0|  0|  39|          32|           1|
    |icmp_ln209_fu_333_p2              |      icmp|   0|  0|  39|          32|           2|
    |ap_block_pp0_stage0_01001         |        or|   0|  0|   2|           1|           1|
    |i_iw_3_fu_345_p3                  |    select|   0|  0|  32|           1|           1|
    |ap_enable_pp0                     |       xor|   0|  0|   2|           1|           2|
    +----------------------------------+----------+----+---+----+------------+------------+
    |Total                             |          |   0|  0| 187|         117|          19|
    +----------------------------------+----------+----+---+----+------------+------------+

    * Multiplexer: 
    +-------------------------+----+-----------+-----+-----------+
    |           Name          | LUT| Input Size| Bits| Total Bits|
    +-------------------------+----+-----------+-----+-----------+
    |ap_done_int              |   9|          2|    1|          2|
    |ap_enable_reg_pp0_iter1  |   9|          2|    1|          2|
    |ap_sig_allocacmp_i_1     |   9|          2|    8|         16|
    |ap_sig_allocacmp_i_iw_2  |   9|          2|   32|         64|
    |i_fu_162                 |   9|          2|    8|         16|
    |i_iw_fu_166              |   9|          2|   32|         64|
    |layer5_out_blk_n         |   9|          2|    1|          2|
    |layer5x4_out_blk_n       |   9|          2|    1|          2|
    |real_start               |   9|          2|    1|          2|
    +-------------------------+----+-----------+-----+-----------+
    |Total                    |  81|         18|   85|        170|
    +-------------------------+----+-----------+-----+-----------+

    * Register: 
    +------------------------------------+----+----+-----+-----------+
    |                Name                | FF | LUT| Bits| Const Bits|
    +------------------------------------+----+----+-----+-----------+
    |ap_CS_fsm                           |   1|   0|    1|          0|
    |ap_done_reg                         |   1|   0|    1|          0|
    |ap_enable_reg_pp0_iter1             |   1|   0|    1|          0|
    |ap_enable_reg_pp0_iter2             |   1|   0|    1|          0|
    |ap_loop_exit_ready_pp0_iter1_reg    |   1|   0|    1|          0|
    |i_fu_162                            |   8|   0|    8|          0|
    |i_iw_fu_166                         |  32|   0|   32|          0|
    |icmp_ln194_reg_1238                 |   1|   0|    1|          0|
    |in_pack_10_fu_210                   |  16|   0|   16|          0|
    |in_pack_11_fu_214                   |  16|   0|   16|          0|
    |in_pack_12_fu_218                   |  16|   0|   16|          0|
    |in_pack_13_fu_222                   |  16|   0|   16|          0|
    |in_pack_14_fu_226                   |  16|   0|   16|          0|
    |in_pack_15_fu_230                   |  16|   0|   16|          0|
    |in_pack_16_fu_234                   |  16|   0|   16|          0|
    |in_pack_17_fu_238                   |  16|   0|   16|          0|
    |in_pack_18_fu_242                   |  16|   0|   16|          0|
    |in_pack_19_fu_246                   |  16|   0|   16|          0|
    |in_pack_1_fu_174                    |  16|   0|   16|          0|
    |in_pack_20_fu_250                   |  16|   0|   16|          0|
    |in_pack_21_fu_254                   |  16|   0|   16|          0|
    |in_pack_22_fu_258                   |  16|   0|   16|          0|
    |in_pack_23_fu_262                   |  16|   0|   16|          0|
    |in_pack_24_fu_266                   |  16|   0|   16|          0|
    |in_pack_25_fu_270                   |  16|   0|   16|          0|
    |in_pack_26_fu_274                   |  16|   0|   16|          0|
    |in_pack_27_fu_278                   |  16|   0|   16|          0|
    |in_pack_2_fu_178                    |  16|   0|   16|          0|
    |in_pack_3_fu_182                    |  16|   0|   16|          0|
    |in_pack_4_fu_186                    |  16|   0|   16|          0|
    |in_pack_5_fu_190                    |  16|   0|   16|          0|
    |in_pack_6_fu_194                    |  16|   0|   16|          0|
    |in_pack_7_fu_198                    |  16|   0|   16|          0|
    |in_pack_8_fu_202                    |  16|   0|   16|          0|
    |in_pack_9_fu_206                    |  16|   0|   16|          0|
    |in_pack_fu_170                      |  16|   0|   16|          0|
    |start_once_reg                      |   1|   0|    1|          0|
    |trunc_ln191_reg_1227                |   2|   0|    2|          0|
    |trunc_ln191_reg_1227_pp0_iter1_reg  |   2|   0|    2|          0|
    +------------------------------------+----+----+-----+-----------+
    |Total                               | 499|   0|  499|          0|
    +------------------------------------+----+----+-----+-----------+



================================================================
== Interface
================================================================
* Summary: 
+-----------------------------+-----+-----+------------+------------------------------------------------------------------------+--------------+
|          RTL Ports          | Dir | Bits|  Protocol  |                              Source Object                             |    C Type    |
+-----------------------------+-----+-----+------------+------------------------------------------------------------------------+--------------+
|ap_clk                       |   in|    1|  ap_ctrl_hs|  unpack_4lane_temporal_cl<array,array<ap_fixed<16,6,5,3,0>,7u>,config5>|  return value|
|ap_rst                       |   in|    1|  ap_ctrl_hs|  unpack_4lane_temporal_cl<array,array<ap_fixed<16,6,5,3,0>,7u>,config5>|  return value|
|ap_start                     |   in|    1|  ap_ctrl_hs|  unpack_4lane_temporal_cl<array,array<ap_fixed<16,6,5,3,0>,7u>,config5>|  return value|
|start_full_n                 |   in|    1|  ap_ctrl_hs|  unpack_4lane_temporal_cl<array,array<ap_fixed<16,6,5,3,0>,7u>,config5>|  return value|
|ap_done                      |  out|    1|  ap_ctrl_hs|  unpack_4lane_temporal_cl<array,array<ap_fixed<16,6,5,3,0>,7u>,config5>|  return value|
|ap_continue                  |   in|    1|  ap_ctrl_hs|  unpack_4lane_temporal_cl<array,array<ap_fixed<16,6,5,3,0>,7u>,config5>|  return value|
|ap_idle                      |  out|    1|  ap_ctrl_hs|  unpack_4lane_temporal_cl<array,array<ap_fixed<16,6,5,3,0>,7u>,config5>|  return value|
|ap_ready                     |  out|    1|  ap_ctrl_hs|  unpack_4lane_temporal_cl<array,array<ap_fixed<16,6,5,3,0>,7u>,config5>|  return value|
|start_out                    |  out|    1|  ap_ctrl_hs|  unpack_4lane_temporal_cl<array,array<ap_fixed<16,6,5,3,0>,7u>,config5>|  return value|
|start_write                  |  out|    1|  ap_ctrl_hs|  unpack_4lane_temporal_cl<array,array<ap_fixed<16,6,5,3,0>,7u>,config5>|  return value|
|layer5x4_out_dout            |   in|  448|     ap_fifo|                                                            layer5x4_out|       pointer|
|layer5x4_out_num_data_valid  |   in|    3|     ap_fifo|                                                            layer5x4_out|       pointer|
|layer5x4_out_fifo_cap        |   in|    3|     ap_fifo|                                                            layer5x4_out|       pointer|
|layer5x4_out_empty_n         |   in|    1|     ap_fifo|                                                            layer5x4_out|       pointer|
|layer5x4_out_read            |  out|    1|     ap_fifo|                                                            layer5x4_out|       pointer|
|layer5_out_din               |  out|  112|     ap_fifo|                                                              layer5_out|       pointer|
|layer5_out_num_data_valid    |   in|    9|     ap_fifo|                                                              layer5_out|       pointer|
|layer5_out_fifo_cap          |   in|    9|     ap_fifo|                                                              layer5_out|       pointer|
|layer5_out_full_n            |   in|    1|     ap_fifo|                                                              layer5_out|       pointer|
|layer5_out_write             |  out|    1|     ap_fifo|                                                              layer5_out|       pointer|
+-----------------------------+-----+-----+------------+------------------------------------------------------------------------+--------------+

