/home/work1/Works/CNN-Core-Generator/cnn_core_project/cnn_core_prj/solution1/.autopilot/db/cnn_core.pp.0.cpp:28371:7: warning: Added loop label VITIS_LOOP_1207_1:   [xilinx-label-all-loops]
      for (i = 0; i < __N - 1; ++i) {
      ^~~
      VITIS_LOOP_1207_1: 
/home/work1/Works/CNN-Core-Generator/cnn_core_project/cnn_core_prj/solution1/.autopilot/db/cnn_core.pp.0.cpp:28371:7: note: FIX-IT applied suggested code changes
/home/work1/Works/CNN-Core-Generator/cnn_core_project/cnn_core_prj/solution1/.autopilot/db/cnn_core.pp.0.cpp:29345:5: warning: Added loop label VITIS_LOOP_676_1:   [xilinx-label-all-loops]
    for (unsigned i = low; i != high; ++i) {
    ^~~
    VITIS_LOOP_676_1: 
/home/work1/Works/CNN-Core-Generator/cnn_core_project/cnn_core_prj/solution1/.autopilot/db/cnn_core.pp.0.cpp:29345:5: note: FIX-IT applied suggested code changes
/home/work1/Works/CNN-Core-Generator/cnn_core_project/cnn_core_prj/solution1/.autopilot/db/cnn_core.pp.0.cpp:29359:5: warning: Added loop label VITIS_LOOP_690_1:   [xilinx-label-all-loops]
    for (unsigned i = low; i != high; ++i) {
    ^~~
    VITIS_LOOP_690_1: 
/home/work1/Works/CNN-Core-Generator/cnn_core_project/cnn_core_prj/solution1/.autopilot/db/cnn_core.pp.0.cpp:29359:5: note: FIX-IT applied suggested code changes
/home/work1/Works/CNN-Core-Generator/cnn_core_project/cnn_core_prj/solution1/.autopilot/db/cnn_core.pp.0.cpp:29373:5: warning: Added loop label VITIS_LOOP_704_1:   [xilinx-label-all-loops]
    for (unsigned i = low; i != high; ++i) {
    ^~~
    VITIS_LOOP_704_1: 
/home/work1/Works/CNN-Core-Generator/cnn_core_project/cnn_core_prj/solution1/.autopilot/db/cnn_core.pp.0.cpp:29373:5: note: FIX-IT applied suggested code changes
/home/work1/Works/CNN-Core-Generator/cnn_core_project/cnn_core_prj/solution1/.autopilot/db/cnn_core.pp.0.cpp:30990:7: warning: Added loop label VITIS_LOOP_1247_1:   [xilinx-label-all-loops]
      for (i = 0; i < __N - 1; ++i) {
      ^~~
      VITIS_LOOP_1247_1: 
/home/work1/Works/CNN-Core-Generator/cnn_core_project/cnn_core_prj/solution1/.autopilot/db/cnn_core.pp.0.cpp:30990:7: note: FIX-IT applied suggested code changes
/home/work1/Works/CNN-Core-Generator/cnn_core_project/cnn_core_prj/solution1/.autopilot/db/cnn_core.pp.0.cpp:32973:9: warning: Added loop label VITIS_LOOP_27_1:   [xilinx-label-all-loops]
        for (unsigned i = 0; i < N; i++) {
        ^~~
        VITIS_LOOP_27_1: 
/home/work1/Works/CNN-Core-Generator/cnn_core_project/cnn_core_prj/solution1/.autopilot/db/cnn_core.pp.0.cpp:32973:9: note: FIX-IT applied suggested code changes
/home/work1/Works/CNN-Core-Generator/cnn_core_project/cnn_core_prj/solution1/.autopilot/db/cnn_core.pp.0.cpp:32985:9: warning: Added loop label VITIS_LOOP_39_1:   [xilinx-label-all-loops]
        for (unsigned i = 0; i < N; i++) {
        ^~~
        VITIS_LOOP_39_1: 
/home/work1/Works/CNN-Core-Generator/cnn_core_project/cnn_core_prj/solution1/.autopilot/db/cnn_core.pp.0.cpp:32985:9: note: FIX-IT applied suggested code changes
/home/work1/Works/CNN-Core-Generator/cnn_core_project/cnn_core_prj/solution1/.autopilot/db/cnn_core.pp.0.cpp:33002:9: warning: Added loop label VITIS_LOOP_56_1:   [xilinx-label-all-loops]
        for (size_t i = 0; i < N; i++) {
        ^~~
        VITIS_LOOP_56_1: 
/home/work1/Works/CNN-Core-Generator/cnn_core_project/cnn_core_prj/solution1/.autopilot/db/cnn_core.pp.0.cpp:33002:9: note: FIX-IT applied suggested code changes
/home/work1/Works/CNN-Core-Generator/cnn_core_project/cnn_core_prj/solution1/.autopilot/db/cnn_core.pp.0.cpp:56196:5: warning: Added loop label VITIS_LOOP_265_1:   [xilinx-label-all-loops]
    for (typename std::vector<src_T>::const_iterator i = in_begin; i != in_end; ++i) {
    ^~~
    VITIS_LOOP_265_1: 
/home/work1/Works/CNN-Core-Generator/cnn_core_project/cnn_core_prj/solution1/.autopilot/db/cnn_core.pp.0.cpp:56196:5: note: FIX-IT applied suggested code changes
/home/work1/Works/CNN-Core-Generator/cnn_core_project/cnn_core_prj/solution1/.autopilot/db/cnn_core.pp.0.cpp:56206:5: warning: Added loop label VITIS_LOOP_275_1:   [xilinx-label-all-loops]
    for (auto i = 0; i < SIZE; i++)
    ^~~
    VITIS_LOOP_275_1: 
/home/work1/Works/CNN-Core-Generator/cnn_core_project/cnn_core_prj/solution1/.autopilot/db/cnn_core.pp.0.cpp:56206:5: note: FIX-IT applied suggested code changes
/home/work1/Works/CNN-Core-Generator/cnn_core_project/cnn_core_prj/solution1/.autopilot/db/cnn_core.pp.0.cpp:56217:5: warning: Added loop label VITIS_LOOP_286_1:   [xilinx-label-all-loops]
    for (int i = 0; i < SIZE; i++) {
    ^~~
    VITIS_LOOP_286_1: 
/home/work1/Works/CNN-Core-Generator/cnn_core_project/cnn_core_prj/solution1/.autopilot/db/cnn_core.pp.0.cpp:56217:5: note: FIX-IT applied suggested code changes
/home/work1/Works/CNN-Core-Generator/cnn_core_project/cnn_core_prj/solution1/.autopilot/db/cnn_core.pp.0.cpp:56224:5: warning: Added loop label VITIS_LOOP_293_1:   [xilinx-label-all-loops]
    for (int i = 0; i < SIZE / res_T::size; i++) {
    ^~~
    VITIS_LOOP_293_1: 
/home/work1/Works/CNN-Core-Generator/cnn_core_project/cnn_core_prj/solution1/.autopilot/db/cnn_core.pp.0.cpp:56224:5: note: FIX-IT applied suggested code changes
/home/work1/Works/CNN-Core-Generator/cnn_core_project/cnn_core_prj/solution1/.autopilot/db/cnn_core.pp.0.cpp:56226:9: warning: Added loop label VITIS_LOOP_295_2:   [xilinx-label-all-loops]
        for (int j = 0; j < res_T::size; j++) {
        ^~~
        VITIS_LOOP_295_2: 
/home/work1/Works/CNN-Core-Generator/cnn_core_project/cnn_core_prj/solution1/.autopilot/db/cnn_core.pp.0.cpp:56226:9: note: FIX-IT applied suggested code changes
/home/work1/Works/CNN-Core-Generator/cnn_core_project/cnn_core_prj/solution1/.autopilot/db/cnn_core.pp.0.cpp:56238:5: warning: Added loop label VITIS_LOOP_307_1:   [xilinx-label-all-loops]
    for (int i = 0; i < SIZE / data_T::size; i++) {
    ^~~
    VITIS_LOOP_307_1: 
/home/work1/Works/CNN-Core-Generator/cnn_core_project/cnn_core_prj/solution1/.autopilot/db/cnn_core.pp.0.cpp:56238:5: note: FIX-IT applied suggested code changes
/home/work1/Works/CNN-Core-Generator/cnn_core_project/cnn_core_prj/solution1/.autopilot/db/cnn_core.pp.0.cpp:56240:9: warning: Added loop label VITIS_LOOP_309_2:   [xilinx-label-all-loops]
        for (int j = 0; j < data_T::size; j++) {
        ^~~
        VITIS_LOOP_309_2: 
/home/work1/Works/CNN-Core-Generator/cnn_core_project/cnn_core_prj/solution1/.autopilot/db/cnn_core.pp.0.cpp:56240:9: note: FIX-IT applied suggested code changes
/home/work1/Works/CNN-Core-Generator/cnn_core_project/cnn_core_prj/solution1/.autopilot/db/cnn_core.pp.0.cpp:56255:5: warning: Added loop label VITIS_LOOP_324_1:   [xilinx-label-all-loops]
    for (int ii = 0; ii < nrows; ii++) {
    ^~~
    VITIS_LOOP_324_1: 
/home/work1/Works/CNN-Core-Generator/cnn_core_project/cnn_core_prj/solution1/.autopilot/db/cnn_core.pp.0.cpp:56255:5: note: FIX-IT applied suggested code changes
/home/work1/Works/CNN-Core-Generator/cnn_core_project/cnn_core_prj/solution1/.autopilot/db/cnn_core.pp.0.cpp:56275:5: warning: Added loop label VITIS_LOOP_344_1:   [xilinx-label-all-loops]
    for (int ii = 0; ii < nrows; ii++) {
    ^~~
    VITIS_LOOP_344_1: 
/home/work1/Works/CNN-Core-Generator/cnn_core_project/cnn_core_prj/solution1/.autopilot/db/cnn_core.pp.0.cpp:56275:5: note: FIX-IT applied suggested code changes
/home/work1/Works/CNN-Core-Generator/cnn_core_project/cnn_core_prj/solution1/.autopilot/db/cnn_core.pp.0.cpp:56276:9: warning: Added loop label VITIS_LOOP_345_2:   [xilinx-label-all-loops]
        for (int jj = 0; jj < ncols; jj++) {
        ^~~
        VITIS_LOOP_345_2: 
/home/work1/Works/CNN-Core-Generator/cnn_core_project/cnn_core_prj/solution1/.autopilot/db/cnn_core.pp.0.cpp:56276:9: note: FIX-IT applied suggested code changes
/home/work1/Works/CNN-Core-Generator/cnn_core_project/cnn_core_prj/solution1/.autopilot/db/cnn_core.pp.0.cpp:56291:5: warning: Added loop label VITIS_LOOP_360_1:   [xilinx-label-all-loops]
    for (int ii = 0; ii < N_IN; ii++) {
    ^~~
    VITIS_LOOP_360_1: 
/home/work1/Works/CNN-Core-Generator/cnn_core_project/cnn_core_prj/solution1/.autopilot/db/cnn_core.pp.0.cpp:56291:5: note: FIX-IT applied suggested code changes
/home/work1/Works/CNN-Core-Generator/cnn_core_project/cnn_core_prj/solution1/.autopilot/db/cnn_core.pp.0.cpp:56298:5: warning: Added loop label VITIS_LOOP_367_1:   [xilinx-label-all-loops]
    for (int ii = 0; ii < N_IN; ii++) {
    ^~~
    VITIS_LOOP_367_1: 
/home/work1/Works/CNN-Core-Generator/cnn_core_project/cnn_core_prj/solution1/.autopilot/db/cnn_core.pp.0.cpp:56298:5: note: FIX-IT applied suggested code changes
/home/work1/Works/CNN-Core-Generator/cnn_core_project/cnn_core_prj/solution1/.autopilot/db/cnn_core.pp.0.cpp:56608:5: warning: Added loop label VITIS_LOOP_136_1:   [xilinx-label-all-loops]
    for (int ii = 0; ii < CONFIG_T::out_width / CONFIG_T::n_partitions; ii++) {
    ^~~
    VITIS_LOOP_136_1: 
/home/work1/Works/CNN-Core-Generator/cnn_core_project/cnn_core_prj/solution1/.autopilot/db/cnn_core.pp.0.cpp:56608:5: note: FIX-IT applied suggested code changes
/home/work1/Works/CNN-Core-Generator/cnn_core_project/cnn_core_prj/solution1/.autopilot/db/cnn_core.pp.0.cpp:56609:9: warning: Added loop label VITIS_LOOP_137_2:   [xilinx-label-all-loops]
        for (int ff = 0; ff < CONFIG_T::n_filt; ff++) {
        ^~~
        VITIS_LOOP_137_2: 
/home/work1/Works/CNN-Core-Generator/cnn_core_project/cnn_core_prj/solution1/.autopilot/db/cnn_core.pp.0.cpp:56609:9: note: FIX-IT applied suggested code changes
/home/work1/Works/CNN-Core-Generator/cnn_core_project/cnn_core_prj/solution1/.autopilot/db/cnn_core.pp.0.cpp:56630:5: warning: Added loop label VITIS_LOOP_158_3:   [xilinx-label-all-loops]
    for (int ii = 0; ii < CONFIG_T::out_width / CONFIG_T::n_partitions; ii++) {
    ^~~
    VITIS_LOOP_158_3: 
/home/work1/Works/CNN-Core-Generator/cnn_core_project/cnn_core_prj/solution1/.autopilot/db/cnn_core.pp.0.cpp:56630:5: note: FIX-IT applied suggested code changes
/home/work1/Works/CNN-Core-Generator/cnn_core_project/cnn_core_prj/solution1/.autopilot/db/cnn_core.pp.0.cpp:56631:9: warning: Added loop label VITIS_LOOP_159_4:   [xilinx-label-all-loops]
        for (int ff = 0; ff < CONFIG_T::n_filt; ff++) {
        ^~~
        VITIS_LOOP_159_4: 
/home/work1/Works/CNN-Core-Generator/cnn_core_project/cnn_core_prj/solution1/.autopilot/db/cnn_core.pp.0.cpp:56631:9: note: FIX-IT applied suggested code changes
/home/work1/Works/CNN-Core-Generator/cnn_core_project/cnn_core_prj/solution1/.autopilot/db/cnn_core.pp.0.cpp:56778:2: warning: Added loop label VITIS_LOOP_31_1:   [xilinx-label-all-loops]
 for (int ii = 0; ii < CONFIG_T::n_in; ii++) {
 ^~~
 VITIS_LOOP_31_1: 
/home/work1/Works/CNN-Core-Generator/cnn_core_project/cnn_core_prj/solution1/.autopilot/db/cnn_core.pp.0.cpp:56778:2: note: FIX-IT applied suggested code changes
/home/work1/Works/CNN-Core-Generator/cnn_core_project/cnn_core_prj/solution1/.autopilot/db/cnn_core.pp.0.cpp:56790:5: warning: Added loop label VITIS_LOOP_43_1:   [xilinx-label-all-loops]
    for (int ii = 0; ii < CONFIG_T::n_in; ii++) {
    ^~~
    VITIS_LOOP_43_1: 
/home/work1/Works/CNN-Core-Generator/cnn_core_project/cnn_core_prj/solution1/.autopilot/db/cnn_core.pp.0.cpp:56790:5: note: FIX-IT applied suggested code changes
/home/work1/Works/CNN-Core-Generator/cnn_core_project/cnn_core_prj/solution1/.autopilot/db/cnn_core.pp.0.cpp:56804:5: warning: Added loop label VITIS_LOOP_57_1:   [xilinx-label-all-loops]
    for (int ii = 0; ii < CONFIG_T::n_in; ii++) {
    ^~~
    VITIS_LOOP_57_1: 
/home/work1/Works/CNN-Core-Generator/cnn_core_project/cnn_core_prj/solution1/.autopilot/db/cnn_core.pp.0.cpp:56804:5: note: FIX-IT applied suggested code changes
/home/work1/Works/CNN-Core-Generator/cnn_core_project/cnn_core_prj/solution1/.autopilot/db/cnn_core.pp.0.cpp:56831:5: warning: Added loop label VITIS_LOOP_84_1:   [xilinx-label-all-loops]
    for (int ii = 0; ii < N_TABLE; ii++) {
    ^~~
    VITIS_LOOP_84_1: 
/home/work1/Works/CNN-Core-Generator/cnn_core_project/cnn_core_prj/solution1/.autopilot/db/cnn_core.pp.0.cpp:56831:5: note: FIX-IT applied suggested code changes
/home/work1/Works/CNN-Core-Generator/cnn_core_project/cnn_core_prj/solution1/.autopilot/db/cnn_core.pp.0.cpp:56861:5: warning: Added loop label VITIS_LOOP_114_1:   [xilinx-label-all-loops]
    for (int ii = 0; ii < CONFIG_T::n_in; ii++) {
    ^~~
    VITIS_LOOP_114_1: 
/home/work1/Works/CNN-Core-Generator/cnn_core_project/cnn_core_prj/solution1/.autopilot/db/cnn_core.pp.0.cpp:56861:5: note: FIX-IT applied suggested code changes
/home/work1/Works/CNN-Core-Generator/cnn_core_project/cnn_core_prj/solution1/.autopilot/db/cnn_core.pp.0.cpp:56898:5: warning: Added loop label VITIS_LOOP_151_1:   [xilinx-label-all-loops]
    for (unsigned i = 0; i < CONFIG_T::exp_table_size; i++) {
    ^~~
    VITIS_LOOP_151_1: 
/home/work1/Works/CNN-Core-Generator/cnn_core_project/cnn_core_prj/solution1/.autopilot/db/cnn_core.pp.0.cpp:56898:5: note: FIX-IT applied suggested code changes
/home/work1/Works/CNN-Core-Generator/cnn_core_project/cnn_core_prj/solution1/.autopilot/db/cnn_core.pp.0.cpp:56914:5: warning: Added loop label VITIS_LOOP_167_1:   [xilinx-label-all-loops]
    for (unsigned i = 0; i < CONFIG_T::inv_table_size; i++) {
    ^~~
    VITIS_LOOP_167_1: 
/home/work1/Works/CNN-Core-Generator/cnn_core_project/cnn_core_prj/solution1/.autopilot/db/cnn_core.pp.0.cpp:56914:5: note: FIX-IT applied suggested code changes
/home/work1/Works/CNN-Core-Generator/cnn_core_project/cnn_core_prj/solution1/.autopilot/db/cnn_core.pp.0.cpp:56947:5: warning: Added loop label VITIS_LOOP_200_1:   [xilinx-label-all-loops]
    for (unsigned i = 0; i < CONFIG_T::n_slice; i++) {
    ^~~
    VITIS_LOOP_200_1: 
/home/work1/Works/CNN-Core-Generator/cnn_core_project/cnn_core_prj/solution1/.autopilot/db/cnn_core.pp.0.cpp:56947:5: note: FIX-IT applied suggested code changes
/home/work1/Works/CNN-Core-Generator/cnn_core_project/cnn_core_prj/solution1/.autopilot/db/cnn_core.pp.0.cpp:56960:5: warning: Added loop label VITIS_LOOP_213_2:   [xilinx-label-all-loops]
    for (unsigned i = 0; i < CONFIG_T::n_slice; i++) {
    ^~~
    VITIS_LOOP_213_2: 
/home/work1/Works/CNN-Core-Generator/cnn_core_project/cnn_core_prj/solution1/.autopilot/db/cnn_core.pp.0.cpp:56960:5: note: FIX-IT applied suggested code changes
/home/work1/Works/CNN-Core-Generator/cnn_core_project/cnn_core_prj/solution1/.autopilot/db/cnn_core.pp.0.cpp:56993:5: warning: Added loop label VITIS_LOOP_246_1:   [xilinx-label-all-loops]
    for (unsigned i = 0; i < CONFIG_T::n_slice; i++) {
    ^~~
    VITIS_LOOP_246_1: 
/home/work1/Works/CNN-Core-Generator/cnn_core_project/cnn_core_prj/solution1/.autopilot/db/cnn_core.pp.0.cpp:56993:5: note: FIX-IT applied suggested code changes
/home/work1/Works/CNN-Core-Generator/cnn_core_project/cnn_core_prj/solution1/.autopilot/db/cnn_core.pp.0.cpp:57002:5: warning: Added loop label VITIS_LOOP_255_2:   [xilinx-label-all-loops]
    for (unsigned i = 0; i < CONFIG_T::n_slice; i++) {
    ^~~
    VITIS_LOOP_255_2: 
/home/work1/Works/CNN-Core-Generator/cnn_core_project/cnn_core_prj/solution1/.autopilot/db/cnn_core.pp.0.cpp:57002:5: note: FIX-IT applied suggested code changes
/home/work1/Works/CNN-Core-Generator/cnn_core_project/cnn_core_prj/solution1/.autopilot/db/cnn_core.pp.0.cpp:57015:5: warning: Added loop label VITIS_LOOP_268_3:   [xilinx-label-all-loops]
    for (unsigned i = 0; i < CONFIG_T::n_slice; i++) {
    ^~~
    VITIS_LOOP_268_3: 
/home/work1/Works/CNN-Core-Generator/cnn_core_project/cnn_core_prj/solution1/.autopilot/db/cnn_core.pp.0.cpp:57015:5: note: FIX-IT applied suggested code changes
/home/work1/Works/CNN-Core-Generator/cnn_core_project/cnn_core_prj/solution1/.autopilot/db/cnn_core.pp.0.cpp:57022:5: warning: Added loop label VITIS_LOOP_275_1:   [xilinx-label-all-loops]
    for (int ii = 0; ii < N_TABLE; ii++) {
    ^~~
    VITIS_LOOP_275_1: 
/home/work1/Works/CNN-Core-Generator/cnn_core_project/cnn_core_prj/solution1/.autopilot/db/cnn_core.pp.0.cpp:57022:5: note: FIX-IT applied suggested code changes
/home/work1/Works/CNN-Core-Generator/cnn_core_project/cnn_core_prj/solution1/.autopilot/db/cnn_core.pp.0.cpp:57035:5: warning: Added loop label VITIS_LOOP_288_1:   [xilinx-label-all-loops]
    for (int ii = 0; ii < N_TABLE; ii++) {
    ^~~
    VITIS_LOOP_288_1: 
/home/work1/Works/CNN-Core-Generator/cnn_core_project/cnn_core_prj/solution1/.autopilot/db/cnn_core.pp.0.cpp:57035:5: note: FIX-IT applied suggested code changes
/home/work1/Works/CNN-Core-Generator/cnn_core_project/cnn_core_prj/solution1/.autopilot/db/cnn_core.pp.0.cpp:57072:5: warning: Added loop label VITIS_LOOP_325_1:   [xilinx-label-all-loops]
    for (int ii = 0; ii < CONFIG_T::n_slice; ii++) {
    ^~~
    VITIS_LOOP_325_1: 
/home/work1/Works/CNN-Core-Generator/cnn_core_project/cnn_core_prj/solution1/.autopilot/db/cnn_core.pp.0.cpp:57072:5: note: FIX-IT applied suggested code changes
/home/work1/Works/CNN-Core-Generator/cnn_core_project/cnn_core_prj/solution1/.autopilot/db/cnn_core.pp.0.cpp:57077:5: warning: Added loop label VITIS_LOOP_330_2:   [xilinx-label-all-loops]
    for (int ii = 0; ii < CONFIG_T::n_slice; ii++) {
    ^~~
    VITIS_LOOP_330_2: 
/home/work1/Works/CNN-Core-Generator/cnn_core_project/cnn_core_prj/solution1/.autopilot/db/cnn_core.pp.0.cpp:57077:5: note: FIX-IT applied suggested code changes
/home/work1/Works/CNN-Core-Generator/cnn_core_project/cnn_core_prj/solution1/.autopilot/db/cnn_core.pp.0.cpp:57078:9: warning: Added loop label VITIS_LOOP_331_3:   [xilinx-label-all-loops]
        for (int jj = 0; jj < CONFIG_T::n_slice; jj++) {
        ^~~
        VITIS_LOOP_331_3: 
/home/work1/Works/CNN-Core-Generator/cnn_core_project/cnn_core_prj/solution1/.autopilot/db/cnn_core.pp.0.cpp:57078:9: note: FIX-IT applied suggested code changes
/home/work1/Works/CNN-Core-Generator/cnn_core_project/cnn_core_prj/solution1/.autopilot/db/cnn_core.pp.0.cpp:57095:5: warning: Added loop label VITIS_LOOP_348_4:   [xilinx-label-all-loops]
    for (int ii = 0; ii < CONFIG_T::n_slice; ii++) {
    ^~~
    VITIS_LOOP_348_4: 
/home/work1/Works/CNN-Core-Generator/cnn_core_project/cnn_core_prj/solution1/.autopilot/db/cnn_core.pp.0.cpp:57095:5: note: FIX-IT applied suggested code changes
/home/work1/Works/CNN-Core-Generator/cnn_core_project/cnn_core_prj/solution1/.autopilot/db/cnn_core.pp.0.cpp:57108:5: warning: Added loop label VITIS_LOOP_361_1:   [xilinx-label-all-loops]
    for (int i = 0; i < CONFIG_T::n_slice; i++) {
    ^~~
    VITIS_LOOP_361_1: 
/home/work1/Works/CNN-Core-Generator/cnn_core_project/cnn_core_prj/solution1/.autopilot/db/cnn_core.pp.0.cpp:57108:5: note: FIX-IT applied suggested code changes
/home/work1/Works/CNN-Core-Generator/cnn_core_project/cnn_core_prj/solution1/.autopilot/db/cnn_core.pp.0.cpp:57116:5: warning: Added loop label VITIS_LOOP_369_2:   [xilinx-label-all-loops]
    for (int i = 1; i < CONFIG_T::n_slice; i++) {
    ^~~
    VITIS_LOOP_369_2: 
/home/work1/Works/CNN-Core-Generator/cnn_core_project/cnn_core_prj/solution1/.autopilot/db/cnn_core.pp.0.cpp:57116:5: note: FIX-IT applied suggested code changes
/home/work1/Works/CNN-Core-Generator/cnn_core_project/cnn_core_prj/solution1/.autopilot/db/cnn_core.pp.0.cpp:57152:5: warning: Added loop label VITIS_LOOP_405_1:   [xilinx-label-all-loops]
    for (signed i = 0; i < CONFIG_T::n_outer; i++) {
    ^~~
    VITIS_LOOP_405_1: 
/home/work1/Works/CNN-Core-Generator/cnn_core_project/cnn_core_prj/solution1/.autopilot/db/cnn_core.pp.0.cpp:57152:5: note: FIX-IT applied suggested code changes
/home/work1/Works/CNN-Core-Generator/cnn_core_project/cnn_core_prj/solution1/.autopilot/db/cnn_core.pp.0.cpp:57154:2: warning: Added loop label VITIS_LOOP_407_2:   [xilinx-label-all-loops]
 for (signed k = 0; k < CONFIG_T::n_inner; k++) {
 ^~~
 VITIS_LOOP_407_2: 
/home/work1/Works/CNN-Core-Generator/cnn_core_project/cnn_core_prj/solution1/.autopilot/db/cnn_core.pp.0.cpp:57154:2: note: FIX-IT applied suggested code changes
/home/work1/Works/CNN-Core-Generator/cnn_core_project/cnn_core_prj/solution1/.autopilot/db/cnn_core.pp.0.cpp:57156:2: warning: Added loop label VITIS_LOOP_409_3:   [xilinx-label-all-loops]
 for (signed j = 0; j < CONFIG_T::n_slice; j++) {
 ^~~
 VITIS_LOOP_409_3: 
/home/work1/Works/CNN-Core-Generator/cnn_core_project/cnn_core_prj/solution1/.autopilot/db/cnn_core.pp.0.cpp:57156:2: note: FIX-IT applied suggested code changes
/home/work1/Works/CNN-Core-Generator/cnn_core_project/cnn_core_prj/solution1/.autopilot/db/cnn_core.pp.0.cpp:57161:13: warning: Added loop label VITIS_LOOP_414_4:   [xilinx-label-all-loops]
            for (signed j = 0; j < CONFIG_T::n_slice; j++) {
            ^~~
            VITIS_LOOP_414_4: 
/home/work1/Works/CNN-Core-Generator/cnn_core_project/cnn_core_prj/solution1/.autopilot/db/cnn_core.pp.0.cpp:57161:13: note: FIX-IT applied suggested code changes
/home/work1/Works/CNN-Core-Generator/cnn_core_project/cnn_core_prj/solution1/.autopilot/db/cnn_core.pp.0.cpp:57174:5: warning: Added loop label VITIS_LOOP_427_1:   [xilinx-label-all-loops]
    for (int ii = 0; ii < N_TABLE; ii++) {
    ^~~
    VITIS_LOOP_427_1: 
/home/work1/Works/CNN-Core-Generator/cnn_core_project/cnn_core_prj/solution1/.autopilot/db/cnn_core.pp.0.cpp:57174:5: note: FIX-IT applied suggested code changes
/home/work1/Works/CNN-Core-Generator/cnn_core_project/cnn_core_prj/solution1/.autopilot/db/cnn_core.pp.0.cpp:57204:5: warning: Added loop label VITIS_LOOP_457_1:   [xilinx-label-all-loops]
    for (int ii = 0; ii < CONFIG_T::n_in; ii++) {
    ^~~
    VITIS_LOOP_457_1: 
/home/work1/Works/CNN-Core-Generator/cnn_core_project/cnn_core_prj/solution1/.autopilot/db/cnn_core.pp.0.cpp:57204:5: note: FIX-IT applied suggested code changes
/home/work1/Works/CNN-Core-Generator/cnn_core_project/cnn_core_prj/solution1/.autopilot/db/cnn_core.pp.0.cpp:57231:2: warning: Added loop label VITIS_LOOP_484_1:   [xilinx-label-all-loops]
 for (int ii = 0; ii < CONFIG_T::n_in; ii++) {
 ^~~
 VITIS_LOOP_484_1: 
/home/work1/Works/CNN-Core-Generator/cnn_core_project/cnn_core_prj/solution1/.autopilot/db/cnn_core.pp.0.cpp:57231:2: note: FIX-IT applied suggested code changes
/home/work1/Works/CNN-Core-Generator/cnn_core_project/cnn_core_prj/solution1/.autopilot/db/cnn_core.pp.0.cpp:57245:2: warning: Added loop label VITIS_LOOP_498_1:   [xilinx-label-all-loops]
 for (int ii = 0; ii < CONFIG_T::n_in; ii++) {
 ^~~
 VITIS_LOOP_498_1: 
/home/work1/Works/CNN-Core-Generator/cnn_core_project/cnn_core_prj/solution1/.autopilot/db/cnn_core.pp.0.cpp:57245:2: note: FIX-IT applied suggested code changes
/home/work1/Works/CNN-Core-Generator/cnn_core_project/cnn_core_prj/solution1/.autopilot/db/cnn_core.pp.0.cpp:57261:5: warning: Added loop label VITIS_LOOP_514_1:   [xilinx-label-all-loops]
    for (int ii = 0; ii < CONFIG_T::n_in; ii++) {
    ^~~
    VITIS_LOOP_514_1: 
/home/work1/Works/CNN-Core-Generator/cnn_core_project/cnn_core_prj/solution1/.autopilot/db/cnn_core.pp.0.cpp:57261:5: note: FIX-IT applied suggested code changes
/home/work1/Works/CNN-Core-Generator/cnn_core_project/cnn_core_prj/solution1/.autopilot/db/cnn_core.pp.0.cpp:57279:5: warning: Added loop label VITIS_LOOP_532_1:   [xilinx-label-all-loops]
    for (int ii = 0; ii < CONFIG_T::n_in; ii++) {
    ^~~
    VITIS_LOOP_532_1: 
/home/work1/Works/CNN-Core-Generator/cnn_core_project/cnn_core_prj/solution1/.autopilot/db/cnn_core.pp.0.cpp:57279:5: note: FIX-IT applied suggested code changes
/home/work1/Works/CNN-Core-Generator/cnn_core_project/cnn_core_prj/solution1/.autopilot/db/cnn_core.pp.0.cpp:57296:5: warning: Added loop label VITIS_LOOP_549_1:   [xilinx-label-all-loops]
    for (int ii = 0; ii < CONFIG_T::n_in; ii++) {
    ^~~
    VITIS_LOOP_549_1: 
/home/work1/Works/CNN-Core-Generator/cnn_core_project/cnn_core_prj/solution1/.autopilot/db/cnn_core.pp.0.cpp:57296:5: note: FIX-IT applied suggested code changes
/home/work1/Works/CNN-Core-Generator/cnn_core_project/cnn_core_prj/solution1/.autopilot/db/cnn_core.pp.0.cpp:57313:5: warning: Added loop label VITIS_LOOP_566_1:   [xilinx-label-all-loops]
    for (int ii = 0; ii < N_TABLE; ii++) {
    ^~~
    VITIS_LOOP_566_1: 
/home/work1/Works/CNN-Core-Generator/cnn_core_project/cnn_core_prj/solution1/.autopilot/db/cnn_core.pp.0.cpp:57313:5: note: FIX-IT applied suggested code changes
/home/work1/Works/CNN-Core-Generator/cnn_core_project/cnn_core_prj/solution1/.autopilot/db/cnn_core.pp.0.cpp:57343:5: warning: Added loop label VITIS_LOOP_596_1:   [xilinx-label-all-loops]
    for (int ii = 0; ii < CONFIG_T::n_in; ii++) {
    ^~~
    VITIS_LOOP_596_1: 
/home/work1/Works/CNN-Core-Generator/cnn_core_project/cnn_core_prj/solution1/.autopilot/db/cnn_core.pp.0.cpp:57343:5: note: FIX-IT applied suggested code changes
/home/work1/Works/CNN-Core-Generator/cnn_core_project/cnn_core_prj/solution1/.autopilot/db/cnn_core.pp.0.cpp:57362:5: warning: Added loop label VITIS_LOOP_615_1:   [xilinx-label-all-loops]
    for (int ii = 0; ii < N_TABLE; ii++) {
    ^~~
    VITIS_LOOP_615_1: 
/home/work1/Works/CNN-Core-Generator/cnn_core_project/cnn_core_prj/solution1/.autopilot/db/cnn_core.pp.0.cpp:57362:5: note: FIX-IT applied suggested code changes
/home/work1/Works/CNN-Core-Generator/cnn_core_project/cnn_core_prj/solution1/.autopilot/db/cnn_core.pp.0.cpp:57392:5: warning: Added loop label VITIS_LOOP_645_1:   [xilinx-label-all-loops]
    for (int ii = 0; ii < CONFIG_T::n_in; ii++) {
    ^~~
    VITIS_LOOP_645_1: 
/home/work1/Works/CNN-Core-Generator/cnn_core_project/cnn_core_prj/solution1/.autopilot/db/cnn_core.pp.0.cpp:57392:5: note: FIX-IT applied suggested code changes
/home/work1/Works/CNN-Core-Generator/cnn_core_project/cnn_core_prj/solution1/.autopilot/db/cnn_core.pp.0.cpp:57411:5: warning: Added loop label VITIS_LOOP_664_1:   [xilinx-label-all-loops]
    for (int ii = 0; ii < N_TABLE; ii++) {
    ^~~
    VITIS_LOOP_664_1: 
/home/work1/Works/CNN-Core-Generator/cnn_core_project/cnn_core_prj/solution1/.autopilot/db/cnn_core.pp.0.cpp:57411:5: note: FIX-IT applied suggested code changes
/home/work1/Works/CNN-Core-Generator/cnn_core_project/cnn_core_prj/solution1/.autopilot/db/cnn_core.pp.0.cpp:57441:5: warning: Added loop label VITIS_LOOP_694_1:   [xilinx-label-all-loops]
    for (int ii = 0; ii < CONFIG_T::n_in; ii++) {
    ^~~
    VITIS_LOOP_694_1: 
/home/work1/Works/CNN-Core-Generator/cnn_core_project/cnn_core_prj/solution1/.autopilot/db/cnn_core.pp.0.cpp:57441:5: note: FIX-IT applied suggested code changes
/home/work1/Works/CNN-Core-Generator/cnn_core_project/cnn_core_prj/solution1/.autopilot/db/cnn_core.pp.0.cpp:57468:5: warning: Added loop label VITIS_LOOP_721_1:   [xilinx-label-all-loops]
    for (int ii = 0; ii < N_TABLE; ii++) {
    ^~~
    VITIS_LOOP_721_1: 
/home/work1/Works/CNN-Core-Generator/cnn_core_project/cnn_core_prj/solution1/.autopilot/db/cnn_core.pp.0.cpp:57468:5: note: FIX-IT applied suggested code changes
/home/work1/Works/CNN-Core-Generator/cnn_core_project/cnn_core_prj/solution1/.autopilot/db/cnn_core.pp.0.cpp:57496:2: warning: Added loop label VITIS_LOOP_749_1:   [xilinx-label-all-loops]
 for (int ii = 0; ii < CONFIG_T::n_in; ii++) {
 ^~~
 VITIS_LOOP_749_1: 
/home/work1/Works/CNN-Core-Generator/cnn_core_project/cnn_core_prj/solution1/.autopilot/db/cnn_core.pp.0.cpp:57496:2: note: FIX-IT applied suggested code changes
/home/work1/Works/CNN-Core-Generator/cnn_core_project/cnn_core_prj/solution1/.autopilot/db/cnn_core.pp.0.cpp:57526:5: warning: Added loop label VITIS_LOOP_779_1:   [xilinx-label-all-loops]
    for (int ii = 0; ii < CONFIG_T::n_in; ii++) {
    ^~~
    VITIS_LOOP_779_1: 
/home/work1/Works/CNN-Core-Generator/cnn_core_project/cnn_core_prj/solution1/.autopilot/db/cnn_core.pp.0.cpp:57526:5: note: FIX-IT applied suggested code changes
/home/work1/Works/CNN-Core-Generator/cnn_core_project/cnn_core_prj/solution1/.autopilot/db/cnn_core.pp.0.cpp:57555:5: warning: Added loop label VITIS_LOOP_808_1:   [xilinx-label-all-loops]
    for (int ii = 0; ii < CONFIG_T::n_in; ii++) {
    ^~~
    VITIS_LOOP_808_1: 
/home/work1/Works/CNN-Core-Generator/cnn_core_project/cnn_core_prj/solution1/.autopilot/db/cnn_core.pp.0.cpp:57555:5: note: FIX-IT applied suggested code changes
/home/work1/Works/CNN-Core-Generator/cnn_core_project/cnn_core_prj/solution1/.autopilot/db/cnn_core.pp.0.cpp:57575:5: warning: Added loop label VITIS_LOOP_828_1:   [xilinx-label-all-loops]
    for (int ii = 0; ii < CONFIG_T::n_in; ii++) {
    ^~~
    VITIS_LOOP_828_1: 
/home/work1/Works/CNN-Core-Generator/cnn_core_project/cnn_core_prj/solution1/.autopilot/db/cnn_core.pp.0.cpp:57575:5: note: FIX-IT applied suggested code changes
/home/work1/Works/CNN-Core-Generator/cnn_core_project/cnn_core_prj/solution1/.autopilot/db/cnn_core.pp.0.cpp:57820:9: warning: Added loop label VITIS_LOOP_229_1:   [xilinx-label-all-loops]
        for (int i = 0; i < N / data_T::size; i++) {
        ^~~
        VITIS_LOOP_229_1: 
/home/work1/Works/CNN-Core-Generator/cnn_core_project/cnn_core_prj/solution1/.autopilot/db/cnn_core.pp.0.cpp:57820:9: note: FIX-IT applied suggested code changes
/home/work1/Works/CNN-Core-Generator/cnn_core_project/cnn_core_prj/solution1/.autopilot/db/cnn_core.pp.0.cpp:57827:13: warning: Added loop label VITIS_LOOP_236_2:   [xilinx-label-all-loops]
            for (int j = 0; j < data_T::size; j++) {
            ^~~
            VITIS_LOOP_236_2: 
/home/work1/Works/CNN-Core-Generator/cnn_core_project/cnn_core_prj/solution1/.autopilot/db/cnn_core.pp.0.cpp:57827:13: note: FIX-IT applied suggested code changes
/home/work1/Works/CNN-Core-Generator/cnn_core_project/cnn_core_prj/solution1/.autopilot/db/cnn_core.pp.0.cpp:57836:9: warning: Added loop label VITIS_LOOP_245_3:   [xilinx-label-all-loops]
        for (int i = 0; i < N / data_T::size; i++) {
        ^~~
        VITIS_LOOP_245_3: 
/home/work1/Works/CNN-Core-Generator/cnn_core_project/cnn_core_prj/solution1/.autopilot/db/cnn_core.pp.0.cpp:57836:9: note: FIX-IT applied suggested code changes
/home/work1/Works/CNN-Core-Generator/cnn_core_project/cnn_core_prj/solution1/.autopilot/db/cnn_core.pp.0.cpp:57845:13: warning: Added loop label VITIS_LOOP_254_4:   [xilinx-label-all-loops]
            for (int j = 0; j < pack_diff; j++) {
            ^~~
            VITIS_LOOP_254_4: 
/home/work1/Works/CNN-Core-Generator/cnn_core_project/cnn_core_prj/solution1/.autopilot/db/cnn_core.pp.0.cpp:57845:13: note: FIX-IT applied suggested code changes
/home/work1/Works/CNN-Core-Generator/cnn_core_project/cnn_core_prj/solution1/.autopilot/db/cnn_core.pp.0.cpp:57849:17: warning: Added loop label VITIS_LOOP_258_5:   [xilinx-label-all-loops]
                for (int k = 0; k < res_T::size; k++) {
                ^~~
                VITIS_LOOP_258_5: 
/home/work1/Works/CNN-Core-Generator/cnn_core_project/cnn_core_prj/solution1/.autopilot/db/cnn_core.pp.0.cpp:57849:17: note: FIX-IT applied suggested code changes
/home/work1/Works/CNN-Core-Generator/cnn_core_project/cnn_core_prj/solution1/.autopilot/db/cnn_core.pp.0.cpp:57860:9: warning: Added loop label VITIS_LOOP_269_6:   [xilinx-label-all-loops]
        for (int i = 0; i < N / data_T::size; i++) {
        ^~~
        VITIS_LOOP_269_6: 
/home/work1/Works/CNN-Core-Generator/cnn_core_project/cnn_core_prj/solution1/.autopilot/db/cnn_core.pp.0.cpp:57860:9: note: FIX-IT applied suggested code changes
/home/work1/Works/CNN-Core-Generator/cnn_core_project/cnn_core_prj/solution1/.autopilot/db/cnn_core.pp.0.cpp:57864:13: warning: Added loop label VITIS_LOOP_273_7:   [xilinx-label-all-loops]
            for (int j = 0; j < data_T::size; j++) {
            ^~~
            VITIS_LOOP_273_7: 
/home/work1/Works/CNN-Core-Generator/cnn_core_project/cnn_core_prj/solution1/.autopilot/db/cnn_core.pp.0.cpp:57864:13: note: FIX-IT applied suggested code changes
/home/work1/Works/CNN-Core-Generator/cnn_core_project/cnn_core_prj/solution1/.autopilot/db/cnn_core.pp.0.cpp:57888:9: warning: Added loop label VITIS_LOOP_297_1:   [xilinx-label-all-loops]
        for (int j = 0; j < n_dupl; j++) {
        ^~~
        VITIS_LOOP_297_1: 
/home/work1/Works/CNN-Core-Generator/cnn_core_project/cnn_core_prj/solution1/.autopilot/db/cnn_core.pp.0.cpp:57888:9: note: FIX-IT applied suggested code changes
/home/work1/Works/CNN-Core-Generator/cnn_core_project/cnn_core_prj/solution1/.autopilot/db/cnn_core.pp.0.cpp:57892:13: warning: Added loop label VITIS_LOOP_301_2:   [xilinx-label-all-loops]
            for (int k = 0; k < res_T::size; k++) {
            ^~~
            VITIS_LOOP_301_2: 
/home/work1/Works/CNN-Core-Generator/cnn_core_project/cnn_core_prj/solution1/.autopilot/db/cnn_core.pp.0.cpp:57892:13: note: FIX-IT applied suggested code changes
/home/work1/Works/CNN-Core-Generator/cnn_core_project/cnn_core_prj/solution1/.autopilot/db/cnn_core.pp.0.cpp:57911:9: warning: Added loop label VITIS_LOOP_320_1:   [xilinx-label-all-loops]
        for (int k = 0; k < res_T::size; k++) {
        ^~~
        VITIS_LOOP_320_1: 
/home/work1/Works/CNN-Core-Generator/cnn_core_project/cnn_core_prj/solution1/.autopilot/db/cnn_core.pp.0.cpp:57911:9: note: FIX-IT applied suggested code changes
/home/work1/Works/CNN-Core-Generator/cnn_core_project/cnn_core_prj/solution1/.autopilot/db/cnn_core.pp.0.cpp:58135:9: warning: Added loop label VITIS_LOOP_211_1:   [xilinx-label-all-loops]
        for (unsigned j = 0; j < data_T::size; j++) {
        ^~~
        VITIS_LOOP_211_1: 
/home/work1/Works/CNN-Core-Generator/cnn_core_project/cnn_core_prj/solution1/.autopilot/db/cnn_core.pp.0.cpp:58135:9: note: FIX-IT applied suggested code changes
/home/work1/Works/CNN-Core-Generator/cnn_core_project/cnn_core_prj/solution1/.autopilot/db/cnn_core.pp.0.cpp:58144:9: warning: Added loop label VITIS_LOOP_220_2:   [xilinx-label-all-loops]
        for (unsigned j = 0; j < data_T::size; j++) {
        ^~~
        VITIS_LOOP_220_2: 
/home/work1/Works/CNN-Core-Generator/cnn_core_project/cnn_core_prj/solution1/.autopilot/db/cnn_core.pp.0.cpp:58144:9: note: FIX-IT applied suggested code changes
/home/work1/Works/CNN-Core-Generator/cnn_core_project/cnn_core_prj/solution1/.autopilot/db/cnn_core.pp.0.cpp:58249:5: warning: Added loop label VITIS_LOOP_325_1:   [xilinx-label-all-loops]
    for (int i = 0; i < CONFIG_T::n_in / res_T::size; i++) {
    ^~~
    VITIS_LOOP_325_1: 
/home/work1/Works/CNN-Core-Generator/cnn_core_project/cnn_core_prj/solution1/.autopilot/db/cnn_core.pp.0.cpp:58249:5: note: FIX-IT applied suggested code changes
/home/work1/Works/CNN-Core-Generator/cnn_core_project/cnn_core_prj/solution1/.autopilot/db/cnn_core.pp.0.cpp:58254:9: warning: Added loop label VITIS_LOOP_330_2:   [xilinx-label-all-loops]
        for (int i = 0; i < res_T::size; i++) {
        ^~~
        VITIS_LOOP_330_2: 
/home/work1/Works/CNN-Core-Generator/cnn_core_project/cnn_core_prj/solution1/.autopilot/db/cnn_core.pp.0.cpp:58254:9: note: FIX-IT applied suggested code changes
/home/work1/Works/CNN-Core-Generator/cnn_core_project/cnn_core_prj/solution1/.autopilot/db/cnn_core.pp.0.cpp:58262:9: warning: Added loop label VITIS_LOOP_338_3:   [xilinx-label-all-loops]
        for (int i = 1; i < res_T::size; i++) {
        ^~~
        VITIS_LOOP_338_3: 
/home/work1/Works/CNN-Core-Generator/cnn_core_project/cnn_core_prj/solution1/.autopilot/db/cnn_core.pp.0.cpp:58262:9: note: FIX-IT applied suggested code changes
/home/work1/Works/CNN-Core-Generator/cnn_core_project/cnn_core_prj/solution1/.autopilot/db/cnn_core.pp.0.cpp:58947:9: error: Resource with core_name: ROM_nP_BRAM pragma is ignored, because this core doesn't exist at all  [clang-diagnostic-error]
#pragma HLS RESOURCE variable=weights core=ROM_nP_BRAM
        ^
/home/work1/Works/CNN-Core-Generator/cnn_core_project/cnn_core_prj/solution1/.autopilot/db/cnn_core.pp.0.cpp:59021:9: error: Resource with core_name: ROM_nP_BRAM pragma is ignored, because this core doesn't exist at all  [clang-diagnostic-error]
#pragma HLS RESOURCE variable=weights core=ROM_nP_BRAM
        ^
/home/work1/Works/CNN-Core-Generator/cnn_core_project/cnn_core_prj/solution1/.autopilot/db/cnn_core.pp.0.cpp:59103:9: error: Resource with core_name: ROM_nP_BRAM pragma is ignored, because this core doesn't exist at all  [clang-diagnostic-error]
#pragma HLS RESOURCE variable=weights core=ROM_nP_BRAM
        ^
/home/work1/Works/CNN-Core-Generator/cnn_core_project/cnn_core_prj/solution1/.autopilot/db/cnn_core.pp.0.cpp:59476:9: warning: Added loop label VITIS_LOOP_64_1:   [xilinx-label-all-loops]
        for (unsigned i = 0; i < __SHIFT_DEPTH__; ++i)
        ^~~
        VITIS_LOOP_64_1: 
/home/work1/Works/CNN-Core-Generator/cnn_core_project/cnn_core_prj/solution1/.autopilot/db/cnn_core.pp.0.cpp:59476:9: note: FIX-IT applied suggested code changes
/home/work1/Works/CNN-Core-Generator/cnn_core_project/cnn_core_prj/solution1/.autopilot/db/cnn_core.pp.0.cpp:59483:9: warning: Added loop label VITIS_LOOP_71_1:   [xilinx-label-all-loops]
        for (unsigned i = 0; i < __SHIFT_DEPTH__; ++i)
        ^~~
        VITIS_LOOP_71_1: 
/home/work1/Works/CNN-Core-Generator/cnn_core_project/cnn_core_prj/solution1/.autopilot/db/cnn_core.pp.0.cpp:59483:9: note: FIX-IT applied suggested code changes
/home/work1/Works/CNN-Core-Generator/cnn_core_project/cnn_core_prj/solution1/.autopilot/db/cnn_core.pp.0.cpp:60005:5: warning: Added loop label VITIS_LOOP_14_1:   [xilinx-label-all-loops]
    for (unsigned k = 0; k < CONFIG_T::n_out; k++) {
    ^~~
    VITIS_LOOP_14_1: 
/home/work1/Works/CNN-Core-Generator/cnn_core_project/cnn_core_prj/solution1/.autopilot/db/cnn_core.pp.0.cpp:60005:5: note: FIX-IT applied suggested code changes
/home/work1/Works/CNN-Core-Generator/cnn_core_project/cnn_core_prj/solution1/.autopilot/db/cnn_core.pp.0.cpp:60065:9: warning: Added loop label VITIS_LOOP_74_1:   [xilinx-label-all-loops]
        for (int im = 0; im < CONFIG_T::n_out; im++) {
        ^~~
        VITIS_LOOP_74_1: 
/home/work1/Works/CNN-Core-Generator/cnn_core_project/cnn_core_prj/solution1/.autopilot/db/cnn_core.pp.0.cpp:60065:9: note: FIX-IT applied suggested code changes
/home/work1/Works/CNN-Core-Generator/cnn_core_project/cnn_core_prj/solution1/.autopilot/db/cnn_core.pp.0.cpp:60201:5: warning: Added loop label VITIS_LOOP_13_1:   [xilinx-label-all-loops]
    for (int i = 1; i < N; i++) {
    ^~~
    VITIS_LOOP_13_1: 
/home/work1/Works/CNN-Core-Generator/cnn_core_project/cnn_core_prj/solution1/.autopilot/db/cnn_core.pp.0.cpp:60201:5: note: FIX-IT applied suggested code changes
/home/work1/Works/CNN-Core-Generator/cnn_core_project/cnn_core_prj/solution1/.autopilot/db/cnn_core.pp.0.cpp:60210:5: warning: Added loop label VITIS_LOOP_22_1:   [xilinx-label-all-loops]
    for (int i = 0; i < N; i++) {
    ^~~
    VITIS_LOOP_22_1: 
/home/work1/Works/CNN-Core-Generator/cnn_core_project/cnn_core_prj/solution1/.autopilot/db/cnn_core.pp.0.cpp:60210:5: note: FIX-IT applied suggested code changes
/home/work1/Works/CNN-Core-Generator/cnn_core_project/cnn_core_prj/solution1/.autopilot/db/cnn_core.pp.0.cpp:60285:5: warning: Added loop label VITIS_LOOP_97_1:   [xilinx-label-all-loops]
    for (int ff = 0; ff < CONFIG_T::n_filt; ff++) {
    ^~~
    VITIS_LOOP_97_1: 
/home/work1/Works/CNN-Core-Generator/cnn_core_project/cnn_core_prj/solution1/.autopilot/db/cnn_core.pp.0.cpp:60285:5: note: FIX-IT applied suggested code changes
/home/work1/Works/CNN-Core-Generator/cnn_core_project/cnn_core_prj/solution1/.autopilot/db/cnn_core.pp.0.cpp:60287:9: warning: Added loop label VITIS_LOOP_99_2:   [xilinx-label-all-loops]
        for (int ii = 0; ii < restricted_padded_width; ii += CONFIG_T::stride_width) {
        ^~~
        VITIS_LOOP_99_2: 
/home/work1/Works/CNN-Core-Generator/cnn_core_project/cnn_core_prj/solution1/.autopilot/db/cnn_core.pp.0.cpp:60287:9: note: FIX-IT applied suggested code changes
/home/work1/Works/CNN-Core-Generator/cnn_core_project/cnn_core_prj/solution1/.autopilot/db/cnn_core.pp.0.cpp:60292:2: warning: Added loop label VITIS_LOOP_104_3:   [xilinx-label-all-loops]
 for (int jj = 0; jj < CONFIG_T::pool_width; jj++) {
 ^~~
 VITIS_LOOP_104_3: 
/home/work1/Works/CNN-Core-Generator/cnn_core_project/cnn_core_prj/solution1/.autopilot/db/cnn_core.pp.0.cpp:60292:2: note: FIX-IT applied suggested code changes
/home/work1/Works/CNN-Core-Generator/cnn_core_project/cnn_core_prj/solution1/.autopilot/db/cnn_core.pp.0.cpp:60320:2: warning: Added loop label VITIS_LOOP_132_1:   [xilinx-label-all-loops]
 for (int ff = 0; ff < CONFIG_T::n_filt; ff++) {
 ^~~
 VITIS_LOOP_132_1: 
/home/work1/Works/CNN-Core-Generator/cnn_core_project/cnn_core_prj/solution1/.autopilot/db/cnn_core.pp.0.cpp:60320:2: note: FIX-IT applied suggested code changes
/home/work1/Works/CNN-Core-Generator/cnn_core_project/cnn_core_prj/solution1/.autopilot/db/cnn_core.pp.0.cpp:60323:2: warning: Added loop label VITIS_LOOP_135_2:   [xilinx-label-all-loops]
 for (int jj = 0; jj < CONFIG_T::n_in; jj++) {
 ^~~
 VITIS_LOOP_135_2: 
/home/work1/Works/CNN-Core-Generator/cnn_core_project/cnn_core_prj/solution1/.autopilot/db/cnn_core.pp.0.cpp:60323:2: note: FIX-IT applied suggested code changes
/home/work1/Works/CNN-Core-Generator/cnn_core_project/cnn_core_prj/solution1/.autopilot/db/cnn_core.pp.0.cpp:60378:5: warning: Added loop label VITIS_LOOP_190_1:   [xilinx-label-all-loops]
    for (int ff = 0; ff < CONFIG_T::n_filt; ff++) {
    ^~~
    VITIS_LOOP_190_1: 
/home/work1/Works/CNN-Core-Generator/cnn_core_project/cnn_core_prj/solution1/.autopilot/db/cnn_core.pp.0.cpp:60378:5: note: FIX-IT applied suggested code changes
/home/work1/Works/CNN-Core-Generator/cnn_core_project/cnn_core_prj/solution1/.autopilot/db/cnn_core.pp.0.cpp:60380:9: warning: Added loop label VITIS_LOOP_192_2:   [xilinx-label-all-loops]
        for (int ii = 0; ii < restricted_padded_height; ii += CONFIG_T::stride_height) {
        ^~~
        VITIS_LOOP_192_2: 
/home/work1/Works/CNN-Core-Generator/cnn_core_project/cnn_core_prj/solution1/.autopilot/db/cnn_core.pp.0.cpp:60380:9: note: FIX-IT applied suggested code changes
/home/work1/Works/CNN-Core-Generator/cnn_core_project/cnn_core_prj/solution1/.autopilot/db/cnn_core.pp.0.cpp:60382:13: warning: Added loop label VITIS_LOOP_194_3:   [xilinx-label-all-loops]
            for (int jj = 0; jj < restricted_padded_width; jj += CONFIG_T::stride_width) {
            ^~~
            VITIS_LOOP_194_3: 
/home/work1/Works/CNN-Core-Generator/cnn_core_project/cnn_core_prj/solution1/.autopilot/db/cnn_core.pp.0.cpp:60382:13: note: FIX-IT applied suggested code changes
/home/work1/Works/CNN-Core-Generator/cnn_core_project/cnn_core_prj/solution1/.autopilot/db/cnn_core.pp.0.cpp:60389:17: warning: Added loop label VITIS_LOOP_201_4:   [xilinx-label-all-loops]
                for (int kk = 0; kk < CONFIG_T::pool_height; kk++) {
                ^~~
                VITIS_LOOP_201_4: 
/home/work1/Works/CNN-Core-Generator/cnn_core_project/cnn_core_prj/solution1/.autopilot/db/cnn_core.pp.0.cpp:60389:17: note: FIX-IT applied suggested code changes
/home/work1/Works/CNN-Core-Generator/cnn_core_project/cnn_core_prj/solution1/.autopilot/db/cnn_core.pp.0.cpp:60391:21: warning: Added loop label VITIS_LOOP_203_5:   [xilinx-label-all-loops]
                    for (int ll = 0; ll < CONFIG_T::pool_width; ll++) {
                    ^~~
                    VITIS_LOOP_203_5: 
/home/work1/Works/CNN-Core-Generator/cnn_core_project/cnn_core_prj/solution1/.autopilot/db/cnn_core.pp.0.cpp:60391:21: note: FIX-IT applied suggested code changes
/home/work1/Works/CNN-Core-Generator/cnn_core_project/cnn_core_prj/solution1/.autopilot/db/cnn_core.pp.0.cpp:60432:5: warning: Added loop label VITIS_LOOP_244_1:   [xilinx-label-all-loops]
    for (int ff = 0; ff < CONFIG_T::n_filt; ff++) {
    ^~~
    VITIS_LOOP_244_1: 
/home/work1/Works/CNN-Core-Generator/cnn_core_project/cnn_core_prj/solution1/.autopilot/db/cnn_core.pp.0.cpp:60432:5: note: FIX-IT applied suggested code changes
/home/work1/Works/CNN-Core-Generator/cnn_core_project/cnn_core_prj/solution1/.autopilot/db/cnn_core.pp.0.cpp:60434:9: warning: Added loop label VITIS_LOOP_246_2:   [xilinx-label-all-loops]
        for (int ii = 0; ii < restricted_padded_height; ii += CONFIG_T::stride_height) {
        ^~~
        VITIS_LOOP_246_2: 
/home/work1/Works/CNN-Core-Generator/cnn_core_project/cnn_core_prj/solution1/.autopilot/db/cnn_core.pp.0.cpp:60434:9: note: FIX-IT applied suggested code changes
/home/work1/Works/CNN-Core-Generator/cnn_core_project/cnn_core_prj/solution1/.autopilot/db/cnn_core.pp.0.cpp:60436:13: warning: Added loop label VITIS_LOOP_248_3:   [xilinx-label-all-loops]
            for (int jj = 0; jj < restricted_padded_width; jj += CONFIG_T::stride_width) {
            ^~~
            VITIS_LOOP_248_3: 
/home/work1/Works/CNN-Core-Generator/cnn_core_project/cnn_core_prj/solution1/.autopilot/db/cnn_core.pp.0.cpp:60436:13: note: FIX-IT applied suggested code changes
/home/work1/Works/CNN-Core-Generator/cnn_core_project/cnn_core_prj/solution1/.autopilot/db/cnn_core.pp.0.cpp:60442:17: warning: Added loop label VITIS_LOOP_254_4:   [xilinx-label-all-loops]
                for (int kk = 0; kk < CONFIG_T::stride_height; kk++) {
                ^~~
                VITIS_LOOP_254_4: 
/home/work1/Works/CNN-Core-Generator/cnn_core_project/cnn_core_prj/solution1/.autopilot/db/cnn_core.pp.0.cpp:60442:17: note: FIX-IT applied suggested code changes
/home/work1/Works/CNN-Core-Generator/cnn_core_project/cnn_core_prj/solution1/.autopilot/db/cnn_core.pp.0.cpp:60444:21: warning: Added loop label VITIS_LOOP_256_5:   [xilinx-label-all-loops]
                    for (int ll = 0; ll < CONFIG_T::stride_width; ll++) {
                    ^~~
                    VITIS_LOOP_256_5: 
/home/work1/Works/CNN-Core-Generator/cnn_core_project/cnn_core_prj/solution1/.autopilot/db/cnn_core.pp.0.cpp:60444:21: note: FIX-IT applied suggested code changes
