

================================================================
== Vitis HLS Report for 'compute_output_buffer_2d_array_array_ap_fixed_9_5_5_3_0_7u_config3_s'
================================================================
* Date:           Wed May 13 16:57:14 2026

* Version:        2023.2 (Build 4023990 on Oct 11 2023)
* Project:        cnn_core_prj
* Solution:       solution1 (Vivado IP Flow Target)
* Product family: kintexuplus
* Target device:  xcku5p-ffvb676-2-e


================================================================
== Performance Estimates
================================================================
+ Timing: 
    * Summary: 
    +--------+---------+----------+------------+
    |  Clock |  Target | Estimated| Uncertainty|
    +--------+---------+----------+------------+
    |ap_clk  |  5.00 ns|  2.921 ns|     1.35 ns|
    +--------+---------+----------+------------+

+ Latency: 
    * Summary: 
    +---------+---------+-----------+-----------+-----+-----+---------+
    |  Latency (cycles) |   Latency (absolute)  |  Interval | Pipeline|
    |   min   |   max   |    min    |    max    | min | max |   Type  |
    +---------+---------+-----------+-----------+-----+-----+---------+
    |        2|        2|  10.000 ns|  10.000 ns|    2|    2|      yes|
    +---------+---------+-----------+-----------+-----+-----+---------+

    + Detail: 
        * Instance: 
        +--------------------------------------------------------------------------------+---------------------------------------------------------------------+---------+---------+----------+----------+-----+-----+---------+
        |                                                                                |                                                                     |  Latency (cycles) |  Latency (absolute) |  Interval | Pipeline|
        |                                    Instance                                    |                                Module                               |   min   |   max   |    min   |    max   | min | max |   Type  |
        +--------------------------------------------------------------------------------+---------------------------------------------------------------------+---------+---------+----------+----------+-----+-----+---------+
        |call_ln281_shift_line_buffer_array_ap_fixed_12_6_5_3_0_1u_config3_s_fu_92       |shift_line_buffer_array_ap_fixed_12_6_5_3_0_1u_config3_s             |        0|        0|      0 ns|      0 ns|    1|    1|      yes|
        |tmp_dense_latency_ap_fixed_12_6_5_3_0_ap_fixed_9_5_5_3_0_config3_mult_s_fu_116  |dense_latency_ap_fixed_12_6_5_3_0_ap_fixed_9_5_5_3_0_config3_mult_s  |        0|        0|      0 ns|      0 ns|    1|    1|      yes|
        +--------------------------------------------------------------------------------+---------------------------------------------------------------------+---------+---------+----------+----------+-----+-----+---------+

        * Loop: 
        N/A



================================================================
== Utilization Estimates
================================================================
* Summary: 
+-----------------+---------+------+--------+--------+-----+
|       Name      | BRAM_18K|  DSP |   FF   |   LUT  | URAM|
+-----------------+---------+------+--------+--------+-----+
|DSP              |        -|     -|       -|       -|    -|
|Expression       |        -|     -|       0|     294|    -|
|FIFO             |        -|     -|       -|       -|    -|
|Instance         |        -|     1|     257|     919|    -|
|Memory           |        -|     -|       -|       -|    -|
|Multiplexer      |        -|     -|       -|      73|    -|
|Register         |        -|     -|     257|       -|    -|
+-----------------+---------+------+--------+--------+-----+
|Total            |        0|     1|     514|    1286|    0|
+-----------------+---------+------+--------+--------+-----+
|Available        |      960|  1824|  433920|  216960|   64|
+-----------------+---------+------+--------+--------+-----+
|Utilization (%)  |        0|    ~0|      ~0|      ~0|    0|
+-----------------+---------+------+--------+--------+-----+

+ Detail: 
    * Instance: 
    +--------------------------------------------------------------------------------+---------------------------------------------------------------------+---------+----+-----+-----+-----+
    |                                    Instance                                    |                                Module                               | BRAM_18K| DSP|  FF | LUT | URAM|
    +--------------------------------------------------------------------------------+---------------------------------------------------------------------+---------+----+-----+-----+-----+
    |tmp_dense_latency_ap_fixed_12_6_5_3_0_ap_fixed_9_5_5_3_0_config3_mult_s_fu_116  |dense_latency_ap_fixed_12_6_5_3_0_ap_fixed_9_5_5_3_0_config3_mult_s  |        0|   1|    0|  791|    0|
    |call_ln281_shift_line_buffer_array_ap_fixed_12_6_5_3_0_1u_config3_s_fu_92       |shift_line_buffer_array_ap_fixed_12_6_5_3_0_1u_config3_s             |        0|   0|  257|  128|    0|
    +--------------------------------------------------------------------------------+---------------------------------------------------------------------+---------+----+-----+-----+-----+
    |Total                                                                           |                                                                     |        0|   1|  257|  919|    0|
    +--------------------------------------------------------------------------------+---------------------------------------------------------------------+---------+----+-----+-----+-----+

    * DSP: 
    N/A

    * Memory: 
    N/A

    * FIFO: 
    N/A

    * Expression: 
    +-----------------------------------------+----------+----+---+----+------------+------------+
    |              Variable Name              | Operation| DSP| FF| LUT| Bitwidth P0| Bitwidth P1|
    +-----------------------------------------+----------+----+---+----+------------+------------+
    |add_ln303_fu_218_p2                      |         +|   0|  0|  39|          32|           1|
    |add_ln307_fu_242_p2                      |         +|   0|  0|  39|          32|           1|
    |add_ln313_fu_268_p2                      |         +|   0|  0|  39|          32|          32|
    |and_ln284_1_fu_184_p2                    |       and|   0|  0|   2|           1|           1|
    |and_ln284_fu_178_p2                      |       and|   0|  0|   2|           1|           1|
    |ap_block_pp0_stage0_01001                |       and|   0|  0|   2|           1|           1|
    |ap_block_pp0_stage0_11001_ignoreCallOp5  |       and|   0|  0|   2|           1|           1|
    |ap_block_state3_pp0_stage0_iter1         |       and|   0|  0|   2|           1|           1|
    |ap_condition_159                         |       and|   0|  0|   2|           1|           1|
    |ap_condition_252                         |       and|   0|  0|   2|           1|           1|
    |icmp_ln284_1_fu_154_p2                   |      icmp|   0|  0|  37|          30|           1|
    |icmp_ln284_fu_134_p2                     |      icmp|   0|  0|  39|          32|           3|
    |icmp_ln303_fu_224_p2                     |      icmp|   0|  0|  39|          32|           3|
    |icmp_ln307_fu_248_p2                     |      icmp|   0|  0|  39|          32|           9|
    |ap_block_pp0_stage0_subdone              |        or|   0|  0|   2|           1|           1|
    |select_ln313_fu_260_p3                   |    select|   0|  0|   3|           1|           3|
    |ap_enable_pp0                            |       xor|   0|  0|   2|           1|           2|
    |xor_ln284_fu_172_p2                      |       xor|   0|  0|   2|           1|           2|
    +-----------------------------------------+----------+----+---+----+------------+------------+
    |Total                                    |          |   0|  0| 294|         233|          65|
    +-----------------------------------------+----------+----+---+----+------------+------------+

    * Multiplexer: 
    +----------------------------------------+----+-----------+-----+-----------+
    |                  Name                  | LUT| Input Size| Bits| Total Bits|
    +----------------------------------------+----+-----------+-----+-----------+
    |ap_NS_fsm                               |  14|          3|    1|          3|
    |ap_enable_reg_pp0_iter0                 |   9|          2|    1|          2|
    |ap_enable_reg_pp0_iter1                 |   9|          2|    1|          2|
    |ap_phi_reg_pp0_iter1_storemerge_reg_81  |  14|          3|   32|         96|
    |layer3_out_blk_n                        |   9|          2|    1|          2|
    |pX_1                                    |   9|          2|   32|         64|
    |pY_1                                    |   9|          2|   32|         64|
    +----------------------------------------+----+-----------+-----+-----------+
    |Total                                   |  73|         16|  100|        233|
    +----------------------------------------+----+-----------+-----+-----------+

    * Register: 
    +-----------------------------------------------------------------------------+----+----+-----+-----------+
    |                                     Name                                    | FF | LUT| Bits| Const Bits|
    +-----------------------------------------------------------------------------+----+----+-----+-----------+
    |and_ln284_1_reg_298                                                          |   1|   0|    1|          0|
    |ap_CS_fsm                                                                    |   2|   0|    2|          0|
    |ap_enable_reg_pp0_iter0_reg                                                  |   1|   0|    1|          0|
    |ap_enable_reg_pp0_iter1                                                      |   1|   0|    1|          0|
    |ap_phi_reg_pp0_iter1_storemerge_reg_81                                       |  32|   0|   32|          0|
    |icmp_ln303_reg_337                                                           |   1|   0|    1|          0|
    |pX_1                                                                         |  32|   0|   32|          0|
    |pY_1                                                                         |  32|   0|   32|          0|
    |res_out_1_reg_307                                                            |   9|   0|    9|          0|
    |res_out_2_reg_312                                                            |   9|   0|    9|          0|
    |res_out_3_reg_317                                                            |   9|   0|    9|          0|
    |res_out_4_reg_322                                                            |   9|   0|    9|          0|
    |res_out_5_reg_327                                                            |   9|   0|    9|          0|
    |res_out_6_reg_332                                                            |   9|   0|    9|          0|
    |res_out_reg_302                                                              |   9|   0|    9|          0|
    |sY_1                                                                         |  32|   0|   32|          0|
    |void_compute_output_buffer_2d_array_const_ap_shift_reg_n_chan_stream_weig    |  12|   0|   12|          0|
    |void_compute_output_buffer_2d_array_const_ap_shift_reg_n_chan_stream_weig_1  |  12|   0|   12|          0|
    |void_compute_output_buffer_2d_array_const_ap_shift_reg_n_chan_stream_weig_2  |  12|   0|   12|          0|
    |void_compute_output_buffer_2d_array_const_ap_shift_reg_n_chan_stream_weig_3  |  12|   0|   12|          0|
    |void_compute_output_buffer_2d_array_const_ap_shift_reg_n_chan_stream_weig_4  |  12|   0|   12|          0|
    +-----------------------------------------------------------------------------+----+----+-----+-----------+
    |Total                                                                        | 257|   0|  257|          0|
    +-----------------------------------------------------------------------------+----+----+-----+-----------+



================================================================
== Interface
================================================================
* Summary: 
+---------------------------+-----+-----+------------+-----------------------------------------------------------------------+--------------+
|         RTL Ports         | Dir | Bits|  Protocol  |                             Source Object                             |    C Type    |
+---------------------------+-----+-----+------------+-----------------------------------------------------------------------+--------------+
|ap_clk                     |   in|    1|  ap_ctrl_hs|  compute_output_buffer_2d<array,array<ap_fixed<9,5,5,3,0>,7u>,config3>|  return value|
|ap_rst                     |   in|    1|  ap_ctrl_hs|  compute_output_buffer_2d<array,array<ap_fixed<9,5,5,3,0>,7u>,config3>|  return value|
|ap_start                   |   in|    1|  ap_ctrl_hs|  compute_output_buffer_2d<array,array<ap_fixed<9,5,5,3,0>,7u>,config3>|  return value|
|ap_done                    |  out|    1|  ap_ctrl_hs|  compute_output_buffer_2d<array,array<ap_fixed<9,5,5,3,0>,7u>,config3>|  return value|
|ap_idle                    |  out|    1|  ap_ctrl_hs|  compute_output_buffer_2d<array,array<ap_fixed<9,5,5,3,0>,7u>,config3>|  return value|
|ap_ready                   |  out|    1|  ap_ctrl_hs|  compute_output_buffer_2d<array,array<ap_fixed<9,5,5,3,0>,7u>,config3>|  return value|
|ap_ce                      |   in|    1|  ap_ctrl_hs|  compute_output_buffer_2d<array,array<ap_fixed<9,5,5,3,0>,7u>,config3>|  return value|
|layer3_out_blk_n           |  out|    1|  ap_ctrl_hs|  compute_output_buffer_2d<array,array<ap_fixed<9,5,5,3,0>,7u>,config3>|  return value|
|in_elem_0_0_0_0_0_val      |   in|   12|     ap_none|                                                  in_elem_0_0_0_0_0_val|        scalar|
|layer3_out_din             |  out|   63|     ap_fifo|                                                             layer3_out|       pointer|
|layer3_out_num_data_valid  |   in|   10|     ap_fifo|                                                             layer3_out|       pointer|
|layer3_out_fifo_cap        |   in|   10|     ap_fifo|                                                             layer3_out|       pointer|
|layer3_out_full_n          |   in|    1|     ap_fifo|                                                             layer3_out|       pointer|
|layer3_out_write           |  out|    1|     ap_fifo|                                                             layer3_out|       pointer|
+---------------------------+-----+-----+------------+-----------------------------------------------------------------------+--------------+

============================================================
+ Verbose Summary: Synthesis Manager
============================================================
InlineROM: 1
ExposeGlobal: 0
============================================================
+ Verbose Summary: CDFG Model
============================================================
IsTopModel: 0
ResetActiveHigh: 1
IsCombinational: 2
IsDatapathOnly: 2
HasWiredReturn: 1
HasMFsm: 2
HasVarLatency: 0
IsPipeline: 1
IsRtlPipelined: 1
IsInstanceOverlapped: 0
IsDontTouch: 0
HasImplIP: 0
IsGatedGlobalClock: 0

+ Individual pipeline summary: 
  * Pipeline-0: initiation interval (II) = 2, depth = 3


============================================================
+ Verbose Summary: Schedule
============================================================
* Number of FSM states : 3
* Pipeline : 1
  Pipeline-0 : II = 2, D = 3, States = { 1 2 3 }
* Dataflow Pipeline: 0

* FSM state transitions: 
1 --> 2 
2 --> 3 
3 --> 

* FSM state operations: 

State 1 <SV = 0> <Delay = 2.86>
ST_1 : Operation 4 [1/1] (0.00ns)   --->   "%in_elem_0_0_0_0_0_val_read = read i12 @_ssdm_op_Read.ap_auto.i12, i12 %in_elem_0_0_0_0_0_val"   --->   Operation 4 'read' 'in_elem_0_0_0_0_0_val_read' <Predicate = true> <Delay = 0.00>
ST_1 : Operation 5 [1/1] (2.86ns)   --->   "%call_ln281 = call void @shift_line_buffer<array<ap_fixed<12, 6, 5, 3, 0>, 1u>, config3>, i12 %in_elem_0_0_0_0_0_val_read, i12 %void_compute_output_buffer_2d_array_const_ap_shift_reg_n_chan_stream_weig_4, i12 %void_compute_output_buffer_2d_array_const_ap_shift_reg_n_chan_stream_weig_3, i12 %void_compute_output_buffer_2d_array_const_ap_shift_reg_n_chan_stream_weig_2, i12 %void_compute_output_buffer_2d_array_const_ap_shift_reg_n_chan_stream_weig_1, i12 %void_compute_output_buffer_2d_array_const_ap_shift_reg_n_chan_stream_weig, i12 %void_conv_2d_buffer_latency_cl_stream_stream_weight_t_bias_t_line_buffer_3, i12 %void_conv_2d_buffer_latency_cl_stream_stream_weight_t_bias_t_line_buffer_2, i12 %void_conv_2d_buffer_latency_cl_stream_stream_weight_t_bias_t_line_buffer_1, i12 %void_conv_2d_buffer_latency_cl_stream_stream_weight_t_bias_t_line_buffer" [firmware/nnet_utils/nnet_conv_stream.h:281]   --->   Operation 5 'call' 'call_ln281' <Predicate = true> <Delay = 2.86> <CoreType = "Generic">   --->   Core 0 '' <Latency = 0> <II = 1> <Delay = 1.00> <Generic> <Opcode : >

State 2 <SV = 1> <Delay = 2.74>
ST_2 : Operation 6 [1/1] (0.00ns)   --->   "%specinterface_ln0 = specinterface void @_ssdm_op_SpecInterface, i63 %layer3_out, void @empty, i32 0, i32 0, void @empty_5, i32 0, i32 0, void @empty_5, void @empty_5, void @empty_5, i32 0, i32 0, i32 0, i32 0, void @empty_5, void @empty_5, i32 4294967295, i32 0"   --->   Operation 6 'specinterface' 'specinterface_ln0' <Predicate = true> <Delay = 0.00>
ST_2 : Operation 7 [1/1] (0.00ns)   --->   "%sY_1_load = load i32 %sY_1" [firmware/nnet_utils/nnet_conv_stream.h:284]   --->   Operation 7 'load' 'sY_1_load' <Predicate = true> <Delay = 0.00>
ST_2 : Operation 8 [1/1] (1.01ns)   --->   "%icmp_ln284 = icmp_eq  i32 %sY_1_load, i32 4" [firmware/nnet_utils/nnet_conv_stream.h:284]   --->   Operation 8 'icmp' 'icmp_ln284' <Predicate = true> <Delay = 1.01> <CoreInst = "Cmp">   --->   Core 9 'Cmp' <Latency = 0> <II = 1> <Delay = 1.01> <FuncUnit> <Opcode : 'icmp'> <InPorts = 2> <OutPorts = 1>
ST_2 : Operation 9 [1/1] (0.00ns)   --->   "%pY_1_load = load i32 %pY_1" [firmware/nnet_utils/nnet_conv_stream.h:284]   --->   Operation 9 'load' 'pY_1_load' <Predicate = true> <Delay = 0.00>
ST_2 : Operation 10 [1/1] (0.00ns)   --->   "%tmp_1 = partselect i30 @_ssdm_op_PartSelect.i30.i32.i32.i32, i32 %pY_1_load, i32 2, i32 31" [firmware/nnet_utils/nnet_conv_stream.h:284]   --->   Operation 10 'partselect' 'tmp_1' <Predicate = true> <Delay = 0.00>
ST_2 : Operation 11 [1/1] (0.99ns)   --->   "%icmp_ln284_1 = icmp_sgt  i30 %tmp_1, i30 0" [firmware/nnet_utils/nnet_conv_stream.h:284]   --->   Operation 11 'icmp' 'icmp_ln284_1' <Predicate = true> <Delay = 0.99> <CoreInst = "Cmp">   --->   Core 9 'Cmp' <Latency = 0> <II = 1> <Delay = 0.99> <FuncUnit> <Opcode : 'icmp'> <InPorts = 2> <OutPorts = 1>
ST_2 : Operation 12 [1/1] (0.00ns)   --->   "%pX_1_load = load i32 %pX_1" [firmware/nnet_utils/nnet_conv_stream.h:284]   --->   Operation 12 'load' 'pX_1_load' <Predicate = true> <Delay = 0.00>
ST_2 : Operation 13 [1/1] (0.00ns) (grouped into LUT with out node and_ln284_1)   --->   "%tmp_2 = bitselect i1 @_ssdm_op_BitSelect.i1.i32.i32, i32 %pX_1_load, i32 31" [firmware/nnet_utils/nnet_conv_stream.h:284]   --->   Operation 13 'bitselect' 'tmp_2' <Predicate = true> <Delay = 0.00>
ST_2 : Operation 14 [1/1] (0.00ns) (grouped into LUT with out node and_ln284_1)   --->   "%xor_ln284 = xor i1 %tmp_2, i1 1" [firmware/nnet_utils/nnet_conv_stream.h:284]   --->   Operation 14 'xor' 'xor_ln284' <Predicate = true> <Delay = 0.00> <CoreInst = "LogicGate">   --->   Core 74 'LogicGate' <Latency = 0> <II = 1> <Delay = 0.28> <FuncUnit> <Opcode : 'and' 'or' 'xor'> <InPorts = 2> <OutPorts = 1>
ST_2 : Operation 15 [1/1] (0.00ns) (grouped into LUT with out node and_ln284_1)   --->   "%and_ln284 = and i1 %icmp_ln284_1, i1 %xor_ln284" [firmware/nnet_utils/nnet_conv_stream.h:284]   --->   Operation 15 'and' 'and_ln284' <Predicate = true> <Delay = 0.00> <CoreInst = "LogicGate">   --->   Core 74 'LogicGate' <Latency = 0> <II = 1> <Delay = 0.28> <FuncUnit> <Opcode : 'and' 'or' 'xor'> <InPorts = 2> <OutPorts = 1>
ST_2 : Operation 16 [1/1] (0.28ns) (out node of the LUT)   --->   "%and_ln284_1 = and i1 %and_ln284, i1 %icmp_ln284" [firmware/nnet_utils/nnet_conv_stream.h:284]   --->   Operation 16 'and' 'and_ln284_1' <Predicate = true> <Delay = 0.28> <CoreInst = "LogicGate">   --->   Core 74 'LogicGate' <Latency = 0> <II = 1> <Delay = 0.28> <FuncUnit> <Opcode : 'and' 'or' 'xor'> <InPorts = 2> <OutPorts = 1>
ST_2 : Operation 17 [1/1] (0.00ns)   --->   "%br_ln284 = br i1 %and_ln284_1, void %if.end, void %if.then" [firmware/nnet_utils/nnet_conv_stream.h:284]   --->   Operation 17 'br' 'br_ln284' <Predicate = true> <Delay = 0.00>
ST_2 : Operation 18 [1/1] (0.00ns)   --->   "%tmp = call i63 @dense_latency<ap_fixed<12, 6, 5, 3, 0>, ap_fixed<9, 5, 5, 3, 0>, config3_mult>, i12 %void_compute_output_buffer_2d_array_const_ap_shift_reg_n_chan_stream_weig_4, i12 %void_compute_output_buffer_2d_array_const_ap_shift_reg_n_chan_stream_weig_3, i12 %void_compute_output_buffer_2d_array_const_ap_shift_reg_n_chan_stream_weig_2, i12 %void_compute_output_buffer_2d_array_const_ap_shift_reg_n_chan_stream_weig_1, i12 %void_compute_output_buffer_2d_array_const_ap_shift_reg_n_chan_stream_weig" [firmware/nnet_utils/nnet_dense.h:54->firmware/nnet_utils/nnet_conv_stream.h:288]   --->   Operation 18 'call' 'tmp' <Predicate = (and_ln284_1)> <Delay = 0.00> <CoreType = "Generic">   --->   Core 0 '' <Latency = 0> <II = 1> <Delay = 1.00> <Generic> <Opcode : >
ST_2 : Operation 19 [1/1] (0.00ns)   --->   "%res_out = extractvalue i63 %tmp" [firmware/nnet_utils/nnet_dense.h:54->firmware/nnet_utils/nnet_conv_stream.h:288]   --->   Operation 19 'extractvalue' 'res_out' <Predicate = (and_ln284_1)> <Delay = 0.00>
ST_2 : Operation 20 [1/1] (0.00ns)   --->   "%res_out_1 = extractvalue i63 %tmp" [firmware/nnet_utils/nnet_dense.h:54->firmware/nnet_utils/nnet_conv_stream.h:288]   --->   Operation 20 'extractvalue' 'res_out_1' <Predicate = (and_ln284_1)> <Delay = 0.00>
ST_2 : Operation 21 [1/1] (0.00ns)   --->   "%res_out_2 = extractvalue i63 %tmp" [firmware/nnet_utils/nnet_dense.h:54->firmware/nnet_utils/nnet_conv_stream.h:288]   --->   Operation 21 'extractvalue' 'res_out_2' <Predicate = (and_ln284_1)> <Delay = 0.00>
ST_2 : Operation 22 [1/1] (0.00ns)   --->   "%res_out_3 = extractvalue i63 %tmp" [firmware/nnet_utils/nnet_dense.h:54->firmware/nnet_utils/nnet_conv_stream.h:288]   --->   Operation 22 'extractvalue' 'res_out_3' <Predicate = (and_ln284_1)> <Delay = 0.00>
ST_2 : Operation 23 [1/1] (0.00ns)   --->   "%res_out_4 = extractvalue i63 %tmp" [firmware/nnet_utils/nnet_dense.h:54->firmware/nnet_utils/nnet_conv_stream.h:288]   --->   Operation 23 'extractvalue' 'res_out_4' <Predicate = (and_ln284_1)> <Delay = 0.00>
ST_2 : Operation 24 [1/1] (0.00ns)   --->   "%res_out_5 = extractvalue i63 %tmp" [firmware/nnet_utils/nnet_dense.h:54->firmware/nnet_utils/nnet_conv_stream.h:288]   --->   Operation 24 'extractvalue' 'res_out_5' <Predicate = (and_ln284_1)> <Delay = 0.00>
ST_2 : Operation 25 [1/1] (0.00ns)   --->   "%res_out_6 = extractvalue i63 %tmp" [firmware/nnet_utils/nnet_dense.h:54->firmware/nnet_utils/nnet_conv_stream.h:288]   --->   Operation 25 'extractvalue' 'res_out_6' <Predicate = (and_ln284_1)> <Delay = 0.00>
ST_2 : Operation 26 [1/1] (1.01ns)   --->   "%add_ln303 = add i32 %pX_1_load, i32 1" [firmware/nnet_utils/nnet_conv_stream.h:303]   --->   Operation 26 'add' 'add_ln303' <Predicate = true> <Delay = 1.01> <CoreInst = "Adder">   --->   Core 1 'Adder' <Latency = 0> <II = 1> <Delay = 1.01> <FuncUnit> <Opcode : 'add' 'sub'> <InPorts = 2> <OutPorts = 1>
ST_2 : Operation 27 [1/1] (1.01ns)   --->   "%icmp_ln303 = icmp_eq  i32 %add_ln303, i32 4" [firmware/nnet_utils/nnet_conv_stream.h:303]   --->   Operation 27 'icmp' 'icmp_ln303' <Predicate = true> <Delay = 1.01> <CoreInst = "Cmp">   --->   Core 9 'Cmp' <Latency = 0> <II = 1> <Delay = 1.01> <FuncUnit> <Opcode : 'icmp'> <InPorts = 2> <OutPorts = 1>
ST_2 : Operation 28 [1/1] (0.00ns)   --->   "%br_ln303 = br i1 %icmp_ln303, void %if.else20, void %if.then9" [firmware/nnet_utils/nnet_conv_stream.h:303]   --->   Operation 28 'br' 'br_ln303' <Predicate = true> <Delay = 0.00>
ST_2 : Operation 29 [1/1] (0.42ns)   --->   "%store_ln316 = store i32 %add_ln303, i32 %pX_1" [firmware/nnet_utils/nnet_conv_stream.h:316]   --->   Operation 29 'store' 'store_ln316' <Predicate = (!icmp_ln303)> <Delay = 0.42>
ST_2 : Operation 30 [1/1] (0.00ns)   --->   "%br_ln0 = br void %if.end31"   --->   Operation 30 'br' 'br_ln0' <Predicate = (!icmp_ln303)> <Delay = 0.00>
ST_2 : Operation 31 [1/1] (0.42ns)   --->   "%store_ln305 = store i32 0, i32 %pX_1" [firmware/nnet_utils/nnet_conv_stream.h:305]   --->   Operation 31 'store' 'store_ln305' <Predicate = (icmp_ln303)> <Delay = 0.42>
ST_2 : Operation 32 [1/1] (1.01ns)   --->   "%add_ln307 = add i32 %pY_1_load, i32 1" [firmware/nnet_utils/nnet_conv_stream.h:307]   --->   Operation 32 'add' 'add_ln307' <Predicate = (icmp_ln303)> <Delay = 1.01> <CoreInst = "Adder">   --->   Core 1 'Adder' <Latency = 0> <II = 1> <Delay = 1.01> <FuncUnit> <Opcode : 'add' 'sub'> <InPorts = 2> <OutPorts = 1>
ST_2 : Operation 33 [1/1] (1.01ns)   --->   "%icmp_ln307 = icmp_eq  i32 %add_ln307, i32 256" [firmware/nnet_utils/nnet_conv_stream.h:307]   --->   Operation 33 'icmp' 'icmp_ln307' <Predicate = (icmp_ln303)> <Delay = 1.01> <CoreInst = "Cmp">   --->   Core 9 'Cmp' <Latency = 0> <II = 1> <Delay = 1.01> <FuncUnit> <Opcode : 'icmp'> <InPorts = 2> <OutPorts = 1>
ST_2 : Operation 34 [1/1] (0.00ns)   --->   "%br_ln307 = br i1 %icmp_ln307, void %if.else, void %if.then12" [firmware/nnet_utils/nnet_conv_stream.h:307]   --->   Operation 34 'br' 'br_ln307' <Predicate = (icmp_ln303)> <Delay = 0.00>
ST_2 : Operation 35 [1/1] (0.42ns)   --->   "%store_ln311 = store i32 %add_ln307, i32 %pY_1" [firmware/nnet_utils/nnet_conv_stream.h:311]   --->   Operation 35 'store' 'store_ln311' <Predicate = (icmp_ln303 & !icmp_ln307)> <Delay = 0.42>
ST_2 : Operation 36 [1/1] (0.00ns) (grouped into LUT with out node add_ln313)   --->   "%select_ln313 = select i1 %icmp_ln284, i32 4294967294, i32 1" [firmware/nnet_utils/nnet_conv_stream.h:313]   --->   Operation 36 'select' 'select_ln313' <Predicate = (icmp_ln303 & !icmp_ln307)> <Delay = 0.00> <CoreInst = "Sel">   --->   Core 73 'Sel' <Latency = 0> <II = 1> <Delay = 0.35> <FuncUnit> <Opcode : 'select'> <InPorts = 3> <OutPorts = 1>
ST_2 : Operation 37 [1/1] (1.01ns) (out node of the LUT)   --->   "%add_ln313 = add i32 %sY_1_load, i32 %select_ln313" [firmware/nnet_utils/nnet_conv_stream.h:313]   --->   Operation 37 'add' 'add_ln313' <Predicate = (icmp_ln303 & !icmp_ln307)> <Delay = 1.01> <CoreInst = "Adder">   --->   Core 1 'Adder' <Latency = 0> <II = 1> <Delay = 1.01> <FuncUnit> <Opcode : 'add' 'sub'> <InPorts = 2> <OutPorts = 1>
ST_2 : Operation 38 [1/1] (0.42ns)   --->   "%br_ln0 = br void %if.end19"   --->   Operation 38 'br' 'br_ln0' <Predicate = (icmp_ln303 & !icmp_ln307)> <Delay = 0.42>
ST_2 : Operation 39 [1/1] (0.42ns)   --->   "%store_ln308 = store i32 0, i32 %pY_1" [firmware/nnet_utils/nnet_conv_stream.h:308]   --->   Operation 39 'store' 'store_ln308' <Predicate = (icmp_ln303 & icmp_ln307)> <Delay = 0.42>
ST_2 : Operation 40 [1/1] (0.42ns)   --->   "%br_ln310 = br void %if.end19" [firmware/nnet_utils/nnet_conv_stream.h:310]   --->   Operation 40 'br' 'br_ln310' <Predicate = (icmp_ln303 & icmp_ln307)> <Delay = 0.42>

State 3 <SV = 2> <Delay = 1.72>
ST_3 : Operation 41 [1/1] (0.00ns)   --->   "%p_0 = bitconcatenate i63 @_ssdm_op_BitConcatenate.i63.i9.i9.i9.i9.i9.i9.i9, i9 %res_out_6, i9 %res_out_5, i9 %res_out_4, i9 %res_out_3, i9 %res_out_2, i9 %res_out_1, i9 %res_out" [firmware/nnet_utils/nnet_conv_stream.h:299]   --->   Operation 41 'bitconcatenate' 'p_0' <Predicate = (and_ln284_1)> <Delay = 0.00>
ST_3 : Operation 42 [1/1] (1.72ns)   --->   "%write_ln299 = write void @_ssdm_op_Write.ap_fifo.volatile.i63P0A, i63 %layer3_out, i63 %p_0" [firmware/nnet_utils/nnet_conv_stream.h:299]   --->   Operation 42 'write' 'write_ln299' <Predicate = (and_ln284_1)> <Delay = 1.72> <CoreInst = "FIFO">   --->   Core 78 'FIFO' <Latency = 0> <II = 1> <Delay = 1.72> <Storage> <Opcode : 'read' 'write' 'nbread' 'nbwrite'> <Ports = 0> <Width = 63> <Depth = 336> <FIFO>
ST_3 : Operation 43 [1/1] (0.00ns)   --->   "%br_ln300 = br void %if.end" [firmware/nnet_utils/nnet_conv_stream.h:300]   --->   Operation 43 'br' 'br_ln300' <Predicate = (and_ln284_1)> <Delay = 0.00>
ST_3 : Operation 44 [1/1] (0.00ns)   --->   "%storemerge = phi i32 %add_ln313, void %if.else, i32 0, void %if.then12" [firmware/nnet_utils/nnet_conv_stream.h:313]   --->   Operation 44 'phi' 'storemerge' <Predicate = (icmp_ln303)> <Delay = 0.00>
ST_3 : Operation 45 [1/1] (0.00ns)   --->   "%store_ln309 = store i32 %storemerge, i32 %sY_1" [firmware/nnet_utils/nnet_conv_stream.h:309]   --->   Operation 45 'store' 'store_ln309' <Predicate = (icmp_ln303)> <Delay = 0.00>
ST_3 : Operation 46 [1/1] (0.00ns)   --->   "%br_ln315 = br void %if.end31" [firmware/nnet_utils/nnet_conv_stream.h:315]   --->   Operation 46 'br' 'br_ln315' <Predicate = (icmp_ln303)> <Delay = 0.00>
ST_3 : Operation 47 [1/1] (0.00ns)   --->   "%ret_ln320 = ret" [firmware/nnet_utils/nnet_conv_stream.h:320]   --->   Operation 47 'ret' 'ret_ln320' <Predicate = true> <Delay = 0.00>


============================================================
+ Verbose Summary: Binding
============================================================
STG Binding: 
---------------- STG Properties BEGIN ----------------
- Is combinational: 0
- Is one-state seq: 0
- Is datapath-only: 0
- Is pipelined: 1
- Is top level: 0
Port [ Return ] is wired: 1; IO mode=ap_ctrl_hs:ce=0
Port [ in_elem_0_0_0_0_0_val]:  wired=1; compound=0; hidden=0; nouse=0; global=0; static=0; extern=0; dir=0; type=0; pingpong=0; private_global=0; IO mode=ap_none:ce=0
Port [ layer3_out]:  wired=1; compound=1; hidden=0; nouse=0; global=0; static=0; extern=0; dir=1; type=3; pingpong=0; private_global=0; IO mode=ap_fifo:ce=0
Port [ void_compute_output_buffer_2d_array_const_ap_shift_reg_n_chan_stream_weig_4]:  wired=0; compound=0; hidden=1; nouse=0; global=1; static=1; extern=0; dir=2; type=0; pingpong=0; private_global=1; IO mode=ap_ovld:ce=0
Port [ void_compute_output_buffer_2d_array_const_ap_shift_reg_n_chan_stream_weig_3]:  wired=0; compound=0; hidden=1; nouse=0; global=1; static=1; extern=0; dir=2; type=0; pingpong=0; private_global=1; IO mode=ap_ovld:ce=0
Port [ void_compute_output_buffer_2d_array_const_ap_shift_reg_n_chan_stream_weig_2]:  wired=0; compound=0; hidden=1; nouse=0; global=1; static=1; extern=0; dir=2; type=0; pingpong=0; private_global=1; IO mode=ap_ovld:ce=0
Port [ void_compute_output_buffer_2d_array_const_ap_shift_reg_n_chan_stream_weig_1]:  wired=0; compound=0; hidden=1; nouse=0; global=1; static=1; extern=0; dir=2; type=0; pingpong=0; private_global=1; IO mode=ap_ovld:ce=0
Port [ void_compute_output_buffer_2d_array_const_ap_shift_reg_n_chan_stream_weig]:  wired=0; compound=0; hidden=1; nouse=0; global=1; static=1; extern=0; dir=2; type=0; pingpong=0; private_global=1; IO mode=ap_ovld:ce=0
Port [ void_conv_2d_buffer_latency_cl_stream_stream_weight_t_bias_t_line_buffer_3]:  wired=0; compound=1; hidden=1; nouse=1; global=1; static=1; extern=0; dir=3; type=1; pingpong=0; private_global=0; MemPort=[2]; IO mode=ap_memory:ce=0
Port [ void_conv_2d_buffer_latency_cl_stream_stream_weight_t_bias_t_line_buffer_2]:  wired=0; compound=1; hidden=1; nouse=1; global=1; static=1; extern=0; dir=3; type=1; pingpong=0; private_global=0; MemPort=[2]; IO mode=ap_memory:ce=0
Port [ void_conv_2d_buffer_latency_cl_stream_stream_weight_t_bias_t_line_buffer_1]:  wired=0; compound=1; hidden=1; nouse=1; global=1; static=1; extern=0; dir=3; type=1; pingpong=0; private_global=0; MemPort=[2]; IO mode=ap_memory:ce=0
Port [ void_conv_2d_buffer_latency_cl_stream_stream_weight_t_bias_t_line_buffer]:  wired=0; compound=1; hidden=1; nouse=1; global=1; static=1; extern=0; dir=3; type=1; pingpong=0; private_global=0; MemPort=[2]; IO mode=ap_memory:ce=0
Port [ sY_1]:  wired=0; compound=0; hidden=1; nouse=0; global=1; static=1; extern=0; dir=2; type=0; pingpong=0; private_global=1; IO mode=ap_ovld:ce=0
Port [ pY_1]:  wired=0; compound=0; hidden=1; nouse=0; global=1; static=1; extern=0; dir=2; type=0; pingpong=0; private_global=1; IO mode=ap_ovld:ce=0
Port [ pX_1]:  wired=0; compound=0; hidden=1; nouse=0; global=1; static=1; extern=0; dir=2; type=0; pingpong=0; private_global=1; IO mode=ap_ovld:ce=0
---------------- STG Properties END ------------------

---------------- Datapath Model BEGIN ----------------

<LifeTime>
<method=bitvector/>
in_elem_0_0_0_0_0_val_read (read          ) [ 0000]
call_ln281                 (call          ) [ 0000]
specinterface_ln0          (specinterface ) [ 0000]
sY_1_load                  (load          ) [ 0000]
icmp_ln284                 (icmp          ) [ 0000]
pY_1_load                  (load          ) [ 0000]
tmp_1                      (partselect    ) [ 0000]
icmp_ln284_1               (icmp          ) [ 0000]
pX_1_load                  (load          ) [ 0000]
tmp_2                      (bitselect     ) [ 0000]
xor_ln284                  (xor           ) [ 0000]
and_ln284                  (and           ) [ 0000]
and_ln284_1                (and           ) [ 0111]
br_ln284                   (br            ) [ 0000]
tmp                        (call          ) [ 0000]
res_out                    (extractvalue  ) [ 0101]
res_out_1                  (extractvalue  ) [ 0101]
res_out_2                  (extractvalue  ) [ 0101]
res_out_3                  (extractvalue  ) [ 0101]
res_out_4                  (extractvalue  ) [ 0101]
res_out_5                  (extractvalue  ) [ 0101]
res_out_6                  (extractvalue  ) [ 0101]
add_ln303                  (add           ) [ 0000]
icmp_ln303                 (icmp          ) [ 0111]
br_ln303                   (br            ) [ 0000]
store_ln316                (store         ) [ 0000]
br_ln0                     (br            ) [ 0000]
store_ln305                (store         ) [ 0000]
add_ln307                  (add           ) [ 0000]
icmp_ln307                 (icmp          ) [ 0010]
br_ln307                   (br            ) [ 0000]
store_ln311                (store         ) [ 0000]
select_ln313               (select        ) [ 0000]
add_ln313                  (add           ) [ 0111]
br_ln0                     (br            ) [ 0111]
store_ln308                (store         ) [ 0000]
br_ln310                   (br            ) [ 0111]
p_0                        (bitconcatenate) [ 0000]
write_ln299                (write         ) [ 0000]
br_ln300                   (br            ) [ 0000]
storemerge                 (phi           ) [ 0101]
store_ln309                (store         ) [ 0000]
br_ln315                   (br            ) [ 0000]
ret_ln320                  (ret           ) [ 0000]
</LifeTime>

<model>

<comp_list>
<comp id="0" class="1000" name="in_elem_0_0_0_0_0_val">
<pin_list>
<pin id="1" dir="1" index="0" bw="1" slack="0"/>
</pin_list>
<bind>
<StgValue><ssdm name="in_elem_0_0_0_0_0_val"/></StgValue>
</bind>
</comp>

<comp id="2" class="1000" name="layer3_out">
<pin_list>
<pin id="3" dir="1" index="0" bw="1" slack="0"/>
</pin_list>
<bind>
<StgValue><ssdm name="layer3_out"/></StgValue>
</bind>
</comp>

<comp id="4" class="1000" name="void_compute_output_buffer_2d_array_const_ap_shift_reg_n_chan_stream_weig_4">
<pin_list>
<pin id="5" dir="1" index="0" bw="1" slack="0"/>
</pin_list>
<bind>
<StgValue><ssdm name="void_compute_output_buffer_2d_array_const_ap_shift_reg_n_chan_stream_weig_4"/></StgValue>
</bind>
</comp>

<comp id="6" class="1000" name="void_compute_output_buffer_2d_array_const_ap_shift_reg_n_chan_stream_weig_3">
<pin_list>
<pin id="7" dir="1" index="0" bw="1" slack="0"/>
</pin_list>
<bind>
<StgValue><ssdm name="void_compute_output_buffer_2d_array_const_ap_shift_reg_n_chan_stream_weig_3"/></StgValue>
</bind>
</comp>

<comp id="8" class="1000" name="void_compute_output_buffer_2d_array_const_ap_shift_reg_n_chan_stream_weig_2">
<pin_list>
<pin id="9" dir="1" index="0" bw="1" slack="0"/>
</pin_list>
<bind>
<StgValue><ssdm name="void_compute_output_buffer_2d_array_const_ap_shift_reg_n_chan_stream_weig_2"/></StgValue>
</bind>
</comp>

<comp id="10" class="1000" name="void_compute_output_buffer_2d_array_const_ap_shift_reg_n_chan_stream_weig_1">
<pin_list>
<pin id="11" dir="1" index="0" bw="1" slack="0"/>
</pin_list>
<bind>
<StgValue><ssdm name="void_compute_output_buffer_2d_array_const_ap_shift_reg_n_chan_stream_weig_1"/></StgValue>
</bind>
</comp>

<comp id="12" class="1000" name="void_compute_output_buffer_2d_array_const_ap_shift_reg_n_chan_stream_weig">
<pin_list>
<pin id="13" dir="1" index="0" bw="1" slack="0"/>
</pin_list>
<bind>
<StgValue><ssdm name="void_compute_output_buffer_2d_array_const_ap_shift_reg_n_chan_stream_weig"/></StgValue>
</bind>
</comp>

<comp id="14" class="1000" name="void_conv_2d_buffer_latency_cl_stream_stream_weight_t_bias_t_line_buffer_3">
<pin_list>
<pin id="15" dir="1" index="0" bw="1" slack="0"/>
</pin_list>
<bind>
<StgValue><ssdm name="void_conv_2d_buffer_latency_cl_stream_stream_weight_t_bias_t_line_buffer_3"/><MemPortTyVec>2 </MemPortTyVec>
</StgValue>
</bind>
</comp>

<comp id="16" class="1000" name="void_conv_2d_buffer_latency_cl_stream_stream_weight_t_bias_t_line_buffer_2">
<pin_list>
<pin id="17" dir="1" index="0" bw="1" slack="0"/>
</pin_list>
<bind>
<StgValue><ssdm name="void_conv_2d_buffer_latency_cl_stream_stream_weight_t_bias_t_line_buffer_2"/><MemPortTyVec>2 </MemPortTyVec>
</StgValue>
</bind>
</comp>

<comp id="18" class="1000" name="void_conv_2d_buffer_latency_cl_stream_stream_weight_t_bias_t_line_buffer_1">
<pin_list>
<pin id="19" dir="1" index="0" bw="1" slack="0"/>
</pin_list>
<bind>
<StgValue><ssdm name="void_conv_2d_buffer_latency_cl_stream_stream_weight_t_bias_t_line_buffer_1"/><MemPortTyVec>2 </MemPortTyVec>
</StgValue>
</bind>
</comp>

<comp id="20" class="1000" name="void_conv_2d_buffer_latency_cl_stream_stream_weight_t_bias_t_line_buffer">
<pin_list>
<pin id="21" dir="1" index="0" bw="1" slack="0"/>
</pin_list>
<bind>
<StgValue><ssdm name="void_conv_2d_buffer_latency_cl_stream_stream_weight_t_bias_t_line_buffer"/><MemPortTyVec>2 </MemPortTyVec>
</StgValue>
</bind>
</comp>

<comp id="22" class="1000" name="sY_1">
<pin_list>
<pin id="23" dir="1" index="0" bw="1" slack="0"/>
</pin_list>
<bind>
<StgValue><ssdm name="sY_1"/></StgValue>
</bind>
</comp>

<comp id="24" class="1000" name="pY_1">
<pin_list>
<pin id="25" dir="1" index="0" bw="1" slack="0"/>
</pin_list>
<bind>
<StgValue><ssdm name="pY_1"/></StgValue>
</bind>
</comp>

<comp id="26" class="1000" name="pX_1">
<pin_list>
<pin id="27" dir="1" index="0" bw="1" slack="0"/>
</pin_list>
<bind>
<StgValue><ssdm name="pX_1"/></StgValue>
</bind>
</comp>

<comp id="28" class="1001" name="const_28">
<pin_list>
<pin id="29" dir="1" index="0" bw="1" slack="0"/>
</pin_list>
<bind>
<StgValue><ssdm name="_ssdm_op_Read.ap_auto.i12"/></StgValue>
</bind>
</comp>

<comp id="30" class="1001" name="const_30">
<pin_list>
<pin id="31" dir="1" index="0" bw="1" slack="0"/>
</pin_list>
<bind>
<StgValue><ssdm name="shift_line_buffer<array<ap_fixed<12, 6, 5, 3, 0>, 1u>, config3>"/></StgValue>
</bind>
</comp>

<comp id="32" class="1001" name="const_32">
<pin_list>
<pin id="33" dir="1" index="0" bw="1" slack="2147483647"/>
</pin_list>
<bind>
<StgValue><ssdm name="_ssdm_op_SpecInterface"/></StgValue>
</bind>
</comp>

<comp id="34" class="1001" name="const_34">
<pin_list>
<pin id="35" dir="1" index="0" bw="1" slack="2147483647"/>
</pin_list>
<bind>
<StgValue><ssdm name="empty"/></StgValue>
</bind>
</comp>

<comp id="36" class="1001" name="const_36">
<pin_list>
<pin id="37" dir="1" index="0" bw="1" slack="0"/>
</pin_list>
<bind>
<StgValue><ssdm name=""/></StgValue>
</bind>
</comp>

<comp id="38" class="1001" name="const_38">
<pin_list>
<pin id="39" dir="1" index="0" bw="1" slack="2147483647"/>
</pin_list>
<bind>
<StgValue><ssdm name="empty_5"/></StgValue>
</bind>
</comp>

<comp id="40" class="1001" name="const_40">
<pin_list>
<pin id="41" dir="1" index="0" bw="1" slack="2147483647"/>
</pin_list>
<bind>
<StgValue><ssdm name=""/></StgValue>
</bind>
</comp>

<comp id="42" class="1001" name="const_42">
<pin_list>
<pin id="43" dir="1" index="0" bw="1" slack="0"/>
</pin_list>
<bind>
<StgValue><ssdm name=""/></StgValue>
</bind>
</comp>

<comp id="44" class="1001" name="const_44">
<pin_list>
<pin id="45" dir="1" index="0" bw="1" slack="0"/>
</pin_list>
<bind>
<StgValue><ssdm name="_ssdm_op_PartSelect.i30.i32.i32.i32"/></StgValue>
</bind>
</comp>

<comp id="46" class="1001" name="const_46">
<pin_list>
<pin id="47" dir="1" index="0" bw="1" slack="0"/>
</pin_list>
<bind>
<StgValue><ssdm name=""/></StgValue>
</bind>
</comp>

<comp id="48" class="1001" name="const_48">
<pin_list>
<pin id="49" dir="1" index="0" bw="1" slack="0"/>
</pin_list>
<bind>
<StgValue><ssdm name=""/></StgValue>
</bind>
</comp>

<comp id="50" class="1001" name="const_50">
<pin_list>
<pin id="51" dir="1" index="0" bw="1" slack="0"/>
</pin_list>
<bind>
<StgValue><ssdm name=""/></StgValue>
</bind>
</comp>

<comp id="52" class="1001" name="const_52">
<pin_list>
<pin id="53" dir="1" index="0" bw="1" slack="0"/>
</pin_list>
<bind>
<StgValue><ssdm name="_ssdm_op_BitSelect.i1.i32.i32"/></StgValue>
</bind>
</comp>

<comp id="54" class="1001" name="const_54">
<pin_list>
<pin id="55" dir="1" index="0" bw="1" slack="0"/>
</pin_list>
<bind>
<StgValue><ssdm name=""/></StgValue>
</bind>
</comp>

<comp id="56" class="1001" name="const_56">
<pin_list>
<pin id="57" dir="1" index="0" bw="1" slack="0"/>
</pin_list>
<bind>
<StgValue><ssdm name="dense_latency<ap_fixed<12, 6, 5, 3, 0>, ap_fixed<9, 5, 5, 3, 0>, config3_mult>"/></StgValue>
</bind>
</comp>

<comp id="58" class="1001" name="const_58">
<pin_list>
<pin id="59" dir="1" index="0" bw="1" slack="0"/>
</pin_list>
<bind>
<StgValue><ssdm name=""/></StgValue>
</bind>
</comp>

<comp id="60" class="1001" name="const_60">
<pin_list>
<pin id="61" dir="1" index="0" bw="1" slack="0"/>
</pin_list>
<bind>
<StgValue><ssdm name=""/></StgValue>
</bind>
</comp>

<comp id="62" class="1001" name="const_62">
<pin_list>
<pin id="63" dir="1" index="0" bw="1" slack="0"/>
</pin_list>
<bind>
<StgValue><ssdm name=""/></StgValue>
</bind>
</comp>

<comp id="64" class="1001" name="const_64">
<pin_list>
<pin id="65" dir="1" index="0" bw="1" slack="0"/>
</pin_list>
<bind>
<StgValue><ssdm name="_ssdm_op_BitConcatenate.i63.i9.i9.i9.i9.i9.i9.i9"/></StgValue>
</bind>
</comp>

<comp id="66" class="1001" name="const_66">
<pin_list>
<pin id="67" dir="1" index="0" bw="1" slack="0"/>
</pin_list>
<bind>
<StgValue><ssdm name="_ssdm_op_Write.ap_fifo.volatile.i63P0A"/></StgValue>
</bind>
</comp>

<comp id="68" class="1004" name="in_elem_0_0_0_0_0_val_read_read_fu_68">
<pin_list>
<pin id="69" dir="0" index="0" bw="12" slack="0"/>
<pin id="70" dir="0" index="1" bw="12" slack="0"/>
<pin id="71" dir="1" index="2" bw="12" slack="0"/>
</pin_list>
<bind>
<opcode="read(1150) " fcode="read"/>
<opset="in_elem_0_0_0_0_0_val_read/1 "/>
</bind>
</comp>

<comp id="74" class="1004" name="write_ln299_write_fu_74">
<pin_list>
<pin id="75" dir="0" index="0" bw="0" slack="0"/>
<pin id="76" dir="0" index="1" bw="63" slack="0"/>
<pin id="77" dir="0" index="2" bw="63" slack="0"/>
<pin id="78" dir="1" index="3" bw="0" slack="2147483647"/>
</pin_list>
<bind>
<opcode="write(1151) " fcode="write"/>
<opset="write_ln299/3 "/>
</bind>
</comp>

<comp id="81" class="1005" name="storemerge_reg_81">
<pin_list>
<pin id="82" dir="0" index="0" bw="32" slack="1"/>
<pin id="83" dir="1" index="1" bw="32" slack="1"/>
</pin_list>
<bind>
<opset="storemerge (phireg) "/>
</bind>
</comp>

<comp id="85" class="1004" name="storemerge_phi_fu_85">
<pin_list>
<pin id="86" dir="0" index="0" bw="32" slack="1"/>
<pin id="87" dir="0" index="1" bw="0" slack="2147483647"/>
<pin id="88" dir="0" index="2" bw="1" slack="1"/>
<pin id="89" dir="0" index="3" bw="0" slack="2147483647"/>
<pin id="90" dir="1" index="4" bw="32" slack="0"/>
</pin_list>
<bind>
<opcode="phi(47) " fcode="phi"/>
<opset="storemerge/3 "/>
</bind>
</comp>

<comp id="92" class="1004" name="call_ln281_shift_line_buffer_array_ap_fixed_12_6_5_3_0_1u_config3_s_fu_92">
<pin_list>
<pin id="93" dir="0" index="0" bw="0" slack="0"/>
<pin id="94" dir="0" index="1" bw="12" slack="0"/>
<pin id="95" dir="0" index="2" bw="12" slack="0"/>
<pin id="96" dir="0" index="3" bw="12" slack="0"/>
<pin id="97" dir="0" index="4" bw="12" slack="0"/>
<pin id="98" dir="0" index="5" bw="12" slack="0"/>
<pin id="99" dir="0" index="6" bw="12" slack="0"/>
<pin id="100" dir="0" index="7" bw="12" slack="0"/>
<pin id="101" dir="0" index="8" bw="12" slack="0"/>
<pin id="102" dir="0" index="9" bw="12" slack="0"/>
<pin id="103" dir="0" index="10" bw="12" slack="0"/>
<pin id="104" dir="1" index="11" bw="0" slack="2147483647"/>
</pin_list>
<bind>
<opcode="call(48) " fcode="call"/>
<opset="call_ln281/1 "/>
</bind>
</comp>

<comp id="116" class="1004" name="tmp_dense_latency_ap_fixed_12_6_5_3_0_ap_fixed_9_5_5_3_0_config3_mult_s_fu_116">
<pin_list>
<pin id="117" dir="0" index="0" bw="63" slack="0"/>
<pin id="118" dir="0" index="1" bw="12" slack="0"/>
<pin id="119" dir="0" index="2" bw="12" slack="0"/>
<pin id="120" dir="0" index="3" bw="12" slack="0"/>
<pin id="121" dir="0" index="4" bw="12" slack="0"/>
<pin id="122" dir="0" index="5" bw="12" slack="0"/>
<pin id="123" dir="1" index="6" bw="63" slack="0"/>
</pin_list>
<bind>
<opcode="call(48) " fcode="call"/>
<opset="tmp/2 "/>
</bind>
</comp>

<comp id="130" class="1004" name="sY_1_load_load_fu_130">
<pin_list>
<pin id="131" dir="0" index="0" bw="32" slack="0"/>
<pin id="132" dir="1" index="1" bw="32" slack="0"/>
</pin_list>
<bind>
<opcode="load(27) " fcode="load"/>
<opset="sY_1_load/2 "/>
</bind>
</comp>

<comp id="134" class="1004" name="icmp_ln284_fu_134">
<pin_list>
<pin id="135" dir="0" index="0" bw="32" slack="0"/>
<pin id="136" dir="0" index="1" bw="32" slack="0"/>
<pin id="137" dir="1" index="2" bw="1" slack="0"/>
</pin_list>
<bind>
<opcode="icmp(45) " fcode="icmp"/>
<opset="icmp_ln284/2 "/>
</bind>
</comp>

<comp id="140" class="1004" name="pY_1_load_load_fu_140">
<pin_list>
<pin id="141" dir="0" index="0" bw="32" slack="0"/>
<pin id="142" dir="1" index="1" bw="32" slack="0"/>
</pin_list>
<bind>
<opcode="load(27) " fcode="load"/>
<opset="pY_1_load/2 "/>
</bind>
</comp>

<comp id="144" class="1004" name="tmp_1_fu_144">
<pin_list>
<pin id="145" dir="0" index="0" bw="30" slack="0"/>
<pin id="146" dir="0" index="1" bw="32" slack="0"/>
<pin id="147" dir="0" index="2" bw="3" slack="0"/>
<pin id="148" dir="0" index="3" bw="6" slack="0"/>
<pin id="149" dir="1" index="4" bw="30" slack="0"/>
</pin_list>
<bind>
<opcode="partselect(1002) " fcode="partselect"/>
<opset="tmp_1/2 "/>
</bind>
</comp>

<comp id="154" class="1004" name="icmp_ln284_1_fu_154">
<pin_list>
<pin id="155" dir="0" index="0" bw="30" slack="0"/>
<pin id="156" dir="0" index="1" bw="30" slack="0"/>
<pin id="157" dir="1" index="2" bw="1" slack="0"/>
</pin_list>
<bind>
<opcode="icmp(45) " fcode="icmp"/>
<opset="icmp_ln284_1/2 "/>
</bind>
</comp>

<comp id="160" class="1004" name="pX_1_load_load_fu_160">
<pin_list>
<pin id="161" dir="0" index="0" bw="32" slack="0"/>
<pin id="162" dir="1" index="1" bw="32" slack="0"/>
</pin_list>
<bind>
<opcode="load(27) " fcode="load"/>
<opset="pX_1_load/2 "/>
</bind>
</comp>

<comp id="164" class="1004" name="tmp_2_fu_164">
<pin_list>
<pin id="165" dir="0" index="0" bw="1" slack="0"/>
<pin id="166" dir="0" index="1" bw="32" slack="0"/>
<pin id="167" dir="0" index="2" bw="6" slack="0"/>
<pin id="168" dir="1" index="3" bw="1" slack="0"/>
</pin_list>
<bind>
<opcode="bitselect(1000) " fcode="bitselect"/>
<opset="tmp_2/2 "/>
</bind>
</comp>

<comp id="172" class="1004" name="xor_ln284_fu_172">
<pin_list>
<pin id="173" dir="0" index="0" bw="1" slack="0"/>
<pin id="174" dir="0" index="1" bw="1" slack="0"/>
<pin id="175" dir="1" index="2" bw="1" slack="0"/>
</pin_list>
<bind>
<opcode="xor(25) " fcode="xor"/>
<opset="xor_ln284/2 "/>
</bind>
</comp>

<comp id="178" class="1004" name="and_ln284_fu_178">
<pin_list>
<pin id="179" dir="0" index="0" bw="1" slack="0"/>
<pin id="180" dir="0" index="1" bw="1" slack="0"/>
<pin id="181" dir="1" index="2" bw="1" slack="0"/>
</pin_list>
<bind>
<opcode="and(23) " fcode="and"/>
<opset="and_ln284/2 "/>
</bind>
</comp>

<comp id="184" class="1004" name="and_ln284_1_fu_184">
<pin_list>
<pin id="185" dir="0" index="0" bw="1" slack="0"/>
<pin id="186" dir="0" index="1" bw="1" slack="0"/>
<pin id="187" dir="1" index="2" bw="1" slack="1"/>
</pin_list>
<bind>
<opcode="and(23) " fcode="and"/>
<opset="and_ln284_1/2 "/>
</bind>
</comp>

<comp id="190" class="1004" name="res_out_fu_190">
<pin_list>
<pin id="191" dir="0" index="0" bw="63" slack="0"/>
<pin id="192" dir="1" index="1" bw="9" slack="1"/>
</pin_list>
<bind>
<opcode="extractvalue(56) " fcode="extractvalue"/>
<opset="res_out/2 "/>
</bind>
</comp>

<comp id="194" class="1004" name="res_out_1_fu_194">
<pin_list>
<pin id="195" dir="0" index="0" bw="63" slack="0"/>
<pin id="196" dir="1" index="1" bw="9" slack="1"/>
</pin_list>
<bind>
<opcode="extractvalue(56) " fcode="extractvalue"/>
<opset="res_out_1/2 "/>
</bind>
</comp>

<comp id="198" class="1004" name="res_out_2_fu_198">
<pin_list>
<pin id="199" dir="0" index="0" bw="63" slack="0"/>
<pin id="200" dir="1" index="1" bw="9" slack="1"/>
</pin_list>
<bind>
<opcode="extractvalue(56) " fcode="extractvalue"/>
<opset="res_out_2/2 "/>
</bind>
</comp>

<comp id="202" class="1004" name="res_out_3_fu_202">
<pin_list>
<pin id="203" dir="0" index="0" bw="63" slack="0"/>
<pin id="204" dir="1" index="1" bw="9" slack="1"/>
</pin_list>
<bind>
<opcode="extractvalue(56) " fcode="extractvalue"/>
<opset="res_out_3/2 "/>
</bind>
</comp>

<comp id="206" class="1004" name="res_out_4_fu_206">
<pin_list>
<pin id="207" dir="0" index="0" bw="63" slack="0"/>
<pin id="208" dir="1" index="1" bw="9" slack="1"/>
</pin_list>
<bind>
<opcode="extractvalue(56) " fcode="extractvalue"/>
<opset="res_out_4/2 "/>
</bind>
</comp>

<comp id="210" class="1004" name="res_out_5_fu_210">
<pin_list>
<pin id="211" dir="0" index="0" bw="63" slack="0"/>
<pin id="212" dir="1" index="1" bw="9" slack="1"/>
</pin_list>
<bind>
<opcode="extractvalue(56) " fcode="extractvalue"/>
<opset="res_out_5/2 "/>
</bind>
</comp>

<comp id="214" class="1004" name="res_out_6_fu_214">
<pin_list>
<pin id="215" dir="0" index="0" bw="63" slack="0"/>
<pin id="216" dir="1" index="1" bw="9" slack="1"/>
</pin_list>
<bind>
<opcode="extractvalue(56) " fcode="extractvalue"/>
<opset="res_out_6/2 "/>
</bind>
</comp>

<comp id="218" class="1004" name="add_ln303_fu_218">
<pin_list>
<pin id="219" dir="0" index="0" bw="32" slack="0"/>
<pin id="220" dir="0" index="1" bw="1" slack="0"/>
<pin id="221" dir="1" index="2" bw="32" slack="0"/>
</pin_list>
<bind>
<opcode="add(8) " fcode="add"/>
<opset="add_ln303/2 "/>
</bind>
</comp>

<comp id="224" class="1004" name="icmp_ln303_fu_224">
<pin_list>
<pin id="225" dir="0" index="0" bw="32" slack="0"/>
<pin id="226" dir="0" index="1" bw="32" slack="0"/>
<pin id="227" dir="1" index="2" bw="1" slack="1"/>
</pin_list>
<bind>
<opcode="icmp(45) " fcode="icmp"/>
<opset="icmp_ln303/2 "/>
</bind>
</comp>

<comp id="230" class="1004" name="store_ln316_store_fu_230">
<pin_list>
<pin id="231" dir="0" index="0" bw="32" slack="0"/>
<pin id="232" dir="0" index="1" bw="32" slack="0"/>
<pin id="233" dir="1" index="2" bw="0" slack="2147483647"/>
</pin_list>
<bind>
<opcode="store(28) " fcode="store"/>
<opset="store_ln316/2 "/>
</bind>
</comp>

<comp id="236" class="1004" name="store_ln305_store_fu_236">
<pin_list>
<pin id="237" dir="0" index="0" bw="1" slack="0"/>
<pin id="238" dir="0" index="1" bw="32" slack="0"/>
<pin id="239" dir="1" index="2" bw="0" slack="2147483647"/>
</pin_list>
<bind>
<opcode="store(28) " fcode="store"/>
<opset="store_ln305/2 "/>
</bind>
</comp>

<comp id="242" class="1004" name="add_ln307_fu_242">
<pin_list>
<pin id="243" dir="0" index="0" bw="32" slack="0"/>
<pin id="244" dir="0" index="1" bw="1" slack="0"/>
<pin id="245" dir="1" index="2" bw="32" slack="0"/>
</pin_list>
<bind>
<opcode="add(8) " fcode="add"/>
<opset="add_ln307/2 "/>
</bind>
</comp>

<comp id="248" class="1004" name="icmp_ln307_fu_248">
<pin_list>
<pin id="249" dir="0" index="0" bw="32" slack="0"/>
<pin id="250" dir="0" index="1" bw="32" slack="0"/>
<pin id="251" dir="1" index="2" bw="1" slack="2147483647"/>
</pin_list>
<bind>
<opcode="icmp(45) " fcode="icmp"/>
<opset="icmp_ln307/2 "/>
</bind>
</comp>

<comp id="254" class="1004" name="store_ln311_store_fu_254">
<pin_list>
<pin id="255" dir="0" index="0" bw="32" slack="0"/>
<pin id="256" dir="0" index="1" bw="32" slack="0"/>
<pin id="257" dir="1" index="2" bw="0" slack="2147483647"/>
</pin_list>
<bind>
<opcode="store(28) " fcode="store"/>
<opset="store_ln311/2 "/>
</bind>
</comp>

<comp id="260" class="1004" name="select_ln313_fu_260">
<pin_list>
<pin id="261" dir="0" index="0" bw="1" slack="0"/>
<pin id="262" dir="0" index="1" bw="32" slack="0"/>
<pin id="263" dir="0" index="2" bw="32" slack="0"/>
<pin id="264" dir="1" index="3" bw="32" slack="0"/>
</pin_list>
<bind>
<opcode="select(49) " fcode="select"/>
<opset="select_ln313/2 "/>
</bind>
</comp>

<comp id="268" class="1004" name="add_ln313_fu_268">
<pin_list>
<pin id="269" dir="0" index="0" bw="32" slack="0"/>
<pin id="270" dir="0" index="1" bw="2" slack="0"/>
<pin id="271" dir="1" index="2" bw="32" slack="1"/>
</pin_list>
<bind>
<opcode="add(8) " fcode="add"/>
<opset="add_ln313/2 "/>
</bind>
</comp>

<comp id="274" class="1004" name="store_ln308_store_fu_274">
<pin_list>
<pin id="275" dir="0" index="0" bw="1" slack="0"/>
<pin id="276" dir="0" index="1" bw="32" slack="0"/>
<pin id="277" dir="1" index="2" bw="0" slack="2147483647"/>
</pin_list>
<bind>
<opcode="store(28) " fcode="store"/>
<opset="store_ln308/2 "/>
</bind>
</comp>

<comp id="280" class="1004" name="p_0_fu_280">
<pin_list>
<pin id="281" dir="0" index="0" bw="63" slack="0"/>
<pin id="282" dir="0" index="1" bw="9" slack="1"/>
<pin id="283" dir="0" index="2" bw="9" slack="1"/>
<pin id="284" dir="0" index="3" bw="9" slack="1"/>
<pin id="285" dir="0" index="4" bw="9" slack="1"/>
<pin id="286" dir="0" index="5" bw="9" slack="1"/>
<pin id="287" dir="0" index="6" bw="9" slack="1"/>
<pin id="288" dir="0" index="7" bw="9" slack="1"/>
<pin id="289" dir="1" index="8" bw="63" slack="0"/>
</pin_list>
<bind>
<opcode="bitconcatenate(1004) " fcode="bitconcatenate"/>
<opset="p_0/3 "/>
</bind>
</comp>

<comp id="292" class="1004" name="store_ln309_store_fu_292">
<pin_list>
<pin id="293" dir="0" index="0" bw="32" slack="0"/>
<pin id="294" dir="0" index="1" bw="32" slack="0"/>
<pin id="295" dir="1" index="2" bw="0" slack="2147483647"/>
</pin_list>
<bind>
<opcode="store(28) " fcode="store"/>
<opset="store_ln309/3 "/>
</bind>
</comp>

<comp id="298" class="1005" name="and_ln284_1_reg_298">
<pin_list>
<pin id="299" dir="0" index="0" bw="1" slack="1"/>
<pin id="300" dir="1" index="1" bw="1" slack="2147483647"/>
</pin_list>
<bind>
<opset="and_ln284_1 "/>
</bind>
</comp>

<comp id="302" class="1005" name="res_out_reg_302">
<pin_list>
<pin id="303" dir="0" index="0" bw="9" slack="1"/>
<pin id="304" dir="1" index="1" bw="9" slack="1"/>
</pin_list>
<bind>
<opset="res_out "/>
</bind>
</comp>

<comp id="307" class="1005" name="res_out_1_reg_307">
<pin_list>
<pin id="308" dir="0" index="0" bw="9" slack="1"/>
<pin id="309" dir="1" index="1" bw="9" slack="1"/>
</pin_list>
<bind>
<opset="res_out_1 "/>
</bind>
</comp>

<comp id="312" class="1005" name="res_out_2_reg_312">
<pin_list>
<pin id="313" dir="0" index="0" bw="9" slack="1"/>
<pin id="314" dir="1" index="1" bw="9" slack="1"/>
</pin_list>
<bind>
<opset="res_out_2 "/>
</bind>
</comp>

<comp id="317" class="1005" name="res_out_3_reg_317">
<pin_list>
<pin id="318" dir="0" index="0" bw="9" slack="1"/>
<pin id="319" dir="1" index="1" bw="9" slack="1"/>
</pin_list>
<bind>
<opset="res_out_3 "/>
</bind>
</comp>

<comp id="322" class="1005" name="res_out_4_reg_322">
<pin_list>
<pin id="323" dir="0" index="0" bw="9" slack="1"/>
<pin id="324" dir="1" index="1" bw="9" slack="1"/>
</pin_list>
<bind>
<opset="res_out_4 "/>
</bind>
</comp>

<comp id="327" class="1005" name="res_out_5_reg_327">
<pin_list>
<pin id="328" dir="0" index="0" bw="9" slack="1"/>
<pin id="329" dir="1" index="1" bw="9" slack="1"/>
</pin_list>
<bind>
<opset="res_out_5 "/>
</bind>
</comp>

<comp id="332" class="1005" name="res_out_6_reg_332">
<pin_list>
<pin id="333" dir="0" index="0" bw="9" slack="1"/>
<pin id="334" dir="1" index="1" bw="9" slack="1"/>
</pin_list>
<bind>
<opset="res_out_6 "/>
</bind>
</comp>

<comp id="337" class="1005" name="icmp_ln303_reg_337">
<pin_list>
<pin id="338" dir="0" index="0" bw="1" slack="1"/>
<pin id="339" dir="1" index="1" bw="1" slack="2147483647"/>
</pin_list>
<bind>
<opset="icmp_ln303 "/>
</bind>
</comp>

<comp id="344" class="1005" name="add_ln313_reg_344">
<pin_list>
<pin id="345" dir="0" index="0" bw="32" slack="1"/>
<pin id="346" dir="1" index="1" bw="32" slack="1"/>
</pin_list>
<bind>
<opset="add_ln313 "/>
</bind>
</comp>

</comp_list>

<net_list>
<net id="72"><net_src comp="28" pin="0"/><net_sink comp="68" pin=0"/></net>

<net id="73"><net_src comp="0" pin="0"/><net_sink comp="68" pin=1"/></net>

<net id="79"><net_src comp="66" pin="0"/><net_sink comp="74" pin=0"/></net>

<net id="80"><net_src comp="2" pin="0"/><net_sink comp="74" pin=1"/></net>

<net id="84"><net_src comp="36" pin="0"/><net_sink comp="81" pin=0"/></net>

<net id="91"><net_src comp="81" pin="1"/><net_sink comp="85" pin=2"/></net>

<net id="105"><net_src comp="30" pin="0"/><net_sink comp="92" pin=0"/></net>

<net id="106"><net_src comp="68" pin="2"/><net_sink comp="92" pin=1"/></net>

<net id="107"><net_src comp="4" pin="0"/><net_sink comp="92" pin=2"/></net>

<net id="108"><net_src comp="6" pin="0"/><net_sink comp="92" pin=3"/></net>

<net id="109"><net_src comp="8" pin="0"/><net_sink comp="92" pin=4"/></net>

<net id="110"><net_src comp="10" pin="0"/><net_sink comp="92" pin=5"/></net>

<net id="111"><net_src comp="12" pin="0"/><net_sink comp="92" pin=6"/></net>

<net id="112"><net_src comp="14" pin="0"/><net_sink comp="92" pin=7"/></net>

<net id="113"><net_src comp="16" pin="0"/><net_sink comp="92" pin=8"/></net>

<net id="114"><net_src comp="18" pin="0"/><net_sink comp="92" pin=9"/></net>

<net id="115"><net_src comp="20" pin="0"/><net_sink comp="92" pin=10"/></net>

<net id="124"><net_src comp="56" pin="0"/><net_sink comp="116" pin=0"/></net>

<net id="125"><net_src comp="4" pin="0"/><net_sink comp="116" pin=1"/></net>

<net id="126"><net_src comp="6" pin="0"/><net_sink comp="116" pin=2"/></net>

<net id="127"><net_src comp="8" pin="0"/><net_sink comp="116" pin=3"/></net>

<net id="128"><net_src comp="10" pin="0"/><net_sink comp="116" pin=4"/></net>

<net id="129"><net_src comp="12" pin="0"/><net_sink comp="116" pin=5"/></net>

<net id="133"><net_src comp="22" pin="0"/><net_sink comp="130" pin=0"/></net>

<net id="138"><net_src comp="130" pin="1"/><net_sink comp="134" pin=0"/></net>

<net id="139"><net_src comp="42" pin="0"/><net_sink comp="134" pin=1"/></net>

<net id="143"><net_src comp="24" pin="0"/><net_sink comp="140" pin=0"/></net>

<net id="150"><net_src comp="44" pin="0"/><net_sink comp="144" pin=0"/></net>

<net id="151"><net_src comp="140" pin="1"/><net_sink comp="144" pin=1"/></net>

<net id="152"><net_src comp="46" pin="0"/><net_sink comp="144" pin=2"/></net>

<net id="153"><net_src comp="48" pin="0"/><net_sink comp="144" pin=3"/></net>

<net id="158"><net_src comp="144" pin="4"/><net_sink comp="154" pin=0"/></net>

<net id="159"><net_src comp="50" pin="0"/><net_sink comp="154" pin=1"/></net>

<net id="163"><net_src comp="26" pin="0"/><net_sink comp="160" pin=0"/></net>

<net id="169"><net_src comp="52" pin="0"/><net_sink comp="164" pin=0"/></net>

<net id="170"><net_src comp="160" pin="1"/><net_sink comp="164" pin=1"/></net>

<net id="171"><net_src comp="48" pin="0"/><net_sink comp="164" pin=2"/></net>

<net id="176"><net_src comp="164" pin="3"/><net_sink comp="172" pin=0"/></net>

<net id="177"><net_src comp="54" pin="0"/><net_sink comp="172" pin=1"/></net>

<net id="182"><net_src comp="154" pin="2"/><net_sink comp="178" pin=0"/></net>

<net id="183"><net_src comp="172" pin="2"/><net_sink comp="178" pin=1"/></net>

<net id="188"><net_src comp="178" pin="2"/><net_sink comp="184" pin=0"/></net>

<net id="189"><net_src comp="134" pin="2"/><net_sink comp="184" pin=1"/></net>

<net id="193"><net_src comp="116" pin="6"/><net_sink comp="190" pin=0"/></net>

<net id="197"><net_src comp="116" pin="6"/><net_sink comp="194" pin=0"/></net>

<net id="201"><net_src comp="116" pin="6"/><net_sink comp="198" pin=0"/></net>

<net id="205"><net_src comp="116" pin="6"/><net_sink comp="202" pin=0"/></net>

<net id="209"><net_src comp="116" pin="6"/><net_sink comp="206" pin=0"/></net>

<net id="213"><net_src comp="116" pin="6"/><net_sink comp="210" pin=0"/></net>

<net id="217"><net_src comp="116" pin="6"/><net_sink comp="214" pin=0"/></net>

<net id="222"><net_src comp="160" pin="1"/><net_sink comp="218" pin=0"/></net>

<net id="223"><net_src comp="58" pin="0"/><net_sink comp="218" pin=1"/></net>

<net id="228"><net_src comp="218" pin="2"/><net_sink comp="224" pin=0"/></net>

<net id="229"><net_src comp="42" pin="0"/><net_sink comp="224" pin=1"/></net>

<net id="234"><net_src comp="218" pin="2"/><net_sink comp="230" pin=0"/></net>

<net id="235"><net_src comp="26" pin="0"/><net_sink comp="230" pin=1"/></net>

<net id="240"><net_src comp="36" pin="0"/><net_sink comp="236" pin=0"/></net>

<net id="241"><net_src comp="26" pin="0"/><net_sink comp="236" pin=1"/></net>

<net id="246"><net_src comp="140" pin="1"/><net_sink comp="242" pin=0"/></net>

<net id="247"><net_src comp="58" pin="0"/><net_sink comp="242" pin=1"/></net>

<net id="252"><net_src comp="242" pin="2"/><net_sink comp="248" pin=0"/></net>

<net id="253"><net_src comp="60" pin="0"/><net_sink comp="248" pin=1"/></net>

<net id="258"><net_src comp="242" pin="2"/><net_sink comp="254" pin=0"/></net>

<net id="259"><net_src comp="24" pin="0"/><net_sink comp="254" pin=1"/></net>

<net id="265"><net_src comp="134" pin="2"/><net_sink comp="260" pin=0"/></net>

<net id="266"><net_src comp="62" pin="0"/><net_sink comp="260" pin=1"/></net>

<net id="267"><net_src comp="58" pin="0"/><net_sink comp="260" pin=2"/></net>

<net id="272"><net_src comp="130" pin="1"/><net_sink comp="268" pin=0"/></net>

<net id="273"><net_src comp="260" pin="3"/><net_sink comp="268" pin=1"/></net>

<net id="278"><net_src comp="36" pin="0"/><net_sink comp="274" pin=0"/></net>

<net id="279"><net_src comp="24" pin="0"/><net_sink comp="274" pin=1"/></net>

<net id="290"><net_src comp="64" pin="0"/><net_sink comp="280" pin=0"/></net>

<net id="291"><net_src comp="280" pin="8"/><net_sink comp="74" pin=2"/></net>

<net id="296"><net_src comp="85" pin="4"/><net_sink comp="292" pin=0"/></net>

<net id="297"><net_src comp="22" pin="0"/><net_sink comp="292" pin=1"/></net>

<net id="301"><net_src comp="184" pin="2"/><net_sink comp="298" pin=0"/></net>

<net id="305"><net_src comp="190" pin="1"/><net_sink comp="302" pin=0"/></net>

<net id="306"><net_src comp="302" pin="1"/><net_sink comp="280" pin=7"/></net>

<net id="310"><net_src comp="194" pin="1"/><net_sink comp="307" pin=0"/></net>

<net id="311"><net_src comp="307" pin="1"/><net_sink comp="280" pin=6"/></net>

<net id="315"><net_src comp="198" pin="1"/><net_sink comp="312" pin=0"/></net>

<net id="316"><net_src comp="312" pin="1"/><net_sink comp="280" pin=5"/></net>

<net id="320"><net_src comp="202" pin="1"/><net_sink comp="317" pin=0"/></net>

<net id="321"><net_src comp="317" pin="1"/><net_sink comp="280" pin=4"/></net>

<net id="325"><net_src comp="206" pin="1"/><net_sink comp="322" pin=0"/></net>

<net id="326"><net_src comp="322" pin="1"/><net_sink comp="280" pin=3"/></net>

<net id="330"><net_src comp="210" pin="1"/><net_sink comp="327" pin=0"/></net>

<net id="331"><net_src comp="327" pin="1"/><net_sink comp="280" pin=2"/></net>

<net id="335"><net_src comp="214" pin="1"/><net_sink comp="332" pin=0"/></net>

<net id="336"><net_src comp="332" pin="1"/><net_sink comp="280" pin=1"/></net>

<net id="340"><net_src comp="224" pin="2"/><net_sink comp="337" pin=0"/></net>

<net id="347"><net_src comp="268" pin="2"/><net_sink comp="344" pin=0"/></net>

<net id="348"><net_src comp="344" pin="1"/><net_sink comp="85" pin=0"/></net>

</net_list>

</model> 
---------------- Datapath Model END ------------------

* FSMD analyzer results:
  - Output states:
	Port: in_elem_0_0_0_0_0_val | {}
	Port: layer3_out | {3 }
	Port: void_compute_output_buffer_2d_array_const_ap_shift_reg_n_chan_stream_weig_4 | {1 }
	Port: void_compute_output_buffer_2d_array_const_ap_shift_reg_n_chan_stream_weig_3 | {1 }
	Port: void_compute_output_buffer_2d_array_const_ap_shift_reg_n_chan_stream_weig_2 | {1 }
	Port: void_compute_output_buffer_2d_array_const_ap_shift_reg_n_chan_stream_weig_1 | {1 }
	Port: void_compute_output_buffer_2d_array_const_ap_shift_reg_n_chan_stream_weig | {1 }
	Port: void_conv_2d_buffer_latency_cl_stream_stream_weight_t_bias_t_line_buffer_3 | {1 }
	Port: void_conv_2d_buffer_latency_cl_stream_stream_weight_t_bias_t_line_buffer_2 | {1 }
	Port: void_conv_2d_buffer_latency_cl_stream_stream_weight_t_bias_t_line_buffer_1 | {1 }
	Port: void_conv_2d_buffer_latency_cl_stream_stream_weight_t_bias_t_line_buffer | {1 }
	Port: sY_1 | {3 }
	Port: pY_1 | {2 }
	Port: pX_1 | {2 }
 - Input state : 
	Port: compute_output_buffer_2d<array,array<ap_fixed<9,5,5,3,0>,7u>,config3> : in_elem_0_0_0_0_0_val | {1 }
	Port: compute_output_buffer_2d<array,array<ap_fixed<9,5,5,3,0>,7u>,config3> : layer3_out | {}
	Port: compute_output_buffer_2d<array,array<ap_fixed<9,5,5,3,0>,7u>,config3> : void_compute_output_buffer_2d_array_const_ap_shift_reg_n_chan_stream_weig_4 | {2 }
	Port: compute_output_buffer_2d<array,array<ap_fixed<9,5,5,3,0>,7u>,config3> : void_compute_output_buffer_2d_array_const_ap_shift_reg_n_chan_stream_weig_3 | {2 }
	Port: compute_output_buffer_2d<array,array<ap_fixed<9,5,5,3,0>,7u>,config3> : void_compute_output_buffer_2d_array_const_ap_shift_reg_n_chan_stream_weig_2 | {2 }
	Port: compute_output_buffer_2d<array,array<ap_fixed<9,5,5,3,0>,7u>,config3> : void_compute_output_buffer_2d_array_const_ap_shift_reg_n_chan_stream_weig_1 | {2 }
	Port: compute_output_buffer_2d<array,array<ap_fixed<9,5,5,3,0>,7u>,config3> : void_compute_output_buffer_2d_array_const_ap_shift_reg_n_chan_stream_weig | {2 }
	Port: compute_output_buffer_2d<array,array<ap_fixed<9,5,5,3,0>,7u>,config3> : void_conv_2d_buffer_latency_cl_stream_stream_weight_t_bias_t_line_buffer_3 | {1 }
	Port: compute_output_buffer_2d<array,array<ap_fixed<9,5,5,3,0>,7u>,config3> : void_conv_2d_buffer_latency_cl_stream_stream_weight_t_bias_t_line_buffer_2 | {1 }
	Port: compute_output_buffer_2d<array,array<ap_fixed<9,5,5,3,0>,7u>,config3> : void_conv_2d_buffer_latency_cl_stream_stream_weight_t_bias_t_line_buffer_1 | {1 }
	Port: compute_output_buffer_2d<array,array<ap_fixed<9,5,5,3,0>,7u>,config3> : void_conv_2d_buffer_latency_cl_stream_stream_weight_t_bias_t_line_buffer | {1 }
	Port: compute_output_buffer_2d<array,array<ap_fixed<9,5,5,3,0>,7u>,config3> : sY_1 | {2 }
	Port: compute_output_buffer_2d<array,array<ap_fixed<9,5,5,3,0>,7u>,config3> : pY_1 | {2 }
	Port: compute_output_buffer_2d<array,array<ap_fixed<9,5,5,3,0>,7u>,config3> : pX_1 | {2 }
  - Chain level:
	State 1
	State 2
		icmp_ln284 : 1
		tmp_1 : 1
		icmp_ln284_1 : 2
		tmp_2 : 1
		xor_ln284 : 2
		and_ln284 : 2
		and_ln284_1 : 2
		br_ln284 : 2
		res_out : 1
		res_out_1 : 1
		res_out_2 : 1
		res_out_3 : 1
		res_out_4 : 1
		res_out_5 : 1
		res_out_6 : 1
		add_ln303 : 1
		icmp_ln303 : 2
		br_ln303 : 3
		store_ln316 : 2
		add_ln307 : 1
		icmp_ln307 : 2
		br_ln307 : 3
		store_ln311 : 2
		select_ln313 : 2
		add_ln313 : 3
	State 3
		write_ln299 : 1
		store_ln309 : 1


============================================================
+ Verbose Summary: Datapath Resource usage 
============================================================

* Functional unit list:
|----------|--------------------------------------------------------------------------------|---------|---------|---------|
| Operation|                                 Functional Unit                                |   DSP   |    FF   |   LUT   |
|----------|--------------------------------------------------------------------------------|---------|---------|---------|
|   call   |    call_ln281_shift_line_buffer_array_ap_fixed_12_6_5_3_0_1u_config3_s_fu_92   |    0    |    0    |    0    |
|          | tmp_dense_latency_ap_fixed_12_6_5_3_0_ap_fixed_9_5_5_3_0_config3_mult_s_fu_116 |    1    |    0    |   777   |
|----------|--------------------------------------------------------------------------------|---------|---------|---------|
|          |                                icmp_ln284_fu_134                               |    0    |    0    |    39   |
|   icmp   |                               icmp_ln284_1_fu_154                              |    0    |    0    |    37   |
|          |                                icmp_ln303_fu_224                               |    0    |    0    |    39   |
|          |                                icmp_ln307_fu_248                               |    0    |    0    |    39   |
|----------|--------------------------------------------------------------------------------|---------|---------|---------|
|          |                                add_ln303_fu_218                                |    0    |    0    |    39   |
|    add   |                                add_ln307_fu_242                                |    0    |    0    |    39   |
|          |                                add_ln313_fu_268                                |    0    |    0    |    39   |
|----------|--------------------------------------------------------------------------------|---------|---------|---------|
|  select  |                               select_ln313_fu_260                              |    0    |    0    |    32   |
|----------|--------------------------------------------------------------------------------|---------|---------|---------|
|    and   |                                and_ln284_fu_178                                |    0    |    0    |    2    |
|          |                               and_ln284_1_fu_184                               |    0    |    0    |    2    |
|----------|--------------------------------------------------------------------------------|---------|---------|---------|
|    xor   |                                xor_ln284_fu_172                                |    0    |    0    |    2    |
|----------|--------------------------------------------------------------------------------|---------|---------|---------|
|   read   |                      in_elem_0_0_0_0_0_val_read_read_fu_68                     |    0    |    0    |    0    |
|----------|--------------------------------------------------------------------------------|---------|---------|---------|
|   write  |                             write_ln299_write_fu_74                            |    0    |    0    |    0    |
|----------|--------------------------------------------------------------------------------|---------|---------|---------|
|partselect|                                  tmp_1_fu_144                                  |    0    |    0    |    0    |
|----------|--------------------------------------------------------------------------------|---------|---------|---------|
| bitselect|                                  tmp_2_fu_164                                  |    0    |    0    |    0    |
|----------|--------------------------------------------------------------------------------|---------|---------|---------|
|          |                                 res_out_fu_190                                 |    0    |    0    |    0    |
|          |                                res_out_1_fu_194                                |    0    |    0    |    0    |
|          |                                res_out_2_fu_198                                |    0    |    0    |    0    |
|extractvalue|                                res_out_3_fu_202                                |    0    |    0    |    0    |
|          |                                res_out_4_fu_206                                |    0    |    0    |    0    |
|          |                                res_out_5_fu_210                                |    0    |    0    |    0    |
|          |                                res_out_6_fu_214                                |    0    |    0    |    0    |
|----------|--------------------------------------------------------------------------------|---------|---------|---------|
|bitconcatenate|                                   p_0_fu_280                                   |    0    |    0    |    0    |
|----------|--------------------------------------------------------------------------------|---------|---------|---------|
|   Total  |                                                                                |    1    |    0    |   1086  |
|----------|--------------------------------------------------------------------------------|---------|---------|---------|

Memories:
N/A

* Register list:
+-------------------+--------+
|                   |   FF   |
+-------------------+--------+
| add_ln313_reg_344 |   32   |
|and_ln284_1_reg_298|    1   |
| icmp_ln303_reg_337|    1   |
| res_out_1_reg_307 |    9   |
| res_out_2_reg_312 |    9   |
| res_out_3_reg_317 |    9   |
| res_out_4_reg_322 |    9   |
| res_out_5_reg_327 |    9   |
| res_out_6_reg_332 |    9   |
|  res_out_reg_302  |    9   |
| storemerge_reg_81 |   32   |
+-------------------+--------+
|       Total       |   129  |
+-------------------+--------+

* Multiplexer (MUX) list: 
|--------|------|------|------|--------|
|  Comp  |  Pin | Size |  BW  | S x BW |
|--------|------|------|------|--------|
|  Total |      |      |      |    0   |
|--------|------|------|------|--------|



* Summary:
+-----------+--------+--------+--------+
|           |   DSP  |   FF   |   LUT  |
+-----------+--------+--------+--------+
|  Function |    1   |    0   |  1086  |
|   Memory  |    -   |    -   |    -   |
|Multiplexer|    -   |    -   |    -   |
|  Register |    -   |   129  |    -   |
+-----------+--------+--------+--------+
|   Total   |    1   |   129  |  1086  |
+-----------+--------+--------+--------+
