

================================================================
== Vitis HLS Report for 'compute_output_buffer_2d_array_array_ap_fixed_9_5_5_3_0_7u_config3_s'
================================================================
* Date:           Wed May 13 16:57:07 2026

* Version:        2023.2 (Build 4023990 on Oct 11 2023)
* Project:        cnn_core_prj
* Solution:       solution1 (Vivado IP Flow Target)
* Product family: kintexuplus
* Target device:  xcku5p-ffvb676-2-e


================================================================
== Performance Estimates
================================================================
+ Timing: 
    * Summary: 
    +--------+---------+----------+------------+
    |  Clock |  Target | Estimated| Uncertainty|
    +--------+---------+----------+------------+
    |ap_clk  |  5.00 ns|  2.921 ns|     1.35 ns|
    +--------+---------+----------+------------+

+ Latency: 
    * Summary: 
    +---------+---------+-----------+-----------+-----+-----+---------+
    |  Latency (cycles) |   Latency (absolute)  |  Interval | Pipeline|
    |   min   |   max   |    min    |    max    | min | max |   Type  |
    +---------+---------+-----------+-----------+-----+-----+---------+
    |        2|        2|  10.000 ns|  10.000 ns|    2|    2|      yes|
    +---------+---------+-----------+-----------+-----+-----+---------+

    + Detail: 
        * Instance: 
        N/A

        * Loop: 
        N/A

============================================================
+ Verbose Summary: Synthesis Manager
============================================================
InlineROM: 1
ExposeGlobal: 0
============================================================
+ Verbose Summary: CDFG Model
============================================================
IsTopModel: 0
ResetActiveHigh: 1
IsCombinational: 0
IsDatapathOnly: 0
HasWiredReturn: 1
HasMFsm: 2
HasVarLatency: 0
IsPipeline: 1
IsRtlPipelined: 1
IsInstanceOverlapped: 0
IsDontTouch: 0
HasImplIP: 0
IsGatedGlobalClock: 0

+ Individual pipeline summary: 
  * Pipeline-0: initiation interval (II) = 2, depth = 3


============================================================
+ Verbose Summary: Schedule
============================================================
* Number of FSM states : 3
* Pipeline : 1
  Pipeline-0 : II = 2, D = 3, States = { 1 2 3 }
* Dataflow Pipeline: 0

* FSM state transitions: 
1 --> 2 
2 --> 3 
3 --> 

* FSM state operations: 

State 1 <SV = 0> <Delay = 2.86>
ST_1 : Operation 4 [1/1] (0.00ns)   --->   "%in_elem_0_0_0_0_0_val_read = read i12 @_ssdm_op_Read.ap_auto.i12, i12 %in_elem_0_0_0_0_0_val"   --->   Operation 4 'read' 'in_elem_0_0_0_0_0_val_read' <Predicate = true> <Delay = 0.00>
ST_1 : Operation 5 [1/1] (2.86ns)   --->   "%call_ln281 = call void @shift_line_buffer<array<ap_fixed<12, 6, 5, 3, 0>, 1u>, config3>, i12 %in_elem_0_0_0_0_0_val_read, i12 %void_compute_output_buffer_2d_array_const_ap_shift_reg_n_chan_stream_weig_4, i12 %void_compute_output_buffer_2d_array_const_ap_shift_reg_n_chan_stream_weig_3, i12 %void_compute_output_buffer_2d_array_const_ap_shift_reg_n_chan_stream_weig_2, i12 %void_compute_output_buffer_2d_array_const_ap_shift_reg_n_chan_stream_weig_1, i12 %void_compute_output_buffer_2d_array_const_ap_shift_reg_n_chan_stream_weig, i12 %void_conv_2d_buffer_latency_cl_stream_stream_weight_t_bias_t_line_buffer_3, i12 %void_conv_2d_buffer_latency_cl_stream_stream_weight_t_bias_t_line_buffer_2, i12 %void_conv_2d_buffer_latency_cl_stream_stream_weight_t_bias_t_line_buffer_1, i12 %void_conv_2d_buffer_latency_cl_stream_stream_weight_t_bias_t_line_buffer" [firmware/nnet_utils/nnet_conv_stream.h:281]   --->   Operation 5 'call' 'call_ln281' <Predicate = true> <Delay = 2.86> <CoreType = "Generic">   --->   Core 0 '' <Latency = 0> <II = 1> <Delay = 1.00> <Generic> <Opcode : >

State 2 <SV = 1> <Delay = 2.74>
ST_2 : Operation 6 [1/1] (0.00ns)   --->   "%specinterface_ln0 = specinterface void @_ssdm_op_SpecInterface, i63 %layer3_out, void @empty, i32 0, i32 0, void @empty_5, i32 0, i32 0, void @empty_5, void @empty_5, void @empty_5, i32 0, i32 0, i32 0, i32 0, void @empty_5, void @empty_5, i32 4294967295, i32 0"   --->   Operation 6 'specinterface' 'specinterface_ln0' <Predicate = true> <Delay = 0.00>
ST_2 : Operation 7 [1/1] (0.00ns)   --->   "%sY_1_load = load i32 %sY_1" [firmware/nnet_utils/nnet_conv_stream.h:284]   --->   Operation 7 'load' 'sY_1_load' <Predicate = true> <Delay = 0.00>
ST_2 : Operation 8 [1/1] (1.01ns)   --->   "%icmp_ln284 = icmp_eq  i32 %sY_1_load, i32 4" [firmware/nnet_utils/nnet_conv_stream.h:284]   --->   Operation 8 'icmp' 'icmp_ln284' <Predicate = true> <Delay = 1.01> <CoreInst = "Cmp">   --->   Core 9 'Cmp' <Latency = 0> <II = 1> <Delay = 1.01> <FuncUnit> <Opcode : 'icmp'> <InPorts = 2> <OutPorts = 1>
ST_2 : Operation 9 [1/1] (0.00ns)   --->   "%pY_1_load = load i32 %pY_1" [firmware/nnet_utils/nnet_conv_stream.h:284]   --->   Operation 9 'load' 'pY_1_load' <Predicate = true> <Delay = 0.00>
ST_2 : Operation 10 [1/1] (0.00ns)   --->   "%tmp_1 = partselect i30 @_ssdm_op_PartSelect.i30.i32.i32.i32, i32 %pY_1_load, i32 2, i32 31" [firmware/nnet_utils/nnet_conv_stream.h:284]   --->   Operation 10 'partselect' 'tmp_1' <Predicate = true> <Delay = 0.00>
ST_2 : Operation 11 [1/1] (0.99ns)   --->   "%icmp_ln284_1 = icmp_sgt  i30 %tmp_1, i30 0" [firmware/nnet_utils/nnet_conv_stream.h:284]   --->   Operation 11 'icmp' 'icmp_ln284_1' <Predicate = true> <Delay = 0.99> <CoreInst = "Cmp">   --->   Core 9 'Cmp' <Latency = 0> <II = 1> <Delay = 0.99> <FuncUnit> <Opcode : 'icmp'> <InPorts = 2> <OutPorts = 1>
ST_2 : Operation 12 [1/1] (0.00ns)   --->   "%pX_1_load = load i32 %pX_1" [firmware/nnet_utils/nnet_conv_stream.h:284]   --->   Operation 12 'load' 'pX_1_load' <Predicate = true> <Delay = 0.00>
ST_2 : Operation 13 [1/1] (0.00ns) (grouped into LUT with out node and_ln284_1)   --->   "%tmp_2 = bitselect i1 @_ssdm_op_BitSelect.i1.i32.i32, i32 %pX_1_load, i32 31" [firmware/nnet_utils/nnet_conv_stream.h:284]   --->   Operation 13 'bitselect' 'tmp_2' <Predicate = true> <Delay = 0.00>
ST_2 : Operation 14 [1/1] (0.00ns) (grouped into LUT with out node and_ln284_1)   --->   "%xor_ln284 = xor i1 %tmp_2, i1 1" [firmware/nnet_utils/nnet_conv_stream.h:284]   --->   Operation 14 'xor' 'xor_ln284' <Predicate = true> <Delay = 0.00> <CoreInst = "LogicGate">   --->   Core 74 'LogicGate' <Latency = 0> <II = 1> <Delay = 0.28> <FuncUnit> <Opcode : 'and' 'or' 'xor'> <InPorts = 2> <OutPorts = 1>
ST_2 : Operation 15 [1/1] (0.00ns) (grouped into LUT with out node and_ln284_1)   --->   "%and_ln284 = and i1 %icmp_ln284_1, i1 %xor_ln284" [firmware/nnet_utils/nnet_conv_stream.h:284]   --->   Operation 15 'and' 'and_ln284' <Predicate = true> <Delay = 0.00> <CoreInst = "LogicGate">   --->   Core 74 'LogicGate' <Latency = 0> <II = 1> <Delay = 0.28> <FuncUnit> <Opcode : 'and' 'or' 'xor'> <InPorts = 2> <OutPorts = 1>
ST_2 : Operation 16 [1/1] (0.28ns) (out node of the LUT)   --->   "%and_ln284_1 = and i1 %and_ln284, i1 %icmp_ln284" [firmware/nnet_utils/nnet_conv_stream.h:284]   --->   Operation 16 'and' 'and_ln284_1' <Predicate = true> <Delay = 0.28> <CoreInst = "LogicGate">   --->   Core 74 'LogicGate' <Latency = 0> <II = 1> <Delay = 0.28> <FuncUnit> <Opcode : 'and' 'or' 'xor'> <InPorts = 2> <OutPorts = 1>
ST_2 : Operation 17 [1/1] (0.00ns)   --->   "%br_ln284 = br i1 %and_ln284_1, void %if.end, void %if.then" [firmware/nnet_utils/nnet_conv_stream.h:284]   --->   Operation 17 'br' 'br_ln284' <Predicate = true> <Delay = 0.00>
ST_2 : Operation 18 [1/1] (0.00ns)   --->   "%tmp = call i63 @dense_latency<ap_fixed<12, 6, 5, 3, 0>, ap_fixed<9, 5, 5, 3, 0>, config3_mult>, i12 %void_compute_output_buffer_2d_array_const_ap_shift_reg_n_chan_stream_weig_4, i12 %void_compute_output_buffer_2d_array_const_ap_shift_reg_n_chan_stream_weig_3, i12 %void_compute_output_buffer_2d_array_const_ap_shift_reg_n_chan_stream_weig_2, i12 %void_compute_output_buffer_2d_array_const_ap_shift_reg_n_chan_stream_weig_1, i12 %void_compute_output_buffer_2d_array_const_ap_shift_reg_n_chan_stream_weig" [firmware/nnet_utils/nnet_dense.h:54->firmware/nnet_utils/nnet_conv_stream.h:288]   --->   Operation 18 'call' 'tmp' <Predicate = (and_ln284_1)> <Delay = 0.00> <CoreType = "Generic">   --->   Core 0 '' <Latency = 0> <II = 1> <Delay = 1.00> <Generic> <Opcode : >
ST_2 : Operation 19 [1/1] (0.00ns)   --->   "%res_out = extractvalue i63 %tmp" [firmware/nnet_utils/nnet_dense.h:54->firmware/nnet_utils/nnet_conv_stream.h:288]   --->   Operation 19 'extractvalue' 'res_out' <Predicate = (and_ln284_1)> <Delay = 0.00>
ST_2 : Operation 20 [1/1] (0.00ns)   --->   "%res_out_1 = extractvalue i63 %tmp" [firmware/nnet_utils/nnet_dense.h:54->firmware/nnet_utils/nnet_conv_stream.h:288]   --->   Operation 20 'extractvalue' 'res_out_1' <Predicate = (and_ln284_1)> <Delay = 0.00>
ST_2 : Operation 21 [1/1] (0.00ns)   --->   "%res_out_2 = extractvalue i63 %tmp" [firmware/nnet_utils/nnet_dense.h:54->firmware/nnet_utils/nnet_conv_stream.h:288]   --->   Operation 21 'extractvalue' 'res_out_2' <Predicate = (and_ln284_1)> <Delay = 0.00>
ST_2 : Operation 22 [1/1] (0.00ns)   --->   "%res_out_3 = extractvalue i63 %tmp" [firmware/nnet_utils/nnet_dense.h:54->firmware/nnet_utils/nnet_conv_stream.h:288]   --->   Operation 22 'extractvalue' 'res_out_3' <Predicate = (and_ln284_1)> <Delay = 0.00>
ST_2 : Operation 23 [1/1] (0.00ns)   --->   "%res_out_4 = extractvalue i63 %tmp" [firmware/nnet_utils/nnet_dense.h:54->firmware/nnet_utils/nnet_conv_stream.h:288]   --->   Operation 23 'extractvalue' 'res_out_4' <Predicate = (and_ln284_1)> <Delay = 0.00>
ST_2 : Operation 24 [1/1] (0.00ns)   --->   "%res_out_5 = extractvalue i63 %tmp" [firmware/nnet_utils/nnet_dense.h:54->firmware/nnet_utils/nnet_conv_stream.h:288]   --->   Operation 24 'extractvalue' 'res_out_5' <Predicate = (and_ln284_1)> <Delay = 0.00>
ST_2 : Operation 25 [1/1] (0.00ns)   --->   "%res_out_6 = extractvalue i63 %tmp" [firmware/nnet_utils/nnet_dense.h:54->firmware/nnet_utils/nnet_conv_stream.h:288]   --->   Operation 25 'extractvalue' 'res_out_6' <Predicate = (and_ln284_1)> <Delay = 0.00>
ST_2 : Operation 26 [1/1] (1.01ns)   --->   "%add_ln303 = add i32 %pX_1_load, i32 1" [firmware/nnet_utils/nnet_conv_stream.h:303]   --->   Operation 26 'add' 'add_ln303' <Predicate = true> <Delay = 1.01> <CoreInst = "Adder">   --->   Core 1 'Adder' <Latency = 0> <II = 1> <Delay = 1.01> <FuncUnit> <Opcode : 'add' 'sub'> <InPorts = 2> <OutPorts = 1>
ST_2 : Operation 27 [1/1] (1.01ns)   --->   "%icmp_ln303 = icmp_eq  i32 %add_ln303, i32 4" [firmware/nnet_utils/nnet_conv_stream.h:303]   --->   Operation 27 'icmp' 'icmp_ln303' <Predicate = true> <Delay = 1.01> <CoreInst = "Cmp">   --->   Core 9 'Cmp' <Latency = 0> <II = 1> <Delay = 1.01> <FuncUnit> <Opcode : 'icmp'> <InPorts = 2> <OutPorts = 1>
ST_2 : Operation 28 [1/1] (0.00ns)   --->   "%br_ln303 = br i1 %icmp_ln303, void %if.else20, void %if.then9" [firmware/nnet_utils/nnet_conv_stream.h:303]   --->   Operation 28 'br' 'br_ln303' <Predicate = true> <Delay = 0.00>
ST_2 : Operation 29 [1/1] (0.42ns)   --->   "%store_ln316 = store i32 %add_ln303, i32 %pX_1" [firmware/nnet_utils/nnet_conv_stream.h:316]   --->   Operation 29 'store' 'store_ln316' <Predicate = (!icmp_ln303)> <Delay = 0.42>
ST_2 : Operation 30 [1/1] (0.00ns)   --->   "%br_ln0 = br void %if.end31"   --->   Operation 30 'br' 'br_ln0' <Predicate = (!icmp_ln303)> <Delay = 0.00>
ST_2 : Operation 31 [1/1] (0.42ns)   --->   "%store_ln305 = store i32 0, i32 %pX_1" [firmware/nnet_utils/nnet_conv_stream.h:305]   --->   Operation 31 'store' 'store_ln305' <Predicate = (icmp_ln303)> <Delay = 0.42>
ST_2 : Operation 32 [1/1] (1.01ns)   --->   "%add_ln307 = add i32 %pY_1_load, i32 1" [firmware/nnet_utils/nnet_conv_stream.h:307]   --->   Operation 32 'add' 'add_ln307' <Predicate = (icmp_ln303)> <Delay = 1.01> <CoreInst = "Adder">   --->   Core 1 'Adder' <Latency = 0> <II = 1> <Delay = 1.01> <FuncUnit> <Opcode : 'add' 'sub'> <InPorts = 2> <OutPorts = 1>
ST_2 : Operation 33 [1/1] (1.01ns)   --->   "%icmp_ln307 = icmp_eq  i32 %add_ln307, i32 256" [firmware/nnet_utils/nnet_conv_stream.h:307]   --->   Operation 33 'icmp' 'icmp_ln307' <Predicate = (icmp_ln303)> <Delay = 1.01> <CoreInst = "Cmp">   --->   Core 9 'Cmp' <Latency = 0> <II = 1> <Delay = 1.01> <FuncUnit> <Opcode : 'icmp'> <InPorts = 2> <OutPorts = 1>
ST_2 : Operation 34 [1/1] (0.00ns)   --->   "%br_ln307 = br i1 %icmp_ln307, void %if.else, void %if.then12" [firmware/nnet_utils/nnet_conv_stream.h:307]   --->   Operation 34 'br' 'br_ln307' <Predicate = (icmp_ln303)> <Delay = 0.00>
ST_2 : Operation 35 [1/1] (0.42ns)   --->   "%store_ln311 = store i32 %add_ln307, i32 %pY_1" [firmware/nnet_utils/nnet_conv_stream.h:311]   --->   Operation 35 'store' 'store_ln311' <Predicate = (icmp_ln303 & !icmp_ln307)> <Delay = 0.42>
ST_2 : Operation 36 [1/1] (0.00ns) (grouped into LUT with out node add_ln313)   --->   "%select_ln313 = select i1 %icmp_ln284, i32 4294967294, i32 1" [firmware/nnet_utils/nnet_conv_stream.h:313]   --->   Operation 36 'select' 'select_ln313' <Predicate = (icmp_ln303 & !icmp_ln307)> <Delay = 0.00> <CoreInst = "Sel">   --->   Core 73 'Sel' <Latency = 0> <II = 1> <Delay = 0.33> <FuncUnit> <Opcode : 'select'> <InPorts = 3> <OutPorts = 1>
ST_2 : Operation 37 [1/1] (1.01ns) (out node of the LUT)   --->   "%add_ln313 = add i32 %sY_1_load, i32 %select_ln313" [firmware/nnet_utils/nnet_conv_stream.h:313]   --->   Operation 37 'add' 'add_ln313' <Predicate = (icmp_ln303 & !icmp_ln307)> <Delay = 1.01> <CoreInst = "Adder">   --->   Core 1 'Adder' <Latency = 0> <II = 1> <Delay = 1.01> <FuncUnit> <Opcode : 'add' 'sub'> <InPorts = 2> <OutPorts = 1>
ST_2 : Operation 38 [1/1] (0.42ns)   --->   "%br_ln0 = br void %if.end19"   --->   Operation 38 'br' 'br_ln0' <Predicate = (icmp_ln303 & !icmp_ln307)> <Delay = 0.42>
ST_2 : Operation 39 [1/1] (0.42ns)   --->   "%store_ln308 = store i32 0, i32 %pY_1" [firmware/nnet_utils/nnet_conv_stream.h:308]   --->   Operation 39 'store' 'store_ln308' <Predicate = (icmp_ln303 & icmp_ln307)> <Delay = 0.42>
ST_2 : Operation 40 [1/1] (0.42ns)   --->   "%br_ln310 = br void %if.end19" [firmware/nnet_utils/nnet_conv_stream.h:310]   --->   Operation 40 'br' 'br_ln310' <Predicate = (icmp_ln303 & icmp_ln307)> <Delay = 0.42>

State 3 <SV = 2> <Delay = 1.72>
ST_3 : Operation 41 [1/1] (0.00ns)   --->   "%p_0 = bitconcatenate i63 @_ssdm_op_BitConcatenate.i63.i9.i9.i9.i9.i9.i9.i9, i9 %res_out_6, i9 %res_out_5, i9 %res_out_4, i9 %res_out_3, i9 %res_out_2, i9 %res_out_1, i9 %res_out" [firmware/nnet_utils/nnet_conv_stream.h:299]   --->   Operation 41 'bitconcatenate' 'p_0' <Predicate = (and_ln284_1)> <Delay = 0.00>
ST_3 : Operation 42 [1/1] (1.72ns)   --->   "%write_ln299 = write void @_ssdm_op_Write.ap_fifo.volatile.i63P0A, i63 %layer3_out, i63 %p_0" [firmware/nnet_utils/nnet_conv_stream.h:299]   --->   Operation 42 'write' 'write_ln299' <Predicate = (and_ln284_1)> <Delay = 1.72> <CoreInst = "FIFO">   --->   Core 78 'FIFO' <Latency = 0> <II = 1> <Delay = 1.72> <Storage> <Opcode : 'read' 'write' 'nbread' 'nbwrite'> <Ports = 0> <Width = 63> <Depth = 336> <FIFO>
ST_3 : Operation 43 [1/1] (0.00ns)   --->   "%br_ln300 = br void %if.end" [firmware/nnet_utils/nnet_conv_stream.h:300]   --->   Operation 43 'br' 'br_ln300' <Predicate = (and_ln284_1)> <Delay = 0.00>
ST_3 : Operation 44 [1/1] (0.00ns)   --->   "%storemerge = phi i32 %add_ln313, void %if.else, i32 0, void %if.then12" [firmware/nnet_utils/nnet_conv_stream.h:313]   --->   Operation 44 'phi' 'storemerge' <Predicate = (icmp_ln303)> <Delay = 0.00>
ST_3 : Operation 45 [1/1] (0.00ns)   --->   "%store_ln309 = store i32 %storemerge, i32 %sY_1" [firmware/nnet_utils/nnet_conv_stream.h:309]   --->   Operation 45 'store' 'store_ln309' <Predicate = (icmp_ln303)> <Delay = 0.00>
ST_3 : Operation 46 [1/1] (0.00ns)   --->   "%br_ln315 = br void %if.end31" [firmware/nnet_utils/nnet_conv_stream.h:315]   --->   Operation 46 'br' 'br_ln315' <Predicate = (icmp_ln303)> <Delay = 0.00>
ST_3 : Operation 47 [1/1] (0.00ns)   --->   "%ret_ln320 = ret" [firmware/nnet_utils/nnet_conv_stream.h:320]   --->   Operation 47 'ret' 'ret_ln320' <Predicate = true> <Delay = 0.00>


============================================================
+ Verbose Summary: Timing violations
============================================================
Target clock period: 5.000ns, clock uncertainty: 1.350ns.

 <State 1>: 2.868ns
The critical path consists of the following:
	wire read operation ('in_elem_0_0_0_0_0_val_read') on port 'in_elem_0_0_0_0_0_val' [16]  (0.000 ns)
	'call' operation 0 bit ('call_ln281', firmware/nnet_utils/nnet_conv_stream.h:281) to 'shift_line_buffer<array<ap_fixed<12, 6, 5, 3, 0>, 1u>, config3>' [17]  (2.868 ns)

 <State 2>: 2.741ns
The critical path consists of the following:
	'load' operation 32 bit ('pX_1_load', firmware/nnet_utils/nnet_conv_stream.h:284) on static variable 'pX_1' [23]  (0.000 ns)
	'add' operation 32 bit ('add_ln303', firmware/nnet_utils/nnet_conv_stream.h:303) [42]  (1.016 ns)
	'icmp' operation 1 bit ('icmp_ln303', firmware/nnet_utils/nnet_conv_stream.h:303) [43]  (1.016 ns)
	'store' operation 0 bit ('store_ln316', firmware/nnet_utils/nnet_conv_stream.h:316) of variable 'add_ln303', firmware/nnet_utils/nnet_conv_stream.h:303 on static variable 'pX_1' [46]  (0.427 ns)
	blocking operation 0.282 ns on control path)

 <State 3>: 1.724ns
The critical path consists of the following:
	fifo write operation ('write_ln299', firmware/nnet_utils/nnet_conv_stream.h:299) on port 'layer3_out' (firmware/nnet_utils/nnet_conv_stream.h:299) [39]  (1.724 ns)


============================================================
+ Verbose Summary: Binding
============================================================
N/A
* FSMD analyzer results:
  - Output states:
 - Input state : 
  - Chain level:
	State 1
	State 2
	State 3


============================================================
+ Verbose Summary: Datapath Resource usage 
============================================================
N/A
