

================================================================
== Vitis HLS Report for 'conv_2d_cl_array_ap_fixed_1u_array_ap_fixed_9_5_5_3_0_7u_config3_s'
================================================================
* Date:           Wed May 13 16:57:14 2026

* Version:        2023.2 (Build 4023990 on Oct 11 2023)
* Project:        cnn_core_prj
* Solution:       solution1 (Vivado IP Flow Target)
* Product family: kintexuplus
* Target device:  xcku5p-ffvb676-2-e


================================================================
== Performance Estimates
================================================================
+ Timing: 
    * Summary: 
    +--------+---------+----------+------------+
    |  Clock |  Target | Estimated| Uncertainty|
    +--------+---------+----------+------------+
    |ap_clk  |  5.00 ns|  2.921 ns|     1.35 ns|
    +--------+---------+----------+------------+

+ Latency: 
    * Summary: 
    +---------+---------+-----------+-----------+------+------+---------+
    |  Latency (cycles) |   Latency (absolute)  |   Interval  | Pipeline|
    |   min   |   max   |    min    |    max    |  min |  max |   Type  |
    +---------+---------+-----------+-----------+------+------+---------+
    |     2051|     2051|  10.255 us|  10.255 us|  2051|  2051|       no|
    +---------+---------+-----------+-----------+------+------+---------+

    + Detail: 
        * Instance: 
        +--------------------------------------------------------------------------------+----------------------------------------------------------------------+---------+---------+-----------+-----------+-----+-----+---------+
        |                                                                                |                                                                      |  Latency (cycles) |   Latency (absolute)  |  Interval | Pipeline|
        |                                    Instance                                    |                                Module                                |   min   |   max   |    min    |    max    | min | max |   Type  |
        +--------------------------------------------------------------------------------+----------------------------------------------------------------------+---------+---------+-----------+-----------+-----+-----+---------+
        |grp_compute_output_buffer_2d_array_array_ap_fixed_9_5_5_3_0_7u_config3_s_fu_70  |compute_output_buffer_2d_array_array_ap_fixed_9_5_5_3_0_7u_config3_s  |        2|        2|  10.000 ns|  10.000 ns|    2|    2|      yes|
        +--------------------------------------------------------------------------------+----------------------------------------------------------------------+---------+---------+-----------+-----------+-----+-----+---------+

        * Loop: 
        +----------------------------------+---------+---------+----------+-----------+-----------+------+----------+
        |                                  |  Latency (cycles) | Iteration|  Initiation Interval  | Trip |          |
        |             Loop Name            |   min   |   max   |  Latency |  achieved |   target  | Count| Pipelined|
        +----------------------------------+---------+---------+----------+-----------+-----------+------+----------+
        |- ReadInputHeight_ReadInputWidth  |     2049|     2049|         4|          2|          1|  1024|       yes|
        +----------------------------------+---------+---------+----------+-----------+-----------+------+----------+



================================================================
== Utilization Estimates
================================================================
* Summary: 
+-----------------+---------+------+--------+--------+-----+
|       Name      | BRAM_18K|  DSP |   FF   |   LUT  | URAM|
+-----------------+---------+------+--------+--------+-----+
|DSP              |        -|     -|       -|       -|    -|
|Expression       |        -|     -|       0|      51|    -|
|FIFO             |        -|     -|       -|       -|    -|
|Instance         |        -|     1|     514|    1286|    -|
|Memory           |        -|     -|       -|       -|    -|
|Multiplexer      |        -|     -|       -|      95|    -|
|Register         |        -|     -|      19|       -|    -|
+-----------------+---------+------+--------+--------+-----+
|Total            |        0|     1|     533|    1432|    0|
+-----------------+---------+------+--------+--------+-----+
|Available        |      960|  1824|  433920|  216960|   64|
+-----------------+---------+------+--------+--------+-----+
|Utilization (%)  |        0|    ~0|      ~0|      ~0|    0|
+-----------------+---------+------+--------+--------+-----+

+ Detail: 
    * Instance: 
    +--------------------------------------------------------------------------------+----------------------------------------------------------------------+---------+----+-----+------+-----+
    |                                    Instance                                    |                                Module                                | BRAM_18K| DSP|  FF |  LUT | URAM|
    +--------------------------------------------------------------------------------+----------------------------------------------------------------------+---------+----+-----+------+-----+
    |grp_compute_output_buffer_2d_array_array_ap_fixed_9_5_5_3_0_7u_config3_s_fu_70  |compute_output_buffer_2d_array_array_ap_fixed_9_5_5_3_0_7u_config3_s  |        0|   1|  514|  1286|    0|
    +--------------------------------------------------------------------------------+----------------------------------------------------------------------+---------+----+-----+------+-----+
    |Total                                                                           |                                                                      |        0|   1|  514|  1286|    0|
    +--------------------------------------------------------------------------------+----------------------------------------------------------------------+---------+----+-----+------+-----+

    * DSP: 
    N/A

    * Memory: 
    N/A

    * FIFO: 
    N/A

    * Expression: 
    +------------------------------------------+----------+----+---+----+------------+------------+
    |               Variable Name              | Operation| DSP| FF| LUT| Bitwidth P0| Bitwidth P1|
    +------------------------------------------+----------+----+---+----+------------+------------+
    |add_ln25_fu_116_p2                        |         +|   0|  0|  18|          11|           1|
    |ap_block_pp0_stage1_11001_ignoreCallOp18  |       and|   0|  0|   2|           1|           1|
    |ap_block_state2_pp0_stage1_iter0          |       and|   0|  0|   2|           1|           1|
    |ap_condition_146                          |       and|   0|  0|   2|           1|           1|
    |icmp_ln25_fu_110_p2                       |      icmp|   0|  0|  19|          11|          12|
    |ap_block_pp0_stage0_11001                 |        or|   0|  0|   2|           1|           1|
    |ap_block_pp0_stage0_11001_ignoreCallOp19  |        or|   0|  0|   2|           1|           1|
    |ap_block_pp0_stage1_11001                 |        or|   0|  0|   2|           1|           1|
    |ap_enable_pp0                             |       xor|   0|  0|   2|           1|           2|
    +------------------------------------------+----------+----+---+----+------------+------------+
    |Total                                     |          |   0|  0|  51|          29|          21|
    +------------------------------------------+----------+----+---+----+------------+------------+

    * Multiplexer: 
    +--------------------------------------+----+-----------+-----+-----------+
    |                 Name                 | LUT| Input Size| Bits| Total Bits|
    +--------------------------------------+----+-----------+-----+-----------+
    |ap_NS_fsm                             |  14|          3|    1|          3|
    |ap_done_int                           |   9|          2|    1|          2|
    |ap_enable_reg_pp0_iter0               |   9|          2|    1|          2|
    |ap_enable_reg_pp0_iter1               |   9|          2|    1|          2|
    |ap_sig_allocacmp_indvar_flatten_load  |   9|          2|   11|         22|
    |indvar_flatten_fu_60                  |   9|          2|   11|         22|
    |layer3_out_blk_n                      |   9|          2|    1|          2|
    |layer3_out_write                      |   9|          2|    1|          2|
    |layer8_out_blk_n                      |   9|          2|    1|          2|
    |real_start                            |   9|          2|    1|          2|
    +--------------------------------------+----+-----------+-----+-----------+
    |Total                                 |  95|         21|   30|         61|
    +--------------------------------------+----+-----------+-----+-----------+

    * Register: 
    +---------------------------------------------------------------------------------------------+----+----+-----+-----------+
    |                                             Name                                            | FF | LUT| Bits| Const Bits|
    +---------------------------------------------------------------------------------------------+----+----+-----+-----------+
    |ap_CS_fsm                                                                                    |   2|   0|    2|          0|
    |ap_done_reg                                                                                  |   1|   0|    1|          0|
    |ap_enable_reg_pp0_iter0_reg                                                                  |   1|   0|    1|          0|
    |ap_enable_reg_pp0_iter1                                                                      |   1|   0|    1|          0|
    |grp_compute_output_buffer_2d_array_array_ap_fixed_9_5_5_3_0_7u_config3_s_fu_70_ap_start_reg  |   1|   0|    1|          0|
    |icmp_ln25_reg_134                                                                            |   1|   0|    1|          0|
    |indvar_flatten_fu_60                                                                         |  11|   0|   11|          0|
    |start_once_reg                                                                               |   1|   0|    1|          0|
    +---------------------------------------------------------------------------------------------+----+----+-----+-----------+
    |Total                                                                                        |  19|   0|   19|          0|
    +---------------------------------------------------------------------------------------------+----+----+-----+-----------+



================================================================
== Interface
================================================================
* Summary: 
+---------------------------+-----+-----+------------+----------------------------------------------------------------------+--------------+
|         RTL Ports         | Dir | Bits|  Protocol  |                             Source Object                            |    C Type    |
+---------------------------+-----+-----+------------+----------------------------------------------------------------------+--------------+
|ap_clk                     |   in|    1|  ap_ctrl_hs|  conv_2d_cl<array<ap_fixed,1u>,array<ap_fixed<9,5,5,3,0>,7u>,config3>|  return value|
|ap_rst                     |   in|    1|  ap_ctrl_hs|  conv_2d_cl<array<ap_fixed,1u>,array<ap_fixed<9,5,5,3,0>,7u>,config3>|  return value|
|ap_start                   |   in|    1|  ap_ctrl_hs|  conv_2d_cl<array<ap_fixed,1u>,array<ap_fixed<9,5,5,3,0>,7u>,config3>|  return value|
|start_full_n               |   in|    1|  ap_ctrl_hs|  conv_2d_cl<array<ap_fixed,1u>,array<ap_fixed<9,5,5,3,0>,7u>,config3>|  return value|
|ap_done                    |  out|    1|  ap_ctrl_hs|  conv_2d_cl<array<ap_fixed,1u>,array<ap_fixed<9,5,5,3,0>,7u>,config3>|  return value|
|ap_continue                |   in|    1|  ap_ctrl_hs|  conv_2d_cl<array<ap_fixed,1u>,array<ap_fixed<9,5,5,3,0>,7u>,config3>|  return value|
|ap_idle                    |  out|    1|  ap_ctrl_hs|  conv_2d_cl<array<ap_fixed,1u>,array<ap_fixed<9,5,5,3,0>,7u>,config3>|  return value|
|ap_ready                   |  out|    1|  ap_ctrl_hs|  conv_2d_cl<array<ap_fixed,1u>,array<ap_fixed<9,5,5,3,0>,7u>,config3>|  return value|
|start_out                  |  out|    1|  ap_ctrl_hs|  conv_2d_cl<array<ap_fixed,1u>,array<ap_fixed<9,5,5,3,0>,7u>,config3>|  return value|
|start_write                |  out|    1|  ap_ctrl_hs|  conv_2d_cl<array<ap_fixed,1u>,array<ap_fixed<9,5,5,3,0>,7u>,config3>|  return value|
|layer8_out_dout            |   in|   12|     ap_fifo|                                                            layer8_out|       pointer|
|layer8_out_num_data_valid  |   in|   11|     ap_fifo|                                                            layer8_out|       pointer|
|layer8_out_fifo_cap        |   in|   11|     ap_fifo|                                                            layer8_out|       pointer|
|layer8_out_empty_n         |   in|    1|     ap_fifo|                                                            layer8_out|       pointer|
|layer8_out_read            |  out|    1|     ap_fifo|                                                            layer8_out|       pointer|
|layer3_out_din             |  out|   63|     ap_fifo|                                                            layer3_out|       pointer|
|layer3_out_num_data_valid  |   in|   10|     ap_fifo|                                                            layer3_out|       pointer|
|layer3_out_fifo_cap        |   in|   10|     ap_fifo|                                                            layer3_out|       pointer|
|layer3_out_full_n          |   in|    1|     ap_fifo|                                                            layer3_out|       pointer|
|layer3_out_write           |  out|    1|     ap_fifo|                                                            layer3_out|       pointer|
+---------------------------+-----+-----+------------+----------------------------------------------------------------------+--------------+

============================================================
+ Verbose Summary: Synthesis Manager
============================================================
InlineROM: 1
ExposeGlobal: 0
============================================================
+ Verbose Summary: CDFG Model
============================================================
IsTopModel: 0
ResetActiveHigh: 1
IsCombinational: 2
IsDatapathOnly: 0
HasWiredReturn: 1
HasMFsm: 2
HasVarLatency: 1
IsPipeline: 0
IsRtlPipelined: 0
IsInstanceOverlapped: 0
IsDontTouch: 0
HasImplIP: 0
IsGatedGlobalClock: 0

+ Individual pipeline summary: 
  * Pipeline-0: initiation interval (II) = 2, depth = 4


============================================================
+ Verbose Summary: Schedule
============================================================
* Number of FSM states : 4
* Pipeline : 1
  Pipeline-0 : II = 2, D = 4, States = { 1 2 3 4 }
* Dataflow Pipeline: 0

* FSM state transitions: 
1 --> 2 
2 --> 3 
3 --> 4 
4 --> 

* FSM state operations: 

State 1 <SV = 0> <Delay = 1.65>
ST_1 : Operation 7 [1/1] (0.00ns)   --->   "%indvar_flatten = alloca i32 1"   --->   Operation 7 'alloca' 'indvar_flatten' <Predicate = true> <Delay = 0.00>
ST_1 : Operation 8 [1/1] (0.00ns)   --->   "%specinterface_ln0 = specinterface void @_ssdm_op_SpecInterface, i63 %layer3_out, void @empty, i32 0, i32 0, void @empty_5, i32 0, i32 0, void @empty_5, void @empty_5, void @empty_5, i32 0, i32 0, i32 0, i32 0, void @empty_5, void @empty_5, i32 4294967295, i32 0"   --->   Operation 8 'specinterface' 'specinterface_ln0' <Predicate = true> <Delay = 0.00>
ST_1 : Operation 9 [1/1] (0.00ns)   --->   "%specinterface_ln0 = specinterface void @_ssdm_op_SpecInterface, i12 %layer8_out, void @empty, i32 0, i32 0, void @empty_5, i32 0, i32 0, void @empty_5, void @empty_5, void @empty_5, i32 0, i32 0, i32 0, i32 0, void @empty_5, void @empty_5, i32 4294967295, i32 0"   --->   Operation 9 'specinterface' 'specinterface_ln0' <Predicate = true> <Delay = 0.00>
ST_1 : Operation 10 [1/1] (0.42ns)   --->   "%store_ln0 = store i11 0, i11 %indvar_flatten"   --->   Operation 10 'store' 'store_ln0' <Predicate = true> <Delay = 0.42>
ST_1 : Operation 11 [1/1] (0.00ns)   --->   "%br_ln25 = br void %for.body12.i" [firmware/nnet_utils/nnet_conv2d_stream.h:25->firmware/nnet_utils/nnet_conv2d_stream.h:76]   --->   Operation 11 'br' 'br_ln25' <Predicate = true> <Delay = 0.00>
ST_1 : Operation 12 [1/1] (0.00ns)   --->   "%indvar_flatten_load = load i11 %indvar_flatten" [firmware/nnet_utils/nnet_conv2d_stream.h:25->firmware/nnet_utils/nnet_conv2d_stream.h:76]   --->   Operation 12 'load' 'indvar_flatten_load' <Predicate = true> <Delay = 0.00>
ST_1 : Operation 13 [1/1] (0.79ns)   --->   "%icmp_ln25 = icmp_eq  i11 %indvar_flatten_load, i11 1024" [firmware/nnet_utils/nnet_conv2d_stream.h:25->firmware/nnet_utils/nnet_conv2d_stream.h:76]   --->   Operation 13 'icmp' 'icmp_ln25' <Predicate = true> <Delay = 0.79> <CoreInst = "Cmp">   --->   Core 9 'Cmp' <Latency = 0> <II = 1> <Delay = 0.80> <FuncUnit> <Opcode : 'icmp'> <InPorts = 2> <OutPorts = 1>
ST_1 : Operation 14 [1/1] (0.79ns)   --->   "%add_ln25 = add i11 %indvar_flatten_load, i11 1" [firmware/nnet_utils/nnet_conv2d_stream.h:25->firmware/nnet_utils/nnet_conv2d_stream.h:76]   --->   Operation 14 'add' 'add_ln25' <Predicate = true> <Delay = 0.79> <CoreInst = "Adder">   --->   Core 1 'Adder' <Latency = 0> <II = 1> <Delay = 0.79> <FuncUnit> <Opcode : 'add' 'sub'> <InPorts = 2> <OutPorts = 1>
ST_1 : Operation 15 [1/1] (0.00ns)   --->   "%br_ln25 = br i1 %icmp_ln25, void %for.cond.cleanup11.i, void %_ZN4nnet25conv_2d_buffer_latency_clINS_5arrayI8ap_fixedILi12ELi6EL9ap_q_mode5EL9ap_o_mode3ELi0EELj1EEENS1_IS2_ILi9ELi5ELS3_5ELS4_3ELi0EELj7EEE7config3EEvRN3hls6streamIT_Li0EEERNSB_IT0_Li0EEEPNT1_8weight_tEPNSI_6bias_tE.15.exit" [firmware/nnet_utils/nnet_conv2d_stream.h:25->firmware/nnet_utils/nnet_conv2d_stream.h:76]   --->   Operation 15 'br' 'br_ln25' <Predicate = true> <Delay = 0.00>
ST_1 : Operation 16 [1/1] (0.42ns)   --->   "%store_ln25 = store i11 %add_ln25, i11 %indvar_flatten" [firmware/nnet_utils/nnet_conv2d_stream.h:25->firmware/nnet_utils/nnet_conv2d_stream.h:76]   --->   Operation 16 'store' 'store_ln25' <Predicate = (!icmp_ln25)> <Delay = 0.42>

State 2 <SV = 1> <Delay = 1.75>
ST_2 : Operation 17 [1/1] (1.75ns)   --->   "%layer8_out_read = read i12 @_ssdm_op_Read.ap_fifo.volatile.i12P0A, i12 %layer8_out" [firmware/nnet_utils/nnet_conv2d_stream.h:32->firmware/nnet_utils/nnet_conv2d_stream.h:76]   --->   Operation 17 'read' 'layer8_out_read' <Predicate = (!icmp_ln25)> <Delay = 1.75> <CoreInst = "FIFO">   --->   Core 78 'FIFO' <Latency = 0> <II = 1> <Delay = 1.75> <Storage> <Opcode : 'read' 'write' 'nbread' 'nbwrite'> <Ports = 0> <Width = 12> <Depth = 1024> <FIFO>
ST_2 : Operation 18 [3/3] (0.00ns)   --->   "%call_ln32 = call void @compute_output_buffer_2d<array,array<ap_fixed<9,5,5,3,0>,7u>,config3>, i12 %layer8_out_read, i63 %layer3_out, i12 %void_compute_output_buffer_2d_array_const_ap_shift_reg_n_chan_stream_weig_4, i12 %void_compute_output_buffer_2d_array_const_ap_shift_reg_n_chan_stream_weig_3, i12 %void_compute_output_buffer_2d_array_const_ap_shift_reg_n_chan_stream_weig_2, i12 %void_compute_output_buffer_2d_array_const_ap_shift_reg_n_chan_stream_weig_1, i12 %void_compute_output_buffer_2d_array_const_ap_shift_reg_n_chan_stream_weig, i12 %void_conv_2d_buffer_latency_cl_stream_stream_weight_t_bias_t_line_buffer_3, i12 %void_conv_2d_buffer_latency_cl_stream_stream_weight_t_bias_t_line_buffer_2, i12 %void_conv_2d_buffer_latency_cl_stream_stream_weight_t_bias_t_line_buffer_1, i12 %void_conv_2d_buffer_latency_cl_stream_stream_weight_t_bias_t_line_buffer, i32 %sY_1, i32 %pY_1, i32 %pX_1" [firmware/nnet_utils/nnet_conv2d_stream.h:32->firmware/nnet_utils/nnet_conv2d_stream.h:76]   --->   Operation 18 'call' 'call_ln32' <Predicate = (!icmp_ln25)> <Delay = 0.00> <CoreType = "Generic">   --->   Core 0 '' <Latency = 0> <II = 1> <Delay = 1.00> <Generic> <Opcode : >
ST_2 : Operation 25 [1/1] (0.00ns)   --->   "%ret_ln82 = ret" [firmware/nnet_utils/nnet_conv2d_stream.h:82]   --->   Operation 25 'ret' 'ret_ln82' <Predicate = (icmp_ln25)> <Delay = 0.00>

State 3 <SV = 2> <Delay = 0.00>
ST_3 : Operation 19 [2/3] (0.00ns)   --->   "%call_ln32 = call void @compute_output_buffer_2d<array,array<ap_fixed<9,5,5,3,0>,7u>,config3>, i12 %layer8_out_read, i63 %layer3_out, i12 %void_compute_output_buffer_2d_array_const_ap_shift_reg_n_chan_stream_weig_4, i12 %void_compute_output_buffer_2d_array_const_ap_shift_reg_n_chan_stream_weig_3, i12 %void_compute_output_buffer_2d_array_const_ap_shift_reg_n_chan_stream_weig_2, i12 %void_compute_output_buffer_2d_array_const_ap_shift_reg_n_chan_stream_weig_1, i12 %void_compute_output_buffer_2d_array_const_ap_shift_reg_n_chan_stream_weig, i12 %void_conv_2d_buffer_latency_cl_stream_stream_weight_t_bias_t_line_buffer_3, i12 %void_conv_2d_buffer_latency_cl_stream_stream_weight_t_bias_t_line_buffer_2, i12 %void_conv_2d_buffer_latency_cl_stream_stream_weight_t_bias_t_line_buffer_1, i12 %void_conv_2d_buffer_latency_cl_stream_stream_weight_t_bias_t_line_buffer, i32 %sY_1, i32 %pY_1, i32 %pX_1" [firmware/nnet_utils/nnet_conv2d_stream.h:32->firmware/nnet_utils/nnet_conv2d_stream.h:76]   --->   Operation 19 'call' 'call_ln32' <Predicate = (!icmp_ln25)> <Delay = 0.00> <CoreType = "Generic">   --->   Core 0 '' <Latency = 0> <II = 1> <Delay = 1.00> <Generic> <Opcode : >

State 4 <SV = 3> <Delay = 0.00>
ST_4 : Operation 20 [1/1] (0.00ns)   --->   "%specloopname_ln0 = specloopname void @_ssdm_op_SpecLoopName, void @ReadInputHeight_ReadInputWidth_str"   --->   Operation 20 'specloopname' 'specloopname_ln0' <Predicate = true> <Delay = 0.00>
ST_4 : Operation 21 [1/1] (0.00ns)   --->   "%speclooptripcount_ln0 = speclooptripcount void @_ssdm_op_SpecLoopTripCount, i64 1024, i64 1024, i64 1024"   --->   Operation 21 'speclooptripcount' 'speclooptripcount_ln0' <Predicate = true> <Delay = 0.00>
ST_4 : Operation 22 [1/1] (0.00ns)   --->   "%specpipeline_ln29 = specpipeline void @_ssdm_op_SpecPipeline, i32 1, i32 0, i32 0, i32 0, void @empty_5" [firmware/nnet_utils/nnet_conv2d_stream.h:29->firmware/nnet_utils/nnet_conv2d_stream.h:76]   --->   Operation 22 'specpipeline' 'specpipeline_ln29' <Predicate = true> <Delay = 0.00>
ST_4 : Operation 23 [1/3] (0.00ns)   --->   "%call_ln32 = call void @compute_output_buffer_2d<array,array<ap_fixed<9,5,5,3,0>,7u>,config3>, i12 %layer8_out_read, i63 %layer3_out, i12 %void_compute_output_buffer_2d_array_const_ap_shift_reg_n_chan_stream_weig_4, i12 %void_compute_output_buffer_2d_array_const_ap_shift_reg_n_chan_stream_weig_3, i12 %void_compute_output_buffer_2d_array_const_ap_shift_reg_n_chan_stream_weig_2, i12 %void_compute_output_buffer_2d_array_const_ap_shift_reg_n_chan_stream_weig_1, i12 %void_compute_output_buffer_2d_array_const_ap_shift_reg_n_chan_stream_weig, i12 %void_conv_2d_buffer_latency_cl_stream_stream_weight_t_bias_t_line_buffer_3, i12 %void_conv_2d_buffer_latency_cl_stream_stream_weight_t_bias_t_line_buffer_2, i12 %void_conv_2d_buffer_latency_cl_stream_stream_weight_t_bias_t_line_buffer_1, i12 %void_conv_2d_buffer_latency_cl_stream_stream_weight_t_bias_t_line_buffer, i32 %sY_1, i32 %pY_1, i32 %pX_1" [firmware/nnet_utils/nnet_conv2d_stream.h:32->firmware/nnet_utils/nnet_conv2d_stream.h:76]   --->   Operation 23 'call' 'call_ln32' <Predicate = true> <Delay = 0.00> <CoreType = "Generic">   --->   Core 0 '' <Latency = 0> <II = 1> <Delay = 1.00> <Generic> <Opcode : >
ST_4 : Operation 24 [1/1] (0.00ns)   --->   "%br_ln27 = br void %for.body12.i" [firmware/nnet_utils/nnet_conv2d_stream.h:27->firmware/nnet_utils/nnet_conv2d_stream.h:76]   --->   Operation 24 'br' 'br_ln27' <Predicate = true> <Delay = 0.00>


============================================================
+ Verbose Summary: Binding
============================================================
STG Binding: 
---------------- STG Properties BEGIN ----------------
- Is combinational: 0
- Is one-state seq: 0
- Is datapath-only: 0
- Is pipelined: 0
- Is top level: 0
Port [ Return ] is wired: 1; IO mode=ap_ctrl_hs:ce=0
Port [ layer8_out]:  wired=1; compound=1; hidden=0; nouse=0; global=0; static=0; extern=0; dir=0; type=3; pingpong=0; private_global=0; IO mode=ap_fifo:ce=0
Port [ layer3_out]:  wired=1; compound=1; hidden=0; nouse=0; global=0; static=0; extern=0; dir=1; type=3; pingpong=0; private_global=0; IO mode=ap_fifo:ce=0
Port [ void_compute_output_buffer_2d_array_const_ap_shift_reg_n_chan_stream_weig_4]:  wired=0; compound=0; hidden=1; nouse=1; global=1; static=1; extern=0; dir=2; type=0; pingpong=0; private_global=0; IO mode=ap_ovld:ce=0
Port [ void_compute_output_buffer_2d_array_const_ap_shift_reg_n_chan_stream_weig_3]:  wired=0; compound=0; hidden=1; nouse=1; global=1; static=1; extern=0; dir=2; type=0; pingpong=0; private_global=0; IO mode=ap_ovld:ce=0
Port [ void_compute_output_buffer_2d_array_const_ap_shift_reg_n_chan_stream_weig_2]:  wired=0; compound=0; hidden=1; nouse=1; global=1; static=1; extern=0; dir=2; type=0; pingpong=0; private_global=0; IO mode=ap_ovld:ce=0
Port [ void_compute_output_buffer_2d_array_const_ap_shift_reg_n_chan_stream_weig_1]:  wired=0; compound=0; hidden=1; nouse=1; global=1; static=1; extern=0; dir=2; type=0; pingpong=0; private_global=0; IO mode=ap_ovld:ce=0
Port [ void_compute_output_buffer_2d_array_const_ap_shift_reg_n_chan_stream_weig]:  wired=0; compound=0; hidden=1; nouse=1; global=1; static=1; extern=0; dir=2; type=0; pingpong=0; private_global=0; IO mode=ap_ovld:ce=0
Port [ void_conv_2d_buffer_latency_cl_stream_stream_weight_t_bias_t_line_buffer_3]:  wired=0; compound=1; hidden=1; nouse=1; global=1; static=1; extern=0; dir=3; type=1; pingpong=0; private_global=0; MemPort=[2]; IO mode=ap_memory:ce=0
Port [ void_conv_2d_buffer_latency_cl_stream_stream_weight_t_bias_t_line_buffer_2]:  wired=0; compound=1; hidden=1; nouse=1; global=1; static=1; extern=0; dir=3; type=1; pingpong=0; private_global=0; MemPort=[2]; IO mode=ap_memory:ce=0
Port [ void_conv_2d_buffer_latency_cl_stream_stream_weight_t_bias_t_line_buffer_1]:  wired=0; compound=1; hidden=1; nouse=1; global=1; static=1; extern=0; dir=3; type=1; pingpong=0; private_global=0; MemPort=[2]; IO mode=ap_memory:ce=0
Port [ void_conv_2d_buffer_latency_cl_stream_stream_weight_t_bias_t_line_buffer]:  wired=0; compound=1; hidden=1; nouse=1; global=1; static=1; extern=0; dir=3; type=1; pingpong=0; private_global=0; MemPort=[2]; IO mode=ap_memory:ce=0
Port [ sY_1]:  wired=0; compound=0; hidden=1; nouse=1; global=1; static=1; extern=0; dir=2; type=0; pingpong=0; private_global=0; IO mode=ap_ovld:ce=0
Port [ pY_1]:  wired=0; compound=0; hidden=1; nouse=1; global=1; static=1; extern=0; dir=2; type=0; pingpong=0; private_global=0; IO mode=ap_ovld:ce=0
Port [ pX_1]:  wired=0; compound=0; hidden=1; nouse=1; global=1; static=1; extern=0; dir=2; type=0; pingpong=0; private_global=0; IO mode=ap_ovld:ce=0
---------------- STG Properties END ------------------

---------------- Datapath Model BEGIN ----------------

<LifeTime>
<method=bitvector/>
indvar_flatten        (alloca           ) [ 01000]
specinterface_ln0     (specinterface    ) [ 00000]
specinterface_ln0     (specinterface    ) [ 00000]
store_ln0             (store            ) [ 00000]
br_ln25               (br               ) [ 00000]
indvar_flatten_load   (load             ) [ 00000]
icmp_ln25             (icmp             ) [ 01110]
add_ln25              (add              ) [ 00000]
br_ln25               (br               ) [ 00000]
store_ln25            (store            ) [ 00000]
layer8_out_read       (read             ) [ 00000]
specloopname_ln0      (specloopname     ) [ 00000]
speclooptripcount_ln0 (speclooptripcount) [ 00000]
specpipeline_ln29     (specpipeline     ) [ 00000]
call_ln32             (call             ) [ 00000]
br_ln27               (br               ) [ 00000]
ret_ln82              (ret              ) [ 00000]
</LifeTime>

<model>

<comp_list>
<comp id="0" class="1000" name="layer8_out">
<pin_list>
<pin id="1" dir="1" index="0" bw="1" slack="0"/>
</pin_list>
<bind>
<StgValue><ssdm name="layer8_out"/></StgValue>
</bind>
</comp>

<comp id="2" class="1000" name="layer3_out">
<pin_list>
<pin id="3" dir="1" index="0" bw="1" slack="0"/>
</pin_list>
<bind>
<StgValue><ssdm name="layer3_out"/></StgValue>
</bind>
</comp>

<comp id="4" class="1000" name="void_compute_output_buffer_2d_array_const_ap_shift_reg_n_chan_stream_weig_4">
<pin_list>
<pin id="5" dir="1" index="0" bw="1" slack="0"/>
</pin_list>
<bind>
<StgValue><ssdm name="void_compute_output_buffer_2d_array_const_ap_shift_reg_n_chan_stream_weig_4"/></StgValue>
</bind>
</comp>

<comp id="6" class="1000" name="void_compute_output_buffer_2d_array_const_ap_shift_reg_n_chan_stream_weig_3">
<pin_list>
<pin id="7" dir="1" index="0" bw="1" slack="0"/>
</pin_list>
<bind>
<StgValue><ssdm name="void_compute_output_buffer_2d_array_const_ap_shift_reg_n_chan_stream_weig_3"/></StgValue>
</bind>
</comp>

<comp id="8" class="1000" name="void_compute_output_buffer_2d_array_const_ap_shift_reg_n_chan_stream_weig_2">
<pin_list>
<pin id="9" dir="1" index="0" bw="1" slack="0"/>
</pin_list>
<bind>
<StgValue><ssdm name="void_compute_output_buffer_2d_array_const_ap_shift_reg_n_chan_stream_weig_2"/></StgValue>
</bind>
</comp>

<comp id="10" class="1000" name="void_compute_output_buffer_2d_array_const_ap_shift_reg_n_chan_stream_weig_1">
<pin_list>
<pin id="11" dir="1" index="0" bw="1" slack="0"/>
</pin_list>
<bind>
<StgValue><ssdm name="void_compute_output_buffer_2d_array_const_ap_shift_reg_n_chan_stream_weig_1"/></StgValue>
</bind>
</comp>

<comp id="12" class="1000" name="void_compute_output_buffer_2d_array_const_ap_shift_reg_n_chan_stream_weig">
<pin_list>
<pin id="13" dir="1" index="0" bw="1" slack="0"/>
</pin_list>
<bind>
<StgValue><ssdm name="void_compute_output_buffer_2d_array_const_ap_shift_reg_n_chan_stream_weig"/></StgValue>
</bind>
</comp>

<comp id="14" class="1000" name="void_conv_2d_buffer_latency_cl_stream_stream_weight_t_bias_t_line_buffer_3">
<pin_list>
<pin id="15" dir="1" index="0" bw="1" slack="0"/>
</pin_list>
<bind>
<StgValue><ssdm name="void_conv_2d_buffer_latency_cl_stream_stream_weight_t_bias_t_line_buffer_3"/><MemPortTyVec>2 </MemPortTyVec>
</StgValue>
</bind>
</comp>

<comp id="16" class="1000" name="void_conv_2d_buffer_latency_cl_stream_stream_weight_t_bias_t_line_buffer_2">
<pin_list>
<pin id="17" dir="1" index="0" bw="1" slack="0"/>
</pin_list>
<bind>
<StgValue><ssdm name="void_conv_2d_buffer_latency_cl_stream_stream_weight_t_bias_t_line_buffer_2"/><MemPortTyVec>2 </MemPortTyVec>
</StgValue>
</bind>
</comp>

<comp id="18" class="1000" name="void_conv_2d_buffer_latency_cl_stream_stream_weight_t_bias_t_line_buffer_1">
<pin_list>
<pin id="19" dir="1" index="0" bw="1" slack="0"/>
</pin_list>
<bind>
<StgValue><ssdm name="void_conv_2d_buffer_latency_cl_stream_stream_weight_t_bias_t_line_buffer_1"/><MemPortTyVec>2 </MemPortTyVec>
</StgValue>
</bind>
</comp>

<comp id="20" class="1000" name="void_conv_2d_buffer_latency_cl_stream_stream_weight_t_bias_t_line_buffer">
<pin_list>
<pin id="21" dir="1" index="0" bw="1" slack="0"/>
</pin_list>
<bind>
<StgValue><ssdm name="void_conv_2d_buffer_latency_cl_stream_stream_weight_t_bias_t_line_buffer"/><MemPortTyVec>2 </MemPortTyVec>
</StgValue>
</bind>
</comp>

<comp id="22" class="1000" name="sY_1">
<pin_list>
<pin id="23" dir="1" index="0" bw="1" slack="0"/>
</pin_list>
<bind>
<StgValue><ssdm name="sY_1"/></StgValue>
</bind>
</comp>

<comp id="24" class="1000" name="pY_1">
<pin_list>
<pin id="25" dir="1" index="0" bw="1" slack="0"/>
</pin_list>
<bind>
<StgValue><ssdm name="pY_1"/></StgValue>
</bind>
</comp>

<comp id="26" class="1000" name="pX_1">
<pin_list>
<pin id="27" dir="1" index="0" bw="1" slack="0"/>
</pin_list>
<bind>
<StgValue><ssdm name="pX_1"/></StgValue>
</bind>
</comp>

<comp id="28" class="1001" name="const_28">
<pin_list>
<pin id="29" dir="1" index="0" bw="1" slack="0"/>
</pin_list>
<bind>
<StgValue><ssdm name=""/></StgValue>
</bind>
</comp>

<comp id="30" class="1001" name="const_30">
<pin_list>
<pin id="31" dir="1" index="0" bw="1" slack="2147483647"/>
</pin_list>
<bind>
<StgValue><ssdm name="_ssdm_op_SpecInterface"/></StgValue>
</bind>
</comp>

<comp id="32" class="1001" name="const_32">
<pin_list>
<pin id="33" dir="1" index="0" bw="1" slack="2147483647"/>
</pin_list>
<bind>
<StgValue><ssdm name="empty"/></StgValue>
</bind>
</comp>

<comp id="34" class="1001" name="const_34">
<pin_list>
<pin id="35" dir="1" index="0" bw="1" slack="2147483647"/>
</pin_list>
<bind>
<StgValue><ssdm name=""/></StgValue>
</bind>
</comp>

<comp id="36" class="1001" name="const_36">
<pin_list>
<pin id="37" dir="1" index="0" bw="1" slack="2147483647"/>
</pin_list>
<bind>
<StgValue><ssdm name="empty_5"/></StgValue>
</bind>
</comp>

<comp id="38" class="1001" name="const_38">
<pin_list>
<pin id="39" dir="1" index="0" bw="1" slack="2147483647"/>
</pin_list>
<bind>
<StgValue><ssdm name=""/></StgValue>
</bind>
</comp>

<comp id="40" class="1001" name="const_40">
<pin_list>
<pin id="41" dir="1" index="0" bw="1" slack="0"/>
</pin_list>
<bind>
<StgValue><ssdm name=""/></StgValue>
</bind>
</comp>

<comp id="42" class="1001" name="const_42">
<pin_list>
<pin id="43" dir="1" index="0" bw="1" slack="0"/>
</pin_list>
<bind>
<StgValue><ssdm name=""/></StgValue>
</bind>
</comp>

<comp id="44" class="1001" name="const_44">
<pin_list>
<pin id="45" dir="1" index="0" bw="1" slack="0"/>
</pin_list>
<bind>
<StgValue><ssdm name=""/></StgValue>
</bind>
</comp>

<comp id="46" class="1001" name="const_46">
<pin_list>
<pin id="47" dir="1" index="0" bw="1" slack="0"/>
</pin_list>
<bind>
<StgValue><ssdm name="_ssdm_op_Read.ap_fifo.volatile.i12P0A"/></StgValue>
</bind>
</comp>

<comp id="48" class="1001" name="const_48">
<pin_list>
<pin id="49" dir="1" index="0" bw="1" slack="0"/>
</pin_list>
<bind>
<StgValue><ssdm name="compute_output_buffer_2d<array,array<ap_fixed<9,5,5,3,0>,7u>,config3>"/></StgValue>
</bind>
</comp>

<comp id="50" class="1001" name="const_50">
<pin_list>
<pin id="51" dir="1" index="0" bw="1" slack="2147483647"/>
</pin_list>
<bind>
<StgValue><ssdm name="_ssdm_op_SpecLoopName"/></StgValue>
</bind>
</comp>

<comp id="52" class="1001" name="const_52">
<pin_list>
<pin id="53" dir="1" index="0" bw="1" slack="2147483647"/>
</pin_list>
<bind>
<StgValue><ssdm name="ReadInputHeight_ReadInputWidth_str"/></StgValue>
</bind>
</comp>

<comp id="54" class="1001" name="const_54">
<pin_list>
<pin id="55" dir="1" index="0" bw="1" slack="2147483647"/>
</pin_list>
<bind>
<StgValue><ssdm name="_ssdm_op_SpecLoopTripCount"/></StgValue>
</bind>
</comp>

<comp id="56" class="1001" name="const_56">
<pin_list>
<pin id="57" dir="1" index="0" bw="1" slack="2147483647"/>
</pin_list>
<bind>
<StgValue><ssdm name=""/></StgValue>
</bind>
</comp>

<comp id="58" class="1001" name="const_58">
<pin_list>
<pin id="59" dir="1" index="0" bw="1" slack="2147483647"/>
</pin_list>
<bind>
<StgValue><ssdm name="_ssdm_op_SpecPipeline"/></StgValue>
</bind>
</comp>

<comp id="60" class="1004" name="indvar_flatten_fu_60">
<pin_list>
<pin id="61" dir="0" index="0" bw="1" slack="0"/>
<pin id="62" dir="1" index="1" bw="11" slack="0"/>
</pin_list>
<bind>
<opcode="alloca(26) " fcode="alloca"/>
<opset="indvar_flatten/1 "/>
</bind>
</comp>

<comp id="64" class="1004" name="layer8_out_read_read_fu_64">
<pin_list>
<pin id="65" dir="0" index="0" bw="12" slack="0"/>
<pin id="66" dir="0" index="1" bw="12" slack="0"/>
<pin id="67" dir="1" index="2" bw="12" slack="0"/>
</pin_list>
<bind>
<opcode="read(1150) " fcode="read"/>
<opset="layer8_out_read/2 "/>
</bind>
</comp>

<comp id="70" class="1004" name="grp_compute_output_buffer_2d_array_array_ap_fixed_9_5_5_3_0_7u_config3_s_fu_70">
<pin_list>
<pin id="71" dir="0" index="0" bw="0" slack="0"/>
<pin id="72" dir="0" index="1" bw="12" slack="0"/>
<pin id="73" dir="0" index="2" bw="63" slack="0"/>
<pin id="74" dir="0" index="3" bw="12" slack="0"/>
<pin id="75" dir="0" index="4" bw="12" slack="0"/>
<pin id="76" dir="0" index="5" bw="12" slack="0"/>
<pin id="77" dir="0" index="6" bw="12" slack="0"/>
<pin id="78" dir="0" index="7" bw="12" slack="0"/>
<pin id="79" dir="0" index="8" bw="12" slack="0"/>
<pin id="80" dir="0" index="9" bw="12" slack="0"/>
<pin id="81" dir="0" index="10" bw="12" slack="0"/>
<pin id="82" dir="0" index="11" bw="12" slack="0"/>
<pin id="83" dir="0" index="12" bw="32" slack="0"/>
<pin id="84" dir="0" index="13" bw="32" slack="0"/>
<pin id="85" dir="0" index="14" bw="32" slack="0"/>
<pin id="86" dir="1" index="15" bw="0" slack="2147483647"/>
</pin_list>
<bind>
<opcode="call(48) " fcode="call"/>
<opset="call_ln32/2 "/>
</bind>
</comp>

<comp id="102" class="1004" name="store_ln0_store_fu_102">
<pin_list>
<pin id="103" dir="0" index="0" bw="1" slack="0"/>
<pin id="104" dir="0" index="1" bw="11" slack="0"/>
<pin id="105" dir="1" index="2" bw="0" slack="2147483647"/>
</pin_list>
<bind>
<opcode="store(28) " fcode="store"/>
<opset="store_ln0/1 "/>
</bind>
</comp>

<comp id="107" class="1004" name="indvar_flatten_load_load_fu_107">
<pin_list>
<pin id="108" dir="0" index="0" bw="11" slack="0"/>
<pin id="109" dir="1" index="1" bw="11" slack="0"/>
</pin_list>
<bind>
<opcode="load(27) " fcode="load"/>
<opset="indvar_flatten_load/1 "/>
</bind>
</comp>

<comp id="110" class="1004" name="icmp_ln25_fu_110">
<pin_list>
<pin id="111" dir="0" index="0" bw="11" slack="0"/>
<pin id="112" dir="0" index="1" bw="11" slack="0"/>
<pin id="113" dir="1" index="2" bw="1" slack="1"/>
</pin_list>
<bind>
<opcode="icmp(45) " fcode="icmp"/>
<opset="icmp_ln25/1 "/>
</bind>
</comp>

<comp id="116" class="1004" name="add_ln25_fu_116">
<pin_list>
<pin id="117" dir="0" index="0" bw="11" slack="0"/>
<pin id="118" dir="0" index="1" bw="1" slack="0"/>
<pin id="119" dir="1" index="2" bw="11" slack="0"/>
</pin_list>
<bind>
<opcode="add(8) " fcode="add"/>
<opset="add_ln25/1 "/>
</bind>
</comp>

<comp id="122" class="1004" name="store_ln25_store_fu_122">
<pin_list>
<pin id="123" dir="0" index="0" bw="11" slack="0"/>
<pin id="124" dir="0" index="1" bw="11" slack="0"/>
<pin id="125" dir="1" index="2" bw="0" slack="2147483647"/>
</pin_list>
<bind>
<opcode="store(28) " fcode="store"/>
<opset="store_ln25/1 "/>
</bind>
</comp>

<comp id="127" class="1005" name="indvar_flatten_reg_127">
<pin_list>
<pin id="128" dir="0" index="0" bw="11" slack="0"/>
<pin id="129" dir="1" index="1" bw="11" slack="0"/>
</pin_list>
<bind>
<opset="indvar_flatten "/>
</bind>
</comp>

<comp id="134" class="1005" name="icmp_ln25_reg_134">
<pin_list>
<pin id="135" dir="0" index="0" bw="1" slack="1"/>
<pin id="136" dir="1" index="1" bw="1" slack="2147483647"/>
</pin_list>
<bind>
<opset="icmp_ln25 "/>
</bind>
</comp>

</comp_list>

<net_list>
<net id="63"><net_src comp="28" pin="0"/><net_sink comp="60" pin=0"/></net>

<net id="68"><net_src comp="46" pin="0"/><net_sink comp="64" pin=0"/></net>

<net id="69"><net_src comp="0" pin="0"/><net_sink comp="64" pin=1"/></net>

<net id="87"><net_src comp="48" pin="0"/><net_sink comp="70" pin=0"/></net>

<net id="88"><net_src comp="64" pin="2"/><net_sink comp="70" pin=1"/></net>

<net id="89"><net_src comp="2" pin="0"/><net_sink comp="70" pin=2"/></net>

<net id="90"><net_src comp="4" pin="0"/><net_sink comp="70" pin=3"/></net>

<net id="91"><net_src comp="6" pin="0"/><net_sink comp="70" pin=4"/></net>

<net id="92"><net_src comp="8" pin="0"/><net_sink comp="70" pin=5"/></net>

<net id="93"><net_src comp="10" pin="0"/><net_sink comp="70" pin=6"/></net>

<net id="94"><net_src comp="12" pin="0"/><net_sink comp="70" pin=7"/></net>

<net id="95"><net_src comp="14" pin="0"/><net_sink comp="70" pin=8"/></net>

<net id="96"><net_src comp="16" pin="0"/><net_sink comp="70" pin=9"/></net>

<net id="97"><net_src comp="18" pin="0"/><net_sink comp="70" pin=10"/></net>

<net id="98"><net_src comp="20" pin="0"/><net_sink comp="70" pin=11"/></net>

<net id="99"><net_src comp="22" pin="0"/><net_sink comp="70" pin=12"/></net>

<net id="100"><net_src comp="24" pin="0"/><net_sink comp="70" pin=13"/></net>

<net id="101"><net_src comp="26" pin="0"/><net_sink comp="70" pin=14"/></net>

<net id="106"><net_src comp="40" pin="0"/><net_sink comp="102" pin=0"/></net>

<net id="114"><net_src comp="107" pin="1"/><net_sink comp="110" pin=0"/></net>

<net id="115"><net_src comp="42" pin="0"/><net_sink comp="110" pin=1"/></net>

<net id="120"><net_src comp="107" pin="1"/><net_sink comp="116" pin=0"/></net>

<net id="121"><net_src comp="44" pin="0"/><net_sink comp="116" pin=1"/></net>

<net id="126"><net_src comp="116" pin="2"/><net_sink comp="122" pin=0"/></net>

<net id="130"><net_src comp="60" pin="1"/><net_sink comp="127" pin=0"/></net>

<net id="131"><net_src comp="127" pin="1"/><net_sink comp="102" pin=1"/></net>

<net id="132"><net_src comp="127" pin="1"/><net_sink comp="107" pin=0"/></net>

<net id="133"><net_src comp="127" pin="1"/><net_sink comp="122" pin=1"/></net>

<net id="137"><net_src comp="110" pin="2"/><net_sink comp="134" pin=0"/></net>

</net_list>

</model> 
---------------- Datapath Model END ------------------

* FSMD analyzer results:
  - Output states:
	Port: layer3_out | {4 }
	Port: void_compute_output_buffer_2d_array_const_ap_shift_reg_n_chan_stream_weig_4 | {2 }
	Port: void_compute_output_buffer_2d_array_const_ap_shift_reg_n_chan_stream_weig_3 | {2 }
	Port: void_compute_output_buffer_2d_array_const_ap_shift_reg_n_chan_stream_weig_2 | {2 }
	Port: void_compute_output_buffer_2d_array_const_ap_shift_reg_n_chan_stream_weig_1 | {2 }
	Port: void_compute_output_buffer_2d_array_const_ap_shift_reg_n_chan_stream_weig | {2 }
	Port: void_conv_2d_buffer_latency_cl_stream_stream_weight_t_bias_t_line_buffer_3 | {2 }
	Port: void_conv_2d_buffer_latency_cl_stream_stream_weight_t_bias_t_line_buffer_2 | {2 }
	Port: void_conv_2d_buffer_latency_cl_stream_stream_weight_t_bias_t_line_buffer_1 | {2 }
	Port: void_conv_2d_buffer_latency_cl_stream_stream_weight_t_bias_t_line_buffer | {2 }
	Port: sY_1 | {4 }
	Port: pY_1 | {3 }
	Port: pX_1 | {3 }
 - Input state : 
	Port: conv_2d_cl<array<ap_fixed,1u>,array<ap_fixed<9,5,5,3,0>,7u>,config3> : layer8_out | {2 }
	Port: conv_2d_cl<array<ap_fixed,1u>,array<ap_fixed<9,5,5,3,0>,7u>,config3> : void_compute_output_buffer_2d_array_const_ap_shift_reg_n_chan_stream_weig_4 | {3 }
	Port: conv_2d_cl<array<ap_fixed,1u>,array<ap_fixed<9,5,5,3,0>,7u>,config3> : void_compute_output_buffer_2d_array_const_ap_shift_reg_n_chan_stream_weig_3 | {3 }
	Port: conv_2d_cl<array<ap_fixed,1u>,array<ap_fixed<9,5,5,3,0>,7u>,config3> : void_compute_output_buffer_2d_array_const_ap_shift_reg_n_chan_stream_weig_2 | {3 }
	Port: conv_2d_cl<array<ap_fixed,1u>,array<ap_fixed<9,5,5,3,0>,7u>,config3> : void_compute_output_buffer_2d_array_const_ap_shift_reg_n_chan_stream_weig_1 | {3 }
	Port: conv_2d_cl<array<ap_fixed,1u>,array<ap_fixed<9,5,5,3,0>,7u>,config3> : void_compute_output_buffer_2d_array_const_ap_shift_reg_n_chan_stream_weig | {3 }
	Port: conv_2d_cl<array<ap_fixed,1u>,array<ap_fixed<9,5,5,3,0>,7u>,config3> : void_conv_2d_buffer_latency_cl_stream_stream_weight_t_bias_t_line_buffer_3 | {2 }
	Port: conv_2d_cl<array<ap_fixed,1u>,array<ap_fixed<9,5,5,3,0>,7u>,config3> : void_conv_2d_buffer_latency_cl_stream_stream_weight_t_bias_t_line_buffer_2 | {2 }
	Port: conv_2d_cl<array<ap_fixed,1u>,array<ap_fixed<9,5,5,3,0>,7u>,config3> : void_conv_2d_buffer_latency_cl_stream_stream_weight_t_bias_t_line_buffer_1 | {2 }
	Port: conv_2d_cl<array<ap_fixed,1u>,array<ap_fixed<9,5,5,3,0>,7u>,config3> : void_conv_2d_buffer_latency_cl_stream_stream_weight_t_bias_t_line_buffer | {2 }
	Port: conv_2d_cl<array<ap_fixed,1u>,array<ap_fixed<9,5,5,3,0>,7u>,config3> : sY_1 | {3 }
	Port: conv_2d_cl<array<ap_fixed,1u>,array<ap_fixed<9,5,5,3,0>,7u>,config3> : pY_1 | {3 }
	Port: conv_2d_cl<array<ap_fixed,1u>,array<ap_fixed<9,5,5,3,0>,7u>,config3> : pX_1 | {3 }
  - Chain level:
	State 1
		store_ln0 : 1
		indvar_flatten_load : 1
		icmp_ln25 : 2
		add_ln25 : 2
		br_ln25 : 3
		store_ln25 : 3
	State 2
	State 3
	State 4


============================================================
+ Verbose Summary: Datapath Resource usage 
============================================================

* Functional unit list:
|----------|--------------------------------------------------------------------------------|---------|---------|---------|
| Operation|                                 Functional Unit                                |   DSP   |    FF   |   LUT   |
|----------|--------------------------------------------------------------------------------|---------|---------|---------|
|   call   | grp_compute_output_buffer_2d_array_array_ap_fixed_9_5_5_3_0_7u_config3_s_fu_70 |    1    |   129   |   1086  |
|----------|--------------------------------------------------------------------------------|---------|---------|---------|
|   icmp   |                                icmp_ln25_fu_110                                |    0    |    0    |    18   |
|----------|--------------------------------------------------------------------------------|---------|---------|---------|
|    add   |                                 add_ln25_fu_116                                |    0    |    0    |    18   |
|----------|--------------------------------------------------------------------------------|---------|---------|---------|
|   read   |                           layer8_out_read_read_fu_64                           |    0    |    0    |    0    |
|----------|--------------------------------------------------------------------------------|---------|---------|---------|
|   Total  |                                                                                |    1    |   129   |   1122  |
|----------|--------------------------------------------------------------------------------|---------|---------|---------|

Memories:
N/A

* Register list:
+----------------------+--------+
|                      |   FF   |
+----------------------+--------+
|   icmp_ln25_reg_134  |    1   |
|indvar_flatten_reg_127|   11   |
+----------------------+--------+
|         Total        |   12   |
+----------------------+--------+

* Multiplexer (MUX) list: 
|--------|------|------|------|--------|
|  Comp  |  Pin | Size |  BW  | S x BW |
|--------|------|------|------|--------|
|  Total |      |      |      |    0   |
|--------|------|------|------|--------|



* Summary:
+-----------+--------+--------+--------+
|           |   DSP  |   FF   |   LUT  |
+-----------+--------+--------+--------+
|  Function |    1   |   129  |  1122  |
|   Memory  |    -   |    -   |    -   |
|Multiplexer|    -   |    -   |    -   |
|  Register |    -   |   12   |    -   |
+-----------+--------+--------+--------+
|   Total   |    1   |   141  |  1122  |
+-----------+--------+--------+--------+
