

================================================================
== Vitis HLS Report for 'dense_latency_ap_fixed_12_6_5_3_0_ap_fixed_9_5_5_3_0_config3_mult_s'
================================================================
* Date:           Wed May 13 16:57:07 2026

* Version:        2023.2 (Build 4023990 on Oct 11 2023)
* Project:        cnn_core_prj
* Solution:       solution1 (Vivado IP Flow Target)
* Product family: kintexuplus
* Target device:  xcku5p-ffvb676-2-e


================================================================
== Performance Estimates
================================================================
+ Timing: 
    * Summary: 
    +--------+---------+----------+------------+
    |  Clock |  Target | Estimated| Uncertainty|
    +--------+---------+----------+------------+
    |ap_clk  |  5.00 ns|  2.921 ns|     1.35 ns|
    +--------+---------+----------+------------+

+ Latency: 
    * Summary: 
    +---------+---------+----------+----------+-----+-----+---------+
    |  Latency (cycles) |  Latency (absolute) |  Interval | Pipeline|
    |   min   |   max   |    min   |    max   | min | max |   Type  |
    +---------+---------+----------+----------+-----+-----+---------+
    |        0|        0|      0 ns|      0 ns|    1|    1|      yes|
    +---------+---------+----------+----------+-----+-----+---------+

    + Detail: 
        * Instance: 
        N/A

        * Loop: 
        N/A

============================================================
+ Verbose Summary: Synthesis Manager
============================================================
InlineROM: 1
ExposeGlobal: 0
============================================================
+ Verbose Summary: CDFG Model
============================================================
IsTopModel: 0
ResetActiveHigh: 1
IsCombinational: 0
IsDatapathOnly: 0
HasWiredReturn: 1
HasMFsm: 2
HasVarLatency: 0
IsPipeline: 1
IsRtlPipelined: 0
IsInstanceOverlapped: 0
IsDontTouch: 0
HasImplIP: 0
IsGatedGlobalClock: 0

+ Individual pipeline summary: 
  * Pipeline-0: initiation interval (II) = 1, depth = 1


============================================================
+ Verbose Summary: Schedule
============================================================
* Number of FSM states : 1
* Pipeline : 1
  Pipeline-0 : II = 1, D = 1, States = { 1 }
* Dataflow Pipeline: 0

* FSM state transitions: 
1 --> 

* FSM state operations: 

State 1 <SV = 0> <Delay = 2.92>
ST_1 : Operation 2 [1/1] (0.00ns)   --->   "%specpipeline_ln33 = specpipeline void @_ssdm_op_SpecPipeline, i32 1, i32 0, i32 0, i32 0, void @empty_5" [firmware/nnet_utils/nnet_dense_latency.h:33]   --->   Operation 2 'specpipeline' 'specpipeline_ln33' <Predicate = true> <Delay = 0.00>
ST_1 : Operation 3 [1/1] (0.00ns)   --->   "%specresourcelimit_ln33 = specresourcelimit void @_ssdm_op_SpecResourceLimit, i64 35, void @empty_6, void @empty_5, void @empty_5, void @empty_5" [firmware/nnet_utils/nnet_dense_latency.h:33]   --->   Operation 3 'specresourcelimit' 'specresourcelimit_ln33' <Predicate = true> <Delay = 0.00>
ST_1 : Operation 4 [1/1] (0.00ns)   --->   "%a = load i12 %void_compute_output_buffer_2d_array_const_ap_shift_reg_n_chan_stream_weig_4"   --->   Operation 4 'load' 'a' <Predicate = true> <Delay = 0.00>
ST_1 : Operation 5 [1/1] (0.00ns)   --->   "%sext_ln42 = sext i12 %a" [firmware/nnet_utils/nnet_dense_latency.h:42]   --->   Operation 5 'sext' 'sext_ln42' <Predicate = true> <Delay = 0.00>
ST_1 : Operation 6 [1/1] (0.00ns)   --->   "%shl_ln = bitconcatenate i13 @_ssdm_op_BitConcatenate.i13.i12.i1, i12 %a, i1 0" [firmware/nnet_utils/nnet_dense_latency.h:42]   --->   Operation 6 'bitconcatenate' 'shl_ln' <Predicate = true> <Delay = 0.00>
ST_1 : Operation 7 [1/1] (0.00ns)   --->   "%shl_ln42_cast16_i = sext i13 %shl_ln" [firmware/nnet_utils/nnet_dense_latency.h:42]   --->   Operation 7 'sext' 'shl_ln42_cast16_i' <Predicate = true> <Delay = 0.00>
ST_1 : Operation 8 [1/1] (0.00ns)   --->   "%a_1 = load i12 %void_compute_output_buffer_2d_array_const_ap_shift_reg_n_chan_stream_weig_3"   --->   Operation 8 'load' 'a_1' <Predicate = true> <Delay = 0.00>
ST_1 : Operation 9 [1/1] (0.00ns)   --->   "%sext_ln42_296 = sext i12 %a_1" [firmware/nnet_utils/nnet_dense_latency.h:42]   --->   Operation 9 'sext' 'sext_ln42_296' <Predicate = true> <Delay = 0.00>
ST_1 : Operation 10 [1/1] (0.00ns)   --->   "%shl_ln42_1 = bitconcatenate i15 @_ssdm_op_BitConcatenate.i15.i12.i3, i12 %a_1, i3 0" [firmware/nnet_utils/nnet_dense_latency.h:42]   --->   Operation 10 'bitconcatenate' 'shl_ln42_1' <Predicate = true> <Delay = 0.00>
ST_1 : Operation 11 [1/1] (0.00ns)   --->   "%shl_ln42_2 = bitconcatenate i13 @_ssdm_op_BitConcatenate.i13.i12.i1, i12 %a_1, i1 0" [firmware/nnet_utils/nnet_dense_latency.h:42]   --->   Operation 11 'bitconcatenate' 'shl_ln42_2' <Predicate = true> <Delay = 0.00>
ST_1 : Operation 12 [1/1] (0.00ns)   --->   "%sext_ln42_297 = sext i13 %shl_ln42_2" [firmware/nnet_utils/nnet_dense_latency.h:42]   --->   Operation 12 'sext' 'sext_ln42_297' <Predicate = true> <Delay = 0.00>
ST_1 : Operation 13 [1/1] (0.00ns)   --->   "%sext_ln42_298 = sext i13 %shl_ln42_2" [firmware/nnet_utils/nnet_dense_latency.h:42]   --->   Operation 13 'sext' 'sext_ln42_298' <Predicate = true> <Delay = 0.00>
ST_1 : Operation 14 [1/1] (0.84ns)   --->   "%sub_ln42 = sub i15 %shl_ln42_1, i15 %sext_ln42_297" [firmware/nnet_utils/nnet_dense_latency.h:42]   --->   Operation 14 'sub' 'sub_ln42' <Predicate = true> <Delay = 0.84> <CoreInst = "Adder">   --->   Core 1 'Adder' <Latency = 0> <II = 1> <Delay = 0.84> <FuncUnit> <Opcode : 'add' 'sub'> <InPorts = 2> <OutPorts = 1>
ST_1 : Operation 15 [1/1] (0.84ns)   --->   "%sub_ln42_1 = sub i15 %sext_ln42_297, i15 %shl_ln42_1" [firmware/nnet_utils/nnet_dense_latency.h:42]   --->   Operation 15 'sub' 'sub_ln42_1' <Predicate = true> <Delay = 0.84> <CoreInst = "Adder">   --->   Core 1 'Adder' <Latency = 0> <II = 1> <Delay = 0.84> <FuncUnit> <Opcode : 'add' 'sub'> <InPorts = 2> <OutPorts = 1>
ST_1 : Operation 16 [1/1] (0.00ns)   --->   "%a_2 = load i12 %void_compute_output_buffer_2d_array_const_ap_shift_reg_n_chan_stream_weig_2"   --->   Operation 16 'load' 'a_2' <Predicate = true> <Delay = 0.00>
ST_1 : Operation 17 [1/1] (0.00ns)   --->   "%sext_ln42_299 = sext i12 %a_2" [firmware/nnet_utils/nnet_dense_latency.h:42]   --->   Operation 17 'sext' 'sext_ln42_299' <Predicate = true> <Delay = 0.00>
ST_1 : Operation 18 [1/1] (2.18ns)   --->   "%mul_ln42 = mul i15 %sext_ln42_299, i15 11" [firmware/nnet_utils/nnet_dense_latency.h:42]   --->   Operation 18 'mul' 'mul_ln42' <Predicate = true> <Delay = 2.18> <CoreInst = "Multiplier">   --->   Core 3 'Multiplier' <Latency = 0> <II = 1> <Delay = 2.18> <FuncUnit> <Opcode : 'mul'> <InPorts = 2> <OutPorts = 1>
ST_1 : Operation 19 [1/1] (0.00ns)   --->   "%shl_ln42_3 = bitconcatenate i13 @_ssdm_op_BitConcatenate.i13.i12.i1, i12 %a_2, i1 0" [firmware/nnet_utils/nnet_dense_latency.h:42]   --->   Operation 19 'bitconcatenate' 'shl_ln42_3' <Predicate = true> <Delay = 0.00>
ST_1 : Operation 20 [1/1] (0.00ns)   --->   "%sext_ln42_300 = sext i13 %shl_ln42_3" [firmware/nnet_utils/nnet_dense_latency.h:42]   --->   Operation 20 'sext' 'sext_ln42_300' <Predicate = true> <Delay = 0.00>
ST_1 : Operation 21 [1/1] (0.00ns)   --->   "%sext_ln42_301 = sext i13 %shl_ln42_3" [firmware/nnet_utils/nnet_dense_latency.h:42]   --->   Operation 21 'sext' 'sext_ln42_301' <Predicate = true> <Delay = 0.00>
ST_1 : Operation 22 [1/1] (0.00ns)   --->   "%shl_ln42_4 = bitconcatenate i14 @_ssdm_op_BitConcatenate.i14.i12.i2, i12 %a_2, i2 0" [firmware/nnet_utils/nnet_dense_latency.h:42]   --->   Operation 22 'bitconcatenate' 'shl_ln42_4' <Predicate = true> <Delay = 0.00>
ST_1 : Operation 23 [1/1] (0.00ns)   --->   "%sext_ln42_302 = sext i14 %shl_ln42_4" [firmware/nnet_utils/nnet_dense_latency.h:42]   --->   Operation 23 'sext' 'sext_ln42_302' <Predicate = true> <Delay = 0.00>
ST_1 : Operation 24 [1/1] (0.83ns)   --->   "%sub_ln42_2 = sub i15 %sext_ln42_302, i15 %sext_ln42_299" [firmware/nnet_utils/nnet_dense_latency.h:42]   --->   Operation 24 'sub' 'sub_ln42_2' <Predicate = true> <Delay = 0.83> <CoreInst = "Adder">   --->   Core 1 'Adder' <Latency = 0> <II = 1> <Delay = 0.83> <FuncUnit> <Opcode : 'add' 'sub'> <InPorts = 2> <OutPorts = 1>
ST_1 : Operation 25 [1/1] (0.00ns)   --->   "%shl_ln42_5 = bitconcatenate i15 @_ssdm_op_BitConcatenate.i15.i12.i3, i12 %a_2, i3 0" [firmware/nnet_utils/nnet_dense_latency.h:42]   --->   Operation 25 'bitconcatenate' 'shl_ln42_5' <Predicate = true> <Delay = 0.00>
ST_1 : Operation 26 [1/1] (0.00ns)   --->   "%a_3 = load i12 %void_compute_output_buffer_2d_array_const_ap_shift_reg_n_chan_stream_weig_1"   --->   Operation 26 'load' 'a_3' <Predicate = true> <Delay = 0.00>
ST_1 : Operation 27 [1/1] (0.00ns)   --->   "%sext_ln70 = sext i12 %a_3" [firmware/nnet_utils/nnet_mult.h:70->firmware/nnet_utils/nnet_dense_latency.h:42]   --->   Operation 27 'sext' 'sext_ln70' <Predicate = true> <Delay = 0.00>
ST_1 : Operation 28 [1/1] (0.00ns)   --->   "%sext_ln70_523 = sext i12 %a_3" [firmware/nnet_utils/nnet_mult.h:70->firmware/nnet_utils/nnet_dense_latency.h:42]   --->   Operation 28 'sext' 'sext_ln70_523' <Predicate = true> <Delay = 0.00>
ST_1 : Operation 29 [1/1] (0.00ns)   --->   "%shl_ln42_6 = bitconcatenate i15 @_ssdm_op_BitConcatenate.i15.i12.i3, i12 %a_3, i3 0" [firmware/nnet_utils/nnet_dense_latency.h:42]   --->   Operation 29 'bitconcatenate' 'shl_ln42_6' <Predicate = true> <Delay = 0.00>
ST_1 : Operation 30 [1/1] (0.00ns)   --->   "%shl_ln42_7 = bitconcatenate i14 @_ssdm_op_BitConcatenate.i14.i12.i2, i12 %a_3, i2 0" [firmware/nnet_utils/nnet_dense_latency.h:42]   --->   Operation 30 'bitconcatenate' 'shl_ln42_7' <Predicate = true> <Delay = 0.00>
ST_1 : Operation 31 [1/1] (0.00ns)   --->   "%sext_ln42_303 = sext i14 %shl_ln42_7" [firmware/nnet_utils/nnet_dense_latency.h:42]   --->   Operation 31 'sext' 'sext_ln42_303' <Predicate = true> <Delay = 0.00>
ST_1 : Operation 32 [1/1] (0.00ns) (grouped into TernaryAdder)   --->   "%sub_ln42_3 = sub i15 0, i15 %sext_ln42_303" [firmware/nnet_utils/nnet_dense_latency.h:42]   --->   Operation 32 'sub' 'sub_ln42_3' <Predicate = true> <Delay = 0.00> <CoreInst = "TAddSub">   --->   Core 10 'TAddSub' <Latency = 0> <II = 1> <Delay = 0.36> <IPBlock> <Opcode : '' 'add' 'sub'> <InPorts = 3> <OutPorts = 1> <Sync> <CReg>
ST_1 : Operation 33 [1/1] (0.73ns) (root node of TernaryAdder)   --->   "%sub_ln42_4 = sub i15 %sub_ln42_3, i15 %sext_ln70" [firmware/nnet_utils/nnet_dense_latency.h:42]   --->   Operation 33 'sub' 'sub_ln42_4' <Predicate = true> <Delay = 0.73> <CoreInst = "TAddSub">   --->   Core 10 'TAddSub' <Latency = 0> <II = 1> <Delay = 0.36> <IPBlock> <Opcode : '' 'add' 'sub'> <InPorts = 3> <OutPorts = 1> <Sync> <CReg>
ST_1 : Operation 34 [1/1] (0.00ns) (grouped into TernaryAdder)   --->   "%sub_ln42_5 = sub i15 0, i15 %shl_ln42_6" [firmware/nnet_utils/nnet_dense_latency.h:42]   --->   Operation 34 'sub' 'sub_ln42_5' <Predicate = true> <Delay = 0.00> <CoreInst = "TAddSub">   --->   Core 10 'TAddSub' <Latency = 0> <II = 1> <Delay = 0.36> <IPBlock> <Opcode : '' 'add' 'sub'> <InPorts = 3> <OutPorts = 1> <Sync> <CReg>
ST_1 : Operation 35 [1/1] (0.73ns) (root node of TernaryAdder)   --->   "%sub_ln42_6 = sub i15 %sub_ln42_5, i15 %sext_ln70" [firmware/nnet_utils/nnet_dense_latency.h:42]   --->   Operation 35 'sub' 'sub_ln42_6' <Predicate = true> <Delay = 0.73> <CoreInst = "TAddSub">   --->   Core 10 'TAddSub' <Latency = 0> <II = 1> <Delay = 0.36> <IPBlock> <Opcode : '' 'add' 'sub'> <InPorts = 3> <OutPorts = 1> <Sync> <CReg>
ST_1 : Operation 36 [1/1] (0.00ns)   --->   "%shl_ln42_8 = bitconcatenate i13 @_ssdm_op_BitConcatenate.i13.i12.i1, i12 %a_3, i1 0" [firmware/nnet_utils/nnet_dense_latency.h:42]   --->   Operation 36 'bitconcatenate' 'shl_ln42_8' <Predicate = true> <Delay = 0.00>
ST_1 : Operation 37 [1/1] (0.00ns)   --->   "%sext_ln42_304 = sext i13 %shl_ln42_8" [firmware/nnet_utils/nnet_dense_latency.h:42]   --->   Operation 37 'sext' 'sext_ln42_304' <Predicate = true> <Delay = 0.00>
ST_1 : Operation 38 [1/1] (0.84ns)   --->   "%sub_ln42_7 = sub i15 %shl_ln42_6, i15 %sext_ln42_304" [firmware/nnet_utils/nnet_dense_latency.h:42]   --->   Operation 38 'sub' 'sub_ln42_7' <Predicate = true> <Delay = 0.84> <CoreInst = "Adder">   --->   Core 1 'Adder' <Latency = 0> <II = 1> <Delay = 0.84> <FuncUnit> <Opcode : 'add' 'sub'> <InPorts = 2> <OutPorts = 1>
ST_1 : Operation 39 [1/1] (0.00ns)   --->   "%a_4 = load i12 %void_compute_output_buffer_2d_array_const_ap_shift_reg_n_chan_stream_weig"   --->   Operation 39 'load' 'a_4' <Predicate = true> <Delay = 0.00>
ST_1 : Operation 40 [1/1] (0.00ns)   --->   "%sext_ln42_305 = sext i12 %a_4" [firmware/nnet_utils/nnet_dense_latency.h:42]   --->   Operation 40 'sext' 'sext_ln42_305' <Predicate = true> <Delay = 0.00>
ST_1 : Operation 41 [1/1] (0.00ns)   --->   "%sext_ln42_306 = sext i12 %a_4" [firmware/nnet_utils/nnet_dense_latency.h:42]   --->   Operation 41 'sext' 'sext_ln42_306' <Predicate = true> <Delay = 0.00>
ST_1 : Operation 42 [1/1] (0.00ns)   --->   "%shl_ln42_9 = bitconcatenate i14 @_ssdm_op_BitConcatenate.i14.i12.i2, i12 %a_4, i2 0" [firmware/nnet_utils/nnet_dense_latency.h:42]   --->   Operation 42 'bitconcatenate' 'shl_ln42_9' <Predicate = true> <Delay = 0.00>
ST_1 : Operation 43 [1/1] (0.00ns)   --->   "%sext_ln42_307 = sext i14 %shl_ln42_9" [firmware/nnet_utils/nnet_dense_latency.h:42]   --->   Operation 43 'sext' 'sext_ln42_307' <Predicate = true> <Delay = 0.00>
ST_1 : Operation 44 [1/1] (0.00ns)   --->   "%shl_ln42_s = bitconcatenate i15 @_ssdm_op_BitConcatenate.i15.i12.i3, i12 %a_4, i3 0" [firmware/nnet_utils/nnet_dense_latency.h:42]   --->   Operation 44 'bitconcatenate' 'shl_ln42_s' <Predicate = true> <Delay = 0.00>
ST_1 : Operation 45 [1/1] (0.83ns)   --->   "%sub_ln42_8 = sub i15 %sext_ln42_307, i15 %sext_ln42_306" [firmware/nnet_utils/nnet_dense_latency.h:42]   --->   Operation 45 'sub' 'sub_ln42_8' <Predicate = true> <Delay = 0.83> <CoreInst = "Adder">   --->   Core 1 'Adder' <Latency = 0> <II = 1> <Delay = 0.83> <FuncUnit> <Opcode : 'add' 'sub'> <InPorts = 2> <OutPorts = 1>
ST_1 : Operation 46 [1/1] (0.82ns)   --->   "%add_ln58 = add i14 %shl_ln42_cast16_i, i14 15552" [firmware/nnet_utils/nnet_dense_latency.h:58]   --->   Operation 46 'add' 'add_ln58' <Predicate = true> <Delay = 0.82> <CoreInst = "Adder">   --->   Core 1 'Adder' <Latency = 0> <II = 1> <Delay = 0.82> <FuncUnit> <Opcode : 'add' 'sub'> <InPorts = 2> <OutPorts = 1>
ST_1 : Operation 47 [1/1] (0.00ns)   --->   "%sext_ln58 = sext i14 %add_ln58" [firmware/nnet_utils/nnet_dense_latency.h:58]   --->   Operation 47 'sext' 'sext_ln58' <Predicate = true> <Delay = 0.00>
ST_1 : Operation 48 [1/1] (0.82ns)   --->   "%add_ln58_790 = add i14 %shl_ln42_cast16_i, i14 16064" [firmware/nnet_utils/nnet_dense_latency.h:58]   --->   Operation 48 'add' 'add_ln58_790' <Predicate = true> <Delay = 0.82> <CoreInst = "Adder">   --->   Core 1 'Adder' <Latency = 0> <II = 1> <Delay = 0.82> <FuncUnit> <Opcode : 'add' 'sub'> <InPorts = 2> <OutPorts = 1>
ST_1 : Operation 49 [1/1] (0.00ns)   --->   "%sext_ln58_1 = sext i14 %add_ln58_790" [firmware/nnet_utils/nnet_dense_latency.h:58]   --->   Operation 49 'sext' 'sext_ln58_1' <Predicate = true> <Delay = 0.00>
ST_1 : Operation 50 [1/1] (0.82ns)   --->   "%add_ln58_791 = add i14 %sext_ln42_298, i14 15488" [firmware/nnet_utils/nnet_dense_latency.h:58]   --->   Operation 50 'add' 'add_ln58_791' <Predicate = true> <Delay = 0.82> <CoreInst = "Adder">   --->   Core 1 'Adder' <Latency = 0> <II = 1> <Delay = 0.82> <FuncUnit> <Opcode : 'add' 'sub'> <InPorts = 2> <OutPorts = 1>
ST_1 : Operation 51 [1/1] (0.00ns)   --->   "%sext_ln58_2 = sext i14 %add_ln58_791" [firmware/nnet_utils/nnet_dense_latency.h:58]   --->   Operation 51 'sext' 'sext_ln58_2' <Predicate = true> <Delay = 0.00>
ST_1 : Operation 52 [1/1] (0.83ns)   --->   "%sub_ln58 = sub i15 %sext_ln58_1, i15 %sext_ln42_297" [firmware/nnet_utils/nnet_dense_latency.h:58]   --->   Operation 52 'sub' 'sub_ln58' <Predicate = true> <Delay = 0.83> <CoreInst = "Adder">   --->   Core 1 'Adder' <Latency = 0> <II = 1> <Delay = 0.83> <FuncUnit> <Opcode : 'add' 'sub'> <InPorts = 2> <OutPorts = 1>
ST_1 : Operation 53 [1/1] (0.80ns)   --->   "%tmp34_i = add i13 %sext_ln70_523, i13 %sext_ln42_296" [firmware/nnet_utils/nnet_mult.h:70->firmware/nnet_utils/nnet_dense_latency.h:42]   --->   Operation 53 'add' 'tmp34_i' <Predicate = true> <Delay = 0.80> <CoreInst = "Adder">   --->   Core 1 'Adder' <Latency = 0> <II = 1> <Delay = 0.80> <FuncUnit> <Opcode : 'add' 'sub'> <InPorts = 2> <OutPorts = 1>
ST_1 : Operation 54 [1/1] (0.00ns)   --->   "%p_shl10_i = bitconcatenate i15 @_ssdm_op_BitConcatenate.i15.i13.i2, i13 %tmp34_i, i2 0" [firmware/nnet_utils/nnet_mult.h:70->firmware/nnet_utils/nnet_dense_latency.h:42]   --->   Operation 54 'bitconcatenate' 'p_shl10_i' <Predicate = true> <Delay = 0.00>
ST_1 : Operation 55 [1/1] (0.80ns)   --->   "%add_ln58_792 = add i13 %sext_ln42, i13 7808" [firmware/nnet_utils/nnet_dense_latency.h:58]   --->   Operation 55 'add' 'add_ln58_792' <Predicate = true> <Delay = 0.80> <CoreInst = "Adder">   --->   Core 1 'Adder' <Latency = 0> <II = 1> <Delay = 0.80> <FuncUnit> <Opcode : 'add' 'sub'> <InPorts = 2> <OutPorts = 1>
ST_1 : Operation 56 [1/1] (0.00ns)   --->   "%sext_ln58_3 = sext i13 %add_ln58_792" [firmware/nnet_utils/nnet_dense_latency.h:58]   --->   Operation 56 'sext' 'sext_ln58_3' <Predicate = true> <Delay = 0.00>
ST_1 : Operation 57 [1/1] (0.00ns) (grouped into TernaryAdder)   --->   "%add_ln58_793 = add i15 %sub_ln42_2, i15 %sext_ln58_3" [firmware/nnet_utils/nnet_dense_latency.h:58]   --->   Operation 57 'add' 'add_ln58_793' <Predicate = true> <Delay = 0.00> <CoreInst = "TAddSub">   --->   Core 10 'TAddSub' <Latency = 0> <II = 1> <Delay = 0.36> <IPBlock> <Opcode : '' 'add' 'sub'> <InPorts = 3> <OutPorts = 1> <Sync> <CReg>
ST_1 : Operation 58 [1/1] (0.73ns) (root node of TernaryAdder)   --->   "%x_2 = sub i15 %add_ln58_793, i15 %p_shl10_i" [firmware/nnet_utils/nnet_dense_latency.h:58]   --->   Operation 58 'sub' 'x_2' <Predicate = true> <Delay = 0.73> <CoreInst = "TAddSub">   --->   Core 10 'TAddSub' <Latency = 0> <II = 1> <Delay = 0.36> <IPBlock> <Opcode : '' 'add' 'sub'> <InPorts = 3> <OutPorts = 1> <Sync> <CReg>
ST_1 : Operation 59 [1/1] (0.83ns)   --->   "%add_ln58_794 = add i15 %sext_ln58_2, i15 %sext_ln42_300" [firmware/nnet_utils/nnet_dense_latency.h:58]   --->   Operation 59 'add' 'add_ln58_794' <Predicate = true> <Delay = 0.83> <CoreInst = "Adder">   --->   Core 1 'Adder' <Latency = 0> <II = 1> <Delay = 0.83> <FuncUnit> <Opcode : 'add' 'sub'> <InPorts = 2> <OutPorts = 1>
ST_1 : Operation 60 [1/1] (0.00ns) (grouped into TernaryAdder)   --->   "%add_ln58_795 = add i15 %add_ln58_794, i15 %sub_ln42_4" [firmware/nnet_utils/nnet_dense_latency.h:58]   --->   Operation 60 'add' 'add_ln58_795' <Predicate = true> <Delay = 0.00> <CoreInst = "TAddSub">   --->   Core 10 'TAddSub' <Latency = 0> <II = 1> <Delay = 0.36> <IPBlock> <Opcode : '' 'add' 'sub'> <InPorts = 3> <OutPorts = 1> <Sync> <CReg>
ST_1 : Operation 61 [1/1] (0.84ns)   --->   "%add_ln58_796 = add i15 %shl_ln42_6, i15 %shl_ln42_1" [firmware/nnet_utils/nnet_dense_latency.h:58]   --->   Operation 61 'add' 'add_ln58_796' <Predicate = true> <Delay = 0.84> <CoreInst = "Adder">   --->   Core 1 'Adder' <Latency = 0> <II = 1> <Delay = 0.84> <FuncUnit> <Opcode : 'add' 'sub'> <InPorts = 2> <OutPorts = 1>
ST_1 : Operation 62 [1/1] (0.00ns) (grouped into TernaryAdder)   --->   "%add_ln58_797 = add i15 %add_ln58_796, i15 %mul_ln42" [firmware/nnet_utils/nnet_dense_latency.h:58]   --->   Operation 62 'add' 'add_ln58_797' <Predicate = true> <Delay = 0.00> <CoreInst = "TAddSub">   --->   Core 10 'TAddSub' <Latency = 0> <II = 1> <Delay = 0.36> <IPBlock> <Opcode : '' 'add' 'sub'> <InPorts = 3> <OutPorts = 1> <Sync> <CReg>
ST_1 : Operation 63 [1/1] (0.00ns) (grouped into TernaryAdder)   --->   "%add_ln58_798 = add i15 %sext_ln58, i15 %sext_ln42_307" [firmware/nnet_utils/nnet_dense_latency.h:58]   --->   Operation 63 'add' 'add_ln58_798' <Predicate = true> <Delay = 0.00> <CoreInst = "TAddSub">   --->   Core 10 'TAddSub' <Latency = 0> <II = 1> <Delay = 0.36> <IPBlock> <Opcode : '' 'add' 'sub'> <InPorts = 3> <OutPorts = 1> <Sync> <CReg>
ST_1 : Operation 64 [1/1] (0.80ns)   --->   "%add_ln58_799 = add i13 %sext_ln70_523, i13 %sext_ln42_305" [firmware/nnet_utils/nnet_dense_latency.h:58]   --->   Operation 64 'add' 'add_ln58_799' <Predicate = true> <Delay = 0.80> <CoreInst = "Adder">   --->   Core 1 'Adder' <Latency = 0> <II = 1> <Delay = 0.80> <FuncUnit> <Opcode : 'add' 'sub'> <InPorts = 2> <OutPorts = 1>
ST_1 : Operation 65 [1/1] (0.00ns)   --->   "%sext_ln58_199 = sext i13 %add_ln58_799" [firmware/nnet_utils/nnet_dense_latency.h:58]   --->   Operation 65 'sext' 'sext_ln58_199' <Predicate = true> <Delay = 0.00>
ST_1 : Operation 66 [1/1] (0.73ns) (root node of TernaryAdder)   --->   "%add_ln58_800 = add i15 %sext_ln58_199, i15 %add_ln58_798" [firmware/nnet_utils/nnet_dense_latency.h:58]   --->   Operation 66 'add' 'add_ln58_800' <Predicate = true> <Delay = 0.73> <CoreInst = "TAddSub">   --->   Core 10 'TAddSub' <Latency = 0> <II = 1> <Delay = 0.36> <IPBlock> <Opcode : '' 'add' 'sub'> <InPorts = 3> <OutPorts = 1> <Sync> <CReg>
ST_1 : Operation 67 [1/1] (0.73ns) (root node of TernaryAdder)   --->   "%x = add i15 %add_ln58_800, i15 %add_ln58_797" [firmware/nnet_utils/nnet_dense_latency.h:58]   --->   Operation 67 'add' 'x' <Predicate = true> <Delay = 0.73> <CoreInst = "TAddSub">   --->   Core 10 'TAddSub' <Latency = 0> <II = 1> <Delay = 0.36> <IPBlock> <Opcode : '' 'add' 'sub'> <InPorts = 3> <OutPorts = 1> <Sync> <CReg>
ST_1 : Operation 68 [1/1] (0.80ns)   --->   "%tmp539_i = sub i13 %sext_ln42_305, i13 %sext_ln42" [firmware/nnet_utils/nnet_dense_latency.h:42]   --->   Operation 68 'sub' 'tmp539_i' <Predicate = true> <Delay = 0.80> <CoreInst = "Adder">   --->   Core 1 'Adder' <Latency = 0> <II = 1> <Delay = 0.80> <FuncUnit> <Opcode : 'add' 'sub'> <InPorts = 2> <OutPorts = 1>
ST_1 : Operation 69 [1/1] (0.00ns)   --->   "%tmp54_i = bitconcatenate i15 @_ssdm_op_BitConcatenate.i15.i13.i2, i13 %tmp539_i, i2 0" [firmware/nnet_utils/nnet_dense_latency.h:42]   --->   Operation 69 'bitconcatenate' 'tmp54_i' <Predicate = true> <Delay = 0.00>
ST_1 : Operation 70 [1/1] (0.00ns) (grouped into TernaryAdder)   --->   "%add_ln58_802 = add i15 %sub_ln42, i15 %tmp54_i" [firmware/nnet_utils/nnet_dense_latency.h:58]   --->   Operation 70 'add' 'add_ln58_802' <Predicate = true> <Delay = 0.00> <CoreInst = "TAddSub">   --->   Core 10 'TAddSub' <Latency = 0> <II = 1> <Delay = 0.36> <IPBlock> <Opcode : '' 'add' 'sub'> <InPorts = 3> <OutPorts = 1> <Sync> <CReg>
ST_1 : Operation 71 [1/1] (0.82ns)   --->   "%add_ln58_803 = add i14 %sext_ln42_301, i14 15680" [firmware/nnet_utils/nnet_dense_latency.h:58]   --->   Operation 71 'add' 'add_ln58_803' <Predicate = true> <Delay = 0.82> <CoreInst = "Adder">   --->   Core 1 'Adder' <Latency = 0> <II = 1> <Delay = 0.82> <FuncUnit> <Opcode : 'add' 'sub'> <InPorts = 2> <OutPorts = 1>
ST_1 : Operation 72 [1/1] (0.00ns)   --->   "%sext_ln58_200 = sext i14 %add_ln58_803" [firmware/nnet_utils/nnet_dense_latency.h:58]   --->   Operation 72 'sext' 'sext_ln58_200' <Predicate = true> <Delay = 0.00>
ST_1 : Operation 73 [1/1] (0.73ns) (root node of TernaryAdder)   --->   "%x_1 = add i15 %sext_ln58_200, i15 %add_ln58_802" [firmware/nnet_utils/nnet_dense_latency.h:58]   --->   Operation 73 'add' 'x_1' <Predicate = true> <Delay = 0.73> <CoreInst = "TAddSub">   --->   Core 10 'TAddSub' <Latency = 0> <II = 1> <Delay = 0.36> <IPBlock> <Opcode : '' 'add' 'sub'> <InPorts = 3> <OutPorts = 1> <Sync> <CReg>
ST_1 : Operation 74 [1/1] (0.80ns)   --->   "%tmp55_i = add i13 %sext_ln42_296, i13 %sext_ln42" [firmware/nnet_utils/nnet_dense_latency.h:42]   --->   Operation 74 'add' 'tmp55_i' <Predicate = true> <Delay = 0.80> <CoreInst = "Adder">   --->   Core 1 'Adder' <Latency = 0> <II = 1> <Delay = 0.80> <FuncUnit> <Opcode : 'add' 'sub'> <InPorts = 2> <OutPorts = 1>
ST_1 : Operation 75 [1/1] (0.00ns)   --->   "%tmp55_cast_i = sext i13 %tmp55_i" [firmware/nnet_utils/nnet_dense_latency.h:42]   --->   Operation 75 'sext' 'tmp55_cast_i' <Predicate = true> <Delay = 0.00>
ST_1 : Operation 76 [1/1] (0.00ns)   --->   "%empty = trunc i13 %tmp55_i" [firmware/nnet_utils/nnet_dense_latency.h:42]   --->   Operation 76 'trunc' 'empty' <Predicate = true> <Delay = 0.00>
ST_1 : Operation 77 [1/1] (0.00ns)   --->   "%p_shl7_i = bitconcatenate i15 @_ssdm_op_BitConcatenate.i15.i12.i3, i12 %empty, i3 0" [firmware/nnet_utils/nnet_dense_latency.h:42]   --->   Operation 77 'bitconcatenate' 'p_shl7_i' <Predicate = true> <Delay = 0.00>
ST_1 : Operation 78 [1/1] (0.00ns) (grouped into TernaryAdder)   --->   "%tmp56_i = sub i15 %p_shl7_i, i15 %tmp55_cast_i" [firmware/nnet_utils/nnet_dense_latency.h:42]   --->   Operation 78 'sub' 'tmp56_i' <Predicate = true> <Delay = 0.00> <CoreInst = "TAddSub">   --->   Core 10 'TAddSub' <Latency = 0> <II = 1> <Delay = 0.36> <IPBlock> <Opcode : '' 'add' 'sub'> <InPorts = 3> <OutPorts = 1> <Sync> <CReg>
ST_1 : Operation 79 [1/1] (0.73ns) (root node of TernaryAdder)   --->   "%add_ln58_807 = add i15 %tmp56_i, i15 31872" [firmware/nnet_utils/nnet_dense_latency.h:58]   --->   Operation 79 'add' 'add_ln58_807' <Predicate = true> <Delay = 0.73> <CoreInst = "TAddSub">   --->   Core 10 'TAddSub' <Latency = 0> <II = 1> <Delay = 0.36> <IPBlock> <Opcode : '' 'add' 'sub'> <InPorts = 3> <OutPorts = 1> <Sync> <CReg>
ST_1 : Operation 80 [1/1] (0.00ns) (grouped into TernaryAdder)   --->   "%add_ln58_805 = add i15 %add_ln58_807, i15 %sub_ln42_2" [firmware/nnet_utils/nnet_dense_latency.h:58]   --->   Operation 80 'add' 'add_ln58_805' <Predicate = true> <Delay = 0.00> <CoreInst = "TAddSub">   --->   Core 10 'TAddSub' <Latency = 0> <II = 1> <Delay = 0.36> <IPBlock> <Opcode : '' 'add' 'sub'> <InPorts = 3> <OutPorts = 1> <Sync> <CReg>
ST_1 : Operation 81 [1/1] (0.73ns) (root node of TernaryAdder)   --->   "%x_3 = sub i15 %add_ln58_805, i15 %sext_ln42_306" [firmware/nnet_utils/nnet_dense_latency.h:58]   --->   Operation 81 'sub' 'x_3' <Predicate = true> <Delay = 0.73> <CoreInst = "TAddSub">   --->   Core 10 'TAddSub' <Latency = 0> <II = 1> <Delay = 0.36> <IPBlock> <Opcode : '' 'add' 'sub'> <InPorts = 3> <OutPorts = 1> <Sync> <CReg>
ST_1 : Operation 82 [1/1] (0.73ns) (root node of TernaryAdder)   --->   "%x_4 = sub i15 %add_ln58_795, i15 %shl_ln42_s" [firmware/nnet_utils/nnet_dense_latency.h:58]   --->   Operation 82 'sub' 'x_4' <Predicate = true> <Delay = 0.73> <CoreInst = "TAddSub">   --->   Core 10 'TAddSub' <Latency = 0> <II = 1> <Delay = 0.36> <IPBlock> <Opcode : '' 'add' 'sub'> <InPorts = 3> <OutPorts = 1> <Sync> <CReg>
ST_1 : Operation 83 [1/1] (0.80ns)   --->   "%tmp57_i = add i13 %sext_ln42_305, i13 %sext_ln42" [firmware/nnet_utils/nnet_dense_latency.h:42]   --->   Operation 83 'add' 'tmp57_i' <Predicate = true> <Delay = 0.80> <CoreInst = "Adder">   --->   Core 1 'Adder' <Latency = 0> <II = 1> <Delay = 0.80> <FuncUnit> <Opcode : 'add' 'sub'> <InPorts = 2> <OutPorts = 1>
ST_1 : Operation 84 [1/1] (0.00ns)   --->   "%tmp57_cast_i = sext i13 %tmp57_i" [firmware/nnet_utils/nnet_dense_latency.h:42]   --->   Operation 84 'sext' 'tmp57_cast_i' <Predicate = true> <Delay = 0.00>
ST_1 : Operation 85 [1/1] (0.00ns)   --->   "%p_shl = bitconcatenate i15 @_ssdm_op_BitConcatenate.i15.i13.i2, i13 %tmp57_i, i2 0" [firmware/nnet_utils/nnet_dense_latency.h:42]   --->   Operation 85 'bitconcatenate' 'p_shl' <Predicate = true> <Delay = 0.00>
ST_1 : Operation 86 [1/1] (0.84ns)   --->   "%tmp58_i = sub i15 %tmp57_cast_i, i15 %p_shl" [firmware/nnet_utils/nnet_dense_latency.h:42]   --->   Operation 86 'sub' 'tmp58_i' <Predicate = true> <Delay = 0.84> <CoreInst = "Adder">   --->   Core 1 'Adder' <Latency = 0> <II = 1> <Delay = 0.84> <FuncUnit> <Opcode : 'add' 'sub'> <InPorts = 2> <OutPorts = 1>
ST_1 : Operation 87 [1/1] (0.00ns) (grouped into TernaryAdder)   --->   "%add_ln58_806 = add i15 %sub_ln42_1, i15 384" [firmware/nnet_utils/nnet_dense_latency.h:58]   --->   Operation 87 'add' 'add_ln58_806' <Predicate = true> <Delay = 0.00> <CoreInst = "TAddSub">   --->   Core 10 'TAddSub' <Latency = 0> <II = 1> <Delay = 0.36> <IPBlock> <Opcode : '' 'add' 'sub'> <InPorts = 3> <OutPorts = 1> <Sync> <CReg>
ST_1 : Operation 88 [1/1] (0.73ns) (root node of TernaryAdder)   --->   "%sub_ln58_4 = sub i15 %add_ln58_806, i15 %shl_ln42_5" [firmware/nnet_utils/nnet_dense_latency.h:58]   --->   Operation 88 'sub' 'sub_ln58_4' <Predicate = true> <Delay = 0.73> <CoreInst = "TAddSub">   --->   Core 10 'TAddSub' <Latency = 0> <II = 1> <Delay = 0.36> <IPBlock> <Opcode : '' 'add' 'sub'> <InPorts = 3> <OutPorts = 1> <Sync> <CReg>
ST_1 : Operation 89 [1/1] (0.00ns) (grouped into TernaryAdder)   --->   "%add_ln58_808 = add i15 %sub_ln42_6, i15 %tmp58_i" [firmware/nnet_utils/nnet_dense_latency.h:58]   --->   Operation 89 'add' 'add_ln58_808' <Predicate = true> <Delay = 0.00> <CoreInst = "TAddSub">   --->   Core 10 'TAddSub' <Latency = 0> <II = 1> <Delay = 0.36> <IPBlock> <Opcode : '' 'add' 'sub'> <InPorts = 3> <OutPorts = 1> <Sync> <CReg>
ST_1 : Operation 90 [1/1] (0.73ns) (root node of TernaryAdder)   --->   "%x_5 = add i15 %add_ln58_808, i15 %sub_ln58_4" [firmware/nnet_utils/nnet_dense_latency.h:58]   --->   Operation 90 'add' 'x_5' <Predicate = true> <Delay = 0.73> <CoreInst = "TAddSub">   --->   Core 10 'TAddSub' <Latency = 0> <II = 1> <Delay = 0.36> <IPBlock> <Opcode : '' 'add' 'sub'> <InPorts = 3> <OutPorts = 1> <Sync> <CReg>
ST_1 : Operation 91 [1/1] (0.00ns) (grouped into TernaryAdder)   --->   "%add_ln58_810 = add i15 %sub_ln42_7, i15 %sub_ln42_8" [firmware/nnet_utils/nnet_dense_latency.h:58]   --->   Operation 91 'add' 'add_ln58_810' <Predicate = true> <Delay = 0.00> <CoreInst = "TAddSub">   --->   Core 10 'TAddSub' <Latency = 0> <II = 1> <Delay = 0.36> <IPBlock> <Opcode : '' 'add' 'sub'> <InPorts = 3> <OutPorts = 1> <Sync> <CReg>
ST_1 : Operation 92 [1/1] (0.73ns) (root node of TernaryAdder)   --->   "%x_6 = add i15 %add_ln58_810, i15 %sub_ln58" [firmware/nnet_utils/nnet_dense_latency.h:58]   --->   Operation 92 'add' 'x_6' <Predicate = true> <Delay = 0.73> <CoreInst = "TAddSub">   --->   Core 10 'TAddSub' <Latency = 0> <II = 1> <Delay = 0.36> <IPBlock> <Opcode : '' 'add' 'sub'> <InPorts = 3> <OutPorts = 1> <Sync> <CReg>
ST_1 : Operation 93 [1/1] (0.00ns)   --->   "%trunc_ln = partselect i9 @_ssdm_op_PartSelect.i9.i15.i32.i32, i15 %x, i32 6, i32 14" [firmware/nnet_utils/nnet_mult.h:111->firmware/nnet_utils/nnet_dense_latency.h:66]   --->   Operation 93 'partselect' 'trunc_ln' <Predicate = true> <Delay = 0.00>
ST_1 : Operation 94 [1/1] (0.00ns)   --->   "%trunc_ln111_1 = partselect i9 @_ssdm_op_PartSelect.i9.i15.i32.i32, i15 %x_1, i32 6, i32 14" [firmware/nnet_utils/nnet_mult.h:111->firmware/nnet_utils/nnet_dense_latency.h:66]   --->   Operation 94 'partselect' 'trunc_ln111_1' <Predicate = true> <Delay = 0.00>
ST_1 : Operation 95 [1/1] (0.00ns)   --->   "%trunc_ln111_2 = partselect i9 @_ssdm_op_PartSelect.i9.i15.i32.i32, i15 %x_2, i32 6, i32 14" [firmware/nnet_utils/nnet_mult.h:111->firmware/nnet_utils/nnet_dense_latency.h:66]   --->   Operation 95 'partselect' 'trunc_ln111_2' <Predicate = true> <Delay = 0.00>
ST_1 : Operation 96 [1/1] (0.00ns)   --->   "%trunc_ln111_3 = partselect i9 @_ssdm_op_PartSelect.i9.i15.i32.i32, i15 %x_3, i32 6, i32 14" [firmware/nnet_utils/nnet_mult.h:111->firmware/nnet_utils/nnet_dense_latency.h:66]   --->   Operation 96 'partselect' 'trunc_ln111_3' <Predicate = true> <Delay = 0.00>
ST_1 : Operation 97 [1/1] (0.00ns)   --->   "%trunc_ln111_4 = partselect i9 @_ssdm_op_PartSelect.i9.i15.i32.i32, i15 %x_4, i32 6, i32 14" [firmware/nnet_utils/nnet_mult.h:111->firmware/nnet_utils/nnet_dense_latency.h:66]   --->   Operation 97 'partselect' 'trunc_ln111_4' <Predicate = true> <Delay = 0.00>
ST_1 : Operation 98 [1/1] (0.00ns)   --->   "%trunc_ln111_5 = partselect i9 @_ssdm_op_PartSelect.i9.i15.i32.i32, i15 %x_5, i32 6, i32 14" [firmware/nnet_utils/nnet_mult.h:111->firmware/nnet_utils/nnet_dense_latency.h:66]   --->   Operation 98 'partselect' 'trunc_ln111_5' <Predicate = true> <Delay = 0.00>
ST_1 : Operation 99 [1/1] (0.00ns)   --->   "%trunc_ln111_6 = partselect i9 @_ssdm_op_PartSelect.i9.i15.i32.i32, i15 %x_6, i32 6, i32 14" [firmware/nnet_utils/nnet_mult.h:111->firmware/nnet_utils/nnet_dense_latency.h:66]   --->   Operation 99 'partselect' 'trunc_ln111_6' <Predicate = true> <Delay = 0.00>
ST_1 : Operation 100 [1/1] (0.00ns)   --->   "%mrv_i = insertvalue i63 <undef>, i9 %trunc_ln" [firmware/nnet_utils/nnet_dense_latency.h:68]   --->   Operation 100 'insertvalue' 'mrv_i' <Predicate = true> <Delay = 0.00>
ST_1 : Operation 101 [1/1] (0.00ns)   --->   "%mrv_1_i = insertvalue i63 %mrv_i, i9 %trunc_ln111_1" [firmware/nnet_utils/nnet_dense_latency.h:68]   --->   Operation 101 'insertvalue' 'mrv_1_i' <Predicate = true> <Delay = 0.00>
ST_1 : Operation 102 [1/1] (0.00ns)   --->   "%mrv_2_i = insertvalue i63 %mrv_1_i, i9 %trunc_ln111_2" [firmware/nnet_utils/nnet_dense_latency.h:68]   --->   Operation 102 'insertvalue' 'mrv_2_i' <Predicate = true> <Delay = 0.00>
ST_1 : Operation 103 [1/1] (0.00ns)   --->   "%mrv_3_i = insertvalue i63 %mrv_2_i, i9 %trunc_ln111_3" [firmware/nnet_utils/nnet_dense_latency.h:68]   --->   Operation 103 'insertvalue' 'mrv_3_i' <Predicate = true> <Delay = 0.00>
ST_1 : Operation 104 [1/1] (0.00ns)   --->   "%mrv_4_i = insertvalue i63 %mrv_3_i, i9 %trunc_ln111_4" [firmware/nnet_utils/nnet_dense_latency.h:68]   --->   Operation 104 'insertvalue' 'mrv_4_i' <Predicate = true> <Delay = 0.00>
ST_1 : Operation 105 [1/1] (0.00ns)   --->   "%mrv_5_i = insertvalue i63 %mrv_4_i, i9 %trunc_ln111_5" [firmware/nnet_utils/nnet_dense_latency.h:68]   --->   Operation 105 'insertvalue' 'mrv_5_i' <Predicate = true> <Delay = 0.00>
ST_1 : Operation 106 [1/1] (0.00ns)   --->   "%mrv_6_i = insertvalue i63 %mrv_5_i, i9 %trunc_ln111_6" [firmware/nnet_utils/nnet_dense_latency.h:68]   --->   Operation 106 'insertvalue' 'mrv_6_i' <Predicate = true> <Delay = 0.00>
ST_1 : Operation 107 [1/1] (0.00ns)   --->   "%ret_ln33 = ret i63 %mrv_6_i" [firmware/nnet_utils/nnet_dense_latency.h:33]   --->   Operation 107 'ret' 'ret_ln33' <Predicate = true> <Delay = 0.00>


============================================================
+ Verbose Summary: Timing violations
============================================================
Target clock period: 5.000ns, clock uncertainty: 1.350ns.

 <State 1>: 2.921ns
The critical path consists of the following:
	'load' operation 12 bit ('a') on static variable 'void_compute_output_buffer_2d_array_const_ap_shift_reg_n_chan_stream_weig_2' [20]  (0.000 ns)
	'mul' operation 15 bit ('mul_ln42', firmware/nnet_utils/nnet_dense_latency.h:42) [22]  (2.188 ns)
	'add' operation 15 bit ('add_ln58_797', firmware/nnet_utils/nnet_dense_latency.h:58) [66]  (0.000 ns)
	'add' operation 15 bit ('x', firmware/nnet_utils/nnet_dense_latency.h:58) [71]  (0.733 ns)


============================================================
+ Verbose Summary: Binding
============================================================
N/A
* FSMD analyzer results:
  - Output states:
 - Input state : 
  - Chain level:
	State 1


============================================================
+ Verbose Summary: Datapath Resource usage 
============================================================
N/A
