

================================================================
== Vitis HLS Report for 'dense_latency_ap_fixed_12_6_5_3_0_ap_fixed_17_9_5_3_0_config4_mult_s'
================================================================
* Date:           Mon Feb 23 21:25:00 2026

* Version:        2023.2 (Build 4023990 on Oct 11 2023)
* Project:        cnn_core_prj
* Solution:       solution1 (Vivado IP Flow Target)
* Product family: kintexuplus
* Target device:  xcku5p-ffvb676-2-e


================================================================
== Performance Estimates
================================================================
+ Timing: 
    * Summary: 
    +--------+---------+----------+------------+
    |  Clock |  Target | Estimated| Uncertainty|
    +--------+---------+----------+------------+
    |ap_clk  |  5.00 ns|  3.562 ns|     1.35 ns|
    +--------+---------+----------+------------+

+ Latency: 
    * Summary: 
    +---------+---------+----------+----------+-----+-----+---------+
    |  Latency (cycles) |  Latency (absolute) |  Interval | Pipeline|
    |   min   |   max   |    min   |    max   | min | max |   Type  |
    +---------+---------+----------+----------+-----+-----+---------+
    |        1|        1|  5.000 ns|  5.000 ns|    1|    1|      yes|
    +---------+---------+----------+----------+-----+-----+---------+

    + Detail: 
        * Instance: 
        N/A

        * Loop: 
        N/A

============================================================
+ Verbose Summary: Synthesis Manager
============================================================
InlineROM: 1
ExposeGlobal: 0
============================================================
+ Verbose Summary: CDFG Model
============================================================
IsTopModel: 0
ResetActiveHigh: 1
IsCombinational: 0
IsDatapathOnly: 0
HasWiredReturn: 1
HasMFsm: 2
HasVarLatency: 0
IsPipeline: 1
IsRtlPipelined: 1
IsInstanceOverlapped: 0
IsDontTouch: 0
HasImplIP: 0
IsGatedGlobalClock: 0

+ Individual pipeline summary: 
  * Pipeline-0: initiation interval (II) = 1, depth = 2


============================================================
+ Verbose Summary: Schedule
============================================================
* Number of FSM states : 2
* Pipeline : 1
  Pipeline-0 : II = 1, D = 2, States = { 1 2 }
* Dataflow Pipeline: 0

* FSM state transitions: 
1 --> 2 
2 --> 

* FSM state operations: 

State 1 <SV = 0> <Delay = 3.04>
ST_1 : Operation 3 [1/1] (0.00ns)   --->   "%a_1 = load i12 %void_compute_output_buffer_1d_array_const_stream_weight_t_bias_t_kernel_data_3"   --->   Operation 3 'load' 'a_1' <Predicate = true> <Delay = 0.00>
ST_1 : Operation 4 [1/1] (0.00ns)   --->   "%sext_ln42_89 = sext i12 %a_1" [firmware/nnet_utils/nnet_dense_latency.h:42]   --->   Operation 4 'sext' 'sext_ln42_89' <Predicate = true> <Delay = 0.00>
ST_1 : Operation 5 [1/1] (2.18ns)   --->   "%mul_ln73_272 = mul i20 %sext_ln42_89, i20 125" [firmware/nnet_utils/nnet_mult.h:73->firmware/nnet_utils/nnet_dense_latency.h:42]   --->   Operation 5 'mul' 'mul_ln73_272' <Predicate = true> <Delay = 2.18> <CoreInst = "Multiplier">   --->   Core 3 'Multiplier' <Latency = 0> <II = 1> <Delay = 2.18> <FuncUnit> <Opcode : 'mul'> <InPorts = 2> <OutPorts = 1>
ST_1 : Operation 6 [1/1] (0.00ns)   --->   "%trunc_ln42_7 = partselect i16 @_ssdm_op_PartSelect.i16.i20.i32.i32, i20 %mul_ln73_272, i32 4, i32 19" [firmware/nnet_utils/nnet_dense_latency.h:42]   --->   Operation 6 'partselect' 'trunc_ln42_7' <Predicate = true> <Delay = 0.00>
ST_1 : Operation 7 [1/1] (2.18ns)   --->   "%mul_ln73_273 = mul i20 %sext_ln42_89, i20 108" [firmware/nnet_utils/nnet_mult.h:73->firmware/nnet_utils/nnet_dense_latency.h:42]   --->   Operation 7 'mul' 'mul_ln73_273' <Predicate = true> <Delay = 2.18> <CoreInst = "Multiplier">   --->   Core 3 'Multiplier' <Latency = 0> <II = 1> <Delay = 2.18> <FuncUnit> <Opcode : 'mul'> <InPorts = 2> <OutPorts = 1>
ST_1 : Operation 8 [1/1] (0.00ns)   --->   "%trunc_ln42_9 = partselect i16 @_ssdm_op_PartSelect.i16.i20.i32.i32, i20 %mul_ln73_273, i32 4, i32 19" [firmware/nnet_utils/nnet_dense_latency.h:42]   --->   Operation 8 'partselect' 'trunc_ln42_9' <Predicate = true> <Delay = 0.00>
ST_1 : Operation 9 [1/1] (2.18ns)   --->   "%mul_ln42_37 = mul i20 %sext_ln42_89, i20 1048401" [firmware/nnet_utils/nnet_dense_latency.h:42]   --->   Operation 9 'mul' 'mul_ln42_37' <Predicate = true> <Delay = 2.18> <CoreInst = "Multiplier">   --->   Core 3 'Multiplier' <Latency = 0> <II = 1> <Delay = 2.18> <FuncUnit> <Opcode : 'mul'> <InPorts = 2> <OutPorts = 1>
ST_1 : Operation 10 [1/1] (0.00ns)   --->   "%trunc_ln42_11 = partselect i16 @_ssdm_op_PartSelect.i16.i20.i32.i32, i20 %mul_ln42_37, i32 4, i32 19" [firmware/nnet_utils/nnet_dense_latency.h:42]   --->   Operation 10 'partselect' 'trunc_ln42_11' <Predicate = true> <Delay = 0.00>
ST_1 : Operation 11 [1/1] (0.00ns)   --->   "%a_2 = load i12 %void_compute_output_buffer_1d_array_const_stream_weight_t_bias_t_kernel_data_2"   --->   Operation 11 'load' 'a_2' <Predicate = true> <Delay = 0.00>
ST_1 : Operation 12 [1/1] (0.00ns)   --->   "%sext_ln73_923 = sext i12 %a_2" [firmware/nnet_utils/nnet_mult.h:73->firmware/nnet_utils/nnet_dense_latency.h:42]   --->   Operation 12 'sext' 'sext_ln73_923' <Predicate = true> <Delay = 0.00>
ST_1 : Operation 13 [1/1] (0.00ns)   --->   "%sext_ln73_924 = sext i12 %a_2" [firmware/nnet_utils/nnet_mult.h:73->firmware/nnet_utils/nnet_dense_latency.h:42]   --->   Operation 13 'sext' 'sext_ln73_924' <Predicate = true> <Delay = 0.00>
ST_1 : Operation 14 [1/1] (0.00ns)   --->   "%sext_ln73_925 = sext i12 %a_2" [firmware/nnet_utils/nnet_mult.h:73->firmware/nnet_utils/nnet_dense_latency.h:42]   --->   Operation 14 'sext' 'sext_ln73_925' <Predicate = true> <Delay = 0.00>
ST_1 : Operation 15 [1/1] (2.18ns)   --->   "%mul_ln73_274 = mul i17 %sext_ln73_924, i17 13" [firmware/nnet_utils/nnet_mult.h:73->firmware/nnet_utils/nnet_dense_latency.h:42]   --->   Operation 15 'mul' 'mul_ln73_274' <Predicate = true> <Delay = 2.18> <CoreInst = "Multiplier">   --->   Core 3 'Multiplier' <Latency = 0> <II = 1> <Delay = 2.18> <FuncUnit> <Opcode : 'mul'> <InPorts = 2> <OutPorts = 1>
ST_1 : Operation 16 [1/1] (0.00ns)   --->   "%trunc_ln42_14 = partselect i13 @_ssdm_op_PartSelect.i13.i17.i32.i32, i17 %mul_ln73_274, i32 4, i32 16" [firmware/nnet_utils/nnet_dense_latency.h:42]   --->   Operation 16 'partselect' 'trunc_ln42_14' <Predicate = true> <Delay = 0.00>
ST_1 : Operation 17 [1/1] (2.18ns)   --->   "%mul_ln73_275 = mul i19 %sext_ln73_925, i19 37" [firmware/nnet_utils/nnet_mult.h:73->firmware/nnet_utils/nnet_dense_latency.h:42]   --->   Operation 17 'mul' 'mul_ln73_275' <Predicate = true> <Delay = 2.18> <CoreInst = "Multiplier">   --->   Core 3 'Multiplier' <Latency = 0> <II = 1> <Delay = 2.18> <FuncUnit> <Opcode : 'mul'> <InPorts = 2> <OutPorts = 1>
ST_1 : Operation 18 [1/1] (0.00ns)   --->   "%trunc_ln42_15 = partselect i15 @_ssdm_op_PartSelect.i15.i19.i32.i32, i19 %mul_ln73_275, i32 4, i32 18" [firmware/nnet_utils/nnet_dense_latency.h:42]   --->   Operation 18 'partselect' 'trunc_ln42_15' <Predicate = true> <Delay = 0.00>
ST_1 : Operation 19 [1/1] (0.00ns)   --->   "%sext_ln42_93 = sext i15 %trunc_ln42_15" [firmware/nnet_utils/nnet_dense_latency.h:42]   --->   Operation 19 'sext' 'sext_ln42_93' <Predicate = true> <Delay = 0.00>
ST_1 : Operation 20 [1/1] (0.00ns)   --->   "%trunc_ln42_17 = partselect i9 @_ssdm_op_PartSelect.i9.i12.i32.i32, i12 %a_2, i32 3, i32 11" [firmware/nnet_utils/nnet_dense_latency.h:42]   --->   Operation 20 'partselect' 'trunc_ln42_17' <Predicate = true> <Delay = 0.00>
ST_1 : Operation 21 [1/1] (2.18ns)   --->   "%mul_ln42_38 = mul i20 %sext_ln73_923, i20 1048397" [firmware/nnet_utils/nnet_dense_latency.h:42]   --->   Operation 21 'mul' 'mul_ln42_38' <Predicate = true> <Delay = 2.18> <CoreInst = "Multiplier">   --->   Core 3 'Multiplier' <Latency = 0> <II = 1> <Delay = 2.18> <FuncUnit> <Opcode : 'mul'> <InPorts = 2> <OutPorts = 1>
ST_1 : Operation 22 [1/1] (0.00ns)   --->   "%trunc_ln42_18 = partselect i16 @_ssdm_op_PartSelect.i16.i20.i32.i32, i20 %mul_ln42_38, i32 4, i32 19" [firmware/nnet_utils/nnet_dense_latency.h:42]   --->   Operation 22 'partselect' 'trunc_ln42_18' <Predicate = true> <Delay = 0.00>
ST_1 : Operation 23 [1/1] (2.18ns)   --->   "%mul_ln73_276 = mul i20 %sext_ln73_923, i20 1048478" [firmware/nnet_utils/nnet_mult.h:73->firmware/nnet_utils/nnet_dense_latency.h:42]   --->   Operation 23 'mul' 'mul_ln73_276' <Predicate = true> <Delay = 2.18> <CoreInst = "Multiplier">   --->   Core 3 'Multiplier' <Latency = 0> <II = 1> <Delay = 2.18> <FuncUnit> <Opcode : 'mul'> <InPorts = 2> <OutPorts = 1>
ST_1 : Operation 24 [1/1] (0.00ns)   --->   "%trunc_ln42_19 = partselect i16 @_ssdm_op_PartSelect.i16.i20.i32.i32, i20 %mul_ln73_276, i32 4, i32 19" [firmware/nnet_utils/nnet_dense_latency.h:42]   --->   Operation 24 'partselect' 'trunc_ln42_19' <Predicate = true> <Delay = 0.00>
ST_1 : Operation 25 [1/1] (0.00ns)   --->   "%a_3 = load i12 %void_compute_output_buffer_1d_array_const_stream_weight_t_bias_t_kernel_data_1"   --->   Operation 25 'load' 'a_3' <Predicate = true> <Delay = 0.00>
ST_1 : Operation 26 [1/1] (0.00ns)   --->   "%sext_ln73_930 = sext i12 %a_3" [firmware/nnet_utils/nnet_mult.h:73->firmware/nnet_utils/nnet_dense_latency.h:42]   --->   Operation 26 'sext' 'sext_ln73_930' <Predicate = true> <Delay = 0.00>
ST_1 : Operation 27 [1/1] (0.00ns)   --->   "%sext_ln73_931 = sext i12 %a_3" [firmware/nnet_utils/nnet_mult.h:73->firmware/nnet_utils/nnet_dense_latency.h:42]   --->   Operation 27 'sext' 'sext_ln73_931' <Predicate = true> <Delay = 0.00>
ST_1 : Operation 28 [1/1] (0.00ns)   --->   "%sext_ln73_932 = sext i12 %a_3" [firmware/nnet_utils/nnet_mult.h:73->firmware/nnet_utils/nnet_dense_latency.h:42]   --->   Operation 28 'sext' 'sext_ln73_932' <Predicate = true> <Delay = 0.00>
ST_1 : Operation 29 [1/1] (2.18ns)   --->   "%mul_ln42_39 = mul i20 %sext_ln73_930, i20 164" [firmware/nnet_utils/nnet_dense_latency.h:42]   --->   Operation 29 'mul' 'mul_ln42_39' <Predicate = true> <Delay = 2.18> <CoreInst = "Multiplier">   --->   Core 3 'Multiplier' <Latency = 0> <II = 1> <Delay = 2.18> <FuncUnit> <Opcode : 'mul'> <InPorts = 2> <OutPorts = 1>
ST_1 : Operation 30 [1/1] (0.00ns)   --->   "%trunc_ln42_20 = partselect i16 @_ssdm_op_PartSelect.i16.i20.i32.i32, i20 %mul_ln42_39, i32 4, i32 19" [firmware/nnet_utils/nnet_dense_latency.h:42]   --->   Operation 30 'partselect' 'trunc_ln42_20' <Predicate = true> <Delay = 0.00>
ST_1 : Operation 31 [1/1] (2.18ns)   --->   "%mul_ln42_40 = mul i20 %sext_ln73_930, i20 1048433" [firmware/nnet_utils/nnet_dense_latency.h:42]   --->   Operation 31 'mul' 'mul_ln42_40' <Predicate = true> <Delay = 2.18> <CoreInst = "Multiplier">   --->   Core 3 'Multiplier' <Latency = 0> <II = 1> <Delay = 2.18> <FuncUnit> <Opcode : 'mul'> <InPorts = 2> <OutPorts = 1>
ST_1 : Operation 32 [1/1] (0.00ns)   --->   "%trunc_ln42_21 = partselect i16 @_ssdm_op_PartSelect.i16.i20.i32.i32, i20 %mul_ln42_40, i32 4, i32 19" [firmware/nnet_utils/nnet_dense_latency.h:42]   --->   Operation 32 'partselect' 'trunc_ln42_21' <Predicate = true> <Delay = 0.00>
ST_1 : Operation 33 [1/1] (0.00ns)   --->   "%shl_ln73_932 = bitconcatenate i16 @_ssdm_op_BitConcatenate.i16.i12.i4, i12 %a_3, i4 0" [firmware/nnet_utils/nnet_mult.h:73->firmware/nnet_utils/nnet_dense_latency.h:42]   --->   Operation 33 'bitconcatenate' 'shl_ln73_932' <Predicate = true> <Delay = 0.00>
ST_1 : Operation 34 [1/1] (0.00ns)   --->   "%sext_ln73_933 = sext i16 %shl_ln73_932" [firmware/nnet_utils/nnet_mult.h:73->firmware/nnet_utils/nnet_dense_latency.h:42]   --->   Operation 34 'sext' 'sext_ln73_933' <Predicate = true> <Delay = 0.00>
ST_1 : Operation 35 [1/1] (0.85ns)   --->   "%sub_ln73_763 = sub i17 %sext_ln73_932, i17 %sext_ln73_933" [firmware/nnet_utils/nnet_mult.h:73->firmware/nnet_utils/nnet_dense_latency.h:42]   --->   Operation 35 'sub' 'sub_ln73_763' <Predicate = true> <Delay = 0.85> <CoreInst = "Adder">   --->   Core 1 'Adder' <Latency = 0> <II = 1> <Delay = 0.85> <FuncUnit> <Opcode : 'add' 'sub'> <InPorts = 2> <OutPorts = 1>
ST_1 : Operation 36 [1/1] (0.00ns)   --->   "%trunc_ln42_22 = partselect i13 @_ssdm_op_PartSelect.i13.i17.i32.i32, i17 %sub_ln73_763, i32 4, i32 16" [firmware/nnet_utils/nnet_dense_latency.h:42]   --->   Operation 36 'partselect' 'trunc_ln42_22' <Predicate = true> <Delay = 0.00>
ST_1 : Operation 37 [1/1] (0.00ns)   --->   "%sext_ln73_944 = sext i13 %trunc_ln42_22" [firmware/nnet_utils/nnet_mult.h:73->firmware/nnet_utils/nnet_dense_latency.h:42]   --->   Operation 37 'sext' 'sext_ln73_944' <Predicate = true> <Delay = 0.00>
ST_1 : Operation 38 [1/1] (2.18ns)   --->   "%mul_ln73_277 = mul i19 %sext_ln73_931, i19 41" [firmware/nnet_utils/nnet_mult.h:73->firmware/nnet_utils/nnet_dense_latency.h:42]   --->   Operation 38 'mul' 'mul_ln73_277' <Predicate = true> <Delay = 2.18> <CoreInst = "Multiplier">   --->   Core 3 'Multiplier' <Latency = 0> <II = 1> <Delay = 2.18> <FuncUnit> <Opcode : 'mul'> <InPorts = 2> <OutPorts = 1>
ST_1 : Operation 39 [1/1] (0.00ns)   --->   "%trunc_ln42_23 = partselect i15 @_ssdm_op_PartSelect.i15.i19.i32.i32, i19 %mul_ln73_277, i32 4, i32 18" [firmware/nnet_utils/nnet_dense_latency.h:42]   --->   Operation 39 'partselect' 'trunc_ln42_23' <Predicate = true> <Delay = 0.00>
ST_1 : Operation 40 [1/1] (2.18ns)   --->   "%mul_ln73_278 = mul i19 %sext_ln73_931, i19 524233" [firmware/nnet_utils/nnet_mult.h:73->firmware/nnet_utils/nnet_dense_latency.h:42]   --->   Operation 40 'mul' 'mul_ln73_278' <Predicate = true> <Delay = 2.18> <CoreInst = "Multiplier">   --->   Core 3 'Multiplier' <Latency = 0> <II = 1> <Delay = 2.18> <FuncUnit> <Opcode : 'mul'> <InPorts = 2> <OutPorts = 1>
ST_1 : Operation 41 [1/1] (0.00ns)   --->   "%trunc_ln42_24 = partselect i15 @_ssdm_op_PartSelect.i15.i19.i32.i32, i19 %mul_ln73_278, i32 4, i32 18" [firmware/nnet_utils/nnet_dense_latency.h:42]   --->   Operation 41 'partselect' 'trunc_ln42_24' <Predicate = true> <Delay = 0.00>
ST_1 : Operation 42 [1/1] (0.00ns)   --->   "%sext_ln42_97 = sext i15 %trunc_ln42_24" [firmware/nnet_utils/nnet_dense_latency.h:42]   --->   Operation 42 'sext' 'sext_ln42_97' <Predicate = true> <Delay = 0.00>
ST_1 : Operation 43 [1/1] (2.18ns)   --->   "%mul_ln42_41 = mul i20 %sext_ln73_930, i20 1048409" [firmware/nnet_utils/nnet_dense_latency.h:42]   --->   Operation 43 'mul' 'mul_ln42_41' <Predicate = true> <Delay = 2.18> <CoreInst = "Multiplier">   --->   Core 3 'Multiplier' <Latency = 0> <II = 1> <Delay = 2.18> <FuncUnit> <Opcode : 'mul'> <InPorts = 2> <OutPorts = 1>
ST_1 : Operation 44 [1/1] (0.00ns)   --->   "%trunc_ln42_25 = partselect i16 @_ssdm_op_PartSelect.i16.i20.i32.i32, i20 %mul_ln42_41, i32 4, i32 19" [firmware/nnet_utils/nnet_dense_latency.h:42]   --->   Operation 44 'partselect' 'trunc_ln42_25' <Predicate = true> <Delay = 0.00>
ST_1 : Operation 45 [1/1] (2.18ns)   --->   "%mul_ln73_279 = mul i20 %sext_ln73_930, i20 1048459" [firmware/nnet_utils/nnet_mult.h:73->firmware/nnet_utils/nnet_dense_latency.h:42]   --->   Operation 45 'mul' 'mul_ln73_279' <Predicate = true> <Delay = 2.18> <CoreInst = "Multiplier">   --->   Core 3 'Multiplier' <Latency = 0> <II = 1> <Delay = 2.18> <FuncUnit> <Opcode : 'mul'> <InPorts = 2> <OutPorts = 1>
ST_1 : Operation 46 [1/1] (0.00ns)   --->   "%trunc_ln42_26 = partselect i16 @_ssdm_op_PartSelect.i16.i20.i32.i32, i20 %mul_ln73_279, i32 4, i32 19" [firmware/nnet_utils/nnet_dense_latency.h:42]   --->   Operation 46 'partselect' 'trunc_ln42_26' <Predicate = true> <Delay = 0.00>
ST_1 : Operation 47 [1/1] (0.00ns)   --->   "%a_4 = load i12 %void_compute_output_buffer_1d_array_const_stream_weight_t_bias_t_kernel_data"   --->   Operation 47 'load' 'a_4' <Predicate = true> <Delay = 0.00>
ST_1 : Operation 48 [1/1] (0.00ns)   --->   "%sext_ln73_936 = sext i12 %a_4" [firmware/nnet_utils/nnet_mult.h:73->firmware/nnet_utils/nnet_dense_latency.h:42]   --->   Operation 48 'sext' 'sext_ln73_936' <Predicate = true> <Delay = 0.00>
ST_1 : Operation 49 [1/1] (0.00ns)   --->   "%sext_ln73_937 = sext i12 %a_4" [firmware/nnet_utils/nnet_mult.h:73->firmware/nnet_utils/nnet_dense_latency.h:42]   --->   Operation 49 'sext' 'sext_ln73_937' <Predicate = true> <Delay = 0.00>
ST_1 : Operation 50 [1/1] (2.18ns)   --->   "%mul_ln42_42 = mul i20 %sext_ln73_936, i20 142" [firmware/nnet_utils/nnet_dense_latency.h:42]   --->   Operation 50 'mul' 'mul_ln42_42' <Predicate = true> <Delay = 2.18> <CoreInst = "Multiplier">   --->   Core 3 'Multiplier' <Latency = 0> <II = 1> <Delay = 2.18> <FuncUnit> <Opcode : 'mul'> <InPorts = 2> <OutPorts = 1>
ST_1 : Operation 51 [1/1] (0.00ns)   --->   "%trunc_ln42_27 = partselect i16 @_ssdm_op_PartSelect.i16.i20.i32.i32, i20 %mul_ln42_42, i32 4, i32 19" [firmware/nnet_utils/nnet_dense_latency.h:42]   --->   Operation 51 'partselect' 'trunc_ln42_27' <Predicate = true> <Delay = 0.00>
ST_1 : Operation 52 [1/1] (2.18ns)   --->   "%mul_ln42_43 = mul i20 %sext_ln73_936, i20 1048410" [firmware/nnet_utils/nnet_dense_latency.h:42]   --->   Operation 52 'mul' 'mul_ln42_43' <Predicate = true> <Delay = 2.18> <CoreInst = "Multiplier">   --->   Core 3 'Multiplier' <Latency = 0> <II = 1> <Delay = 2.18> <FuncUnit> <Opcode : 'mul'> <InPorts = 2> <OutPorts = 1>
ST_1 : Operation 53 [1/1] (0.00ns)   --->   "%trunc_ln42_28 = partselect i16 @_ssdm_op_PartSelect.i16.i20.i32.i32, i20 %mul_ln42_43, i32 4, i32 19" [firmware/nnet_utils/nnet_dense_latency.h:42]   --->   Operation 53 'partselect' 'trunc_ln42_28' <Predicate = true> <Delay = 0.00>
ST_1 : Operation 54 [1/1] (2.18ns)   --->   "%mul_ln73_280 = mul i18 %sext_ln73_937, i18 262119" [firmware/nnet_utils/nnet_mult.h:73->firmware/nnet_utils/nnet_dense_latency.h:42]   --->   Operation 54 'mul' 'mul_ln73_280' <Predicate = true> <Delay = 2.18> <CoreInst = "Multiplier">   --->   Core 3 'Multiplier' <Latency = 0> <II = 1> <Delay = 2.18> <FuncUnit> <Opcode : 'mul'> <InPorts = 2> <OutPorts = 1>
ST_1 : Operation 55 [1/1] (0.00ns)   --->   "%trunc_ln42_29 = partselect i14 @_ssdm_op_PartSelect.i14.i18.i32.i32, i18 %mul_ln73_280, i32 4, i32 17" [firmware/nnet_utils/nnet_dense_latency.h:42]   --->   Operation 55 'partselect' 'trunc_ln42_29' <Predicate = true> <Delay = 0.00>
ST_1 : Operation 56 [1/1] (0.00ns)   --->   "%sext_ln73_945 = sext i14 %trunc_ln42_29" [firmware/nnet_utils/nnet_mult.h:73->firmware/nnet_utils/nnet_dense_latency.h:42]   --->   Operation 56 'sext' 'sext_ln73_945' <Predicate = true> <Delay = 0.00>
ST_1 : Operation 57 [1/1] (2.18ns)   --->   "%mul_ln73_281 = mul i20 %sext_ln73_936, i20 1048473" [firmware/nnet_utils/nnet_mult.h:73->firmware/nnet_utils/nnet_dense_latency.h:42]   --->   Operation 57 'mul' 'mul_ln73_281' <Predicate = true> <Delay = 2.18> <CoreInst = "Multiplier">   --->   Core 3 'Multiplier' <Latency = 0> <II = 1> <Delay = 2.18> <FuncUnit> <Opcode : 'mul'> <InPorts = 2> <OutPorts = 1>
ST_1 : Operation 58 [1/1] (0.00ns)   --->   "%trunc_ln42_31 = partselect i16 @_ssdm_op_PartSelect.i16.i20.i32.i32, i20 %mul_ln73_281, i32 4, i32 19" [firmware/nnet_utils/nnet_dense_latency.h:42]   --->   Operation 58 'partselect' 'trunc_ln42_31' <Predicate = true> <Delay = 0.00>
ST_1 : Operation 59 [1/1] (0.00ns) (grouped into TernaryAdder)   --->   "%add_ln58_1155 = add i16 %trunc_ln42_27, i16 72" [firmware/nnet_utils/nnet_dense_latency.h:58]   --->   Operation 59 'add' 'add_ln58_1155' <Predicate = true> <Delay = 0.00> <CoreInst = "TAddSub">   --->   Core 10 'TAddSub' <Latency = 0> <II = 1> <Delay = 0.34> <IPBlock> <Opcode : '' 'add' 'sub'> <InPorts = 3> <OutPorts = 1> <Sync> <CReg>
ST_1 : Operation 60 [1/1] (0.68ns) (root node of TernaryAdder)   --->   "%add_ln58_1156 = add i16 %add_ln58_1155, i16 %trunc_ln42_20" [firmware/nnet_utils/nnet_dense_latency.h:58]   --->   Operation 60 'add' 'add_ln58_1156' <Predicate = true> <Delay = 0.68> <CoreInst = "TAddSub">   --->   Core 10 'TAddSub' <Latency = 0> <II = 1> <Delay = 0.34> <IPBlock> <Opcode : '' 'add' 'sub'> <InPorts = 3> <OutPorts = 1> <Sync> <CReg>
ST_1 : Operation 61 [1/1] (0.85ns)   --->   "%add_ln58_1163 = add i16 %trunc_ln42_9, i16 %sext_ln42_93" [firmware/nnet_utils/nnet_dense_latency.h:58]   --->   Operation 61 'add' 'add_ln58_1163' <Predicate = true> <Delay = 0.85> <CoreInst = "Adder">   --->   Core 1 'Adder' <Latency = 0> <II = 1> <Delay = 0.85> <FuncUnit> <Opcode : 'add' 'sub'> <InPorts = 2> <OutPorts = 1>
ST_1 : Operation 62 [1/1] (0.82ns)   --->   "%add_ln58_1165 = add i14 %sext_ln73_944, i14 15448" [firmware/nnet_utils/nnet_dense_latency.h:58]   --->   Operation 62 'add' 'add_ln58_1165' <Predicate = true> <Delay = 0.82> <CoreInst = "Adder">   --->   Core 1 'Adder' <Latency = 0> <II = 1> <Delay = 0.82> <FuncUnit> <Opcode : 'add' 'sub'> <InPorts = 2> <OutPorts = 1>
ST_1 : Operation 63 [1/1] (0.00ns)   --->   "%sext_ln58_762 = sext i14 %add_ln58_1165" [firmware/nnet_utils/nnet_dense_latency.h:58]   --->   Operation 63 'sext' 'sext_ln58_762' <Predicate = true> <Delay = 0.00>
ST_1 : Operation 64 [1/1] (0.83ns)   --->   "%add_ln58_1166 = add i15 %sext_ln58_762, i15 %sext_ln73_945" [firmware/nnet_utils/nnet_dense_latency.h:58]   --->   Operation 64 'add' 'add_ln58_1166' <Predicate = true> <Delay = 0.83> <CoreInst = "Adder">   --->   Core 1 'Adder' <Latency = 0> <II = 1> <Delay = 0.83> <FuncUnit> <Opcode : 'add' 'sub'> <InPorts = 2> <OutPorts = 1>
ST_1 : Operation 65 [1/1] (0.85ns)   --->   "%add_ln58_1173 = add i16 %trunc_ln42_31, i16 %sext_ln42_97" [firmware/nnet_utils/nnet_dense_latency.h:58]   --->   Operation 65 'add' 'add_ln58_1173' <Predicate = true> <Delay = 0.85> <CoreInst = "Adder">   --->   Core 1 'Adder' <Latency = 0> <II = 1> <Delay = 0.85> <FuncUnit> <Opcode : 'add' 'sub'> <InPorts = 2> <OutPorts = 1>
ST_1 : Operation 66 [1/1] (0.85ns)   --->   "%add_ln58_1178 = add i16 %trunc_ln42_18, i16 %trunc_ln42_25" [firmware/nnet_utils/nnet_dense_latency.h:58]   --->   Operation 66 'add' 'add_ln58_1178' <Predicate = true> <Delay = 0.85> <CoreInst = "Adder">   --->   Core 1 'Adder' <Latency = 0> <II = 1> <Delay = 0.85> <FuncUnit> <Opcode : 'add' 'sub'> <InPorts = 2> <OutPorts = 1>
ST_1 : Operation 67 [1/1] (0.85ns)   --->   "%add_ln58_1183 = add i16 %trunc_ln42_19, i16 %trunc_ln42_26" [firmware/nnet_utils/nnet_dense_latency.h:58]   --->   Operation 67 'add' 'add_ln58_1183' <Predicate = true> <Delay = 0.85> <CoreInst = "Adder">   --->   Core 1 'Adder' <Latency = 0> <II = 1> <Delay = 0.85> <FuncUnit> <Opcode : 'add' 'sub'> <InPorts = 2> <OutPorts = 1>

State 2 <SV = 1> <Delay = 3.56>
ST_2 : Operation 68 [1/1] (0.00ns)   --->   "%specpipeline_ln33 = specpipeline void @_ssdm_op_SpecPipeline, i32 1, i32 0, i32 0, i32 0, void @empty_10" [firmware/nnet_utils/nnet_dense_latency.h:33]   --->   Operation 68 'specpipeline' 'specpipeline_ln33' <Predicate = true> <Delay = 0.00>
ST_2 : Operation 69 [1/1] (0.00ns)   --->   "%specresourcelimit_ln33 = specresourcelimit void @_ssdm_op_SpecResourceLimit, i64 35, void @empty_8, void @empty_10, void @empty_10, void @empty_10" [firmware/nnet_utils/nnet_dense_latency.h:33]   --->   Operation 69 'specresourcelimit' 'specresourcelimit_ln33' <Predicate = true> <Delay = 0.00>
ST_2 : Operation 70 [1/1] (0.00ns)   --->   "%a = load i12 %void_compute_output_buffer_1d_array_const_stream_weight_t_bias_t_kernel_data_4"   --->   Operation 70 'load' 'a' <Predicate = true> <Delay = 0.00>
ST_2 : Operation 71 [1/1] (0.00ns)   --->   "%sext_ln42 = sext i12 %a" [firmware/nnet_utils/nnet_dense_latency.h:42]   --->   Operation 71 'sext' 'sext_ln42' <Predicate = true> <Delay = 0.00>
ST_2 : Operation 72 [1/1] (0.00ns)   --->   "%sext_ln73 = sext i12 %a" [firmware/nnet_utils/nnet_mult.h:73->firmware/nnet_utils/nnet_dense_latency.h:42]   --->   Operation 72 'sext' 'sext_ln73' <Predicate = true> <Delay = 0.00>
ST_2 : Operation 73 [1/1] (2.18ns)   --->   "%mul_ln73 = mul i20 %sext_ln42, i20 101" [firmware/nnet_utils/nnet_mult.h:73->firmware/nnet_utils/nnet_dense_latency.h:42]   --->   Operation 73 'mul' 'mul_ln73' <Predicate = true> <Delay = 2.18> <CoreInst = "Multiplier">   --->   Core 3 'Multiplier' <Latency = 0> <II = 1> <Delay = 2.18> <FuncUnit> <Opcode : 'mul'> <InPorts = 2> <OutPorts = 1>
ST_2 : Operation 74 [1/1] (0.00ns)   --->   "%trunc_ln = partselect i16 @_ssdm_op_PartSelect.i16.i20.i32.i32, i20 %mul_ln73, i32 4, i32 19" [firmware/nnet_utils/nnet_dense_latency.h:42]   --->   Operation 74 'partselect' 'trunc_ln' <Predicate = true> <Delay = 0.00>
ST_2 : Operation 75 [1/1] (0.00ns)   --->   "%shl_ln = bitconcatenate i15 @_ssdm_op_BitConcatenate.i15.i12.i3, i12 %a, i3 0" [firmware/nnet_utils/nnet_mult.h:73->firmware/nnet_utils/nnet_dense_latency.h:42]   --->   Operation 75 'bitconcatenate' 'shl_ln' <Predicate = true> <Delay = 0.00>
ST_2 : Operation 76 [1/1] (0.00ns)   --->   "%sext_ln73_915 = sext i15 %shl_ln" [firmware/nnet_utils/nnet_mult.h:73->firmware/nnet_utils/nnet_dense_latency.h:42]   --->   Operation 76 'sext' 'sext_ln73_915' <Predicate = true> <Delay = 0.00>
ST_2 : Operation 77 [1/1] (0.00ns)   --->   "%shl_ln73_s = bitconcatenate i13 @_ssdm_op_BitConcatenate.i13.i12.i1, i12 %a, i1 0" [firmware/nnet_utils/nnet_mult.h:73->firmware/nnet_utils/nnet_dense_latency.h:42]   --->   Operation 77 'bitconcatenate' 'shl_ln73_s' <Predicate = true> <Delay = 0.00>
ST_2 : Operation 78 [1/1] (0.00ns)   --->   "%sext_ln73_916 = sext i13 %shl_ln73_s" [firmware/nnet_utils/nnet_mult.h:73->firmware/nnet_utils/nnet_dense_latency.h:42]   --->   Operation 78 'sext' 'sext_ln73_916' <Predicate = true> <Delay = 0.00>
ST_2 : Operation 79 [1/1] (0.00ns)   --->   "%sext_ln73_917 = sext i13 %shl_ln73_s" [firmware/nnet_utils/nnet_mult.h:73->firmware/nnet_utils/nnet_dense_latency.h:42]   --->   Operation 79 'sext' 'sext_ln73_917' <Predicate = true> <Delay = 0.00>
ST_2 : Operation 80 [1/1] (0.84ns)   --->   "%add_ln73 = add i16 %sext_ln73_915, i16 %sext_ln73_917" [firmware/nnet_utils/nnet_mult.h:73->firmware/nnet_utils/nnet_dense_latency.h:42]   --->   Operation 80 'add' 'add_ln73' <Predicate = true> <Delay = 0.84> <CoreInst = "Adder">   --->   Core 1 'Adder' <Latency = 0> <II = 1> <Delay = 0.84> <FuncUnit> <Opcode : 'add' 'sub'> <InPorts = 2> <OutPorts = 1>
ST_2 : Operation 81 [1/1] (0.00ns)   --->   "%trunc_ln42_1 = partselect i12 @_ssdm_op_PartSelect.i12.i16.i32.i32, i16 %add_ln73, i32 4, i32 15" [firmware/nnet_utils/nnet_dense_latency.h:42]   --->   Operation 81 'partselect' 'trunc_ln42_1' <Predicate = true> <Delay = 0.00>
ST_2 : Operation 82 [1/1] (0.00ns)   --->   "%sext_ln73_941 = sext i12 %trunc_ln42_1" [firmware/nnet_utils/nnet_mult.h:73->firmware/nnet_utils/nnet_dense_latency.h:42]   --->   Operation 82 'sext' 'sext_ln73_941' <Predicate = true> <Delay = 0.00>
ST_2 : Operation 83 [1/1] (2.18ns)   --->   "%mul_ln73_269 = mul i20 %sext_ln42, i20 116" [firmware/nnet_utils/nnet_mult.h:73->firmware/nnet_utils/nnet_dense_latency.h:42]   --->   Operation 83 'mul' 'mul_ln73_269' <Predicate = true> <Delay = 2.18> <CoreInst = "Multiplier">   --->   Core 3 'Multiplier' <Latency = 0> <II = 1> <Delay = 2.18> <FuncUnit> <Opcode : 'mul'> <InPorts = 2> <OutPorts = 1>
ST_2 : Operation 84 [1/1] (0.00ns)   --->   "%trunc_ln42_2 = partselect i16 @_ssdm_op_PartSelect.i16.i20.i32.i32, i20 %mul_ln73_269, i32 4, i32 19" [firmware/nnet_utils/nnet_dense_latency.h:42]   --->   Operation 84 'partselect' 'trunc_ln42_2' <Predicate = true> <Delay = 0.00>
ST_2 : Operation 85 [1/1] (0.82ns)   --->   "%sub_ln73 = sub i14 0, i14 %sext_ln73_916" [firmware/nnet_utils/nnet_mult.h:73->firmware/nnet_utils/nnet_dense_latency.h:42]   --->   Operation 85 'sub' 'sub_ln73' <Predicate = true> <Delay = 0.82> <CoreInst = "Adder">   --->   Core 1 'Adder' <Latency = 0> <II = 1> <Delay = 0.82> <FuncUnit> <Opcode : 'add' 'sub'> <InPorts = 2> <OutPorts = 1>
ST_2 : Operation 86 [1/1] (0.00ns)   --->   "%trunc_ln42_3 = partselect i10 @_ssdm_op_PartSelect.i10.i14.i32.i32, i14 %sub_ln73, i32 4, i32 13" [firmware/nnet_utils/nnet_dense_latency.h:42]   --->   Operation 86 'partselect' 'trunc_ln42_3' <Predicate = true> <Delay = 0.00>
ST_2 : Operation 87 [1/1] (0.00ns)   --->   "%sext_ln73_942 = sext i10 %trunc_ln42_3" [firmware/nnet_utils/nnet_mult.h:73->firmware/nnet_utils/nnet_dense_latency.h:42]   --->   Operation 87 'sext' 'sext_ln73_942' <Predicate = true> <Delay = 0.00>
ST_2 : Operation 88 [1/1] (2.18ns)   --->   "%mul_ln73_270 = mul i20 %sext_ln42, i20 1048486" [firmware/nnet_utils/nnet_mult.h:73->firmware/nnet_utils/nnet_dense_latency.h:42]   --->   Operation 88 'mul' 'mul_ln73_270' <Predicate = true> <Delay = 2.18> <CoreInst = "Multiplier">   --->   Core 3 'Multiplier' <Latency = 0> <II = 1> <Delay = 2.18> <FuncUnit> <Opcode : 'mul'> <InPorts = 2> <OutPorts = 1>
ST_2 : Operation 89 [1/1] (0.00ns)   --->   "%trunc_ln42_4 = partselect i16 @_ssdm_op_PartSelect.i16.i20.i32.i32, i20 %mul_ln73_270, i32 4, i32 19" [firmware/nnet_utils/nnet_dense_latency.h:42]   --->   Operation 89 'partselect' 'trunc_ln42_4' <Predicate = true> <Delay = 0.00>
ST_2 : Operation 90 [1/1] (2.18ns)   --->   "%mul_ln73_271 = mul i19 %sext_ln73, i19 524237" [firmware/nnet_utils/nnet_mult.h:73->firmware/nnet_utils/nnet_dense_latency.h:42]   --->   Operation 90 'mul' 'mul_ln73_271' <Predicate = true> <Delay = 2.18> <CoreInst = "Multiplier">   --->   Core 3 'Multiplier' <Latency = 0> <II = 1> <Delay = 2.18> <FuncUnit> <Opcode : 'mul'> <InPorts = 2> <OutPorts = 1>
ST_2 : Operation 91 [1/1] (0.00ns)   --->   "%trunc_ln42_5 = partselect i15 @_ssdm_op_PartSelect.i15.i19.i32.i32, i19 %mul_ln73_271, i32 4, i32 18" [firmware/nnet_utils/nnet_dense_latency.h:42]   --->   Operation 91 'partselect' 'trunc_ln42_5' <Predicate = true> <Delay = 0.00>
ST_2 : Operation 92 [1/1] (0.00ns)   --->   "%sext_ln42_88 = sext i15 %trunc_ln42_5" [firmware/nnet_utils/nnet_dense_latency.h:42]   --->   Operation 92 'sext' 'sext_ln42_88' <Predicate = true> <Delay = 0.00>
ST_2 : Operation 93 [1/1] (2.18ns)   --->   "%mul_ln42 = mul i20 %sext_ln42, i20 1048428" [firmware/nnet_utils/nnet_dense_latency.h:42]   --->   Operation 93 'mul' 'mul_ln42' <Predicate = true> <Delay = 2.18> <CoreInst = "Multiplier">   --->   Core 3 'Multiplier' <Latency = 0> <II = 1> <Delay = 2.18> <FuncUnit> <Opcode : 'mul'> <InPorts = 2> <OutPorts = 1>
ST_2 : Operation 94 [1/1] (0.00ns)   --->   "%trunc_ln42_6 = partselect i16 @_ssdm_op_PartSelect.i16.i20.i32.i32, i20 %mul_ln42, i32 4, i32 19" [firmware/nnet_utils/nnet_dense_latency.h:42]   --->   Operation 94 'partselect' 'trunc_ln42_6' <Predicate = true> <Delay = 0.00>
ST_2 : Operation 95 [1/1] (0.00ns)   --->   "%shl_ln73_923 = bitconcatenate i17 @_ssdm_op_BitConcatenate.i17.i12.i5, i12 %a_1, i5 0" [firmware/nnet_utils/nnet_mult.h:73->firmware/nnet_utils/nnet_dense_latency.h:42]   --->   Operation 95 'bitconcatenate' 'shl_ln73_923' <Predicate = true> <Delay = 0.00>
ST_2 : Operation 96 [1/1] (0.00ns)   --->   "%sext_ln73_918 = sext i17 %shl_ln73_923" [firmware/nnet_utils/nnet_mult.h:73->firmware/nnet_utils/nnet_dense_latency.h:42]   --->   Operation 96 'sext' 'sext_ln73_918' <Predicate = true> <Delay = 0.00>
ST_2 : Operation 97 [1/1] (0.00ns) (grouped into TernaryAdder)   --->   "%sub_ln73_756 = sub i18 0, i18 %sext_ln73_918" [firmware/nnet_utils/nnet_mult.h:73->firmware/nnet_utils/nnet_dense_latency.h:42]   --->   Operation 97 'sub' 'sub_ln73_756' <Predicate = true> <Delay = 0.00> <CoreInst = "TAddSub">   --->   Core 10 'TAddSub' <Latency = 0> <II = 1> <Delay = 0.34> <IPBlock> <Opcode : '' 'add' 'sub'> <InPorts = 3> <OutPorts = 1> <Sync> <CReg>
ST_2 : Operation 98 [1/1] (0.00ns)   --->   "%shl_ln73_924 = bitconcatenate i15 @_ssdm_op_BitConcatenate.i15.i12.i3, i12 %a_1, i3 0" [firmware/nnet_utils/nnet_mult.h:73->firmware/nnet_utils/nnet_dense_latency.h:42]   --->   Operation 98 'bitconcatenate' 'shl_ln73_924' <Predicate = true> <Delay = 0.00>
ST_2 : Operation 99 [1/1] (0.00ns)   --->   "%sext_ln73_919 = sext i15 %shl_ln73_924" [firmware/nnet_utils/nnet_mult.h:73->firmware/nnet_utils/nnet_dense_latency.h:42]   --->   Operation 99 'sext' 'sext_ln73_919' <Predicate = true> <Delay = 0.00>
ST_2 : Operation 100 [1/1] (0.69ns) (root node of TernaryAdder)   --->   "%sub_ln73_757 = sub i18 %sub_ln73_756, i18 %sext_ln73_919" [firmware/nnet_utils/nnet_mult.h:73->firmware/nnet_utils/nnet_dense_latency.h:42]   --->   Operation 100 'sub' 'sub_ln73_757' <Predicate = true> <Delay = 0.69> <CoreInst = "TAddSub">   --->   Core 10 'TAddSub' <Latency = 0> <II = 1> <Delay = 0.34> <IPBlock> <Opcode : '' 'add' 'sub'> <InPorts = 3> <OutPorts = 1> <Sync> <CReg>
ST_2 : Operation 101 [1/1] (0.00ns)   --->   "%trunc_ln42_8 = partselect i14 @_ssdm_op_PartSelect.i14.i18.i32.i32, i18 %sub_ln73_757, i32 4, i32 17" [firmware/nnet_utils/nnet_dense_latency.h:42]   --->   Operation 101 'partselect' 'trunc_ln42_8' <Predicate = true> <Delay = 0.00>
ST_2 : Operation 102 [1/1] (0.00ns)   --->   "%sext_ln42_90 = sext i14 %trunc_ln42_8" [firmware/nnet_utils/nnet_dense_latency.h:42]   --->   Operation 102 'sext' 'sext_ln42_90' <Predicate = true> <Delay = 0.00>
ST_2 : Operation 103 [1/1] (0.00ns)   --->   "%shl_ln73_925 = bitconcatenate i13 @_ssdm_op_BitConcatenate.i13.i12.i1, i12 %a_1, i1 0" [firmware/nnet_utils/nnet_mult.h:73->firmware/nnet_utils/nnet_dense_latency.h:42]   --->   Operation 103 'bitconcatenate' 'shl_ln73_925' <Predicate = true> <Delay = 0.00>
ST_2 : Operation 104 [1/1] (0.00ns)   --->   "%sext_ln73_920 = sext i13 %shl_ln73_925" [firmware/nnet_utils/nnet_mult.h:73->firmware/nnet_utils/nnet_dense_latency.h:42]   --->   Operation 104 'sext' 'sext_ln73_920' <Predicate = true> <Delay = 0.00>
ST_2 : Operation 105 [1/1] (0.86ns)   --->   "%add_ln73_59 = add i18 %sext_ln73_918, i18 %sext_ln73_920" [firmware/nnet_utils/nnet_mult.h:73->firmware/nnet_utils/nnet_dense_latency.h:42]   --->   Operation 105 'add' 'add_ln73_59' <Predicate = true> <Delay = 0.86> <CoreInst = "Adder">   --->   Core 1 'Adder' <Latency = 0> <II = 1> <Delay = 0.86> <FuncUnit> <Opcode : 'add' 'sub'> <InPorts = 2> <OutPorts = 1>
ST_2 : Operation 106 [1/1] (0.00ns)   --->   "%trunc_ln42_s = partselect i14 @_ssdm_op_PartSelect.i14.i18.i32.i32, i18 %add_ln73_59, i32 4, i32 17" [firmware/nnet_utils/nnet_dense_latency.h:42]   --->   Operation 106 'partselect' 'trunc_ln42_s' <Predicate = true> <Delay = 0.00>
ST_2 : Operation 107 [1/1] (0.00ns)   --->   "%sext_ln42_91 = sext i14 %trunc_ln42_s" [firmware/nnet_utils/nnet_dense_latency.h:42]   --->   Operation 107 'sext' 'sext_ln42_91' <Predicate = true> <Delay = 0.00>
ST_2 : Operation 108 [1/1] (0.00ns)   --->   "%shl_ln73_926 = bitconcatenate i16 @_ssdm_op_BitConcatenate.i16.i12.i4, i12 %a_1, i4 0" [firmware/nnet_utils/nnet_mult.h:73->firmware/nnet_utils/nnet_dense_latency.h:42]   --->   Operation 108 'bitconcatenate' 'shl_ln73_926' <Predicate = true> <Delay = 0.00>
ST_2 : Operation 109 [1/1] (0.00ns)   --->   "%sext_ln73_921 = sext i16 %shl_ln73_926" [firmware/nnet_utils/nnet_mult.h:73->firmware/nnet_utils/nnet_dense_latency.h:42]   --->   Operation 109 'sext' 'sext_ln73_921' <Predicate = true> <Delay = 0.00>
ST_2 : Operation 110 [1/1] (0.00ns) (grouped into TernaryAdder)   --->   "%sub_ln73_758 = sub i17 0, i17 %sext_ln73_921" [firmware/nnet_utils/nnet_mult.h:73->firmware/nnet_utils/nnet_dense_latency.h:42]   --->   Operation 110 'sub' 'sub_ln73_758' <Predicate = true> <Delay = 0.00> <CoreInst = "TAddSub">   --->   Core 10 'TAddSub' <Latency = 0> <II = 1> <Delay = 0.34> <IPBlock> <Opcode : '' 'add' 'sub'> <InPorts = 3> <OutPorts = 1> <Sync> <CReg>
ST_2 : Operation 111 [1/1] (0.00ns)   --->   "%shl_ln73_927 = bitconcatenate i14 @_ssdm_op_BitConcatenate.i14.i12.i2, i12 %a_1, i2 0" [firmware/nnet_utils/nnet_mult.h:73->firmware/nnet_utils/nnet_dense_latency.h:42]   --->   Operation 111 'bitconcatenate' 'shl_ln73_927' <Predicate = true> <Delay = 0.00>
ST_2 : Operation 112 [1/1] (0.00ns)   --->   "%sext_ln73_922 = sext i14 %shl_ln73_927" [firmware/nnet_utils/nnet_mult.h:73->firmware/nnet_utils/nnet_dense_latency.h:42]   --->   Operation 112 'sext' 'sext_ln73_922' <Predicate = true> <Delay = 0.00>
ST_2 : Operation 113 [1/1] (0.68ns) (root node of TernaryAdder)   --->   "%sub_ln73_759 = sub i17 %sub_ln73_758, i17 %sext_ln73_922" [firmware/nnet_utils/nnet_mult.h:73->firmware/nnet_utils/nnet_dense_latency.h:42]   --->   Operation 113 'sub' 'sub_ln73_759' <Predicate = true> <Delay = 0.68> <CoreInst = "TAddSub">   --->   Core 10 'TAddSub' <Latency = 0> <II = 1> <Delay = 0.34> <IPBlock> <Opcode : '' 'add' 'sub'> <InPorts = 3> <OutPorts = 1> <Sync> <CReg>
ST_2 : Operation 114 [1/1] (0.00ns)   --->   "%trunc_ln42_10 = partselect i13 @_ssdm_op_PartSelect.i13.i17.i32.i32, i17 %sub_ln73_759, i32 4, i32 16" [firmware/nnet_utils/nnet_dense_latency.h:42]   --->   Operation 114 'partselect' 'trunc_ln42_10' <Predicate = true> <Delay = 0.00>
ST_2 : Operation 115 [1/1] (0.00ns)   --->   "%sext_ln42_92 = sext i13 %trunc_ln42_10" [firmware/nnet_utils/nnet_dense_latency.h:42]   --->   Operation 115 'sext' 'sext_ln42_92' <Predicate = true> <Delay = 0.00>
ST_2 : Operation 116 [1/1] (0.85ns)   --->   "%sub_ln73_760 = sub i17 %sext_ln73_921, i17 %sext_ln73_922" [firmware/nnet_utils/nnet_mult.h:73->firmware/nnet_utils/nnet_dense_latency.h:42]   --->   Operation 116 'sub' 'sub_ln73_760' <Predicate = true> <Delay = 0.85> <CoreInst = "Adder">   --->   Core 1 'Adder' <Latency = 0> <II = 1> <Delay = 0.85> <FuncUnit> <Opcode : 'add' 'sub'> <InPorts = 2> <OutPorts = 1>
ST_2 : Operation 117 [1/1] (0.00ns)   --->   "%trunc_ln42_12 = partselect i13 @_ssdm_op_PartSelect.i13.i17.i32.i32, i17 %sub_ln73_760, i32 4, i32 16" [firmware/nnet_utils/nnet_dense_latency.h:42]   --->   Operation 117 'partselect' 'trunc_ln42_12' <Predicate = true> <Delay = 0.00>
ST_2 : Operation 118 [1/1] (0.00ns)   --->   "%p_cast33_cast = sext i13 %trunc_ln42_12" [firmware/nnet_utils/nnet_dense_latency.h:42]   --->   Operation 118 'sext' 'p_cast33_cast' <Predicate = true> <Delay = 0.00>
ST_2 : Operation 119 [1/1] (0.00ns)   --->   "%shl_ln73_928 = bitconcatenate i19 @_ssdm_op_BitConcatenate.i19.i12.i7, i12 %a_2, i7 0" [firmware/nnet_utils/nnet_mult.h:73->firmware/nnet_utils/nnet_dense_latency.h:42]   --->   Operation 119 'bitconcatenate' 'shl_ln73_928' <Predicate = true> <Delay = 0.00>
ST_2 : Operation 120 [1/1] (0.00ns)   --->   "%sext_ln73_926 = sext i19 %shl_ln73_928" [firmware/nnet_utils/nnet_mult.h:73->firmware/nnet_utils/nnet_dense_latency.h:42]   --->   Operation 120 'sext' 'sext_ln73_926' <Predicate = true> <Delay = 0.00>
ST_2 : Operation 121 [1/1] (0.00ns)   --->   "%shl_ln73_929 = bitconcatenate i17 @_ssdm_op_BitConcatenate.i17.i12.i5, i12 %a_2, i5 0" [firmware/nnet_utils/nnet_mult.h:73->firmware/nnet_utils/nnet_dense_latency.h:42]   --->   Operation 121 'bitconcatenate' 'shl_ln73_929' <Predicate = true> <Delay = 0.00>
ST_2 : Operation 122 [1/1] (0.00ns)   --->   "%sext_ln73_927 = sext i17 %shl_ln73_929" [firmware/nnet_utils/nnet_mult.h:73->firmware/nnet_utils/nnet_dense_latency.h:42]   --->   Operation 122 'sext' 'sext_ln73_927' <Predicate = true> <Delay = 0.00>
ST_2 : Operation 123 [1/1] (0.88ns)   --->   "%add_ln73_60 = add i20 %sext_ln73_926, i20 %sext_ln73_927" [firmware/nnet_utils/nnet_mult.h:73->firmware/nnet_utils/nnet_dense_latency.h:42]   --->   Operation 123 'add' 'add_ln73_60' <Predicate = true> <Delay = 0.88> <CoreInst = "Adder">   --->   Core 1 'Adder' <Latency = 0> <II = 1> <Delay = 0.88> <FuncUnit> <Opcode : 'add' 'sub'> <InPorts = 2> <OutPorts = 1>
ST_2 : Operation 124 [1/1] (0.00ns)   --->   "%trunc_ln42_13 = partselect i16 @_ssdm_op_PartSelect.i16.i20.i32.i32, i20 %add_ln73_60, i32 4, i32 19" [firmware/nnet_utils/nnet_dense_latency.h:42]   --->   Operation 124 'partselect' 'trunc_ln42_13' <Predicate = true> <Delay = 0.00>
ST_2 : Operation 125 [1/1] (0.00ns)   --->   "%sext_ln73_943 = sext i13 %trunc_ln42_14" [firmware/nnet_utils/nnet_mult.h:73->firmware/nnet_utils/nnet_dense_latency.h:42]   --->   Operation 125 'sext' 'sext_ln73_943' <Predicate = true> <Delay = 0.00>
ST_2 : Operation 126 [1/1] (0.00ns)   --->   "%shl_ln73_930 = bitconcatenate i18 @_ssdm_op_BitConcatenate.i18.i12.i6, i12 %a_2, i6 0" [firmware/nnet_utils/nnet_mult.h:73->firmware/nnet_utils/nnet_dense_latency.h:42]   --->   Operation 126 'bitconcatenate' 'shl_ln73_930' <Predicate = true> <Delay = 0.00>
ST_2 : Operation 127 [1/1] (0.00ns)   --->   "%sext_ln73_928 = sext i18 %shl_ln73_930" [firmware/nnet_utils/nnet_mult.h:73->firmware/nnet_utils/nnet_dense_latency.h:42]   --->   Operation 127 'sext' 'sext_ln73_928' <Predicate = true> <Delay = 0.00>
ST_2 : Operation 128 [1/1] (0.00ns) (grouped into TernaryAdder)   --->   "%sub_ln73_761 = sub i19 0, i19 %sext_ln73_928" [firmware/nnet_utils/nnet_mult.h:73->firmware/nnet_utils/nnet_dense_latency.h:42]   --->   Operation 128 'sub' 'sub_ln73_761' <Predicate = true> <Delay = 0.00> <CoreInst = "TAddSub">   --->   Core 10 'TAddSub' <Latency = 0> <II = 1> <Delay = 0.34> <IPBlock> <Opcode : '' 'add' 'sub'> <InPorts = 3> <OutPorts = 1> <Sync> <CReg>
ST_2 : Operation 129 [1/1] (0.00ns)   --->   "%shl_ln73_931 = bitconcatenate i14 @_ssdm_op_BitConcatenate.i14.i12.i2, i12 %a_2, i2 0" [firmware/nnet_utils/nnet_mult.h:73->firmware/nnet_utils/nnet_dense_latency.h:42]   --->   Operation 129 'bitconcatenate' 'shl_ln73_931' <Predicate = true> <Delay = 0.00>
ST_2 : Operation 130 [1/1] (0.00ns)   --->   "%sext_ln73_929 = sext i14 %shl_ln73_931" [firmware/nnet_utils/nnet_mult.h:73->firmware/nnet_utils/nnet_dense_latency.h:42]   --->   Operation 130 'sext' 'sext_ln73_929' <Predicate = true> <Delay = 0.00>
ST_2 : Operation 131 [1/1] (0.69ns) (root node of TernaryAdder)   --->   "%sub_ln73_762 = sub i19 %sub_ln73_761, i19 %sext_ln73_929" [firmware/nnet_utils/nnet_mult.h:73->firmware/nnet_utils/nnet_dense_latency.h:42]   --->   Operation 131 'sub' 'sub_ln73_762' <Predicate = true> <Delay = 0.69> <CoreInst = "TAddSub">   --->   Core 10 'TAddSub' <Latency = 0> <II = 1> <Delay = 0.34> <IPBlock> <Opcode : '' 'add' 'sub'> <InPorts = 3> <OutPorts = 1> <Sync> <CReg>
ST_2 : Operation 132 [1/1] (0.00ns)   --->   "%trunc_ln42_16 = partselect i15 @_ssdm_op_PartSelect.i15.i19.i32.i32, i19 %sub_ln73_762, i32 4, i32 18" [firmware/nnet_utils/nnet_dense_latency.h:42]   --->   Operation 132 'partselect' 'trunc_ln42_16' <Predicate = true> <Delay = 0.00>
ST_2 : Operation 133 [1/1] (0.00ns)   --->   "%sext_ln42_94 = sext i15 %trunc_ln42_16" [firmware/nnet_utils/nnet_dense_latency.h:42]   --->   Operation 133 'sext' 'sext_ln42_94' <Predicate = true> <Delay = 0.00>
ST_2 : Operation 134 [1/1] (0.00ns)   --->   "%sext_ln42_95 = sext i9 %trunc_ln42_17" [firmware/nnet_utils/nnet_dense_latency.h:42]   --->   Operation 134 'sext' 'sext_ln42_95' <Predicate = true> <Delay = 0.00>
ST_2 : Operation 135 [1/1] (0.00ns)   --->   "%sext_ln42_96 = sext i15 %trunc_ln42_23" [firmware/nnet_utils/nnet_dense_latency.h:42]   --->   Operation 135 'sext' 'sext_ln42_96' <Predicate = true> <Delay = 0.00>
ST_2 : Operation 136 [1/1] (0.00ns)   --->   "%sext_ln73_934 = sext i12 %a_4" [firmware/nnet_utils/nnet_mult.h:73->firmware/nnet_utils/nnet_dense_latency.h:42]   --->   Operation 136 'sext' 'sext_ln73_934' <Predicate = true> <Delay = 0.00>
ST_2 : Operation 137 [1/1] (0.00ns)   --->   "%sext_ln73_935 = sext i12 %a_4" [firmware/nnet_utils/nnet_mult.h:73->firmware/nnet_utils/nnet_dense_latency.h:42]   --->   Operation 137 'sext' 'sext_ln73_935' <Predicate = true> <Delay = 0.00>
ST_2 : Operation 138 [1/1] (0.00ns)   --->   "%shl_ln73_933 = bitconcatenate i17 @_ssdm_op_BitConcatenate.i17.i12.i5, i12 %a_4, i5 0" [firmware/nnet_utils/nnet_mult.h:73->firmware/nnet_utils/nnet_dense_latency.h:42]   --->   Operation 138 'bitconcatenate' 'shl_ln73_933' <Predicate = true> <Delay = 0.00>
ST_2 : Operation 139 [1/1] (0.00ns)   --->   "%sext_ln73_938 = sext i17 %shl_ln73_933" [firmware/nnet_utils/nnet_mult.h:73->firmware/nnet_utils/nnet_dense_latency.h:42]   --->   Operation 139 'sext' 'sext_ln73_938' <Predicate = true> <Delay = 0.00>
ST_2 : Operation 140 [1/1] (0.00ns)   --->   "%shl_ln73_934 = bitconcatenate i13 @_ssdm_op_BitConcatenate.i13.i12.i1, i12 %a_4, i1 0" [firmware/nnet_utils/nnet_mult.h:73->firmware/nnet_utils/nnet_dense_latency.h:42]   --->   Operation 140 'bitconcatenate' 'shl_ln73_934' <Predicate = true> <Delay = 0.00>
ST_2 : Operation 141 [1/1] (0.00ns)   --->   "%sext_ln73_939 = sext i13 %shl_ln73_934" [firmware/nnet_utils/nnet_mult.h:73->firmware/nnet_utils/nnet_dense_latency.h:42]   --->   Operation 141 'sext' 'sext_ln73_939' <Predicate = true> <Delay = 0.00>
ST_2 : Operation 142 [1/1] (0.86ns)   --->   "%sub_ln73_764 = sub i18 %sext_ln73_939, i18 %sext_ln73_938" [firmware/nnet_utils/nnet_mult.h:73->firmware/nnet_utils/nnet_dense_latency.h:42]   --->   Operation 142 'sub' 'sub_ln73_764' <Predicate = true> <Delay = 0.86> <CoreInst = "Adder">   --->   Core 1 'Adder' <Latency = 0> <II = 1> <Delay = 0.86> <FuncUnit> <Opcode : 'add' 'sub'> <InPorts = 2> <OutPorts = 1>
ST_2 : Operation 143 [1/1] (0.00ns)   --->   "%trunc_ln42_30 = partselect i14 @_ssdm_op_PartSelect.i14.i18.i32.i32, i18 %sub_ln73_764, i32 4, i32 17" [firmware/nnet_utils/nnet_dense_latency.h:42]   --->   Operation 143 'partselect' 'trunc_ln42_30' <Predicate = true> <Delay = 0.00>
ST_2 : Operation 144 [1/1] (0.00ns)   --->   "%sext_ln73_946 = sext i14 %trunc_ln42_30" [firmware/nnet_utils/nnet_mult.h:73->firmware/nnet_utils/nnet_dense_latency.h:42]   --->   Operation 144 'sext' 'sext_ln73_946' <Predicate = true> <Delay = 0.00>
ST_2 : Operation 145 [1/1] (2.18ns)   --->   "%mul_ln73_282 = mul i19 %sext_ln73_935, i19 524249" [firmware/nnet_utils/nnet_mult.h:73->firmware/nnet_utils/nnet_dense_latency.h:42]   --->   Operation 145 'mul' 'mul_ln73_282' <Predicate = true> <Delay = 2.18> <CoreInst = "Multiplier">   --->   Core 3 'Multiplier' <Latency = 0> <II = 1> <Delay = 2.18> <FuncUnit> <Opcode : 'mul'> <InPorts = 2> <OutPorts = 1>
ST_2 : Operation 146 [1/1] (0.00ns)   --->   "%trunc_ln42_32 = partselect i15 @_ssdm_op_PartSelect.i15.i19.i32.i32, i19 %mul_ln73_282, i32 4, i32 18" [firmware/nnet_utils/nnet_dense_latency.h:42]   --->   Operation 146 'partselect' 'trunc_ln42_32' <Predicate = true> <Delay = 0.00>
ST_2 : Operation 147 [1/1] (0.00ns)   --->   "%sext_ln42_98 = sext i15 %trunc_ln42_32" [firmware/nnet_utils/nnet_dense_latency.h:42]   --->   Operation 147 'sext' 'sext_ln42_98' <Predicate = true> <Delay = 0.00>
ST_2 : Operation 148 [1/1] (0.00ns)   --->   "%shl_ln73_935 = bitconcatenate i15 @_ssdm_op_BitConcatenate.i15.i12.i3, i12 %a_4, i3 0" [firmware/nnet_utils/nnet_mult.h:73->firmware/nnet_utils/nnet_dense_latency.h:42]   --->   Operation 148 'bitconcatenate' 'shl_ln73_935' <Predicate = true> <Delay = 0.00>
ST_2 : Operation 149 [1/1] (0.00ns)   --->   "%sext_ln73_940 = sext i15 %shl_ln73_935" [firmware/nnet_utils/nnet_mult.h:73->firmware/nnet_utils/nnet_dense_latency.h:42]   --->   Operation 149 'sext' 'sext_ln73_940' <Predicate = true> <Delay = 0.00>
ST_2 : Operation 150 [1/1] (0.00ns) (grouped into TernaryAdder)   --->   "%sub_ln73_765 = sub i16 0, i16 %sext_ln73_940" [firmware/nnet_utils/nnet_mult.h:73->firmware/nnet_utils/nnet_dense_latency.h:42]   --->   Operation 150 'sub' 'sub_ln73_765' <Predicate = true> <Delay = 0.00> <CoreInst = "TAddSub">   --->   Core 10 'TAddSub' <Latency = 0> <II = 1> <Delay = 0.34> <IPBlock> <Opcode : '' 'add' 'sub'> <InPorts = 3> <OutPorts = 1> <Sync> <CReg>
ST_2 : Operation 151 [1/1] (0.68ns) (root node of TernaryAdder)   --->   "%sub_ln73_766 = sub i16 %sub_ln73_765, i16 %sext_ln73_934" [firmware/nnet_utils/nnet_mult.h:73->firmware/nnet_utils/nnet_dense_latency.h:42]   --->   Operation 151 'sub' 'sub_ln73_766' <Predicate = true> <Delay = 0.68> <CoreInst = "TAddSub">   --->   Core 10 'TAddSub' <Latency = 0> <II = 1> <Delay = 0.34> <IPBlock> <Opcode : '' 'add' 'sub'> <InPorts = 3> <OutPorts = 1> <Sync> <CReg>
ST_2 : Operation 152 [1/1] (0.00ns)   --->   "%trunc_ln42_33 = partselect i12 @_ssdm_op_PartSelect.i12.i16.i32.i32, i16 %sub_ln73_766, i32 4, i32 15" [firmware/nnet_utils/nnet_dense_latency.h:42]   --->   Operation 152 'partselect' 'trunc_ln42_33' <Predicate = true> <Delay = 0.00>
ST_2 : Operation 153 [1/1] (0.00ns)   --->   "%sext_ln58 = sext i12 %trunc_ln42_33" [firmware/nnet_utils/nnet_dense_latency.h:58]   --->   Operation 153 'sext' 'sext_ln58' <Predicate = true> <Delay = 0.00>
ST_2 : Operation 154 [1/1] (0.85ns)   --->   "%add_ln58 = add i16 %trunc_ln42_7, i16 %trunc_ln42_13" [firmware/nnet_utils/nnet_dense_latency.h:58]   --->   Operation 154 'add' 'add_ln58' <Predicate = true> <Delay = 0.85> <CoreInst = "Adder">   --->   Core 1 'Adder' <Latency = 0> <II = 1> <Delay = 0.85> <FuncUnit> <Opcode : 'add' 'sub'> <InPorts = 2> <OutPorts = 1>
ST_2 : Operation 155 [1/1] (0.00ns) (grouped into TernaryAdder)   --->   "%add_ln58_1154 = add i16 %add_ln58, i16 %trunc_ln" [firmware/nnet_utils/nnet_dense_latency.h:58]   --->   Operation 155 'add' 'add_ln58_1154' <Predicate = true> <Delay = 0.00> <CoreInst = "TAddSub">   --->   Core 10 'TAddSub' <Latency = 0> <II = 1> <Delay = 0.34> <IPBlock> <Opcode : '' 'add' 'sub'> <InPorts = 3> <OutPorts = 1> <Sync> <CReg>
ST_2 : Operation 156 [1/1] (0.68ns) (root node of TernaryAdder)   --->   "%x = add i16 %add_ln58_1156, i16 %add_ln58_1154" [firmware/nnet_utils/nnet_dense_latency.h:58]   --->   Operation 156 'add' 'x' <Predicate = true> <Delay = 0.68> <CoreInst = "TAddSub">   --->   Core 10 'TAddSub' <Latency = 0> <II = 1> <Delay = 0.34> <IPBlock> <Opcode : '' 'add' 'sub'> <InPorts = 3> <OutPorts = 1> <Sync> <CReg>
ST_2 : Operation 157 [1/1] (0.85ns)   --->   "%add_ln58_1158 = add i16 %trunc_ln42_28, i16 %sext_ln42_90" [firmware/nnet_utils/nnet_dense_latency.h:58]   --->   Operation 157 'add' 'add_ln58_1158' <Predicate = true> <Delay = 0.85> <CoreInst = "Adder">   --->   Core 1 'Adder' <Latency = 0> <II = 1> <Delay = 0.85> <FuncUnit> <Opcode : 'add' 'sub'> <InPorts = 2> <OutPorts = 1>
ST_2 : Operation 158 [1/1] (0.00ns) (grouped into TernaryAdder)   --->   "%add_ln58_1159 = add i16 %add_ln58_1158, i16 %trunc_ln42_21" [firmware/nnet_utils/nnet_dense_latency.h:58]   --->   Operation 158 'add' 'add_ln58_1159' <Predicate = true> <Delay = 0.00> <CoreInst = "TAddSub">   --->   Core 10 'TAddSub' <Latency = 0> <II = 1> <Delay = 0.34> <IPBlock> <Opcode : '' 'add' 'sub'> <InPorts = 3> <OutPorts = 1> <Sync> <CReg>
ST_2 : Operation 159 [1/1] (0.80ns)   --->   "%add_ln58_1160 = add i13 %sext_ln73_941, i13 7392" [firmware/nnet_utils/nnet_dense_latency.h:58]   --->   Operation 159 'add' 'add_ln58_1160' <Predicate = true> <Delay = 0.80> <CoreInst = "Adder">   --->   Core 1 'Adder' <Latency = 0> <II = 1> <Delay = 0.80> <FuncUnit> <Opcode : 'add' 'sub'> <InPorts = 2> <OutPorts = 1>
ST_2 : Operation 160 [1/1] (0.00ns)   --->   "%sext_ln58_760 = sext i13 %add_ln58_1160" [firmware/nnet_utils/nnet_dense_latency.h:58]   --->   Operation 160 'sext' 'sext_ln58_760' <Predicate = true> <Delay = 0.00>
ST_2 : Operation 161 [1/1] (0.82ns)   --->   "%add_ln58_1161 = add i14 %sext_ln58_760, i14 %sext_ln73_943" [firmware/nnet_utils/nnet_dense_latency.h:58]   --->   Operation 161 'add' 'add_ln58_1161' <Predicate = true> <Delay = 0.82> <CoreInst = "Adder">   --->   Core 1 'Adder' <Latency = 0> <II = 1> <Delay = 0.82> <FuncUnit> <Opcode : 'add' 'sub'> <InPorts = 2> <OutPorts = 1>
ST_2 : Operation 162 [1/1] (0.00ns)   --->   "%sext_ln58_761 = sext i14 %add_ln58_1161" [firmware/nnet_utils/nnet_dense_latency.h:58]   --->   Operation 162 'sext' 'sext_ln58_761' <Predicate = true> <Delay = 0.00>
ST_2 : Operation 163 [1/1] (0.68ns) (root node of TernaryAdder)   --->   "%x_1 = add i16 %sext_ln58_761, i16 %add_ln58_1159" [firmware/nnet_utils/nnet_dense_latency.h:58]   --->   Operation 163 'add' 'x_1' <Predicate = true> <Delay = 0.68> <CoreInst = "TAddSub">   --->   Core 10 'TAddSub' <Latency = 0> <II = 1> <Delay = 0.34> <IPBlock> <Opcode : '' 'add' 'sub'> <InPorts = 3> <OutPorts = 1> <Sync> <CReg>
ST_2 : Operation 164 [1/1] (0.00ns) (grouped into TernaryAdder)   --->   "%add_ln58_1164 = add i16 %add_ln58_1163, i16 %trunc_ln42_2" [firmware/nnet_utils/nnet_dense_latency.h:58]   --->   Operation 164 'add' 'add_ln58_1164' <Predicate = true> <Delay = 0.00> <CoreInst = "TAddSub">   --->   Core 10 'TAddSub' <Latency = 0> <II = 1> <Delay = 0.34> <IPBlock> <Opcode : '' 'add' 'sub'> <InPorts = 3> <OutPorts = 1> <Sync> <CReg>
ST_2 : Operation 165 [1/1] (0.00ns)   --->   "%sext_ln58_763 = sext i15 %add_ln58_1166" [firmware/nnet_utils/nnet_dense_latency.h:58]   --->   Operation 165 'sext' 'sext_ln58_763' <Predicate = true> <Delay = 0.00>
ST_2 : Operation 166 [1/1] (0.68ns) (root node of TernaryAdder)   --->   "%x_2 = add i16 %sext_ln58_763, i16 %add_ln58_1164" [firmware/nnet_utils/nnet_dense_latency.h:58]   --->   Operation 166 'add' 'x_2' <Predicate = true> <Delay = 0.68> <CoreInst = "TAddSub">   --->   Core 10 'TAddSub' <Latency = 0> <II = 1> <Delay = 0.34> <IPBlock> <Opcode : '' 'add' 'sub'> <InPorts = 3> <OutPorts = 1> <Sync> <CReg>
ST_2 : Operation 167 [1/1] (0.84ns)   --->   "%add_ln58_1168 = add i16 %sext_ln42_96, i16 %sext_ln42_91" [firmware/nnet_utils/nnet_dense_latency.h:58]   --->   Operation 167 'add' 'add_ln58_1168' <Predicate = true> <Delay = 0.84> <CoreInst = "Adder">   --->   Core 1 'Adder' <Latency = 0> <II = 1> <Delay = 0.84> <FuncUnit> <Opcode : 'add' 'sub'> <InPorts = 2> <OutPorts = 1>
ST_2 : Operation 168 [1/1] (0.00ns) (grouped into TernaryAdder)   --->   "%add_ln58_1169 = add i16 %add_ln58_1168, i16 %sext_ln42_94" [firmware/nnet_utils/nnet_dense_latency.h:58]   --->   Operation 168 'add' 'add_ln58_1169' <Predicate = true> <Delay = 0.00> <CoreInst = "TAddSub">   --->   Core 10 'TAddSub' <Latency = 0> <II = 1> <Delay = 0.34> <IPBlock> <Opcode : '' 'add' 'sub'> <InPorts = 3> <OutPorts = 1> <Sync> <CReg>
ST_2 : Operation 169 [1/1] (0.78ns)   --->   "%add_ln58_1170 = add i11 %sext_ln73_942, i11 312" [firmware/nnet_utils/nnet_dense_latency.h:58]   --->   Operation 169 'add' 'add_ln58_1170' <Predicate = true> <Delay = 0.78> <CoreInst = "Adder">   --->   Core 1 'Adder' <Latency = 0> <II = 1> <Delay = 0.78> <FuncUnit> <Opcode : 'add' 'sub'> <InPorts = 2> <OutPorts = 1>
ST_2 : Operation 170 [1/1] (0.00ns)   --->   "%sext_ln58_764 = sext i11 %add_ln58_1170" [firmware/nnet_utils/nnet_dense_latency.h:58]   --->   Operation 170 'sext' 'sext_ln58_764' <Predicate = true> <Delay = 0.00>
ST_2 : Operation 171 [1/1] (0.83ns)   --->   "%add_ln58_1171 = add i15 %sext_ln58_764, i15 %sext_ln73_946" [firmware/nnet_utils/nnet_dense_latency.h:58]   --->   Operation 171 'add' 'add_ln58_1171' <Predicate = true> <Delay = 0.83> <CoreInst = "Adder">   --->   Core 1 'Adder' <Latency = 0> <II = 1> <Delay = 0.83> <FuncUnit> <Opcode : 'add' 'sub'> <InPorts = 2> <OutPorts = 1>
ST_2 : Operation 172 [1/1] (0.00ns)   --->   "%sext_ln58_765 = sext i15 %add_ln58_1171" [firmware/nnet_utils/nnet_dense_latency.h:58]   --->   Operation 172 'sext' 'sext_ln58_765' <Predicate = true> <Delay = 0.00>
ST_2 : Operation 173 [1/1] (0.68ns) (root node of TernaryAdder)   --->   "%x_3 = add i16 %sext_ln58_765, i16 %add_ln58_1169" [firmware/nnet_utils/nnet_dense_latency.h:58]   --->   Operation 173 'add' 'x_3' <Predicate = true> <Delay = 0.68> <CoreInst = "TAddSub">   --->   Core 10 'TAddSub' <Latency = 0> <II = 1> <Delay = 0.34> <IPBlock> <Opcode : '' 'add' 'sub'> <InPorts = 3> <OutPorts = 1> <Sync> <CReg>
ST_2 : Operation 174 [1/1] (0.00ns) (grouped into TernaryAdder)   --->   "%add_ln58_1174 = add i16 %add_ln58_1173, i16 %trunc_ln42_4" [firmware/nnet_utils/nnet_dense_latency.h:58]   --->   Operation 174 'add' 'add_ln58_1174' <Predicate = true> <Delay = 0.00> <CoreInst = "TAddSub">   --->   Core 10 'TAddSub' <Latency = 0> <II = 1> <Delay = 0.34> <IPBlock> <Opcode : '' 'add' 'sub'> <InPorts = 3> <OutPorts = 1> <Sync> <CReg>
ST_2 : Operation 175 [1/1] (0.78ns)   --->   "%add_ln58_1175 = add i10 %sext_ln42_95, i10 348" [firmware/nnet_utils/nnet_dense_latency.h:58]   --->   Operation 175 'add' 'add_ln58_1175' <Predicate = true> <Delay = 0.78> <CoreInst = "Adder">   --->   Core 1 'Adder' <Latency = 0> <II = 1> <Delay = 0.78> <FuncUnit> <Opcode : 'add' 'sub'> <InPorts = 2> <OutPorts = 1>
ST_2 : Operation 176 [1/1] (0.00ns)   --->   "%zext_ln58 = zext i10 %add_ln58_1175" [firmware/nnet_utils/nnet_dense_latency.h:58]   --->   Operation 176 'zext' 'zext_ln58' <Predicate = true> <Delay = 0.00>
ST_2 : Operation 177 [1/1] (0.82ns)   --->   "%add_ln58_1176 = add i14 %zext_ln58, i14 %sext_ln42_92" [firmware/nnet_utils/nnet_dense_latency.h:58]   --->   Operation 177 'add' 'add_ln58_1176' <Predicate = true> <Delay = 0.82> <CoreInst = "Adder">   --->   Core 1 'Adder' <Latency = 0> <II = 1> <Delay = 0.82> <FuncUnit> <Opcode : 'add' 'sub'> <InPorts = 2> <OutPorts = 1>
ST_2 : Operation 178 [1/1] (0.00ns)   --->   "%sext_ln58_766 = sext i14 %add_ln58_1176" [firmware/nnet_utils/nnet_dense_latency.h:58]   --->   Operation 178 'sext' 'sext_ln58_766' <Predicate = true> <Delay = 0.00>
ST_2 : Operation 179 [1/1] (0.68ns) (root node of TernaryAdder)   --->   "%x_4 = add i16 %sext_ln58_766, i16 %add_ln58_1174" [firmware/nnet_utils/nnet_dense_latency.h:58]   --->   Operation 179 'add' 'x_4' <Predicate = true> <Delay = 0.68> <CoreInst = "TAddSub">   --->   Core 10 'TAddSub' <Latency = 0> <II = 1> <Delay = 0.34> <IPBlock> <Opcode : '' 'add' 'sub'> <InPorts = 3> <OutPorts = 1> <Sync> <CReg>
ST_2 : Operation 180 [1/1] (0.00ns) (grouped into TernaryAdder)   --->   "%add_ln58_1179 = add i16 %add_ln58_1178, i16 %trunc_ln42_11" [firmware/nnet_utils/nnet_dense_latency.h:58]   --->   Operation 180 'add' 'add_ln58_1179' <Predicate = true> <Delay = 0.00> <CoreInst = "TAddSub">   --->   Core 10 'TAddSub' <Latency = 0> <II = 1> <Delay = 0.34> <IPBlock> <Opcode : '' 'add' 'sub'> <InPorts = 3> <OutPorts = 1> <Sync> <CReg>
ST_2 : Operation 181 [1/1] (0.00ns) (grouped into TernaryAdder)   --->   "%add_ln58_1180 = add i16 %sext_ln42_98, i16 64480" [firmware/nnet_utils/nnet_dense_latency.h:58]   --->   Operation 181 'add' 'add_ln58_1180' <Predicate = true> <Delay = 0.00> <CoreInst = "TAddSub">   --->   Core 10 'TAddSub' <Latency = 0> <II = 1> <Delay = 0.34> <IPBlock> <Opcode : '' 'add' 'sub'> <InPorts = 3> <OutPorts = 1> <Sync> <CReg>
ST_2 : Operation 182 [1/1] (0.68ns) (root node of TernaryAdder)   --->   "%add_ln58_1181 = add i16 %add_ln58_1180, i16 %sext_ln42_88" [firmware/nnet_utils/nnet_dense_latency.h:58]   --->   Operation 182 'add' 'add_ln58_1181' <Predicate = true> <Delay = 0.68> <CoreInst = "TAddSub">   --->   Core 10 'TAddSub' <Latency = 0> <II = 1> <Delay = 0.34> <IPBlock> <Opcode : '' 'add' 'sub'> <InPorts = 3> <OutPorts = 1> <Sync> <CReg>
ST_2 : Operation 183 [1/1] (0.68ns) (root node of TernaryAdder)   --->   "%x_5 = add i16 %add_ln58_1181, i16 %add_ln58_1179" [firmware/nnet_utils/nnet_dense_latency.h:58]   --->   Operation 183 'add' 'x_5' <Predicate = true> <Delay = 0.68> <CoreInst = "TAddSub">   --->   Core 10 'TAddSub' <Latency = 0> <II = 1> <Delay = 0.34> <IPBlock> <Opcode : '' 'add' 'sub'> <InPorts = 3> <OutPorts = 1> <Sync> <CReg>
ST_2 : Operation 184 [1/1] (0.00ns) (grouped into TernaryAdder)   --->   "%add_ln58_1184 = add i16 %add_ln58_1183, i16 %trunc_ln42_6" [firmware/nnet_utils/nnet_dense_latency.h:58]   --->   Operation 184 'add' 'add_ln58_1184' <Predicate = true> <Delay = 0.00> <CoreInst = "TAddSub">   --->   Core 10 'TAddSub' <Latency = 0> <II = 1> <Delay = 0.34> <IPBlock> <Opcode : '' 'add' 'sub'> <InPorts = 3> <OutPorts = 1> <Sync> <CReg>
ST_2 : Operation 185 [1/1] (0.80ns)   --->   "%add_ln58_1185 = add i13 %sext_ln58, i13 6756" [firmware/nnet_utils/nnet_dense_latency.h:58]   --->   Operation 185 'add' 'add_ln58_1185' <Predicate = true> <Delay = 0.80> <CoreInst = "Adder">   --->   Core 1 'Adder' <Latency = 0> <II = 1> <Delay = 0.80> <FuncUnit> <Opcode : 'add' 'sub'> <InPorts = 2> <OutPorts = 1>
ST_2 : Operation 186 [1/1] (0.00ns)   --->   "%sext_ln58_767 = sext i13 %add_ln58_1185" [firmware/nnet_utils/nnet_dense_latency.h:58]   --->   Operation 186 'sext' 'sext_ln58_767' <Predicate = true> <Delay = 0.00>
ST_2 : Operation 187 [1/1] (0.82ns)   --->   "%add_ln58_1186 = add i14 %sext_ln58_767, i14 %p_cast33_cast" [firmware/nnet_utils/nnet_dense_latency.h:58]   --->   Operation 187 'add' 'add_ln58_1186' <Predicate = true> <Delay = 0.82> <CoreInst = "Adder">   --->   Core 1 'Adder' <Latency = 0> <II = 1> <Delay = 0.82> <FuncUnit> <Opcode : 'add' 'sub'> <InPorts = 2> <OutPorts = 1>
ST_2 : Operation 188 [1/1] (0.00ns)   --->   "%sext_ln58_768 = sext i14 %add_ln58_1186" [firmware/nnet_utils/nnet_dense_latency.h:58]   --->   Operation 188 'sext' 'sext_ln58_768' <Predicate = true> <Delay = 0.00>
ST_2 : Operation 189 [1/1] (0.68ns) (root node of TernaryAdder)   --->   "%x_6 = add i16 %sext_ln58_768, i16 %add_ln58_1184" [firmware/nnet_utils/nnet_dense_latency.h:58]   --->   Operation 189 'add' 'x_6' <Predicate = true> <Delay = 0.68> <CoreInst = "TAddSub">   --->   Core 10 'TAddSub' <Latency = 0> <II = 1> <Delay = 0.34> <IPBlock> <Opcode : '' 'add' 'sub'> <InPorts = 3> <OutPorts = 1> <Sync> <CReg>
ST_2 : Operation 190 [1/1] (0.00ns)   --->   "%trunc_ln2 = partselect i14 @_ssdm_op_PartSelect.i14.i16.i32.i32, i16 %x, i32 2, i32 15" [firmware/nnet_utils/nnet_mult.h:111->firmware/nnet_utils/nnet_dense_latency.h:66]   --->   Operation 190 'partselect' 'trunc_ln2' <Predicate = true> <Delay = 0.00>
ST_2 : Operation 191 [1/1] (0.00ns)   --->   "%sext_ln111 = sext i14 %trunc_ln2" [firmware/nnet_utils/nnet_mult.h:111->firmware/nnet_utils/nnet_dense_latency.h:66]   --->   Operation 191 'sext' 'sext_ln111' <Predicate = true> <Delay = 0.00>
ST_2 : Operation 192 [1/1] (0.00ns)   --->   "%trunc_ln111_1 = partselect i14 @_ssdm_op_PartSelect.i14.i16.i32.i32, i16 %x_1, i32 2, i32 15" [firmware/nnet_utils/nnet_mult.h:111->firmware/nnet_utils/nnet_dense_latency.h:66]   --->   Operation 192 'partselect' 'trunc_ln111_1' <Predicate = true> <Delay = 0.00>
ST_2 : Operation 193 [1/1] (0.00ns)   --->   "%sext_ln111_1 = sext i14 %trunc_ln111_1" [firmware/nnet_utils/nnet_mult.h:111->firmware/nnet_utils/nnet_dense_latency.h:66]   --->   Operation 193 'sext' 'sext_ln111_1' <Predicate = true> <Delay = 0.00>
ST_2 : Operation 194 [1/1] (0.00ns)   --->   "%trunc_ln111_2 = partselect i14 @_ssdm_op_PartSelect.i14.i16.i32.i32, i16 %x_2, i32 2, i32 15" [firmware/nnet_utils/nnet_mult.h:111->firmware/nnet_utils/nnet_dense_latency.h:66]   --->   Operation 194 'partselect' 'trunc_ln111_2' <Predicate = true> <Delay = 0.00>
ST_2 : Operation 195 [1/1] (0.00ns)   --->   "%sext_ln111_2 = sext i14 %trunc_ln111_2" [firmware/nnet_utils/nnet_mult.h:111->firmware/nnet_utils/nnet_dense_latency.h:66]   --->   Operation 195 'sext' 'sext_ln111_2' <Predicate = true> <Delay = 0.00>
ST_2 : Operation 196 [1/1] (0.00ns)   --->   "%trunc_ln111_3 = partselect i14 @_ssdm_op_PartSelect.i14.i16.i32.i32, i16 %x_3, i32 2, i32 15" [firmware/nnet_utils/nnet_mult.h:111->firmware/nnet_utils/nnet_dense_latency.h:66]   --->   Operation 196 'partselect' 'trunc_ln111_3' <Predicate = true> <Delay = 0.00>
ST_2 : Operation 197 [1/1] (0.00ns)   --->   "%sext_ln111_3 = sext i14 %trunc_ln111_3" [firmware/nnet_utils/nnet_mult.h:111->firmware/nnet_utils/nnet_dense_latency.h:66]   --->   Operation 197 'sext' 'sext_ln111_3' <Predicate = true> <Delay = 0.00>
ST_2 : Operation 198 [1/1] (0.00ns)   --->   "%trunc_ln111_4 = partselect i14 @_ssdm_op_PartSelect.i14.i16.i32.i32, i16 %x_4, i32 2, i32 15" [firmware/nnet_utils/nnet_mult.h:111->firmware/nnet_utils/nnet_dense_latency.h:66]   --->   Operation 198 'partselect' 'trunc_ln111_4' <Predicate = true> <Delay = 0.00>
ST_2 : Operation 199 [1/1] (0.00ns)   --->   "%sext_ln111_4 = sext i14 %trunc_ln111_4" [firmware/nnet_utils/nnet_mult.h:111->firmware/nnet_utils/nnet_dense_latency.h:66]   --->   Operation 199 'sext' 'sext_ln111_4' <Predicate = true> <Delay = 0.00>
ST_2 : Operation 200 [1/1] (0.00ns)   --->   "%trunc_ln111_5 = partselect i14 @_ssdm_op_PartSelect.i14.i16.i32.i32, i16 %x_5, i32 2, i32 15" [firmware/nnet_utils/nnet_mult.h:111->firmware/nnet_utils/nnet_dense_latency.h:66]   --->   Operation 200 'partselect' 'trunc_ln111_5' <Predicate = true> <Delay = 0.00>
ST_2 : Operation 201 [1/1] (0.00ns)   --->   "%sext_ln111_5 = sext i14 %trunc_ln111_5" [firmware/nnet_utils/nnet_mult.h:111->firmware/nnet_utils/nnet_dense_latency.h:66]   --->   Operation 201 'sext' 'sext_ln111_5' <Predicate = true> <Delay = 0.00>
ST_2 : Operation 202 [1/1] (0.00ns)   --->   "%trunc_ln111_6 = partselect i14 @_ssdm_op_PartSelect.i14.i16.i32.i32, i16 %x_6, i32 2, i32 15" [firmware/nnet_utils/nnet_mult.h:111->firmware/nnet_utils/nnet_dense_latency.h:66]   --->   Operation 202 'partselect' 'trunc_ln111_6' <Predicate = true> <Delay = 0.00>
ST_2 : Operation 203 [1/1] (0.00ns)   --->   "%sext_ln111_6 = sext i14 %trunc_ln111_6" [firmware/nnet_utils/nnet_mult.h:111->firmware/nnet_utils/nnet_dense_latency.h:66]   --->   Operation 203 'sext' 'sext_ln111_6' <Predicate = true> <Delay = 0.00>
ST_2 : Operation 204 [1/1] (0.00ns)   --->   "%mrv_i = insertvalue i119 <undef>, i17 %sext_ln111" [firmware/nnet_utils/nnet_dense_latency.h:68]   --->   Operation 204 'insertvalue' 'mrv_i' <Predicate = true> <Delay = 0.00>
ST_2 : Operation 205 [1/1] (0.00ns)   --->   "%mrv_1_i = insertvalue i119 %mrv_i, i17 %sext_ln111_1" [firmware/nnet_utils/nnet_dense_latency.h:68]   --->   Operation 205 'insertvalue' 'mrv_1_i' <Predicate = true> <Delay = 0.00>
ST_2 : Operation 206 [1/1] (0.00ns)   --->   "%mrv_2_i = insertvalue i119 %mrv_1_i, i17 %sext_ln111_2" [firmware/nnet_utils/nnet_dense_latency.h:68]   --->   Operation 206 'insertvalue' 'mrv_2_i' <Predicate = true> <Delay = 0.00>
ST_2 : Operation 207 [1/1] (0.00ns)   --->   "%mrv_3_i = insertvalue i119 %mrv_2_i, i17 %sext_ln111_3" [firmware/nnet_utils/nnet_dense_latency.h:68]   --->   Operation 207 'insertvalue' 'mrv_3_i' <Predicate = true> <Delay = 0.00>
ST_2 : Operation 208 [1/1] (0.00ns)   --->   "%mrv_4_i = insertvalue i119 %mrv_3_i, i17 %sext_ln111_4" [firmware/nnet_utils/nnet_dense_latency.h:68]   --->   Operation 208 'insertvalue' 'mrv_4_i' <Predicate = true> <Delay = 0.00>
ST_2 : Operation 209 [1/1] (0.00ns)   --->   "%mrv_5_i = insertvalue i119 %mrv_4_i, i17 %sext_ln111_5" [firmware/nnet_utils/nnet_dense_latency.h:68]   --->   Operation 209 'insertvalue' 'mrv_5_i' <Predicate = true> <Delay = 0.00>
ST_2 : Operation 210 [1/1] (0.00ns)   --->   "%mrv_6_i = insertvalue i119 %mrv_5_i, i17 %sext_ln111_6" [firmware/nnet_utils/nnet_dense_latency.h:68]   --->   Operation 210 'insertvalue' 'mrv_6_i' <Predicate = true> <Delay = 0.00>
ST_2 : Operation 211 [1/1] (0.00ns)   --->   "%ret_ln33 = ret i119 %mrv_6_i" [firmware/nnet_utils/nnet_dense_latency.h:33]   --->   Operation 211 'ret' 'ret_ln33' <Predicate = true> <Delay = 0.00>


============================================================
+ Verbose Summary: Timing violations
============================================================
Target clock period: 5.000ns, clock uncertainty: 1.350ns.

 <State 1>: 3.041ns
The critical path consists of the following:
	'load' operation 12 bit ('a') on static variable 'void_compute_output_buffer_1d_array_const_stream_weight_t_bias_t_kernel_data_3' [33]  (0.000 ns)
	'mul' operation 20 bit ('mul_ln73_273', firmware/nnet_utils/nnet_mult.h:73->firmware/nnet_utils/nnet_dense_latency.h:42) [45]  (2.188 ns)
	'add' operation 16 bit ('add_ln58_1163', firmware/nnet_utils/nnet_dense_latency.h:58) [160]  (0.853 ns)

 <State 2>: 3.562ns
The critical path consists of the following:
	'load' operation 12 bit ('a') on static variable 'void_compute_output_buffer_1d_array_const_stream_weight_t_bias_t_kernel_data_4' [8]  (0.000 ns)
	'mul' operation 19 bit ('mul_ln73_271', firmware/nnet_utils/nnet_mult.h:73->firmware/nnet_utils/nnet_dense_latency.h:42) [28]  (2.188 ns)
	'add' operation 16 bit ('add_ln58_1181', firmware/nnet_utils/nnet_dense_latency.h:58) [184]  (0.687 ns)
	'add' operation 16 bit ('x', firmware/nnet_utils/nnet_dense_latency.h:58) [185]  (0.687 ns)


============================================================
+ Verbose Summary: Binding
============================================================
N/A
* FSMD analyzer results:
  - Output states:
 - Input state : 
  - Chain level:
	State 1
	State 2


============================================================
+ Verbose Summary: Datapath Resource usage 
============================================================
N/A
