

================================================================
== Vitis HLS Report for 'repack_stream_array_ap_fixed_4u_array_ap_fixed_12_6_5_3_0_1u_1024_s'
================================================================
* Date:           Wed May 13 16:57:07 2026

* Version:        2023.2 (Build 4023990 on Oct 11 2023)
* Project:        cnn_core_prj
* Solution:       solution1 (Vivado IP Flow Target)
* Product family: kintexuplus
* Target device:  xcku5p-ffvb676-2-e


================================================================
== Performance Estimates
================================================================
+ Timing: 
    * Summary: 
    +--------+---------+----------+------------+
    |  Clock |  Target | Estimated| Uncertainty|
    +--------+---------+----------+------------+
    |ap_clk  |  5.00 ns|  2.427 ns|     1.35 ns|
    +--------+---------+----------+------------+

+ Latency: 
    * Summary: 
    +---------+---------+-----------+-----------+------+------+---------+
    |  Latency (cycles) |   Latency (absolute)  |   Interval  | Pipeline|
    |   min   |   max   |    min    |    max    |  min |  max |   Type  |
    +---------+---------+-----------+-----------+------+------+---------+
    |     3075|     3075|  15.375 us|  15.375 us|  3075|  3075|       no|
    +---------+---------+-----------+-----------+------+------+---------+

    + Detail: 
        * Instance: 
        N/A

        * Loop: 
        +-------------------------------------+---------+---------+----------+-----------+-----------+------+----------+
        |                                     |  Latency (cycles) | Iteration|  Initiation Interval  | Trip |          |
        |              Loop Name              |   min   |   max   |  Latency |  achieved |   target  | Count| Pipelined|
        +-------------------------------------+---------+---------+----------+-----------+-----------+------+----------+
        |- VITIS_LOOP_245_3_VITIS_LOOP_254_4  |     3073|     3073|         5|          3|          1|  1024|       yes|
        +-------------------------------------+---------+---------+----------+-----------+-----------+------+----------+

============================================================
+ Verbose Summary: Synthesis Manager
============================================================
InlineROM: 1
ExposeGlobal: 0
============================================================
+ Verbose Summary: CDFG Model
============================================================
IsTopModel: 0
ResetActiveHigh: 1
IsCombinational: 2
IsDatapathOnly: 0
HasWiredReturn: 1
HasMFsm: 2
HasVarLatency: 1
IsPipeline: 0
IsRtlPipelined: 0
IsInstanceOverlapped: 0
IsDontTouch: 0
HasImplIP: 0
IsGatedGlobalClock: 0

+ Individual pipeline summary: 
  * Pipeline-0: initiation interval (II) = 3, depth = 5


============================================================
+ Verbose Summary: Schedule
============================================================
* Number of FSM states : 5
* Pipeline : 1
  Pipeline-0 : II = 3, D = 5, States = { 1 2 3 4 5 }
* Dataflow Pipeline: 0

* FSM state transitions: 
1 --> 2 
2 --> 3 
3 --> 4 
4 --> 5 
5 --> 

* FSM state operations: 

State 1 <SV = 0> <Delay = 1.44>
ST_1 : Operation 8 [1/1] (0.00ns)   --->   "%j = alloca i32 1" [firmware/nnet_utils/nnet_stream.h:254]   --->   Operation 8 'alloca' 'j' <Predicate = true> <Delay = 0.00>
ST_1 : Operation 9 [1/1] (0.00ns)   --->   "%indvar_flatten = alloca i32 1"   --->   Operation 9 'alloca' 'indvar_flatten' <Predicate = true> <Delay = 0.00>
ST_1 : Operation 10 [1/1] (0.00ns)   --->   "%specinterface_ln0 = specinterface void @_ssdm_op_SpecInterface, i12 %layer8_out, void @empty, i32 0, i32 0, void @empty_5, i32 0, i32 0, void @empty_5, void @empty_5, void @empty_5, i32 0, i32 0, i32 0, i32 0, void @empty_5, void @empty_5, i32 4294967295, i32 0"   --->   Operation 10 'specinterface' 'specinterface_ln0' <Predicate = true> <Delay = 0.00>
ST_1 : Operation 11 [1/1] (0.00ns)   --->   "%specinterface_ln0 = specinterface void @_ssdm_op_SpecInterface, i64 %input_layer, void @empty_3, i32 1, i32 1, void @empty_4, i32 0, i32 0, void @empty_5, void @empty_5, void @empty_5, i32 0, i32 0, i32 0, i32 0, void @empty_5, void @empty_5, i32 4294967295, i32 0"   --->   Operation 11 'specinterface' 'specinterface_ln0' <Predicate = true> <Delay = 0.00>
ST_1 : Operation 12 [1/1] (0.00ns)   --->   "%in_data = alloca i64 1" [firmware/nnet_utils/nnet_stream.h:250]   --->   Operation 12 'alloca' 'in_data' <Predicate = true> <Delay = 0.00> <CoreInst = "RAM">   --->   Core 83 'RAM' <Latency = 1> <II = 1> <Delay = 0.67> <Storage> <Opcode : 'load' 'store'> <Ports = 2> <Width = 12> <Depth = 4> <RAM>
ST_1 : Operation 13 [1/1] (0.00ns)   --->   "%in_data_addr_1 = getelementptr i12 %in_data, i64 0, i64 0"   --->   Operation 13 'getelementptr' 'in_data_addr_1' <Predicate = true> <Delay = 0.00>
ST_1 : Operation 14 [1/1] (0.00ns)   --->   "%in_data_addr_2 = getelementptr i12 %in_data, i64 0, i64 1"   --->   Operation 14 'getelementptr' 'in_data_addr_2' <Predicate = true> <Delay = 0.00>
ST_1 : Operation 15 [1/1] (0.00ns)   --->   "%in_data_addr_3 = getelementptr i12 %in_data, i64 0, i64 2"   --->   Operation 15 'getelementptr' 'in_data_addr_3' <Predicate = true> <Delay = 0.00>
ST_1 : Operation 16 [1/1] (0.00ns)   --->   "%in_data_addr_4 = getelementptr i12 %in_data, i64 0, i64 3"   --->   Operation 16 'getelementptr' 'in_data_addr_4' <Predicate = true> <Delay = 0.00>
ST_1 : Operation 17 [1/1] (0.42ns)   --->   "%store_ln0 = store i11 0, i11 %indvar_flatten"   --->   Operation 17 'store' 'store_ln0' <Predicate = true> <Delay = 0.42>
ST_1 : Operation 18 [1/1] (0.42ns)   --->   "%store_ln254 = store i3 0, i3 %j" [firmware/nnet_utils/nnet_stream.h:254]   --->   Operation 18 'store' 'store_ln254' <Predicate = true> <Delay = 0.42>
ST_1 : Operation 19 [1/1] (0.42ns)   --->   "%br_ln245 = br void %VITIS_LOOP_258_5" [firmware/nnet_utils/nnet_stream.h:245]   --->   Operation 19 'br' 'br_ln245' <Predicate = true> <Delay = 0.42>
ST_1 : Operation 20 [1/1] (0.00ns)   --->   "%first_iter_0 = phi i1 1, void %entry, i1 0, void %VITIS_LOOP_258_5.split"   --->   Operation 20 'phi' 'first_iter_0' <Predicate = true> <Delay = 0.00>
ST_1 : Operation 21 [1/1] (0.00ns)   --->   "%indvar_flatten_load = load i11 %indvar_flatten" [firmware/nnet_utils/nnet_stream.h:245]   --->   Operation 21 'load' 'indvar_flatten_load' <Predicate = true> <Delay = 0.00>
ST_1 : Operation 22 [1/1] (0.79ns)   --->   "%icmp_ln245 = icmp_eq  i11 %indvar_flatten_load, i11 1024" [firmware/nnet_utils/nnet_stream.h:245]   --->   Operation 22 'icmp' 'icmp_ln245' <Predicate = true> <Delay = 0.79> <CoreInst = "Cmp">   --->   Core 9 'Cmp' <Latency = 0> <II = 1> <Delay = 0.79> <FuncUnit> <Opcode : 'icmp'> <InPorts = 2> <OutPorts = 1>
ST_1 : Operation 23 [1/1] (0.79ns)   --->   "%add_ln245 = add i11 %indvar_flatten_load, i11 1" [firmware/nnet_utils/nnet_stream.h:245]   --->   Operation 23 'add' 'add_ln245' <Predicate = true> <Delay = 0.79> <CoreInst = "Adder">   --->   Core 1 'Adder' <Latency = 0> <II = 1> <Delay = 0.79> <FuncUnit> <Opcode : 'add' 'sub'> <InPorts = 2> <OutPorts = 1>
ST_1 : Operation 24 [1/1] (0.00ns)   --->   "%br_ln245 = br i1 %icmp_ln245, void %for.inc38, void %if.end72" [firmware/nnet_utils/nnet_stream.h:245]   --->   Operation 24 'br' 'br_ln245' <Predicate = true> <Delay = 0.00>
ST_1 : Operation 25 [1/1] (0.00ns)   --->   "%j_load = load i3 %j" [firmware/nnet_utils/nnet_stream.h:254]   --->   Operation 25 'load' 'j_load' <Predicate = (!icmp_ln245)> <Delay = 0.00>
ST_1 : Operation 26 [1/1] (0.00ns)   --->   "%specloopname_ln0 = specloopname void @_ssdm_op_SpecLoopName, void @VITIS_LOOP_245_3_VITIS_LOOP_254_4_str"   --->   Operation 26 'specloopname' 'specloopname_ln0' <Predicate = (!icmp_ln245)> <Delay = 0.00>
ST_1 : Operation 27 [1/1] (0.00ns)   --->   "%speclooptripcount_ln0 = speclooptripcount void @_ssdm_op_SpecLoopTripCount, i64 1024, i64 1024, i64 1024"   --->   Operation 27 'speclooptripcount' 'speclooptripcount_ln0' <Predicate = (!icmp_ln245)> <Delay = 0.00>
ST_1 : Operation 28 [1/1] (0.67ns)   --->   "%icmp_ln254 = icmp_eq  i3 %j_load, i3 4" [firmware/nnet_utils/nnet_stream.h:254]   --->   Operation 28 'icmp' 'icmp_ln254' <Predicate = (!icmp_ln245)> <Delay = 0.67> <CoreInst = "Cmp">   --->   Core 9 'Cmp' <Latency = 0> <II = 1> <Delay = 0.67> <FuncUnit> <Opcode : 'icmp'> <InPorts = 2> <OutPorts = 1>
ST_1 : Operation 29 [1/1] (0.28ns)   --->   "%or_ln250 = or i1 %icmp_ln254, i1 %first_iter_0" [firmware/nnet_utils/nnet_stream.h:250]   --->   Operation 29 'or' 'or_ln250' <Predicate = (!icmp_ln245)> <Delay = 0.28> <CoreInst = "LogicGate">   --->   Core 74 'LogicGate' <Latency = 0> <II = 1> <Delay = 0.28> <FuncUnit> <Opcode : 'and' 'or' 'xor'> <InPorts = 2> <OutPorts = 1>
ST_1 : Operation 30 [1/1] (0.35ns)   --->   "%select_ln250 = select i1 %icmp_ln254, i3 0, i3 %j_load" [firmware/nnet_utils/nnet_stream.h:250]   --->   Operation 30 'select' 'select_ln250' <Predicate = (!icmp_ln245)> <Delay = 0.35> <CoreInst = "Sel">   --->   Core 73 'Sel' <Latency = 0> <II = 1> <Delay = 0.35> <FuncUnit> <Opcode : 'select'> <InPorts = 3> <OutPorts = 1>
ST_1 : Operation 31 [1/1] (0.00ns)   --->   "%br_ln254 = br i1 %or_ln250, void %VITIS_LOOP_258_5.split, void %for.first.iter.VITIS_LOOP_258_5" [firmware/nnet_utils/nnet_stream.h:254]   --->   Operation 31 'br' 'br_ln254' <Predicate = (!icmp_ln245)> <Delay = 0.00>

State 2 <SV = 1> <Delay = 1.67>
ST_2 : Operation 32 [1/1] (1.00ns)   --->   "%input_layer_read = read i64 @_ssdm_op_Read.axis.volatile.i64P128A, i64 %input_layer" [firmware/nnet_utils/nnet_stream.h:250]   --->   Operation 32 'read' 'input_layer_read' <Predicate = (!icmp_ln245 & or_ln250)> <Delay = 1.00> <CoreInst = "axis">   --->   Core 123 'axis' <Latency = 0> <II = 1> <Delay = 1.00> <Adapter> <Opcode : >
ST_2 : Operation 33 [1/1] (0.00ns)   --->   "%trunc_ln250 = trunc i64 %input_layer_read" [firmware/nnet_utils/nnet_stream.h:250]   --->   Operation 33 'trunc' 'trunc_ln250' <Predicate = (!icmp_ln245 & or_ln250)> <Delay = 0.00>
ST_2 : Operation 34 [1/1] (0.67ns)   --->   "%store_ln250 = store i12 %trunc_ln250, i2 %in_data_addr_1" [firmware/nnet_utils/nnet_stream.h:250]   --->   Operation 34 'store' 'store_ln250' <Predicate = (!icmp_ln245 & or_ln250)> <Delay = 0.67> <CoreInst = "RAM">   --->   Core 83 'RAM' <Latency = 1> <II = 1> <Delay = 0.67> <Storage> <Opcode : 'load' 'store'> <Ports = 2> <Width = 12> <Depth = 4> <RAM>
ST_2 : Operation 35 [1/1] (0.00ns)   --->   "%tmp = partselect i12 @_ssdm_op_PartSelect.i12.i64.i32.i32, i64 %input_layer_read, i32 16, i32 27" [firmware/nnet_utils/nnet_stream.h:250]   --->   Operation 35 'partselect' 'tmp' <Predicate = (!icmp_ln245 & or_ln250)> <Delay = 0.00>
ST_2 : Operation 36 [1/1] (0.67ns)   --->   "%store_ln250 = store i12 %tmp, i2 %in_data_addr_2" [firmware/nnet_utils/nnet_stream.h:250]   --->   Operation 36 'store' 'store_ln250' <Predicate = (!icmp_ln245 & or_ln250)> <Delay = 0.67> <CoreInst = "RAM">   --->   Core 83 'RAM' <Latency = 1> <II = 1> <Delay = 0.67> <Storage> <Opcode : 'load' 'store'> <Ports = 2> <Width = 12> <Depth = 4> <RAM>
ST_2 : Operation 37 [1/1] (0.00ns)   --->   "%tmp_s = partselect i12 @_ssdm_op_PartSelect.i12.i64.i32.i32, i64 %input_layer_read, i32 32, i32 43" [firmware/nnet_utils/nnet_stream.h:250]   --->   Operation 37 'partselect' 'tmp_s' <Predicate = (!icmp_ln245 & or_ln250)> <Delay = 0.00>
ST_2 : Operation 38 [1/1] (0.00ns)   --->   "%tmp_1 = partselect i12 @_ssdm_op_PartSelect.i12.i64.i32.i32, i64 %input_layer_read, i32 48, i32 59" [firmware/nnet_utils/nnet_stream.h:250]   --->   Operation 38 'partselect' 'tmp_1' <Predicate = (!icmp_ln245 & or_ln250)> <Delay = 0.00>
ST_2 : Operation 52 [1/1] (0.00ns)   --->   "%ret_ln286 = ret" [firmware/nnet_utils/nnet_stream.h:286]   --->   Operation 52 'ret' 'ret_ln286' <Predicate = (icmp_ln245)> <Delay = 0.00>

State 3 <SV = 2> <Delay = 1.09>
ST_3 : Operation 39 [1/1] (0.67ns)   --->   "%store_ln250 = store i12 %tmp_s, i2 %in_data_addr_3" [firmware/nnet_utils/nnet_stream.h:250]   --->   Operation 39 'store' 'store_ln250' <Predicate = (!icmp_ln245 & or_ln250)> <Delay = 0.67> <CoreInst = "RAM">   --->   Core 83 'RAM' <Latency = 1> <II = 1> <Delay = 0.67> <Storage> <Opcode : 'load' 'store'> <Ports = 2> <Width = 12> <Depth = 4> <RAM>
ST_3 : Operation 40 [1/1] (0.67ns)   --->   "%store_ln250 = store i12 %tmp_1, i2 %in_data_addr_4" [firmware/nnet_utils/nnet_stream.h:250]   --->   Operation 40 'store' 'store_ln250' <Predicate = (!icmp_ln245 & or_ln250)> <Delay = 0.67> <CoreInst = "RAM">   --->   Core 83 'RAM' <Latency = 1> <II = 1> <Delay = 0.67> <Storage> <Opcode : 'load' 'store'> <Ports = 2> <Width = 12> <Depth = 4> <RAM>
ST_3 : Operation 41 [1/1] (0.00ns)   --->   "%br_ln254 = br void %VITIS_LOOP_258_5.split" [firmware/nnet_utils/nnet_stream.h:254]   --->   Operation 41 'br' 'br_ln254' <Predicate = (!icmp_ln245 & or_ln250)> <Delay = 0.00>
ST_3 : Operation 42 [1/1] (0.67ns)   --->   "%add_ln254 = add i3 %select_ln250, i3 1" [firmware/nnet_utils/nnet_stream.h:254]   --->   Operation 42 'add' 'add_ln254' <Predicate = (!icmp_ln245)> <Delay = 0.67> <CoreInst = "Adder">   --->   Core 1 'Adder' <Latency = 0> <II = 1> <Delay = 0.67> <FuncUnit> <Opcode : 'add' 'sub'> <InPorts = 2> <OutPorts = 1>
ST_3 : Operation 43 [1/1] (0.42ns)   --->   "%store_ln245 = store i11 %add_ln245, i11 %indvar_flatten" [firmware/nnet_utils/nnet_stream.h:245]   --->   Operation 43 'store' 'store_ln245' <Predicate = (!icmp_ln245)> <Delay = 0.42>
ST_3 : Operation 44 [1/1] (0.42ns)   --->   "%store_ln254 = store i3 %add_ln254, i3 %j" [firmware/nnet_utils/nnet_stream.h:254]   --->   Operation 44 'store' 'store_ln254' <Predicate = (!icmp_ln245)> <Delay = 0.42>
ST_3 : Operation 45 [1/1] (0.00ns)   --->   "%br_ln254 = br void %VITIS_LOOP_258_5" [firmware/nnet_utils/nnet_stream.h:254]   --->   Operation 45 'br' 'br_ln254' <Predicate = (!icmp_ln245)> <Delay = 0.00>

State 4 <SV = 3> <Delay = 0.67>
ST_4 : Operation 46 [1/1] (0.00ns)   --->   "%zext_ln254 = zext i3 %select_ln250" [firmware/nnet_utils/nnet_stream.h:254]   --->   Operation 46 'zext' 'zext_ln254' <Predicate = (!icmp_ln245)> <Delay = 0.00>
ST_4 : Operation 47 [1/1] (0.00ns)   --->   "%in_data_addr = getelementptr i12 %in_data, i64 0, i64 %zext_ln254" [firmware/nnet_utils/nnet_stream.h:260]   --->   Operation 47 'getelementptr' 'in_data_addr' <Predicate = (!icmp_ln245)> <Delay = 0.00>
ST_4 : Operation 48 [2/2] (0.67ns)   --->   "%in_data_load = load i2 %in_data_addr" [firmware/nnet_utils/nnet_stream.h:260]   --->   Operation 48 'load' 'in_data_load' <Predicate = (!icmp_ln245)> <Delay = 0.67> <CoreInst = "RAM">   --->   Core 83 'RAM' <Latency = 1> <II = 1> <Delay = 0.67> <Storage> <Opcode : 'load' 'store'> <Ports = 2> <Width = 12> <Depth = 4> <RAM>

State 5 <SV = 4> <Delay = 2.42>
ST_5 : Operation 49 [1/1] (0.00ns)   --->   "%specpipeline_ln255 = specpipeline void @_ssdm_op_SpecPipeline, i32 4294967295, i32 0, i32 0, i32 0, void @empty_5" [firmware/nnet_utils/nnet_stream.h:255]   --->   Operation 49 'specpipeline' 'specpipeline_ln255' <Predicate = (!icmp_ln245)> <Delay = 0.00>
ST_5 : Operation 50 [1/2] (0.67ns)   --->   "%in_data_load = load i2 %in_data_addr" [firmware/nnet_utils/nnet_stream.h:260]   --->   Operation 50 'load' 'in_data_load' <Predicate = (!icmp_ln245)> <Delay = 0.67> <CoreInst = "RAM">   --->   Core 83 'RAM' <Latency = 1> <II = 1> <Delay = 0.67> <Storage> <Opcode : 'load' 'store'> <Ports = 2> <Width = 12> <Depth = 4> <RAM>
ST_5 : Operation 51 [1/1] (1.75ns)   --->   "%write_ln262 = write void @_ssdm_op_Write.ap_fifo.volatile.i12P0A, i12 %layer8_out, i12 %in_data_load" [firmware/nnet_utils/nnet_stream.h:262]   --->   Operation 51 'write' 'write_ln262' <Predicate = (!icmp_ln245)> <Delay = 1.75> <CoreInst = "FIFO">   --->   Core 78 'FIFO' <Latency = 0> <II = 1> <Delay = 1.75> <Storage> <Opcode : 'read' 'write' 'nbread' 'nbwrite'> <Ports = 0> <Width = 12> <Depth = 1024> <FIFO>


============================================================
+ Verbose Summary: Timing violations
============================================================
Target clock period: 5.000ns, clock uncertainty: 1.350ns.

 <State 1>: 1.450ns
The critical path consists of the following:
	'store' operation 0 bit ('store_ln254', firmware/nnet_utils/nnet_stream.h:254) of constant 0 on local variable 'j', firmware/nnet_utils/nnet_stream.h:254 [13]  (0.427 ns)
	'load' operation 3 bit ('j_load', firmware/nnet_utils/nnet_stream.h:254) on local variable 'j', firmware/nnet_utils/nnet_stream.h:254 [22]  (0.000 ns)
	'icmp' operation 1 bit ('icmp_ln254', firmware/nnet_utils/nnet_stream.h:254) [25]  (0.673 ns)
	'select' operation 3 bit ('select_ln250', firmware/nnet_utils/nnet_stream.h:250) [27]  (0.350 ns)

 <State 2>: 1.677ns
The critical path consists of the following:
	axis read operation ('input_layer_read', firmware/nnet_utils/nnet_stream.h:250) on port 'input_layer' (firmware/nnet_utils/nnet_stream.h:250) [30]  (1.000 ns)
	'store' operation 0 bit ('store_ln250', firmware/nnet_utils/nnet_stream.h:250) of variable 'trunc_ln250', firmware/nnet_utils/nnet_stream.h:250 on array 'in_data', firmware/nnet_utils/nnet_stream.h:250 [32]  (0.677 ns)

 <State 3>: 1.100ns
The critical path consists of the following:
	'add' operation 3 bit ('add_ln254', firmware/nnet_utils/nnet_stream.h:254) [46]  (0.673 ns)
	'store' operation 0 bit ('store_ln254', firmware/nnet_utils/nnet_stream.h:254) of variable 'add_ln254', firmware/nnet_utils/nnet_stream.h:254 on local variable 'j', firmware/nnet_utils/nnet_stream.h:254 [48]  (0.427 ns)

 <State 4>: 0.677ns
The critical path consists of the following:
	'getelementptr' operation 2 bit ('in_data_addr', firmware/nnet_utils/nnet_stream.h:260) [43]  (0.000 ns)
	'load' operation 12 bit ('in_data_load', firmware/nnet_utils/nnet_stream.h:260) on array 'in_data', firmware/nnet_utils/nnet_stream.h:250 [44]  (0.677 ns)

 <State 5>: 2.427ns
The critical path consists of the following:
	'load' operation 12 bit ('in_data_load', firmware/nnet_utils/nnet_stream.h:260) on array 'in_data', firmware/nnet_utils/nnet_stream.h:250 [44]  (0.677 ns)
	fifo write operation ('write_ln262', firmware/nnet_utils/nnet_stream.h:262) on port 'layer8_out' (firmware/nnet_utils/nnet_stream.h:262) [45]  (1.750 ns)


============================================================
+ Verbose Summary: Binding
============================================================
N/A
* FSMD analyzer results:
  - Output states:
 - Input state : 
  - Chain level:
	State 1
	State 2
	State 3
	State 4
	State 5


============================================================
+ Verbose Summary: Datapath Resource usage 
============================================================
N/A
