

================================================================
== Vitis HLS Report for 'repack_stream_array_ap_fixed_4u_array_ap_fixed_12_6_5_3_0_1u_1024_s'
================================================================
* Date:           Wed May 13 16:57:07 2026

* Version:        2023.2 (Build 4023990 on Oct 11 2023)
* Project:        cnn_core_prj
* Solution:       solution1 (Vivado IP Flow Target)
* Product family: kintexuplus
* Target device:  xcku5p-ffvb676-2-e


================================================================
== Performance Estimates
================================================================
+ Timing: 
    * Summary: 
    +--------+---------+----------+------------+
    |  Clock |  Target | Estimated| Uncertainty|
    +--------+---------+----------+------------+
    |ap_clk  |  5.00 ns|  2.427 ns|     1.35 ns|
    +--------+---------+----------+------------+

+ Latency: 
    * Summary: 
    +---------+---------+-----------+-----------+------+------+---------+
    |  Latency (cycles) |   Latency (absolute)  |   Interval  | Pipeline|
    |   min   |   max   |    min    |    max    |  min |  max |   Type  |
    +---------+---------+-----------+-----------+------+------+---------+
    |     3075|     3075|  15.375 us|  15.375 us|  3075|  3075|       no|
    +---------+---------+-----------+-----------+------+------+---------+

    + Detail: 
        * Instance: 
        N/A

        * Loop: 
        +-------------------------------------+---------+---------+----------+-----------+-----------+------+----------+
        |                                     |  Latency (cycles) | Iteration|  Initiation Interval  | Trip |          |
        |              Loop Name              |   min   |   max   |  Latency |  achieved |   target  | Count| Pipelined|
        +-------------------------------------+---------+---------+----------+-----------+-----------+------+----------+
        |- VITIS_LOOP_245_3_VITIS_LOOP_254_4  |     3073|     3073|         5|          3|          1|  1024|       yes|
        +-------------------------------------+---------+---------+----------+-----------+-----------+------+----------+

============================================================
+ Verbose Summary: Synthesis Manager
============================================================
InlineROM: 1
ExposeGlobal: 0
============================================================
+ Verbose Summary: CDFG Model
============================================================
IsTopModel: 0
ResetActiveHigh: 1
IsCombinational: 2
IsDatapathOnly: 0
HasWiredReturn: 1
HasMFsm: 2
HasVarLatency: 1
IsPipeline: 0
IsRtlPipelined: 0
IsInstanceOverlapped: 0
IsDontTouch: 0
HasImplIP: 0
IsGatedGlobalClock: 0

+ Individual pipeline summary: 
  * Pipeline-0: initiation interval (II) = 3, depth = 5


============================================================
+ Verbose Summary: Schedule
============================================================
* Number of FSM states : 5
* Pipeline : 1
  Pipeline-0 : II = 3, D = 5, States = { 1 2 3 4 5 }
* Dataflow Pipeline: 0

* FSM state transitions: 
1 --> 2 
2 --> 3 
3 --> 4 
4 --> 5 
5 --> 

* FSM state operations: 

State 1 <SV = 0> <Delay = 1.44>
ST_1 : Operation 8 [1/1] (0.00ns)   --->   "%j = alloca i32 1" [firmware/nnet_utils/nnet_stream.h:254]   --->   Operation 8 'alloca' 'j' <Predicate = true> <Delay = 0.00>
ST_1 : Operation 9 [1/1] (0.00ns)   --->   "%indvar_flatten = alloca i32 1"   --->   Operation 9 'alloca' 'indvar_flatten' <Predicate = true> <Delay = 0.00>
ST_1 : Operation 10 [1/1] (0.00ns)   --->   "%specinterface_ln0 = specinterface void @_ssdm_op_SpecInterface, i12 %layer8_out, void @empty, i32 0, i32 0, void @empty_5, i32 0, i32 0, void @empty_5, void @empty_5, void @empty_5, i32 0, i32 0, i32 0, i32 0, void @empty_5, void @empty_5, i32 4294967295, i32 0"   --->   Operation 10 'specinterface' 'specinterface_ln0' <Predicate = true> <Delay = 0.00>
ST_1 : Operation 11 [1/1] (0.00ns)   --->   "%specinterface_ln0 = specinterface void @_ssdm_op_SpecInterface, i64 %input_layer, void @empty_3, i32 1, i32 1, void @empty_4, i32 0, i32 0, void @empty_5, void @empty_5, void @empty_5, i32 0, i32 0, i32 0, i32 0, void @empty_5, void @empty_5, i32 4294967295, i32 0"   --->   Operation 11 'specinterface' 'specinterface_ln0' <Predicate = true> <Delay = 0.00>
ST_1 : Operation 12 [1/1] (0.67ns)   --->   "%in_data = alloca i64 1" [firmware/nnet_utils/nnet_stream.h:250]   --->   Operation 12 'alloca' 'in_data' <Predicate = true> <Delay = 0.67> <CoreInst = "RAM">   --->   Core 83 'RAM' <Latency = 1> <II = 1> <Delay = 0.67> <Storage> <Opcode : 'load' 'store'> <Ports = 2> <Width = 12> <Depth = 4> <RAM>
ST_1 : Operation 13 [1/1] (0.00ns)   --->   "%in_data_addr_1 = getelementptr i12 %in_data, i64 0, i64 0"   --->   Operation 13 'getelementptr' 'in_data_addr_1' <Predicate = true> <Delay = 0.00>
ST_1 : Operation 14 [1/1] (0.00ns)   --->   "%in_data_addr_2 = getelementptr i12 %in_data, i64 0, i64 1"   --->   Operation 14 'getelementptr' 'in_data_addr_2' <Predicate = true> <Delay = 0.00>
ST_1 : Operation 15 [1/1] (0.00ns)   --->   "%in_data_addr_3 = getelementptr i12 %in_data, i64 0, i64 2"   --->   Operation 15 'getelementptr' 'in_data_addr_3' <Predicate = true> <Delay = 0.00>
ST_1 : Operation 16 [1/1] (0.00ns)   --->   "%in_data_addr_4 = getelementptr i12 %in_data, i64 0, i64 3"   --->   Operation 16 'getelementptr' 'in_data_addr_4' <Predicate = true> <Delay = 0.00>
ST_1 : Operation 17 [1/1] (0.42ns)   --->   "%store_ln0 = store i11 0, i11 %indvar_flatten"   --->   Operation 17 'store' 'store_ln0' <Predicate = true> <Delay = 0.42>
ST_1 : Operation 18 [1/1] (0.42ns)   --->   "%store_ln254 = store i3 0, i3 %j" [firmware/nnet_utils/nnet_stream.h:254]   --->   Operation 18 'store' 'store_ln254' <Predicate = true> <Delay = 0.42>
ST_1 : Operation 19 [1/1] (0.42ns)   --->   "%br_ln245 = br void %VITIS_LOOP_258_5" [firmware/nnet_utils/nnet_stream.h:245]   --->   Operation 19 'br' 'br_ln245' <Predicate = true> <Delay = 0.42>
ST_1 : Operation 20 [1/1] (0.00ns)   --->   "%first_iter_0 = phi i1 1, void %entry, i1 0, void %VITIS_LOOP_258_5.split"   --->   Operation 20 'phi' 'first_iter_0' <Predicate = true> <Delay = 0.00>
ST_1 : Operation 21 [1/1] (0.00ns)   --->   "%indvar_flatten_load = load i11 %indvar_flatten" [firmware/nnet_utils/nnet_stream.h:245]   --->   Operation 21 'load' 'indvar_flatten_load' <Predicate = true> <Delay = 0.00>
ST_1 : Operation 22 [1/1] (0.79ns)   --->   "%icmp_ln245 = icmp_eq  i11 %indvar_flatten_load, i11 1024" [firmware/nnet_utils/nnet_stream.h:245]   --->   Operation 22 'icmp' 'icmp_ln245' <Predicate = true> <Delay = 0.79> <CoreInst = "Cmp">   --->   Core 9 'Cmp' <Latency = 0> <II = 1> <Delay = 0.79> <FuncUnit> <Opcode : 'icmp'> <InPorts = 2> <OutPorts = 1>
ST_1 : Operation 23 [1/1] (0.79ns)   --->   "%add_ln245 = add i11 %indvar_flatten_load, i11 1" [firmware/nnet_utils/nnet_stream.h:245]   --->   Operation 23 'add' 'add_ln245' <Predicate = true> <Delay = 0.79> <CoreInst = "Adder">   --->   Core 1 'Adder' <Latency = 0> <II = 1> <Delay = 0.79> <FuncUnit> <Opcode : 'add' 'sub'> <InPorts = 2> <OutPorts = 1>
ST_1 : Operation 24 [1/1] (0.00ns)   --->   "%br_ln245 = br i1 %icmp_ln245, void %for.inc38, void %if.end72" [firmware/nnet_utils/nnet_stream.h:245]   --->   Operation 24 'br' 'br_ln245' <Predicate = true> <Delay = 0.00>
ST_1 : Operation 25 [1/1] (0.00ns)   --->   "%j_load = load i3 %j" [firmware/nnet_utils/nnet_stream.h:254]   --->   Operation 25 'load' 'j_load' <Predicate = (!icmp_ln245)> <Delay = 0.00>
ST_1 : Operation 26 [1/1] (0.00ns)   --->   "%specloopname_ln0 = specloopname void @_ssdm_op_SpecLoopName, void @VITIS_LOOP_245_3_VITIS_LOOP_254_4_str"   --->   Operation 26 'specloopname' 'specloopname_ln0' <Predicate = (!icmp_ln245)> <Delay = 0.00>
ST_1 : Operation 27 [1/1] (0.00ns)   --->   "%speclooptripcount_ln0 = speclooptripcount void @_ssdm_op_SpecLoopTripCount, i64 1024, i64 1024, i64 1024"   --->   Operation 27 'speclooptripcount' 'speclooptripcount_ln0' <Predicate = (!icmp_ln245)> <Delay = 0.00>
ST_1 : Operation 28 [1/1] (0.67ns)   --->   "%icmp_ln254 = icmp_eq  i3 %j_load, i3 4" [firmware/nnet_utils/nnet_stream.h:254]   --->   Operation 28 'icmp' 'icmp_ln254' <Predicate = (!icmp_ln245)> <Delay = 0.67> <CoreInst = "Cmp">   --->   Core 9 'Cmp' <Latency = 0> <II = 1> <Delay = 0.67> <FuncUnit> <Opcode : 'icmp'> <InPorts = 2> <OutPorts = 1>
ST_1 : Operation 29 [1/1] (0.28ns)   --->   "%or_ln250 = or i1 %icmp_ln254, i1 %first_iter_0" [firmware/nnet_utils/nnet_stream.h:250]   --->   Operation 29 'or' 'or_ln250' <Predicate = (!icmp_ln245)> <Delay = 0.28> <CoreInst = "LogicGate">   --->   Core 74 'LogicGate' <Latency = 0> <II = 1> <Delay = 0.28> <FuncUnit> <Opcode : 'and' 'or' 'xor'> <InPorts = 2> <OutPorts = 1>
ST_1 : Operation 30 [1/1] (0.35ns)   --->   "%select_ln250 = select i1 %icmp_ln254, i3 0, i3 %j_load" [firmware/nnet_utils/nnet_stream.h:250]   --->   Operation 30 'select' 'select_ln250' <Predicate = (!icmp_ln245)> <Delay = 0.35> <CoreInst = "Sel">   --->   Core 73 'Sel' <Latency = 0> <II = 1> <Delay = 0.35> <FuncUnit> <Opcode : 'select'> <InPorts = 3> <OutPorts = 1>
ST_1 : Operation 31 [1/1] (0.00ns)   --->   "%br_ln254 = br i1 %or_ln250, void %VITIS_LOOP_258_5.split, void %for.first.iter.VITIS_LOOP_258_5" [firmware/nnet_utils/nnet_stream.h:254]   --->   Operation 31 'br' 'br_ln254' <Predicate = (!icmp_ln245)> <Delay = 0.00>

State 2 <SV = 1> <Delay = 1.67>
ST_2 : Operation 32 [1/1] (1.00ns)   --->   "%input_layer_read = read i64 @_ssdm_op_Read.axis.volatile.i64P128A, i64 %input_layer" [firmware/nnet_utils/nnet_stream.h:250]   --->   Operation 32 'read' 'input_layer_read' <Predicate = (!icmp_ln245 & or_ln250)> <Delay = 1.00> <CoreInst = "axis">   --->   Core 123 'axis' <Latency = 0> <II = 1> <Delay = 1.00> <Adapter> <Opcode : >
ST_2 : Operation 33 [1/1] (0.00ns)   --->   "%trunc_ln250 = trunc i64 %input_layer_read" [firmware/nnet_utils/nnet_stream.h:250]   --->   Operation 33 'trunc' 'trunc_ln250' <Predicate = (!icmp_ln245 & or_ln250)> <Delay = 0.00>
ST_2 : Operation 34 [1/1] (0.67ns)   --->   "%store_ln250 = store i12 %trunc_ln250, i2 %in_data_addr_1" [firmware/nnet_utils/nnet_stream.h:250]   --->   Operation 34 'store' 'store_ln250' <Predicate = (!icmp_ln245 & or_ln250)> <Delay = 0.67> <CoreInst = "RAM">   --->   Core 83 'RAM' <Latency = 1> <II = 1> <Delay = 0.67> <Storage> <Opcode : 'load' 'store'> <Ports = 2> <Width = 12> <Depth = 4> <RAM>
ST_2 : Operation 35 [1/1] (0.00ns)   --->   "%tmp = partselect i12 @_ssdm_op_PartSelect.i12.i64.i32.i32, i64 %input_layer_read, i32 16, i32 27" [firmware/nnet_utils/nnet_stream.h:250]   --->   Operation 35 'partselect' 'tmp' <Predicate = (!icmp_ln245 & or_ln250)> <Delay = 0.00>
ST_2 : Operation 36 [1/1] (0.67ns)   --->   "%store_ln250 = store i12 %tmp, i2 %in_data_addr_2" [firmware/nnet_utils/nnet_stream.h:250]   --->   Operation 36 'store' 'store_ln250' <Predicate = (!icmp_ln245 & or_ln250)> <Delay = 0.67> <CoreInst = "RAM">   --->   Core 83 'RAM' <Latency = 1> <II = 1> <Delay = 0.67> <Storage> <Opcode : 'load' 'store'> <Ports = 2> <Width = 12> <Depth = 4> <RAM>
ST_2 : Operation 37 [1/1] (0.00ns)   --->   "%tmp_s = partselect i12 @_ssdm_op_PartSelect.i12.i64.i32.i32, i64 %input_layer_read, i32 32, i32 43" [firmware/nnet_utils/nnet_stream.h:250]   --->   Operation 37 'partselect' 'tmp_s' <Predicate = (!icmp_ln245 & or_ln250)> <Delay = 0.00>
ST_2 : Operation 38 [1/1] (0.00ns)   --->   "%tmp_1 = partselect i12 @_ssdm_op_PartSelect.i12.i64.i32.i32, i64 %input_layer_read, i32 48, i32 59" [firmware/nnet_utils/nnet_stream.h:250]   --->   Operation 38 'partselect' 'tmp_1' <Predicate = (!icmp_ln245 & or_ln250)> <Delay = 0.00>
ST_2 : Operation 52 [1/1] (0.00ns)   --->   "%ret_ln286 = ret" [firmware/nnet_utils/nnet_stream.h:286]   --->   Operation 52 'ret' 'ret_ln286' <Predicate = (icmp_ln245)> <Delay = 0.00>

State 3 <SV = 2> <Delay = 1.09>
ST_3 : Operation 39 [1/1] (0.67ns)   --->   "%store_ln250 = store i12 %tmp_s, i2 %in_data_addr_3" [firmware/nnet_utils/nnet_stream.h:250]   --->   Operation 39 'store' 'store_ln250' <Predicate = (!icmp_ln245 & or_ln250)> <Delay = 0.67> <CoreInst = "RAM">   --->   Core 83 'RAM' <Latency = 1> <II = 1> <Delay = 0.67> <Storage> <Opcode : 'load' 'store'> <Ports = 2> <Width = 12> <Depth = 4> <RAM>
ST_3 : Operation 40 [1/1] (0.67ns)   --->   "%store_ln250 = store i12 %tmp_1, i2 %in_data_addr_4" [firmware/nnet_utils/nnet_stream.h:250]   --->   Operation 40 'store' 'store_ln250' <Predicate = (!icmp_ln245 & or_ln250)> <Delay = 0.67> <CoreInst = "RAM">   --->   Core 83 'RAM' <Latency = 1> <II = 1> <Delay = 0.67> <Storage> <Opcode : 'load' 'store'> <Ports = 2> <Width = 12> <Depth = 4> <RAM>
ST_3 : Operation 41 [1/1] (0.00ns)   --->   "%br_ln254 = br void %VITIS_LOOP_258_5.split" [firmware/nnet_utils/nnet_stream.h:254]   --->   Operation 41 'br' 'br_ln254' <Predicate = (!icmp_ln245 & or_ln250)> <Delay = 0.00>
ST_3 : Operation 42 [1/1] (0.67ns)   --->   "%add_ln254 = add i3 %select_ln250, i3 1" [firmware/nnet_utils/nnet_stream.h:254]   --->   Operation 42 'add' 'add_ln254' <Predicate = (!icmp_ln245)> <Delay = 0.67> <CoreInst = "Adder">   --->   Core 1 'Adder' <Latency = 0> <II = 1> <Delay = 0.67> <FuncUnit> <Opcode : 'add' 'sub'> <InPorts = 2> <OutPorts = 1>
ST_3 : Operation 43 [1/1] (0.42ns)   --->   "%store_ln245 = store i11 %add_ln245, i11 %indvar_flatten" [firmware/nnet_utils/nnet_stream.h:245]   --->   Operation 43 'store' 'store_ln245' <Predicate = (!icmp_ln245)> <Delay = 0.42>
ST_3 : Operation 44 [1/1] (0.42ns)   --->   "%store_ln254 = store i3 %add_ln254, i3 %j" [firmware/nnet_utils/nnet_stream.h:254]   --->   Operation 44 'store' 'store_ln254' <Predicate = (!icmp_ln245)> <Delay = 0.42>
ST_3 : Operation 45 [1/1] (0.00ns)   --->   "%br_ln254 = br void %VITIS_LOOP_258_5" [firmware/nnet_utils/nnet_stream.h:254]   --->   Operation 45 'br' 'br_ln254' <Predicate = (!icmp_ln245)> <Delay = 0.00>

State 4 <SV = 3> <Delay = 0.67>
ST_4 : Operation 46 [1/1] (0.00ns)   --->   "%zext_ln254 = zext i3 %select_ln250" [firmware/nnet_utils/nnet_stream.h:254]   --->   Operation 46 'zext' 'zext_ln254' <Predicate = (!icmp_ln245)> <Delay = 0.00>
ST_4 : Operation 47 [1/1] (0.00ns)   --->   "%in_data_addr = getelementptr i12 %in_data, i64 0, i64 %zext_ln254" [firmware/nnet_utils/nnet_stream.h:260]   --->   Operation 47 'getelementptr' 'in_data_addr' <Predicate = (!icmp_ln245)> <Delay = 0.00>
ST_4 : Operation 48 [2/2] (0.67ns)   --->   "%in_data_load = load i2 %in_data_addr" [firmware/nnet_utils/nnet_stream.h:260]   --->   Operation 48 'load' 'in_data_load' <Predicate = (!icmp_ln245)> <Delay = 0.67> <CoreInst = "RAM">   --->   Core 83 'RAM' <Latency = 1> <II = 1> <Delay = 0.67> <Storage> <Opcode : 'load' 'store'> <Ports = 2> <Width = 12> <Depth = 4> <RAM>

State 5 <SV = 4> <Delay = 2.42>
ST_5 : Operation 49 [1/1] (0.00ns)   --->   "%specpipeline_ln255 = specpipeline void @_ssdm_op_SpecPipeline, i32 4294967295, i32 0, i32 0, i32 0, void @empty_5" [firmware/nnet_utils/nnet_stream.h:255]   --->   Operation 49 'specpipeline' 'specpipeline_ln255' <Predicate = (!icmp_ln245)> <Delay = 0.00>
ST_5 : Operation 50 [1/2] (0.67ns)   --->   "%in_data_load = load i2 %in_data_addr" [firmware/nnet_utils/nnet_stream.h:260]   --->   Operation 50 'load' 'in_data_load' <Predicate = (!icmp_ln245)> <Delay = 0.67> <CoreInst = "RAM">   --->   Core 83 'RAM' <Latency = 1> <II = 1> <Delay = 0.67> <Storage> <Opcode : 'load' 'store'> <Ports = 2> <Width = 12> <Depth = 4> <RAM>
ST_5 : Operation 51 [1/1] (1.75ns)   --->   "%write_ln262 = write void @_ssdm_op_Write.ap_fifo.volatile.i12P0A, i12 %layer8_out, i12 %in_data_load" [firmware/nnet_utils/nnet_stream.h:262]   --->   Operation 51 'write' 'write_ln262' <Predicate = (!icmp_ln245)> <Delay = 1.75> <CoreInst = "FIFO">   --->   Core 78 'FIFO' <Latency = 0> <II = 1> <Delay = 1.75> <Storage> <Opcode : 'read' 'write' 'nbread' 'nbwrite'> <Ports = 0> <Width = 12> <Depth = 1024> <FIFO>


============================================================
+ Verbose Summary: Binding
============================================================
STG Binding: 
---------------- STG Properties BEGIN ----------------
- Is combinational: 0
- Is one-state seq: 0
- Is datapath-only: 0
- Is pipelined: 0
- Is top level: 0
Port [ Return ] is wired: 1; IO mode=ap_ctrl_hs:ce=0
Port [ input_layer]:  wired=1; compound=1; hidden=0; nouse=0; global=0; static=0; extern=0; dir=0; type=0; pingpong=0; private_global=0; IO mode=axis:ce=0
Port [ layer8_out]:  wired=1; compound=1; hidden=0; nouse=0; global=0; static=0; extern=0; dir=1; type=3; pingpong=0; private_global=0; IO mode=ap_fifo:ce=0
---------------- STG Properties END ------------------

---------------- Datapath Model BEGIN ----------------

<LifeTime>
<method=bitvector/>
j                     (alloca           ) [ 011100]
indvar_flatten        (alloca           ) [ 011100]
specinterface_ln0     (specinterface    ) [ 000000]
specinterface_ln0     (specinterface    ) [ 000000]
in_data               (alloca           ) [ 011110]
in_data_addr_1        (getelementptr    ) [ 001000]
in_data_addr_2        (getelementptr    ) [ 001000]
in_data_addr_3        (getelementptr    ) [ 001100]
in_data_addr_4        (getelementptr    ) [ 001100]
store_ln0             (store            ) [ 000000]
store_ln254           (store            ) [ 000000]
br_ln245              (br               ) [ 000000]
first_iter_0          (phi              ) [ 010000]
indvar_flatten_load   (load             ) [ 000000]
icmp_ln245            (icmp             ) [ 011111]
add_ln245             (add              ) [ 001100]
br_ln245              (br               ) [ 000000]
j_load                (load             ) [ 000000]
specloopname_ln0      (specloopname     ) [ 000000]
speclooptripcount_ln0 (speclooptripcount) [ 000000]
icmp_ln254            (icmp             ) [ 000000]
or_ln250              (or               ) [ 001100]
select_ln250          (select           ) [ 011110]
br_ln254              (br               ) [ 000000]
input_layer_read      (read             ) [ 000000]
trunc_ln250           (trunc            ) [ 000000]
store_ln250           (store            ) [ 000000]
tmp                   (partselect       ) [ 000000]
store_ln250           (store            ) [ 000000]
tmp_s                 (partselect       ) [ 000100]
tmp_1                 (partselect       ) [ 000100]
store_ln250           (store            ) [ 000000]
store_ln250           (store            ) [ 000000]
br_ln254              (br               ) [ 000000]
add_ln254             (add              ) [ 000000]
store_ln245           (store            ) [ 000000]
store_ln254           (store            ) [ 000000]
br_ln254              (br               ) [ 010100]
zext_ln254            (zext             ) [ 000000]
in_data_addr          (getelementptr    ) [ 001001]
specpipeline_ln255    (specpipeline     ) [ 000000]
in_data_load          (load             ) [ 000000]
write_ln262           (write            ) [ 000000]
ret_ln286             (ret              ) [ 000000]
</LifeTime>

<model>

<comp_list>
<comp id="0" class="1000" name="input_layer">
<pin_list>
<pin id="1" dir="1" index="0" bw="1" slack="0"/>
</pin_list>
<bind>
<StgValue><ssdm name="input_layer"/></StgValue>
</bind>
</comp>

<comp id="2" class="1000" name="layer8_out">
<pin_list>
<pin id="3" dir="1" index="0" bw="1" slack="0"/>
</pin_list>
<bind>
<StgValue><ssdm name="layer8_out"/></StgValue>
</bind>
</comp>

<comp id="4" class="1001" name="const_4">
<pin_list>
<pin id="5" dir="1" index="0" bw="1" slack="0"/>
</pin_list>
<bind>
<StgValue><ssdm name=""/></StgValue>
</bind>
</comp>

<comp id="6" class="1001" name="const_6">
<pin_list>
<pin id="7" dir="1" index="0" bw="1" slack="2147483647"/>
</pin_list>
<bind>
<StgValue><ssdm name="_ssdm_op_SpecInterface"/></StgValue>
</bind>
</comp>

<comp id="8" class="1001" name="const_8">
<pin_list>
<pin id="9" dir="1" index="0" bw="1" slack="2147483647"/>
</pin_list>
<bind>
<StgValue><ssdm name="empty"/></StgValue>
</bind>
</comp>

<comp id="10" class="1001" name="const_10">
<pin_list>
<pin id="11" dir="1" index="0" bw="1" slack="2147483647"/>
</pin_list>
<bind>
<StgValue><ssdm name=""/></StgValue>
</bind>
</comp>

<comp id="12" class="1001" name="const_12">
<pin_list>
<pin id="13" dir="1" index="0" bw="1" slack="2147483647"/>
</pin_list>
<bind>
<StgValue><ssdm name="empty_5"/></StgValue>
</bind>
</comp>

<comp id="14" class="1001" name="const_14">
<pin_list>
<pin id="15" dir="1" index="0" bw="1" slack="2147483647"/>
</pin_list>
<bind>
<StgValue><ssdm name=""/></StgValue>
</bind>
</comp>

<comp id="16" class="1001" name="const_16">
<pin_list>
<pin id="17" dir="1" index="0" bw="1" slack="2147483647"/>
</pin_list>
<bind>
<StgValue><ssdm name="empty_3"/></StgValue>
</bind>
</comp>

<comp id="18" class="1001" name="const_18">
<pin_list>
<pin id="19" dir="1" index="0" bw="1" slack="2147483647"/>
</pin_list>
<bind>
<StgValue><ssdm name="empty_4"/></StgValue>
</bind>
</comp>

<comp id="20" class="1001" name="const_20">
<pin_list>
<pin id="21" dir="1" index="0" bw="1" slack="0"/>
</pin_list>
<bind>
<StgValue><ssdm name=""/></StgValue>
</bind>
</comp>

<comp id="22" class="1001" name="const_22">
<pin_list>
<pin id="23" dir="1" index="0" bw="1" slack="0"/>
</pin_list>
<bind>
<StgValue><ssdm name=""/></StgValue>
</bind>
</comp>

<comp id="24" class="1001" name="const_24">
<pin_list>
<pin id="25" dir="1" index="0" bw="1" slack="0"/>
</pin_list>
<bind>
<StgValue><ssdm name=""/></StgValue>
</bind>
</comp>

<comp id="26" class="1001" name="const_26">
<pin_list>
<pin id="27" dir="1" index="0" bw="1" slack="0"/>
</pin_list>
<bind>
<StgValue><ssdm name=""/></StgValue>
</bind>
</comp>

<comp id="28" class="1001" name="const_28">
<pin_list>
<pin id="29" dir="1" index="0" bw="1" slack="0"/>
</pin_list>
<bind>
<StgValue><ssdm name=""/></StgValue>
</bind>
</comp>

<comp id="30" class="1001" name="const_30">
<pin_list>
<pin id="31" dir="1" index="0" bw="1" slack="0"/>
</pin_list>
<bind>
<StgValue><ssdm name=""/></StgValue>
</bind>
</comp>

<comp id="32" class="1001" name="const_32">
<pin_list>
<pin id="33" dir="1" index="0" bw="1" slack="0"/>
</pin_list>
<bind>
<StgValue><ssdm name=""/></StgValue>
</bind>
</comp>

<comp id="34" class="1001" name="const_34">
<pin_list>
<pin id="35" dir="1" index="0" bw="1" slack="1"/>
</pin_list>
<bind>
<StgValue><ssdm name=""/></StgValue>
</bind>
</comp>

<comp id="36" class="1001" name="const_36">
<pin_list>
<pin id="37" dir="1" index="0" bw="1" slack="0"/>
</pin_list>
<bind>
<StgValue><ssdm name=""/></StgValue>
</bind>
</comp>

<comp id="38" class="1001" name="const_38">
<pin_list>
<pin id="39" dir="1" index="0" bw="1" slack="0"/>
</pin_list>
<bind>
<StgValue><ssdm name=""/></StgValue>
</bind>
</comp>

<comp id="40" class="1001" name="const_40">
<pin_list>
<pin id="41" dir="1" index="0" bw="1" slack="2147483647"/>
</pin_list>
<bind>
<StgValue><ssdm name="_ssdm_op_SpecLoopName"/></StgValue>
</bind>
</comp>

<comp id="42" class="1001" name="const_42">
<pin_list>
<pin id="43" dir="1" index="0" bw="1" slack="2147483647"/>
</pin_list>
<bind>
<StgValue><ssdm name="VITIS_LOOP_245_3_VITIS_LOOP_254_4_str"/></StgValue>
</bind>
</comp>

<comp id="44" class="1001" name="const_44">
<pin_list>
<pin id="45" dir="1" index="0" bw="1" slack="2147483647"/>
</pin_list>
<bind>
<StgValue><ssdm name="_ssdm_op_SpecLoopTripCount"/></StgValue>
</bind>
</comp>

<comp id="46" class="1001" name="const_46">
<pin_list>
<pin id="47" dir="1" index="0" bw="1" slack="2147483647"/>
</pin_list>
<bind>
<StgValue><ssdm name=""/></StgValue>
</bind>
</comp>

<comp id="48" class="1001" name="const_48">
<pin_list>
<pin id="49" dir="1" index="0" bw="1" slack="0"/>
</pin_list>
<bind>
<StgValue><ssdm name=""/></StgValue>
</bind>
</comp>

<comp id="50" class="1001" name="const_50">
<pin_list>
<pin id="51" dir="1" index="0" bw="1" slack="0"/>
</pin_list>
<bind>
<StgValue><ssdm name="_ssdm_op_Read.axis.volatile.i64P128A"/></StgValue>
</bind>
</comp>

<comp id="52" class="1001" name="const_52">
<pin_list>
<pin id="53" dir="1" index="0" bw="1" slack="0"/>
</pin_list>
<bind>
<StgValue><ssdm name="_ssdm_op_PartSelect.i12.i64.i32.i32"/></StgValue>
</bind>
</comp>

<comp id="54" class="1001" name="const_54">
<pin_list>
<pin id="55" dir="1" index="0" bw="1" slack="0"/>
</pin_list>
<bind>
<StgValue><ssdm name=""/></StgValue>
</bind>
</comp>

<comp id="56" class="1001" name="const_56">
<pin_list>
<pin id="57" dir="1" index="0" bw="1" slack="0"/>
</pin_list>
<bind>
<StgValue><ssdm name=""/></StgValue>
</bind>
</comp>

<comp id="58" class="1001" name="const_58">
<pin_list>
<pin id="59" dir="1" index="0" bw="1" slack="0"/>
</pin_list>
<bind>
<StgValue><ssdm name=""/></StgValue>
</bind>
</comp>

<comp id="60" class="1001" name="const_60">
<pin_list>
<pin id="61" dir="1" index="0" bw="1" slack="0"/>
</pin_list>
<bind>
<StgValue><ssdm name=""/></StgValue>
</bind>
</comp>

<comp id="62" class="1001" name="const_62">
<pin_list>
<pin id="63" dir="1" index="0" bw="1" slack="0"/>
</pin_list>
<bind>
<StgValue><ssdm name=""/></StgValue>
</bind>
</comp>

<comp id="64" class="1001" name="const_64">
<pin_list>
<pin id="65" dir="1" index="0" bw="1" slack="0"/>
</pin_list>
<bind>
<StgValue><ssdm name=""/></StgValue>
</bind>
</comp>

<comp id="66" class="1001" name="const_66">
<pin_list>
<pin id="67" dir="1" index="0" bw="1" slack="0"/>
</pin_list>
<bind>
<StgValue><ssdm name=""/></StgValue>
</bind>
</comp>

<comp id="68" class="1001" name="const_68">
<pin_list>
<pin id="69" dir="1" index="0" bw="1" slack="2147483647"/>
</pin_list>
<bind>
<StgValue><ssdm name="_ssdm_op_SpecPipeline"/></StgValue>
</bind>
</comp>

<comp id="70" class="1001" name="const_70">
<pin_list>
<pin id="71" dir="1" index="0" bw="1" slack="0"/>
</pin_list>
<bind>
<StgValue><ssdm name="_ssdm_op_Write.ap_fifo.volatile.i12P0A"/></StgValue>
</bind>
</comp>

<comp id="72" class="1004" name="j_fu_72">
<pin_list>
<pin id="73" dir="0" index="0" bw="1" slack="0"/>
<pin id="74" dir="1" index="1" bw="3" slack="0"/>
</pin_list>
<bind>
<opcode="alloca(26) " fcode="alloca"/>
<opset="j/1 "/>
</bind>
</comp>

<comp id="76" class="1004" name="indvar_flatten_fu_76">
<pin_list>
<pin id="77" dir="0" index="0" bw="1" slack="0"/>
<pin id="78" dir="1" index="1" bw="11" slack="0"/>
</pin_list>
<bind>
<opcode="alloca(26) " fcode="alloca"/>
<opset="indvar_flatten/1 "/>
</bind>
</comp>

<comp id="80" class="1004" name="in_data_alloca_fu_80">
<pin_list>
<pin id="81" dir="0" index="0" bw="1" slack="0"/>
<pin id="82" dir="1" index="1" bw="12" slack="0"/>
</pin_list>
<bind>
<opcode="alloca(26) " fcode="alloca"/>
<opset="in_data/1 "/>
</bind>
</comp>

<comp id="84" class="1004" name="input_layer_read_read_fu_84">
<pin_list>
<pin id="85" dir="0" index="0" bw="64" slack="0"/>
<pin id="86" dir="0" index="1" bw="64" slack="0"/>
<pin id="87" dir="1" index="2" bw="64" slack="0"/>
</pin_list>
<bind>
<opcode="read(1150) " fcode="read"/>
<opset="input_layer_read/2 "/>
</bind>
</comp>

<comp id="90" class="1004" name="write_ln262_write_fu_90">
<pin_list>
<pin id="91" dir="0" index="0" bw="0" slack="0"/>
<pin id="92" dir="0" index="1" bw="12" slack="0"/>
<pin id="93" dir="0" index="2" bw="12" slack="0"/>
<pin id="94" dir="1" index="3" bw="0" slack="2147483647"/>
</pin_list>
<bind>
<opcode="write(1151) " fcode="write"/>
<opset="write_ln262/5 "/>
</bind>
</comp>

<comp id="97" class="1004" name="in_data_addr_1_gep_fu_97">
<pin_list>
<pin id="98" dir="0" index="0" bw="12" slack="0"/>
<pin id="99" dir="0" index="1" bw="1" slack="0"/>
<pin id="100" dir="0" index="2" bw="1" slack="0"/>
<pin id="101" dir="1" index="3" bw="2" slack="1"/>
</pin_list>
<bind>
<opcode="getelementptr(29) " fcode="getelementptr"/>
<opset="in_data_addr_1/1 "/>
</bind>
</comp>

<comp id="105" class="1004" name="in_data_addr_2_gep_fu_105">
<pin_list>
<pin id="106" dir="0" index="0" bw="12" slack="0"/>
<pin id="107" dir="0" index="1" bw="1" slack="0"/>
<pin id="108" dir="0" index="2" bw="1" slack="0"/>
<pin id="109" dir="1" index="3" bw="2" slack="1"/>
</pin_list>
<bind>
<opcode="getelementptr(29) " fcode="getelementptr"/>
<opset="in_data_addr_2/1 "/>
</bind>
</comp>

<comp id="113" class="1004" name="in_data_addr_3_gep_fu_113">
<pin_list>
<pin id="114" dir="0" index="0" bw="12" slack="0"/>
<pin id="115" dir="0" index="1" bw="1" slack="0"/>
<pin id="116" dir="0" index="2" bw="3" slack="0"/>
<pin id="117" dir="1" index="3" bw="2" slack="2"/>
</pin_list>
<bind>
<opcode="getelementptr(29) " fcode="getelementptr"/>
<opset="in_data_addr_3/1 "/>
</bind>
</comp>

<comp id="121" class="1004" name="in_data_addr_4_gep_fu_121">
<pin_list>
<pin id="122" dir="0" index="0" bw="12" slack="0"/>
<pin id="123" dir="0" index="1" bw="1" slack="0"/>
<pin id="124" dir="0" index="2" bw="3" slack="0"/>
<pin id="125" dir="1" index="3" bw="2" slack="2"/>
</pin_list>
<bind>
<opcode="getelementptr(29) " fcode="getelementptr"/>
<opset="in_data_addr_4/1 "/>
</bind>
</comp>

<comp id="129" class="1004" name="grp_access_fu_129">
<pin_list>
<pin id="130" dir="0" index="0" bw="2" slack="0"/>
<pin id="131" dir="0" index="1" bw="12" slack="0"/>
<pin id="132" dir="0" index="2" bw="0" slack="1"/>
<pin id="134" dir="0" index="4" bw="2" slack="0"/>
<pin id="135" dir="0" index="5" bw="12" slack="2147483647"/>
<pin id="136" dir="0" index="6" bw="0" slack="2147483647"/>
<pin id="133" dir="1" index="3" bw="12" slack="0"/>
<pin id="137" dir="1" index="7" bw="12" slack="2147483647"/>
</pin_list>
<bind>
<opcode="load(27) store(28) " fcode="load"/>
<opset="store_ln250/2 store_ln250/2 store_ln250/3 store_ln250/3 in_data_load/4 "/>
</bind>
</comp>

<comp id="138" class="1004" name="in_data_addr_gep_fu_138">
<pin_list>
<pin id="139" dir="0" index="0" bw="12" slack="2147483647"/>
<pin id="140" dir="0" index="1" bw="1" slack="0"/>
<pin id="141" dir="0" index="2" bw="3" slack="0"/>
<pin id="142" dir="1" index="3" bw="2" slack="0"/>
</pin_list>
<bind>
<opcode="getelementptr(29) " fcode="getelementptr"/>
<opset="in_data_addr/4 "/>
</bind>
</comp>

<comp id="146" class="1005" name="first_iter_0_reg_146">
<pin_list>
<pin id="147" dir="0" index="0" bw="1" slack="1"/>
<pin id="148" dir="1" index="1" bw="1" slack="1"/>
</pin_list>
<bind>
<opset="first_iter_0 (phireg) "/>
</bind>
</comp>

<comp id="150" class="1004" name="first_iter_0_phi_fu_150">
<pin_list>
<pin id="151" dir="0" index="0" bw="1" slack="0"/>
<pin id="152" dir="0" index="1" bw="0" slack="2147483647"/>
<pin id="153" dir="0" index="2" bw="1" slack="1"/>
<pin id="154" dir="0" index="3" bw="0" slack="2147483647"/>
<pin id="155" dir="1" index="4" bw="1" slack="0"/>
</pin_list>
<bind>
<opcode="phi(47) " fcode="phi"/>
<opset="first_iter_0/1 "/>
</bind>
</comp>

<comp id="158" class="1004" name="store_ln0_store_fu_158">
<pin_list>
<pin id="159" dir="0" index="0" bw="1" slack="0"/>
<pin id="160" dir="0" index="1" bw="11" slack="0"/>
<pin id="161" dir="1" index="2" bw="0" slack="2147483647"/>
</pin_list>
<bind>
<opcode="store(28) " fcode="store"/>
<opset="store_ln0/1 "/>
</bind>
</comp>

<comp id="163" class="1004" name="store_ln254_store_fu_163">
<pin_list>
<pin id="164" dir="0" index="0" bw="1" slack="0"/>
<pin id="165" dir="0" index="1" bw="3" slack="0"/>
<pin id="166" dir="1" index="2" bw="0" slack="2147483647"/>
</pin_list>
<bind>
<opcode="store(28) " fcode="store"/>
<opset="store_ln254/1 "/>
</bind>
</comp>

<comp id="168" class="1004" name="indvar_flatten_load_load_fu_168">
<pin_list>
<pin id="169" dir="0" index="0" bw="11" slack="0"/>
<pin id="170" dir="1" index="1" bw="11" slack="0"/>
</pin_list>
<bind>
<opcode="load(27) " fcode="load"/>
<opset="indvar_flatten_load/1 "/>
</bind>
</comp>

<comp id="171" class="1004" name="icmp_ln245_fu_171">
<pin_list>
<pin id="172" dir="0" index="0" bw="11" slack="0"/>
<pin id="173" dir="0" index="1" bw="11" slack="0"/>
<pin id="174" dir="1" index="2" bw="1" slack="1"/>
</pin_list>
<bind>
<opcode="icmp(45) " fcode="icmp"/>
<opset="icmp_ln245/1 "/>
</bind>
</comp>

<comp id="177" class="1004" name="add_ln245_fu_177">
<pin_list>
<pin id="178" dir="0" index="0" bw="11" slack="0"/>
<pin id="179" dir="0" index="1" bw="1" slack="0"/>
<pin id="180" dir="1" index="2" bw="11" slack="2"/>
</pin_list>
<bind>
<opcode="add(8) " fcode="add"/>
<opset="add_ln245/1 "/>
</bind>
</comp>

<comp id="183" class="1004" name="j_load_load_fu_183">
<pin_list>
<pin id="184" dir="0" index="0" bw="3" slack="0"/>
<pin id="185" dir="1" index="1" bw="3" slack="0"/>
</pin_list>
<bind>
<opcode="load(27) " fcode="load"/>
<opset="j_load/1 "/>
</bind>
</comp>

<comp id="186" class="1004" name="icmp_ln254_fu_186">
<pin_list>
<pin id="187" dir="0" index="0" bw="3" slack="0"/>
<pin id="188" dir="0" index="1" bw="3" slack="0"/>
<pin id="189" dir="1" index="2" bw="1" slack="0"/>
</pin_list>
<bind>
<opcode="icmp(45) " fcode="icmp"/>
<opset="icmp_ln254/1 "/>
</bind>
</comp>

<comp id="192" class="1004" name="or_ln250_fu_192">
<pin_list>
<pin id="193" dir="0" index="0" bw="1" slack="0"/>
<pin id="194" dir="0" index="1" bw="1" slack="0"/>
<pin id="195" dir="1" index="2" bw="1" slack="1"/>
</pin_list>
<bind>
<opcode="or(24) " fcode="or"/>
<opset="or_ln250/1 "/>
</bind>
</comp>

<comp id="198" class="1004" name="select_ln250_fu_198">
<pin_list>
<pin id="199" dir="0" index="0" bw="1" slack="0"/>
<pin id="200" dir="0" index="1" bw="1" slack="0"/>
<pin id="201" dir="0" index="2" bw="3" slack="0"/>
<pin id="202" dir="1" index="3" bw="3" slack="2"/>
</pin_list>
<bind>
<opcode="select(49) " fcode="select"/>
<opset="select_ln250/1 "/>
</bind>
</comp>

<comp id="206" class="1004" name="trunc_ln250_fu_206">
<pin_list>
<pin id="207" dir="0" index="0" bw="64" slack="0"/>
<pin id="208" dir="1" index="1" bw="12" slack="0"/>
</pin_list>
<bind>
<opcode="trunc(33) " fcode="trunc"/>
<opset="trunc_ln250/2 "/>
</bind>
</comp>

<comp id="211" class="1004" name="tmp_fu_211">
<pin_list>
<pin id="212" dir="0" index="0" bw="12" slack="0"/>
<pin id="213" dir="0" index="1" bw="64" slack="0"/>
<pin id="214" dir="0" index="2" bw="6" slack="0"/>
<pin id="215" dir="0" index="3" bw="6" slack="0"/>
<pin id="216" dir="1" index="4" bw="12" slack="0"/>
</pin_list>
<bind>
<opcode="partselect(1002) " fcode="partselect"/>
<opset="tmp/2 "/>
</bind>
</comp>

<comp id="222" class="1004" name="tmp_s_fu_222">
<pin_list>
<pin id="223" dir="0" index="0" bw="12" slack="0"/>
<pin id="224" dir="0" index="1" bw="64" slack="0"/>
<pin id="225" dir="0" index="2" bw="7" slack="0"/>
<pin id="226" dir="0" index="3" bw="7" slack="0"/>
<pin id="227" dir="1" index="4" bw="12" slack="1"/>
</pin_list>
<bind>
<opcode="partselect(1002) " fcode="partselect"/>
<opset="tmp_s/2 "/>
</bind>
</comp>

<comp id="232" class="1004" name="tmp_1_fu_232">
<pin_list>
<pin id="233" dir="0" index="0" bw="12" slack="0"/>
<pin id="234" dir="0" index="1" bw="64" slack="0"/>
<pin id="235" dir="0" index="2" bw="7" slack="0"/>
<pin id="236" dir="0" index="3" bw="7" slack="0"/>
<pin id="237" dir="1" index="4" bw="12" slack="1"/>
</pin_list>
<bind>
<opcode="partselect(1002) " fcode="partselect"/>
<opset="tmp_1/2 "/>
</bind>
</comp>

<comp id="242" class="1004" name="add_ln254_fu_242">
<pin_list>
<pin id="243" dir="0" index="0" bw="3" slack="2"/>
<pin id="244" dir="0" index="1" bw="1" slack="0"/>
<pin id="245" dir="1" index="2" bw="3" slack="0"/>
</pin_list>
<bind>
<opcode="add(8) " fcode="add"/>
<opset="add_ln254/3 "/>
</bind>
</comp>

<comp id="247" class="1004" name="store_ln245_store_fu_247">
<pin_list>
<pin id="248" dir="0" index="0" bw="11" slack="2"/>
<pin id="249" dir="0" index="1" bw="11" slack="2"/>
<pin id="250" dir="1" index="2" bw="0" slack="2147483647"/>
</pin_list>
<bind>
<opcode="store(28) " fcode="store"/>
<opset="store_ln245/3 "/>
</bind>
</comp>

<comp id="251" class="1004" name="store_ln254_store_fu_251">
<pin_list>
<pin id="252" dir="0" index="0" bw="3" slack="0"/>
<pin id="253" dir="0" index="1" bw="3" slack="2"/>
<pin id="254" dir="1" index="2" bw="0" slack="2147483647"/>
</pin_list>
<bind>
<opcode="store(28) " fcode="store"/>
<opset="store_ln254/3 "/>
</bind>
</comp>

<comp id="256" class="1004" name="zext_ln254_fu_256">
<pin_list>
<pin id="257" dir="0" index="0" bw="3" slack="3"/>
<pin id="258" dir="1" index="1" bw="64" slack="0"/>
</pin_list>
<bind>
<opcode="zext(34) " fcode="zext"/>
<opset="zext_ln254/4 "/>
</bind>
</comp>

<comp id="260" class="1005" name="j_reg_260">
<pin_list>
<pin id="261" dir="0" index="0" bw="3" slack="0"/>
<pin id="262" dir="1" index="1" bw="3" slack="0"/>
</pin_list>
<bind>
<opset="j "/>
</bind>
</comp>

<comp id="267" class="1005" name="indvar_flatten_reg_267">
<pin_list>
<pin id="268" dir="0" index="0" bw="11" slack="0"/>
<pin id="269" dir="1" index="1" bw="11" slack="0"/>
</pin_list>
<bind>
<opset="indvar_flatten "/>
</bind>
</comp>

<comp id="274" class="1005" name="in_data_addr_1_reg_274">
<pin_list>
<pin id="275" dir="0" index="0" bw="2" slack="1"/>
<pin id="276" dir="1" index="1" bw="2" slack="1"/>
</pin_list>
<bind>
<opset="in_data_addr_1 "/>
</bind>
</comp>

<comp id="279" class="1005" name="in_data_addr_2_reg_279">
<pin_list>
<pin id="280" dir="0" index="0" bw="2" slack="1"/>
<pin id="281" dir="1" index="1" bw="2" slack="1"/>
</pin_list>
<bind>
<opset="in_data_addr_2 "/>
</bind>
</comp>

<comp id="284" class="1005" name="in_data_addr_3_reg_284">
<pin_list>
<pin id="285" dir="0" index="0" bw="2" slack="2"/>
<pin id="286" dir="1" index="1" bw="2" slack="2"/>
</pin_list>
<bind>
<opset="in_data_addr_3 "/>
</bind>
</comp>

<comp id="289" class="1005" name="in_data_addr_4_reg_289">
<pin_list>
<pin id="290" dir="0" index="0" bw="2" slack="2"/>
<pin id="291" dir="1" index="1" bw="2" slack="2"/>
</pin_list>
<bind>
<opset="in_data_addr_4 "/>
</bind>
</comp>

<comp id="294" class="1005" name="icmp_ln245_reg_294">
<pin_list>
<pin id="295" dir="0" index="0" bw="1" slack="1"/>
<pin id="296" dir="1" index="1" bw="1" slack="2147483647"/>
</pin_list>
<bind>
<opset="icmp_ln245 "/>
</bind>
</comp>

<comp id="298" class="1005" name="add_ln245_reg_298">
<pin_list>
<pin id="299" dir="0" index="0" bw="11" slack="2"/>
<pin id="300" dir="1" index="1" bw="11" slack="2"/>
</pin_list>
<bind>
<opset="add_ln245 "/>
</bind>
</comp>

<comp id="303" class="1005" name="or_ln250_reg_303">
<pin_list>
<pin id="304" dir="0" index="0" bw="1" slack="1"/>
<pin id="305" dir="1" index="1" bw="1" slack="2147483647"/>
</pin_list>
<bind>
<opset="or_ln250 "/>
</bind>
</comp>

<comp id="307" class="1005" name="select_ln250_reg_307">
<pin_list>
<pin id="308" dir="0" index="0" bw="3" slack="2"/>
<pin id="309" dir="1" index="1" bw="3" slack="2"/>
</pin_list>
<bind>
<opset="select_ln250 "/>
</bind>
</comp>

<comp id="313" class="1005" name="tmp_s_reg_313">
<pin_list>
<pin id="314" dir="0" index="0" bw="12" slack="1"/>
<pin id="315" dir="1" index="1" bw="12" slack="1"/>
</pin_list>
<bind>
<opset="tmp_s "/>
</bind>
</comp>

<comp id="318" class="1005" name="tmp_1_reg_318">
<pin_list>
<pin id="319" dir="0" index="0" bw="12" slack="1"/>
<pin id="320" dir="1" index="1" bw="12" slack="1"/>
</pin_list>
<bind>
<opset="tmp_1 "/>
</bind>
</comp>

<comp id="323" class="1005" name="in_data_addr_reg_323">
<pin_list>
<pin id="324" dir="0" index="0" bw="2" slack="1"/>
<pin id="325" dir="1" index="1" bw="2" slack="1"/>
</pin_list>
<bind>
<opset="in_data_addr "/>
</bind>
</comp>

</comp_list>

<net_list>
<net id="75"><net_src comp="4" pin="0"/><net_sink comp="72" pin=0"/></net>

<net id="79"><net_src comp="4" pin="0"/><net_sink comp="76" pin=0"/></net>

<net id="83"><net_src comp="20" pin="0"/><net_sink comp="80" pin=0"/></net>

<net id="88"><net_src comp="50" pin="0"/><net_sink comp="84" pin=0"/></net>

<net id="89"><net_src comp="0" pin="0"/><net_sink comp="84" pin=1"/></net>

<net id="95"><net_src comp="70" pin="0"/><net_sink comp="90" pin=0"/></net>

<net id="96"><net_src comp="2" pin="0"/><net_sink comp="90" pin=1"/></net>

<net id="102"><net_src comp="80" pin="1"/><net_sink comp="97" pin=0"/></net>

<net id="103"><net_src comp="22" pin="0"/><net_sink comp="97" pin=1"/></net>

<net id="104"><net_src comp="22" pin="0"/><net_sink comp="97" pin=2"/></net>

<net id="110"><net_src comp="80" pin="1"/><net_sink comp="105" pin=0"/></net>

<net id="111"><net_src comp="22" pin="0"/><net_sink comp="105" pin=1"/></net>

<net id="112"><net_src comp="20" pin="0"/><net_sink comp="105" pin=2"/></net>

<net id="118"><net_src comp="80" pin="1"/><net_sink comp="113" pin=0"/></net>

<net id="119"><net_src comp="22" pin="0"/><net_sink comp="113" pin=1"/></net>

<net id="120"><net_src comp="24" pin="0"/><net_sink comp="113" pin=2"/></net>

<net id="126"><net_src comp="80" pin="1"/><net_sink comp="121" pin=0"/></net>

<net id="127"><net_src comp="22" pin="0"/><net_sink comp="121" pin=1"/></net>

<net id="128"><net_src comp="26" pin="0"/><net_sink comp="121" pin=2"/></net>

<net id="143"><net_src comp="22" pin="0"/><net_sink comp="138" pin=1"/></net>

<net id="144"><net_src comp="129" pin="3"/><net_sink comp="90" pin=2"/></net>

<net id="145"><net_src comp="138" pin="3"/><net_sink comp="129" pin=0"/></net>

<net id="149"><net_src comp="34" pin="0"/><net_sink comp="146" pin=0"/></net>

<net id="156"><net_src comp="32" pin="0"/><net_sink comp="150" pin=0"/></net>

<net id="157"><net_src comp="146" pin="1"/><net_sink comp="150" pin=2"/></net>

<net id="162"><net_src comp="28" pin="0"/><net_sink comp="158" pin=0"/></net>

<net id="167"><net_src comp="30" pin="0"/><net_sink comp="163" pin=0"/></net>

<net id="175"><net_src comp="168" pin="1"/><net_sink comp="171" pin=0"/></net>

<net id="176"><net_src comp="36" pin="0"/><net_sink comp="171" pin=1"/></net>

<net id="181"><net_src comp="168" pin="1"/><net_sink comp="177" pin=0"/></net>

<net id="182"><net_src comp="38" pin="0"/><net_sink comp="177" pin=1"/></net>

<net id="190"><net_src comp="183" pin="1"/><net_sink comp="186" pin=0"/></net>

<net id="191"><net_src comp="48" pin="0"/><net_sink comp="186" pin=1"/></net>

<net id="196"><net_src comp="186" pin="2"/><net_sink comp="192" pin=0"/></net>

<net id="197"><net_src comp="150" pin="4"/><net_sink comp="192" pin=1"/></net>

<net id="203"><net_src comp="186" pin="2"/><net_sink comp="198" pin=0"/></net>

<net id="204"><net_src comp="30" pin="0"/><net_sink comp="198" pin=1"/></net>

<net id="205"><net_src comp="183" pin="1"/><net_sink comp="198" pin=2"/></net>

<net id="209"><net_src comp="84" pin="2"/><net_sink comp="206" pin=0"/></net>

<net id="210"><net_src comp="206" pin="1"/><net_sink comp="129" pin=4"/></net>

<net id="217"><net_src comp="52" pin="0"/><net_sink comp="211" pin=0"/></net>

<net id="218"><net_src comp="84" pin="2"/><net_sink comp="211" pin=1"/></net>

<net id="219"><net_src comp="54" pin="0"/><net_sink comp="211" pin=2"/></net>

<net id="220"><net_src comp="56" pin="0"/><net_sink comp="211" pin=3"/></net>

<net id="221"><net_src comp="211" pin="4"/><net_sink comp="129" pin=1"/></net>

<net id="228"><net_src comp="52" pin="0"/><net_sink comp="222" pin=0"/></net>

<net id="229"><net_src comp="84" pin="2"/><net_sink comp="222" pin=1"/></net>

<net id="230"><net_src comp="58" pin="0"/><net_sink comp="222" pin=2"/></net>

<net id="231"><net_src comp="60" pin="0"/><net_sink comp="222" pin=3"/></net>

<net id="238"><net_src comp="52" pin="0"/><net_sink comp="232" pin=0"/></net>

<net id="239"><net_src comp="84" pin="2"/><net_sink comp="232" pin=1"/></net>

<net id="240"><net_src comp="62" pin="0"/><net_sink comp="232" pin=2"/></net>

<net id="241"><net_src comp="64" pin="0"/><net_sink comp="232" pin=3"/></net>

<net id="246"><net_src comp="66" pin="0"/><net_sink comp="242" pin=1"/></net>

<net id="255"><net_src comp="242" pin="2"/><net_sink comp="251" pin=0"/></net>

<net id="259"><net_src comp="256" pin="1"/><net_sink comp="138" pin=2"/></net>

<net id="263"><net_src comp="72" pin="1"/><net_sink comp="260" pin=0"/></net>

<net id="264"><net_src comp="260" pin="1"/><net_sink comp="163" pin=1"/></net>

<net id="265"><net_src comp="260" pin="1"/><net_sink comp="183" pin=0"/></net>

<net id="266"><net_src comp="260" pin="1"/><net_sink comp="251" pin=1"/></net>

<net id="270"><net_src comp="76" pin="1"/><net_sink comp="267" pin=0"/></net>

<net id="271"><net_src comp="267" pin="1"/><net_sink comp="158" pin=1"/></net>

<net id="272"><net_src comp="267" pin="1"/><net_sink comp="168" pin=0"/></net>

<net id="273"><net_src comp="267" pin="1"/><net_sink comp="247" pin=1"/></net>

<net id="277"><net_src comp="97" pin="3"/><net_sink comp="274" pin=0"/></net>

<net id="278"><net_src comp="274" pin="1"/><net_sink comp="129" pin=2"/></net>

<net id="282"><net_src comp="105" pin="3"/><net_sink comp="279" pin=0"/></net>

<net id="283"><net_src comp="279" pin="1"/><net_sink comp="129" pin=0"/></net>

<net id="287"><net_src comp="113" pin="3"/><net_sink comp="284" pin=0"/></net>

<net id="288"><net_src comp="284" pin="1"/><net_sink comp="129" pin=0"/></net>

<net id="292"><net_src comp="121" pin="3"/><net_sink comp="289" pin=0"/></net>

<net id="293"><net_src comp="289" pin="1"/><net_sink comp="129" pin=2"/></net>

<net id="297"><net_src comp="171" pin="2"/><net_sink comp="294" pin=0"/></net>

<net id="301"><net_src comp="177" pin="2"/><net_sink comp="298" pin=0"/></net>

<net id="302"><net_src comp="298" pin="1"/><net_sink comp="247" pin=0"/></net>

<net id="306"><net_src comp="192" pin="2"/><net_sink comp="303" pin=0"/></net>

<net id="310"><net_src comp="198" pin="3"/><net_sink comp="307" pin=0"/></net>

<net id="311"><net_src comp="307" pin="1"/><net_sink comp="242" pin=0"/></net>

<net id="312"><net_src comp="307" pin="1"/><net_sink comp="256" pin=0"/></net>

<net id="316"><net_src comp="222" pin="4"/><net_sink comp="313" pin=0"/></net>

<net id="317"><net_src comp="313" pin="1"/><net_sink comp="129" pin=1"/></net>

<net id="321"><net_src comp="232" pin="4"/><net_sink comp="318" pin=0"/></net>

<net id="322"><net_src comp="318" pin="1"/><net_sink comp="129" pin=4"/></net>

<net id="326"><net_src comp="138" pin="3"/><net_sink comp="323" pin=0"/></net>

<net id="327"><net_src comp="323" pin="1"/><net_sink comp="129" pin=0"/></net>

</net_list>

</model> 
---------------- Datapath Model END ------------------

* FSMD analyzer results:
  - Output states:
	Port: layer8_out | {5 }
 - Input state : 
	Port: repack_stream<array<ap_fixed,4u>,array<ap_fixed<12,6,5,3,0>,1u>,1024> : input_layer | {2 }
  - Chain level:
	State 1
		in_data_addr_1 : 1
		in_data_addr_2 : 1
		in_data_addr_3 : 1
		in_data_addr_4 : 1
		store_ln0 : 1
		store_ln254 : 1
		first_iter_0 : 1
		indvar_flatten_load : 1
		icmp_ln245 : 2
		add_ln245 : 2
		br_ln245 : 3
		j_load : 1
		icmp_ln254 : 2
		or_ln250 : 3
		select_ln250 : 3
		br_ln254 : 3
	State 2
		store_ln250 : 1
		store_ln250 : 1
	State 3
		store_ln254 : 1
	State 4
		in_data_addr : 1
		in_data_load : 2
	State 5
		write_ln262 : 1


============================================================
+ Verbose Summary: Datapath Resource usage 
============================================================

* Functional unit list:
|----------|-----------------------------|---------|---------|
| Operation|       Functional Unit       |    FF   |   LUT   |
|----------|-----------------------------|---------|---------|
|   icmp   |      icmp_ln245_fu_171      |    0    |    18   |
|          |      icmp_ln254_fu_186      |    0    |    10   |
|----------|-----------------------------|---------|---------|
|    add   |       add_ln245_fu_177      |    0    |    18   |
|          |       add_ln254_fu_242      |    0    |    10   |
|----------|-----------------------------|---------|---------|
|  select  |     select_ln250_fu_198     |    0    |    3    |
|----------|-----------------------------|---------|---------|
|    or    |       or_ln250_fu_192       |    0    |    2    |
|----------|-----------------------------|---------|---------|
|   read   | input_layer_read_read_fu_84 |    0    |    0    |
|----------|-----------------------------|---------|---------|
|   write  |   write_ln262_write_fu_90   |    0    |    0    |
|----------|-----------------------------|---------|---------|
|   trunc  |      trunc_ln250_fu_206     |    0    |    0    |
|----------|-----------------------------|---------|---------|
|          |          tmp_fu_211         |    0    |    0    |
|partselect|         tmp_s_fu_222        |    0    |    0    |
|          |         tmp_1_fu_232        |    0    |    0    |
|----------|-----------------------------|---------|---------|
|   zext   |      zext_ln254_fu_256      |    0    |    0    |
|----------|-----------------------------|---------|---------|
|   Total  |                             |    0    |    61   |
|----------|-----------------------------|---------|---------|

Memories:
+-------+--------+--------+--------+--------+
|       |  BRAM  |   FF   |   LUT  |  URAM  |
+-------+--------+--------+--------+--------+
|in_data|    0   |   24   |    1   |    0   |
+-------+--------+--------+--------+--------+
| Total |    0   |   24   |    1   |    0   |
+-------+--------+--------+--------+--------+

* Register list:
+----------------------+--------+
|                      |   FF   |
+----------------------+--------+
|   add_ln245_reg_298  |   11   |
| first_iter_0_reg_146 |    1   |
|  icmp_ln245_reg_294  |    1   |
|in_data_addr_1_reg_274|    2   |
|in_data_addr_2_reg_279|    2   |
|in_data_addr_3_reg_284|    2   |
|in_data_addr_4_reg_289|    2   |
| in_data_addr_reg_323 |    2   |
|indvar_flatten_reg_267|   11   |
|       j_reg_260      |    3   |
|   or_ln250_reg_303   |    1   |
| select_ln250_reg_307 |    3   |
|     tmp_1_reg_318    |   12   |
|     tmp_s_reg_313    |   12   |
+----------------------+--------+
|         Total        |   65   |
+----------------------+--------+

* Multiplexer (MUX) list: 
|-------------------|------|------|------|--------||---------||---------|
|        Comp       |  Pin | Size |  BW  | S x BW ||  Delay  ||   LUT   |
|-------------------|------|------|------|--------||---------||---------|
| grp_access_fu_129 |  p0  |   4  |   2  |    8   ||    20   |
| grp_access_fu_129 |  p1  |   2  |  12  |   24   ||    9    |
| grp_access_fu_129 |  p2  |   2  |   0  |    0   ||    9    |
| grp_access_fu_129 |  p4  |   2  |   2  |    4   ||    9    |
|-------------------|------|------|------|--------||---------||---------|
|       Total       |      |      |      |   36   ||  1.806  ||    47   |
|-------------------|------|------|------|--------||---------||---------|



* Summary:
+-----------+--------+--------+--------+--------+--------+
|           |  BRAM  |  Delay |   FF   |   LUT  |  URAM  |
+-----------+--------+--------+--------+--------+--------+
|  Function |    -   |    -   |    0   |   61   |    -   |
|   Memory  |    0   |    -   |   24   |    1   |    0   |
|Multiplexer|    -   |    1   |    -   |   47   |    -   |
|  Register |    -   |    -   |   65   |    -   |    -   |
+-----------+--------+--------+--------+--------+--------+
|   Total   |    0   |    1   |   89   |   109  |    0   |
+-----------+--------+--------+--------+--------+--------+
