
****** Vitis HLS - High-Level Synthesis from C, C++ and OpenCL v2023.2 (64-bit)
  **** SW Build 4023990 on Oct 11 2023
  **** IP Build 4028589 on Sat Oct 14 00:45:43 MDT 2023
  **** SharedData Build 4025554 on Tue Oct 10 17:18:54 MDT 2023
    ** Copyright 1986-2022 Xilinx, Inc. All Rights Reserved.
    ** Copyright 2022-2023 Advanced Micro Devices, Inc. All Rights Reserved.

source /tools/Xilinx/Vitis_HLS/2023.2/scripts/vitis_hls/hls.tcl -notrace
INFO: [HLS 200-10] Running '/tools/Xilinx/Vitis_HLS/2023.2/bin/unwrapped/lnx64.o/vitis_hls'
INFO: [HLS 200-10] For user 'work1' on host 'AlbertsUbuntu' (Linux_x86_64 version 6.8.0-90-generic) on Sun May 17 01:28:39 PDT 2026
INFO: [HLS 200-10] On os Ubuntu 22.04.5 LTS
INFO: [HLS 200-10] In directory '/home/work1/Works/CNN-Core-Generator/hls_streaming'
INFO: [HLS 200-2053] The vitis_hls executable is being deprecated. Consider using vitis-run --mode hls --tcl
Sourcing Tcl script 'build_hls.tcl'
INFO: [HLS 200-1510] Running: open_project -reset cnn_core_streaming_prj 
INFO: [HLS 200-10] Creating and opening project '/home/work1/Works/CNN-Core-Generator/hls_streaming/cnn_core_streaming_prj'.
INFO: [HLS 200-1510] Running: set_top cnn_core 
INFO: [HLS 200-1510] Running: add_files firmware/cnn_core.cpp -cflags -std=c++14 -I. -Ifirmware 
INFO: [HLS 200-10] Adding design file 'firmware/cnn_core.cpp' to the project
INFO: [HLS 200-1510] Running: add_files -tb tb/compare_runner.cpp -cflags -std=c++14 -I. -Ifirmware 
INFO: [HLS 200-10] Adding test bench file 'tb/compare_runner.cpp' to the project
INFO: [HLS 200-1510] Running: add_files -tb firmware/weights 
INFO: [HLS 200-10] Adding test bench file 'firmware/weights' to the project
INFO: [HLS 200-1510] Running: open_solution -reset solution1 
INFO: [HLS 200-10] Creating and opening solution '/home/work1/Works/CNN-Core-Generator/hls_streaming/cnn_core_streaming_prj/solution1'.
INFO: [HLS 200-10] Cleaning up the solution database.
INFO: [HLS 200-1505] Using default flow_target 'vivado'
Resolution: For help on HLS 200-1505 see docs.xilinx.com/access/sources/dita/topic?Doc_Version=2023.2%20English&url=ug1448-hls-guidance&resourceid=200-1505.html
INFO: [HLS 200-1510] Running: config_compile -name_max_length 80 
INFO: [XFORM 203-1161] The maximum of name length is set to 80.
INFO: [HLS 200-1510] Running: set_part xcku5p-ffvb676-2-e 
INFO: [HLS 200-1611] Setting target device to 'xcku5p-ffvb676-2-e'
INFO: [XFORM 203-1161] The maximum of name length is set to 80.
INFO: [HLS 200-1510] Running: config_schedule -enable_dsp_full_reg=false 
INFO: [HLS 200-1510] Running: create_clock -period 5 -name default 
INFO: [SYN 201-201] Setting up clock 'default' with a period of 5ns.
INFO: [HLS 200-1510] Running: set_clock_uncertainty 27% default 
INFO: [SYN 201-201] Setting up clock 'default' with an uncertainty of 1.35ns.
***** HLS STREAMING BUILD CONFIG *****
project:           cnn_core_streaming_prj
solution:          solution1
top:               cnn_core
part:              xcku5p-ffvb676-2-e
clock_period:      5
clock_uncertainty: 27%
csim:              0
synth:             1
cosim:             0
export:            0
ooc_synth:         0
***** C/RTL SYNTHESIS *****
INFO: [HLS 200-1510] Running: csynth_design 
INFO: [HLS 200-111] Finished File checks and directory preparation: CPU user time: 0.07 seconds. CPU system time: 0 seconds. Elapsed time: 0.07 seconds; current allocated memory: 256.824 MB.
INFO: [HLS 200-10] Analyzing design file 'firmware/cnn_core.cpp' ... 
WARNING: [HLS 207-5566] unexpected pragma argument 'softmax', expects function/operation (firmware/nnet_utils/nnet_activation.h:402:36)
WARNING: [HLS 207-5536] 'Resource pragma' is deprecated, use 'bind_op/bind_storage pragma' instead (firmware/nnet_utils/nnet_dense_resource.h:33:9)
WARNING: [HLS 207-5536] 'Resource pragma' is deprecated, use 'bind_op/bind_storage pragma' instead (firmware/nnet_utils/nnet_dense_resource.h:107:9)
WARNING: [HLS 207-5536] 'Resource pragma' is deprecated, use 'bind_op/bind_storage pragma' instead (firmware/nnet_utils/nnet_dense_resource.h:189:9)
WARNING: [HLS 214-113] Either use an argument of the function or declare the variable inside the dataflow loop body (firmware/cnn_core.cpp:43:93)
Resolution: For help on HLS 214-113 see docs.xilinx.com/access/sources/dita/topic?Doc_Version=2023.2%20English&url=ug1448-hls-guidance&resourceid=214-113.html
WARNING: [HLS 214-113] Either use an argument of the function or declare the variable inside the dataflow loop body (firmware/cnn_core.cpp:43:97)
Resolution: For help on HLS 214-113 see docs.xilinx.com/access/sources/dita/topic?Doc_Version=2023.2%20English&url=ug1448-hls-guidance&resourceid=214-113.html
WARNING: [HLS 214-113] Either use an argument of the function or declare the variable inside the dataflow loop body (firmware/cnn_core.cpp:49:70)
Resolution: For help on HLS 214-113 see docs.xilinx.com/access/sources/dita/topic?Doc_Version=2023.2%20English&url=ug1448-hls-guidance&resourceid=214-113.html
WARNING: [HLS 214-113] Either use an argument of the function or declare the variable inside the dataflow loop body (firmware/cnn_core.cpp:49:74)
Resolution: For help on HLS 214-113 see docs.xilinx.com/access/sources/dita/topic?Doc_Version=2023.2%20English&url=ug1448-hls-guidance&resourceid=214-113.html
WARNING: [HLS 200-471] Dataflow form checks found 4 issue(s) in file firmware/cnn_core.cpp
Resolution: For help on HLS 200-471 see docs.xilinx.com/access/sources/dita/topic?Doc_Version=2023.2%20English&url=ug1448-hls-guidance&resourceid=200-471.html
WARNING: [HLS 207-5292] unused parameter 'keep' (firmware/nnet_utils/nnet_helpers.h:285:99)
WARNING: [HLS 207-5292] unused parameter 'data' (firmware/nnet_utils/nnet_function_stubs.h:14:36)
WARNING: [HLS 207-5292] unused parameter 'buffer' (firmware/nnet_utils/nnet_function_stubs.h:15:36)
WARNING: [HLS 207-5292] unused parameter 'partition' (firmware/nnet_utils/nnet_function_stubs.h:16:44)
WARNING: [HLS 207-5292] unused parameter 'data' (firmware/nnet_utils/nnet_function_stubs.h:24:24)
WARNING: [HLS 207-5292] unused parameter 'buffer' (firmware/nnet_utils/nnet_function_stubs.h:25:24)
WARNING: [HLS 207-5292] unused parameter 'partition' (firmware/nnet_utils/nnet_function_stubs.h:26:32)
WARNING: [HLS 207-5292] unused parameter 'data' (firmware/nnet_utils/nnet_function_stubs.h:33:30)
WARNING: [HLS 207-5292] unused parameter 'res' (firmware/nnet_utils/nnet_function_stubs.h:33:58)
WARNING: [HLS 207-5292] unused parameter 'weights' (firmware/nnet_utils/nnet_function_stubs.h:34:51)
WARNING: [HLS 207-5292] unused parameter 'biases' (firmware/nnet_utils/nnet_function_stubs.h:35:49)
WARNING: [HLS 207-5292] unused parameter 'data' (firmware/nnet_utils/nnet_function_stubs.h:42:30)
WARNING: [HLS 207-5292] unused parameter 'res' (firmware/nnet_utils/nnet_function_stubs.h:42:58)
WARNING: [HLS 207-5292] unused parameter 'weights' (firmware/nnet_utils/nnet_function_stubs.h:43:51)
WARNING: [HLS 207-5292] unused parameter 'biases' (firmware/nnet_utils/nnet_function_stubs.h:44:49)
WARNING: [HLS 207-5292] unused parameter 'data' (firmware/nnet_utils/nnet_function_stubs.h:51:29)
WARNING: [HLS 207-5292] unused parameter 'res' (firmware/nnet_utils/nnet_function_stubs.h:51:80)
WARNING: [HLS 207-5292] unused parameter 'weights' (firmware/nnet_utils/nnet_function_stubs.h:52:50)
WARNING: [HLS 207-5292] unused parameter 'biases' (firmware/nnet_utils/nnet_function_stubs.h:53:48)
WARNING: [HLS 207-5292] unused parameter 'data' (firmware/nnet_utils/nnet_code_gen.h:16:39)
WARNING: [HLS 207-5292] unused parameter 'res' (firmware/nnet_utils/nnet_code_gen.h:17:38)
WARNING: [HLS 207-5292] unused parameter 'weights' (firmware/nnet_utils/nnet_code_gen.h:18:60)
WARNING: [HLS 207-5292] unused parameter 'biases' (firmware/nnet_utils/nnet_code_gen.h:19:58)
INFO: [HLS 200-111] Finished Source Code Analysis and Preprocessing: CPU user time: 8.37 seconds. CPU system time: 0.76 seconds. Elapsed time: 9.34 seconds; current allocated memory: 265.504 MB.
INFO: [HLS 200-777] Using interface defaults for 'Vivado' flow target.
INFO: [HLS 200-1995] There were 2,321 instructions in the design after the 'Compile/Link' phase of compilation. See the Design Size Report for more details: /home/work1/Works/CNN-Core-Generator/hls_streaming/cnn_core_streaming_prj/solution1/syn/report/csynth_design_size.rpt
INFO: [HLS 200-1995] There were 89,992 instructions in the design after the 'Unroll/Inline' phase of compilation. See the Design Size Report for more details: /home/work1/Works/CNN-Core-Generator/hls_streaming/cnn_core_streaming_prj/solution1/syn/report/csynth_design_size.rpt
INFO: [HLS 200-1995] There were 28,178 instructions in the design after the 'Unroll/Inline (step 2)' phase of compilation. See the Design Size Report for more details: /home/work1/Works/CNN-Core-Generator/hls_streaming/cnn_core_streaming_prj/solution1/syn/report/csynth_design_size.rpt
INFO: [HLS 200-1995] There were 28,177 instructions in the design after the 'Unroll/Inline (step 3)' phase of compilation. See the Design Size Report for more details: /home/work1/Works/CNN-Core-Generator/hls_streaming/cnn_core_streaming_prj/solution1/syn/report/csynth_design_size.rpt
INFO: [HLS 200-1995] There were 27,604 instructions in the design after the 'Unroll/Inline (step 4)' phase of compilation. See the Design Size Report for more details: /home/work1/Works/CNN-Core-Generator/hls_streaming/cnn_core_streaming_prj/solution1/syn/report/csynth_design_size.rpt
INFO: [HLS 200-1995] There were 23,302 instructions in the design after the 'Array/Struct (step 1)' phase of compilation. See the Design Size Report for more details: /home/work1/Works/CNN-Core-Generator/hls_streaming/cnn_core_streaming_prj/solution1/syn/report/csynth_design_size.rpt
INFO: [HLS 200-1995] There were 16,026 instructions in the design after the 'Array/Struct (step 2)' phase of compilation. See the Design Size Report for more details: /home/work1/Works/CNN-Core-Generator/hls_streaming/cnn_core_streaming_prj/solution1/syn/report/csynth_design_size.rpt
INFO: [HLS 200-1995] There were 16,042 instructions in the design after the 'Array/Struct (step 3)' phase of compilation. See the Design Size Report for more details: /home/work1/Works/CNN-Core-Generator/hls_streaming/cnn_core_streaming_prj/solution1/syn/report/csynth_design_size.rpt
INFO: [HLS 200-1995] There were 16,515 instructions in the design after the 'Array/Struct (step 4)' phase of compilation. See the Design Size Report for more details: /home/work1/Works/CNN-Core-Generator/hls_streaming/cnn_core_streaming_prj/solution1/syn/report/csynth_design_size.rpt
INFO: [HLS 200-1995] There were 18,893 instructions in the design after the 'Array/Struct (step 5)' phase of compilation. See the Design Size Report for more details: /home/work1/Works/CNN-Core-Generator/hls_streaming/cnn_core_streaming_prj/solution1/syn/report/csynth_design_size.rpt
INFO: [HLS 200-1995] There were 14,866 instructions in the design after the 'Performance (step 1)' phase of compilation. See the Design Size Report for more details: /home/work1/Works/CNN-Core-Generator/hls_streaming/cnn_core_streaming_prj/solution1/syn/report/csynth_design_size.rpt
INFO: [HLS 200-1995] There were 14,709 instructions in the design after the 'Performance (step 2)' phase of compilation. See the Design Size Report for more details: /home/work1/Works/CNN-Core-Generator/hls_streaming/cnn_core_streaming_prj/solution1/syn/report/csynth_design_size.rpt
INFO: [HLS 200-1995] There were 14,681 instructions in the design after the 'Performance (step 3)' phase of compilation. See the Design Size Report for more details: /home/work1/Works/CNN-Core-Generator/hls_streaming/cnn_core_streaming_prj/solution1/syn/report/csynth_design_size.rpt
INFO: [HLS 200-1995] There were 14,681 instructions in the design after the 'Performance (step 4)' phase of compilation. See the Design Size Report for more details: /home/work1/Works/CNN-Core-Generator/hls_streaming/cnn_core_streaming_prj/solution1/syn/report/csynth_design_size.rpt
INFO: [HLS 200-1995] There were 14,555 instructions in the design after the 'HW Transforms (step 1)' phase of compilation. See the Design Size Report for more details: /home/work1/Works/CNN-Core-Generator/hls_streaming/cnn_core_streaming_prj/solution1/syn/report/csynth_design_size.rpt
INFO: [HLS 200-1995] There were 14,667 instructions in the design after the 'HW Transforms (step 2)' phase of compilation. See the Design Size Report for more details: /home/work1/Works/CNN-Core-Generator/hls_streaming/cnn_core_streaming_prj/solution1/syn/report/csynth_design_size.rpt
INFO: [HLS 214-415] Performing recursive inline in function 'nnet::pooling2d_cl<nnet::array<ap_fixed<16, 6, (ap_q_mode)5, (ap_o_mode)3, 0>, 7u>, nnet::array<ap_fixed<16, 6, (ap_q_mode)5, (ap_o_mode)3, 0>, 7u>, config5>' (firmware/nnet_utils/nnet_pooling_stream.h:100:9)
INFO: [HLS 214-415] Performing recursive inline in function 'nnet::dense<nnet::array<ap_fixed<16, 6, (ap_q_mode)5, (ap_o_mode)3, 0>, 7u>, nnet::array<ap_fixed<9, 5, (ap_q_mode)5, (ap_o_mode)3, 0>, 1u>, config7>' (firmware/nnet_utils/nnet_dense_stream.h:85:9)
WARNING: [HLS 214-273] In function 'void nnet::dense_latency_wrapper<ap_fixed<16, 6, (ap_q_mode)5, (ap_o_mode)3, 0>, ap_fixed<9, 5, (ap_q_mode)5, (ap_o_mode)3, 0>, config7>(ap_fixed<16, 6, (ap_q_mode)5, (ap_o_mode)3, 0>*, ap_fixed<9, 5, (ap_q_mode)5, (ap_o_mode)3, 0>*, config7::weight_t*, config7::bias_t*)', Pragma conflict happens on 'INLINE' and 'PIPELINE' pragmas: same function (firmware/nnet_utils/nnet_dense_stream.h:15:0)
WARNING: [HLS 214-273] In function 'void nnet::shift_line_buffer<nnet::array<ap_fixed<16, 6, (ap_q_mode)5, (ap_o_mode)3, 0>, 7u>, config5>(nnet::array<ap_fixed<16, 6, (ap_q_mode)5, (ap_o_mode)3, 0>, 7u> const&, ap_shift_reg<nnet::array<ap_fixed<16, 6, (ap_q_mode)5, (ap_o_mode)3, 0>, 7u>::value_type, config5::in_width> (*) [config5::n_chan], nnet::array<ap_fixed<16, 6, (ap_q_mode)5, (ap_o_mode)3, 0>, 7u>::value_type*)', Pragma conflict happens on 'INLINE' and 'PIPELINE' pragmas: same function (firmware/nnet_utils/nnet_conv_stream.h:219:0)
INFO: [HLS 214-131] Inlining function 'nnet::product::mult<ap_fixed<12, 6, (ap_q_mode)5, (ap_o_mode)3, 0>, ap_fixed<9, 5, (ap_q_mode)5, (ap_o_mode)3, 0> >::product(ap_fixed<12, 6, (ap_q_mode)5, (ap_o_mode)3, 0>, ap_fixed<9, 5, (ap_q_mode)5, (ap_o_mode)3, 0>)' into 'void nnet::dense_latency<ap_fixed<12, 6, (ap_q_mode)5, (ap_o_mode)3, 0>, ap_fixed<9, 5, (ap_q_mode)5, (ap_o_mode)3, 0>, config3_mult>(ap_fixed<12, 6, (ap_q_mode)5, (ap_o_mode)3, 0>*, ap_fixed<9, 5, (ap_q_mode)5, (ap_o_mode)3, 0>*, config3_mult::weight_t*, config3_mult::bias_t*)' (firmware/nnet_utils/nnet_dense_latency.h:42:27)
INFO: [HLS 214-131] Inlining function 'nnet::DenseLatency<ap_fixed<12, 6, (ap_q_mode)5, (ap_o_mode)3, 0>, ap_fixed<9, 5, (ap_q_mode)5, (ap_o_mode)3, 0>, config3_mult>::dense(ap_fixed<12, 6, (ap_q_mode)5, (ap_o_mode)3, 0>*, ap_fixed<9, 5, (ap_q_mode)5, (ap_o_mode)3, 0>*, ap_fixed<9, 5, (ap_q_mode)5, (ap_o_mode)3, 0>*, ap_fixed<9, 5, (ap_q_mode)5, (ap_o_mode)3, 0>*)' into 'void nnet::first_conv_4lane_temporal_cl<nnet::array<ap_fixed<12, 6, (ap_q_mode)5, (ap_o_mode)3, 0>, 4u>, nnet::array<ap_fixed<9, 5, (ap_q_mode)5, (ap_o_mode)3, 0>, 7u>, config3>(hls::stream<nnet::array<ap_fixed<12, 6, (ap_q_mode)5, (ap_o_mode)3, 0>, 4u>, 0>&, hls::stream<nnet::array<ap_fixed<9, 5, (ap_q_mode)5, (ap_o_mode)3, 0>, 7u>, 0>&, config3::weight_t*, config3::bias_t*)' (firmware/nnet_utils/nnet_first_conv_stream.h:73:17)
INFO: [HLS 214-131] Inlining function 'void nnet::kernel_shift_2d<nnet::array<ap_fixed<16, 6, (ap_q_mode)5, (ap_o_mode)3, 0>, 7u>, config5>(nnet::array<ap_fixed<16, 6, (ap_q_mode)5, (ap_o_mode)3, 0>, 7u>::value_type (*) [config5::n_chan], nnet::array<ap_fixed<16, 6, (ap_q_mode)5, (ap_o_mode)3, 0>, 7u>::value_type*)' into 'void nnet::shift_line_buffer<nnet::array<ap_fixed<16, 6, (ap_q_mode)5, (ap_o_mode)3, 0>, 7u>, config5>(nnet::array<ap_fixed<16, 6, (ap_q_mode)5, (ap_o_mode)3, 0>, 7u> const&, ap_shift_reg<nnet::array<ap_fixed<16, 6, (ap_q_mode)5, (ap_o_mode)3, 0>, 7u>::value_type, config5::in_width> (*) [config5::n_chan], nnet::array<ap_fixed<16, 6, (ap_q_mode)5, (ap_o_mode)3, 0>, 7u>::value_type*)' (firmware/nnet_utils/nnet_conv_stream.h:247:5)
INFO: [HLS 214-131] Inlining function 'nnet::Op_max<ap_fixed<16, 6, (ap_q_mode)5, (ap_o_mode)3, 0> >::operator()(ap_fixed<16, 6, (ap_q_mode)5, (ap_o_mode)3, 0>, ap_fixed<16, 6, (ap_q_mode)5, (ap_o_mode)3, 0>) (.12)' into 'ap_fixed<16, 6, (ap_q_mode)5, (ap_o_mode)3, 0> nnet::reduce<ap_fixed<16, 6, (ap_q_mode)5, (ap_o_mode)3, 0>, 2, nnet::Op_max<ap_fixed<16, 6, (ap_q_mode)5, (ap_o_mode)3, 0> > >(ap_fixed<16, 6, (ap_q_mode)5, (ap_o_mode)3, 0> const*, nnet::Op_max<ap_fixed<16, 6, (ap_q_mode)5, (ap_o_mode)3, 0> >) (.11)' (firmware/nnet_utils/nnet_common.h:44:16)
INFO: [HLS 214-131] Inlining function 'ap_fixed<16, 6, (ap_q_mode)5, (ap_o_mode)3, 0> nnet::reduce<ap_fixed<16, 6, (ap_q_mode)5, (ap_o_mode)3, 0>, 2, nnet::Op_max<ap_fixed<16, 6, (ap_q_mode)5, (ap_o_mode)3, 0> > >(ap_fixed<16, 6, (ap_q_mode)5, (ap_o_mode)3, 0> const*, nnet::Op_max<ap_fixed<16, 6, (ap_q_mode)5, (ap_o_mode)3, 0> >) (.11)' into 'ap_fixed<16, 6, (ap_q_mode)5, (ap_o_mode)3, 0> nnet::reduce_pool<ap_fixed<16, 6, (ap_q_mode)5, (ap_o_mode)3, 0>, 2, config5>(ap_fixed<16, 6, (ap_q_mode)5, (ap_o_mode)3, 0>*) (.10)' (firmware/nnet_utils/nnet_pooling_stream.h:21:16)
INFO: [HLS 214-131] Inlining function 'ap_fixed<16, 6, (ap_q_mode)5, (ap_o_mode)3, 0> nnet::reduce_pool<ap_fixed<16, 6, (ap_q_mode)5, (ap_o_mode)3, 0>, 2, config5>(ap_fixed<16, 6, (ap_q_mode)5, (ap_o_mode)3, 0>*) (.10)' into 'void nnet::compute_pool_buffer_2d<nnet::array<ap_fixed<16, 6, (ap_q_mode)5, (ap_o_mode)3, 0>, 7u>, nnet::array<ap_fixed<16, 6, (ap_q_mode)5, (ap_o_mode)3, 0>, 7u>, config5>(nnet::array<ap_fixed<16, 6, (ap_q_mode)5, (ap_o_mode)3, 0>, 7u> const&, ap_shift_reg<nnet::array<ap_fixed<16, 6, (ap_q_mode)5, (ap_o_mode)3, 0>, 7u>::value_type, config5::in_width> (*) [config5::n_filt], hls::stream<nnet::array<ap_fixed<16, 6, (ap_q_mode)5, (ap_o_mode)3, 0>, 7u>, 0>&) (.8)' (firmware/nnet_utils/nnet_pooling_stream.h:68:17)
INFO: [HLS 214-131] Inlining function 'nnet::array<ap_fixed<16, 6, (ap_q_mode)5, (ap_o_mode)3, 0>, 7u>::operator[](unsigned long) (.5)' into 'void nnet::compute_pool_buffer_2d<nnet::array<ap_fixed<16, 6, (ap_q_mode)5, (ap_o_mode)3, 0>, 7u>, nnet::array<ap_fixed<16, 6, (ap_q_mode)5, (ap_o_mode)3, 0>, 7u>, config5>(nnet::array<ap_fixed<16, 6, (ap_q_mode)5, (ap_o_mode)3, 0>, 7u> const&, ap_shift_reg<nnet::array<ap_fixed<16, 6, (ap_q_mode)5, (ap_o_mode)3, 0>, 7u>::value_type, config5::in_width> (*) [config5::n_filt], hls::stream<nnet::array<ap_fixed<16, 6, (ap_q_mode)5, (ap_o_mode)3, 0>, 7u>, 0>&) (.8)' (firmware/nnet_utils/nnet_pooling_stream.h:67:13)
INFO: [HLS 214-131] Inlining function 'void nnet::compute_pool_buffer_2d<nnet::array<ap_fixed<16, 6, (ap_q_mode)5, (ap_o_mode)3, 0>, 7u>, nnet::array<ap_fixed<16, 6, (ap_q_mode)5, (ap_o_mode)3, 0>, 7u>, config5>(nnet::array<ap_fixed<16, 6, (ap_q_mode)5, (ap_o_mode)3, 0>, 7u> const&, ap_shift_reg<nnet::array<ap_fixed<16, 6, (ap_q_mode)5, (ap_o_mode)3, 0>, 7u>::value_type, config5::in_width> (*) [config5::n_filt], hls::stream<nnet::array<ap_fixed<16, 6, (ap_q_mode)5, (ap_o_mode)3, 0>, 7u>, 0>&) (.8)' into 'void nnet::pooling2d_cl<nnet::array<ap_fixed<16, 6, (ap_q_mode)5, (ap_o_mode)3, 0>, 7u>, nnet::array<ap_fixed<16, 6, (ap_q_mode)5, (ap_o_mode)3, 0>, 7u>, config5>(hls::stream<nnet::array<ap_fixed<16, 6, (ap_q_mode)5, (ap_o_mode)3, 0>, 7u>, 0>&, hls::stream<nnet::array<ap_fixed<16, 6, (ap_q_mode)5, (ap_o_mode)3, 0>, 7u>, 0>&)' (firmware/nnet_utils/nnet_pooling_stream.h:115:2)
INFO: [HLS 214-131] Inlining function 'nnet::array<ap_fixed<16, 6, (ap_q_mode)5, (ap_o_mode)3, 0>, 7u>::operator[](unsigned long) (.5)' into 'void nnet::data_prepare<nnet::array<ap_fixed<16, 6, (ap_q_mode)5, (ap_o_mode)3, 0>, 7u>, config7>(hls::stream<nnet::array<ap_fixed<16, 6, (ap_q_mode)5, (ap_o_mode)3, 0>, 7u>, 0>&, nnet::array<ap_fixed<16, 6, (ap_q_mode)5, (ap_o_mode)3, 0>, 7u>::value_type*) (.4)' (firmware/nnet_utils/nnet_dense_stream.h:39:39)
INFO: [HLS 214-131] Inlining function 'nnet::product::mult<ap_fixed<16, 6, (ap_q_mode)5, (ap_o_mode)3, 0>, ap_fixed<9, 5, (ap_q_mode)5, (ap_o_mode)3, 0> >::product(ap_fixed<16, 6, (ap_q_mode)5, (ap_o_mode)3, 0>, ap_fixed<9, 5, (ap_q_mode)5, (ap_o_mode)3, 0>)' into 'void nnet::dense_latency<ap_fixed<16, 6, (ap_q_mode)5, (ap_o_mode)3, 0>, ap_fixed<9, 5, (ap_q_mode)5, (ap_o_mode)3, 0>, config7>(ap_fixed<16, 6, (ap_q_mode)5, (ap_o_mode)3, 0>*, ap_fixed<9, 5, (ap_q_mode)5, (ap_o_mode)3, 0>*, config7::weight_t*, config7::bias_t*)' (firmware/nnet_utils/nnet_dense_latency.h:42:27)
INFO: [HLS 214-131] Inlining function 'nnet::array<ap_fixed<9, 5, (ap_q_mode)5, (ap_o_mode)3, 0>, 1u>::operator[](unsigned long) (.3)' into 'void nnet::res_write<nnet::array<ap_fixed<9, 5, (ap_q_mode)5, (ap_o_mode)3, 0>, 1u>, config7>(nnet::array<ap_fixed<9, 5, (ap_q_mode)5, (ap_o_mode)3, 0>, 1u>::value_type*, hls::stream<nnet::array<ap_fixed<9, 5, (ap_q_mode)5, (ap_o_mode)3, 0>, 1u>, 0>&) (.1)' (firmware/nnet_utils/nnet_dense_stream.h:75:2)
INFO: [HLS 214-131] Inlining function 'void nnet::data_prepare<nnet::array<ap_fixed<16, 6, (ap_q_mode)5, (ap_o_mode)3, 0>, 7u>, config7>(hls::stream<nnet::array<ap_fixed<16, 6, (ap_q_mode)5, (ap_o_mode)3, 0>, 7u>, 0>&, nnet::array<ap_fixed<16, 6, (ap_q_mode)5, (ap_o_mode)3, 0>, 7u>::value_type*) (.4)' into 'void nnet::dense<nnet::array<ap_fixed<16, 6, (ap_q_mode)5, (ap_o_mode)3, 0>, 7u>, nnet::array<ap_fixed<9, 5, (ap_q_mode)5, (ap_o_mode)3, 0>, 1u>, config7>(hls::stream<nnet::array<ap_fixed<16, 6, (ap_q_mode)5, (ap_o_mode)3, 0>, 7u>, 0>&, hls::stream<nnet::array<ap_fixed<9, 5, (ap_q_mode)5, (ap_o_mode)3, 0>, 1u>, 0>&, config7::weight_t*, config7::bias_t*)' (firmware/nnet_utils/nnet_dense_stream.h:93:2)
INFO: [HLS 214-131] Inlining function 'void nnet::res_write<nnet::array<ap_fixed<9, 5, (ap_q_mode)5, (ap_o_mode)3, 0>, 1u>, config7>(nnet::array<ap_fixed<9, 5, (ap_q_mode)5, (ap_o_mode)3, 0>, 1u>::value_type*, hls::stream<nnet::array<ap_fixed<9, 5, (ap_q_mode)5, (ap_o_mode)3, 0>, 1u>, 0>&) (.1)' into 'void nnet::dense<nnet::array<ap_fixed<16, 6, (ap_q_mode)5, (ap_o_mode)3, 0>, 7u>, nnet::array<ap_fixed<9, 5, (ap_q_mode)5, (ap_o_mode)3, 0>, 1u>, config7>(hls::stream<nnet::array<ap_fixed<16, 6, (ap_q_mode)5, (ap_o_mode)3, 0>, 7u>, 0>&, hls::stream<nnet::array<ap_fixed<9, 5, (ap_q_mode)5, (ap_o_mode)3, 0>, 1u>, 0>&, config7::weight_t*, config7::bias_t*)' (firmware/nnet_utils/nnet_dense_stream.h:100:5)
INFO: [HLS 214-291] Loop 'DataPackPipeline' is marked as complete unroll implied by the pipeline pragma (firmware/nnet_utils/nnet_dense_stream.h:37:13)
INFO: [HLS 214-291] Loop 'Result' is marked as complete unroll implied by the pipeline pragma (firmware/nnet_utils/nnet_dense_latency.h:64:5)
INFO: [HLS 214-291] Loop 'Accum1' is marked as complete unroll implied by the pipeline pragma (firmware/nnet_utils/nnet_dense_latency.h:54:5)
INFO: [HLS 214-291] Loop 'Accum2' is marked as complete unroll implied by the pipeline pragma (firmware/nnet_utils/nnet_dense_latency.h:56:9)
INFO: [HLS 214-291] Loop 'ResetAccum' is marked as complete unroll implied by the pipeline pragma (firmware/nnet_utils/nnet_dense_latency.h:48:5)
INFO: [HLS 214-291] Loop 'Product1' is marked as complete unroll implied by the pipeline pragma (firmware/nnet_utils/nnet_dense_latency.h:37:5)
INFO: [HLS 214-291] Loop 'Product2' is marked as complete unroll implied by the pipeline pragma (firmware/nnet_utils/nnet_dense_latency.h:40:9)
INFO: [HLS 214-291] Loop 'FiltLoop' is marked as complete unroll implied by the pipeline pragma (firmware/nnet_utils/nnet_pooling_stream.h:57:9)
INFO: [HLS 214-291] Loop 'PoolLoop' is marked as complete unroll implied by the pipeline pragma (firmware/nnet_utils/nnet_pooling_stream.h:62:13)
INFO: [HLS 214-291] Loop 'KernelPushHeight' is marked as complete unroll implied by the pipeline pragma (firmware/nnet_utils/nnet_conv_stream.h:205:5)
INFO: [HLS 214-291] Loop 'KernelPushChannel' is marked as complete unroll implied by the pipeline pragma (firmware/nnet_utils/nnet_conv_stream.h:208:9)
INFO: [HLS 214-291] Loop 'LineBufferDataIn' is marked as complete unroll implied by the pipeline pragma (firmware/nnet_utils/nnet_conv_stream.h:236:5)
INFO: [HLS 214-291] Loop 'LineBufferShift' is marked as complete unroll implied by the pipeline pragma (firmware/nnet_utils/nnet_conv_stream.h:239:9)
INFO: [HLS 214-291] Loop 'UpdateBuffer' is marked as complete unroll implied by the pipeline pragma (firmware/nnet_utils/nnet_conv_stream.h:228:5)
INFO: [HLS 214-291] Loop 'ReLUPackLoop' is marked as complete unroll implied by the pipeline pragma (firmware/nnet_utils/nnet_activation_stream.h:49:9)
INFO: [HLS 214-291] Loop 'ShiftRows' is marked as complete unroll implied by the pipeline pragma (firmware/nnet_utils/nnet_first_conv_stream.h:34:9)
INFO: [HLS 214-291] Loop 'ShiftWidth' is marked as complete unroll implied by the pipeline pragma (firmware/nnet_utils/nnet_first_conv_stream.h:37:13)
INFO: [HLS 214-291] Loop 'InsertRow' is marked as complete unroll implied by the pipeline pragma (firmware/nnet_utils/nnet_first_conv_stream.h:44:9)
INFO: [HLS 214-291] Loop 'WriteOutputWidth' is marked as complete unroll implied by the pipeline pragma (firmware/nnet_utils/nnet_first_conv_stream.h:55:13)
INFO: [HLS 214-291] Loop 'CopyKernel' is marked as complete unroll implied by the pipeline pragma (firmware/nnet_utils/nnet_first_conv_stream.h:68:17)
INFO: [HLS 214-291] Loop 'PackOutput' is marked as complete unroll implied by the pipeline pragma (firmware/nnet_utils/nnet_first_conv_stream.h:77:17)
INFO: [HLS 214-186] Unrolling loop 'ResPackSingle' (firmware/nnet_utils/nnet_dense_stream.h:73:9) in function 'nnet::dense<nnet::array<ap_fixed<16, 6, (ap_q_mode)5, (ap_o_mode)3, 0>, 7u>, nnet::array<ap_fixed<9, 5, (ap_q_mode)5, (ap_o_mode)3, 0>, 1u>, config7>' completely with a factor of 1 (firmware/nnet_utils/nnet_dense_stream.h:84:0)
INFO: [HLS 214-186] Unrolling loop 'DataPackPipeline' (firmware/nnet_utils/nnet_dense_stream.h:37:13) in function 'nnet::dense<nnet::array<ap_fixed<16, 6, (ap_q_mode)5, (ap_o_mode)3, 0>, 7u>, nnet::array<ap_fixed<9, 5, (ap_q_mode)5, (ap_o_mode)3, 0>, 1u>, config7>' completely with a factor of 7 (firmware/nnet_utils/nnet_dense_stream.h:84:0)
INFO: [HLS 214-186] Unrolling loop 'Result' (firmware/nnet_utils/nnet_dense_latency.h:64:5) in function 'nnet::dense_latency<ap_fixed<16, 6, (ap_q_mode)5, (ap_o_mode)3, 0>, ap_fixed<9, 5, (ap_q_mode)5, (ap_o_mode)3, 0>, config7>' completely with a factor of 1 (firmware/nnet_utils/nnet_dense_latency.h:15:0)
INFO: [HLS 214-186] Unrolling loop 'Accum1' (firmware/nnet_utils/nnet_dense_latency.h:54:5) in function 'nnet::dense_latency<ap_fixed<16, 6, (ap_q_mode)5, (ap_o_mode)3, 0>, ap_fixed<9, 5, (ap_q_mode)5, (ap_o_mode)3, 0>, config7>' completely with a factor of 1176 (firmware/nnet_utils/nnet_dense_latency.h:15:0)
INFO: [HLS 214-186] Unrolling loop 'Accum2' (firmware/nnet_utils/nnet_dense_latency.h:56:9) in function 'nnet::dense_latency<ap_fixed<16, 6, (ap_q_mode)5, (ap_o_mode)3, 0>, ap_fixed<9, 5, (ap_q_mode)5, (ap_o_mode)3, 0>, config7>' completely with a factor of 1 (firmware/nnet_utils/nnet_dense_latency.h:15:0)
INFO: [HLS 214-186] Unrolling loop 'ResetAccum' (firmware/nnet_utils/nnet_dense_latency.h:48:5) in function 'nnet::dense_latency<ap_fixed<16, 6, (ap_q_mode)5, (ap_o_mode)3, 0>, ap_fixed<9, 5, (ap_q_mode)5, (ap_o_mode)3, 0>, config7>' completely with a factor of 1 (firmware/nnet_utils/nnet_dense_latency.h:15:0)
INFO: [HLS 214-186] Unrolling loop 'Product1' (firmware/nnet_utils/nnet_dense_latency.h:37:5) in function 'nnet::dense_latency<ap_fixed<16, 6, (ap_q_mode)5, (ap_o_mode)3, 0>, ap_fixed<9, 5, (ap_q_mode)5, (ap_o_mode)3, 0>, config7>' completely with a factor of 1176 (firmware/nnet_utils/nnet_dense_latency.h:15:0)
INFO: [HLS 214-186] Unrolling loop 'Product2' (firmware/nnet_utils/nnet_dense_latency.h:40:9) in function 'nnet::dense_latency<ap_fixed<16, 6, (ap_q_mode)5, (ap_o_mode)3, 0>, ap_fixed<9, 5, (ap_q_mode)5, (ap_o_mode)3, 0>, config7>' completely with a factor of 1 (firmware/nnet_utils/nnet_dense_latency.h:15:0)
INFO: [HLS 214-186] Unrolling loop 'FiltLoop' (firmware/nnet_utils/nnet_pooling_stream.h:57:9) in function 'nnet::pooling2d_cl<nnet::array<ap_fixed<16, 6, (ap_q_mode)5, (ap_o_mode)3, 0>, 7u>, nnet::array<ap_fixed<16, 6, (ap_q_mode)5, (ap_o_mode)3, 0>, 7u>, config5>' completely with a factor of 7 (firmware/nnet_utils/nnet_pooling_stream.h:96:0)
WARNING: [HLS 214-189] Pipeline directive for loop 'FiltLoop' (firmware/nnet_utils/nnet_pooling_stream.h:57:9) in function 'nnet::pooling2d_cl<nnet::array<ap_fixed<16, 6, (ap_q_mode)5, (ap_o_mode)3, 0>, 7u>, nnet::array<ap_fixed<16, 6, (ap_q_mode)5, (ap_o_mode)3, 0>, 7u>, config5>' has been removed because the loop is unrolled completely (firmware/nnet_utils/nnet_pooling_stream.h:96:0)
INFO: [HLS 214-186] Unrolling loop 'PoolLoop' (firmware/nnet_utils/nnet_pooling_stream.h:62:13) in function 'nnet::pooling2d_cl<nnet::array<ap_fixed<16, 6, (ap_q_mode)5, (ap_o_mode)3, 0>, 7u>, nnet::array<ap_fixed<16, 6, (ap_q_mode)5, (ap_o_mode)3, 0>, 7u>, config5>' completely with a factor of 2 (firmware/nnet_utils/nnet_pooling_stream.h:96:0)
INFO: [HLS 214-186] Unrolling loop 'KernelPushHeight' (firmware/nnet_utils/nnet_conv_stream.h:205:5) in function 'nnet::shift_line_buffer<nnet::array<ap_fixed<16, 6, (ap_q_mode)5, (ap_o_mode)3, 0>, 7u>, config5>' completely with a factor of 2 (firmware/nnet_utils/nnet_conv_stream.h:219:0)
INFO: [HLS 214-186] Unrolling loop 'KernelPushChannel' (firmware/nnet_utils/nnet_conv_stream.h:208:9) in function 'nnet::shift_line_buffer<nnet::array<ap_fixed<16, 6, (ap_q_mode)5, (ap_o_mode)3, 0>, 7u>, config5>' completely with a factor of 7 (firmware/nnet_utils/nnet_conv_stream.h:219:0)
INFO: [HLS 214-186] Unrolling loop 'LineBufferDataIn' (firmware/nnet_utils/nnet_conv_stream.h:236:5) in function 'nnet::shift_line_buffer<nnet::array<ap_fixed<16, 6, (ap_q_mode)5, (ap_o_mode)3, 0>, 7u>, config5>' completely with a factor of 7 (firmware/nnet_utils/nnet_conv_stream.h:219:0)
INFO: [HLS 214-186] Unrolling loop 'LineBufferShift' (firmware/nnet_utils/nnet_conv_stream.h:239:9) in function 'nnet::shift_line_buffer<nnet::array<ap_fixed<16, 6, (ap_q_mode)5, (ap_o_mode)3, 0>, 7u>, config5>' completely with a factor of 1 (firmware/nnet_utils/nnet_conv_stream.h:219:0)
INFO: [HLS 214-186] Unrolling loop 'UpdateBuffer' (firmware/nnet_utils/nnet_conv_stream.h:228:5) in function 'nnet::shift_line_buffer<nnet::array<ap_fixed<16, 6, (ap_q_mode)5, (ap_o_mode)3, 0>, 7u>, config5>' completely with a factor of 7 (firmware/nnet_utils/nnet_conv_stream.h:219:0)
INFO: [HLS 214-186] Unrolling loop 'ReLUPackLoop' (firmware/nnet_utils/nnet_activation_stream.h:49:9) in function 'nnet::relu<nnet::array<ap_fixed<9, 5, (ap_q_mode)5, (ap_o_mode)3, 0>, 7u>, nnet::array<ap_fixed<16, 6, (ap_q_mode)5, (ap_o_mode)3, 0>, 7u>, relu_config4>' completely with a factor of 7 (firmware/nnet_utils/nnet_activation_stream.h:39:0)
INFO: [HLS 214-186] Unrolling loop 'ShiftRows' (firmware/nnet_utils/nnet_first_conv_stream.h:34:9) in function 'nnet::first_conv_4lane_temporal_cl<nnet::array<ap_fixed<12, 6, (ap_q_mode)5, (ap_o_mode)3, 0>, 4u>, nnet::array<ap_fixed<9, 5, (ap_q_mode)5, (ap_o_mode)3, 0>, 7u>, config3>' completely with a factor of 4 (firmware/nnet_utils/nnet_first_conv_stream.h:14:0)
INFO: [HLS 214-186] Unrolling loop 'ShiftWidth' (firmware/nnet_utils/nnet_first_conv_stream.h:37:13) in function 'nnet::first_conv_4lane_temporal_cl<nnet::array<ap_fixed<12, 6, (ap_q_mode)5, (ap_o_mode)3, 0>, 4u>, nnet::array<ap_fixed<9, 5, (ap_q_mode)5, (ap_o_mode)3, 0>, 7u>, config3>' completely with a factor of 4 (firmware/nnet_utils/nnet_first_conv_stream.h:14:0)
INFO: [HLS 214-186] Unrolling loop 'InsertRow' (firmware/nnet_utils/nnet_first_conv_stream.h:44:9) in function 'nnet::first_conv_4lane_temporal_cl<nnet::array<ap_fixed<12, 6, (ap_q_mode)5, (ap_o_mode)3, 0>, 4u>, nnet::array<ap_fixed<9, 5, (ap_q_mode)5, (ap_o_mode)3, 0>, 7u>, config3>' completely with a factor of 4 (firmware/nnet_utils/nnet_first_conv_stream.h:14:0)
INFO: [HLS 214-186] Unrolling loop 'WriteOutputWidth' (firmware/nnet_utils/nnet_first_conv_stream.h:55:13) in function 'nnet::first_conv_4lane_temporal_cl<nnet::array<ap_fixed<12, 6, (ap_q_mode)5, (ap_o_mode)3, 0>, 4u>, nnet::array<ap_fixed<9, 5, (ap_q_mode)5, (ap_o_mode)3, 0>, 7u>, config3>' completely with a factor of 4 (firmware/nnet_utils/nnet_first_conv_stream.h:14:0)
WARNING: [HLS 214-189] Pipeline directive for loop 'WriteOutputWidth' (firmware/nnet_utils/nnet_first_conv_stream.h:55:13) in function 'nnet::first_conv_4lane_temporal_cl<nnet::array<ap_fixed<12, 6, (ap_q_mode)5, (ap_o_mode)3, 0>, 4u>, nnet::array<ap_fixed<9, 5, (ap_q_mode)5, (ap_o_mode)3, 0>, 7u>, config3>' has been removed because the loop is unrolled completely (firmware/nnet_utils/nnet_first_conv_stream.h:14:0)
INFO: [HLS 214-186] Unrolling loop 'PackOutput' (firmware/nnet_utils/nnet_first_conv_stream.h:77:17) in function 'nnet::first_conv_4lane_temporal_cl<nnet::array<ap_fixed<12, 6, (ap_q_mode)5, (ap_o_mode)3, 0>, 4u>, nnet::array<ap_fixed<9, 5, (ap_q_mode)5, (ap_o_mode)3, 0>, 7u>, config3>' completely with a factor of 7 (firmware/nnet_utils/nnet_first_conv_stream.h:14:0)
INFO: [HLS 214-186] Unrolling loop 'CopyKernel' (firmware/nnet_utils/nnet_first_conv_stream.h:68:17) in function 'nnet::first_conv_4lane_temporal_cl<nnet::array<ap_fixed<12, 6, (ap_q_mode)5, (ap_o_mode)3, 0>, 4u>, nnet::array<ap_fixed<9, 5, (ap_q_mode)5, (ap_o_mode)3, 0>, 7u>, config3>' completely with a factor of 5 (firmware/nnet_utils/nnet_first_conv_stream.h:14:0)
INFO: [HLS 214-186] Unrolling loop 'Result' (firmware/nnet_utils/nnet_dense_latency.h:64:5) in function 'nnet::dense_latency<ap_fixed<12, 6, (ap_q_mode)5, (ap_o_mode)3, 0>, ap_fixed<9, 5, (ap_q_mode)5, (ap_o_mode)3, 0>, config3_mult>' completely with a factor of 7 (firmware/nnet_utils/nnet_dense_latency.h:15:0)
INFO: [HLS 214-186] Unrolling loop 'Accum1' (firmware/nnet_utils/nnet_dense_latency.h:54:5) in function 'nnet::dense_latency<ap_fixed<12, 6, (ap_q_mode)5, (ap_o_mode)3, 0>, ap_fixed<9, 5, (ap_q_mode)5, (ap_o_mode)3, 0>, config3_mult>' completely with a factor of 5 (firmware/nnet_utils/nnet_dense_latency.h:15:0)
INFO: [HLS 214-186] Unrolling loop 'Accum2' (firmware/nnet_utils/nnet_dense_latency.h:56:9) in function 'nnet::dense_latency<ap_fixed<12, 6, (ap_q_mode)5, (ap_o_mode)3, 0>, ap_fixed<9, 5, (ap_q_mode)5, (ap_o_mode)3, 0>, config3_mult>' completely with a factor of 7 (firmware/nnet_utils/nnet_dense_latency.h:15:0)
INFO: [HLS 214-186] Unrolling loop 'ResetAccum' (firmware/nnet_utils/nnet_dense_latency.h:48:5) in function 'nnet::dense_latency<ap_fixed<12, 6, (ap_q_mode)5, (ap_o_mode)3, 0>, ap_fixed<9, 5, (ap_q_mode)5, (ap_o_mode)3, 0>, config3_mult>' completely with a factor of 7 (firmware/nnet_utils/nnet_dense_latency.h:15:0)
INFO: [HLS 214-186] Unrolling loop 'Product1' (firmware/nnet_utils/nnet_dense_latency.h:37:5) in function 'nnet::dense_latency<ap_fixed<12, 6, (ap_q_mode)5, (ap_o_mode)3, 0>, ap_fixed<9, 5, (ap_q_mode)5, (ap_o_mode)3, 0>, config3_mult>' completely with a factor of 5 (firmware/nnet_utils/nnet_dense_latency.h:15:0)
INFO: [HLS 214-186] Unrolling loop 'Product2' (firmware/nnet_utils/nnet_dense_latency.h:40:9) in function 'nnet::dense_latency<ap_fixed<12, 6, (ap_q_mode)5, (ap_o_mode)3, 0>, ap_fixed<9, 5, (ap_q_mode)5, (ap_o_mode)3, 0>, config3_mult>' completely with a factor of 7 (firmware/nnet_utils/nnet_dense_latency.h:15:0)
INFO: [HLS 214-178] Inlining function 'std::enable_if<!(std::is_same<ap_fixed<12, 6, (ap_q_mode)5, (ap_o_mode)3, 0>, ap_uint<1> >::value), ap_fixed<9, 5, (ap_q_mode)5, (ap_o_mode)3, 0> >::type nnet::cast<ap_fixed<12, 6, (ap_q_mode)5, (ap_o_mode)3, 0>, ap_fixed<9, 5, (ap_q_mode)5, (ap_o_mode)3, 0>, config3_mult>(config3_mult::accum_t)' into 'void nnet::dense_latency<ap_fixed<12, 6, (ap_q_mode)5, (ap_o_mode)3, 0>, ap_fixed<9, 5, (ap_q_mode)5, (ap_o_mode)3, 0>, config3_mult>(ap_fixed<12, 6, (ap_q_mode)5, (ap_o_mode)3, 0>*, ap_fixed<9, 5, (ap_q_mode)5, (ap_o_mode)3, 0>*, config3_mult::weight_t*, config3_mult::bias_t*)' (firmware/nnet_utils/nnet_dense_latency.h:15:0)
INFO: [HLS 214-178] Inlining function 'nnet::array<ap_fixed<12, 6, (ap_q_mode)5, (ap_o_mode)3, 0>, 4u>::operator[](unsigned long)' into 'void nnet::first_conv_4lane_temporal_cl<nnet::array<ap_fixed<12, 6, (ap_q_mode)5, (ap_o_mode)3, 0>, 4u>, nnet::array<ap_fixed<9, 5, (ap_q_mode)5, (ap_o_mode)3, 0>, 7u>, config3>(hls::stream<nnet::array<ap_fixed<12, 6, (ap_q_mode)5, (ap_o_mode)3, 0>, 4u>, 0>&, hls::stream<nnet::array<ap_fixed<9, 5, (ap_q_mode)5, (ap_o_mode)3, 0>, 7u>, 0>&, config3::weight_t*, config3::bias_t*)' (firmware/nnet_utils/nnet_first_conv_stream.h:14:0)
INFO: [HLS 214-178] Inlining function 'nnet::array<ap_fixed<9, 5, (ap_q_mode)5, (ap_o_mode)3, 0>, 7u>::operator[](unsigned long)' into 'void nnet::first_conv_4lane_temporal_cl<nnet::array<ap_fixed<12, 6, (ap_q_mode)5, (ap_o_mode)3, 0>, 4u>, nnet::array<ap_fixed<9, 5, (ap_q_mode)5, (ap_o_mode)3, 0>, 7u>, config3>(hls::stream<nnet::array<ap_fixed<12, 6, (ap_q_mode)5, (ap_o_mode)3, 0>, 4u>, 0>&, hls::stream<nnet::array<ap_fixed<9, 5, (ap_q_mode)5, (ap_o_mode)3, 0>, 7u>, 0>&, config3::weight_t*, config3::bias_t*)' (firmware/nnet_utils/nnet_first_conv_stream.h:14:0)
INFO: [HLS 214-178] Inlining function 'nnet::array<ap_fixed<9, 5, (ap_q_mode)5, (ap_o_mode)3, 0>, 7u>::operator[](unsigned long)' into 'void nnet::relu<nnet::array<ap_fixed<9, 5, (ap_q_mode)5, (ap_o_mode)3, 0>, 7u>, nnet::array<ap_fixed<16, 6, (ap_q_mode)5, (ap_o_mode)3, 0>, 7u>, relu_config4>(hls::stream<nnet::array<ap_fixed<9, 5, (ap_q_mode)5, (ap_o_mode)3, 0>, 7u>, 0>&, hls::stream<nnet::array<ap_fixed<16, 6, (ap_q_mode)5, (ap_o_mode)3, 0>, 7u>, 0>&)' (firmware/nnet_utils/nnet_activation_stream.h:39:0)
INFO: [HLS 214-178] Inlining function 'nnet::array<ap_fixed<16, 6, (ap_q_mode)5, (ap_o_mode)3, 0>, 7u>::operator[](unsigned long)' into 'void nnet::relu<nnet::array<ap_fixed<9, 5, (ap_q_mode)5, (ap_o_mode)3, 0>, 7u>, nnet::array<ap_fixed<16, 6, (ap_q_mode)5, (ap_o_mode)3, 0>, 7u>, relu_config4>(hls::stream<nnet::array<ap_fixed<9, 5, (ap_q_mode)5, (ap_o_mode)3, 0>, 7u>, 0>&, hls::stream<nnet::array<ap_fixed<16, 6, (ap_q_mode)5, (ap_o_mode)3, 0>, 7u>, 0>&)' (firmware/nnet_utils/nnet_activation_stream.h:39:0)
INFO: [HLS 214-178] Inlining function 'nnet::array<ap_fixed<16, 6, (ap_q_mode)5, (ap_o_mode)3, 0>, 7u>::operator[](unsigned long) const' into 'void nnet::shift_line_buffer<nnet::array<ap_fixed<16, 6, (ap_q_mode)5, (ap_o_mode)3, 0>, 7u>, config5>(nnet::array<ap_fixed<16, 6, (ap_q_mode)5, (ap_o_mode)3, 0>, 7u> const&, ap_shift_reg<nnet::array<ap_fixed<16, 6, (ap_q_mode)5, (ap_o_mode)3, 0>, 7u>::value_type, config5::in_width> (*) [config5::n_chan], nnet::array<ap_fixed<16, 6, (ap_q_mode)5, (ap_o_mode)3, 0>, 7u>::value_type*)' (firmware/nnet_utils/nnet_conv_stream.h:219:0)
INFO: [HLS 214-178] Inlining function 'std::enable_if<!(std::is_same<ap_fixed<16, 6, (ap_q_mode)5, (ap_o_mode)3, 0>, ap_uint<1> >::value), ap_fixed<9, 5, (ap_q_mode)5, (ap_o_mode)3, 0> >::type nnet::cast<ap_fixed<16, 6, (ap_q_mode)5, (ap_o_mode)3, 0>, ap_fixed<9, 5, (ap_q_mode)5, (ap_o_mode)3, 0>, config7>(config7::accum_t)' into 'void nnet::dense_latency<ap_fixed<16, 6, (ap_q_mode)5, (ap_o_mode)3, 0>, ap_fixed<9, 5, (ap_q_mode)5, (ap_o_mode)3, 0>, config7>(ap_fixed<16, 6, (ap_q_mode)5, (ap_o_mode)3, 0>*, ap_fixed<9, 5, (ap_q_mode)5, (ap_o_mode)3, 0>*, config7::weight_t*, config7::bias_t*)' (firmware/nnet_utils/nnet_dense_latency.h:15:0)
INFO: [HLS 214-248] Applying array_partition to '_ZZN4nnet12pooling2d_clINS_5arrayI8ap_fixedILi16ELi6EL9ap_q_mode5EL9ap_o_mode3ELi0EELj7EEES6_7config5EEvRN3hls6streamIT_Li0EEERNS9_IT0_Li0EEEE11line_buffer': Complete partitioning on dimension 1. Complete partitioning on dimension 2. (firmware/nnet_utils/nnet_pooling_stream.h:104:0)
INFO: [HLS 214-248] Applying array_partition to 'b3': Complete partitioning on dimension 1. (firmware/weights/b3.h:12:0)
INFO: [HLS 214-248] Applying array_partition to 'b7': Complete partitioning on dimension 1. (firmware/weights/b7.h:12:0)
INFO: [HLS 214-248] Applying array_partition to '_ZZN4nnet22compute_pool_buffer_2dINS_5arrayI8ap_fixedILi16ELi6EL9ap_q_mode5EL9ap_o_mode3ELi0EELj7EEES6_7config5EEvRKT_PAsrT1_6n_filt_12ap_shift_regINS8_10value_typeEXsrSB_8in_widthEERN3hls6streamIT0_Li0EEEE11kernel_data': Complete partitioning on dimension 1. (firmware/nnet_utils/nnet_pooling_stream.h:45:0)
INFO: [HLS 214-248] Applying array_partition to 'kernel_data': Complete partitioning on dimension 1.
INFO: [HLS 214-248] Applying array_partition to 'res_out': Complete partitioning on dimension 1.
INFO: [HLS 214-248] Applying array_partition to 'mult': Complete partitioning on dimension 1. (firmware/nnet_utils/nnet_dense_latency.h:17:32)
INFO: [HLS 214-248] Applying array_partition to 'data': Complete partitioning on dimension 1. (firmware/nnet_utils/nnet_dense_stream.h:87:30)
INFO: [HLS 214-248] Applying array_partition to 'res': Complete partitioning on dimension 1. (firmware/nnet_utils/nnet_dense_stream.h:90:29)
INFO: [HLS 214-241] Aggregating fifo (hls::stream) variable 'layer5_out' with compact=bit mode in 112-bits (firmware/cnn_core.cpp:38:24)
INFO: [HLS 214-241] Aggregating fifo (hls::stream) variable 'layer4_out' with compact=bit mode in 112-bits (firmware/cnn_core.cpp:35:24)
INFO: [HLS 214-241] Aggregating fifo (hls::stream) variable 'layer3_out' with compact=bit mode in 63-bits (firmware/cnn_core.cpp:32:24)
INFO: [HLS 214-241] Aggregating bram variable 'void nnet::pooling2d_cl<nnet::array<ap_fixed<16, 6, (ap_q_mode)5, (ap_o_mode)3, 0>, 7u>, nnet::array<ap_fixed<16, 6, (ap_q_mode)5, (ap_o_mode)3, 0>, 7u>, config5>(hls::stream<nnet::array<ap_fixed<16, 6, (ap_q_mode)5, (ap_o_mode)3, 0>, 7u>, 0>&, hls::stream<nnet::array<ap_fixed<16, 6, (ap_q_mode)5, (ap_o_mode)3, 0>, 7u>, 0>&)::line_buffer' with compact=bit mode in 16-bits
INFO: [HLS 214-364] Automatically inlining function 'void nnet::dense_latency<ap_fixed<12, 6, (ap_q_mode)5, (ap_o_mode)3, 0>, ap_fixed<9, 5, (ap_q_mode)5, (ap_o_mode)3, 0>, config3_mult>(ap_fixed<12, 6, (ap_q_mode)5, (ap_o_mode)3, 0>*, ap_fixed<9, 5, (ap_q_mode)5, (ap_o_mode)3, 0>*, config3_mult::weight_t*, config3_mult::bias_t*)' to improve effectiveness of pipeline pragma in function 'void nnet::first_conv_4lane_temporal_cl<nnet::array<ap_fixed<12, 6, (ap_q_mode)5, (ap_o_mode)3, 0>, 4u>, nnet::array<ap_fixed<9, 5, (ap_q_mode)5, (ap_o_mode)3, 0>, 7u>, config3>(hls::stream<nnet::array<ap_fixed<12, 6, (ap_q_mode)5, (ap_o_mode)3, 0>, 4u>, 0>&, hls::stream<nnet::array<ap_fixed<9, 5, (ap_q_mode)5, (ap_o_mode)3, 0>, 7u>, 0>&, config3::weight_t*, config3::bias_t*)' (firmware/nnet_utils/nnet_dense.h:54:2)
INFO: [HLS 214-364] Automatically inlining function 'void nnet::dense_latency<ap_fixed<16, 6, (ap_q_mode)5, (ap_o_mode)3, 0>, ap_fixed<9, 5, (ap_q_mode)5, (ap_o_mode)3, 0>, config7>(ap_fixed<16, 6, (ap_q_mode)5, (ap_o_mode)3, 0>*, ap_fixed<9, 5, (ap_q_mode)5, (ap_o_mode)3, 0>*, config7::weight_t*, config7::bias_t*)' to improve effectiveness of pipeline pragma in function 'void nnet::dense_latency_wrapper<ap_fixed<16, 6, (ap_q_mode)5, (ap_o_mode)3, 0>, ap_fixed<9, 5, (ap_q_mode)5, (ap_o_mode)3, 0>, config7>(ap_fixed<16, 6, (ap_q_mode)5, (ap_o_mode)3, 0>*, ap_fixed<9, 5, (ap_q_mode)5, (ap_o_mode)3, 0>*, config7::weight_t*, config7::bias_t*)' (firmware/nnet_utils/nnet_dense_stream.h:17:2)
INFO: [HLS 200-111] Finished Compiling Optimization and Transform: CPU user time: 42.39 seconds. CPU system time: 0.9 seconds. Elapsed time: 44.44 seconds; current allocated memory: 297.180 MB.
INFO: [HLS 200-111] Finished Checking Pragmas: CPU user time: 0 seconds. CPU system time: 0 seconds. Elapsed time: 0 seconds; current allocated memory: 297.180 MB.
INFO: [HLS 200-10] Starting code transformations ...
INFO: [HLS 200-111] Finished Standard Transforms: CPU user time: 1.05 seconds. CPU system time: 0.02 seconds. Elapsed time: 1.07 seconds; current allocated memory: 314.043 MB.
INFO: [HLS 200-10] Checking synthesizability ...
INFO: [HLS 200-111] Finished Checking Synthesizability: CPU user time: 0.85 seconds. CPU system time: 0.01 seconds. Elapsed time: 0.86 seconds; current allocated memory: 324.945 MB.
INFO: [XFORM 203-102] Partitioning array 'in_elem' automatically.
INFO: [XFORM 203-712] Applying dataflow to function 'cnn_core' (firmware/cnn_core.cpp:8), detected/extracted 4 process function(s): 
	 'nnet::first_conv_4lane_temporal_cl<nnet::array<ap_fixed<12, 6, (ap_q_mode)5, (ap_o_mode)3, 0>, 4u>, nnet::array<ap_fixed<9, 5, (ap_q_mode)5, (ap_o_mode)3, 0>, 7u>, config3>'
	 'nnet::relu<nnet::array<ap_fixed<9, 5, (ap_q_mode)5, (ap_o_mode)3, 0>, 7u>, nnet::array<ap_fixed<16, 6, (ap_q_mode)5, (ap_o_mode)3, 0>, 7u>, relu_config4>'
	 'nnet::pooling2d_cl<nnet::array<ap_fixed<16, 6, (ap_q_mode)5, (ap_o_mode)3, 0>, 7u>, nnet::array<ap_fixed<16, 6, (ap_q_mode)5, (ap_o_mode)3, 0>, 7u>, config5>'
	 'nnet::dense<nnet::array<ap_fixed<16, 6, (ap_q_mode)5, (ap_o_mode)3, 0>, 7u>, nnet::array<ap_fixed<9, 5, (ap_q_mode)5, (ap_o_mode)3, 0>, 1u>, config7>'.
INFO: [XFORM 203-401] Performing if-conversion on hyperblock from (firmware/nnet_utils/nnet_first_conv_stream.h:29:9) to (firmware/nnet_utils/nnet_first_conv_stream.h:53:30) in function 'nnet::first_conv_4lane_temporal_cl<nnet::array<ap_fixed<12, 6, (ap_q_mode)5, (ap_o_mode)3, 0>, 4u>, nnet::array<ap_fixed<9, 5, (ap_q_mode)5, (ap_o_mode)3, 0>, 7u>, config3>'... converting 3 basic blocks.
INFO: [XFORM 203-11] Balancing expressions in function 'nnet::first_conv_4lane_temporal_cl<nnet::array<ap_fixed<12, 6, (ap_q_mode)5, (ap_o_mode)3, 0>, 4u>, nnet::array<ap_fixed<9, 5, (ap_q_mode)5, (ap_o_mode)3, 0>, 7u>, config3>' (firmware/nnet_utils/nnet_first_conv_stream.h:28:5)...40 expression(s) balanced.
INFO: [XFORM 203-11] Balancing expressions in function 'nnet::dense_latency_wrapper<ap_fixed<16, 6, (ap_q_mode)5, (ap_o_mode)3, 0>, ap_fixed<9, 5, (ap_q_mode)5, (ap_o_mode)3, 0>, config7>' (firmware/nnet_utils/nnet_mult.h:17:11)...790 expression(s) balanced.
INFO: [HLS 200-111] Finished Loop, function and other optimizations: CPU user time: 6.38 seconds. CPU system time: 0.02 seconds. Elapsed time: 6.42 seconds; current allocated memory: 377.480 MB.
INFO: [XFORM 203-541] Flattening a loop nest 'ReadInputHeight' (firmware/nnet_utils/nnet_pooling_stream.h:109:5) in function 'nnet::pooling2d_cl<nnet::array<ap_fixed<16, 6, (ap_q_mode)5, (ap_o_mode)3, 0>, 7u>, nnet::array<ap_fixed<16, 6, (ap_q_mode)5, (ap_o_mode)3, 0>, 7u>, config5>'.
INFO: [HLS 200-111] Finished Architecture Synthesis: CPU user time: 5.3 seconds. CPU system time: 0.04 seconds. Elapsed time: 5.34 seconds; current allocated memory: 494.570 MB.
INFO: [HLS 200-10] Starting hardware synthesis ...
INFO: [HLS 200-10] Synthesizing 'cnn_core' ...
WARNING: [SYN 201-103] Legalizing function name 'first_conv_4lane_temporal_cl<array,array<ap_fixed<9,5,5,3,0>,7u>,config3>' to 'first_conv_4lane_temporal_cl_array_array_ap_fixed_9_5_5_3_0_7u_config3_s'.
WARNING: [SYN 201-103] Legalizing function name 'relu<array<ap_fixed,7u>,array<ap_fixed<16,6,5,3,0>,7u>,relu_config4>' to 'relu_array_ap_fixed_7u_array_ap_fixed_16_6_5_3_0_7u_relu_config4_s'.
WARNING: [SYN 201-103] Legalizing function name 'shift_line_buffer<array<ap_fixed<16, 6, 5, 3, 0>, 7u>, config5>' to 'shift_line_buffer_array_ap_fixed_16_6_5_3_0_7u_config5_s'.
WARNING: [SYN 201-103] Legalizing function name 'pooling2d_cl<array<ap_fixed,7u>,array<ap_fixed<16,6,5,3,0>,7u>,config5>' to 'pooling2d_cl_array_ap_fixed_7u_array_ap_fixed_16_6_5_3_0_7u_config5_s'.
WARNING: [SYN 201-103] Legalizing function name 'dense<array,array<ap_fixed<9,5,5,3,0>,1u>,config7>_Pipeline_DataPrepare' to 'dense_array_array_ap_fixed_9_5_5_3_0_1u_config7_Pipeline_DataPrepare'.
WARNING: [SYN 201-103] Legalizing function name 'dense_latency_wrapper<ap_fixed,ap_fixed<9,5,5,3,0>,config7>' to 'dense_latency_wrapper_ap_fixed_ap_fixed_9_5_5_3_0_config7_s'.
WARNING: [SYN 201-103] Legalizing function name 'dense<array<ap_fixed,7u>,array<ap_fixed<9,5,5,3,0>,1u>,config7>' to 'dense_array_ap_fixed_7u_array_ap_fixed_9_5_5_3_0_1u_config7_s'.
INFO: [HLS 200-10] ----------------------------------------------------------------
INFO: [HLS 200-42] -- Implementing module 'first_conv_4lane_temporal_cl_array_array_ap_fixed_9_5_5_3_0_7u_config3_s' 
INFO: [HLS 200-10] ----------------------------------------------------------------
INFO: [SCHED 204-11] Starting scheduling ...
INFO: [SCHED 204-61] Pipelining loop 'ReadInputHeight'.
WARNING: [HLS 200-880] The II Violation in module 'first_conv_4lane_temporal_cl_array_array_ap_fixed_9_5_5_3_0_7u_config3_s' (loop 'ReadInputHeight'): Unable to enforce a carried dependence constraint (II = 1, distance = 1, offset = 1) between fifo write operation ('layer3_out_write_ln82', firmware/nnet_utils/nnet_first_conv_stream.h:82) on port 'layer3_out' (firmware/nnet_utils/nnet_first_conv_stream.h:82) and fifo write operation ('layer3_out_write_ln82', firmware/nnet_utils/nnet_first_conv_stream.h:82) on port 'layer3_out' (firmware/nnet_utils/nnet_first_conv_stream.h:82).
Resolution: For help on HLS 200-880 see docs.xilinx.com/access/sources/dita/topic?Doc_Version=2023.2%20English&url=ug1448-hls-guidance&resourceid=200-880.html
WARNING: [HLS 200-880] The II Violation in module 'first_conv_4lane_temporal_cl_array_array_ap_fixed_9_5_5_3_0_7u_config3_s' (loop 'ReadInputHeight'): Unable to enforce a carried dependence constraint (II = 2, distance = 1, offset = 1) between fifo write operation ('layer3_out_write_ln82', firmware/nnet_utils/nnet_first_conv_stream.h:82) on port 'layer3_out' (firmware/nnet_utils/nnet_first_conv_stream.h:82) and fifo write operation ('layer3_out_write_ln82', firmware/nnet_utils/nnet_first_conv_stream.h:82) on port 'layer3_out' (firmware/nnet_utils/nnet_first_conv_stream.h:82).
Resolution: For help on HLS 200-880 see docs.xilinx.com/access/sources/dita/topic?Doc_Version=2023.2%20English&url=ug1448-hls-guidance&resourceid=200-880.html
WARNING: [HLS 200-880] The II Violation in module 'first_conv_4lane_temporal_cl_array_array_ap_fixed_9_5_5_3_0_7u_config3_s' (loop 'ReadInputHeight'): Unable to enforce a carried dependence constraint (II = 3, distance = 1, offset = 1) between fifo write operation ('layer3_out_write_ln82', firmware/nnet_utils/nnet_first_conv_stream.h:82) on port 'layer3_out' (firmware/nnet_utils/nnet_first_conv_stream.h:82) and fifo write operation ('layer3_out_write_ln82', firmware/nnet_utils/nnet_first_conv_stream.h:82) on port 'layer3_out' (firmware/nnet_utils/nnet_first_conv_stream.h:82).
Resolution: For help on HLS 200-880 see docs.xilinx.com/access/sources/dita/topic?Doc_Version=2023.2%20English&url=ug1448-hls-guidance&resourceid=200-880.html
INFO: [HLS 200-1470] Pipelining result : Target II = 1, Final II = 4, Depth = 16, loop 'ReadInputHeight'
INFO: [SCHED 204-11] Finished scheduling.
INFO: [HLS 200-111] Finished Scheduling: CPU user time: 4.13 seconds. CPU system time: 0.03 seconds. Elapsed time: 4.17 seconds; current allocated memory: 500.105 MB.
INFO: [BIND 205-100] Starting micro-architecture generation ...
INFO: [BIND 205-101] Performing variable lifetime analysis.
INFO: [BIND 205-101] Exploring resource sharing.
INFO: [BIND 205-101] Binding ...
INFO: [BIND 205-100] Starting global binding ...
INFO: [BIND 205-100] Finished micro-architecture generation.
INFO: [HLS 200-111] Finished Binding: CPU user time: 0.07 seconds. CPU system time: 0.01 seconds. Elapsed time: 0.08 seconds; current allocated memory: 500.105 MB.
INFO: [HLS 200-10] ----------------------------------------------------------------
INFO: [HLS 200-42] -- Implementing module 'relu_array_ap_fixed_7u_array_ap_fixed_16_6_5_3_0_7u_relu_config4_s' 
INFO: [HLS 200-10] ----------------------------------------------------------------
INFO: [SCHED 204-11] Starting scheduling ...
INFO: [SCHED 204-61] Pipelining loop 'ReLUActLoop'.
INFO: [HLS 200-1470] Pipelining result : Target II = NA, Final II = 1, Depth = 3, loop 'ReLUActLoop'
INFO: [SCHED 204-11] Finished scheduling.
INFO: [HLS 200-111] Finished Scheduling: CPU user time: 0.08 seconds. CPU system time: 0 seconds. Elapsed time: 0.09 seconds; current allocated memory: 500.352 MB.
INFO: [BIND 205-100] Starting micro-architecture generation ...
INFO: [BIND 205-101] Performing variable lifetime analysis.
INFO: [BIND 205-101] Exploring resource sharing.
INFO: [BIND 205-101] Binding ...
INFO: [BIND 205-100] Finished micro-architecture generation.
INFO: [HLS 200-111] Finished Binding: CPU user time: 0.02 seconds. CPU system time: 0 seconds. Elapsed time: 0.02 seconds; current allocated memory: 500.352 MB.
INFO: [HLS 200-10] ----------------------------------------------------------------
INFO: [HLS 200-42] -- Implementing module 'shift_line_buffer_array_ap_fixed_16_6_5_3_0_7u_config5_s' 
INFO: [HLS 200-10] ----------------------------------------------------------------
INFO: [SCHED 204-11] Starting scheduling ...
INFO: [SCHED 204-61] Pipelining function 'shift_line_buffer<array<ap_fixed<16, 6, 5, 3, 0>, 7u>, config5>'.
INFO: [HLS 200-1470] Pipelining result : Target II = NA, Final II = 1, Depth = 1, function 'shift_line_buffer<array<ap_fixed<16, 6, 5, 3, 0>, 7u>, config5>'
INFO: [SCHED 204-11] Finished scheduling.
INFO: [HLS 200-111] Finished Scheduling: CPU user time: 0.03 seconds. CPU system time: 0.01 seconds. Elapsed time: 0.04 seconds; current allocated memory: 500.352 MB.
INFO: [BIND 205-100] Starting micro-architecture generation ...
INFO: [BIND 205-101] Performing variable lifetime analysis.
INFO: [BIND 205-101] Exploring resource sharing.
INFO: [BIND 205-101] Binding ...
INFO: [BIND 205-100] Finished micro-architecture generation.
INFO: [HLS 200-111] Finished Binding: CPU user time: 0.02 seconds. CPU system time: 0 seconds. Elapsed time: 0.02 seconds; current allocated memory: 500.352 MB.
INFO: [HLS 200-10] ----------------------------------------------------------------
INFO: [HLS 200-42] -- Implementing module 'pooling2d_cl_array_ap_fixed_7u_array_ap_fixed_16_6_5_3_0_7u_config5_s' 
INFO: [HLS 200-10] ----------------------------------------------------------------
INFO: [SCHED 204-11] Starting scheduling ...
INFO: [SCHED 204-61] Pipelining loop 'ReadInputHeight_ReadInputWidth'.
WARNING: [HLS 200-880] The II Violation in module 'pooling2d_cl_array_ap_fixed_7u_array_ap_fixed_16_6_5_3_0_7u_config5_s' (loop 'ReadInputHeight_ReadInputWidth'): Unable to enforce a carried dependence constraint (II = 1, distance = 1, offset = 1) between 'load' operation 16 bit ('void_compute_pool_buffer_2d_array_const_ap_shift_reg_n_filt_stream_kernel_10', firmware/nnet_utils/nnet_pooling_stream.h:63->firmware/nnet_utils/nnet_pooling_stream.h:115) on static variable 'void_compute_pool_buffer_2d_array_const_ap_shift_reg_n_filt_stream_kernel_9' and 'call' operation 0 bit ('_ln52', firmware/nnet_utils/nnet_pooling_stream.h:52->firmware/nnet_utils/nnet_pooling_stream.h:115) to 'shift_line_buffer<array<ap_fixed<16, 6, 5, 3, 0>, 7u>, config5>'.
Resolution: For help on HLS 200-880 see docs.xilinx.com/access/sources/dita/topic?Doc_Version=2023.2%20English&url=ug1448-hls-guidance&resourceid=200-880.html
INFO: [HLS 200-1470] Pipelining result : Target II = NA, Final II = 2, Depth = 3, loop 'ReadInputHeight_ReadInputWidth'
INFO: [SCHED 204-11] Finished scheduling.
INFO: [HLS 200-111] Finished Scheduling: CPU user time: 0.08 seconds. CPU system time: 0 seconds. Elapsed time: 0.08 seconds; current allocated memory: 501.922 MB.
INFO: [BIND 205-100] Starting micro-architecture generation ...
INFO: [BIND 205-101] Performing variable lifetime analysis.
INFO: [BIND 205-101] Exploring resource sharing.
INFO: [BIND 205-101] Binding ...
INFO: [BIND 205-100] Finished micro-architecture generation.
INFO: [HLS 200-111] Finished Binding: CPU user time: 0.03 seconds. CPU system time: 0 seconds. Elapsed time: 0.03 seconds; current allocated memory: 501.922 MB.
INFO: [HLS 200-10] ----------------------------------------------------------------
INFO: [HLS 200-42] -- Implementing module 'dense_array_array_ap_fixed_9_5_5_3_0_1u_config7_Pipeline_DataPrepare' 
INFO: [HLS 200-10] ----------------------------------------------------------------
INFO: [SCHED 204-11] Starting scheduling ...
INFO: [SCHED 204-61] Pipelining loop 'DataPrepare'.
INFO: [HLS 200-1470] Pipelining result : Target II = NA, Final II = 1, Depth = 2, loop 'DataPrepare'
INFO: [SCHED 204-11] Finished scheduling.
INFO: [HLS 200-111] Finished Scheduling: CPU user time: 2.11 seconds. CPU system time: 0.02 seconds. Elapsed time: 2.13 seconds; current allocated memory: 522.633 MB.
INFO: [BIND 205-100] Starting micro-architecture generation ...
INFO: [BIND 205-101] Performing variable lifetime analysis.
INFO: [BIND 205-101] Exploring resource sharing.
INFO: [BIND 205-101] Binding ...
INFO: [BIND 205-100] Finished micro-architecture generation.
INFO: [HLS 200-111] Finished Binding: CPU user time: 0.39 seconds. CPU system time: 0.01 seconds. Elapsed time: 0.4 seconds; current allocated memory: 522.633 MB.
INFO: [HLS 200-10] ----------------------------------------------------------------
INFO: [HLS 200-42] -- Implementing module 'dense_latency_wrapper_ap_fixed_ap_fixed_9_5_5_3_0_config7_s' 
INFO: [HLS 200-10] ----------------------------------------------------------------
INFO: [SCHED 204-11] Starting scheduling ...
INFO: [SCHED 204-61] Pipelining function 'dense_latency_wrapper<ap_fixed,ap_fixed<9,5,5,3,0>,config7>'.
INFO: [HLS 200-1470] Pipelining result : Target II = 1, Final II = 1, Depth = 3, function 'dense_latency_wrapper<ap_fixed,ap_fixed<9,5,5,3,0>,config7>'
INFO: [SCHED 204-11] Finished scheduling.
INFO: [HLS 200-111] Finished Scheduling: CPU user time: 3.14 seconds. CPU system time: 0.03 seconds. Elapsed time: 3.18 seconds; current allocated memory: 558.637 MB.
INFO: [BIND 205-100] Starting micro-architecture generation ...
INFO: [BIND 205-101] Performing variable lifetime analysis.
INFO: [BIND 205-101] Exploring resource sharing.
INFO: [BIND 205-101] Binding ...
INFO: [BIND 205-100] Starting global binding ...
INFO: [BIND 205-100] Finished micro-architecture generation.
INFO: [HLS 200-111] Finished Binding: CPU user time: 2.01 seconds. CPU system time: 0.02 seconds. Elapsed time: 2.02 seconds; current allocated memory: 558.637 MB.
INFO: [HLS 200-10] ----------------------------------------------------------------
INFO: [HLS 200-42] -- Implementing module 'dense_array_ap_fixed_7u_array_ap_fixed_9_5_5_3_0_1u_config7_s' 
INFO: [HLS 200-10] ----------------------------------------------------------------
INFO: [SCHED 204-11] Starting scheduling ...
INFO: [SCHED 204-11] Finished scheduling.
INFO: [HLS 200-111] Finished Scheduling: CPU user time: 2 seconds. CPU system time: 0.02 seconds. Elapsed time: 2.03 seconds; current allocated memory: 565.824 MB.
INFO: [BIND 205-100] Starting micro-architecture generation ...
INFO: [BIND 205-101] Performing variable lifetime analysis.
INFO: [BIND 205-101] Exploring resource sharing.
INFO: [BIND 205-101] Binding ...
INFO: [BIND 205-100] Finished micro-architecture generation.
INFO: [HLS 200-111] Finished Binding: CPU user time: 0.55 seconds. CPU system time: 0 seconds. Elapsed time: 0.56 seconds; current allocated memory: 566.215 MB.
INFO: [HLS 200-10] ----------------------------------------------------------------
INFO: [HLS 200-42] -- Implementing module 'cnn_core' 
INFO: [HLS 200-10] ----------------------------------------------------------------
INFO: [SCHED 204-11] Starting scheduling ...
INFO: [SCHED 204-11] Finished scheduling.
INFO: [HLS 200-111] Finished Scheduling: CPU user time: 0.17 seconds. CPU system time: 0.01 seconds. Elapsed time: 0.18 seconds; current allocated memory: 567.836 MB.
INFO: [BIND 205-100] Starting micro-architecture generation ...
INFO: [BIND 205-101] Performing variable lifetime analysis.
INFO: [BIND 205-101] Exploring resource sharing.
INFO: [BIND 205-101] Binding ...
INFO: [BIND 205-100] Finished micro-architecture generation.
INFO: [HLS 200-111] Finished Binding: CPU user time: 0.05 seconds. CPU system time: 0 seconds. Elapsed time: 0.05 seconds; current allocated memory: 567.836 MB.
INFO: [HLS 200-10] ----------------------------------------------------------------
INFO: [HLS 200-10] -- Generating RTL for module 'first_conv_4lane_temporal_cl_array_array_ap_fixed_9_5_5_3_0_7u_config3_s' 
INFO: [HLS 200-10] ----------------------------------------------------------------
INFO: [HLS 200-1030] Apply Unified Pipeline Control on module 'first_conv_4lane_temporal_cl_array_array_ap_fixed_9_5_5_3_0_7u_config3_s' pipeline 'ReadInputHeight' pipeline type 'loop pipeline'
INFO: [RTGEN 206-100] Generating core module 'mul_12s_5ns_15_1_1': 4 instance(s).
INFO: [RTGEN 206-100] Generating core module 'urem_8ns_3ns_2_12_1': 1 instance(s).
INFO: [RTGEN 206-100] Finished creating RTL model for 'first_conv_4lane_temporal_cl_array_array_ap_fixed_9_5_5_3_0_7u_config3_s'.
INFO: [HLS 200-111] Finished Creating RTL model: CPU user time: 0.18 seconds. CPU system time: 0 seconds. Elapsed time: 0.19 seconds; current allocated memory: 570.348 MB.
INFO: [HLS 200-10] ----------------------------------------------------------------
INFO: [HLS 200-10] -- Generating RTL for module 'relu_array_ap_fixed_7u_array_ap_fixed_16_6_5_3_0_7u_relu_config4_s' 
INFO: [HLS 200-10] ----------------------------------------------------------------
INFO: [HLS 200-1030] Apply Unified Pipeline Control on module 'relu_array_ap_fixed_7u_array_ap_fixed_16_6_5_3_0_7u_relu_config4_s' pipeline 'ReLUActLoop' pipeline type 'loop pipeline'
INFO: [RTGEN 206-100] Finished creating RTL model for 'relu_array_ap_fixed_7u_array_ap_fixed_16_6_5_3_0_7u_relu_config4_s'.
INFO: [HLS 200-111] Finished Creating RTL model: CPU user time: 0.22 seconds. CPU system time: 0.02 seconds. Elapsed time: 0.23 seconds; current allocated memory: 579.066 MB.
INFO: [HLS 200-10] ----------------------------------------------------------------
INFO: [HLS 200-10] -- Generating RTL for module 'shift_line_buffer_array_ap_fixed_16_6_5_3_0_7u_config5_s' 
INFO: [HLS 200-10] ----------------------------------------------------------------
INFO: [SYN 201-210] Renamed object name 'shift_line_buffer_array_ap_fixed_16_6_5_3_0_7u_config5_s_void_pooling2d_cl_stream_stream_array_ap_fixed_7u_0_line_buffer_6_SHIFTREG_AUTO_0R0W' to 'shift_line_buffer_array_ap_fixed_16_6_5_3_0_7u_config5_s_void_pooling2d_cl_stbkb' due to the length limit 80
INFO: [SYN 201-210] Renamed object name 'shift_line_buffer_array_ap_fixed_16_6_5_3_0_7u_config5_s_void_pooling2d_cl_stream_stream_array_ap_fixed_7u_0_line_buffer_5_SHIFTREG_AUTO_0R0W' to 'shift_line_buffer_array_ap_fixed_16_6_5_3_0_7u_config5_s_void_pooling2d_cl_stcud' due to the length limit 80
INFO: [SYN 201-210] Renamed object name 'shift_line_buffer_array_ap_fixed_16_6_5_3_0_7u_config5_s_void_pooling2d_cl_stream_stream_array_ap_fixed_7u_0_line_buffer_4_SHIFTREG_AUTO_0R0W' to 'shift_line_buffer_array_ap_fixed_16_6_5_3_0_7u_config5_s_void_pooling2d_cl_stdEe' due to the length limit 80
INFO: [SYN 201-210] Renamed object name 'shift_line_buffer_array_ap_fixed_16_6_5_3_0_7u_config5_s_void_pooling2d_cl_stream_stream_array_ap_fixed_7u_0_line_buffer_3_SHIFTREG_AUTO_0R0W' to 'shift_line_buffer_array_ap_fixed_16_6_5_3_0_7u_config5_s_void_pooling2d_cl_steOg' due to the length limit 80
INFO: [SYN 201-210] Renamed object name 'shift_line_buffer_array_ap_fixed_16_6_5_3_0_7u_config5_s_void_pooling2d_cl_stream_stream_array_ap_fixed_7u_0_line_buffer_2_SHIFTREG_AUTO_0R0W' to 'shift_line_buffer_array_ap_fixed_16_6_5_3_0_7u_config5_s_void_pooling2d_cl_stfYi' due to the length limit 80
INFO: [SYN 201-210] Renamed object name 'shift_line_buffer_array_ap_fixed_16_6_5_3_0_7u_config5_s_void_pooling2d_cl_stream_stream_array_ap_fixed_7u_0_line_buffer_1_SHIFTREG_AUTO_0R0W' to 'shift_line_buffer_array_ap_fixed_16_6_5_3_0_7u_config5_s_void_pooling2d_cl_stg8j' due to the length limit 80
INFO: [SYN 201-210] Renamed object name 'shift_line_buffer_array_ap_fixed_16_6_5_3_0_7u_config5_s_void_pooling2d_cl_stream_stream_array_ap_fixed_7u_0_line_buffer_SHIFTREG_AUTO_0R0W' to 'shift_line_buffer_array_ap_fixed_16_6_5_3_0_7u_config5_s_void_pooling2d_cl_sthbi' due to the length limit 80
INFO: [RTGEN 206-100] Finished creating RTL model for 'shift_line_buffer_array_ap_fixed_16_6_5_3_0_7u_config5_s'.
INFO: [HLS 200-111] Finished Creating RTL model: CPU user time: 0.09 seconds. CPU system time: 0 seconds. Elapsed time: 0.09 seconds; current allocated memory: 579.969 MB.
INFO: [HLS 200-10] ----------------------------------------------------------------
INFO: [HLS 200-10] -- Generating RTL for module 'pooling2d_cl_array_ap_fixed_7u_array_ap_fixed_16_6_5_3_0_7u_config5_s' 
INFO: [HLS 200-10] ----------------------------------------------------------------
WARNING: [RTGEN 206-101] Register 'void_compute_pool_buffer_2d_array_const_ap_shift_reg_n_filt_stream_kernel_9' is power-on initialization.
WARNING: [RTGEN 206-101] Register 'void_compute_pool_buffer_2d_array_const_ap_shift_reg_n_filt_stream_kernel_5' is power-on initialization.
WARNING: [RTGEN 206-101] Register 'void_compute_pool_buffer_2d_array_const_ap_shift_reg_n_filt_stream_kernel_2' is power-on initialization.
WARNING: [RTGEN 206-101] Register 'void_compute_pool_buffer_2d_array_const_ap_shift_reg_n_filt_stream_kernel_4' is power-on initialization.
WARNING: [RTGEN 206-101] Register 'void_compute_pool_buffer_2d_array_const_ap_shift_reg_n_filt_stream_kernel_1' is power-on initialization.
WARNING: [RTGEN 206-101] Register 'void_compute_pool_buffer_2d_array_const_ap_shift_reg_n_filt_stream_kernel_3' is power-on initialization.
WARNING: [RTGEN 206-101] Register 'void_compute_pool_buffer_2d_array_const_ap_shift_reg_n_filt_stream_kernel' is power-on initialization.
WARNING: [RTGEN 206-101] Register 'p_ZZN4nnet22compute_pool_buffer_2dINS_5arrayI8ap_fixedILi16ELi6EL9ap_q_mode5EL9ap_3' is power-on initialization.
WARNING: [RTGEN 206-101] Register 'void_compute_pool_buffer_2d_array_const_ap_shift_reg_n_filt_stream_kernel_8' is power-on initialization.
WARNING: [RTGEN 206-101] Register 'p_ZZN4nnet22compute_pool_buffer_2dINS_5arrayI8ap_fixedILi16ELi6EL9ap_q_mode5EL9ap_2' is power-on initialization.
WARNING: [RTGEN 206-101] Register 'void_compute_pool_buffer_2d_array_const_ap_shift_reg_n_filt_stream_kernel_7' is power-on initialization.
WARNING: [RTGEN 206-101] Register 'p_ZZN4nnet22compute_pool_buffer_2dINS_5arrayI8ap_fixedILi16ELi6EL9ap_q_mode5EL9ap_1' is power-on initialization.
WARNING: [RTGEN 206-101] Register 'void_compute_pool_buffer_2d_array_const_ap_shift_reg_n_filt_stream_kernel_6' is power-on initialization.
WARNING: [RTGEN 206-101] Register 'p_ZZN4nnet22compute_pool_buffer_2dINS_5arrayI8ap_fixedILi16ELi6EL9ap_q_mode5EL9ap' is power-on initialization.
WARNING: [RTGEN 206-101] Register 'pX' is power-on initialization.
WARNING: [RTGEN 206-101] Register 'pY' is power-on initialization.
WARNING: [RTGEN 206-101] Register 'sY' is power-on initialization.
INFO: [HLS 200-1030] Apply Unified Pipeline Control on module 'pooling2d_cl_array_ap_fixed_7u_array_ap_fixed_16_6_5_3_0_7u_config5_s' pipeline 'ReadInputHeight_ReadInputWidth' pipeline type 'loop pipeline'
INFO: [RTGEN 206-100] Finished creating RTL model for 'pooling2d_cl_array_ap_fixed_7u_array_ap_fixed_16_6_5_3_0_7u_config5_s'.
INFO: [HLS 200-111] Finished Creating RTL model: CPU user time: 0.11 seconds. CPU system time: 0.01 seconds. Elapsed time: 0.12 seconds; current allocated memory: 581.902 MB.
INFO: [HLS 200-10] ----------------------------------------------------------------
INFO: [HLS 200-10] -- Generating RTL for module 'dense_array_array_ap_fixed_9_5_5_3_0_1u_config7_Pipeline_DataPrepare' 
INFO: [HLS 200-10] ----------------------------------------------------------------
INFO: [HLS 200-1030] Apply Unified Pipeline Control on module 'dense_array_array_ap_fixed_9_5_5_3_0_1u_config7_Pipeline_DataPrepare' pipeline 'DataPrepare' pipeline type 'loop pipeline'
INFO: [HLS 200-1553] Disabling free running pipeline (frp) architecture on pipeline 'DataPrepare' in module 'dense_array_array_ap_fixed_9_5_5_3_0_1u_config7_Pipeline_DataPrepare', because the estimated Stream Port Number is 53, which is bigger than the frp_stream_port_number threshold of 20.
Resolution: For help on HLS 200-1553 see docs.xilinx.com/access/sources/dita/topic?Doc_Version=2023.2%20English&url=ug1448-hls-guidance&resourceid=200-1553.html
INFO: [RTGEN 206-104] Estimated max fanout for 'dense_array_array_ap_fixed_9_5_5_3_0_1u_config7_Pipeline_DataPrepare' is 12640 from HDL expression: ((icmp_ln33_fu_10678_p2 == 1'd1) & (1'b0 == ap_block_pp0_stage0_01001) & (1'b1 == ap_CS_fsm_pp0_stage0))
INFO: [RTGEN 206-100] Finished creating RTL model for 'dense_array_array_ap_fixed_9_5_5_3_0_1u_config7_Pipeline_DataPrepare'.
INFO: [HLS 200-111] Finished Creating RTL model: CPU user time: 0.59 seconds. CPU system time: 0.02 seconds. Elapsed time: 0.61 seconds; current allocated memory: 606.543 MB.
INFO: [HLS 200-10] ----------------------------------------------------------------
INFO: [HLS 200-10] -- Generating RTL for module 'dense_latency_wrapper_ap_fixed_ap_fixed_9_5_5_3_0_config7_s' 
INFO: [HLS 200-10] ----------------------------------------------------------------
INFO: [RTGEN 206-100] Generating core module 'mul_16s_5ns_19_1_1': 10 instance(s).
INFO: [RTGEN 206-100] Generating core module 'mul_16s_6ns_19_1_1': 3 instance(s).
INFO: [RTGEN 206-100] Finished creating RTL model for 'dense_latency_wrapper_ap_fixed_ap_fixed_9_5_5_3_0_config7_s'.
INFO: [HLS 200-111] Finished Creating RTL model: CPU user time: 5.48 seconds. CPU system time: 0.1 seconds. Elapsed time: 5.58 seconds; current allocated memory: 697.469 MB.
INFO: [HLS 200-10] ----------------------------------------------------------------
INFO: [HLS 200-10] -- Generating RTL for module 'dense_array_ap_fixed_7u_array_ap_fixed_9_5_5_3_0_1u_config7_s' 
INFO: [HLS 200-10] ----------------------------------------------------------------
INFO: [RTGEN 206-100] Finished creating RTL model for 'dense_array_ap_fixed_7u_array_ap_fixed_9_5_5_3_0_1u_config7_s'.
INFO: [HLS 200-111] Finished Creating RTL model: CPU user time: 1.9 seconds. CPU system time: 0.15 seconds. Elapsed time: 2.05 seconds; current allocated memory: 787.141 MB.
INFO: [HLS 200-10] ----------------------------------------------------------------
INFO: [HLS 200-10] -- Generating RTL for module 'cnn_core' 
INFO: [HLS 200-10] ----------------------------------------------------------------
WARNING: [RTGEN 206-101] Design contains AXI ports. Reset is fixed to synchronous and active low.
INFO: [RTGEN 206-500] Setting interface mode on port 'cnn_core/input_layer' to 'axis' (register, both mode).
INFO: [RTGEN 206-500] Setting interface mode on port 'cnn_core/layer7_out' to 'axis' (register, both mode).
INFO: [RTGEN 206-500] Setting interface mode on function 'cnn_core' to 'ap_ctrl_hs'.
WARNING: [HLS 200-656] Deadlocks can occur since process first_conv_4lane_temporal_cl<array,array<ap_fixed<9,5,5,3,0>,7u>,config3> is instantiated in a dataflow region with ap_ctrl_none or without start propagation and contains an auto-rewind pipeline.
Resolution: For help on HLS 200-656 see docs.xilinx.com/access/sources/dita/topic?Doc_Version=2023.2%20English&url=ug1448-hls-guidance&resourceid=200-656.html
INFO: [SYN 201-210] Renamed object name 'start_for_pooling2d_cl_array_ap_fixed_7u_array_ap_fixed_16_6_5_3_0_7u_config5_U0' to 'start_for_pooling2d_cl_array_ap_fixed_7u_array_ap_fixed_16_6_5_3_0_7u_config5ibs' due to the length limit 80
INFO: [RTGEN 206-100] Finished creating RTL model for 'cnn_core'.
INFO: [RTMG 210-285] Implementing FIFO 'layer3_out_U(cnn_core_fifo_w63_d336_A)' using Vivado Default RAMs.
INFO: [RTMG 210-285] Implementing FIFO 'layer4_out_U(cnn_core_fifo_w112_d336_A)' using Vivado Default RAMs.
INFO: [RTMG 210-285] Implementing FIFO 'layer5_out_U(cnn_core_fifo_w112_d168_A)' using Vivado Default RAMs.
INFO: [RTMG 210-285] Implementing FIFO 'start_for_relu_array_ap_fixed_7u_array_ap_fixed_16_6_5_3_0_7u_relu_config4_U0_U(cnn_core_start_for_relu_array_ap_fixed_7u_array_ap_fixed_16_6_5_3_0_7u_relu_config4_U0)' using Shift Registers.
INFO: [RTMG 210-285] Implementing FIFO 'start_for_pooling2d_cl_array_ap_fixed_7u_array_ap_fixed_16_6_5_3_0_7u_config5ibs_U(cnn_core_start_for_pooling2d_cl_array_ap_fixed_7u_array_ap_fixed_16_6_5_3_0_7u_config5ibs)' using Shift Registers.
INFO: [RTMG 210-285] Implementing FIFO 'start_for_dense_array_ap_fixed_7u_array_ap_fixed_9_5_5_3_0_1u_config7_U0_U(cnn_core_start_for_dense_array_ap_fixed_7u_array_ap_fixed_9_5_5_3_0_1u_config7_U0)' using Shift Registers.
INFO: [HLS 200-111] Finished Creating RTL model: CPU user time: 0.4 seconds. CPU system time: 0.02 seconds. Elapsed time: 0.42 seconds; current allocated memory: 807.059 MB.
INFO: [HLS 200-111] Finished Generating all RTL models: CPU user time: 0.49 seconds. CPU system time: 0.03 seconds. Elapsed time: 0.52 seconds; current allocated memory: 812.555 MB.
INFO: [HLS 200-111] Finished Updating report files: CPU user time: 1.16 seconds. CPU system time: 0.02 seconds. Elapsed time: 1.18 seconds; current allocated memory: 826.141 MB.
INFO: [VHDL 208-304] Generating VHDL RTL for cnn_core.
INFO: [VLOG 209-307] Generating Verilog RTL for cnn_core.
INFO: [HLS 200-790] **** Loop Constraint Status: All loop constraints were NOT satisfied.
INFO: [HLS 200-789] **** Estimated Fmax: 308.98 MHz
INFO: [HLS 200-111] Finished Command csynth_design CPU user time: 90 seconds. CPU system time: 2.29 seconds. Elapsed time: 93.7 seconds; current allocated memory: 569.391 MB.
***** C/RTL SYNTHESIS COMPLETED IN 0h1m33s *****
***** HLS SUMMARY *****
HLS Summary
===========
Project: /home/work1/Works/CNN-Core-Generator/hls_streaming/cnn_core_streaming_prj
Solution: solution1
Top: cnn_core

Top Estimate
------------
part: xcku5p-ffvb676-2-e
target_clock_ns: 5.00
clock_uncertainty_ns: 1.35
estimated_clock_ns: 3.236
latency_min: 1041
latency_max: 1041
latency_time: 5.205 us
interval_min: 1041
interval_max: 1041
dataflow_throughput: 1041

Top Resources
-------------
bram_18k: 18
dsp: 17
ff: 30477
lut: 36936
uram: 0

Slowest Instances By Interval
-----------------------------
    1040 cyc | latency     1040 | first_conv_4lane_temporal_cl_array_array_ap_fixed_9_5_5_3_0_7u_config3_U0 | DSP 4 FF 1198 LUT 3700 BRAM 0
     674 cyc | latency      674 | pooling2d_cl_array_ap_fixed_7u_array_ap_fixed_16_6_5_3_0_7u_config5_U0 | DSP 0 FF 820 LUT 964 BRAM 0
     339 cyc | latency      339 | relu_array_ap_fixed_7u_array_ap_fixed_16_6_5_3_0_7u_relu_config4_U0 | DSP 0 FF 78 LUT 311 BRAM 0
     176 cyc | latency      176 | dense_array_ap_fixed_7u_array_ap_fixed_9_5_5_3_0_1u_config7_U0 | DSP 13 FF 27888 LUT 31767 BRAM 0

Notes
-----
HLS csynth estimates are pre-place-and-route and best used for iteration.
Use RTL cosim interval when available for transaction-level confirmation.
For internal-module timing, prefer out-of-context synthesis over top-level pin implementation.

Wrote: /home/work1/Works/CNN-Core-Generator/hls_streaming/cnn_core_streaming_prj/solution1/hls_summary.txt
INFO: [HLS 200-112] Total CPU user time: 92.3 seconds. Total CPU system time: 2.68 seconds. Total elapsed time: 96.33 seconds; peak allocated memory: 826.215 MB.
INFO: [Common 17-206] Exiting vitis_hls at Sun May 17 01:30:15 2026...
