Copyright 1986-2022 Xilinx, Inc. All Rights Reserved. Copyright 2022-2023 Advanced Micro Devices, Inc. All Rights Reserved.
--------------------------------------------------------------------------------------------------------------------------------------------------
| Tool Version      : Vivado v.2023.2 (lin64) Build 4029153 Fri Oct 13 20:13:54 MDT 2023
| Date              : Wed Jun  3 15:24:31 2026
| Host              : AlbertsUbuntu running 64-bit Ubuntu 22.04.5 LTS
| Command           : report_timing_summary -file cnn_core_streaming_prj/solution1/ooc_synth/timing_ooc.rpt
| Design            : cnn_core
| Device            : xcku5p-ffvb676
| Speed File        : -2  PRODUCTION 1.29 05-01-2022
| Design State      : Synthesized
| Temperature Grade : E
--------------------------------------------------------------------------------------------------------------------------------------------------

Timing Summary Report

------------------------------------------------------------------------------------------------
| Timer Settings
| --------------
------------------------------------------------------------------------------------------------

  Enable Multi Corner Analysis               :  Yes
  Enable Pessimism Removal                   :  Yes
  Pessimism Removal Resolution               :  Nearest Common Node
  Enable Input Delay Default Clock           :  No
  Enable Preset / Clear Arcs                 :  No
  Disable Flight Delays                      :  No
  Ignore I/O Paths                           :  No
  Timing Early Launch at Borrowing Latches   :  No
  Borrow Time for Max Delay Exceptions       :  Yes
  Merge Timing Exceptions                    :  Yes
  Inter-SLR Compensation                     :  Conservative

  Corner  Analyze    Analyze    
  Name    Max Paths  Min Paths  
  ------  ---------  ---------  
  Slow    Yes        Yes        
  Fast    Yes        Yes        


------------------------------------------------------------------------------------------------
| Report Methodology
| ------------------
------------------------------------------------------------------------------------------------

No report available as report_methodology has not been run prior. Run report_methodology on the current design for the summary of methodology violations.



check_timing report

Table of Contents
-----------------
1. checking no_clock (0)
2. checking constant_clock (0)
3. checking pulse_width_clock (0)
4. checking unconstrained_internal_endpoints (0)
5. checking no_input_delay (76)
6. checking no_output_delay (27)
7. checking multiple_clock (0)
8. checking generated_clocks (0)
9. checking loops (0)
10. checking partial_input_delay (0)
11. checking partial_output_delay (0)
12. checking latch_loops (0)

1. checking no_clock (0)
------------------------
 There are 0 register/latch pins with no clock.


2. checking constant_clock (0)
------------------------------
 There are 0 register/latch pins with constant_clock.


3. checking pulse_width_clock (0)
---------------------------------
 There are 0 register/latch pins which need pulse_width check


4. checking unconstrained_internal_endpoints (0)
------------------------------------------------
 There are 0 pins that are not constrained for maximum delay.

 There are 0 pins that are not constrained for maximum delay due to constant clock.


5. checking no_input_delay (76)
-------------------------------
 There are 76 input ports with no input delay specified. (HIGH)

 There are 0 input ports with no input delay but user has a false path constraint.


6. checking no_output_delay (27)
--------------------------------
 There are 27 ports with no output delay specified. (HIGH)

 There are 0 ports with no output delay but user has a false path constraint

 There are 0 ports with no output delay but with a timing clock defined on it or propagating through it


7. checking multiple_clock (0)
------------------------------
 There are 0 register/latch pins with multiple clocks.


8. checking generated_clocks (0)
--------------------------------
 There are 0 generated clocks that are not connected to a clock source.


9. checking loops (0)
---------------------
 There are 0 combinational loops in the design.


10. checking partial_input_delay (0)
------------------------------------
 There are 0 input ports with partial input delay specified.


11. checking partial_output_delay (0)
-------------------------------------
 There are 0 ports with partial output delay specified.


12. checking latch_loops (0)
----------------------------
 There are 0 combinational latch loops in the design through latch input



------------------------------------------------------------------------------------------------
| Design Timing Summary
| ---------------------
------------------------------------------------------------------------------------------------

    WNS(ns)      TNS(ns)  TNS Failing Endpoints  TNS Total Endpoints      WHS(ns)      THS(ns)  THS Failing Endpoints  THS Total Endpoints     WPWS(ns)     TPWS(ns)  TPWS Failing Endpoints  TPWS Total Endpoints  
    -------      -------  ---------------------  -------------------      -------      -------  ---------------------  -------------------     --------     --------  ----------------------  --------------------  
      2.152        0.000                      0                13012        0.054        0.000                      0                13012        1.958        0.000                       0                  5687  


All user specified timing constraints are met.


------------------------------------------------------------------------------------------------
| Clock Summary
| -------------
------------------------------------------------------------------------------------------------

Clock   Waveform(ns)         Period(ns)      Frequency(MHz)
-----   ------------         ----------      --------------
ap_clk  {0.000 2.500}        5.000           200.000         


------------------------------------------------------------------------------------------------
| Intra Clock Table
| -----------------
------------------------------------------------------------------------------------------------

Clock             WNS(ns)      TNS(ns)  TNS Failing Endpoints  TNS Total Endpoints      WHS(ns)      THS(ns)  THS Failing Endpoints  THS Total Endpoints     WPWS(ns)     TPWS(ns)  TPWS Failing Endpoints  TPWS Total Endpoints  
-----             -------      -------  ---------------------  -------------------      -------      -------  ---------------------  -------------------     --------     --------  ----------------------  --------------------  
ap_clk              2.152        0.000                      0                13012        0.054        0.000                      0                13012        1.958        0.000                       0                  5687  


------------------------------------------------------------------------------------------------
| Inter Clock Table
| -----------------
------------------------------------------------------------------------------------------------

From Clock    To Clock          WNS(ns)      TNS(ns)  TNS Failing Endpoints  TNS Total Endpoints      WHS(ns)      THS(ns)  THS Failing Endpoints  THS Total Endpoints  
----------    --------          -------      -------  ---------------------  -------------------      -------      -------  ---------------------  -------------------  


------------------------------------------------------------------------------------------------
| Other Path Groups Table
| -----------------------
------------------------------------------------------------------------------------------------

Path Group    From Clock    To Clock          WNS(ns)      TNS(ns)  TNS Failing Endpoints  TNS Total Endpoints      WHS(ns)      THS(ns)  THS Failing Endpoints  THS Total Endpoints  
----------    ----------    --------          -------      -------  ---------------------  -------------------      -------      -------  ---------------------  -------------------  


------------------------------------------------------------------------------------------------
| Timing Details
| --------------
------------------------------------------------------------------------------------------------


---------------------------------------------------------------------------------------------------
From Clock:  ap_clk
  To Clock:  ap_clk

Setup :            0  Failing Endpoints,  Worst Slack        2.152ns,  Total Violation        0.000ns
Hold  :            0  Failing Endpoints,  Worst Slack        0.054ns,  Total Violation        0.000ns
PW    :            0  Failing Endpoints,  Worst Slack        1.958ns,  Total Violation        0.000ns
---------------------------------------------------------------------------------------------------


Max Delay Paths
--------------------------------------------------------------------------------------
Slack (MET) :             2.152ns  (required time - arrival time)
  Source:                 dense_wide_stream_array_array_ap_fixed_22_11_5_3_0_1u_config9_U0/grp_dense_wide_stream_array_array_ap_fixed_1u_config9_Pipeline_DenseWideMain_fu_47/add_ln118_reg_36943_pp0_iter2_reg_reg[6]/C
                            (rising edge-triggered cell FDRE clocked by ap_clk  {rise@0.000ns fall@2.500ns period=5.000ns})
  Destination:            dense_wide_stream_array_array_ap_fixed_22_11_5_3_0_1u_config9_U0/grp_dense_wide_stream_array_array_ap_fixed_1u_config9_Pipeline_DenseWideMain_fu_47/mul_ln73_24_reg_36964_reg/DSP_OUTPUT_INST/ALU_OUT[16]
                            (rising edge-triggered cell DSP_OUTPUT clocked by ap_clk  {rise@0.000ns fall@2.500ns period=5.000ns})
  Path Group:             ap_clk
  Path Type:              Setup (Max at Slow Process Corner)
  Requirement:            5.000ns  (ap_clk rise@5.000ns - ap_clk rise@0.000ns)
  Data Path Delay:        2.841ns  (logic 1.910ns (67.230%)  route 0.931ns (32.770%))
  Logic Levels:           9  (DSP_A_B_DATA=1 DSP_ALU=1 DSP_M_DATA=1 DSP_MULTIPLIER=1 DSP_PREADD_DATA=1 LUT3=1 LUT5=1 LUT6=2)
  Clock Path Skew:        0.013ns (DCD - SCD + CPR)
    Destination Clock Delay (DCD):    0.043ns = ( 5.043 - 5.000 ) 
    Source Clock Delay      (SCD):    0.030ns
    Clock Pessimism Removal (CPR):    0.000ns
  Clock Uncertainty:      0.035ns  ((TSJ^2 + TIJ^2)^1/2 + DJ) / 2 + PE
    Total System Jitter     (TSJ):    0.071ns
    Total Input Jitter      (TIJ):    0.000ns
    Discrete Jitter          (DJ):    0.000ns
    Phase Error              (PE):    0.000ns

    Location             Delay type                Incr(ns)  Path(ns)    Netlist Resource(s)
  -------------------------------------------------------------------    -------------------
                         (clock ap_clk rise edge)     0.000     0.000 r  
                                                      0.000     0.000 r  ap_clk (IN)
                         net (fo=5723, unset)         0.030     0.030    dense_wide_stream_array_array_ap_fixed_22_11_5_3_0_1u_config9_U0/grp_dense_wide_stream_array_array_ap_fixed_1u_config9_Pipeline_DenseWideMain_fu_47/ap_clk
                         FDRE                                         r  dense_wide_stream_array_array_ap_fixed_22_11_5_3_0_1u_config9_U0/grp_dense_wide_stream_array_array_ap_fixed_1u_config9_Pipeline_DenseWideMain_fu_47/add_ln118_reg_36943_pp0_iter2_reg_reg[6]/C
  -------------------------------------------------------------------    -------------------
                         FDRE (Prop_FDRE_C_Q)         0.077     0.107 r  dense_wide_stream_array_array_ap_fixed_22_11_5_3_0_1u_config9_U0/grp_dense_wide_stream_array_array_ap_fixed_1u_config9_Pipeline_DenseWideMain_fu_47/add_ln118_reg_36943_pp0_iter2_reg_reg[6]/Q
                         net (fo=88, unplaced)        0.237     0.344    dense_wide_stream_array_array_ap_fixed_22_11_5_3_0_1u_config9_U0/grp_dense_wide_stream_array_array_ap_fixed_1u_config9_Pipeline_DenseWideMain_fu_47/sparsemux_2353_11_7_1_1_U85/Q[5]
                         LUT6 (Prop_LUT6_I0_O)        0.150     0.494 f  dense_wide_stream_array_array_ap_fixed_22_11_5_3_0_1u_config9_U0/grp_dense_wide_stream_array_array_ap_fixed_1u_config9_Pipeline_DenseWideMain_fu_47/sparsemux_2353_11_7_1_1_U85/mul_ln73_24_reg_36964_reg_i_38/O
                         net (fo=1, unplaced)         0.140     0.634    dense_wide_stream_array_array_ap_fixed_22_11_5_3_0_1u_config9_U0/grp_dense_wide_stream_array_array_ap_fixed_1u_config9_Pipeline_DenseWideMain_fu_47/sparsemux_2353_11_7_1_1_U85/mul_ln73_24_reg_36964_reg_i_38_n_5
                         LUT6 (Prop_LUT6_I0_O)        0.090     0.724 f  dense_wide_stream_array_array_ap_fixed_22_11_5_3_0_1u_config9_U0/grp_dense_wide_stream_array_array_ap_fixed_1u_config9_Pipeline_DenseWideMain_fu_47/sparsemux_2353_11_7_1_1_U85/mul_ln73_24_reg_36964_reg_i_20/O
                         net (fo=4, unplaced)         0.152     0.876    dense_wide_stream_array_array_ap_fixed_22_11_5_3_0_1u_config9_U0/grp_dense_wide_stream_array_array_ap_fixed_1u_config9_Pipeline_DenseWideMain_fu_47/sparsemux_2353_11_7_1_1_U85/mul_ln73_24_reg_36964_reg_i_20_n_5
                         LUT5 (Prop_LUT5_I0_O)        0.090     0.966 f  dense_wide_stream_array_array_ap_fixed_22_11_5_3_0_1u_config9_U0/grp_dense_wide_stream_array_array_ap_fixed_1u_config9_Pipeline_DenseWideMain_fu_47/sparsemux_2353_11_7_1_1_U85/mul_ln73_24_reg_36964_reg_i_18/O
                         net (fo=1, unplaced)         0.137     1.103    dense_wide_stream_array_array_ap_fixed_22_11_5_3_0_1u_config9_U0/grp_dense_wide_stream_array_array_ap_fixed_1u_config9_Pipeline_DenseWideMain_fu_47/sparsemux_2353_11_7_1_1_U85/mul_ln73_24_reg_36964_reg_i_18_n_5
                         LUT3 (Prop_LUT3_I2_O)        0.053     1.156 f  dense_wide_stream_array_array_ap_fixed_22_11_5_3_0_1u_config9_U0/grp_dense_wide_stream_array_array_ap_fixed_1u_config9_Pipeline_DenseWideMain_fu_47/sparsemux_2353_11_7_1_1_U85/mul_ln73_24_reg_36964_reg_i_2/O
                         net (fo=12, unplaced)        0.265     1.421    dense_wide_stream_array_array_ap_fixed_22_11_5_3_0_1u_config9_U0/grp_dense_wide_stream_array_array_ap_fixed_1u_config9_Pipeline_DenseWideMain_fu_47/mul_ln73_24_reg_36964_reg/B[16]
                         DSP_A_B_DATA (Prop_DSP_A_B_DATA_B[16]_B2_DATA[16])
                                                      0.151     1.572 r  dense_wide_stream_array_array_ap_fixed_22_11_5_3_0_1u_config9_U0/grp_dense_wide_stream_array_array_ap_fixed_1u_config9_Pipeline_DenseWideMain_fu_47/mul_ln73_24_reg_36964_reg/DSP_A_B_DATA_INST/B2_DATA[16]
                         net (fo=1, unplaced)         0.000     1.572    dense_wide_stream_array_array_ap_fixed_22_11_5_3_0_1u_config9_U0/grp_dense_wide_stream_array_array_ap_fixed_1u_config9_Pipeline_DenseWideMain_fu_47/mul_ln73_24_reg_36964_reg/DSP_A_B_DATA.B2_DATA<16>
                         DSP_PREADD_DATA (Prop_DSP_PREADD_DATA_B2_DATA[16]_B2B1[16])
                                                      0.073     1.645 r  dense_wide_stream_array_array_ap_fixed_22_11_5_3_0_1u_config9_U0/grp_dense_wide_stream_array_array_ap_fixed_1u_config9_Pipeline_DenseWideMain_fu_47/mul_ln73_24_reg_36964_reg/DSP_PREADD_DATA_INST/B2B1[16]
                         net (fo=1, unplaced)         0.000     1.645    dense_wide_stream_array_array_ap_fixed_22_11_5_3_0_1u_config9_U0/grp_dense_wide_stream_array_array_ap_fixed_1u_config9_Pipeline_DenseWideMain_fu_47/mul_ln73_24_reg_36964_reg/DSP_PREADD_DATA.B2B1<16>
                         DSP_MULTIPLIER (Prop_DSP_MULTIPLIER_B2B1[16]_V[16])
                                                      0.609     2.254 f  dense_wide_stream_array_array_ap_fixed_22_11_5_3_0_1u_config9_U0/grp_dense_wide_stream_array_array_ap_fixed_1u_config9_Pipeline_DenseWideMain_fu_47/mul_ln73_24_reg_36964_reg/DSP_MULTIPLIER_INST/V[16]
                         net (fo=1, unplaced)         0.000     2.254    dense_wide_stream_array_array_ap_fixed_22_11_5_3_0_1u_config9_U0/grp_dense_wide_stream_array_array_ap_fixed_1u_config9_Pipeline_DenseWideMain_fu_47/mul_ln73_24_reg_36964_reg/DSP_MULTIPLIER.V<16>
                         DSP_M_DATA (Prop_DSP_M_DATA_V[16]_V_DATA[16])
                                                      0.046     2.300 r  dense_wide_stream_array_array_ap_fixed_22_11_5_3_0_1u_config9_U0/grp_dense_wide_stream_array_array_ap_fixed_1u_config9_Pipeline_DenseWideMain_fu_47/mul_ln73_24_reg_36964_reg/DSP_M_DATA_INST/V_DATA[16]
                         net (fo=1, unplaced)         0.000     2.300    dense_wide_stream_array_array_ap_fixed_22_11_5_3_0_1u_config9_U0/grp_dense_wide_stream_array_array_ap_fixed_1u_config9_Pipeline_DenseWideMain_fu_47/mul_ln73_24_reg_36964_reg/DSP_M_DATA.V_DATA<16>
                         DSP_ALU (Prop_DSP_ALU_V_DATA[16]_ALU_OUT[16])
                                                      0.571     2.871 r  dense_wide_stream_array_array_ap_fixed_22_11_5_3_0_1u_config9_U0/grp_dense_wide_stream_array_array_ap_fixed_1u_config9_Pipeline_DenseWideMain_fu_47/mul_ln73_24_reg_36964_reg/DSP_ALU_INST/ALU_OUT[16]
                         net (fo=1, unplaced)         0.000     2.871    dense_wide_stream_array_array_ap_fixed_22_11_5_3_0_1u_config9_U0/grp_dense_wide_stream_array_array_ap_fixed_1u_config9_Pipeline_DenseWideMain_fu_47/mul_ln73_24_reg_36964_reg/DSP_ALU.ALU_OUT<16>
                         DSP_OUTPUT                                   r  dense_wide_stream_array_array_ap_fixed_22_11_5_3_0_1u_config9_U0/grp_dense_wide_stream_array_array_ap_fixed_1u_config9_Pipeline_DenseWideMain_fu_47/mul_ln73_24_reg_36964_reg/DSP_OUTPUT_INST/ALU_OUT[16]
  -------------------------------------------------------------------    -------------------

                         (clock ap_clk rise edge)     5.000     5.000 r  
                                                      0.000     5.000 r  ap_clk (IN)
                         net (fo=5723, unset)         0.043     5.043    dense_wide_stream_array_array_ap_fixed_22_11_5_3_0_1u_config9_U0/grp_dense_wide_stream_array_array_ap_fixed_1u_config9_Pipeline_DenseWideMain_fu_47/mul_ln73_24_reg_36964_reg/CLK
                         DSP_OUTPUT                                   r  dense_wide_stream_array_array_ap_fixed_22_11_5_3_0_1u_config9_U0/grp_dense_wide_stream_array_array_ap_fixed_1u_config9_Pipeline_DenseWideMain_fu_47/mul_ln73_24_reg_36964_reg/DSP_OUTPUT_INST/CLK
                         clock pessimism              0.000     5.043    
                         clock uncertainty           -0.035     5.008    
                         DSP_OUTPUT (Setup_DSP_OUTPUT_CLK_ALU_OUT[16])
                                                      0.015     5.023    dense_wide_stream_array_array_ap_fixed_22_11_5_3_0_1u_config9_U0/grp_dense_wide_stream_array_array_ap_fixed_1u_config9_Pipeline_DenseWideMain_fu_47/mul_ln73_24_reg_36964_reg/DSP_OUTPUT_INST
  -------------------------------------------------------------------
                         required time                          5.023    
                         arrival time                          -2.871    
  -------------------------------------------------------------------
                         slack                                  2.152    





Min Delay Paths
--------------------------------------------------------------------------------------
Slack (MET) :             0.054ns  (arrival time - required time)
  Source:                 dense_wide_stream_array_array_ap_fixed_22_11_5_3_0_1u_config9_U0/grp_dense_wide_stream_array_array_ap_fixed_1u_config9_Pipeline_DenseWideMain_fu_47/add_ln118_reg_36943_reg[10]/C
                            (rising edge-triggered cell FDRE clocked by ap_clk  {rise@0.000ns fall@2.500ns period=5.000ns})
  Destination:            dense_wide_stream_array_array_ap_fixed_22_11_5_3_0_1u_config9_U0/grp_dense_wide_stream_array_array_ap_fixed_1u_config9_Pipeline_DenseWideMain_fu_47/add_ln118_reg_36943_pp0_iter2_reg_reg_rep/ADDRARDADDR[13]
                            (rising edge-triggered cell RAMB18E2 clocked by ap_clk  {rise@0.000ns fall@2.500ns period=5.000ns})
  Path Group:             ap_clk
  Path Type:              Hold (Min at Fast Process Corner)
  Requirement:            0.000ns  (ap_clk rise@0.000ns - ap_clk rise@0.000ns)
  Data Path Delay:        0.100ns  (logic 0.038ns (38.000%)  route 0.062ns (62.000%))
  Logic Levels:           0  
  Clock Path Skew:        0.040ns (DCD - SCD - CPR)
    Destination Clock Delay (DCD):    0.053ns
    Source Clock Delay      (SCD):    0.013ns
    Clock Pessimism Removal (CPR):    -0.000ns

    Location             Delay type                Incr(ns)  Path(ns)    Netlist Resource(s)
  -------------------------------------------------------------------    -------------------
                         (clock ap_clk rise edge)     0.000     0.000 r  
                                                      0.000     0.000 r  ap_clk (IN)
                         net (fo=5723, unset)         0.013     0.013    dense_wide_stream_array_array_ap_fixed_22_11_5_3_0_1u_config9_U0/grp_dense_wide_stream_array_array_ap_fixed_1u_config9_Pipeline_DenseWideMain_fu_47/ap_clk
                         FDRE                                         r  dense_wide_stream_array_array_ap_fixed_22_11_5_3_0_1u_config9_U0/grp_dense_wide_stream_array_array_ap_fixed_1u_config9_Pipeline_DenseWideMain_fu_47/add_ln118_reg_36943_reg[10]/C
  -------------------------------------------------------------------    -------------------
                         FDRE (Prop_FDRE_C_Q)         0.038     0.051 r  dense_wide_stream_array_array_ap_fixed_22_11_5_3_0_1u_config9_U0/grp_dense_wide_stream_array_array_ap_fixed_1u_config9_Pipeline_DenseWideMain_fu_47/add_ln118_reg_36943_reg[10]/Q
                         net (fo=3, unplaced)         0.062     0.113    dense_wide_stream_array_array_ap_fixed_22_11_5_3_0_1u_config9_U0/grp_dense_wide_stream_array_array_ap_fixed_1u_config9_Pipeline_DenseWideMain_fu_47/add_ln118_reg_36943[10]
                         RAMB18E2                                     r  dense_wide_stream_array_array_ap_fixed_22_11_5_3_0_1u_config9_U0/grp_dense_wide_stream_array_array_ap_fixed_1u_config9_Pipeline_DenseWideMain_fu_47/add_ln118_reg_36943_pp0_iter2_reg_reg_rep/ADDRARDADDR[13]
  -------------------------------------------------------------------    -------------------

                         (clock ap_clk rise edge)     0.000     0.000 r  
                                                      0.000     0.000 r  ap_clk (IN)
                         net (fo=5723, unset)         0.053     0.053    dense_wide_stream_array_array_ap_fixed_22_11_5_3_0_1u_config9_U0/grp_dense_wide_stream_array_array_ap_fixed_1u_config9_Pipeline_DenseWideMain_fu_47/ap_clk
                         RAMB18E2                                     r  dense_wide_stream_array_array_ap_fixed_22_11_5_3_0_1u_config9_U0/grp_dense_wide_stream_array_array_ap_fixed_1u_config9_Pipeline_DenseWideMain_fu_47/add_ln118_reg_36943_pp0_iter2_reg_reg_rep/CLKARDCLK
                         clock pessimism              0.000     0.053    
                         RAMB18E2 (Hold_RAMB18E2_CLKARDCLK_ADDRARDADDR[13])
                                                      0.006     0.059    dense_wide_stream_array_array_ap_fixed_22_11_5_3_0_1u_config9_U0/grp_dense_wide_stream_array_array_ap_fixed_1u_config9_Pipeline_DenseWideMain_fu_47/add_ln118_reg_36943_pp0_iter2_reg_reg_rep
  -------------------------------------------------------------------
                         required time                         -0.059    
                         arrival time                           0.113    
  -------------------------------------------------------------------
                         slack                                  0.054    





Pulse Width Checks
--------------------------------------------------------------------------------------
Clock Name:         ap_clk
Waveform(ns):       { 0.000 2.500 }
Period(ns):         5.000
Sources:            { ap_clk }

Check Type        Corner  Lib Pin             Reference Pin  Required(ns)  Actual(ns)  Slack(ns)  Location  Pin
Min Period        n/a     RAMB18E2/CLKARDCLK  n/a            1.355         5.000       3.645                dense_wide_stream_array_array_ap_fixed_22_11_5_3_0_1u_config9_U0/grp_dense_wide_stream_array_array_ap_fixed_1u_config9_Pipeline_DenseWideMain_fu_47/add_ln118_reg_36943_pp0_iter2_reg_reg_rep/CLKARDCLK
Low Pulse Width   Slow    RAMB18E2/CLKARDCLK  n/a            0.542         2.500       1.958                dense_wide_stream_array_array_ap_fixed_22_11_5_3_0_1u_config9_U0/grp_dense_wide_stream_array_array_ap_fixed_1u_config9_Pipeline_DenseWideMain_fu_47/add_ln118_reg_36943_pp0_iter2_reg_reg_rep/CLKARDCLK
High Pulse Width  Slow    RAMB18E2/CLKARDCLK  n/a            0.542         2.500       1.958                dense_wide_stream_array_array_ap_fixed_22_11_5_3_0_1u_config9_U0/grp_dense_wide_stream_array_array_ap_fixed_1u_config9_Pipeline_DenseWideMain_fu_47/add_ln118_reg_36943_pp0_iter2_reg_reg_rep/CLKARDCLK



