================================================================
== Design Size Report
================================================================

* Total Instructions per Compilation Phase
+---------------+-----------------------------+--------------+----------------------------------------------------------------------------------------+
| Phase         | Step                        | Instructions | Description                                                                            |
+---------------+-----------------------------+--------------+----------------------------------------------------------------------------------------+
| Compile/Link  |                             |  2,158       | After all functions are compiled and linked into a single design                       |
|               |                             |              |                                                                                        |
| Unroll/Inline |                             |              | After user unroll and inline pragmas are applied                                       |
|               | (1) unroll                  | 47,208       | user unroll pragmas are applied                                                        |
|               | (2) simplification          | 17,728       | simplification of applied user unroll pragmas                                          |
|               | (3) inline                  | 16,655       | user inline pragmas are applied                                                        |
|               | (4) simplification          | 13,688       | simplification of applied user inline pragmas                                          |
|               |                             |              |                                                                                        |
| Array/Struct  |                             |              | After user array partition and struct aggregate/disaggregate pragmas are applied       |
|               | (1) array partition         | 16,702       | user array partition pragmas are applied                                               |
|               | (2) simplification          |  8,743       | simplification of applied user array partition & struct aggregate/disaggregate pragmas |
|               | (3) aggregate/disaggregate  |  8,749       | user struct aggregate/disaggregate pragmas are applied                                 |
|               | (4) array reshape           | 11,866       | apply array reshape pragmas                                                            |
|               | (5) access patterns         | 12,426       | array access pattern optmizations                                                      |
|               |                             |              |                                                                                        |
| Performance   |                             |              | After transformations are applied to meet performance pragma targets                   |
|               | (1) loop simplification     | 11,578       | loop and instruction simplification                                                    |
|               | (2) parallelization         | 11,290       | loops are unrolled or pipelined to meet performance targets                            |
|               | (3) array partition         | 11,138       | arrays are partitioned to meet performance targets                                     |
|               | (4) simplification          | 10,000       | simplification of design after performance transformations                             |
|               |                             |              |                                                                                        |
| HW Transforms |                             |              | After hardware transfomations                                                          |
|               | (1) lowering                |  9,447       | initial conversion to HW specific instructions                                         |
|               | (2) optimizations           | 10,005       | high level synthesis optimizations                                                     |
+---------------+-----------------------------+--------------+----------------------------------------------------------------------------------------+

* Instructions per Function for each Compilation Phase
+---------------------------------------+-----------------------------+----------------+-----------------+-----------------+-------------+---------------+
| Function                              | Location                    | Compile/Link   | Unroll/Inline   | Array/Struct    | Performance | HW Transforms |
+---------------------------------------+-----------------------------+----------------+-----------------+-----------------+-------------+---------------+
| + cnn_core                            | cnn_core.cpp:9              | 2,158          | 13,688          | 12,426          | 10,000      | 10,005        |
|  + first_conv_2row_4lane_tempor...    | nnet_aria.h:17              |  805           | 8,318           | 4,708           | 4,214       | 4,134         |
|     operator[]                        | nnet_types.h:17             |    9 (3 calls) |                 |                 |             |               |
|   + dense                             | nnet_dense.h:50             |  537           |                 |                 |             |               |
|    + dense_latency<ap_fixed<10, 5...  | nnet_dense_latency.h:13     |  535           |                 |                 |             |               |
|       product                         | nnet_mult.h:70              |  141           |                 |                 |             |               |
|       cast<ap_fixed<10, 5, AP_RND,... | nnet_mult.h:110             |    3           |                 |                 |             |               |
|     dense_latency<ap_fixed<10, 5...   | nnet_dense_latency.h:13     |                | 7,732 (4 calls) | 3,592 (4 calls) |             |               |
|  + relu<nnet::array<ap_fixed<16...    | nnet_activation_stream.h:39 |  266           | 1,450           | 2,490           | 1,450       | 1,447         |
|     operator[]                        | nnet_types.h:17             |   12 (4 calls) |                 |                 |             |               |
|  + maxpool2d_wide_nonoverlap_cl...    | nnet_aria.h:226             |  270           | 2,897           | 3,743           | 2,974       | 3,051         |
|     operator[]                        | nnet_types.h:17             |   12 (4 calls) |                 |                 |             |               |
|  + dense_wide_stream<nnet::arra...    | nnet_aria.h:270             |  766           |   987           | 1,465           | 1,342       | 1,345         |
|   + operator=                         | nnet_types.h:21             |   28           |                 |                 |             |               |
|      operator[]                       | nnet_types.h:19             |    3           |                 |                 |             |               |
|     operator[]                        | nnet_types.h:17             |    6 (2 calls) |                 |                 |             |               |
|     product                           | nnet_mult.h:70              |  141           |                 |                 |             |               |
|     cast<ap_fixed<10, 5, AP_RND,...   | nnet_mult.h:110             |    3           |                 |                 |             |               |
+---------------------------------------+-----------------------------+----------------+-----------------+-----------------+-------------+---------------+

* Design Size Message Settings
+---------------------------------------------+--------+------------------------------------------------------------------+
| Message Setting                             | Value  | Description                                                      |
+---------------------------------------------+--------+------------------------------------------------------------------+
| config_compile -design_size_maximum_warning | 100000 | Show a warning when total design instructions exceeds this value |
+---------------------------------------------+--------+------------------------------------------------------------------+


