

================================================================
== Vitis HLS Report for 'dense_wide_stream_array_array_ap_fixed_1u_config9_Pipeline_DenseValues'
================================================================
* Date:           Mon Sep 14 20:31:18 2026

* Version:        2023.2 (Build 4023990 on Oct 11 2023)
* Project:        cnn_core_prj
* Solution:       solution1 (Vivado IP Flow Target)
* Product family: kintexuplus
* Target device:  xcku5p-ffvb676-2-e


================================================================
== Performance Estimates
================================================================
+ Timing: 
    * Summary: 
    +--------+---------+----------+------------+
    |  Clock |  Target | Estimated| Uncertainty|
    +--------+---------+----------+------------+
    |ap_clk  |  5.00 ns|  3.396 ns|     1.35 ns|
    +--------+---------+----------+------------+

+ Latency: 
    * Summary: 
    +---------+---------+----------+----------+-----+-----+---------+
    |  Latency (cycles) |  Latency (absolute) |  Interval | Pipeline|
    |   min   |   max   |    min   |    max   | min | max |   Type  |
    +---------+---------+----------+----------+-----+-----+---------+
    |      131|      131|  0.655 us|  0.655 us|  131|  131|       no|
    +---------+---------+----------+----------+-----+-----+---------+

    + Detail: 
        * Instance: 
        N/A

        * Loop: 
        +---------------+---------+---------+----------+-----------+-----------+------+----------+
        |               |  Latency (cycles) | Iteration|  Initiation Interval  | Trip |          |
        |   Loop Name   |   min   |   max   |  Latency |  achieved |   target  | Count| Pipelined|
        +---------------+---------+---------+----------+-----------+-----------+------+----------+
        |- DenseValues  |      129|      129|         7|          1|          1|   124|       yes|
        +---------------+---------+---------+----------+-----------+-----------+------+----------+



================================================================
== Utilization Estimates
================================================================
* Summary: 
+-----------------+---------+------+--------+--------+-----+
|       Name      | BRAM_18K|  DSP |   FF   |   LUT  | URAM|
+-----------------+---------+------+--------+--------+-----+
|DSP              |        -|    24|       -|       -|    -|
|Expression       |        -|     -|       0|    1014|    -|
|FIFO             |        -|     -|       -|       -|    -|
|Instance         |        -|     0|       0|     992|    -|
|Memory           |        7|     -|       0|       0|    -|
|Multiplexer      |        -|     -|       -|      63|    -|
|Register         |        -|     -|    2154|      32|    -|
+-----------------+---------+------+--------+--------+-----+
|Total            |        7|    24|    2154|    2101|    0|
+-----------------+---------+------+--------+--------+-----+
|Available        |      960|  1824|  433920|  216960|   64|
+-----------------+---------+------+--------+--------+-----+
|Utilization (%)  |       ~0|     1|      ~0|      ~0|    0|
+-----------------+---------+------+--------+--------+-----+

+ Detail: 
    * Instance: 
    +-----------------------+-------------------+---------+----+---+----+-----+
    |        Instance       |       Module      | BRAM_18K| DSP| FF| LUT| URAM|
    +-----------------------+-------------------+---------+----+---+----+-----+
    |mul_10s_6s_16_1_1_U8   |mul_10s_6s_16_1_1  |        0|   0|  0|  62|    0|
    |mul_10s_6s_16_1_1_U9   |mul_10s_6s_16_1_1  |        0|   0|  0|  62|    0|
    |mul_10s_6s_16_1_1_U10  |mul_10s_6s_16_1_1  |        0|   0|  0|  62|    0|
    |mul_10s_6s_16_1_1_U11  |mul_10s_6s_16_1_1  |        0|   0|  0|  62|    0|
    |mul_10s_6s_16_1_1_U12  |mul_10s_6s_16_1_1  |        0|   0|  0|  62|    0|
    |mul_10s_6s_16_1_1_U13  |mul_10s_6s_16_1_1  |        0|   0|  0|  62|    0|
    |mul_10s_6s_16_1_1_U14  |mul_10s_6s_16_1_1  |        0|   0|  0|  62|    0|
    |mul_10s_6s_16_1_1_U15  |mul_10s_6s_16_1_1  |        0|   0|  0|  62|    0|
    |mul_10s_6s_16_1_1_U16  |mul_10s_6s_16_1_1  |        0|   0|  0|  62|    0|
    |mul_10s_6s_16_1_1_U17  |mul_10s_6s_16_1_1  |        0|   0|  0|  62|    0|
    |mul_10s_6s_16_1_1_U18  |mul_10s_6s_16_1_1  |        0|   0|  0|  62|    0|
    |mul_10s_6s_16_1_1_U19  |mul_10s_6s_16_1_1  |        0|   0|  0|  62|    0|
    |mul_10s_6s_16_1_1_U20  |mul_10s_6s_16_1_1  |        0|   0|  0|  62|    0|
    |mul_10s_6s_16_1_1_U21  |mul_10s_6s_16_1_1  |        0|   0|  0|  62|    0|
    |mul_10s_6s_16_1_1_U22  |mul_10s_6s_16_1_1  |        0|   0|  0|  62|    0|
    |mul_10s_6s_16_1_1_U23  |mul_10s_6s_16_1_1  |        0|   0|  0|  62|    0|
    +-----------------------+-------------------+---------+----+---+----+-----+
    |Total                  |                   |        0|   0|  0| 992|    0|
    +-----------------------+-------------------+---------+----+---+----+-----+

    * DSP: 
    +----------------------------------+------------------------------+--------------+
    |             Instance             |            Module            |  Expression  |
    +----------------------------------+------------------------------+--------------+
    |mac_muladd_10s_4s_16s_16_1_1_U39  |mac_muladd_10s_4s_16s_16_1_1  |  i0 + i1 * i2|
    |mac_muladd_10s_6s_16s_17_1_1_U24  |mac_muladd_10s_6s_16s_17_1_1  |  i0 + i1 * i2|
    |mac_muladd_10s_6s_16s_17_1_1_U25  |mac_muladd_10s_6s_16s_17_1_1  |  i0 + i1 * i2|
    |mac_muladd_10s_6s_16s_17_1_1_U26  |mac_muladd_10s_6s_16s_17_1_1  |  i0 + i1 * i2|
    |mac_muladd_10s_6s_16s_17_1_1_U27  |mac_muladd_10s_6s_16s_17_1_1  |  i0 + i1 * i2|
    |mac_muladd_10s_6s_16s_17_1_1_U28  |mac_muladd_10s_6s_16s_17_1_1  |  i0 + i1 * i2|
    |mac_muladd_10s_6s_16s_17_1_1_U29  |mac_muladd_10s_6s_16s_17_1_1  |  i0 + i1 * i2|
    |mac_muladd_10s_6s_16s_17_1_1_U30  |mac_muladd_10s_6s_16s_17_1_1  |  i0 + i1 * i2|
    |mac_muladd_10s_6s_16s_17_1_1_U31  |mac_muladd_10s_6s_16s_17_1_1  |  i0 + i1 * i2|
    |mac_muladd_10s_6s_16s_17_1_1_U32  |mac_muladd_10s_6s_16s_17_1_1  |  i0 + i1 * i2|
    |mac_muladd_10s_6s_16s_17_1_1_U33  |mac_muladd_10s_6s_16s_17_1_1  |  i0 + i1 * i2|
    |mac_muladd_10s_6s_16s_17_1_1_U34  |mac_muladd_10s_6s_16s_17_1_1  |  i0 + i1 * i2|
    |mac_muladd_10s_6s_16s_17_1_1_U35  |mac_muladd_10s_6s_16s_17_1_1  |  i0 + i1 * i2|
    |mac_muladd_10s_6s_16s_17_1_1_U36  |mac_muladd_10s_6s_16s_17_1_1  |  i0 + i1 * i2|
    |mac_muladd_10s_6s_16s_17_1_1_U37  |mac_muladd_10s_6s_16s_17_1_1  |  i0 + i1 * i2|
    |mac_muladd_10s_6s_16s_17_1_1_U38  |mac_muladd_10s_6s_16s_17_1_1  |  i0 + i1 * i2|
    |mac_muladd_10s_6s_16s_17_1_1_U47  |mac_muladd_10s_6s_16s_17_1_1  |  i0 + i1 * i2|
    |mac_muladd_10s_6s_17s_17_1_1_U40  |mac_muladd_10s_6s_17s_17_1_1  |  i0 + i1 * i2|
    |mac_muladd_10s_6s_17s_17_1_1_U41  |mac_muladd_10s_6s_17s_17_1_1  |  i0 + i1 * i2|
    |mac_muladd_10s_6s_17s_17_1_1_U42  |mac_muladd_10s_6s_17s_17_1_1  |  i0 + i1 * i2|
    |mac_muladd_10s_6s_17s_17_1_1_U43  |mac_muladd_10s_6s_17s_17_1_1  |  i0 + i1 * i2|
    |mac_muladd_10s_6s_17s_17_1_1_U44  |mac_muladd_10s_6s_17s_17_1_1  |  i0 + i1 * i2|
    |mac_muladd_10s_6s_17s_17_1_1_U45  |mac_muladd_10s_6s_17s_17_1_1  |  i0 + i1 * i2|
    |mac_muladd_10s_6s_17s_17_1_1_U46  |mac_muladd_10s_6s_17s_17_1_1  |  i0 + i1 * i2|
    +----------------------------------+------------------------------+--------------+

    * Memory: 
    +-------------------+----------------------------------------------------------------------------------+---------+---+----+-----+------+-----+------+-------------+
    |       Memory      |                                      Module                                      | BRAM_18K| FF| LUT| URAM| Words| Bits| Banks| W*Bits*Banks|
    +-------------------+----------------------------------------------------------------------------------+---------+---+----+-----+------+-----+------+-------------+
    |w9_ravel_packed_U  |dense_wide_stream_array_array_ap_fixed_1u_config9_Pipeline_DenseValues_w9_ravbkb  |        7|  0|   0|    0|   124|  238|     1|        29512|
    +-------------------+----------------------------------------------------------------------------------+---------+---+----+-----+------+-----+------+-------------+
    |Total              |                                                                                  |        7|  0|   0|    0|   124|  238|     1|        29512|
    +-------------------+----------------------------------------------------------------------------------+---------+---+----+-----+------+-----+------+-------------+

    * FIFO: 
    N/A

    * Expression: 
    +----------------------------------+----------+----+---+----+------------+------------+
    |           Variable Name          | Operation| DSP| FF| LUT| Bitwidth P0| Bitwidth P1|
    +----------------------------------+----------+----+---+----+------------+------------+
    |accumulator_1_fu_3659_p2          |         +|   0|  0|  31|          24|          24|
    |add_ln299_fu_887_p2               |         +|   0|  0|  14|           7|           1|
    |add_ln326_12_fu_3494_p2           |         +|   0|  0|  25|          18|          18|
    |add_ln326_16_fu_3506_p2           |         +|   0|  0|  25|          18|          18|
    |add_ln326_17_fu_3585_p2           |         +|   0|  0|  26|          19|          19|
    |add_ln326_18_fu_3595_p2           |         +|   0|  0|  27|          20|          20|
    |add_ln326_22_fu_3518_p2           |         +|   0|  0|  25|          18|          18|
    |add_ln326_26_fu_3530_p2           |         +|   0|  0|  25|          18|          18|
    |add_ln326_27_fu_3611_p2           |         +|   0|  0|  26|          19|          19|
    |add_ln326_31_fu_3542_p2           |         +|   0|  0|  25|          18|          18|
    |add_ln326_35_fu_3557_p2           |         +|   0|  0|  25|          18|          18|
    |add_ln326_36_fu_3627_p2           |         +|   0|  0|  26|          19|          19|
    |add_ln326_37_fu_3637_p2           |         +|   0|  0|  27|          20|          20|
    |add_ln326_38_fu_3647_p2           |         +|   0|  0|  28|          21|          21|
    |add_ln326_3_fu_3470_p2            |         +|   0|  0|  25|          18|          18|
    |add_ln326_7_fu_3482_p2            |         +|   0|  0|  25|          18|          18|
    |add_ln326_8_fu_3569_p2            |         +|   0|  0|  26|          19|          19|
    |add_ln329_fu_915_p2               |         +|   0|  0|  39|          32|           1|
    |ap_block_pp0_stage0_01001         |       and|   0|  0|   2|           1|           1|
    |ap_block_state3_pp0_stage0_iter2  |       and|   0|  0|   2|           1|           1|
    |empty_fu_903_p2                   |      icmp|   0|  0|  14|           7|           1|
    |icmp_ln299_fu_881_p2              |      icmp|   0|  0|  14|           7|           4|
    |icmp_ln301_fu_897_p2              |      icmp|   0|  0|  39|          32|           1|
    |icmp_ln329_fu_909_p2              |      icmp|   0|  0|  39|          32|           1|
    |a_28_fu_2412_p3                   |    select|   0|  0|  10|           1|          10|
    |a_29_fu_2429_p3                   |    select|   0|  0|  10|           1|          10|
    |a_30_fu_2446_p3                   |    select|   0|  0|  10|           1|          10|
    |a_31_fu_2477_p3                   |    select|   0|  0|  10|           1|          10|
    |a_32_fu_2494_p3                   |    select|   0|  0|  10|           1|          10|
    |a_33_fu_2525_p3                   |    select|   0|  0|  10|           1|          10|
    |a_34_fu_2542_p3                   |    select|   0|  0|  10|           1|          10|
    |a_35_fu_2559_p3                   |    select|   0|  0|  10|           1|          10|
    |a_36_fu_2590_p3                   |    select|   0|  0|  10|           1|          10|
    |a_37_fu_2607_p3                   |    select|   0|  0|  10|           1|          10|
    |a_38_fu_2638_p3                   |    select|   0|  0|  10|           1|          10|
    |a_39_fu_2655_p3                   |    select|   0|  0|  10|           1|          10|
    |a_40_fu_2672_p3                   |    select|   0|  0|  10|           1|          10|
    |a_41_fu_2703_p3                   |    select|   0|  0|  10|           1|          10|
    |a_42_fu_2720_p3                   |    select|   0|  0|  10|           1|          10|
    |a_43_fu_2751_p3                   |    select|   0|  0|  10|           1|          10|
    |a_44_fu_2768_p3                   |    select|   0|  0|  10|           1|          10|
    |a_45_fu_2785_p3                   |    select|   0|  0|  10|           1|          10|
    |a_46_fu_2816_p3                   |    select|   0|  0|  10|           1|          10|
    |a_47_fu_2833_p3                   |    select|   0|  0|  10|           1|          10|
    |a_48_fu_2864_p3                   |    select|   0|  0|  10|           1|          10|
    |a_49_fu_2881_p3                   |    select|   0|  0|  10|           1|          10|
    |a_50_fu_2898_p3                   |    select|   0|  0|  10|           1|          10|
    |a_51_fu_2929_p3                   |    select|   0|  0|  10|           1|          10|
    |a_52_fu_2946_p3                   |    select|   0|  0|  10|           1|          10|
    |a_53_fu_2977_p3                   |    select|   0|  0|  10|           1|          10|
    |a_54_fu_2994_p3                   |    select|   0|  0|  10|           1|          10|
    |a_55_fu_3011_p3                   |    select|   0|  0|  10|           1|          10|
    |a_56_fu_3042_p3                   |    select|   0|  0|  10|           1|          10|
    |a_57_fu_3059_p3                   |    select|   0|  0|  10|           1|          10|
    |a_58_fu_3090_p3                   |    select|   0|  0|  10|           1|          10|
    |a_59_fu_3107_p3                   |    select|   0|  0|  10|           1|          10|
    |a_60_fu_3124_p3                   |    select|   0|  0|  10|           1|          10|
    |a_61_fu_3155_p3                   |    select|   0|  0|  10|           1|          10|
    |a_62_fu_3172_p3                   |    select|   0|  0|  10|           1|          10|
    |a_63_fu_3203_p3                   |    select|   0|  0|  10|           1|          10|
    |a_64_fu_3220_p3                   |    select|   0|  0|  10|           1|          10|
    |a_65_fu_3237_p3                   |    select|   0|  0|  10|           1|          10|
    |a_66_fu_3268_p3                   |    select|   0|  0|  10|           1|          10|
    |a_fu_2381_p3                      |    select|   0|  0|  10|           1|          10|
    |group_3_fu_921_p3                 |    select|   0|  0|  32|           1|           1|
    |ap_enable_pp0                     |       xor|   0|  0|   2|           1|           2|
    +----------------------------------+----------+----+---+----+------------+------------+
    |Total                             |          |   0|  0|1014|         466|         719|
    +----------------------------------+----------+----+---+----+------------+------------+

    * Multiplexer: 
    +-------------------------+----+-----------+-----+-----------+
    |           Name          | LUT| Input Size| Bits| Total Bits|
    +-------------------------+----+-----------+-----+-----------+
    |accumulator_fu_502       |   9|          2|   24|         48|
    |ap_done_int              |   9|          2|    1|          2|
    |ap_enable_reg_pp0_iter1  |   9|          2|    1|          2|
    |ap_enable_reg_pp0_iter2  |   9|          2|    1|          2|
    |group_fu_506             |   9|          2|   32|         64|
    |layer6_out_x4_blk_n      |   9|          2|    1|          2|
    |step_fu_510              |   9|          2|    7|         14|
    +-------------------------+----+-----------+-----+-----------+
    |Total                    |  63|         14|   67|        134|
    +-------------------------+----+-----------+-----+-----------+

    * Register: 
    +---------------------------------------+----+----+-----+-----------+
    |                  Name                 | FF | LUT| Bits| Const Bits|
    +---------------------------------------+----+----+-----+-----------+
    |a_28_reg_4440                          |  10|   0|   10|          0|
    |a_29_reg_4450                          |  10|   0|   10|          0|
    |a_29_reg_4450_pp0_iter4_reg            |  10|   0|   10|          0|
    |a_31_reg_4465                          |  10|   0|   10|          0|
    |a_33_reg_4480                          |  10|   0|   10|          0|
    |a_34_reg_4490                          |  10|   0|   10|          0|
    |a_34_reg_4490_pp0_iter4_reg            |  10|   0|   10|          0|
    |a_36_reg_4505                          |  10|   0|   10|          0|
    |a_38_reg_4520                          |  10|   0|   10|          0|
    |a_39_reg_4530                          |  10|   0|   10|          0|
    |a_39_reg_4530_pp0_iter4_reg            |  10|   0|   10|          0|
    |a_41_reg_4545                          |  10|   0|   10|          0|
    |a_43_reg_4560                          |  10|   0|   10|          0|
    |a_44_reg_4570                          |  10|   0|   10|          0|
    |a_44_reg_4570_pp0_iter4_reg            |  10|   0|   10|          0|
    |a_46_reg_4585                          |  10|   0|   10|          0|
    |a_48_reg_4600                          |  10|   0|   10|          0|
    |a_49_reg_4610                          |  10|   0|   10|          0|
    |a_49_reg_4610_pp0_iter4_reg            |  10|   0|   10|          0|
    |a_51_reg_4625                          |  10|   0|   10|          0|
    |a_53_reg_4640                          |  10|   0|   10|          0|
    |a_54_reg_4650                          |  10|   0|   10|          0|
    |a_54_reg_4650_pp0_iter4_reg            |  10|   0|   10|          0|
    |a_56_reg_4665                          |  10|   0|   10|          0|
    |a_58_reg_4680                          |  10|   0|   10|          0|
    |a_59_reg_4690                          |  10|   0|   10|          0|
    |a_59_reg_4690_pp0_iter4_reg            |  10|   0|   10|          0|
    |a_61_reg_4705                          |  10|   0|   10|          0|
    |a_63_reg_4720                          |  10|   0|   10|          0|
    |a_64_reg_4730                          |  10|   0|   10|          0|
    |a_64_reg_4730_pp0_iter4_reg            |  10|   0|   10|          0|
    |a_66_reg_4745                          |  10|   0|   10|          0|
    |accumulator_fu_502                     |  24|   0|   24|          0|
    |add_ln326_10_reg_4775                  |  17|   0|   17|          0|
    |add_ln326_12_reg_4840                  |  18|   0|   18|          0|
    |add_ln326_13_reg_4780                  |  17|   0|   17|          0|
    |add_ln326_14_reg_4785                  |  17|   0|   17|          0|
    |add_ln326_16_reg_4845                  |  18|   0|   18|          0|
    |add_ln326_19_reg_4790                  |  17|   0|   17|          0|
    |add_ln326_1_reg_4755                   |  17|   0|   17|          0|
    |add_ln326_20_reg_4795                  |  17|   0|   17|          0|
    |add_ln326_22_reg_4850                  |  18|   0|   18|          0|
    |add_ln326_23_reg_4800                  |  17|   0|   17|          0|
    |add_ln326_24_reg_4805                  |  17|   0|   17|          0|
    |add_ln326_26_reg_4855                  |  18|   0|   18|          0|
    |add_ln326_28_reg_4810                  |  17|   0|   17|          0|
    |add_ln326_29_reg_4815                  |  17|   0|   17|          0|
    |add_ln326_31_reg_4860                  |  18|   0|   18|          0|
    |add_ln326_32_reg_4820                  |  17|   0|   17|          0|
    |add_ln326_33_reg_4825                  |  16|   0|   16|          0|
    |add_ln326_35_reg_4865                  |  18|   0|   18|          0|
    |add_ln326_38_reg_4870                  |  21|   0|   21|          0|
    |add_ln326_3_reg_4830                   |  18|   0|   18|          0|
    |add_ln326_4_reg_4760                   |  17|   0|   17|          0|
    |add_ln326_5_reg_4765                   |  17|   0|   17|          0|
    |add_ln326_7_reg_4835                   |  18|   0|   18|          0|
    |add_ln326_9_reg_4770                   |  17|   0|   17|          0|
    |add_ln326_reg_4750                     |  17|   0|   17|          0|
    |ap_CS_fsm                              |   1|   0|    1|          0|
    |ap_done_reg                            |   1|   0|    1|          0|
    |ap_enable_reg_pp0_iter1                |   1|   0|    1|          0|
    |ap_enable_reg_pp0_iter2                |   1|   0|    1|          0|
    |ap_enable_reg_pp0_iter3                |   1|   0|    1|          0|
    |ap_enable_reg_pp0_iter4                |   1|   0|    1|          0|
    |ap_enable_reg_pp0_iter5                |   1|   0|    1|          0|
    |ap_enable_reg_pp0_iter6                |   1|   0|    1|          0|
    |ap_enable_reg_pp0_iter7                |   1|   0|    1|          0|
    |ap_loop_exit_ready_pp0_iter2_reg       |   1|   0|    1|          0|
    |ap_loop_exit_ready_pp0_iter3_reg       |   1|   0|    1|          0|
    |ap_loop_exit_ready_pp0_iter4_reg       |   1|   0|    1|          0|
    |ap_loop_exit_ready_pp0_iter5_reg       |   1|   0|    1|          0|
    |ap_loop_exit_ready_pp0_iter6_reg       |   1|   0|    1|          0|
    |empty_reg_4381                         |   1|   0|    1|          0|
    |empty_reg_4381_pp0_iter2_reg           |   1|   0|    1|          0|
    |group_fu_506                           |  32|   0|   32|          0|
    |icmp_ln299_reg_4373                    |   1|   0|    1|          0|
    |icmp_ln301_reg_4377                    |   1|   0|    1|          0|
    |input_word_10_fu_554                   |  10|   0|   10|          0|
    |input_word_11_fu_558                   |  10|   0|   10|          0|
    |input_word_12_fu_562                   |  10|   0|   10|          0|
    |input_word_13_fu_566                   |  10|   0|   10|          0|
    |input_word_14_fu_570                   |  10|   0|   10|          0|
    |input_word_15_fu_574                   |  10|   0|   10|          0|
    |input_word_16_fu_578                   |  10|   0|   10|          0|
    |input_word_17_fu_582                   |  10|   0|   10|          0|
    |input_word_18_fu_586                   |  10|   0|   10|          0|
    |input_word_19_fu_590                   |  10|   0|   10|          0|
    |input_word_1_fu_518                    |  10|   0|   10|          0|
    |input_word_20_fu_594                   |  10|   0|   10|          0|
    |input_word_21_fu_598                   |  10|   0|   10|          0|
    |input_word_22_fu_602                   |  10|   0|   10|          0|
    |input_word_23_fu_606                   |  10|   0|   10|          0|
    |input_word_24_fu_610                   |  10|   0|   10|          0|
    |input_word_25_fu_614                   |  10|   0|   10|          0|
    |input_word_26_fu_618                   |  10|   0|   10|          0|
    |input_word_27_fu_622                   |  10|   0|   10|          0|
    |input_word_28_fu_626                   |  10|   0|   10|          0|
    |input_word_29_fu_630                   |  10|   0|   10|          0|
    |input_word_2_fu_522                    |  10|   0|   10|          0|
    |input_word_30_fu_634                   |  10|   0|   10|          0|
    |input_word_31_fu_638                   |  10|   0|   10|          0|
    |input_word_32_fu_642                   |  10|   0|   10|          0|
    |input_word_33_fu_646                   |  10|   0|   10|          0|
    |input_word_34_fu_650                   |  10|   0|   10|          0|
    |input_word_35_fu_654                   |  10|   0|   10|          0|
    |input_word_36_fu_658                   |  10|   0|   10|          0|
    |input_word_37_fu_662                   |  10|   0|   10|          0|
    |input_word_38_fu_666                   |  10|   0|   10|          0|
    |input_word_39_fu_670                   |  10|   0|   10|          0|
    |input_word_3_fu_526                    |  10|   0|   10|          0|
    |input_word_40_fu_674                   |  10|   0|   10|          0|
    |input_word_41_fu_678                   |  10|   0|   10|          0|
    |input_word_42_fu_682                   |  10|   0|   10|          0|
    |input_word_43_fu_686                   |  10|   0|   10|          0|
    |input_word_44_fu_690                   |  10|   0|   10|          0|
    |input_word_45_fu_694                   |  10|   0|   10|          0|
    |input_word_46_fu_698                   |  10|   0|   10|          0|
    |input_word_47_fu_702                   |  10|   0|   10|          0|
    |input_word_48_fu_706                   |  10|   0|   10|          0|
    |input_word_49_fu_710                   |  10|   0|   10|          0|
    |input_word_4_fu_530                    |  10|   0|   10|          0|
    |input_word_50_fu_714                   |  10|   0|   10|          0|
    |input_word_51_fu_718                   |  10|   0|   10|          0|
    |input_word_52_fu_722                   |  10|   0|   10|          0|
    |input_word_53_fu_726                   |  10|   0|   10|          0|
    |input_word_54_fu_730                   |  10|   0|   10|          0|
    |input_word_55_fu_734                   |  10|   0|   10|          0|
    |input_word_56_fu_738                   |  10|   0|   10|          0|
    |input_word_57_fu_742                   |  10|   0|   10|          0|
    |input_word_58_fu_746                   |  10|   0|   10|          0|
    |input_word_59_fu_750                   |  10|   0|   10|          0|
    |input_word_5_fu_534                    |  10|   0|   10|          0|
    |input_word_60_fu_754                   |  10|   0|   10|          0|
    |input_word_61_fu_758                   |  10|   0|   10|          0|
    |input_word_62_fu_762                   |  10|   0|   10|          0|
    |input_word_63_fu_766                   |  10|   0|   10|          0|
    |input_word_64_fu_770                   |  10|   0|   10|          0|
    |input_word_65_fu_774                   |  10|   0|   10|          0|
    |input_word_66_fu_778                   |  10|   0|   10|          0|
    |input_word_67_fu_782                   |  10|   0|   10|          0|
    |input_word_68_fu_786                   |  10|   0|   10|          0|
    |input_word_69_fu_790                   |  10|   0|   10|          0|
    |input_word_6_fu_538                    |  10|   0|   10|          0|
    |input_word_70_fu_794                   |  10|   0|   10|          0|
    |input_word_71_fu_798                   |  10|   0|   10|          0|
    |input_word_72_fu_802                   |  10|   0|   10|          0|
    |input_word_73_fu_806                   |  10|   0|   10|          0|
    |input_word_74_fu_810                   |  10|   0|   10|          0|
    |input_word_75_fu_814                   |  10|   0|   10|          0|
    |input_word_76_fu_818                   |  10|   0|   10|          0|
    |input_word_77_fu_822                   |  10|   0|   10|          0|
    |input_word_78_fu_826                   |  10|   0|   10|          0|
    |input_word_79_fu_830                   |  10|   0|   10|          0|
    |input_word_7_fu_542                    |  10|   0|   10|          0|
    |input_word_8_fu_546                    |  10|   0|   10|          0|
    |input_word_9_fu_550                    |  10|   0|   10|          0|
    |input_word_fu_514                      |  10|   0|   10|          0|
    |lane_weight_11_reg_4515                |   6|   0|    6|          0|
    |lane_weight_12_reg_4525                |   6|   0|    6|          0|
    |lane_weight_12_reg_4525_pp0_iter4_reg  |   6|   0|    6|          0|
    |lane_weight_14_reg_4540                |   6|   0|    6|          0|
    |lane_weight_16_reg_4555                |   6|   0|    6|          0|
    |lane_weight_17_reg_4565                |   6|   0|    6|          0|
    |lane_weight_17_reg_4565_pp0_iter4_reg  |   6|   0|    6|          0|
    |lane_weight_19_reg_4580                |   6|   0|    6|          0|
    |lane_weight_1_reg_4435                 |   6|   0|    6|          0|
    |lane_weight_21_reg_4595                |   6|   0|    6|          0|
    |lane_weight_22_reg_4605                |   6|   0|    6|          0|
    |lane_weight_22_reg_4605_pp0_iter4_reg  |   6|   0|    6|          0|
    |lane_weight_24_reg_4620                |   6|   0|    6|          0|
    |lane_weight_26_reg_4635                |   6|   0|    6|          0|
    |lane_weight_27_reg_4645                |   6|   0|    6|          0|
    |lane_weight_27_reg_4645_pp0_iter4_reg  |   6|   0|    6|          0|
    |lane_weight_29_reg_4660                |   6|   0|    6|          0|
    |lane_weight_2_reg_4445                 |   6|   0|    6|          0|
    |lane_weight_2_reg_4445_pp0_iter4_reg   |   6|   0|    6|          0|
    |lane_weight_31_reg_4675                |   6|   0|    6|          0|
    |lane_weight_32_reg_4685                |   6|   0|    6|          0|
    |lane_weight_32_reg_4685_pp0_iter4_reg  |   6|   0|    6|          0|
    |lane_weight_34_reg_4700                |   6|   0|    6|          0|
    |lane_weight_36_reg_4715                |   6|   0|    6|          0|
    |lane_weight_37_reg_4725                |   6|   0|    6|          0|
    |lane_weight_37_reg_4725_pp0_iter4_reg  |   6|   0|    6|          0|
    |lane_weight_4_reg_4460                 |   6|   0|    6|          0|
    |lane_weight_6_reg_4475                 |   6|   0|    6|          0|
    |lane_weight_7_reg_4485                 |   6|   0|    6|          0|
    |lane_weight_7_reg_4485_pp0_iter4_reg   |   6|   0|    6|          0|
    |lane_weight_9_reg_4500                 |   6|   0|    6|          0|
    |mul_ln73_10_reg_4510                   |  16|   0|   16|          0|
    |mul_ln73_13_reg_4535                   |  16|   0|   16|          0|
    |mul_ln73_15_reg_4550                   |  16|   0|   16|          0|
    |mul_ln73_18_reg_4575                   |  16|   0|   16|          0|
    |mul_ln73_20_reg_4590                   |  16|   0|   16|          0|
    |mul_ln73_23_reg_4615                   |  16|   0|   16|          0|
    |mul_ln73_25_reg_4630                   |  16|   0|   16|          0|
    |mul_ln73_28_reg_4655                   |  16|   0|   16|          0|
    |mul_ln73_30_reg_4670                   |  16|   0|   16|          0|
    |mul_ln73_33_reg_4695                   |  16|   0|   16|          0|
    |mul_ln73_35_reg_4710                   |  16|   0|   16|          0|
    |mul_ln73_38_reg_4735                   |  16|   0|   16|          0|
    |mul_ln73_3_reg_4455                    |  16|   0|   16|          0|
    |mul_ln73_5_reg_4470                    |  16|   0|   16|          0|
    |mul_ln73_8_reg_4495                    |  16|   0|   16|          0|
    |mul_ln73_reg_4430                      |  16|   0|   16|          0|
    |step_1_reg_4368                        |   7|   0|    7|          0|
    |step_fu_510                            |   7|   0|    7|          0|
    |tmp_s_reg_4740                         |   4|   0|    4|          0|
    |icmp_ln299_reg_4373                    |  64|  32|    1|          0|
    +---------------------------------------+----+----+-----+-----------+
    |Total                                  |2154|  32| 2091|          0|
    +---------------------------------------+----+----+-----+-----------+



================================================================
== Interface
================================================================
* Summary: 
+------------------------------+-----+-----+------------+--------------------------------------------------------------------------+--------------+
|           RTL Ports          | Dir | Bits|  Protocol  |                               Source Object                              |    C Type    |
+------------------------------+-----+-----+------------+--------------------------------------------------------------------------+--------------+
|ap_clk                        |   in|    1|  ap_ctrl_hs|  dense_wide_stream<array,array<ap_fixed,1u>,config9>_Pipeline_DenseValues|  return value|
|ap_rst                        |   in|    1|  ap_ctrl_hs|  dense_wide_stream<array,array<ap_fixed,1u>,config9>_Pipeline_DenseValues|  return value|
|ap_start                      |   in|    1|  ap_ctrl_hs|  dense_wide_stream<array,array<ap_fixed,1u>,config9>_Pipeline_DenseValues|  return value|
|ap_done                       |  out|    1|  ap_ctrl_hs|  dense_wide_stream<array,array<ap_fixed,1u>,config9>_Pipeline_DenseValues|  return value|
|ap_idle                       |  out|    1|  ap_ctrl_hs|  dense_wide_stream<array,array<ap_fixed,1u>,config9>_Pipeline_DenseValues|  return value|
|ap_ready                      |  out|    1|  ap_ctrl_hs|  dense_wide_stream<array,array<ap_fixed,1u>,config9>_Pipeline_DenseValues|  return value|
|layer6_out_x4_dout            |   in|  800|     ap_fifo|                                                             layer6_out_x4|       pointer|
|layer6_out_x4_num_data_valid  |   in|    3|     ap_fifo|                                                             layer6_out_x4|       pointer|
|layer6_out_x4_fifo_cap        |   in|    3|     ap_fifo|                                                             layer6_out_x4|       pointer|
|layer6_out_x4_empty_n         |   in|    1|     ap_fifo|                                                             layer6_out_x4|       pointer|
|layer6_out_x4_read            |  out|    1|     ap_fifo|                                                             layer6_out_x4|       pointer|
|accumulator_out               |  out|   24|      ap_vld|                                                           accumulator_out|       pointer|
|accumulator_out_ap_vld        |  out|    1|      ap_vld|                                                           accumulator_out|       pointer|
+------------------------------+-----+-----+------------+--------------------------------------------------------------------------+--------------+

