

================================================================
== Vitis HLS Report for 'dense_wide_stream_array_array_ap_fixed_1u_config12_Pipeline_DenseValues'
================================================================
* Date:           Thu Sep 17 02:03:15 2026

* Version:        2023.2 (Build 4023990 on Oct 11 2023)
* Project:        cnn_core_prj
* Solution:       solution1 (Vivado IP Flow Target)
* Product family: kintexuplus
* Target device:  xcku5p-ffvb676-2-e


================================================================
== Performance Estimates
================================================================
+ Timing: 
    * Summary: 
    +--------+---------+----------+------------+
    |  Clock |  Target | Estimated| Uncertainty|
    +--------+---------+----------+------------+
    |ap_clk  |  5.00 ns|  3.386 ns|     1.35 ns|
    +--------+---------+----------+------------+

+ Latency: 
    * Summary: 
    +---------+---------+-----------+-----------+-----+-----+---------+
    |  Latency (cycles) |   Latency (absolute)  |  Interval | Pipeline|
    |   min   |   max   |    min    |    max    | min | max |   Type  |
    +---------+---------+-----------+-----------+-----+-----+---------+
    |       13|       13|  65.000 ns|  65.000 ns|   13|   13|       no|
    +---------+---------+-----------+-----------+-----+-----+---------+

    + Detail: 
        * Instance: 
        N/A

        * Loop: 
        +---------------+---------+---------+----------+-----------+-----------+------+----------+
        |               |  Latency (cycles) | Iteration|  Initiation Interval  | Trip |          |
        |   Loop Name   |   min   |   max   |  Latency |  achieved |   target  | Count| Pipelined|
        +---------------+---------+---------+----------+-----------+-----------+------+----------+
        |- DenseValues  |       11|       11|         7|          1|          1|     6|       yes|
        +---------------+---------+---------+----------+-----------+-----------+------+----------+



================================================================
== Utilization Estimates
================================================================
* Summary: 
+-----------------+---------+------+--------+--------+-----+
|       Name      | BRAM_18K|  DSP |   FF   |   LUT  | URAM|
+-----------------+---------+------+--------+--------+-----+
|DSP              |        -|    32|       -|       -|    -|
|Expression       |        -|     -|       0|     423|    -|
|FIFO             |        -|     -|       -|       -|    -|
|Instance         |        -|     0|       0|     992|    -|
|Memory           |        7|     -|       0|       0|    -|
|Multiplexer      |        -|     -|       -|      54|    -|
|Register         |        -|     -|    2659|     544|    -|
+-----------------+---------+------+--------+--------+-----+
|Total            |        7|    32|    2659|    2013|    0|
+-----------------+---------+------+--------+--------+-----+
|Available        |      960|  1824|  433920|  216960|   64|
+-----------------+---------+------+--------+--------+-----+
|Utilization (%)  |       ~0|     1|      ~0|      ~0|    0|
+-----------------+---------+------+--------+--------+-----+

+ Detail: 
    * Instance: 
    +-----------------------+-------------------+---------+----+---+----+-----+
    |        Instance       |       Module      | BRAM_18K| DSP| FF| LUT| URAM|
    +-----------------------+-------------------+---------+----+---+----+-----+
    |mul_10s_5s_15_1_1_U64  |mul_10s_5s_15_1_1  |        0|   0|  0|  62|    0|
    |mul_10s_5s_15_1_1_U65  |mul_10s_5s_15_1_1  |        0|   0|  0|  62|    0|
    |mul_10s_5s_15_1_1_U66  |mul_10s_5s_15_1_1  |        0|   0|  0|  62|    0|
    |mul_10s_5s_15_1_1_U67  |mul_10s_5s_15_1_1  |        0|   0|  0|  62|    0|
    |mul_10s_5s_15_1_1_U68  |mul_10s_5s_15_1_1  |        0|   0|  0|  62|    0|
    |mul_10s_5s_15_1_1_U69  |mul_10s_5s_15_1_1  |        0|   0|  0|  62|    0|
    |mul_10s_5s_15_1_1_U70  |mul_10s_5s_15_1_1  |        0|   0|  0|  62|    0|
    |mul_10s_5s_15_1_1_U71  |mul_10s_5s_15_1_1  |        0|   0|  0|  62|    0|
    |mul_10s_5s_15_1_1_U72  |mul_10s_5s_15_1_1  |        0|   0|  0|  62|    0|
    |mul_10s_5s_15_1_1_U73  |mul_10s_5s_15_1_1  |        0|   0|  0|  62|    0|
    |mul_10s_5s_15_1_1_U74  |mul_10s_5s_15_1_1  |        0|   0|  0|  62|    0|
    |mul_10s_5s_15_1_1_U75  |mul_10s_5s_15_1_1  |        0|   0|  0|  62|    0|
    |mul_10s_5s_15_1_1_U76  |mul_10s_5s_15_1_1  |        0|   0|  0|  62|    0|
    |mul_10s_5s_15_1_1_U77  |mul_10s_5s_15_1_1  |        0|   0|  0|  62|    0|
    |mul_10s_5s_15_1_1_U78  |mul_10s_5s_15_1_1  |        0|   0|  0|  62|    0|
    |mul_10s_5s_15_1_1_U79  |mul_10s_5s_15_1_1  |        0|   0|  0|  62|    0|
    +-----------------------+-------------------+---------+----+---+----+-----+
    |Total                  |                   |        0|   0|  0| 992|    0|
    +-----------------------+-------------------+---------+----+---+----+-----+

    * DSP: 
    +-----------------------------------+-------------------------------+--------------+
    |              Instance             |             Module            |  Expression  |
    +-----------------------------------+-------------------------------+--------------+
    |mac_muladd_10s_4ns_15s_15_1_1_U95  |mac_muladd_10s_4ns_15s_15_1_1  |  i0 + i1 * i2|
    |mac_muladd_10s_5s_15s_16_1_1_U80   |mac_muladd_10s_5s_15s_16_1_1   |  i0 + i1 * i2|
    |mac_muladd_10s_5s_15s_16_1_1_U81   |mac_muladd_10s_5s_15s_16_1_1   |  i0 + i1 * i2|
    |mac_muladd_10s_5s_15s_16_1_1_U82   |mac_muladd_10s_5s_15s_16_1_1   |  i0 + i1 * i2|
    |mac_muladd_10s_5s_15s_16_1_1_U83   |mac_muladd_10s_5s_15s_16_1_1   |  i0 + i1 * i2|
    |mac_muladd_10s_5s_15s_16_1_1_U84   |mac_muladd_10s_5s_15s_16_1_1   |  i0 + i1 * i2|
    |mac_muladd_10s_5s_15s_16_1_1_U85   |mac_muladd_10s_5s_15s_16_1_1   |  i0 + i1 * i2|
    |mac_muladd_10s_5s_15s_16_1_1_U86   |mac_muladd_10s_5s_15s_16_1_1   |  i0 + i1 * i2|
    |mac_muladd_10s_5s_15s_16_1_1_U87   |mac_muladd_10s_5s_15s_16_1_1   |  i0 + i1 * i2|
    |mac_muladd_10s_5s_15s_16_1_1_U88   |mac_muladd_10s_5s_15s_16_1_1   |  i0 + i1 * i2|
    |mac_muladd_10s_5s_15s_16_1_1_U89   |mac_muladd_10s_5s_15s_16_1_1   |  i0 + i1 * i2|
    |mac_muladd_10s_5s_15s_16_1_1_U90   |mac_muladd_10s_5s_15s_16_1_1   |  i0 + i1 * i2|
    |mac_muladd_10s_5s_15s_16_1_1_U91   |mac_muladd_10s_5s_15s_16_1_1   |  i0 + i1 * i2|
    |mac_muladd_10s_5s_15s_16_1_1_U92   |mac_muladd_10s_5s_15s_16_1_1   |  i0 + i1 * i2|
    |mac_muladd_10s_5s_15s_16_1_1_U93   |mac_muladd_10s_5s_15s_16_1_1   |  i0 + i1 * i2|
    |mac_muladd_10s_5s_15s_16_1_1_U94   |mac_muladd_10s_5s_15s_16_1_1   |  i0 + i1 * i2|
    |mac_muladd_10s_5s_15s_16_1_1_U111  |mac_muladd_10s_5s_15s_16_1_1   |  i0 + i1 * i2|
    |mac_muladd_10s_5s_16s_16_1_1_U96   |mac_muladd_10s_5s_16s_16_1_1   |  i0 + i1 * i2|
    |mac_muladd_10s_5s_16s_16_1_1_U97   |mac_muladd_10s_5s_16s_16_1_1   |  i0 + i1 * i2|
    |mac_muladd_10s_5s_16s_16_1_1_U98   |mac_muladd_10s_5s_16s_16_1_1   |  i0 + i1 * i2|
    |mac_muladd_10s_5s_16s_16_1_1_U99   |mac_muladd_10s_5s_16s_16_1_1   |  i0 + i1 * i2|
    |mac_muladd_10s_5s_16s_16_1_1_U100  |mac_muladd_10s_5s_16s_16_1_1   |  i0 + i1 * i2|
    |mac_muladd_10s_5s_16s_16_1_1_U101  |mac_muladd_10s_5s_16s_16_1_1   |  i0 + i1 * i2|
    |mac_muladd_10s_5s_16s_16_1_1_U102  |mac_muladd_10s_5s_16s_16_1_1   |  i0 + i1 * i2|
    |mac_muladd_10s_5s_16s_16_1_1_U103  |mac_muladd_10s_5s_16s_16_1_1   |  i0 + i1 * i2|
    |mac_muladd_10s_5s_16s_16_1_1_U104  |mac_muladd_10s_5s_16s_16_1_1   |  i0 + i1 * i2|
    |mac_muladd_10s_5s_16s_16_1_1_U105  |mac_muladd_10s_5s_16s_16_1_1   |  i0 + i1 * i2|
    |mac_muladd_10s_5s_16s_16_1_1_U106  |mac_muladd_10s_5s_16s_16_1_1   |  i0 + i1 * i2|
    |mac_muladd_10s_5s_16s_16_1_1_U107  |mac_muladd_10s_5s_16s_16_1_1   |  i0 + i1 * i2|
    |mac_muladd_10s_5s_16s_16_1_1_U108  |mac_muladd_10s_5s_16s_16_1_1   |  i0 + i1 * i2|
    |mac_muladd_10s_5s_16s_16_1_1_U109  |mac_muladd_10s_5s_16s_16_1_1   |  i0 + i1 * i2|
    |mac_muladd_10s_5s_16s_16_1_1_U110  |mac_muladd_10s_5s_16s_16_1_1   |  i0 + i1 * i2|
    +-----------------------------------+-------------------------------+--------------+

    * Memory: 
    +--------------------+----------------------------------------------------------------------------------+---------+---+----+-----+------+-----+------+-------------+
    |       Memory       |                                      Module                                      | BRAM_18K| FF| LUT| URAM| Words| Bits| Banks| W*Bits*Banks|
    +--------------------+----------------------------------------------------------------------------------+---------+---+----+-----+------+-----+------+-------------+
    |w12_ravel_packed_U  |dense_wide_stream_array_array_ap_fixed_1u_config12_Pipeline_DenseValues_w12_rbkb  |        7|  0|   0|    0|     6|  239|     1|         1434|
    +--------------------+----------------------------------------------------------------------------------+---------+---+----+-----+------+-----+------+-------------+
    |Total               |                                                                                  |        7|  0|   0|    0|     6|  239|     1|         1434|
    +--------------------+----------------------------------------------------------------------------------+---------+---+----+-----+------+-----+------+-------------+

    * FIFO: 
    N/A

    * Expression: 
    +---------------------------+----------+----+---+----+------------+------------+
    |       Variable Name       | Operation| DSP| FF| LUT| Bitwidth P0| Bitwidth P1|
    +---------------------------+----------+----+---+----+------------+------------+
    |accumulator_1_fu_1990_p2   |         +|   0|  0|  28|          21|          21|
    |add_ln899_fu_387_p2        |         +|   0|  0|  10|           3|           1|
    |add_ln926_10_fu_1900_p2    |         +|   0|  0|  25|          18|          18|
    |add_ln926_15_fu_1825_p2    |         +|   0|  0|  24|          17|          17|
    |add_ln926_20_fu_1837_p2    |         +|   0|  0|  24|          17|          17|
    |add_ln926_21_fu_1916_p2    |         +|   0|  0|  25|          18|          18|
    |add_ln926_22_fu_1926_p2    |         +|   0|  0|  26|          19|          19|
    |add_ln926_27_fu_1849_p2    |         +|   0|  0|  24|          17|          17|
    |add_ln926_32_fu_1861_p2    |         +|   0|  0|  24|          17|          17|
    |add_ln926_33_fu_1942_p2    |         +|   0|  0|  25|          18|          18|
    |add_ln926_38_fu_1873_p2    |         +|   0|  0|  24|          17|          17|
    |add_ln926_43_fu_1888_p2    |         +|   0|  0|  24|          17|          17|
    |add_ln926_44_fu_1958_p2    |         +|   0|  0|  25|          18|          18|
    |add_ln926_45_fu_1968_p2    |         +|   0|  0|  26|          19|          19|
    |add_ln926_46_fu_1978_p2    |         +|   0|  0|  27|          20|          20|
    |add_ln926_4_fu_1801_p2     |         +|   0|  0|  24|          17|          17|
    |add_ln926_9_fu_1813_p2     |         +|   0|  0|  24|          17|          17|
    |ap_block_pp0_stage0_01001  |       and|   0|  0|   2|           1|           1|
    |icmp_ln899_fu_381_p2       |      icmp|   0|  0|  10|           3|           3|
    |ap_enable_pp0              |       xor|   0|  0|   2|           1|           2|
    +---------------------------+----------+----+---+----+------------+------------+
    |Total                      |          |   0|  0| 423|         295|         294|
    +---------------------------+----------+----+---+----+------------+------------+

    * Multiplexer: 
    +-------------------------+----+-----------+-----+-----------+
    |           Name          | LUT| Input Size| Bits| Total Bits|
    +-------------------------+----+-----------+-----+-----------+
    |accumulator_fu_334       |   9|          2|   21|         42|
    |ap_done_int              |   9|          2|    1|          2|
    |ap_enable_reg_pp0_iter1  |   9|          2|    1|          2|
    |ap_sig_allocacmp_step_3  |   9|          2|    3|          6|
    |layer9_out_blk_n         |   9|          2|    1|          2|
    |step_fu_338              |   9|          2|    3|          6|
    +-------------------------+----+-----------+-----+-----------+
    |Total                    |  54|         12|   30|         60|
    +-------------------------+----+-----------+-----+-----------+

    * Register: 
    +---------------------------------------+----+----+-----+-----------+
    |                  Name                 | FF | LUT| Bits| Const Bits|
    +---------------------------------------+----+----+-----+-----------+
    |a_10_reg_2340                          |  10|   0|   10|          0|
    |a_10_reg_2340_pp0_iter2_reg            |  10|   0|   10|          0|
    |a_11_reg_2345                          |  10|   0|   10|          0|
    |a_12_reg_2350                          |  10|   0|   10|          0|
    |a_13_reg_2355                          |  10|   0|   10|          0|
    |a_13_reg_2355_pp0_iter2_reg            |  10|   0|   10|          0|
    |a_14_reg_2360                          |  10|   0|   10|          0|
    |a_15_reg_2365                          |  10|   0|   10|          0|
    |a_16_reg_2370                          |  10|   0|   10|          0|
    |a_16_reg_2370_pp0_iter2_reg            |  10|   0|   10|          0|
    |a_17_reg_2375                          |  10|   0|   10|          0|
    |a_18_reg_2380                          |  10|   0|   10|          0|
    |a_19_reg_2385                          |  10|   0|   10|          0|
    |a_19_reg_2385_pp0_iter2_reg            |  10|   0|   10|          0|
    |a_1_reg_2290                           |  10|   0|   10|          0|
    |a_20_reg_2390                          |  10|   0|   10|          0|
    |a_21_reg_2395                          |  10|   0|   10|          0|
    |a_22_reg_2400                          |  10|   0|   10|          0|
    |a_22_reg_2400_pp0_iter2_reg            |  10|   0|   10|          0|
    |a_23_reg_2405                          |  10|   0|   10|          0|
    |a_24_reg_2410                          |  10|   0|   10|          0|
    |a_25_reg_2415                          |  10|   0|   10|          0|
    |a_25_reg_2415_pp0_iter2_reg            |  10|   0|   10|          0|
    |a_26_reg_2420                          |  10|   0|   10|          0|
    |a_27_reg_2425                          |  10|   0|   10|          0|
    |a_28_reg_2430                          |  10|   0|   10|          0|
    |a_28_reg_2430_pp0_iter2_reg            |  10|   0|   10|          0|
    |a_29_reg_2435                          |  10|   0|   10|          0|
    |a_2_reg_2295                           |  10|   0|   10|          0|
    |a_2_reg_2295_pp0_iter2_reg             |  10|   0|   10|          0|
    |a_30_reg_2440                          |  10|   0|   10|          0|
    |a_31_reg_2445                          |  10|   0|   10|          0|
    |a_31_reg_2445_pp0_iter2_reg            |  10|   0|   10|          0|
    |a_32_reg_2450                          |  10|   0|   10|          0|
    |a_33_reg_2455                          |  10|   0|   10|          0|
    |a_34_reg_2460                          |  10|   0|   10|          0|
    |a_34_reg_2460_pp0_iter2_reg            |  10|   0|   10|          0|
    |a_35_reg_2465                          |  10|   0|   10|          0|
    |a_36_reg_2470                          |  10|   0|   10|          0|
    |a_37_reg_2475                          |  10|   0|   10|          0|
    |a_37_reg_2475_pp0_iter2_reg            |  10|   0|   10|          0|
    |a_38_reg_2480                          |  10|   0|   10|          0|
    |a_39_reg_2485                          |  10|   0|   10|          0|
    |a_3_reg_2300                           |  10|   0|   10|          0|
    |a_40_reg_2490                          |  10|   0|   10|          0|
    |a_40_reg_2490_pp0_iter2_reg            |  10|   0|   10|          0|
    |a_41_reg_2495                          |  10|   0|   10|          0|
    |a_42_reg_2500                          |  10|   0|   10|          0|
    |a_43_reg_2505                          |  10|   0|   10|          0|
    |a_43_reg_2505_pp0_iter2_reg            |  10|   0|   10|          0|
    |a_44_reg_2510                          |  10|   0|   10|          0|
    |a_45_reg_2515                          |  10|   0|   10|          0|
    |a_46_reg_2520                          |  10|   0|   10|          0|
    |a_46_reg_2520_pp0_iter2_reg            |  10|   0|   10|          0|
    |a_47_reg_2335                          |  10|   0|   10|          0|
    |a_4_reg_2305                           |  10|   0|   10|          0|
    |a_5_reg_2310                           |  10|   0|   10|          0|
    |a_5_reg_2310_pp0_iter2_reg             |  10|   0|   10|          0|
    |a_6_reg_2315                           |  10|   0|   10|          0|
    |a_7_reg_2320                           |  10|   0|   10|          0|
    |a_8_reg_2325                           |  10|   0|   10|          0|
    |a_8_reg_2325_pp0_iter2_reg             |  10|   0|   10|          0|
    |a_9_reg_2330                           |  10|   0|   10|          0|
    |a_reg_2285                             |  10|   0|   10|          0|
    |accumulator_fu_334                     |  21|   0|   21|          0|
    |add_ln926_11_reg_2790                  |  16|   0|   16|          0|
    |add_ln926_13_reg_2795                  |  16|   0|   16|          0|
    |add_ln926_15_reg_2860                  |  17|   0|   17|          0|
    |add_ln926_16_reg_2800                  |  16|   0|   16|          0|
    |add_ln926_18_reg_2805                  |  16|   0|   16|          0|
    |add_ln926_20_reg_2865                  |  17|   0|   17|          0|
    |add_ln926_23_reg_2810                  |  16|   0|   16|          0|
    |add_ln926_25_reg_2815                  |  16|   0|   16|          0|
    |add_ln926_27_reg_2870                  |  17|   0|   17|          0|
    |add_ln926_28_reg_2820                  |  16|   0|   16|          0|
    |add_ln926_2_reg_2775                   |  16|   0|   16|          0|
    |add_ln926_30_reg_2825                  |  16|   0|   16|          0|
    |add_ln926_32_reg_2875                  |  17|   0|   17|          0|
    |add_ln926_34_reg_2830                  |  16|   0|   16|          0|
    |add_ln926_36_reg_2835                  |  16|   0|   16|          0|
    |add_ln926_38_reg_2880                  |  17|   0|   17|          0|
    |add_ln926_39_reg_2840                  |  16|   0|   16|          0|
    |add_ln926_41_reg_2845                  |  15|   0|   15|          0|
    |add_ln926_43_reg_2885                  |  17|   0|   17|          0|
    |add_ln926_46_reg_2890                  |  20|   0|   20|          0|
    |add_ln926_4_reg_2850                   |  17|   0|   17|          0|
    |add_ln926_5_reg_2780                   |  16|   0|   16|          0|
    |add_ln926_7_reg_2785                   |  16|   0|   16|          0|
    |add_ln926_9_reg_2855                   |  17|   0|   17|          0|
    |add_ln926_reg_2770                     |  16|   0|   16|          0|
    |ap_CS_fsm                              |   1|   0|    1|          0|
    |ap_done_reg                            |   1|   0|    1|          0|
    |ap_enable_reg_pp0_iter1                |   1|   0|    1|          0|
    |ap_enable_reg_pp0_iter2                |   1|   0|    1|          0|
    |ap_enable_reg_pp0_iter3                |   1|   0|    1|          0|
    |ap_enable_reg_pp0_iter4                |   1|   0|    1|          0|
    |ap_enable_reg_pp0_iter5                |   1|   0|    1|          0|
    |ap_enable_reg_pp0_iter6                |   1|   0|    1|          0|
    |ap_loop_exit_ready_pp0_iter1_reg       |   1|   0|    1|          0|
    |ap_loop_exit_ready_pp0_iter2_reg       |   1|   0|    1|          0|
    |ap_loop_exit_ready_pp0_iter3_reg       |   1|   0|    1|          0|
    |ap_loop_exit_ready_pp0_iter4_reg       |   1|   0|    1|          0|
    |ap_loop_exit_ready_pp0_iter5_reg       |   1|   0|    1|          0|
    |icmp_ln899_reg_2281                    |   1|   0|    1|          0|
    |lane_weight_11_reg_2585                |   5|   0|    5|          0|
    |lane_weight_12_reg_2590                |   5|   0|    5|          0|
    |lane_weight_12_reg_2590_pp0_iter3_reg  |   5|   0|    5|          0|
    |lane_weight_14_reg_2600                |   5|   0|    5|          0|
    |lane_weight_15_reg_2605                |   5|   0|    5|          0|
    |lane_weight_15_reg_2605_pp0_iter3_reg  |   5|   0|    5|          0|
    |lane_weight_17_reg_2615                |   5|   0|    5|          0|
    |lane_weight_18_reg_2620                |   5|   0|    5|          0|
    |lane_weight_18_reg_2620_pp0_iter3_reg  |   5|   0|    5|          0|
    |lane_weight_20_reg_2630                |   5|   0|    5|          0|
    |lane_weight_21_reg_2635                |   5|   0|    5|          0|
    |lane_weight_21_reg_2635_pp0_iter3_reg  |   5|   0|    5|          0|
    |lane_weight_23_reg_2645                |   5|   0|    5|          0|
    |lane_weight_24_reg_2650                |   5|   0|    5|          0|
    |lane_weight_24_reg_2650_pp0_iter3_reg  |   5|   0|    5|          0|
    |lane_weight_26_reg_2660                |   5|   0|    5|          0|
    |lane_weight_27_reg_2665                |   5|   0|    5|          0|
    |lane_weight_27_reg_2665_pp0_iter3_reg  |   5|   0|    5|          0|
    |lane_weight_29_reg_2675                |   5|   0|    5|          0|
    |lane_weight_2_reg_2540                 |   5|   0|    5|          0|
    |lane_weight_30_reg_2680                |   5|   0|    5|          0|
    |lane_weight_30_reg_2680_pp0_iter3_reg  |   5|   0|    5|          0|
    |lane_weight_32_reg_2690                |   5|   0|    5|          0|
    |lane_weight_33_reg_2695                |   5|   0|    5|          0|
    |lane_weight_33_reg_2695_pp0_iter3_reg  |   5|   0|    5|          0|
    |lane_weight_35_reg_2705                |   5|   0|    5|          0|
    |lane_weight_36_reg_2710                |   5|   0|    5|          0|
    |lane_weight_36_reg_2710_pp0_iter3_reg  |   5|   0|    5|          0|
    |lane_weight_38_reg_2720                |   5|   0|    5|          0|
    |lane_weight_39_reg_2725                |   5|   0|    5|          0|
    |lane_weight_39_reg_2725_pp0_iter3_reg  |   5|   0|    5|          0|
    |lane_weight_3_reg_2545                 |   5|   0|    5|          0|
    |lane_weight_3_reg_2545_pp0_iter3_reg   |   5|   0|    5|          0|
    |lane_weight_41_reg_2735                |   5|   0|    5|          0|
    |lane_weight_42_reg_2740                |   5|   0|    5|          0|
    |lane_weight_42_reg_2740_pp0_iter3_reg  |   5|   0|    5|          0|
    |lane_weight_44_reg_2750                |   5|   0|    5|          0|
    |lane_weight_45_reg_2755                |   5|   0|    5|          0|
    |lane_weight_45_reg_2755_pp0_iter3_reg  |   5|   0|    5|          0|
    |lane_weight_5_reg_2555                 |   5|   0|    5|          0|
    |lane_weight_6_reg_2560                 |   5|   0|    5|          0|
    |lane_weight_6_reg_2560_pp0_iter3_reg   |   5|   0|    5|          0|
    |lane_weight_8_reg_2570                 |   5|   0|    5|          0|
    |lane_weight_9_reg_2575                 |   5|   0|    5|          0|
    |lane_weight_9_reg_2575_pp0_iter3_reg   |   5|   0|    5|          0|
    |lane_weight_reg_2530                   |   5|   0|    5|          0|
    |lane_weight_reg_2530_pp0_iter3_reg     |   5|   0|    5|          0|
    |mul_ln73_10_reg_2580                   |  15|   0|   15|          0|
    |mul_ln73_13_reg_2595                   |  15|   0|   15|          0|
    |mul_ln73_16_reg_2610                   |  15|   0|   15|          0|
    |mul_ln73_19_reg_2625                   |  15|   0|   15|          0|
    |mul_ln73_1_reg_2535                    |  15|   0|   15|          0|
    |mul_ln73_22_reg_2640                   |  15|   0|   15|          0|
    |mul_ln73_25_reg_2655                   |  15|   0|   15|          0|
    |mul_ln73_28_reg_2670                   |  15|   0|   15|          0|
    |mul_ln73_31_reg_2685                   |  15|   0|   15|          0|
    |mul_ln73_34_reg_2700                   |  15|   0|   15|          0|
    |mul_ln73_37_reg_2715                   |  15|   0|   15|          0|
    |mul_ln73_40_reg_2730                   |  15|   0|   15|          0|
    |mul_ln73_43_reg_2745                   |  15|   0|   15|          0|
    |mul_ln73_46_reg_2760                   |  15|   0|   15|          0|
    |mul_ln73_4_reg_2550                    |  15|   0|   15|          0|
    |mul_ln73_7_reg_2565                    |  15|   0|   15|          0|
    |step_3_reg_2276                        |   3|   0|    3|          0|
    |step_fu_338                            |   3|   0|    3|          0|
    |tmp_s_reg_2765                         |   4|   0|    4|          0|
    |a_11_reg_2345                          |  64|  32|   10|          0|
    |a_14_reg_2360                          |  64|  32|   10|          0|
    |a_17_reg_2375                          |  64|  32|   10|          0|
    |a_20_reg_2390                          |  64|  32|   10|          0|
    |a_23_reg_2405                          |  64|  32|   10|          0|
    |a_26_reg_2420                          |  64|  32|   10|          0|
    |a_29_reg_2435                          |  64|  32|   10|          0|
    |a_32_reg_2450                          |  64|  32|   10|          0|
    |a_35_reg_2465                          |  64|  32|   10|          0|
    |a_38_reg_2480                          |  64|  32|   10|          0|
    |a_3_reg_2300                           |  64|  32|   10|          0|
    |a_41_reg_2495                          |  64|  32|   10|          0|
    |a_44_reg_2510                          |  64|  32|   10|          0|
    |a_6_reg_2315                           |  64|  32|   10|          0|
    |a_9_reg_2330                           |  64|  32|   10|          0|
    |a_reg_2285                             |  64|  32|   10|          0|
    |icmp_ln899_reg_2281                    |  64|  32|    1|          0|
    +---------------------------------------+----+----+-----+-----------+
    |Total                                  |2659| 544| 1732|          0|
    +---------------------------------------+----+----+-----+-----------+



================================================================
== Interface
================================================================
* Summary: 
+---------------------------+-----+-----+------------+---------------------------------------------------------------------------+--------------+
|         RTL Ports         | Dir | Bits|  Protocol  |                               Source Object                               |    C Type    |
+---------------------------+-----+-----+------------+---------------------------------------------------------------------------+--------------+
|ap_clk                     |   in|    1|  ap_ctrl_hs|  dense_wide_stream<array,array<ap_fixed,1u>,config12>_Pipeline_DenseValues|  return value|
|ap_rst                     |   in|    1|  ap_ctrl_hs|  dense_wide_stream<array,array<ap_fixed,1u>,config12>_Pipeline_DenseValues|  return value|
|ap_start                   |   in|    1|  ap_ctrl_hs|  dense_wide_stream<array,array<ap_fixed,1u>,config12>_Pipeline_DenseValues|  return value|
|ap_done                    |  out|    1|  ap_ctrl_hs|  dense_wide_stream<array,array<ap_fixed,1u>,config12>_Pipeline_DenseValues|  return value|
|ap_idle                    |  out|    1|  ap_ctrl_hs|  dense_wide_stream<array,array<ap_fixed,1u>,config12>_Pipeline_DenseValues|  return value|
|ap_ready                   |  out|    1|  ap_ctrl_hs|  dense_wide_stream<array,array<ap_fixed,1u>,config12>_Pipeline_DenseValues|  return value|
|layer9_out_dout            |   in|  480|     ap_fifo|                                                                 layer9_out|       pointer|
|layer9_out_num_data_valid  |   in|    3|     ap_fifo|                                                                 layer9_out|       pointer|
|layer9_out_fifo_cap        |   in|    3|     ap_fifo|                                                                 layer9_out|       pointer|
|layer9_out_empty_n         |   in|    1|     ap_fifo|                                                                 layer9_out|       pointer|
|layer9_out_read            |  out|    1|     ap_fifo|                                                                 layer9_out|       pointer|
|accumulator_out            |  out|   21|      ap_vld|                                                            accumulator_out|       pointer|
|accumulator_out_ap_vld     |  out|    1|      ap_vld|                                                            accumulator_out|       pointer|
+---------------------------+-----+-----+------------+---------------------------------------------------------------------------+--------------+

