

================================================================
== Vitis HLS Report for 'first_conv_2row_4lane_temporal_wide_cl_array_array_ap_fixed_80u_config4_s'
================================================================
* Date:           Mon Sep 14 20:26:22 2026

* Version:        2023.2 (Build 4023990 on Oct 11 2023)
* Project:        cnn_core_prj
* Solution:       solution1 (Vivado IP Flow Target)
* Product family: kintexuplus
* Target device:  xcku5p-ffvb676-2-e


================================================================
== Performance Estimates
================================================================
+ Timing: 
    * Summary: 
    +--------+---------+----------+------------+
    |  Clock |  Target | Estimated| Uncertainty|
    +--------+---------+----------+------------+
    |ap_clk  |  5.00 ns|  3.445 ns|     1.35 ns|
    +--------+---------+----------+------------+

+ Latency: 
    * Summary: 
    +---------+---------+----------+----------+-----+-----+---------+
    |  Latency (cycles) |  Latency (absolute) |  Interval | Pipeline|
    |   min   |   max   |    min   |    max   | min | max |   Type  |
    +---------+---------+----------+----------+-----+-----+---------+
    |      131|      131|  0.655 us|  0.655 us|  131|  131|       no|
    +---------+---------+----------+----------+-----+-----+---------+

    + Detail: 
        * Instance: 
        N/A

        * Loop: 
        +-----------------+---------+---------+----------+-----------+-----------+------+----------+
        |                 |  Latency (cycles) | Iteration|  Initiation Interval  | Trip |          |
        |    Loop Name    |   min   |   max   |  Latency |  achieved |   target  | Count| Pipelined|
        +-----------------+---------+---------+----------+-----------+-----------+------+----------+
        |- ReadPairsWide  |      129|      129|         3|          1|          1|   128|       yes|
        +-----------------+---------+---------+----------+-----------+-----------+------+----------+



================================================================
== Utilization Estimates
================================================================
* Summary: 
+-----------------+---------+------+--------+--------+-----+
|       Name      | BRAM_18K|  DSP |   FF   |   LUT  | URAM|
+-----------------+---------+------+--------+--------+-----+
|DSP              |        -|     -|       -|       -|    -|
|Expression       |        -|     -|       0|   12288|    -|
|FIFO             |        -|     -|       -|       -|    -|
|Instance         |        -|     -|       -|       -|    -|
|Memory           |        -|     -|       -|       -|    -|
|Multiplexer      |        -|     -|       -|      72|    -|
|Register         |        -|     -|    2383|       -|    -|
+-----------------+---------+------+--------+--------+-----+
|Total            |        0|     0|    2383|   12360|    0|
+-----------------+---------+------+--------+--------+-----+
|Available        |      960|  1824|  433920|  216960|   64|
+-----------------+---------+------+--------+--------+-----+
|Utilization (%)  |        0|     0|      ~0|       5|    0|
+-----------------+---------+------+--------+--------+-----+

+ Detail: 
    * Instance: 
    N/A

    * DSP: 
    N/A

    * Memory: 
    N/A

    * FIFO: 
    N/A

    * Expression: 
    +----------------------------------+----------+----+---+-----+------------+------------+
    |           Variable Name          | Operation| DSP| FF| LUT | Bitwidth P0| Bitwidth P1|
    +----------------------------------+----------+----+---+-----+------------+------------+
    |add_ln58_100_fu_3377_p2           |         +|   0|  0|   20|          13|          13|
    |add_ln58_101_fu_3367_p2           |         +|   0|  0|   19|          12|          12|
    |add_ln58_102_fu_3396_p2           |         +|   0|  0|   21|          14|          14|
    |add_ln58_103_fu_3386_p2           |         +|   0|  0|   20|          13|          13|
    |add_ln58_104_fu_3412_p2           |         +|   0|  0|   16|          14|          10|
    |add_ln58_106_fu_3428_p2           |         +|   0|  0|   16|          15|          15|
    |add_ln58_107_fu_3422_p2           |         +|   0|  0|   16|          15|          15|
    |add_ln58_108_fu_3438_p2           |         +|   0|  0|   16|          16|          16|
    |add_ln58_109_fu_3444_p2           |         +|   0|  0|   22|          15|          15|
    |add_ln58_10_fu_1785_p2            |         +|   0|  0|   20|          13|          13|
    |add_ln58_110_fu_3469_p2           |         +|   0|  0|   21|          14|          14|
    |add_ln58_112_fu_3479_p2           |         +|   0|  0|   16|          15|          15|
    |add_ln58_113_fu_3495_p2           |         +|   0|  0|   16|          15|          15|
    |add_ln58_114_fu_3485_p2           |         +|   0|  0|   21|          14|          14|
    |add_ln58_115_fu_3532_p2           |         +|   0|  0|   20|          13|           8|
    |add_ln58_117_fu_3541_p2           |         +|   0|  0|   16|          14|          14|
    |add_ln58_118_fu_3557_p2           |         +|   0|  0|   16|          14|          14|
    |add_ln58_119_fu_3547_p2           |         +|   0|  0|   18|          11|          11|
    |add_ln58_11_fu_1811_p2            |         +|   0|  0|   16|          14|          10|
    |add_ln58_120_fu_3573_p2           |         +|   0|  0|   20|          13|           9|
    |add_ln58_121_fu_3582_p2           |         +|   0|  0|   16|          14|          14|
    |add_ln58_123_fu_3608_p2           |         +|   0|  0|   22|          15|          15|
    |add_ln58_124_fu_3598_p2           |         +|   0|  0|   20|          13|          13|
    |add_ln58_125_fu_3662_p2           |         +|   0|  0|   20|          13|          10|
    |add_ln58_126_fu_3671_p2           |         +|   0|  0|   16|          14|          14|
    |add_ln58_127_fu_3681_p2           |         +|   0|  0|   22|          15|          15|
    |add_ln58_129_fu_3691_p2           |         +|   0|  0|   16|          16|          16|
    |add_ln58_130_fu_3697_p2           |         +|   0|  0|   22|          15|          15|
    |add_ln58_132_fu_3722_p2           |         +|   0|  0|   16|          14|          14|
    |add_ln58_133_fu_3728_p2           |         +|   0|  0|   20|          13|          13|
    |add_ln58_135_fu_3759_p2           |         +|   0|  0|   20|          13|          13|
    |add_ln58_136_fu_3749_p2           |         +|   0|  0|   19|          12|          10|
    |add_ln58_137_fu_3788_p2           |         +|   0|  0|   22|          15|          15|
    |add_ln58_138_fu_3778_p2           |         +|   0|  0|   21|          14|          14|
    |add_ln58_139_fu_3794_p2           |         +|   0|  0|   20|          13|          13|
    |add_ln58_13_fu_1827_p2            |         +|   0|  0|   16|          15|          15|
    |add_ln58_141_fu_3814_p2           |         +|   0|  0|   21|          14|          14|
    |add_ln58_142_fu_3824_p2           |         +|   0|  0|   22|          15|          15|
    |add_ln58_143_fu_3804_p2           |         +|   0|  0|   20|          13|          13|
    |add_ln58_144_fu_3830_p2           |         +|   0|  0|   18|          11|           8|
    |add_ln58_145_fu_3840_p2           |         +|   0|  0|   20|          13|          13|
    |add_ln58_146_fu_3856_p2           |         +|   0|  0|   16|          14|          14|
    |add_ln58_148_fu_3876_p2           |         +|   0|  0|   16|          15|          15|
    |add_ln58_149_fu_3866_p2           |         +|   0|  0|   21|          14|          14|
    |add_ln58_14_fu_1821_p2            |         +|   0|  0|   16|          15|          15|
    |add_ln58_150_fu_3916_p2           |         +|   0|  0|   20|          13|          13|
    |add_ln58_151_fu_3925_p2           |         +|   0|  0|   21|          14|          14|
    |add_ln58_152_fu_3906_p2           |         +|   0|  0|   19|          12|          12|
    |add_ln58_153_fu_3943_p2           |         +|   0|  0|   18|          11|          11|
    |add_ln58_154_fu_3971_p2           |         +|   0|  0|   16|          15|          15|
    |add_ln58_155_fu_3983_p2           |         +|   0|  0|   17|          13|           9|
    |add_ln58_156_fu_3998_p2           |         +|   0|  0|   21|          14|          14|
    |add_ln58_158_fu_4014_p2           |         +|   0|  0|   16|          15|          15|
    |add_ln58_159_fu_4008_p2           |         +|   0|  0|   16|          15|          15|
    |add_ln58_15_fu_1837_p2            |         +|   0|  0|   16|          16|          16|
    |add_ln58_160_fu_4024_p2           |         +|   0|  0|   18|          11|          11|
    |add_ln58_161_fu_4050_p2           |         +|   0|  0|   21|          14|          14|
    |add_ln58_163_fu_4060_p2           |         +|   0|  0|   16|          15|          15|
    |add_ln58_164_fu_4066_p2           |         +|   0|  0|   20|          13|          13|
    |add_ln58_165_fu_4082_p2           |         +|   0|  0|   20|          13|          13|
    |add_ln58_166_fu_4098_p2           |         +|   0|  0|   16|          14|          14|
    |add_ln58_167_fu_4108_p2           |         +|   0|  0|   22|          15|          15|
    |add_ln58_169_fu_4120_p2           |         +|   0|  0|   17|          12|          12|
    |add_ln58_16_fu_1843_p2            |         +|   0|  0|   22|          15|          15|
    |add_ln58_172_fu_4172_p2           |         +|   0|  0|   16|          14|          14|
    |add_ln58_173_fu_4182_p2           |         +|   0|  0|   22|          15|          15|
    |add_ln58_174_fu_7811_p2           |         +|   0|  0|   16|          15|          15|
    |add_ln58_175_fu_4188_p2           |         +|   0|  0|   16|          14|          14|
    |add_ln58_176_fu_4194_p2           |         +|   0|  0|   16|          14|          14|
    |add_ln58_177_fu_4204_p2           |         +|   0|  0|   16|          14|          14|
    |add_ln58_178_fu_4214_p2           |         +|   0|  0|   22|          15|          15|
    |add_ln58_179_fu_4224_p2           |         +|   0|  0|   20|          13|          13|
    |add_ln58_17_fu_1868_p2            |         +|   0|  0|   21|          14|          14|
    |add_ln58_181_fu_4240_p2           |         +|   0|  0|   20|          13|          10|
    |add_ln58_182_fu_4249_p2           |         +|   0|  0|   16|          14|          14|
    |add_ln58_183_fu_4259_p2           |         +|   0|  0|   16|          15|          15|
    |add_ln58_184_fu_4277_p2           |         +|   0|  0|   16|          15|          15|
    |add_ln58_186_fu_4907_p2           |         +|   0|  0|   17|          13|          10|
    |add_ln58_187_fu_853_p2            |         +|   0|  0|   18|          11|          10|
    |add_ln58_188_fu_4930_p2           |         +|   0|  0|   19|          12|           8|
    |add_ln58_189_fu_4940_p2           |         +|   0|  0|   19|          12|          12|
    |add_ln58_190_fu_4950_p2           |         +|   0|  0|   21|          14|          14|
    |add_ln58_191_fu_4962_p2           |         +|   0|  0|   16|          14|          14|
    |add_ln58_193_fu_4978_p2           |         +|   0|  0|   20|          13|          13|
    |add_ln58_194_fu_4968_p2           |         +|   0|  0|   19|          12|          12|
    |add_ln58_195_fu_4997_p2           |         +|   0|  0|   21|          14|          14|
    |add_ln58_196_fu_4987_p2           |         +|   0|  0|   20|          13|          13|
    |add_ln58_197_fu_5013_p2           |         +|   0|  0|   16|          14|          10|
    |add_ln58_199_fu_5029_p2           |         +|   0|  0|   16|          15|          15|
    |add_ln58_19_fu_1878_p2            |         +|   0|  0|   16|          15|          15|
    |add_ln58_1_fu_741_p2              |         +|   0|  0|   18|          11|          10|
    |add_ln58_200_fu_5023_p2           |         +|   0|  0|   16|          15|          15|
    |add_ln58_201_fu_5039_p2           |         +|   0|  0|   16|          16|          16|
    |add_ln58_202_fu_5045_p2           |         +|   0|  0|   22|          15|          15|
    |add_ln58_203_fu_5070_p2           |         +|   0|  0|   21|          14|          14|
    |add_ln58_205_fu_5080_p2           |         +|   0|  0|   16|          15|          15|
    |add_ln58_206_fu_5096_p2           |         +|   0|  0|   16|          15|          15|
    |add_ln58_207_fu_5086_p2           |         +|   0|  0|   21|          14|          14|
    |add_ln58_208_fu_5133_p2           |         +|   0|  0|   20|          13|           8|
    |add_ln58_20_fu_1894_p2            |         +|   0|  0|   16|          15|          15|
    |add_ln58_210_fu_5142_p2           |         +|   0|  0|   16|          14|          14|
    |add_ln58_211_fu_5158_p2           |         +|   0|  0|   16|          14|          14|
    |add_ln58_212_fu_5148_p2           |         +|   0|  0|   18|          11|          11|
    |add_ln58_213_fu_5174_p2           |         +|   0|  0|   20|          13|           9|
    |add_ln58_214_fu_5183_p2           |         +|   0|  0|   16|          14|          14|
    |add_ln58_216_fu_5209_p2           |         +|   0|  0|   22|          15|          15|
    |add_ln58_217_fu_5199_p2           |         +|   0|  0|   20|          13|          13|
    |add_ln58_218_fu_5263_p2           |         +|   0|  0|   20|          13|          10|
    |add_ln58_219_fu_5272_p2           |         +|   0|  0|   16|          14|          14|
    |add_ln58_21_fu_1884_p2            |         +|   0|  0|   21|          14|          14|
    |add_ln58_220_fu_5282_p2           |         +|   0|  0|   22|          15|          15|
    |add_ln58_222_fu_5292_p2           |         +|   0|  0|   16|          16|          16|
    |add_ln58_223_fu_5298_p2           |         +|   0|  0|   22|          15|          15|
    |add_ln58_225_fu_5323_p2           |         +|   0|  0|   16|          14|          14|
    |add_ln58_226_fu_5329_p2           |         +|   0|  0|   20|          13|          13|
    |add_ln58_228_fu_5360_p2           |         +|   0|  0|   20|          13|          13|
    |add_ln58_229_fu_5350_p2           |         +|   0|  0|   19|          12|          10|
    |add_ln58_22_fu_1931_p2            |         +|   0|  0|   20|          13|           8|
    |add_ln58_230_fu_5389_p2           |         +|   0|  0|   22|          15|          15|
    |add_ln58_231_fu_5379_p2           |         +|   0|  0|   21|          14|          14|
    |add_ln58_232_fu_5395_p2           |         +|   0|  0|   20|          13|          13|
    |add_ln58_234_fu_5415_p2           |         +|   0|  0|   21|          14|          14|
    |add_ln58_235_fu_5425_p2           |         +|   0|  0|   22|          15|          15|
    |add_ln58_236_fu_5405_p2           |         +|   0|  0|   20|          13|          13|
    |add_ln58_237_fu_5431_p2           |         +|   0|  0|   18|          11|           8|
    |add_ln58_238_fu_5441_p2           |         +|   0|  0|   20|          13|          13|
    |add_ln58_239_fu_5457_p2           |         +|   0|  0|   16|          14|          14|
    |add_ln58_241_fu_5477_p2           |         +|   0|  0|   16|          15|          15|
    |add_ln58_242_fu_5467_p2           |         +|   0|  0|   21|          14|          14|
    |add_ln58_243_fu_5517_p2           |         +|   0|  0|   20|          13|          13|
    |add_ln58_244_fu_5526_p2           |         +|   0|  0|   21|          14|          14|
    |add_ln58_245_fu_5507_p2           |         +|   0|  0|   19|          12|          12|
    |add_ln58_246_fu_5544_p2           |         +|   0|  0|   18|          11|          11|
    |add_ln58_247_fu_5572_p2           |         +|   0|  0|   16|          15|          15|
    |add_ln58_248_fu_5584_p2           |         +|   0|  0|   17|          13|           9|
    |add_ln58_249_fu_5599_p2           |         +|   0|  0|   21|          14|          14|
    |add_ln58_24_fu_1940_p2            |         +|   0|  0|   16|          14|          14|
    |add_ln58_251_fu_5615_p2           |         +|   0|  0|   16|          15|          15|
    |add_ln58_252_fu_5609_p2           |         +|   0|  0|   16|          15|          15|
    |add_ln58_253_fu_5625_p2           |         +|   0|  0|   18|          11|          11|
    |add_ln58_254_fu_5651_p2           |         +|   0|  0|   21|          14|          14|
    |add_ln58_256_fu_5661_p2           |         +|   0|  0|   16|          15|          15|
    |add_ln58_257_fu_5667_p2           |         +|   0|  0|   20|          13|          13|
    |add_ln58_258_fu_5683_p2           |         +|   0|  0|   20|          13|          13|
    |add_ln58_259_fu_5699_p2           |         +|   0|  0|   16|          14|          14|
    |add_ln58_25_fu_1956_p2            |         +|   0|  0|   16|          14|          14|
    |add_ln58_260_fu_5709_p2           |         +|   0|  0|   22|          15|          15|
    |add_ln58_262_fu_5721_p2           |         +|   0|  0|   17|          12|          12|
    |add_ln58_265_fu_5773_p2           |         +|   0|  0|   16|          14|          14|
    |add_ln58_266_fu_5783_p2           |         +|   0|  0|   22|          15|          15|
    |add_ln58_267_fu_7931_p2           |         +|   0|  0|   16|          15|          15|
    |add_ln58_268_fu_5789_p2           |         +|   0|  0|   16|          14|          14|
    |add_ln58_269_fu_5795_p2           |         +|   0|  0|   16|          14|          14|
    |add_ln58_26_fu_1946_p2            |         +|   0|  0|   18|          11|          11|
    |add_ln58_270_fu_5805_p2           |         +|   0|  0|   16|          14|          14|
    |add_ln58_271_fu_5815_p2           |         +|   0|  0|   22|          15|          15|
    |add_ln58_272_fu_5825_p2           |         +|   0|  0|   20|          13|          13|
    |add_ln58_274_fu_5841_p2           |         +|   0|  0|   20|          13|          10|
    |add_ln58_275_fu_5850_p2           |         +|   0|  0|   16|          14|          14|
    |add_ln58_276_fu_5860_p2           |         +|   0|  0|   16|          15|          15|
    |add_ln58_277_fu_5878_p2           |         +|   0|  0|   16|          15|          15|
    |add_ln58_279_fu_6508_p2           |         +|   0|  0|   17|          13|          10|
    |add_ln58_27_fu_1972_p2            |         +|   0|  0|   20|          13|           9|
    |add_ln58_280_fu_909_p2            |         +|   0|  0|   18|          11|          10|
    |add_ln58_281_fu_6531_p2           |         +|   0|  0|   19|          12|           8|
    |add_ln58_282_fu_6541_p2           |         +|   0|  0|   19|          12|          12|
    |add_ln58_283_fu_6551_p2           |         +|   0|  0|   21|          14|          14|
    |add_ln58_284_fu_6563_p2           |         +|   0|  0|   16|          14|          14|
    |add_ln58_286_fu_6579_p2           |         +|   0|  0|   20|          13|          13|
    |add_ln58_287_fu_6569_p2           |         +|   0|  0|   19|          12|          12|
    |add_ln58_288_fu_6598_p2           |         +|   0|  0|   21|          14|          14|
    |add_ln58_289_fu_6588_p2           |         +|   0|  0|   20|          13|          13|
    |add_ln58_28_fu_1981_p2            |         +|   0|  0|   16|          14|          14|
    |add_ln58_290_fu_6614_p2           |         +|   0|  0|   16|          14|          10|
    |add_ln58_292_fu_6630_p2           |         +|   0|  0|   16|          15|          15|
    |add_ln58_293_fu_6624_p2           |         +|   0|  0|   16|          15|          15|
    |add_ln58_294_fu_6640_p2           |         +|   0|  0|   16|          16|          16|
    |add_ln58_295_fu_6646_p2           |         +|   0|  0|   22|          15|          15|
    |add_ln58_296_fu_6671_p2           |         +|   0|  0|   21|          14|          14|
    |add_ln58_298_fu_6681_p2           |         +|   0|  0|   16|          15|          15|
    |add_ln58_299_fu_6697_p2           |         +|   0|  0|   16|          15|          15|
    |add_ln58_2_fu_1728_p2             |         +|   0|  0|   19|          12|           8|
    |add_ln58_300_fu_6687_p2           |         +|   0|  0|   21|          14|          14|
    |add_ln58_301_fu_6734_p2           |         +|   0|  0|   20|          13|           8|
    |add_ln58_303_fu_6743_p2           |         +|   0|  0|   16|          14|          14|
    |add_ln58_304_fu_6759_p2           |         +|   0|  0|   16|          14|          14|
    |add_ln58_305_fu_6749_p2           |         +|   0|  0|   18|          11|          11|
    |add_ln58_306_fu_6775_p2           |         +|   0|  0|   20|          13|           9|
    |add_ln58_307_fu_6784_p2           |         +|   0|  0|   16|          14|          14|
    |add_ln58_309_fu_6810_p2           |         +|   0|  0|   22|          15|          15|
    |add_ln58_30_fu_2007_p2            |         +|   0|  0|   22|          15|          15|
    |add_ln58_310_fu_6800_p2           |         +|   0|  0|   20|          13|          13|
    |add_ln58_311_fu_6864_p2           |         +|   0|  0|   20|          13|          10|
    |add_ln58_312_fu_6873_p2           |         +|   0|  0|   16|          14|          14|
    |add_ln58_313_fu_6883_p2           |         +|   0|  0|   22|          15|          15|
    |add_ln58_315_fu_6893_p2           |         +|   0|  0|   16|          16|          16|
    |add_ln58_316_fu_6899_p2           |         +|   0|  0|   22|          15|          15|
    |add_ln58_318_fu_6924_p2           |         +|   0|  0|   16|          14|          14|
    |add_ln58_319_fu_6930_p2           |         +|   0|  0|   20|          13|          13|
    |add_ln58_31_fu_1997_p2            |         +|   0|  0|   20|          13|          13|
    |add_ln58_321_fu_6961_p2           |         +|   0|  0|   20|          13|          13|
    |add_ln58_322_fu_6951_p2           |         +|   0|  0|   19|          12|          10|
    |add_ln58_323_fu_6990_p2           |         +|   0|  0|   22|          15|          15|
    |add_ln58_324_fu_6980_p2           |         +|   0|  0|   21|          14|          14|
    |add_ln58_325_fu_6996_p2           |         +|   0|  0|   20|          13|          13|
    |add_ln58_327_fu_7016_p2           |         +|   0|  0|   21|          14|          14|
    |add_ln58_328_fu_7026_p2           |         +|   0|  0|   22|          15|          15|
    |add_ln58_329_fu_7006_p2           |         +|   0|  0|   20|          13|          13|
    |add_ln58_32_fu_2061_p2            |         +|   0|  0|   20|          13|          10|
    |add_ln58_330_fu_7032_p2           |         +|   0|  0|   18|          11|           8|
    |add_ln58_331_fu_7042_p2           |         +|   0|  0|   20|          13|          13|
    |add_ln58_332_fu_7058_p2           |         +|   0|  0|   16|          14|          14|
    |add_ln58_334_fu_7078_p2           |         +|   0|  0|   16|          15|          15|
    |add_ln58_335_fu_7068_p2           |         +|   0|  0|   21|          14|          14|
    |add_ln58_336_fu_7118_p2           |         +|   0|  0|   20|          13|          13|
    |add_ln58_337_fu_7127_p2           |         +|   0|  0|   21|          14|          14|
    |add_ln58_338_fu_7108_p2           |         +|   0|  0|   19|          12|          12|
    |add_ln58_339_fu_7145_p2           |         +|   0|  0|   18|          11|          11|
    |add_ln58_33_fu_2070_p2            |         +|   0|  0|   16|          14|          14|
    |add_ln58_340_fu_7173_p2           |         +|   0|  0|   16|          15|          15|
    |add_ln58_341_fu_7185_p2           |         +|   0|  0|   17|          13|           9|
    |add_ln58_342_fu_7200_p2           |         +|   0|  0|   21|          14|          14|
    |add_ln58_344_fu_7216_p2           |         +|   0|  0|   16|          15|          15|
    |add_ln58_345_fu_7210_p2           |         +|   0|  0|   16|          15|          15|
    |add_ln58_346_fu_7226_p2           |         +|   0|  0|   18|          11|          11|
    |add_ln58_347_fu_7252_p2           |         +|   0|  0|   21|          14|          14|
    |add_ln58_349_fu_7262_p2           |         +|   0|  0|   16|          15|          15|
    |add_ln58_34_fu_2080_p2            |         +|   0|  0|   22|          15|          15|
    |add_ln58_350_fu_7268_p2           |         +|   0|  0|   20|          13|          13|
    |add_ln58_351_fu_7284_p2           |         +|   0|  0|   20|          13|          13|
    |add_ln58_352_fu_7300_p2           |         +|   0|  0|   16|          14|          14|
    |add_ln58_353_fu_7310_p2           |         +|   0|  0|   22|          15|          15|
    |add_ln58_355_fu_7322_p2           |         +|   0|  0|   17|          12|          12|
    |add_ln58_358_fu_7374_p2           |         +|   0|  0|   16|          14|          14|
    |add_ln58_359_fu_7384_p2           |         +|   0|  0|   22|          15|          15|
    |add_ln58_360_fu_8051_p2           |         +|   0|  0|   16|          15|          15|
    |add_ln58_361_fu_7390_p2           |         +|   0|  0|   16|          14|          14|
    |add_ln58_362_fu_7396_p2           |         +|   0|  0|   16|          14|          14|
    |add_ln58_363_fu_7406_p2           |         +|   0|  0|   16|          14|          14|
    |add_ln58_364_fu_7416_p2           |         +|   0|  0|   22|          15|          15|
    |add_ln58_365_fu_7426_p2           |         +|   0|  0|   20|          13|          13|
    |add_ln58_367_fu_7442_p2           |         +|   0|  0|   20|          13|          10|
    |add_ln58_368_fu_7451_p2           |         +|   0|  0|   16|          14|          14|
    |add_ln58_369_fu_7461_p2           |         +|   0|  0|   16|          15|          15|
    |add_ln58_36_fu_2090_p2            |         +|   0|  0|   16|          16|          16|
    |add_ln58_370_fu_7479_p2           |         +|   0|  0|   16|          15|          15|
    |add_ln58_37_fu_2096_p2            |         +|   0|  0|   22|          15|          15|
    |add_ln58_39_fu_2121_p2            |         +|   0|  0|   16|          14|          14|
    |add_ln58_3_fu_1738_p2             |         +|   0|  0|   19|          12|          12|
    |add_ln58_40_fu_2127_p2            |         +|   0|  0|   20|          13|          13|
    |add_ln58_42_fu_2158_p2            |         +|   0|  0|   20|          13|          13|
    |add_ln58_43_fu_2148_p2            |         +|   0|  0|   19|          12|          10|
    |add_ln58_44_fu_2187_p2            |         +|   0|  0|   22|          15|          15|
    |add_ln58_45_fu_2177_p2            |         +|   0|  0|   21|          14|          14|
    |add_ln58_46_fu_2193_p2            |         +|   0|  0|   20|          13|          13|
    |add_ln58_48_fu_2213_p2            |         +|   0|  0|   21|          14|          14|
    |add_ln58_49_fu_2223_p2            |         +|   0|  0|   22|          15|          15|
    |add_ln58_4_fu_1748_p2             |         +|   0|  0|   21|          14|          14|
    |add_ln58_50_fu_2203_p2            |         +|   0|  0|   20|          13|          13|
    |add_ln58_51_fu_2229_p2            |         +|   0|  0|   18|          11|           8|
    |add_ln58_52_fu_2239_p2            |         +|   0|  0|   20|          13|          13|
    |add_ln58_53_fu_2255_p2            |         +|   0|  0|   16|          14|          14|
    |add_ln58_55_fu_2275_p2            |         +|   0|  0|   16|          15|          15|
    |add_ln58_56_fu_2265_p2            |         +|   0|  0|   21|          14|          14|
    |add_ln58_57_fu_2315_p2            |         +|   0|  0|   20|          13|          13|
    |add_ln58_58_fu_2324_p2            |         +|   0|  0|   21|          14|          14|
    |add_ln58_59_fu_2305_p2            |         +|   0|  0|   19|          12|          12|
    |add_ln58_5_fu_1760_p2             |         +|   0|  0|   16|          14|          14|
    |add_ln58_60_fu_2342_p2            |         +|   0|  0|   18|          11|          11|
    |add_ln58_61_fu_2370_p2            |         +|   0|  0|   16|          15|          15|
    |add_ln58_62_fu_2382_p2            |         +|   0|  0|   17|          13|           9|
    |add_ln58_63_fu_2397_p2            |         +|   0|  0|   21|          14|          14|
    |add_ln58_65_fu_2413_p2            |         +|   0|  0|   16|          15|          15|
    |add_ln58_66_fu_2407_p2            |         +|   0|  0|   16|          15|          15|
    |add_ln58_67_fu_2423_p2            |         +|   0|  0|   18|          11|          11|
    |add_ln58_68_fu_2449_p2            |         +|   0|  0|   21|          14|          14|
    |add_ln58_70_fu_2459_p2            |         +|   0|  0|   16|          15|          15|
    |add_ln58_71_fu_2465_p2            |         +|   0|  0|   20|          13|          13|
    |add_ln58_72_fu_2481_p2            |         +|   0|  0|   20|          13|          13|
    |add_ln58_73_fu_2497_p2            |         +|   0|  0|   16|          14|          14|
    |add_ln58_74_fu_2507_p2            |         +|   0|  0|   22|          15|          15|
    |add_ln58_76_fu_2519_p2            |         +|   0|  0|   17|          12|          12|
    |add_ln58_79_fu_2571_p2            |         +|   0|  0|   16|          14|          14|
    |add_ln58_7_fu_1776_p2             |         +|   0|  0|   20|          13|          13|
    |add_ln58_80_fu_2581_p2            |         +|   0|  0|   22|          15|          15|
    |add_ln58_81_fu_7691_p2            |         +|   0|  0|   16|          15|          15|
    |add_ln58_82_fu_2587_p2            |         +|   0|  0|   16|          14|          14|
    |add_ln58_83_fu_2593_p2            |         +|   0|  0|   16|          14|          14|
    |add_ln58_84_fu_2603_p2            |         +|   0|  0|   16|          14|          14|
    |add_ln58_85_fu_2613_p2            |         +|   0|  0|   22|          15|          15|
    |add_ln58_86_fu_2623_p2            |         +|   0|  0|   20|          13|          13|
    |add_ln58_88_fu_2639_p2            |         +|   0|  0|   20|          13|          10|
    |add_ln58_89_fu_2648_p2            |         +|   0|  0|   16|          14|          14|
    |add_ln58_8_fu_1766_p2             |         +|   0|  0|   19|          12|          12|
    |add_ln58_90_fu_2658_p2            |         +|   0|  0|   16|          15|          15|
    |add_ln58_91_fu_2676_p2            |         +|   0|  0|   16|          15|          15|
    |add_ln58_93_fu_3306_p2            |         +|   0|  0|   17|          13|          10|
    |add_ln58_94_fu_797_p2             |         +|   0|  0|   18|          11|          10|
    |add_ln58_95_fu_3329_p2            |         +|   0|  0|   19|          12|           8|
    |add_ln58_96_fu_3339_p2            |         +|   0|  0|   19|          12|          12|
    |add_ln58_97_fu_3349_p2            |         +|   0|  0|   21|          14|          14|
    |add_ln58_98_fu_3361_p2            |         +|   0|  0|   16|          14|          14|
    |add_ln58_9_fu_1795_p2             |         +|   0|  0|   21|          14|          14|
    |add_ln58_fu_1705_p2               |         +|   0|  0|   17|          13|          10|
    |add_ln73_10_fu_6098_p2            |         +|   0|  0|   20|          13|          13|
    |add_ln73_11_fu_6202_p2            |         +|   0|  0|   20|          13|          13|
    |add_ln73_1_fu_1295_p2             |         +|   0|  0|   20|          13|          13|
    |add_ln73_2_fu_1399_p2             |         +|   0|  0|   20|          13|          13|
    |add_ln73_3_fu_2842_p2             |         +|   0|  0|   20|          13|          13|
    |add_ln73_4_fu_2896_p2             |         +|   0|  0|   20|          13|          13|
    |add_ln73_5_fu_3000_p2             |         +|   0|  0|   20|          13|          13|
    |add_ln73_6_fu_4443_p2             |         +|   0|  0|   20|          13|          13|
    |add_ln73_7_fu_4497_p2             |         +|   0|  0|   20|          13|          13|
    |add_ln73_8_fu_4601_p2             |         +|   0|  0|   20|          13|          13|
    |add_ln73_9_fu_6044_p2             |         +|   0|  0|   20|          13|          13|
    |add_ln73_fu_1241_p2               |         +|   0|  0|   20|          13|          13|
    |i_pair_2_fu_307_p2                |         +|   0|  0|   15|           8|           1|
    |next_window_end_2_fu_921_p2       |         +|   0|  0|   39|          32|           2|
    |res_out_10_fu_2336_p2             |         +|   0|  0|   16|          14|          14|
    |res_out_12_fu_2433_p2             |         +|   0|  0|   23|          16|          16|
    |res_out_13_fu_2475_p2             |         +|   0|  0|   16|          15|          15|
    |res_out_14_fu_7674_p2             |         +|   0|  0|   16|          15|          15|
    |res_out_15_fu_2549_p2             |         +|   0|  0|   21|          14|          14|
    |res_out_17_fu_1853_p2             |         +|   0|  0|   16|          16|          16|
    |res_out_18_fu_2633_p2             |         +|   0|  0|   23|          16|          16|
    |res_out_19_fu_7709_p2             |         +|   0|  0|   23|          16|          16|
    |res_out_1_fu_1966_p2              |         +|   0|  0|   22|          15|          15|
    |res_out_20_fu_3505_p2             |         +|   0|  0|   23|          16|          16|
    |res_out_21_fu_3567_p2             |         +|   0|  0|   22|          15|          15|
    |res_out_22_fu_3618_p2             |         +|   0|  0|   23|          16|          16|
    |res_out_23_fu_7727_p2             |         +|   0|  0|   22|          15|          15|
    |res_out_24_fu_3707_p2             |         +|   0|  0|   16|          16|          16|
    |res_out_25_fu_3738_p2             |         +|   0|  0|   16|          14|          14|
    |res_out_26_fu_7768_p2             |         +|   0|  0|   23|          16|          16|
    |res_out_27_fu_3406_p2             |         +|   0|  0|   22|          15|          15|
    |res_out_28_fu_7778_p2             |         +|   0|  0|   16|          15|          15|
    |res_out_2_fu_2017_p2              |         +|   0|  0|   23|          16|          16|
    |res_out_30_fu_3937_p2             |         +|   0|  0|   16|          14|          14|
    |res_out_32_fu_4034_p2             |         +|   0|  0|   23|          16|          16|
    |res_out_33_fu_4076_p2             |         +|   0|  0|   16|          15|          15|
    |res_out_34_fu_7794_p2             |         +|   0|  0|   16|          15|          15|
    |res_out_35_fu_4150_p2             |         +|   0|  0|   21|          14|          14|
    |res_out_37_fu_3454_p2             |         +|   0|  0|   16|          16|          16|
    |res_out_38_fu_4234_p2             |         +|   0|  0|   23|          16|          16|
    |res_out_39_fu_7829_p2             |         +|   0|  0|   23|          16|          16|
    |res_out_3_fu_7607_p2              |         +|   0|  0|   22|          15|          15|
    |res_out_40_fu_5106_p2             |         +|   0|  0|   23|          16|          16|
    |res_out_41_fu_5168_p2             |         +|   0|  0|   22|          15|          15|
    |res_out_42_fu_5219_p2             |         +|   0|  0|   23|          16|          16|
    |res_out_43_fu_7847_p2             |         +|   0|  0|   22|          15|          15|
    |res_out_44_fu_5308_p2             |         +|   0|  0|   16|          16|          16|
    |res_out_45_fu_5339_p2             |         +|   0|  0|   16|          14|          14|
    |res_out_46_fu_7888_p2             |         +|   0|  0|   23|          16|          16|
    |res_out_47_fu_5007_p2             |         +|   0|  0|   22|          15|          15|
    |res_out_48_fu_7898_p2             |         +|   0|  0|   16|          15|          15|
    |res_out_4_fu_2106_p2              |         +|   0|  0|   16|          16|          16|
    |res_out_50_fu_5538_p2             |         +|   0|  0|   16|          14|          14|
    |res_out_52_fu_5635_p2             |         +|   0|  0|   23|          16|          16|
    |res_out_53_fu_5677_p2             |         +|   0|  0|   16|          15|          15|
    |res_out_54_fu_7914_p2             |         +|   0|  0|   16|          15|          15|
    |res_out_55_fu_5751_p2             |         +|   0|  0|   21|          14|          14|
    |res_out_57_fu_5055_p2             |         +|   0|  0|   16|          16|          16|
    |res_out_58_fu_5835_p2             |         +|   0|  0|   23|          16|          16|
    |res_out_59_fu_7949_p2             |         +|   0|  0|   23|          16|          16|
    |res_out_5_fu_2137_p2              |         +|   0|  0|   16|          14|          14|
    |res_out_60_fu_6707_p2             |         +|   0|  0|   23|          16|          16|
    |res_out_61_fu_6769_p2             |         +|   0|  0|   22|          15|          15|
    |res_out_62_fu_6820_p2             |         +|   0|  0|   23|          16|          16|
    |res_out_63_fu_7967_p2             |         +|   0|  0|   22|          15|          15|
    |res_out_64_fu_6909_p2             |         +|   0|  0|   16|          16|          16|
    |res_out_65_fu_6940_p2             |         +|   0|  0|   16|          14|          14|
    |res_out_66_fu_8008_p2             |         +|   0|  0|   23|          16|          16|
    |res_out_67_fu_6608_p2             |         +|   0|  0|   22|          15|          15|
    |res_out_68_fu_8018_p2             |         +|   0|  0|   16|          15|          15|
    |res_out_6_fu_7648_p2              |         +|   0|  0|   23|          16|          16|
    |res_out_70_fu_7139_p2             |         +|   0|  0|   16|          14|          14|
    |res_out_72_fu_7236_p2             |         +|   0|  0|   23|          16|          16|
    |res_out_73_fu_7278_p2             |         +|   0|  0|   16|          15|          15|
    |res_out_74_fu_8034_p2             |         +|   0|  0|   16|          15|          15|
    |res_out_75_fu_7352_p2             |         +|   0|  0|   21|          14|          14|
    |res_out_77_fu_6656_p2             |         +|   0|  0|   16|          16|          16|
    |res_out_78_fu_7436_p2             |         +|   0|  0|   23|          16|          16|
    |res_out_79_fu_8069_p2             |         +|   0|  0|   23|          16|          16|
    |res_out_7_fu_1805_p2              |         +|   0|  0|   22|          15|          15|
    |res_out_8_fu_7658_p2              |         +|   0|  0|   16|          15|          15|
    |res_out_fu_1904_p2                |         +|   0|  0|   23|          16|          16|
    |tmp848_fu_2023_p2                 |         +|   0|  0|   18|          11|          11|
    |tmp850_fu_2143_p2                 |         +|   0|  0|   18|          11|          11|
    |tmp864_fu_3624_p2                 |         +|   0|  0|   18|          11|          11|
    |tmp866_fu_3744_p2                 |         +|   0|  0|   18|          11|          11|
    |tmp880_fu_5225_p2                 |         +|   0|  0|   18|          11|          11|
    |tmp882_fu_5345_p2                 |         +|   0|  0|   18|          11|          11|
    |tmp896_fu_6826_p2                 |         +|   0|  0|   18|          11|          11|
    |tmp898_fu_6946_p2                 |         +|   0|  0|   18|          11|          11|
    |p_neg181_fu_7749_p2               |         -|   0|  0|   16|           1|          14|
    |p_neg183_fu_3646_p2               |         -|   0|  0|   16|           1|          15|
    |p_neg269_fu_7629_p2               |         -|   0|  0|   16|           1|          14|
    |p_neg271_fu_2045_p2               |         -|   0|  0|   16|           1|          15|
    |p_neg7_fu_6848_p2                 |         -|   0|  0|   16|           1|          15|
    |p_neg93_fu_7869_p2                |         -|   0|  0|   16|           1|          14|
    |p_neg95_fu_5247_p2                |         -|   0|  0|   16|           1|          15|
    |p_neg_fu_7989_p2                  |         -|   0|  0|   16|           1|          14|
    |res_out_11_fu_2376_p2             |         -|   0|  0|   16|          15|          15|
    |res_out_16_fu_7696_p2             |         -|   0|  0|   16|          15|          15|
    |res_out_29_fu_3882_p2             |         -|   0|  0|   16|          15|          15|
    |res_out_31_fu_3977_p2             |         -|   0|  0|   16|          15|          15|
    |res_out_36_fu_7816_p2             |         -|   0|  0|   16|          15|          15|
    |res_out_49_fu_5483_p2             |         -|   0|  0|   16|          15|          15|
    |res_out_51_fu_5578_p2             |         -|   0|  0|   16|          15|          15|
    |res_out_56_fu_7936_p2             |         -|   0|  0|   16|          15|          15|
    |res_out_69_fu_7084_p2             |         -|   0|  0|   16|          15|          15|
    |res_out_71_fu_7179_p2             |         -|   0|  0|   16|          15|          15|
    |res_out_76_fu_8056_p2             |         -|   0|  0|   16|          15|          15|
    |res_out_9_fu_2281_p2              |         -|   0|  0|   16|          15|          15|
    |sub_ln58_10_fu_2249_p2            |         -|   0|  0|   16|          14|          14|
    |sub_ln58_12_fu_2330_p2            |         -|   0|  0|   16|          14|          14|
    |sub_ln58_13_fu_2360_p2            |         -|   0|  0|   21|          14|          14|
    |sub_ln58_15_fu_2387_p2            |         -|   0|  0|   17|          13|          13|
    |sub_ln58_16_fu_2439_p2            |         -|   0|  0|   20|          13|          13|
    |sub_ln58_17_fu_2491_p2            |         -|   0|  0|   16|          14|          14|
    |sub_ln58_18_fu_7670_p2            |         -|   0|  0|   16|          15|          15|
    |sub_ln58_19_fu_2513_p2            |         -|   0|  0|   17|          12|          12|
    |sub_ln58_1_fu_803_p2              |         -|   0|  0|   18|           8|          11|
    |sub_ln58_20_fu_2529_p2            |         -|   0|  0|   20|          13|          13|
    |sub_ln58_21_fu_2565_p2            |         -|   0|  0|   16|          14|          14|
    |sub_ln58_23_fu_2664_p2            |         -|   0|  0|   16|          15|          15|
    |sub_ln58_24_fu_2670_p2            |         -|   0|  0|   16|          15|          15|
    |sub_ln58_25_fu_3355_p2            |         -|   0|  0|   16|          14|          14|
    |sub_ln58_26_fu_3460_p2            |         -|   0|  0|   20|          13|          13|
    |sub_ln58_27_fu_3588_p2            |         -|   0|  0|   16|          14|          14|
    |sub_ln58_28_fu_3713_p2            |         -|   0|  0|   20|           8|          13|
    |sub_ln58_29_fu_3768_p2            |         -|   0|  0|   21|          14|          14|
    |sub_ln58_2_fu_859_p2              |         -|   0|  0|   18|           8|          11|
    |sub_ln58_30_fu_7774_p2            |         -|   0|  0|   16|          15|          15|
    |sub_ln58_31_fu_3850_p2            |         -|   0|  0|   16|          14|          14|
    |sub_ln58_33_fu_3931_p2            |         -|   0|  0|   16|          14|          14|
    |sub_ln58_34_fu_3961_p2            |         -|   0|  0|   21|          14|          14|
    |sub_ln58_36_fu_3988_p2            |         -|   0|  0|   17|          13|          13|
    |sub_ln58_37_fu_4040_p2            |         -|   0|  0|   20|          13|          13|
    |sub_ln58_38_fu_4092_p2            |         -|   0|  0|   16|          14|          14|
    |sub_ln58_39_fu_7790_p2            |         -|   0|  0|   16|          15|          15|
    |sub_ln58_3_fu_915_p2              |         -|   0|  0|   18|           8|          11|
    |sub_ln58_40_fu_4114_p2            |         -|   0|  0|   17|          12|          12|
    |sub_ln58_41_fu_4130_p2            |         -|   0|  0|   20|          13|          13|
    |sub_ln58_42_fu_4166_p2            |         -|   0|  0|   16|          14|          14|
    |sub_ln58_44_fu_4265_p2            |         -|   0|  0|   16|          15|          15|
    |sub_ln58_45_fu_4271_p2            |         -|   0|  0|   16|          15|          15|
    |sub_ln58_46_fu_4956_p2            |         -|   0|  0|   16|          14|          14|
    |sub_ln58_47_fu_5061_p2            |         -|   0|  0|   20|          13|          13|
    |sub_ln58_48_fu_5189_p2            |         -|   0|  0|   16|          14|          14|
    |sub_ln58_49_fu_5314_p2            |         -|   0|  0|   20|           8|          13|
    |sub_ln58_4_fu_1754_p2             |         -|   0|  0|   16|          14|          14|
    |sub_ln58_50_fu_5369_p2            |         -|   0|  0|   21|          14|          14|
    |sub_ln58_51_fu_7894_p2            |         -|   0|  0|   16|          15|          15|
    |sub_ln58_52_fu_5451_p2            |         -|   0|  0|   16|          14|          14|
    |sub_ln58_54_fu_5532_p2            |         -|   0|  0|   16|          14|          14|
    |sub_ln58_55_fu_5562_p2            |         -|   0|  0|   21|          14|          14|
    |sub_ln58_57_fu_5589_p2            |         -|   0|  0|   17|          13|          13|
    |sub_ln58_58_fu_5641_p2            |         -|   0|  0|   20|          13|          13|
    |sub_ln58_59_fu_5693_p2            |         -|   0|  0|   16|          14|          14|
    |sub_ln58_5_fu_1859_p2             |         -|   0|  0|   20|          13|          13|
    |sub_ln58_60_fu_7910_p2            |         -|   0|  0|   16|          15|          15|
    |sub_ln58_61_fu_5715_p2            |         -|   0|  0|   17|          12|          12|
    |sub_ln58_62_fu_5731_p2            |         -|   0|  0|   20|          13|          13|
    |sub_ln58_63_fu_5767_p2            |         -|   0|  0|   16|          14|          14|
    |sub_ln58_65_fu_5866_p2            |         -|   0|  0|   16|          15|          15|
    |sub_ln58_66_fu_5872_p2            |         -|   0|  0|   16|          15|          15|
    |sub_ln58_67_fu_6557_p2            |         -|   0|  0|   16|          14|          14|
    |sub_ln58_68_fu_6662_p2            |         -|   0|  0|   20|          13|          13|
    |sub_ln58_69_fu_6790_p2            |         -|   0|  0|   16|          14|          14|
    |sub_ln58_6_fu_1987_p2             |         -|   0|  0|   16|          14|          14|
    |sub_ln58_70_fu_6915_p2            |         -|   0|  0|   20|           8|          13|
    |sub_ln58_71_fu_6970_p2            |         -|   0|  0|   21|          14|          14|
    |sub_ln58_72_fu_8014_p2            |         -|   0|  0|   16|          15|          15|
    |sub_ln58_73_fu_7052_p2            |         -|   0|  0|   16|          14|          14|
    |sub_ln58_75_fu_7133_p2            |         -|   0|  0|   16|          14|          14|
    |sub_ln58_76_fu_7163_p2            |         -|   0|  0|   21|          14|          14|
    |sub_ln58_78_fu_7190_p2            |         -|   0|  0|   17|          13|          13|
    |sub_ln58_79_fu_7242_p2            |         -|   0|  0|   20|          13|          13|
    |sub_ln58_7_fu_2112_p2             |         -|   0|  0|   20|           8|          13|
    |sub_ln58_80_fu_7294_p2            |         -|   0|  0|   16|          14|          14|
    |sub_ln58_81_fu_8030_p2            |         -|   0|  0|   16|          15|          15|
    |sub_ln58_82_fu_7316_p2            |         -|   0|  0|   17|          12|          12|
    |sub_ln58_83_fu_7332_p2            |         -|   0|  0|   20|          13|          13|
    |sub_ln58_84_fu_7368_p2            |         -|   0|  0|   16|          14|          14|
    |sub_ln58_86_fu_7467_p2            |         -|   0|  0|   16|          15|          15|
    |sub_ln58_87_fu_7473_p2            |         -|   0|  0|   16|          15|          15|
    |sub_ln58_8_fu_2167_p2             |         -|   0|  0|   21|          14|          14|
    |sub_ln58_9_fu_7654_p2             |         -|   0|  0|   16|          15|          15|
    |sub_ln58_fu_747_p2                |         -|   0|  0|   18|           8|          11|
    |sub_ln73_100_fu_1424_p2           |         -|   0|  0|   21|          14|          14|
    |sub_ln73_101_fu_1557_p2           |         -|   0|  0|   21|          14|          14|
    |sub_ln73_102_fu_729_p2            |         -|   0|  0|   20|          13|          13|
    |sub_ln73_103_fu_1647_p2           |         -|   0|  0|   20|          13|          13|
    |sub_ln73_104_fu_2723_p2           |         -|   0|  0|   16|          14|          14|
    |sub_ln73_105_fu_2729_p2           |         -|   0|  0|   20|          13|          13|
    |sub_ln73_106_fu_2802_p2           |         -|   0|  0|   20|          13|          13|
    |sub_ln73_107_fu_2946_p2           |         -|   0|  0|   20|          13|          13|
    |sub_ln73_108_fu_3025_p2           |         -|   0|  0|   21|          14|          14|
    |sub_ln73_109_fu_3158_p2           |         -|   0|  0|   21|          14|          14|
    |sub_ln73_10_fu_1450_p2            |         -|   0|  0|   17|          13|          13|
    |sub_ln73_110_fu_785_p2            |         -|   0|  0|   20|          13|          13|
    |sub_ln73_111_fu_3248_p2           |         -|   0|  0|   20|          13|          13|
    |sub_ln73_112_fu_4324_p2           |         -|   0|  0|   16|          14|          14|
    |sub_ln73_113_fu_4330_p2           |         -|   0|  0|   20|          13|          13|
    |sub_ln73_114_fu_4403_p2           |         -|   0|  0|   20|          13|          13|
    |sub_ln73_115_fu_4547_p2           |         -|   0|  0|   20|          13|          13|
    |sub_ln73_116_fu_4626_p2           |         -|   0|  0|   21|          14|          14|
    |sub_ln73_117_fu_4759_p2           |         -|   0|  0|   21|          14|          14|
    |sub_ln73_118_fu_841_p2            |         -|   0|  0|   20|          13|          13|
    |sub_ln73_119_fu_4849_p2           |         -|   0|  0|   20|          13|          13|
    |sub_ln73_11_fu_1487_p2            |         -|   0|  0|   21|          14|          14|
    |sub_ln73_120_fu_5925_p2           |         -|   0|  0|   16|          14|          14|
    |sub_ln73_121_fu_5931_p2           |         -|   0|  0|   20|          13|          13|
    |sub_ln73_122_fu_6004_p2           |         -|   0|  0|   20|          13|          13|
    |sub_ln73_123_fu_6148_p2           |         -|   0|  0|   20|          13|          13|
    |sub_ln73_124_fu_6227_p2           |         -|   0|  0|   21|          14|          14|
    |sub_ln73_125_fu_6360_p2           |         -|   0|  0|   21|          14|          14|
    |sub_ln73_126_fu_897_p2            |         -|   0|  0|   20|          13|          13|
    |sub_ln73_127_fu_6450_p2           |         -|   0|  0|   20|          13|          13|
    |sub_ln73_12_fu_1512_p2            |         -|   0|  0|   21|          14|          14|
    |sub_ln73_13_fu_1522_p2            |         -|   0|  0|   21|          14|          14|
    |sub_ln73_14_fu_1543_p2            |         -|   0|  0|   20|          13|          13|
    |sub_ln73_15_fu_717_p2             |         -|   0|  0|   17|           1|          13|
    |sub_ln73_16_fu_723_p2             |         -|   0|  0|   17|          13|          13|
    |sub_ln73_17_fu_735_p2             |         -|   0|  0|   20|          13|          13|
    |sub_ln73_18_fu_1602_p2            |         -|   0|  0|   21|           1|          14|
    |sub_ln73_19_fu_1608_p2            |         -|   0|  0|   16|          14|          14|
    |sub_ln73_1_fu_1157_p2             |         -|   0|  0|   21|          14|          14|
    |sub_ln73_20_fu_1637_p2            |         -|   0|  0|   20|          13|          13|
    |sub_ln73_21_fu_1672_p2            |         -|   0|  0|   17|           1|          13|
    |sub_ln73_22_fu_1678_p2            |         -|   0|  0|   17|          13|          13|
    |sub_ln73_23_fu_1699_p2            |         -|   0|  0|   16|          14|          14|
    |sub_ln73_24_fu_2706_p2            |         -|   0|  0|   17|          13|          13|
    |sub_ln73_25_fu_2758_p2            |         -|   0|  0|   21|          14|          14|
    |sub_ln73_26_fu_2792_p2            |         -|   0|  0|   20|          13|          13|
    |sub_ln73_27_fu_2852_p2            |         -|   0|  0|   21|          14|          14|
    |sub_ln73_28_fu_2862_p2            |         -|   0|  0|   21|          14|          14|
    |sub_ln73_29_fu_2932_p2            |         -|   0|  0|   21|          14|          14|
    |sub_ln73_2_fu_1191_p2             |         -|   0|  0|   20|          13|          13|
    |sub_ln73_30_fu_2956_p2            |         -|   0|  0|   20|          13|          13|
    |sub_ln73_31_fu_2966_p2            |         -|   0|  0|   16|          14|          14|
    |sub_ln73_32_fu_3035_p2            |         -|   0|  0|   20|          13|          13|
    |sub_ln73_33_fu_3045_p2            |         -|   0|  0|   17|           1|          13|
    |sub_ln73_34_fu_3051_p2            |         -|   0|  0|   17|          13|          13|
    |sub_ln73_35_fu_3088_p2            |         -|   0|  0|   21|          14|          14|
    |sub_ln73_36_fu_3113_p2            |         -|   0|  0|   21|          14|          14|
    |sub_ln73_37_fu_3123_p2            |         -|   0|  0|   21|          14|          14|
    |sub_ln73_38_fu_3144_p2            |         -|   0|  0|   20|          13|          13|
    |sub_ln73_39_fu_773_p2             |         -|   0|  0|   17|           1|          13|
    |sub_ln73_3_fu_1251_p2             |         -|   0|  0|   21|          14|          14|
    |sub_ln73_40_fu_779_p2             |         -|   0|  0|   17|          13|          13|
    |sub_ln73_41_fu_791_p2             |         -|   0|  0|   20|          13|          13|
    |sub_ln73_42_fu_3203_p2            |         -|   0|  0|   21|           1|          14|
    |sub_ln73_43_fu_3209_p2            |         -|   0|  0|   16|          14|          14|
    |sub_ln73_44_fu_3238_p2            |         -|   0|  0|   20|          13|          13|
    |sub_ln73_45_fu_3273_p2            |         -|   0|  0|   17|           1|          13|
    |sub_ln73_46_fu_3279_p2            |         -|   0|  0|   17|          13|          13|
    |sub_ln73_47_fu_3300_p2            |         -|   0|  0|   16|          14|          14|
    |sub_ln73_48_fu_4307_p2            |         -|   0|  0|   17|          13|          13|
    |sub_ln73_49_fu_4359_p2            |         -|   0|  0|   21|          14|          14|
    |sub_ln73_4_fu_1261_p2             |         -|   0|  0|   21|          14|          14|
    |sub_ln73_50_fu_4393_p2            |         -|   0|  0|   20|          13|          13|
    |sub_ln73_51_fu_4453_p2            |         -|   0|  0|   21|          14|          14|
    |sub_ln73_52_fu_4463_p2            |         -|   0|  0|   21|          14|          14|
    |sub_ln73_53_fu_4533_p2            |         -|   0|  0|   21|          14|          14|
    |sub_ln73_54_fu_4557_p2            |         -|   0|  0|   20|          13|          13|
    |sub_ln73_55_fu_4567_p2            |         -|   0|  0|   16|          14|          14|
    |sub_ln73_56_fu_4636_p2            |         -|   0|  0|   20|          13|          13|
    |sub_ln73_57_fu_4646_p2            |         -|   0|  0|   17|           1|          13|
    |sub_ln73_58_fu_4652_p2            |         -|   0|  0|   17|          13|          13|
    |sub_ln73_59_fu_4689_p2            |         -|   0|  0|   21|          14|          14|
    |sub_ln73_5_fu_1331_p2             |         -|   0|  0|   21|          14|          14|
    |sub_ln73_60_fu_4714_p2            |         -|   0|  0|   21|          14|          14|
    |sub_ln73_61_fu_4724_p2            |         -|   0|  0|   21|          14|          14|
    |sub_ln73_62_fu_4745_p2            |         -|   0|  0|   20|          13|          13|
    |sub_ln73_63_fu_829_p2             |         -|   0|  0|   17|           1|          13|
    |sub_ln73_64_fu_835_p2             |         -|   0|  0|   17|          13|          13|
    |sub_ln73_65_fu_847_p2             |         -|   0|  0|   20|          13|          13|
    |sub_ln73_66_fu_4804_p2            |         -|   0|  0|   21|           1|          14|
    |sub_ln73_67_fu_4810_p2            |         -|   0|  0|   16|          14|          14|
    |sub_ln73_68_fu_4839_p2            |         -|   0|  0|   20|          13|          13|
    |sub_ln73_69_fu_4874_p2            |         -|   0|  0|   17|           1|          13|
    |sub_ln73_6_fu_1355_p2             |         -|   0|  0|   20|          13|          13|
    |sub_ln73_70_fu_4880_p2            |         -|   0|  0|   17|          13|          13|
    |sub_ln73_71_fu_4901_p2            |         -|   0|  0|   16|          14|          14|
    |sub_ln73_72_fu_5908_p2            |         -|   0|  0|   17|          13|          13|
    |sub_ln73_73_fu_5960_p2            |         -|   0|  0|   21|          14|          14|
    |sub_ln73_74_fu_5994_p2            |         -|   0|  0|   20|          13|          13|
    |sub_ln73_75_fu_6054_p2            |         -|   0|  0|   21|          14|          14|
    |sub_ln73_76_fu_6064_p2            |         -|   0|  0|   21|          14|          14|
    |sub_ln73_77_fu_6134_p2            |         -|   0|  0|   21|          14|          14|
    |sub_ln73_78_fu_6158_p2            |         -|   0|  0|   20|          13|          13|
    |sub_ln73_79_fu_6168_p2            |         -|   0|  0|   16|          14|          14|
    |sub_ln73_7_fu_1365_p2             |         -|   0|  0|   16|          14|          14|
    |sub_ln73_80_fu_6237_p2            |         -|   0|  0|   20|          13|          13|
    |sub_ln73_81_fu_6247_p2            |         -|   0|  0|   17|           1|          13|
    |sub_ln73_82_fu_6253_p2            |         -|   0|  0|   17|          13|          13|
    |sub_ln73_83_fu_6290_p2            |         -|   0|  0|   21|          14|          14|
    |sub_ln73_84_fu_6315_p2            |         -|   0|  0|   21|          14|          14|
    |sub_ln73_85_fu_6325_p2            |         -|   0|  0|   21|          14|          14|
    |sub_ln73_86_fu_6346_p2            |         -|   0|  0|   20|          13|          13|
    |sub_ln73_87_fu_885_p2             |         -|   0|  0|   17|           1|          13|
    |sub_ln73_88_fu_891_p2             |         -|   0|  0|   17|          13|          13|
    |sub_ln73_89_fu_903_p2             |         -|   0|  0|   20|          13|          13|
    |sub_ln73_8_fu_1434_p2             |         -|   0|  0|   20|          13|          13|
    |sub_ln73_90_fu_6405_p2            |         -|   0|  0|   21|           1|          14|
    |sub_ln73_91_fu_6411_p2            |         -|   0|  0|   16|          14|          14|
    |sub_ln73_92_fu_6440_p2            |         -|   0|  0|   20|          13|          13|
    |sub_ln73_93_fu_6475_p2            |         -|   0|  0|   17|           1|          13|
    |sub_ln73_94_fu_6481_p2            |         -|   0|  0|   17|          13|          13|
    |sub_ln73_95_fu_6502_p2            |         -|   0|  0|   16|          14|          14|
    |sub_ln73_96_fu_1122_p2            |         -|   0|  0|   16|          14|          14|
    |sub_ln73_97_fu_1128_p2            |         -|   0|  0|   20|          13|          13|
    |sub_ln73_98_fu_1201_p2            |         -|   0|  0|   20|          13|          13|
    |sub_ln73_99_fu_1345_p2            |         -|   0|  0|   20|          13|          13|
    |sub_ln73_9_fu_1444_p2             |         -|   0|  0|   17|           1|          13|
    |sub_ln73_fu_1105_p2               |         -|   0|  0|   17|          13|          13|
    |tmp272_fu_1913_p2                 |         -|   0|  0|   18|          11|          11|
    |tmp849_fu_2051_p2                 |         -|   0|  0|   16|          15|          15|
    |tmp851_fu_7635_p2                 |         -|   0|  0|   16|          14|          14|
    |tmp853266_fu_2287_p2              |         -|   0|  0|   18|          11|          11|
    |tmp856262_fu_2555_p2              |         -|   0|  0|   18|          11|          11|
    |tmp862184_fu_3514_p2              |         -|   0|  0|   18|          11|          11|
    |tmp865_fu_3652_p2                 |         -|   0|  0|   16|          15|          15|
    |tmp867_fu_7755_p2                 |         -|   0|  0|   16|          14|          14|
    |tmp869178_fu_3888_p2              |         -|   0|  0|   18|          11|          11|
    |tmp872174_fu_4156_p2              |         -|   0|  0|   18|          11|          11|
    |tmp87896_fu_5115_p2               |         -|   0|  0|   18|          11|          11|
    |tmp881_fu_5253_p2                 |         -|   0|  0|   16|          15|          15|
    |tmp883_fu_7875_p2                 |         -|   0|  0|   16|          14|          14|
    |tmp88590_fu_5489_p2               |         -|   0|  0|   18|          11|          11|
    |tmp88886_fu_5757_p2               |         -|   0|  0|   18|          11|          11|
    |tmp8948_fu_6716_p2                |         -|   0|  0|   18|          11|          11|
    |tmp897_fu_6854_p2                 |         -|   0|  0|   16|          15|          15|
    |tmp899_fu_7995_p2                 |         -|   0|  0|   16|          14|          14|
    |tmp9013_fu_7090_p2                |         -|   0|  0|   18|          11|          11|
    |tmp9041_fu_7358_p2                |         -|   0|  0|   18|          11|          11|
    |ap_block_state3_pp0_stage0_iter2  |       and|   0|  0|    2|           1|           1|
    |ap_condition_444                  |       and|   0|  0|    2|           1|           1|
    |emit_row0_fu_397_p2               |      icmp|   0|  0|   39|          32|          32|
    |emit_row1_fu_413_p2               |      icmp|   0|  0|   39|          32|          32|
    |icmp_ln41_fu_301_p2               |      icmp|   0|  0|   16|           8|           9|
    |ap_block_pp0_stage0_01001         |        or|   0|  0|    2|           1|           1|
    |ap_block_state1_pp0_stage0_iter0  |        or|   0|  0|    2|           1|           1|
    |or_ln78_fu_403_p2                 |        or|   0|  0|    8|           8|           1|
    |or_ln79_fu_419_p2                 |        or|   0|  0|    2|           1|           1|
    |kernel_data_25_fu_529_p3          |    select|   0|  0|   10|           1|          10|
    |kernel_data_26_fu_537_p3          |    select|   0|  0|   10|           1|          10|
    |kernel_data_27_fu_545_p3          |    select|   0|  0|   10|           1|          10|
    |kernel_data_28_fu_553_p3          |    select|   0|  0|   10|           1|          10|
    |kernel_data_29_fu_481_p3          |    select|   0|  0|   10|           1|          10|
    |kernel_data_30_fu_489_p3          |    select|   0|  0|   10|           1|          10|
    |kernel_data_31_fu_561_p3          |    select|   0|  0|   10|           1|          10|
    |kernel_data_32_fu_569_p3          |    select|   0|  0|   10|           1|          10|
    |kernel_data_33_fu_577_p3          |    select|   0|  0|   10|           1|          10|
    |kernel_data_34_fu_585_p3          |    select|   0|  0|   10|           1|          10|
    |kernel_data_35_fu_593_p3          |    select|   0|  0|   10|           1|          10|
    |kernel_data_36_fu_497_p3          |    select|   0|  0|   10|           1|          10|
    |kernel_data_37_fu_505_p3          |    select|   0|  0|   10|           1|          10|
    |kernel_data_38_fu_601_p3          |    select|   0|  0|   10|           1|          10|
    |kernel_data_39_fu_609_p3          |    select|   0|  0|   10|           1|          10|
    |kernel_data_40_fu_617_p3          |    select|   0|  0|   10|           1|          10|
    |kernel_data_41_fu_625_p3          |    select|   0|  0|   10|           1|          10|
    |kernel_data_42_fu_633_p3          |    select|   0|  0|   10|           1|          10|
    |kernel_data_43_fu_513_p3          |    select|   0|  0|   10|           1|          10|
    |kernel_data_44_fu_521_p3          |    select|   0|  0|   10|           1|          10|
    |kernel_data_45_fu_641_p3          |    select|   0|  0|   10|           1|          10|
    |kernel_data_46_fu_649_p3          |    select|   0|  0|   10|           1|          10|
    |kernel_data_47_fu_657_p3          |    select|   0|  0|   10|           1|          10|
    |kernel_data_48_fu_665_p3          |    select|   0|  0|   10|           1|          10|
    |kernel_data_49_fu_673_p3          |    select|   0|  0|   10|           1|          10|
    |kernel_data_50_fu_681_p3          |    select|   0|  0|   10|           1|          10|
    |kernel_data_51_fu_689_p3          |    select|   0|  0|   10|           1|          10|
    |kernel_data_fu_473_p3             |    select|   0|  0|   10|           1|          10|
    |ap_enable_pp0                     |       xor|   0|  0|    2|           1|           2|
    |xor_ln108_1_fu_4144_p2            |       xor|   0|  0|    2|           1|           1|
    |xor_ln108_2_fu_5745_p2            |       xor|   0|  0|    2|           1|           1|
    |xor_ln108_3_fu_7346_p2            |       xor|   0|  0|    2|           1|           1|
    |xor_ln108_fu_2543_p2              |       xor|   0|  0|    2|           1|           1|
    +----------------------------------+----------+----+---+-----+------------+------------+
    |Total                             |          |   0|  0|12288|        8586|        8988|
    +----------------------------------+----------+----+---+-----+------------+------------+

    * Multiplexer: 
    +------------------------------------+----+-----------+-----+-----------+
    |                Name                | LUT| Input Size| Bits| Total Bits|
    +------------------------------------+----+-----------+-----+-----------+
    |ap_done_int                         |   9|          2|    1|          2|
    |ap_enable_reg_pp0_iter1             |   9|          2|    1|          2|
    |ap_sig_allocacmp_i_pair_1           |   9|          2|    8|         16|
    |ap_sig_allocacmp_next_window_end_1  |   9|          2|   32|         64|
    |i_pair_fu_144                       |   9|          2|    8|         16|
    |layer4_out_x4_blk_n                 |   9|          2|    1|          2|
    |next_window_end_fu_212              |   9|          2|   32|         64|
    |waveform_TDATA_blk_n                |   9|          2|    1|          2|
    +------------------------------------+----+-----------+-----+-----------+
    |Total                               |  72|         16|   84|        168|
    +------------------------------------+----+-----------+-----+-----------+

    * Register: 
    +----------------------------------+----+----+-----+-----------+
    |               Name               | FF | LUT| Bits| Const Bits|
    +----------------------------------+----+----+-----+-----------+
    |add_ln58_137_reg_9230             |  15|   0|   15|          0|
    |add_ln58_142_reg_9235             |  15|   0|   15|          0|
    |add_ln58_167_reg_9260             |  15|   0|   15|          0|
    |add_ln58_173_reg_9275             |  15|   0|   15|          0|
    |add_ln58_184_reg_9285             |  15|   0|   15|          0|
    |add_ln58_187_reg_8985             |  11|   0|   11|          0|
    |add_ln58_191_reg_9312             |  14|   0|   14|          0|
    |add_ln58_1_reg_8899               |  11|   0|   11|          0|
    |add_ln58_230_reg_9358             |  15|   0|   15|          0|
    |add_ln58_235_reg_9363             |  15|   0|   15|          0|
    |add_ln58_260_reg_9388             |  15|   0|   15|          0|
    |add_ln58_266_reg_9403             |  15|   0|   15|          0|
    |add_ln58_277_reg_9413             |  15|   0|   15|          0|
    |add_ln58_280_reg_9028             |  11|   0|   11|          0|
    |add_ln58_284_reg_9440             |  14|   0|   14|          0|
    |add_ln58_323_reg_9486             |  15|   0|   15|          0|
    |add_ln58_328_reg_9491             |  15|   0|   15|          0|
    |add_ln58_353_reg_9516             |  15|   0|   15|          0|
    |add_ln58_359_reg_9531             |  15|   0|   15|          0|
    |add_ln58_370_reg_9541             |  15|   0|   15|          0|
    |add_ln58_44_reg_9107              |  15|   0|   15|          0|
    |add_ln58_49_reg_9112              |  15|   0|   15|          0|
    |add_ln58_5_reg_9061               |  14|   0|   14|          0|
    |add_ln58_74_reg_9132              |  15|   0|   15|          0|
    |add_ln58_80_reg_9147              |  15|   0|   15|          0|
    |add_ln58_91_reg_9157              |  15|   0|   15|          0|
    |add_ln58_94_reg_8942              |  11|   0|   11|          0|
    |add_ln58_98_reg_9184              |  14|   0|   14|          0|
    |ap_CS_fsm                         |   1|   0|    1|          0|
    |ap_done_reg                       |   1|   0|    1|          0|
    |ap_enable_reg_pp0_iter1           |   1|   0|    1|          0|
    |ap_enable_reg_pp0_iter2           |   1|   0|    1|          0|
    |ap_loop_exit_ready_pp0_iter1_reg  |   1|   0|    1|          0|
    |i_pair_fu_144                     |   8|   0|    8|          0|
    |kernel_data_25_reg_8654           |  10|   0|   10|          0|
    |kernel_data_26_reg_8664           |  10|   0|   10|          0|
    |kernel_data_27_reg_8675           |  10|   0|   10|          0|
    |kernel_data_28_reg_8684           |  10|   0|   10|          0|
    |kernel_data_29_reg_8597           |  10|   0|   10|          0|
    |kernel_data_30_reg_8605           |  10|   0|   10|          0|
    |kernel_data_31_reg_8695           |  10|   0|   10|          0|
    |kernel_data_32_reg_8705           |  10|   0|   10|          0|
    |kernel_data_33_reg_8715           |  10|   0|   10|          0|
    |kernel_data_34_reg_8726           |  10|   0|   10|          0|
    |kernel_data_35_reg_8735           |  10|   0|   10|          0|
    |kernel_data_36_reg_8616           |  10|   0|   10|          0|
    |kernel_data_37_reg_8624           |  10|   0|   10|          0|
    |kernel_data_38_reg_8746           |  10|   0|   10|          0|
    |kernel_data_39_reg_8756           |  10|   0|   10|          0|
    |kernel_data_40_reg_8766           |  10|   0|   10|          0|
    |kernel_data_41_reg_8777           |  10|   0|   10|          0|
    |kernel_data_42_reg_8786           |  10|   0|   10|          0|
    |kernel_data_43_reg_8635           |  10|   0|   10|          0|
    |kernel_data_44_reg_8643           |  10|   0|   10|          0|
    |kernel_data_45_reg_8797           |  10|   0|   10|          0|
    |kernel_data_46_reg_8807           |  10|   0|   10|          0|
    |kernel_data_47_reg_8817           |  10|   0|   10|          0|
    |kernel_data_48_reg_8828           |  10|   0|   10|          0|
    |kernel_data_49_reg_8837           |  10|   0|   10|          0|
    |kernel_data_50_reg_8848           |  10|   0|   10|          0|
    |kernel_data_51_reg_8856           |  10|   0|   10|          0|
    |kernel_data_reg_8587              |  10|   0|   10|          0|
    |next_window_end_fu_212            |  32|   0|   32|          0|
    |old_buf_10_fu_224                 |  10|   0|   10|          0|
    |old_buf_11_fu_228                 |  10|   0|   10|          0|
    |old_buf_12_fu_232                 |  10|   0|   10|          0|
    |old_buf_13_fu_236                 |  10|   0|   10|          0|
    |old_buf_14_fu_240                 |  10|   0|   10|          0|
    |old_buf_15_fu_244                 |  10|   0|   10|          0|
    |old_buf_16_fu_180                 |  10|   0|   10|          0|
    |old_buf_17_fu_184                 |  10|   0|   10|          0|
    |old_buf_18_fu_188                 |  10|   0|   10|          0|
    |old_buf_19_fu_192                 |  10|   0|   10|          0|
    |old_buf_1_fu_152                  |  10|   0|   10|          0|
    |old_buf_20_fu_196                 |  10|   0|   10|          0|
    |old_buf_21_fu_200                 |  10|   0|   10|          0|
    |old_buf_22_fu_204                 |  10|   0|   10|          0|
    |old_buf_23_fu_208                 |  10|   0|   10|          0|
    |old_buf_2_fu_156                  |  10|   0|   10|          0|
    |old_buf_3_fu_160                  |  10|   0|   10|          0|
    |old_buf_4_fu_164                  |  10|   0|   10|          0|
    |old_buf_5_fu_168                  |  10|   0|   10|          0|
    |old_buf_6_fu_172                  |  10|   0|   10|          0|
    |old_buf_7_fu_176                  |  10|   0|   10|          0|
    |old_buf_8_fu_216                  |  10|   0|   10|          0|
    |old_buf_9_fu_220                  |  10|   0|   10|          0|
    |old_buf_fu_148                    |  10|   0|   10|          0|
    |or_ln79_reg_8583                  |   1|   0|    1|          0|
    |or_ln79_reg_8583_pp0_iter1_reg    |   1|   0|    1|          0|
    |res_out_10_reg_9117               |  14|   0|   14|          0|
    |res_out_11_reg_9122               |  15|   0|   15|          0|
    |res_out_12_reg_9127               |  16|   0|   16|          0|
    |res_out_17_reg_9071               |  16|   0|   16|          0|
    |res_out_18_reg_9152               |  16|   0|   16|          0|
    |res_out_1_reg_9081                |  15|   0|   15|          0|
    |res_out_20_reg_9199               |  16|   0|   16|          0|
    |res_out_21_reg_9204               |  15|   0|   15|          0|
    |res_out_22_reg_9209               |  16|   0|   16|          0|
    |res_out_24_reg_9214               |  16|   0|   16|          0|
    |res_out_25_reg_9219               |  14|   0|   14|          0|
    |res_out_27_reg_9189               |  15|   0|   15|          0|
    |res_out_29_reg_9240               |  15|   0|   15|          0|
    |res_out_2_reg_9086                |  16|   0|   16|          0|
    |res_out_30_reg_9245               |  14|   0|   14|          0|
    |res_out_31_reg_9250               |  15|   0|   15|          0|
    |res_out_32_reg_9255               |  16|   0|   16|          0|
    |res_out_37_reg_9194               |  16|   0|   16|          0|
    |res_out_38_reg_9280               |  16|   0|   16|          0|
    |res_out_40_reg_9327               |  16|   0|   16|          0|
    |res_out_41_reg_9332               |  15|   0|   15|          0|
    |res_out_42_reg_9337               |  16|   0|   16|          0|
    |res_out_44_reg_9342               |  16|   0|   16|          0|
    |res_out_45_reg_9347               |  14|   0|   14|          0|
    |res_out_47_reg_9317               |  15|   0|   15|          0|
    |res_out_49_reg_9368               |  15|   0|   15|          0|
    |res_out_4_reg_9091                |  16|   0|   16|          0|
    |res_out_50_reg_9373               |  14|   0|   14|          0|
    |res_out_51_reg_9378               |  15|   0|   15|          0|
    |res_out_52_reg_9383               |  16|   0|   16|          0|
    |res_out_57_reg_9322               |  16|   0|   16|          0|
    |res_out_58_reg_9408               |  16|   0|   16|          0|
    |res_out_5_reg_9096                |  14|   0|   14|          0|
    |res_out_60_reg_9455               |  16|   0|   16|          0|
    |res_out_61_reg_9460               |  15|   0|   15|          0|
    |res_out_62_reg_9465               |  16|   0|   16|          0|
    |res_out_64_reg_9470               |  16|   0|   16|          0|
    |res_out_65_reg_9475               |  14|   0|   14|          0|
    |res_out_67_reg_9445               |  15|   0|   15|          0|
    |res_out_69_reg_9496               |  15|   0|   15|          0|
    |res_out_70_reg_9501               |  14|   0|   14|          0|
    |res_out_71_reg_9506               |  15|   0|   15|          0|
    |res_out_72_reg_9511               |  16|   0|   16|          0|
    |res_out_77_reg_9450               |  16|   0|   16|          0|
    |res_out_78_reg_9536               |  16|   0|   16|          0|
    |res_out_7_reg_9066                |  15|   0|   15|          0|
    |res_out_reg_9076                  |  16|   0|   16|          0|
    |sext_ln73_123_reg_9162            |  13|   0|   15|          2|
    |sext_ln73_143_reg_9174            |  14|   0|   15|          1|
    |sext_ln73_150_reg_8915            |  11|   0|   13|          2|
    |sext_ln73_166_reg_8953            |  11|   0|   11|          0|
    |sext_ln73_206_reg_9290            |  13|   0|   15|          2|
    |sext_ln73_226_reg_9302            |  14|   0|   15|          1|
    |sext_ln73_233_reg_8958            |  11|   0|   13|          2|
    |sext_ln73_249_reg_8996            |  11|   0|   11|          0|
    |sext_ln73_289_reg_9418            |  13|   0|   15|          2|
    |sext_ln73_309_reg_9430            |  14|   0|   15|          1|
    |sext_ln73_316_reg_9001            |  11|   0|   13|          2|
    |sext_ln73_40_reg_9039             |  13|   0|   15|          2|
    |sext_ln73_60_reg_9051             |  14|   0|   15|          1|
    |sext_ln73_67_reg_8872             |  11|   0|   13|          2|
    |sext_ln73_83_reg_8910             |  11|   0|   11|          0|
    |sext_ln73_reg_8867                |  11|   0|   11|          0|
    |shl_ln73_22_reg_9045              |  10|   0|   11|          1|
    |shl_ln73_23_reg_9056              |  10|   0|   12|          2|
    |shl_ln73_38_reg_9168              |  10|   0|   11|          1|
    |shl_ln73_39_reg_9179              |  10|   0|   12|          2|
    |shl_ln73_54_reg_9296              |  10|   0|   11|          1|
    |shl_ln73_55_reg_9307              |  10|   0|   12|          2|
    |shl_ln73_70_reg_9424              |  10|   0|   11|          1|
    |shl_ln73_71_reg_9435              |  10|   0|   12|          2|
    |sub_ln58_1_reg_8948               |  11|   0|   11|          0|
    |sub_ln58_2_reg_8991               |  11|   0|   11|          0|
    |sub_ln58_3_reg_9034               |  11|   0|   11|          0|
    |sub_ln58_reg_8905                 |  11|   0|   11|          0|
    |sub_ln73_102_reg_8884             |  13|   0|   13|          0|
    |sub_ln73_110_reg_8927             |  13|   0|   13|          0|
    |sub_ln73_118_reg_8970             |  13|   0|   13|          0|
    |sub_ln73_126_reg_9013             |  13|   0|   13|          0|
    |sub_ln73_16_reg_8878              |  13|   0|   13|          0|
    |sub_ln73_17_reg_8891              |  13|   0|   13|          0|
    |sub_ln73_40_reg_8921              |  13|   0|   13|          0|
    |sub_ln73_41_reg_8934              |  13|   0|   13|          0|
    |sub_ln73_64_reg_8964              |  13|   0|   13|          0|
    |sub_ln73_65_reg_8977              |  13|   0|   13|          0|
    |sub_ln73_88_reg_9007              |  13|   0|   13|          0|
    |sub_ln73_89_reg_9020              |  13|   0|   13|          0|
    |tmp850_reg_9101                   |  11|   0|   11|          0|
    |tmp856262_reg_9142                |  11|   0|   11|          0|
    |tmp866_reg_9224                   |  11|   0|   11|          0|
    |tmp872174_reg_9270                |  11|   0|   11|          0|
    |tmp882_reg_9352                   |  11|   0|   11|          0|
    |tmp88886_reg_9398                 |  11|   0|   11|          0|
    |tmp898_reg_9480                   |  11|   0|   11|          0|
    |tmp9041_reg_9526                  |  11|   0|   11|          0|
    |tmp_14_reg_9581                   |  13|   0|   13|          0|
    |tmp_16_reg_9586                   |  14|   0|   14|          0|
    |tmp_23_reg_9591                   |  13|   0|   13|          0|
    |tmp_24_reg_9596                   |  14|   0|   14|          0|
    |tmp_26_reg_9601                   |  13|   0|   13|          0|
    |tmp_27_reg_9606                   |  14|   0|   14|          0|
    |tmp_29_reg_9611                   |  13|   0|   13|          0|
    |tmp_8_reg_9571                    |  14|   0|   14|          0|
    |tmp_s_reg_9576                    |  14|   0|   14|          0|
    |trunc_ln108_1_reg_9546            |   1|   0|    1|          0|
    |trunc_ln108_2_reg_9551            |   1|   0|    1|          0|
    |trunc_ln108_4_reg_9556            |   1|   0|    1|          0|
    |trunc_ln108_6_reg_9561            |   1|   0|    1|          0|
    |trunc_ln108_8_reg_9566            |   1|   0|    1|          0|
    |xor_ln108_1_reg_9265              |   1|   0|    1|          0|
    |xor_ln108_2_reg_9393              |   1|   0|    1|          0|
    |xor_ln108_3_reg_9521              |   1|   0|    1|          0|
    |xor_ln108_reg_9137                |   1|   0|    1|          0|
    +----------------------------------+----+----+-----+-----------+
    |Total                             |2383|   0| 2415|         32|
    +----------------------------------+----+----+-----+-----------+



================================================================
== Interface
================================================================
* Summary: 
+------------------------------+-----+------+------------+---------------------------------------------------------------------------+--------------+
|           RTL Ports          | Dir | Bits |  Protocol  |                               Source Object                               |    C Type    |
+------------------------------+-----+------+------------+---------------------------------------------------------------------------+--------------+
|ap_clk                        |   in|     1|  ap_ctrl_hs|  first_conv_2row_4lane_temporal_wide_cl<array,array<ap_fixed,80u>,config4>|  return value|
|ap_rst                        |   in|     1|  ap_ctrl_hs|  first_conv_2row_4lane_temporal_wide_cl<array,array<ap_fixed,80u>,config4>|  return value|
|ap_start                      |   in|     1|  ap_ctrl_hs|  first_conv_2row_4lane_temporal_wide_cl<array,array<ap_fixed,80u>,config4>|  return value|
|ap_done                       |  out|     1|  ap_ctrl_hs|  first_conv_2row_4lane_temporal_wide_cl<array,array<ap_fixed,80u>,config4>|  return value|
|ap_continue                   |   in|     1|  ap_ctrl_hs|  first_conv_2row_4lane_temporal_wide_cl<array,array<ap_fixed,80u>,config4>|  return value|
|ap_idle                       |  out|     1|  ap_ctrl_hs|  first_conv_2row_4lane_temporal_wide_cl<array,array<ap_fixed,80u>,config4>|  return value|
|ap_ready                      |  out|     1|  ap_ctrl_hs|  first_conv_2row_4lane_temporal_wide_cl<array,array<ap_fixed,80u>,config4>|  return value|
|waveform_TVALID               |   in|     1|        axis|                                                                   waveform|       pointer|
|waveform_TDATA                |   in|   128|        axis|                                                                   waveform|       pointer|
|waveform_TREADY               |  out|     1|        axis|                                                                   waveform|       pointer|
|layer4_out_x4_din             |  out|  1280|     ap_fifo|                                                              layer4_out_x4|       pointer|
|layer4_out_x4_num_data_valid  |   in|     3|     ap_fifo|                                                              layer4_out_x4|       pointer|
|layer4_out_x4_fifo_cap        |   in|     3|     ap_fifo|                                                              layer4_out_x4|       pointer|
|layer4_out_x4_full_n          |   in|     1|     ap_fifo|                                                              layer4_out_x4|       pointer|
|layer4_out_x4_write           |  out|     1|     ap_fifo|                                                              layer4_out_x4|       pointer|
+------------------------------+-----+------+------------+---------------------------------------------------------------------------+--------------+

