

================================================================
== Vitis HLS Report for 'first_conv_2row_4lane_temporal_wide_cl_array_array_ap_fixed_28u_config4_s'
================================================================
* Date:           Sun Aug  9 17:01:41 2026

* Version:        2023.2 (Build 4023990 on Oct 11 2023)
* Project:        cnn_core_prj
* Solution:       solution1 (Vivado IP Flow Target)
* Product family: kintexuplus
* Target device:  xcku5p-ffvb676-2-e


================================================================
== Performance Estimates
================================================================
+ Timing: 
    * Summary: 
    +--------+---------+----------+------------+
    |  Clock |  Target | Estimated| Uncertainty|
    +--------+---------+----------+------------+
    |ap_clk  |  5.00 ns|  3.647 ns|     1.35 ns|
    +--------+---------+----------+------------+

+ Latency: 
    * Summary: 
    +---------+---------+----------+----------+-----+-----+---------+
    |  Latency (cycles) |  Latency (absolute) |  Interval | Pipeline|
    |   min   |   max   |    min   |    max   | min | max |   Type  |
    +---------+---------+----------+----------+-----+-----+---------+
    |      131|      131|  0.655 us|  0.655 us|  131|  131|       no|
    +---------+---------+----------+----------+-----+-----+---------+

    + Detail: 
        * Instance: 
        N/A

        * Loop: 
        +-----------------+---------+---------+----------+-----------+-----------+------+----------+
        |                 |  Latency (cycles) | Iteration|  Initiation Interval  | Trip |          |
        |    Loop Name    |   min   |   max   |  Latency |  achieved |   target  | Count| Pipelined|
        +-----------------+---------+---------+----------+-----------+-----------+------+----------+
        |- ReadPairsWide  |      129|      129|         3|          1|          1|   128|       yes|
        +-----------------+---------+---------+----------+-----------+-----------+------+----------+



================================================================
== Utilization Estimates
================================================================
* Summary: 
+-----------------+---------+------+--------+--------+-----+
|       Name      | BRAM_18K|  DSP |   FF   |   LUT  | URAM|
+-----------------+---------+------+--------+--------+-----+
|DSP              |        -|     -|       -|       -|    -|
|Expression       |        -|     -|       0|    4334|    -|
|FIFO             |        -|     -|       -|       -|    -|
|Instance         |        -|     0|       0|    1400|    -|
|Memory           |        -|     -|       -|       -|    -|
|Multiplexer      |        -|     -|       -|      81|    -|
|Register         |        -|     -|     813|       -|    -|
+-----------------+---------+------+--------+--------+-----+
|Total            |        0|     0|     813|    5815|    0|
+-----------------+---------+------+--------+--------+-----+
|Available        |      960|  1824|  433920|  216960|   64|
+-----------------+---------+------+--------+--------+-----+
|Utilization (%)  |        0|     0|      ~0|       2|    0|
+-----------------+---------+------+--------+--------+-----+

+ Detail: 
    * Instance: 
    +-----------------------+-------------------+---------+----+---+----+-----+
    |        Instance       |       Module      | BRAM_18K| DSP| FF| LUT| URAM|
    +-----------------------+-------------------+---------+----+---+----+-----+
    |mul_9s_5ns_13_1_1_U2   |mul_9s_5ns_13_1_1  |        0|   0|  0|  50|    0|
    |mul_9s_5ns_13_1_1_U10  |mul_9s_5ns_13_1_1  |        0|   0|  0|  50|    0|
    |mul_9s_5ns_13_1_1_U14  |mul_9s_5ns_13_1_1  |        0|   0|  0|  50|    0|
    |mul_9s_5ns_13_1_1_U21  |mul_9s_5ns_13_1_1  |        0|   0|  0|  50|    0|
    |mul_9s_5ns_14_1_1_U3   |mul_9s_5ns_14_1_1  |        0|   0|  0|  50|    0|
    |mul_9s_5ns_14_1_1_U4   |mul_9s_5ns_14_1_1  |        0|   0|  0|  50|    0|
    |mul_9s_5ns_14_1_1_U5   |mul_9s_5ns_14_1_1  |        0|   0|  0|  50|    0|
    |mul_9s_5ns_14_1_1_U7   |mul_9s_5ns_14_1_1  |        0|   0|  0|  50|    0|
    |mul_9s_5ns_14_1_1_U9   |mul_9s_5ns_14_1_1  |        0|   0|  0|  50|    0|
    |mul_9s_5ns_14_1_1_U20  |mul_9s_5ns_14_1_1  |        0|   0|  0|  50|    0|
    |mul_9s_5ns_14_1_1_U24  |mul_9s_5ns_14_1_1  |        0|   0|  0|  50|    0|
    |mul_9s_5ns_14_1_1_U26  |mul_9s_5ns_14_1_1  |        0|   0|  0|  50|    0|
    |mul_9s_6ns_14_1_1_U6   |mul_9s_6ns_14_1_1  |        0|   0|  0|  50|    0|
    |mul_9s_6ns_14_1_1_U8   |mul_9s_6ns_14_1_1  |        0|   0|  0|  50|    0|
    |mul_9s_6ns_14_1_1_U19  |mul_9s_6ns_14_1_1  |        0|   0|  0|  50|    0|
    |mul_9s_6ns_14_1_1_U25  |mul_9s_6ns_14_1_1  |        0|   0|  0|  50|    0|
    |mul_9s_6ns_15_1_1_U1   |mul_9s_6ns_15_1_1  |        0|   0|  0|  50|    0|
    |mul_9s_6ns_15_1_1_U11  |mul_9s_6ns_15_1_1  |        0|   0|  0|  50|    0|
    |mul_9s_6ns_15_1_1_U12  |mul_9s_6ns_15_1_1  |        0|   0|  0|  50|    0|
    |mul_9s_6ns_15_1_1_U15  |mul_9s_6ns_15_1_1  |        0|   0|  0|  50|    0|
    |mul_9s_6ns_15_1_1_U16  |mul_9s_6ns_15_1_1  |        0|   0|  0|  50|    0|
    |mul_9s_6ns_15_1_1_U18  |mul_9s_6ns_15_1_1  |        0|   0|  0|  50|    0|
    |mul_9s_6ns_15_1_1_U22  |mul_9s_6ns_15_1_1  |        0|   0|  0|  50|    0|
    |mul_9s_6ns_15_1_1_U28  |mul_9s_6ns_15_1_1  |        0|   0|  0|  50|    0|
    |mul_9s_6s_15_1_1_U13   |mul_9s_6s_15_1_1   |        0|   0|  0|  50|    0|
    |mul_9s_6s_15_1_1_U17   |mul_9s_6s_15_1_1   |        0|   0|  0|  50|    0|
    |mul_9s_6s_15_1_1_U23   |mul_9s_6s_15_1_1   |        0|   0|  0|  50|    0|
    |mul_9s_6s_15_1_1_U27   |mul_9s_6s_15_1_1   |        0|   0|  0|  50|    0|
    +-----------------------+-------------------+---------+----+---+----+-----+
    |Total                  |                   |        0|   0|  0|1400|    0|
    +-----------------------+-------------------+---------+----+---+----+-----+

    * DSP: 
    N/A

    * Memory: 
    N/A

    * FIFO: 
    N/A

    * Expression: 
    +----------------------------------+----------+----+---+----+------------+------------+
    |           Variable Name          | Operation| DSP| FF| LUT| Bitwidth P0| Bitwidth P1|
    +----------------------------------+----------+----+---+----+------------+------------+
    |add_ln108_fu_4627_p2              |         +|   0|  0|  39|          32|           1|
    |add_ln58_100_fu_7292_p2           |         +|   0|  0|  19|          12|          11|
    |add_ln58_101_fu_7351_p2           |         +|   0|  0|  16|          14|          14|
    |add_ln58_102_fu_7361_p2           |         +|   0|  0|  16|          14|          14|
    |add_ln58_104_fu_7377_p2           |         +|   0|  0|  19|          12|          11|
    |add_ln58_105_fu_7387_p2           |         +|   0|  0|  20|          13|          13|
    |add_ln58_106_fu_7397_p2           |         +|   0|  0|  16|          14|          14|
    |add_ln58_107_fu_7403_p2           |         +|   0|  0|  16|          14|          14|
    |add_ln58_108_fu_7413_p2           |         +|   0|  0|  20|          13|          13|
    |add_ln58_10_fu_5298_p2            |         +|   0|  0|  20|          13|          13|
    |add_ln58_110_fu_7429_p2           |         +|   0|  0|  20|          13|          13|
    |add_ln58_111_fu_7439_p2           |         +|   0|  0|  16|          14|          14|
    |add_ln58_112_fu_7449_p2           |         +|   0|  0|  21|          14|          14|
    |add_ln58_114_fu_7465_p2           |         +|   0|  0|  21|          14|          10|
    |add_ln58_115_fu_7475_p2           |         +|   0|  0|  16|          15|          15|
    |add_ln58_116_fu_7481_p2           |         +|   0|  0|  16|          15|          15|
    |add_ln58_117_fu_7487_p2           |         +|   0|  0|  22|          15|          15|
    |add_ln58_119_fu_7497_p2           |         +|   0|  0|  17|          13|          13|
    |add_ln58_11_fu_5308_p2            |         +|   0|  0|  16|          14|          14|
    |add_ln58_120_fu_7513_p2           |         +|   0|  0|  17|          13|          13|
    |add_ln58_121_fu_7523_p2           |         +|   0|  0|  21|          14|          14|
    |add_ln58_123_fu_7543_p2           |         +|   0|  0|  17|          13|           7|
    |add_ln58_124_fu_7553_p2           |         +|   0|  0|  16|          14|          14|
    |add_ln58_125_fu_7559_p2           |         +|   0|  0|  16|          14|          14|
    |add_ln58_127_fu_7585_p2           |         +|   0|  0|  17|          10|           8|
    |add_ln58_128_fu_7595_p2           |         +|   0|  0|  20|          13|          13|
    |add_ln58_129_fu_7605_p2           |         +|   0|  0|  16|          14|          14|
    |add_ln58_130_fu_7611_p2           |         +|   0|  0|  17|          12|          12|
    |add_ln58_13_fu_5322_p2            |         +|   0|  0|  21|          14|          14|
    |add_ln58_14_fu_5338_p2            |         +|   0|  0|  21|          14|          10|
    |add_ln58_16_fu_5354_p2            |         +|   0|  0|  16|          15|          15|
    |add_ln58_17_fu_5348_p2            |         +|   0|  0|  16|          15|          15|
    |add_ln58_18_fu_5360_p2            |         +|   0|  0|  22|          15|          15|
    |add_ln58_1_fu_5161_p2             |         +|   0|  0|  19|          12|          11|
    |add_ln58_20_fu_5370_p2            |         +|   0|  0|  17|          13|          13|
    |add_ln58_21_fu_5386_p2            |         +|   0|  0|  17|          13|          13|
    |add_ln58_22_fu_5396_p2            |         +|   0|  0|  21|          14|          14|
    |add_ln58_24_fu_5416_p2            |         +|   0|  0|  17|          13|           7|
    |add_ln58_25_fu_5426_p2            |         +|   0|  0|  16|          14|          14|
    |add_ln58_26_fu_5432_p2            |         +|   0|  0|  16|          14|          14|
    |add_ln58_28_fu_5458_p2            |         +|   0|  0|  17|          10|           8|
    |add_ln58_29_fu_5468_p2            |         +|   0|  0|  20|          13|          13|
    |add_ln58_2_fu_5220_p2             |         +|   0|  0|  16|          14|          14|
    |add_ln58_30_fu_5478_p2            |         +|   0|  0|  16|          14|          14|
    |add_ln58_31_fu_5484_p2            |         +|   0|  0|  17|          12|          12|
    |add_ln58_33_fu_5864_p2            |         +|   0|  0|  16|          14|          11|
    |add_ln58_34_fu_5874_p2            |         +|   0|  0|  19|          12|          11|
    |add_ln58_35_fu_5933_p2            |         +|   0|  0|  16|          14|          14|
    |add_ln58_36_fu_5943_p2            |         +|   0|  0|  16|          14|          14|
    |add_ln58_38_fu_5959_p2            |         +|   0|  0|  19|          12|          11|
    |add_ln58_39_fu_5969_p2            |         +|   0|  0|  20|          13|          13|
    |add_ln58_3_fu_5230_p2             |         +|   0|  0|  16|          14|          14|
    |add_ln58_40_fu_5979_p2            |         +|   0|  0|  16|          14|          14|
    |add_ln58_41_fu_5985_p2            |         +|   0|  0|  16|          14|          14|
    |add_ln58_42_fu_5995_p2            |         +|   0|  0|  20|          13|          13|
    |add_ln58_44_fu_6011_p2            |         +|   0|  0|  20|          13|          13|
    |add_ln58_45_fu_6021_p2            |         +|   0|  0|  16|          14|          14|
    |add_ln58_46_fu_6031_p2            |         +|   0|  0|  21|          14|          14|
    |add_ln58_48_fu_6047_p2            |         +|   0|  0|  21|          14|          10|
    |add_ln58_49_fu_6057_p2            |         +|   0|  0|  16|          15|          15|
    |add_ln58_50_fu_6063_p2            |         +|   0|  0|  16|          15|          15|
    |add_ln58_51_fu_6069_p2            |         +|   0|  0|  22|          15|          15|
    |add_ln58_53_fu_6079_p2            |         +|   0|  0|  17|          13|          13|
    |add_ln58_54_fu_6095_p2            |         +|   0|  0|  17|          13|          13|
    |add_ln58_55_fu_6105_p2            |         +|   0|  0|  21|          14|          14|
    |add_ln58_57_fu_6125_p2            |         +|   0|  0|  17|          13|           7|
    |add_ln58_58_fu_6135_p2            |         +|   0|  0|  16|          14|          14|
    |add_ln58_59_fu_6141_p2            |         +|   0|  0|  16|          14|          14|
    |add_ln58_5_fu_5256_p2             |         +|   0|  0|  20|          13|          13|
    |add_ln58_61_fu_6167_p2            |         +|   0|  0|  17|          10|           8|
    |add_ln58_62_fu_6177_p2            |         +|   0|  0|  20|          13|          13|
    |add_ln58_63_fu_6187_p2            |         +|   0|  0|  16|          14|          14|
    |add_ln58_64_fu_6193_p2            |         +|   0|  0|  17|          12|          12|
    |add_ln58_66_fu_6573_p2            |         +|   0|  0|  16|          14|          11|
    |add_ln58_67_fu_6583_p2            |         +|   0|  0|  19|          12|          11|
    |add_ln58_68_fu_6642_p2            |         +|   0|  0|  16|          14|          14|
    |add_ln58_69_fu_6652_p2            |         +|   0|  0|  16|          14|          14|
    |add_ln58_6_fu_5246_p2             |         +|   0|  0|  19|          12|          11|
    |add_ln58_71_fu_6668_p2            |         +|   0|  0|  19|          12|          11|
    |add_ln58_72_fu_6678_p2            |         +|   0|  0|  20|          13|          13|
    |add_ln58_73_fu_6688_p2            |         +|   0|  0|  16|          14|          14|
    |add_ln58_74_fu_6694_p2            |         +|   0|  0|  16|          14|          14|
    |add_ln58_75_fu_6704_p2            |         +|   0|  0|  20|          13|          13|
    |add_ln58_77_fu_6720_p2            |         +|   0|  0|  20|          13|          13|
    |add_ln58_78_fu_6730_p2            |         +|   0|  0|  16|          14|          14|
    |add_ln58_79_fu_6740_p2            |         +|   0|  0|  21|          14|          14|
    |add_ln58_7_fu_5272_p2             |         +|   0|  0|  16|          14|          14|
    |add_ln58_81_fu_6756_p2            |         +|   0|  0|  21|          14|          10|
    |add_ln58_82_fu_6766_p2            |         +|   0|  0|  16|          15|          15|
    |add_ln58_83_fu_6772_p2            |         +|   0|  0|  16|          15|          15|
    |add_ln58_84_fu_6778_p2            |         +|   0|  0|  22|          15|          15|
    |add_ln58_86_fu_6788_p2            |         +|   0|  0|  17|          13|          13|
    |add_ln58_87_fu_6804_p2            |         +|   0|  0|  17|          13|          13|
    |add_ln58_88_fu_6814_p2            |         +|   0|  0|  21|          14|          14|
    |add_ln58_8_fu_5266_p2             |         +|   0|  0|  16|          14|          14|
    |add_ln58_90_fu_6834_p2            |         +|   0|  0|  17|          13|           7|
    |add_ln58_91_fu_6844_p2            |         +|   0|  0|  16|          14|          14|
    |add_ln58_92_fu_6850_p2            |         +|   0|  0|  16|          14|          14|
    |add_ln58_94_fu_6876_p2            |         +|   0|  0|  17|          10|           8|
    |add_ln58_95_fu_6886_p2            |         +|   0|  0|  20|          13|          13|
    |add_ln58_96_fu_6896_p2            |         +|   0|  0|  16|          14|          14|
    |add_ln58_97_fu_6902_p2            |         +|   0|  0|  17|          12|          12|
    |add_ln58_99_fu_7282_p2            |         +|   0|  0|  16|          14|          11|
    |add_ln58_9_fu_5282_p2             |         +|   0|  0|  20|          13|          13|
    |add_ln58_fu_5151_p2               |         +|   0|  0|  16|          14|          11|
    |add_ln73_10_fu_6365_p2            |         +|   0|  0|  21|          14|          14|
    |add_ln73_11_fu_6547_p2            |         +|   0|  0|  20|          13|          13|
    |add_ln73_12_fu_6991_p2            |         +|   0|  0|  20|          13|          13|
    |add_ln73_13_fu_6997_p2            |         +|   0|  0|  19|          12|          12|
    |add_ln73_14_fu_7074_p2            |         +|   0|  0|  21|          14|          14|
    |add_ln73_15_fu_7256_p2            |         +|   0|  0|  20|          13|          13|
    |add_ln73_1_fu_4866_p2             |         +|   0|  0|  19|          12|          12|
    |add_ln73_2_fu_4943_p2             |         +|   0|  0|  21|          14|          14|
    |add_ln73_3_fu_5125_p2             |         +|   0|  0|  20|          13|          13|
    |add_ln73_4_fu_5573_p2             |         +|   0|  0|  20|          13|          13|
    |add_ln73_5_fu_5579_p2             |         +|   0|  0|  19|          12|          12|
    |add_ln73_6_fu_5656_p2             |         +|   0|  0|  21|          14|          14|
    |add_ln73_7_fu_5838_p2             |         +|   0|  0|  20|          13|          13|
    |add_ln73_8_fu_6282_p2             |         +|   0|  0|  20|          13|          13|
    |add_ln73_9_fu_6288_p2             |         +|   0|  0|  19|          12|          12|
    |add_ln73_fu_4860_p2               |         +|   0|  0|  20|          13|          13|
    |i_pair_2_fu_4437_p2               |         +|   0|  0|  15|           8|           1|
    |res_out_10_fu_7699_p2             |         +|   0|  0|  23|          16|          16|
    |res_out_11_fu_6115_p2             |         +|   0|  0|  22|          15|          15|
    |res_out_12_fu_6161_p2             |         +|   0|  0|  16|          15|          15|
    |res_out_13_fu_6203_p2             |         +|   0|  0|  16|          14|          14|
    |res_out_14_fu_6662_p2             |         +|   0|  0|  22|          15|          15|
    |res_out_15_fu_6714_p2             |         +|   0|  0|  22|          15|          15|
    |res_out_16_fu_6750_p2             |         +|   0|  0|  22|          15|          15|
    |res_out_17_fu_7711_p2             |         +|   0|  0|  23|          16|          16|
    |res_out_18_fu_6824_p2             |         +|   0|  0|  22|          15|          15|
    |res_out_19_fu_6870_p2             |         +|   0|  0|  16|          15|          15|
    |res_out_1_fu_5292_p2              |         +|   0|  0|  22|          15|          15|
    |res_out_20_fu_6912_p2             |         +|   0|  0|  16|          14|          14|
    |res_out_21_fu_7371_p2             |         +|   0|  0|  22|          15|          15|
    |res_out_22_fu_7423_p2             |         +|   0|  0|  22|          15|          15|
    |res_out_23_fu_7459_p2             |         +|   0|  0|  22|          15|          15|
    |res_out_24_fu_7723_p2             |         +|   0|  0|  23|          16|          16|
    |res_out_25_fu_7533_p2             |         +|   0|  0|  22|          15|          15|
    |res_out_26_fu_7579_p2             |         +|   0|  0|  16|          15|          15|
    |res_out_27_fu_7621_p2             |         +|   0|  0|  16|          14|          14|
    |res_out_2_fu_5332_p2              |         +|   0|  0|  22|          15|          15|
    |res_out_3_fu_7681_p2              |         +|   0|  0|  23|          16|          16|
    |res_out_4_fu_5406_p2              |         +|   0|  0|  22|          15|          15|
    |res_out_5_fu_5452_p2              |         +|   0|  0|  16|          15|          15|
    |res_out_6_fu_5494_p2              |         +|   0|  0|  16|          14|          14|
    |res_out_7_fu_5953_p2              |         +|   0|  0|  22|          15|          15|
    |res_out_8_fu_6005_p2              |         +|   0|  0|  22|          15|          15|
    |res_out_9_fu_6041_p2              |         +|   0|  0|  22|          15|          15|
    |res_out_fu_5240_p2                |         +|   0|  0|  22|          15|          15|
    |sub_ln58_10_fu_7503_p2            |         -|   0|  0|  18|           8|          11|
    |sub_ln58_11_fu_7573_p2            |         -|   0|  0|  16|          15|          15|
    |sub_ln58_1_fu_5923_p2             |         -|   0|  0|  19|          12|          12|
    |sub_ln58_2_fu_6632_p2             |         -|   0|  0|  19|          12|          12|
    |sub_ln58_3_fu_7341_p2             |         -|   0|  0|  19|          12|          12|
    |sub_ln58_4_fu_5376_p2             |         -|   0|  0|  18|           8|          11|
    |sub_ln58_5_fu_5446_p2             |         -|   0|  0|  16|          15|          15|
    |sub_ln58_6_fu_6085_p2             |         -|   0|  0|  18|           8|          11|
    |sub_ln58_7_fu_6155_p2             |         -|   0|  0|  16|          15|          15|
    |sub_ln58_8_fu_6794_p2             |         -|   0|  0|  18|           8|          11|
    |sub_ln58_9_fu_6864_p2             |         -|   0|  0|  16|          15|          15|
    |sub_ln58_fu_5210_p2               |         -|   0|  0|  19|          12|          12|
    |sub_ln73_10_fu_5069_p2            |         -|   0|  0|  17|          13|          13|
    |sub_ln73_11_fu_5097_p2            |         -|   0|  0|  17|           1|          12|
    |sub_ln73_12_fu_5135_p2            |         -|   0|  0|  17|          12|          12|
    |sub_ln73_13_fu_5537_p2            |         -|   0|  0|  17|           1|          13|
    |sub_ln73_14_fu_5543_p2            |         -|   0|  0|  17|          13|          13|
    |sub_ln73_15_fu_5145_p2            |         -|   0|  0|  20|          13|          13|
    |sub_ln73_16_fu_5626_p2            |         -|   0|  0|  16|          14|          14|
    |sub_ln73_17_fu_5650_p2            |         -|   0|  0|  16|          14|          14|
    |sub_ln73_18_fu_5700_p2            |         -|   0|  0|  20|          13|          13|
    |sub_ln73_19_fu_5726_p2            |         -|   0|  0|  19|           1|          12|
    |sub_ln73_1_fu_4830_p2             |         -|   0|  0|  17|          13|          13|
    |sub_ln73_20_fu_5732_p2            |         -|   0|  0|  17|          12|          12|
    |sub_ln73_21_fu_5759_p2            |         -|   0|  0|  17|           1|          13|
    |sub_ln73_22_fu_5765_p2            |         -|   0|  0|  17|          13|          13|
    |sub_ln73_23_fu_5782_p2            |         -|   0|  0|  17|          13|          13|
    |sub_ln73_24_fu_5810_p2            |         -|   0|  0|  17|           1|          12|
    |sub_ln73_25_fu_5848_p2            |         -|   0|  0|  17|          12|          12|
    |sub_ln73_26_fu_6246_p2            |         -|   0|  0|  17|           1|          13|
    |sub_ln73_27_fu_6252_p2            |         -|   0|  0|  17|          13|          13|
    |sub_ln73_28_fu_5644_p2            |         -|   0|  0|  19|          12|          12|
    |sub_ln73_29_fu_6335_p2            |         -|   0|  0|  16|          14|          14|
    |sub_ln73_2_fu_4913_p2             |         -|   0|  0|  16|          14|          14|
    |sub_ln73_30_fu_6359_p2            |         -|   0|  0|  16|          14|          14|
    |sub_ln73_31_fu_6409_p2            |         -|   0|  0|  20|          13|          13|
    |sub_ln73_32_fu_6435_p2            |         -|   0|  0|  19|           1|          12|
    |sub_ln73_33_fu_6441_p2            |         -|   0|  0|  17|          12|          12|
    |sub_ln73_34_fu_6468_p2            |         -|   0|  0|  17|           1|          13|
    |sub_ln73_35_fu_6474_p2            |         -|   0|  0|  17|          13|          13|
    |sub_ln73_36_fu_6491_p2            |         -|   0|  0|  17|          13|          13|
    |sub_ln73_37_fu_6519_p2            |         -|   0|  0|  17|           1|          12|
    |sub_ln73_38_fu_6557_p2            |         -|   0|  0|  17|          12|          12|
    |sub_ln73_39_fu_6955_p2            |         -|   0|  0|  17|           1|          13|
    |sub_ln73_3_fu_4931_p2             |         -|   0|  0|  19|          12|          12|
    |sub_ln73_40_fu_6961_p2            |         -|   0|  0|  17|          13|          13|
    |sub_ln73_41_fu_5858_p2            |         -|   0|  0|  20|          13|          13|
    |sub_ln73_42_fu_7044_p2            |         -|   0|  0|  16|          14|          14|
    |sub_ln73_43_fu_7068_p2            |         -|   0|  0|  16|          14|          14|
    |sub_ln73_44_fu_7118_p2            |         -|   0|  0|  20|          13|          13|
    |sub_ln73_45_fu_7144_p2            |         -|   0|  0|  19|           1|          12|
    |sub_ln73_46_fu_7150_p2            |         -|   0|  0|  17|          12|          12|
    |sub_ln73_47_fu_7177_p2            |         -|   0|  0|  17|           1|          13|
    |sub_ln73_48_fu_7183_p2            |         -|   0|  0|  17|          13|          13|
    |sub_ln73_49_fu_7200_p2            |         -|   0|  0|  17|          13|          13|
    |sub_ln73_4_fu_4937_p2             |         -|   0|  0|  16|          14|          14|
    |sub_ln73_50_fu_7228_p2            |         -|   0|  0|  17|           1|          12|
    |sub_ln73_51_fu_7266_p2            |         -|   0|  0|  17|          12|          12|
    |sub_ln73_52_fu_6353_p2            |         -|   0|  0|  19|          12|          12|
    |sub_ln73_53_fu_6567_p2            |         -|   0|  0|  20|          13|          13|
    |sub_ln73_54_fu_7062_p2            |         -|   0|  0|  19|          12|          12|
    |sub_ln73_55_fu_7276_p2            |         -|   0|  0|  20|          13|          13|
    |sub_ln73_5_fu_4987_p2             |         -|   0|  0|  20|          13|          13|
    |sub_ln73_6_fu_5013_p2             |         -|   0|  0|  19|           1|          12|
    |sub_ln73_7_fu_5019_p2             |         -|   0|  0|  17|          12|          12|
    |sub_ln73_8_fu_5046_p2             |         -|   0|  0|  17|           1|          13|
    |sub_ln73_9_fu_5052_p2             |         -|   0|  0|  17|          13|          13|
    |sub_ln73_fu_4824_p2               |         -|   0|  0|  17|           1|          13|
    |ap_block_state3_pp0_stage0_iter2  |       and|   0|  0|   2|           1|           1|
    |ap_condition_220                  |       and|   0|  0|   2|           1|           1|
    |emit_row0_fu_4539_p2              |       and|   0|  0|   2|           1|           1|
    |emit_row1_fu_4551_p2              |       and|   0|  0|   2|           1|           1|
    |have_window_fu_4527_p2            |      icmp|   0|  0|  14|           7|           1|
    |icmp_ln41_fu_4431_p2              |      icmp|   0|  0|  16|           8|           9|
    |icmp_ln77_fu_4533_p2              |      icmp|   0|  0|  39|          32|           2|
    |icmp_ln78_fu_4545_p2              |      icmp|   0|  0|  39|          32|           1|
    |ap_block_pp0_stage0_01001         |        or|   0|  0|   2|           1|           1|
    |ap_block_state1_pp0_stage0_iter0  |        or|   0|  0|   2|           1|           1|
    |or_ln79_fu_4557_p2                |        or|   0|  0|   2|           1|           1|
    |kernel_data_17_fu_4722_p3         |    select|   0|  0|   9|           1|           9|
    |kernel_data_18_fu_4728_p3         |    select|   0|  0|   9|           1|           9|
    |kernel_data_19_fu_4563_p3         |    select|   0|  0|   9|           1|           9|
    |kernel_data_20_fu_4571_p3         |    select|   0|  0|   9|           1|           9|
    |kernel_data_21_fu_4733_p3         |    select|   0|  0|   9|           1|           9|
    |kernel_data_22_fu_4740_p3         |    select|   0|  0|   9|           1|           9|
    |kernel_data_23_fu_4746_p3         |    select|   0|  0|   9|           1|           9|
    |kernel_data_24_fu_4579_p3         |    select|   0|  0|   9|           1|           9|
    |kernel_data_25_fu_4587_p3         |    select|   0|  0|   9|           1|           9|
    |kernel_data_26_fu_4751_p3         |    select|   0|  0|   9|           1|           9|
    |kernel_data_27_fu_4758_p3         |    select|   0|  0|   9|           1|           9|
    |kernel_data_28_fu_4764_p3         |    select|   0|  0|   9|           1|           9|
    |kernel_data_29_fu_4595_p3         |    select|   0|  0|   9|           1|           9|
    |kernel_data_30_fu_4603_p3         |    select|   0|  0|   9|           1|           9|
    |kernel_data_31_fu_4769_p3         |    select|   0|  0|   9|           1|           9|
    |kernel_data_32_fu_4776_p3         |    select|   0|  0|   9|           1|           9|
    |kernel_data_33_fu_4782_p3         |    select|   0|  0|   9|           1|           9|
    |kernel_data_34_fu_4611_p3         |    select|   0|  0|   9|           1|           9|
    |kernel_data_35_fu_4619_p3         |    select|   0|  0|   9|           1|           9|
    |kernel_data_fu_4715_p3            |    select|   0|  0|   9|           1|           9|
    |pair_phase_3_fu_4633_p3           |    select|   0|  0|  32|           1|           1|
    |ap_enable_pp0                     |       xor|   0|  0|   2|           1|           2|
    +----------------------------------+----------+----+---+----+------------+------------+
    |Total                             |          |   0|  0|4334|        2848|        3033|
    +----------------------------------+----------+----+---+----+------------+------------+

    * Multiplexer: 
    +-------------------------------+----+-----------+-----+-----------+
    |              Name             | LUT| Input Size| Bits| Total Bits|
    +-------------------------------+----+-----------+-----+-----------+
    |ap_done_int                    |   9|          2|    1|          2|
    |ap_enable_reg_pp0_iter1        |   9|          2|    1|          2|
    |ap_sig_allocacmp_i_pair_1      |   9|          2|    8|         16|
    |ap_sig_allocacmp_pair_phase_2  |   9|          2|   32|         64|
    |i_pair_fu_154                  |   9|          2|    8|         16|
    |input_layer_TDATA_blk_n        |   9|          2|    1|          2|
    |layer4_out_x4_blk_n            |   9|          2|    1|          2|
    |pair_phase_fu_158              |   9|          2|   32|         64|
    |real_start                     |   9|          2|    1|          2|
    +-------------------------------+----+-----------+-----+-----------+
    |Total                          |  81|         18|   85|        170|
    +-------------------------------+----+-----------+-----+-----------+

    * Register: 
    +----------------------------------+----+----+-----+-----------+
    |               Name               | FF | LUT| Bits| Const Bits|
    +----------------------------------+----+----+-----+-----------+
    |add_ln58_116_reg_8306             |  15|   0|   15|          0|
    |add_ln58_117_reg_8311             |  15|   0|   15|          0|
    |add_ln58_16_reg_8186              |  15|   0|   15|          0|
    |add_ln58_18_reg_8191              |  15|   0|   15|          0|
    |add_ln58_50_reg_8226              |  15|   0|   15|          0|
    |add_ln58_51_reg_8231              |  15|   0|   15|          0|
    |add_ln58_83_reg_8266              |  15|   0|   15|          0|
    |add_ln58_84_reg_8271              |  15|   0|   15|          0|
    |ap_CS_fsm                         |   1|   0|    1|          0|
    |ap_done_reg                       |   1|   0|    1|          0|
    |ap_enable_reg_pp0_iter1           |   1|   0|    1|          0|
    |ap_enable_reg_pp0_iter2           |   1|   0|    1|          0|
    |ap_loop_exit_ready_pp0_iter1_reg  |   1|   0|    1|          0|
    |emit_row0_reg_8071                |   1|   0|    1|          0|
    |i_pair_fu_154                     |   8|   0|    8|          0|
    |kernel_data_19_reg_8091           |   9|   0|    9|          0|
    |kernel_data_20_reg_8101           |   9|   0|    9|          0|
    |kernel_data_24_reg_8111           |   9|   0|    9|          0|
    |kernel_data_25_reg_8121           |   9|   0|    9|          0|
    |kernel_data_29_reg_8131           |   9|   0|    9|          0|
    |kernel_data_30_reg_8141           |   9|   0|    9|          0|
    |kernel_data_34_reg_8151           |   9|   0|    9|          0|
    |kernel_data_35_reg_8161           |   9|   0|    9|          0|
    |old_buf_10_fu_170                 |   9|   0|    9|          0|
    |old_buf_11_fu_174                 |   9|   0|    9|          0|
    |old_buf_12_fu_178                 |   9|   0|    9|          0|
    |old_buf_13_fu_182                 |   9|   0|    9|          0|
    |old_buf_14_fu_186                 |   9|   0|    9|          0|
    |old_buf_15_fu_190                 |   9|   0|    9|          0|
    |old_buf_16_reg_8015               |   9|   0|    9|          0|
    |old_buf_17_reg_8021               |   9|   0|    9|          0|
    |old_buf_18_reg_8027               |   9|   0|    9|          0|
    |old_buf_19_reg_8033               |   9|   0|    9|          0|
    |old_buf_1_fu_198                  |   9|   0|    9|          0|
    |old_buf_20_reg_8039               |   9|   0|    9|          0|
    |old_buf_21_reg_8046               |   9|   0|    9|          0|
    |old_buf_22_reg_8053               |   9|   0|    9|          0|
    |old_buf_23_reg_8060               |   9|   0|    9|          0|
    |old_buf_2_fu_202                  |   9|   0|    9|          0|
    |old_buf_3_fu_206                  |   9|   0|    9|          0|
    |old_buf_4_fu_210                  |   9|   0|    9|          0|
    |old_buf_5_fu_214                  |   9|   0|    9|          0|
    |old_buf_6_fu_218                  |   9|   0|    9|          0|
    |old_buf_7_fu_222                  |   9|   0|    9|          0|
    |old_buf_8_fu_162                  |   9|   0|    9|          0|
    |old_buf_9_fu_166                  |   9|   0|    9|          0|
    |old_buf_fu_194                    |   9|   0|    9|          0|
    |or_ln79_reg_8087                  |   1|   0|    1|          0|
    |or_ln79_reg_8087_pp0_iter1_reg    |   1|   0|    1|          0|
    |pair_phase_fu_158                 |  32|   0|   32|          0|
    |res_out_11_reg_8236               |  15|   0|   15|          0|
    |res_out_12_reg_8241               |  15|   0|   15|          0|
    |res_out_13_reg_8246               |  14|   0|   14|          0|
    |res_out_14_reg_8251               |  15|   0|   15|          0|
    |res_out_15_reg_8256               |  15|   0|   15|          0|
    |res_out_16_reg_8261               |  15|   0|   15|          0|
    |res_out_18_reg_8276               |  15|   0|   15|          0|
    |res_out_19_reg_8281               |  15|   0|   15|          0|
    |res_out_1_reg_8176                |  15|   0|   15|          0|
    |res_out_20_reg_8286               |  14|   0|   14|          0|
    |res_out_21_reg_8291               |  15|   0|   15|          0|
    |res_out_22_reg_8296               |  15|   0|   15|          0|
    |res_out_23_reg_8301               |  15|   0|   15|          0|
    |res_out_25_reg_8316               |  15|   0|   15|          0|
    |res_out_26_reg_8321               |  15|   0|   15|          0|
    |res_out_27_reg_8326               |  14|   0|   14|          0|
    |res_out_4_reg_8196                |  15|   0|   15|          0|
    |res_out_5_reg_8201                |  15|   0|   15|          0|
    |res_out_6_reg_8206                |  14|   0|   14|          0|
    |res_out_7_reg_8211                |  15|   0|   15|          0|
    |res_out_8_reg_8216                |  15|   0|   15|          0|
    |res_out_9_reg_8221                |  15|   0|   15|          0|
    |res_out_reg_8171                  |  15|   0|   15|          0|
    |start_once_reg                    |   1|   0|    1|          0|
    |tmp_1_reg_8331                    |  14|   0|   14|          0|
    |trunc_ln58_reg_8181               |   1|   0|    1|          0|
    +----------------------------------+----+----+-----+-----------+
    |Total                             | 813|   0|  813|          0|
    +----------------------------------+----+----+-----+-----------+



================================================================
== Interface
================================================================
* Summary: 
+------------------------------+-----+-----+------------+---------------------------------------------------------------------------+--------------+
|           RTL Ports          | Dir | Bits|  Protocol  |                               Source Object                               |    C Type    |
+------------------------------+-----+-----+------------+---------------------------------------------------------------------------+--------------+
|ap_clk                        |   in|    1|  ap_ctrl_hs|  first_conv_2row_4lane_temporal_wide_cl<array,array<ap_fixed,28u>,config4>|  return value|
|ap_rst                        |   in|    1|  ap_ctrl_hs|  first_conv_2row_4lane_temporal_wide_cl<array,array<ap_fixed,28u>,config4>|  return value|
|ap_start                      |   in|    1|  ap_ctrl_hs|  first_conv_2row_4lane_temporal_wide_cl<array,array<ap_fixed,28u>,config4>|  return value|
|start_full_n                  |   in|    1|  ap_ctrl_hs|  first_conv_2row_4lane_temporal_wide_cl<array,array<ap_fixed,28u>,config4>|  return value|
|ap_done                       |  out|    1|  ap_ctrl_hs|  first_conv_2row_4lane_temporal_wide_cl<array,array<ap_fixed,28u>,config4>|  return value|
|ap_continue                   |   in|    1|  ap_ctrl_hs|  first_conv_2row_4lane_temporal_wide_cl<array,array<ap_fixed,28u>,config4>|  return value|
|ap_idle                       |  out|    1|  ap_ctrl_hs|  first_conv_2row_4lane_temporal_wide_cl<array,array<ap_fixed,28u>,config4>|  return value|
|ap_ready                      |  out|    1|  ap_ctrl_hs|  first_conv_2row_4lane_temporal_wide_cl<array,array<ap_fixed,28u>,config4>|  return value|
|start_out                     |  out|    1|  ap_ctrl_hs|  first_conv_2row_4lane_temporal_wide_cl<array,array<ap_fixed,28u>,config4>|  return value|
|start_write                   |  out|    1|  ap_ctrl_hs|  first_conv_2row_4lane_temporal_wide_cl<array,array<ap_fixed,28u>,config4>|  return value|
|input_layer_TVALID            |   in|    1|        axis|                                                                input_layer|       pointer|
|input_layer_TDATA             |   in|  128|        axis|                                                                input_layer|       pointer|
|input_layer_TREADY            |  out|    1|        axis|                                                                input_layer|       pointer|
|layer4_out_x4_din             |  out|  448|     ap_fifo|                                                              layer4_out_x4|       pointer|
|layer4_out_x4_num_data_valid  |   in|    3|     ap_fifo|                                                              layer4_out_x4|       pointer|
|layer4_out_x4_fifo_cap        |   in|    3|     ap_fifo|                                                              layer4_out_x4|       pointer|
|layer4_out_x4_full_n          |   in|    1|     ap_fifo|                                                              layer4_out_x4|       pointer|
|layer4_out_x4_write           |  out|    1|     ap_fifo|                                                              layer4_out_x4|       pointer|
+------------------------------+-----+-----+------------+---------------------------------------------------------------------------+--------------+

