

================================================================
== Vitis HLS Report for 'maxpool2d_wide_nonoverlap_cl_array_array_ap_fixed_80u_config6_s'
================================================================
* Date:           Mon Sep 14 20:26:22 2026

* Version:        2023.2 (Build 4023990 on Oct 11 2023)
* Project:        cnn_core_prj
* Solution:       solution1 (Vivado IP Flow Target)
* Product family: kintexuplus
* Target device:  xcku5p-ffvb676-2-e


================================================================
== Performance Estimates
================================================================
+ Timing: 
    * Summary: 
    +--------+---------+----------+------------+
    |  Clock |  Target | Estimated| Uncertainty|
    +--------+---------+----------+------------+
    |ap_clk  |  5.00 ns|  3.392 ns|     1.35 ns|
    +--------+---------+----------+------------+

+ Latency: 
    * Summary: 
    +---------+---------+----------+----------+-----+-----+---------+
    |  Latency (cycles) |  Latency (absolute) |  Interval | Pipeline|
    |   min   |   max   |    min   |    max   | min | max |   Type  |
    +---------+---------+----------+----------+-----+-----+---------+
    |      128|      128|  0.640 us|  0.640 us|  128|  128|       no|
    +---------+---------+----------+----------+-----+-----+---------+

    + Detail: 
        * Instance: 
        N/A

        * Loop: 
        +------------+---------+---------+----------+-----------+-----------+------+----------+
        |            |  Latency (cycles) | Iteration|  Initiation Interval  | Trip |          |
        |  Loop Name |   min   |   max   |  Latency |  achieved |   target  | Count| Pipelined|
        +------------+---------+---------+----------+-----------+-----------+------+----------+
        |- PoolRows  |      126|      126|         3|          1|          1|   125|       yes|
        +------------+---------+---------+----------+-----------+-----------+------+----------+



================================================================
== Utilization Estimates
================================================================
* Summary: 
+-----------------+---------+------+--------+--------+-----+
|       Name      | BRAM_18K|  DSP |   FF   |   LUT  | URAM|
+-----------------+---------+------+--------+--------+-----+
|DSP              |        -|     -|       -|       -|    -|
|Expression       |        -|     -|       0|    5562|    -|
|FIFO             |        -|     -|       -|       -|    -|
|Instance         |        -|     -|       -|       -|    -|
|Memory           |        -|     -|       -|       -|    -|
|Multiplexer      |        -|     -|       -|      72|    -|
|Register         |        -|     -|    3696|       -|    -|
+-----------------+---------+------+--------+--------+-----+
|Total            |        0|     0|    3696|    5634|    0|
+-----------------+---------+------+--------+--------+-----+
|Available        |      960|  1824|  433920|  216960|   64|
+-----------------+---------+------+--------+--------+-----+
|Utilization (%)  |        0|     0|      ~0|       2|    0|
+-----------------+---------+------+--------+--------+-----+

+ Detail: 
    * Instance: 
    N/A

    * DSP: 
    N/A

    * Memory: 
    N/A

    * FIFO: 
    N/A

    * Expression: 
    +----------------------------------+----------+----+---+----+------------+------------+
    |           Variable Name          | Operation| DSP| FF| LUT| Bitwidth P0| Bitwidth P1|
    +----------------------------------+----------+----+---+----+------------+------------+
    |add_ln259_10_fu_3542_p2           |         +|   0|  0|  17|          10|          10|
    |add_ln259_11_fu_3625_p2           |         +|   0|  0|  17|          10|          10|
    |add_ln259_12_fu_3708_p2           |         +|   0|  0|  17|          10|          10|
    |add_ln259_13_fu_3791_p2           |         +|   0|  0|  17|          10|          10|
    |add_ln259_14_fu_3874_p2           |         +|   0|  0|  17|          10|          10|
    |add_ln259_15_fu_3957_p2           |         +|   0|  0|  17|          10|          10|
    |add_ln259_16_fu_4040_p2           |         +|   0|  0|  17|          10|          10|
    |add_ln259_17_fu_4123_p2           |         +|   0|  0|  17|          10|          10|
    |add_ln259_18_fu_4206_p2           |         +|   0|  0|  17|          10|          10|
    |add_ln259_19_fu_4289_p2           |         +|   0|  0|  17|          10|          10|
    |add_ln259_1_fu_2795_p2            |         +|   0|  0|  17|          10|          10|
    |add_ln259_20_fu_4372_p2           |         +|   0|  0|  17|          10|          10|
    |add_ln259_21_fu_4455_p2           |         +|   0|  0|  17|          10|          10|
    |add_ln259_22_fu_4538_p2           |         +|   0|  0|  17|          10|          10|
    |add_ln259_23_fu_4621_p2           |         +|   0|  0|  17|          10|          10|
    |add_ln259_24_fu_4704_p2           |         +|   0|  0|  17|          10|          10|
    |add_ln259_25_fu_4787_p2           |         +|   0|  0|  17|          10|          10|
    |add_ln259_26_fu_4870_p2           |         +|   0|  0|  17|          10|          10|
    |add_ln259_27_fu_4953_p2           |         +|   0|  0|  17|          10|          10|
    |add_ln259_28_fu_5036_p2           |         +|   0|  0|  17|          10|          10|
    |add_ln259_29_fu_5119_p2           |         +|   0|  0|  17|          10|          10|
    |add_ln259_2_fu_2878_p2            |         +|   0|  0|  17|          10|          10|
    |add_ln259_30_fu_5202_p2           |         +|   0|  0|  17|          10|          10|
    |add_ln259_31_fu_5285_p2           |         +|   0|  0|  17|          10|          10|
    |add_ln259_32_fu_5368_p2           |         +|   0|  0|  17|          10|          10|
    |add_ln259_33_fu_5451_p2           |         +|   0|  0|  17|          10|          10|
    |add_ln259_34_fu_5534_p2           |         +|   0|  0|  17|          10|          10|
    |add_ln259_35_fu_5617_p2           |         +|   0|  0|  17|          10|          10|
    |add_ln259_36_fu_5700_p2           |         +|   0|  0|  17|          10|          10|
    |add_ln259_37_fu_5783_p2           |         +|   0|  0|  17|          10|          10|
    |add_ln259_38_fu_5866_p2           |         +|   0|  0|  17|          10|          10|
    |add_ln259_39_fu_5949_p2           |         +|   0|  0|  17|          10|          10|
    |add_ln259_3_fu_2961_p2            |         +|   0|  0|  17|          10|          10|
    |add_ln259_40_fu_6032_p2           |         +|   0|  0|  17|          10|          10|
    |add_ln259_41_fu_6115_p2           |         +|   0|  0|  17|          10|          10|
    |add_ln259_42_fu_6198_p2           |         +|   0|  0|  17|          10|          10|
    |add_ln259_43_fu_6281_p2           |         +|   0|  0|  17|          10|          10|
    |add_ln259_44_fu_6364_p2           |         +|   0|  0|  17|          10|          10|
    |add_ln259_45_fu_6447_p2           |         +|   0|  0|  17|          10|          10|
    |add_ln259_46_fu_6530_p2           |         +|   0|  0|  17|          10|          10|
    |add_ln259_47_fu_6613_p2           |         +|   0|  0|  17|          10|          10|
    |add_ln259_48_fu_6696_p2           |         +|   0|  0|  17|          10|          10|
    |add_ln259_49_fu_6779_p2           |         +|   0|  0|  17|          10|          10|
    |add_ln259_4_fu_3044_p2            |         +|   0|  0|  17|          10|          10|
    |add_ln259_50_fu_6862_p2           |         +|   0|  0|  17|          10|          10|
    |add_ln259_51_fu_6945_p2           |         +|   0|  0|  17|          10|          10|
    |add_ln259_52_fu_7028_p2           |         +|   0|  0|  17|          10|          10|
    |add_ln259_53_fu_7111_p2           |         +|   0|  0|  17|          10|          10|
    |add_ln259_54_fu_7194_p2           |         +|   0|  0|  17|          10|          10|
    |add_ln259_55_fu_7277_p2           |         +|   0|  0|  17|          10|          10|
    |add_ln259_56_fu_7360_p2           |         +|   0|  0|  17|          10|          10|
    |add_ln259_57_fu_7443_p2           |         +|   0|  0|  17|          10|          10|
    |add_ln259_58_fu_7526_p2           |         +|   0|  0|  17|          10|          10|
    |add_ln259_59_fu_7609_p2           |         +|   0|  0|  17|          10|          10|
    |add_ln259_5_fu_3127_p2            |         +|   0|  0|  17|          10|          10|
    |add_ln259_60_fu_7692_p2           |         +|   0|  0|  17|          10|          10|
    |add_ln259_61_fu_7775_p2           |         +|   0|  0|  17|          10|          10|
    |add_ln259_62_fu_7858_p2           |         +|   0|  0|  17|          10|          10|
    |add_ln259_63_fu_7941_p2           |         +|   0|  0|  17|          10|          10|
    |add_ln259_64_fu_8024_p2           |         +|   0|  0|  17|          10|          10|
    |add_ln259_65_fu_8107_p2           |         +|   0|  0|  17|          10|          10|
    |add_ln259_66_fu_8190_p2           |         +|   0|  0|  17|          10|          10|
    |add_ln259_67_fu_8273_p2           |         +|   0|  0|  17|          10|          10|
    |add_ln259_68_fu_8356_p2           |         +|   0|  0|  17|          10|          10|
    |add_ln259_69_fu_8439_p2           |         +|   0|  0|  17|          10|          10|
    |add_ln259_6_fu_3210_p2            |         +|   0|  0|  17|          10|          10|
    |add_ln259_70_fu_8522_p2           |         +|   0|  0|  17|          10|          10|
    |add_ln259_71_fu_8605_p2           |         +|   0|  0|  17|          10|          10|
    |add_ln259_72_fu_8688_p2           |         +|   0|  0|  17|          10|          10|
    |add_ln259_73_fu_8771_p2           |         +|   0|  0|  17|          10|          10|
    |add_ln259_74_fu_8854_p2           |         +|   0|  0|  17|          10|          10|
    |add_ln259_75_fu_8937_p2           |         +|   0|  0|  17|          10|          10|
    |add_ln259_76_fu_9020_p2           |         +|   0|  0|  17|          10|          10|
    |add_ln259_77_fu_9103_p2           |         +|   0|  0|  17|          10|          10|
    |add_ln259_78_fu_9186_p2           |         +|   0|  0|  17|          10|          10|
    |add_ln259_79_fu_9269_p2           |         +|   0|  0|  17|          10|          10|
    |add_ln259_7_fu_3293_p2            |         +|   0|  0|  17|          10|          10|
    |add_ln259_8_fu_3376_p2            |         +|   0|  0|  17|          10|          10|
    |add_ln259_9_fu_3459_p2            |         +|   0|  0|  17|          10|          10|
    |add_ln259_fu_2712_p2              |         +|   0|  0|  17|          10|          10|
    |row_2_fu_746_p2                   |         +|   0|  0|  14|           7|           1|
    |and_ln259_10_fu_3566_p2           |       and|   0|  0|   2|           1|           1|
    |and_ln259_11_fu_3649_p2           |       and|   0|  0|   2|           1|           1|
    |and_ln259_12_fu_3732_p2           |       and|   0|  0|   2|           1|           1|
    |and_ln259_13_fu_3815_p2           |       and|   0|  0|   2|           1|           1|
    |and_ln259_14_fu_3898_p2           |       and|   0|  0|   2|           1|           1|
    |and_ln259_15_fu_3981_p2           |       and|   0|  0|   2|           1|           1|
    |and_ln259_16_fu_4064_p2           |       and|   0|  0|   2|           1|           1|
    |and_ln259_17_fu_4147_p2           |       and|   0|  0|   2|           1|           1|
    |and_ln259_18_fu_4230_p2           |       and|   0|  0|   2|           1|           1|
    |and_ln259_19_fu_4313_p2           |       and|   0|  0|   2|           1|           1|
    |and_ln259_1_fu_2819_p2            |       and|   0|  0|   2|           1|           1|
    |and_ln259_20_fu_4396_p2           |       and|   0|  0|   2|           1|           1|
    |and_ln259_21_fu_4479_p2           |       and|   0|  0|   2|           1|           1|
    |and_ln259_22_fu_4562_p2           |       and|   0|  0|   2|           1|           1|
    |and_ln259_23_fu_4645_p2           |       and|   0|  0|   2|           1|           1|
    |and_ln259_24_fu_4728_p2           |       and|   0|  0|   2|           1|           1|
    |and_ln259_25_fu_4811_p2           |       and|   0|  0|   2|           1|           1|
    |and_ln259_26_fu_4894_p2           |       and|   0|  0|   2|           1|           1|
    |and_ln259_27_fu_4977_p2           |       and|   0|  0|   2|           1|           1|
    |and_ln259_28_fu_5060_p2           |       and|   0|  0|   2|           1|           1|
    |and_ln259_29_fu_5143_p2           |       and|   0|  0|   2|           1|           1|
    |and_ln259_2_fu_2902_p2            |       and|   0|  0|   2|           1|           1|
    |and_ln259_30_fu_5226_p2           |       and|   0|  0|   2|           1|           1|
    |and_ln259_31_fu_5309_p2           |       and|   0|  0|   2|           1|           1|
    |and_ln259_32_fu_5392_p2           |       and|   0|  0|   2|           1|           1|
    |and_ln259_33_fu_5475_p2           |       and|   0|  0|   2|           1|           1|
    |and_ln259_34_fu_5558_p2           |       and|   0|  0|   2|           1|           1|
    |and_ln259_35_fu_5641_p2           |       and|   0|  0|   2|           1|           1|
    |and_ln259_36_fu_5724_p2           |       and|   0|  0|   2|           1|           1|
    |and_ln259_37_fu_5807_p2           |       and|   0|  0|   2|           1|           1|
    |and_ln259_38_fu_5890_p2           |       and|   0|  0|   2|           1|           1|
    |and_ln259_39_fu_5973_p2           |       and|   0|  0|   2|           1|           1|
    |and_ln259_3_fu_2985_p2            |       and|   0|  0|   2|           1|           1|
    |and_ln259_40_fu_6056_p2           |       and|   0|  0|   2|           1|           1|
    |and_ln259_41_fu_6139_p2           |       and|   0|  0|   2|           1|           1|
    |and_ln259_42_fu_6222_p2           |       and|   0|  0|   2|           1|           1|
    |and_ln259_43_fu_6305_p2           |       and|   0|  0|   2|           1|           1|
    |and_ln259_44_fu_6388_p2           |       and|   0|  0|   2|           1|           1|
    |and_ln259_45_fu_6471_p2           |       and|   0|  0|   2|           1|           1|
    |and_ln259_46_fu_6554_p2           |       and|   0|  0|   2|           1|           1|
    |and_ln259_47_fu_6637_p2           |       and|   0|  0|   2|           1|           1|
    |and_ln259_48_fu_6720_p2           |       and|   0|  0|   2|           1|           1|
    |and_ln259_49_fu_6803_p2           |       and|   0|  0|   2|           1|           1|
    |and_ln259_4_fu_3068_p2            |       and|   0|  0|   2|           1|           1|
    |and_ln259_50_fu_6886_p2           |       and|   0|  0|   2|           1|           1|
    |and_ln259_51_fu_6969_p2           |       and|   0|  0|   2|           1|           1|
    |and_ln259_52_fu_7052_p2           |       and|   0|  0|   2|           1|           1|
    |and_ln259_53_fu_7135_p2           |       and|   0|  0|   2|           1|           1|
    |and_ln259_54_fu_7218_p2           |       and|   0|  0|   2|           1|           1|
    |and_ln259_55_fu_7301_p2           |       and|   0|  0|   2|           1|           1|
    |and_ln259_56_fu_7384_p2           |       and|   0|  0|   2|           1|           1|
    |and_ln259_57_fu_7467_p2           |       and|   0|  0|   2|           1|           1|
    |and_ln259_58_fu_7550_p2           |       and|   0|  0|   2|           1|           1|
    |and_ln259_59_fu_7633_p2           |       and|   0|  0|   2|           1|           1|
    |and_ln259_5_fu_3151_p2            |       and|   0|  0|   2|           1|           1|
    |and_ln259_60_fu_7716_p2           |       and|   0|  0|   2|           1|           1|
    |and_ln259_61_fu_7799_p2           |       and|   0|  0|   2|           1|           1|
    |and_ln259_62_fu_7882_p2           |       and|   0|  0|   2|           1|           1|
    |and_ln259_63_fu_7965_p2           |       and|   0|  0|   2|           1|           1|
    |and_ln259_64_fu_8048_p2           |       and|   0|  0|   2|           1|           1|
    |and_ln259_65_fu_8131_p2           |       and|   0|  0|   2|           1|           1|
    |and_ln259_66_fu_8214_p2           |       and|   0|  0|   2|           1|           1|
    |and_ln259_67_fu_8297_p2           |       and|   0|  0|   2|           1|           1|
    |and_ln259_68_fu_8380_p2           |       and|   0|  0|   2|           1|           1|
    |and_ln259_69_fu_8463_p2           |       and|   0|  0|   2|           1|           1|
    |and_ln259_6_fu_3234_p2            |       and|   0|  0|   2|           1|           1|
    |and_ln259_70_fu_8546_p2           |       and|   0|  0|   2|           1|           1|
    |and_ln259_71_fu_8629_p2           |       and|   0|  0|   2|           1|           1|
    |and_ln259_72_fu_8712_p2           |       and|   0|  0|   2|           1|           1|
    |and_ln259_73_fu_8795_p2           |       and|   0|  0|   2|           1|           1|
    |and_ln259_74_fu_8878_p2           |       and|   0|  0|   2|           1|           1|
    |and_ln259_75_fu_8961_p2           |       and|   0|  0|   2|           1|           1|
    |and_ln259_76_fu_9044_p2           |       and|   0|  0|   2|           1|           1|
    |and_ln259_77_fu_9127_p2           |       and|   0|  0|   2|           1|           1|
    |and_ln259_78_fu_9210_p2           |       and|   0|  0|   2|           1|           1|
    |and_ln259_79_fu_9293_p2           |       and|   0|  0|   2|           1|           1|
    |and_ln259_7_fu_3317_p2            |       and|   0|  0|   2|           1|           1|
    |and_ln259_8_fu_3400_p2            |       and|   0|  0|   2|           1|           1|
    |and_ln259_9_fu_3483_p2            |       and|   0|  0|   2|           1|           1|
    |and_ln259_fu_2736_p2              |       and|   0|  0|   2|           1|           1|
    |ap_block_state3_pp0_stage0_iter2  |       and|   0|  0|   2|           1|           1|
    |ap_condition_104                  |       and|   0|  0|   2|           1|           1|
    |ap_condition_5945                 |       and|   0|  0|   2|           1|           1|
    |ap_condition_5952                 |       and|   0|  0|   2|           1|           1|
    |icmp_ln246_fu_740_p2              |      icmp|   0|  0|  14|           7|           3|
    |icmp_ln259_10_fu_2257_p2          |      icmp|   0|  0|  22|          15|          15|
    |icmp_ln259_11_fu_2263_p2          |      icmp|   0|  0|  22|          15|          15|
    |icmp_ln259_12_fu_2269_p2          |      icmp|   0|  0|  22|          15|          15|
    |icmp_ln259_13_fu_2275_p2          |      icmp|   0|  0|  22|          15|          15|
    |icmp_ln259_14_fu_2281_p2          |      icmp|   0|  0|  22|          15|          15|
    |icmp_ln259_15_fu_2287_p2          |      icmp|   0|  0|  22|          15|          15|
    |icmp_ln259_16_fu_2293_p2          |      icmp|   0|  0|  22|          15|          15|
    |icmp_ln259_17_fu_2299_p2          |      icmp|   0|  0|  22|          15|          15|
    |icmp_ln259_18_fu_2305_p2          |      icmp|   0|  0|  22|          15|          15|
    |icmp_ln259_19_fu_2311_p2          |      icmp|   0|  0|  22|          15|          15|
    |icmp_ln259_1_fu_2203_p2           |      icmp|   0|  0|  22|          15|          15|
    |icmp_ln259_20_fu_2317_p2          |      icmp|   0|  0|  22|          15|          15|
    |icmp_ln259_21_fu_2323_p2          |      icmp|   0|  0|  22|          15|          15|
    |icmp_ln259_22_fu_2329_p2          |      icmp|   0|  0|  22|          15|          15|
    |icmp_ln259_23_fu_2335_p2          |      icmp|   0|  0|  22|          15|          15|
    |icmp_ln259_24_fu_2341_p2          |      icmp|   0|  0|  22|          15|          15|
    |icmp_ln259_25_fu_2347_p2          |      icmp|   0|  0|  22|          15|          15|
    |icmp_ln259_26_fu_2353_p2          |      icmp|   0|  0|  22|          15|          15|
    |icmp_ln259_27_fu_2359_p2          |      icmp|   0|  0|  22|          15|          15|
    |icmp_ln259_28_fu_2365_p2          |      icmp|   0|  0|  22|          15|          15|
    |icmp_ln259_29_fu_2371_p2          |      icmp|   0|  0|  22|          15|          15|
    |icmp_ln259_2_fu_2209_p2           |      icmp|   0|  0|  22|          15|          15|
    |icmp_ln259_30_fu_2377_p2          |      icmp|   0|  0|  22|          15|          15|
    |icmp_ln259_31_fu_2383_p2          |      icmp|   0|  0|  22|          15|          15|
    |icmp_ln259_32_fu_2389_p2          |      icmp|   0|  0|  22|          15|          15|
    |icmp_ln259_33_fu_2395_p2          |      icmp|   0|  0|  22|          15|          15|
    |icmp_ln259_34_fu_2401_p2          |      icmp|   0|  0|  22|          15|          15|
    |icmp_ln259_35_fu_2407_p2          |      icmp|   0|  0|  22|          15|          15|
    |icmp_ln259_36_fu_2413_p2          |      icmp|   0|  0|  22|          15|          15|
    |icmp_ln259_37_fu_2419_p2          |      icmp|   0|  0|  22|          15|          15|
    |icmp_ln259_38_fu_2425_p2          |      icmp|   0|  0|  22|          15|          15|
    |icmp_ln259_39_fu_2431_p2          |      icmp|   0|  0|  22|          15|          15|
    |icmp_ln259_3_fu_2215_p2           |      icmp|   0|  0|  22|          15|          15|
    |icmp_ln259_40_fu_2437_p2          |      icmp|   0|  0|  22|          15|          15|
    |icmp_ln259_41_fu_2443_p2          |      icmp|   0|  0|  22|          15|          15|
    |icmp_ln259_42_fu_2449_p2          |      icmp|   0|  0|  22|          15|          15|
    |icmp_ln259_43_fu_2455_p2          |      icmp|   0|  0|  22|          15|          15|
    |icmp_ln259_44_fu_2461_p2          |      icmp|   0|  0|  22|          15|          15|
    |icmp_ln259_45_fu_2467_p2          |      icmp|   0|  0|  22|          15|          15|
    |icmp_ln259_46_fu_2473_p2          |      icmp|   0|  0|  22|          15|          15|
    |icmp_ln259_47_fu_2479_p2          |      icmp|   0|  0|  22|          15|          15|
    |icmp_ln259_48_fu_2485_p2          |      icmp|   0|  0|  22|          15|          15|
    |icmp_ln259_49_fu_2491_p2          |      icmp|   0|  0|  22|          15|          15|
    |icmp_ln259_4_fu_2221_p2           |      icmp|   0|  0|  22|          15|          15|
    |icmp_ln259_50_fu_2497_p2          |      icmp|   0|  0|  22|          15|          15|
    |icmp_ln259_51_fu_2503_p2          |      icmp|   0|  0|  22|          15|          15|
    |icmp_ln259_52_fu_2509_p2          |      icmp|   0|  0|  22|          15|          15|
    |icmp_ln259_53_fu_2515_p2          |      icmp|   0|  0|  22|          15|          15|
    |icmp_ln259_54_fu_2521_p2          |      icmp|   0|  0|  22|          15|          15|
    |icmp_ln259_55_fu_2527_p2          |      icmp|   0|  0|  22|          15|          15|
    |icmp_ln259_56_fu_2533_p2          |      icmp|   0|  0|  22|          15|          15|
    |icmp_ln259_57_fu_2539_p2          |      icmp|   0|  0|  22|          15|          15|
    |icmp_ln259_58_fu_2545_p2          |      icmp|   0|  0|  22|          15|          15|
    |icmp_ln259_59_fu_2551_p2          |      icmp|   0|  0|  22|          15|          15|
    |icmp_ln259_5_fu_2227_p2           |      icmp|   0|  0|  22|          15|          15|
    |icmp_ln259_60_fu_2557_p2          |      icmp|   0|  0|  22|          15|          15|
    |icmp_ln259_61_fu_2563_p2          |      icmp|   0|  0|  22|          15|          15|
    |icmp_ln259_62_fu_2569_p2          |      icmp|   0|  0|  22|          15|          15|
    |icmp_ln259_63_fu_2575_p2          |      icmp|   0|  0|  22|          15|          15|
    |icmp_ln259_64_fu_2581_p2          |      icmp|   0|  0|  22|          15|          15|
    |icmp_ln259_65_fu_2587_p2          |      icmp|   0|  0|  22|          15|          15|
    |icmp_ln259_66_fu_2593_p2          |      icmp|   0|  0|  22|          15|          15|
    |icmp_ln259_67_fu_2599_p2          |      icmp|   0|  0|  22|          15|          15|
    |icmp_ln259_68_fu_2605_p2          |      icmp|   0|  0|  22|          15|          15|
    |icmp_ln259_69_fu_2611_p2          |      icmp|   0|  0|  22|          15|          15|
    |icmp_ln259_6_fu_2233_p2           |      icmp|   0|  0|  22|          15|          15|
    |icmp_ln259_70_fu_2617_p2          |      icmp|   0|  0|  22|          15|          15|
    |icmp_ln259_71_fu_2623_p2          |      icmp|   0|  0|  22|          15|          15|
    |icmp_ln259_72_fu_2629_p2          |      icmp|   0|  0|  22|          15|          15|
    |icmp_ln259_73_fu_2635_p2          |      icmp|   0|  0|  22|          15|          15|
    |icmp_ln259_74_fu_2641_p2          |      icmp|   0|  0|  22|          15|          15|
    |icmp_ln259_75_fu_2647_p2          |      icmp|   0|  0|  22|          15|          15|
    |icmp_ln259_76_fu_2653_p2          |      icmp|   0|  0|  22|          15|          15|
    |icmp_ln259_77_fu_2659_p2          |      icmp|   0|  0|  22|          15|          15|
    |icmp_ln259_78_fu_2665_p2          |      icmp|   0|  0|  22|          15|          15|
    |icmp_ln259_79_fu_2671_p2          |      icmp|   0|  0|  22|          15|          15|
    |icmp_ln259_7_fu_2239_p2           |      icmp|   0|  0|  22|          15|          15|
    |icmp_ln259_8_fu_2245_p2           |      icmp|   0|  0|  22|          15|          15|
    |icmp_ln259_9_fu_2251_p2           |      icmp|   0|  0|  22|          15|          15|
    |icmp_ln259_fu_2197_p2             |      icmp|   0|  0|  22|          15|          15|
    |ap_block_pp0_stage0_01001         |        or|   0|  0|   2|           1|           1|
    |or_ln259_10_fu_3572_p2            |        or|   0|  0|   2|           1|           1|
    |or_ln259_11_fu_3655_p2            |        or|   0|  0|   2|           1|           1|
    |or_ln259_12_fu_3738_p2            |        or|   0|  0|   2|           1|           1|
    |or_ln259_13_fu_3821_p2            |        or|   0|  0|   2|           1|           1|
    |or_ln259_14_fu_3904_p2            |        or|   0|  0|   2|           1|           1|
    |or_ln259_15_fu_3987_p2            |        or|   0|  0|   2|           1|           1|
    |or_ln259_16_fu_4070_p2            |        or|   0|  0|   2|           1|           1|
    |or_ln259_17_fu_4153_p2            |        or|   0|  0|   2|           1|           1|
    |or_ln259_18_fu_4236_p2            |        or|   0|  0|   2|           1|           1|
    |or_ln259_19_fu_4319_p2            |        or|   0|  0|   2|           1|           1|
    |or_ln259_1_fu_2825_p2             |        or|   0|  0|   2|           1|           1|
    |or_ln259_20_fu_4402_p2            |        or|   0|  0|   2|           1|           1|
    |or_ln259_21_fu_4485_p2            |        or|   0|  0|   2|           1|           1|
    |or_ln259_22_fu_4568_p2            |        or|   0|  0|   2|           1|           1|
    |or_ln259_23_fu_4651_p2            |        or|   0|  0|   2|           1|           1|
    |or_ln259_24_fu_4734_p2            |        or|   0|  0|   2|           1|           1|
    |or_ln259_25_fu_4817_p2            |        or|   0|  0|   2|           1|           1|
    |or_ln259_26_fu_4900_p2            |        or|   0|  0|   2|           1|           1|
    |or_ln259_27_fu_4983_p2            |        or|   0|  0|   2|           1|           1|
    |or_ln259_28_fu_5066_p2            |        or|   0|  0|   2|           1|           1|
    |or_ln259_29_fu_5149_p2            |        or|   0|  0|   2|           1|           1|
    |or_ln259_2_fu_2908_p2             |        or|   0|  0|   2|           1|           1|
    |or_ln259_30_fu_5232_p2            |        or|   0|  0|   2|           1|           1|
    |or_ln259_31_fu_5315_p2            |        or|   0|  0|   2|           1|           1|
    |or_ln259_32_fu_5398_p2            |        or|   0|  0|   2|           1|           1|
    |or_ln259_33_fu_5481_p2            |        or|   0|  0|   2|           1|           1|
    |or_ln259_34_fu_5564_p2            |        or|   0|  0|   2|           1|           1|
    |or_ln259_35_fu_5647_p2            |        or|   0|  0|   2|           1|           1|
    |or_ln259_36_fu_5730_p2            |        or|   0|  0|   2|           1|           1|
    |or_ln259_37_fu_5813_p2            |        or|   0|  0|   2|           1|           1|
    |or_ln259_38_fu_5896_p2            |        or|   0|  0|   2|           1|           1|
    |or_ln259_39_fu_5979_p2            |        or|   0|  0|   2|           1|           1|
    |or_ln259_3_fu_2991_p2             |        or|   0|  0|   2|           1|           1|
    |or_ln259_40_fu_6062_p2            |        or|   0|  0|   2|           1|           1|
    |or_ln259_41_fu_6145_p2            |        or|   0|  0|   2|           1|           1|
    |or_ln259_42_fu_6228_p2            |        or|   0|  0|   2|           1|           1|
    |or_ln259_43_fu_6311_p2            |        or|   0|  0|   2|           1|           1|
    |or_ln259_44_fu_6394_p2            |        or|   0|  0|   2|           1|           1|
    |or_ln259_45_fu_6477_p2            |        or|   0|  0|   2|           1|           1|
    |or_ln259_46_fu_6560_p2            |        or|   0|  0|   2|           1|           1|
    |or_ln259_47_fu_6643_p2            |        or|   0|  0|   2|           1|           1|
    |or_ln259_48_fu_6726_p2            |        or|   0|  0|   2|           1|           1|
    |or_ln259_49_fu_6809_p2            |        or|   0|  0|   2|           1|           1|
    |or_ln259_4_fu_3074_p2             |        or|   0|  0|   2|           1|           1|
    |or_ln259_50_fu_6892_p2            |        or|   0|  0|   2|           1|           1|
    |or_ln259_51_fu_6975_p2            |        or|   0|  0|   2|           1|           1|
    |or_ln259_52_fu_7058_p2            |        or|   0|  0|   2|           1|           1|
    |or_ln259_53_fu_7141_p2            |        or|   0|  0|   2|           1|           1|
    |or_ln259_54_fu_7224_p2            |        or|   0|  0|   2|           1|           1|
    |or_ln259_55_fu_7307_p2            |        or|   0|  0|   2|           1|           1|
    |or_ln259_56_fu_7390_p2            |        or|   0|  0|   2|           1|           1|
    |or_ln259_57_fu_7473_p2            |        or|   0|  0|   2|           1|           1|
    |or_ln259_58_fu_7556_p2            |        or|   0|  0|   2|           1|           1|
    |or_ln259_59_fu_7639_p2            |        or|   0|  0|   2|           1|           1|
    |or_ln259_5_fu_3157_p2             |        or|   0|  0|   2|           1|           1|
    |or_ln259_60_fu_7722_p2            |        or|   0|  0|   2|           1|           1|
    |or_ln259_61_fu_7805_p2            |        or|   0|  0|   2|           1|           1|
    |or_ln259_62_fu_7888_p2            |        or|   0|  0|   2|           1|           1|
    |or_ln259_63_fu_7971_p2            |        or|   0|  0|   2|           1|           1|
    |or_ln259_64_fu_8054_p2            |        or|   0|  0|   2|           1|           1|
    |or_ln259_65_fu_8137_p2            |        or|   0|  0|   2|           1|           1|
    |or_ln259_66_fu_8220_p2            |        or|   0|  0|   2|           1|           1|
    |or_ln259_67_fu_8303_p2            |        or|   0|  0|   2|           1|           1|
    |or_ln259_68_fu_8386_p2            |        or|   0|  0|   2|           1|           1|
    |or_ln259_69_fu_8469_p2            |        or|   0|  0|   2|           1|           1|
    |or_ln259_6_fu_3240_p2             |        or|   0|  0|   2|           1|           1|
    |or_ln259_70_fu_8552_p2            |        or|   0|  0|   2|           1|           1|
    |or_ln259_71_fu_8635_p2            |        or|   0|  0|   2|           1|           1|
    |or_ln259_72_fu_8718_p2            |        or|   0|  0|   2|           1|           1|
    |or_ln259_73_fu_8801_p2            |        or|   0|  0|   2|           1|           1|
    |or_ln259_74_fu_8884_p2            |        or|   0|  0|   2|           1|           1|
    |or_ln259_75_fu_8967_p2            |        or|   0|  0|   2|           1|           1|
    |or_ln259_76_fu_9050_p2            |        or|   0|  0|   2|           1|           1|
    |or_ln259_77_fu_9133_p2            |        or|   0|  0|   2|           1|           1|
    |or_ln259_78_fu_9216_p2            |        or|   0|  0|   2|           1|           1|
    |or_ln259_79_fu_9299_p2            |        or|   0|  0|   2|           1|           1|
    |or_ln259_7_fu_3323_p2             |        or|   0|  0|   2|           1|           1|
    |or_ln259_8_fu_3406_p2             |        or|   0|  0|   2|           1|           1|
    |or_ln259_9_fu_3489_p2             |        or|   0|  0|   2|           1|           1|
    |or_ln259_fu_2742_p2               |        or|   0|  0|   2|           1|           1|
    |select_ln259_100_fu_6827_p3       |    select|   0|  0|  15|           1|          15|
    |select_ln259_101_fu_6898_p3       |    select|   0|  0|   9|           1|           2|
    |select_ln259_102_fu_6910_p3       |    select|   0|  0|  15|           1|          15|
    |select_ln259_103_fu_6981_p3       |    select|   0|  0|   9|           1|           2|
    |select_ln259_104_fu_6993_p3       |    select|   0|  0|  15|           1|          15|
    |select_ln259_105_fu_7064_p3       |    select|   0|  0|   9|           1|           2|
    |select_ln259_106_fu_7076_p3       |    select|   0|  0|  15|           1|          15|
    |select_ln259_107_fu_7147_p3       |    select|   0|  0|   9|           1|           2|
    |select_ln259_108_fu_7159_p3       |    select|   0|  0|  15|           1|          15|
    |select_ln259_109_fu_7230_p3       |    select|   0|  0|   9|           1|           2|
    |select_ln259_10_fu_3092_p3        |    select|   0|  0|  15|           1|          15|
    |select_ln259_110_fu_7242_p3       |    select|   0|  0|  15|           1|          15|
    |select_ln259_111_fu_7313_p3       |    select|   0|  0|   9|           1|           2|
    |select_ln259_112_fu_7325_p3       |    select|   0|  0|  15|           1|          15|
    |select_ln259_113_fu_7396_p3       |    select|   0|  0|   9|           1|           2|
    |select_ln259_114_fu_7408_p3       |    select|   0|  0|  15|           1|          15|
    |select_ln259_115_fu_7479_p3       |    select|   0|  0|   9|           1|           2|
    |select_ln259_116_fu_7491_p3       |    select|   0|  0|  15|           1|          15|
    |select_ln259_117_fu_7562_p3       |    select|   0|  0|   9|           1|           2|
    |select_ln259_118_fu_7574_p3       |    select|   0|  0|  15|           1|          15|
    |select_ln259_119_fu_7645_p3       |    select|   0|  0|   9|           1|           2|
    |select_ln259_11_fu_3163_p3        |    select|   0|  0|   9|           1|           2|
    |select_ln259_120_fu_7657_p3       |    select|   0|  0|  15|           1|          15|
    |select_ln259_121_fu_7728_p3       |    select|   0|  0|   9|           1|           2|
    |select_ln259_122_fu_7740_p3       |    select|   0|  0|  15|           1|          15|
    |select_ln259_123_fu_7811_p3       |    select|   0|  0|   9|           1|           2|
    |select_ln259_124_fu_7823_p3       |    select|   0|  0|  15|           1|          15|
    |select_ln259_125_fu_7894_p3       |    select|   0|  0|   9|           1|           2|
    |select_ln259_126_fu_7906_p3       |    select|   0|  0|  15|           1|          15|
    |select_ln259_127_fu_7977_p3       |    select|   0|  0|   9|           1|           2|
    |select_ln259_128_fu_7989_p3       |    select|   0|  0|  15|           1|          15|
    |select_ln259_129_fu_8060_p3       |    select|   0|  0|   9|           1|           2|
    |select_ln259_12_fu_3175_p3        |    select|   0|  0|  15|           1|          15|
    |select_ln259_130_fu_8072_p3       |    select|   0|  0|  15|           1|          15|
    |select_ln259_131_fu_8143_p3       |    select|   0|  0|   9|           1|           2|
    |select_ln259_132_fu_8155_p3       |    select|   0|  0|  15|           1|          15|
    |select_ln259_133_fu_8226_p3       |    select|   0|  0|   9|           1|           2|
    |select_ln259_134_fu_8238_p3       |    select|   0|  0|  15|           1|          15|
    |select_ln259_135_fu_8309_p3       |    select|   0|  0|   9|           1|           2|
    |select_ln259_136_fu_8321_p3       |    select|   0|  0|  15|           1|          15|
    |select_ln259_137_fu_8392_p3       |    select|   0|  0|   9|           1|           2|
    |select_ln259_138_fu_8404_p3       |    select|   0|  0|  15|           1|          15|
    |select_ln259_139_fu_8475_p3       |    select|   0|  0|   9|           1|           2|
    |select_ln259_13_fu_3246_p3        |    select|   0|  0|   9|           1|           2|
    |select_ln259_140_fu_8487_p3       |    select|   0|  0|  15|           1|          15|
    |select_ln259_141_fu_8558_p3       |    select|   0|  0|   9|           1|           2|
    |select_ln259_142_fu_8570_p3       |    select|   0|  0|  15|           1|          15|
    |select_ln259_143_fu_8641_p3       |    select|   0|  0|   9|           1|           2|
    |select_ln259_144_fu_8653_p3       |    select|   0|  0|  15|           1|          15|
    |select_ln259_145_fu_8724_p3       |    select|   0|  0|   9|           1|           2|
    |select_ln259_146_fu_8736_p3       |    select|   0|  0|  15|           1|          15|
    |select_ln259_147_fu_8807_p3       |    select|   0|  0|   9|           1|           2|
    |select_ln259_148_fu_8819_p3       |    select|   0|  0|  15|           1|          15|
    |select_ln259_149_fu_8890_p3       |    select|   0|  0|   9|           1|           2|
    |select_ln259_14_fu_3258_p3        |    select|   0|  0|  15|           1|          15|
    |select_ln259_150_fu_8902_p3       |    select|   0|  0|  15|           1|          15|
    |select_ln259_151_fu_8973_p3       |    select|   0|  0|   9|           1|           2|
    |select_ln259_152_fu_8985_p3       |    select|   0|  0|  15|           1|          15|
    |select_ln259_153_fu_9056_p3       |    select|   0|  0|   9|           1|           2|
    |select_ln259_154_fu_9068_p3       |    select|   0|  0|  15|           1|          15|
    |select_ln259_155_fu_9139_p3       |    select|   0|  0|   9|           1|           2|
    |select_ln259_156_fu_9151_p3       |    select|   0|  0|  15|           1|          15|
    |select_ln259_157_fu_9222_p3       |    select|   0|  0|   9|           1|           2|
    |select_ln259_158_fu_9234_p3       |    select|   0|  0|  15|           1|          15|
    |select_ln259_159_fu_9305_p3       |    select|   0|  0|   9|           1|           2|
    |select_ln259_15_fu_3329_p3        |    select|   0|  0|   9|           1|           2|
    |select_ln259_16_fu_3341_p3        |    select|   0|  0|  15|           1|          15|
    |select_ln259_17_fu_3412_p3        |    select|   0|  0|   9|           1|           2|
    |select_ln259_18_fu_3424_p3        |    select|   0|  0|  15|           1|          15|
    |select_ln259_19_fu_3495_p3        |    select|   0|  0|   9|           1|           2|
    |select_ln259_1_fu_2748_p3         |    select|   0|  0|   9|           1|           2|
    |select_ln259_20_fu_3507_p3        |    select|   0|  0|  15|           1|          15|
    |select_ln259_21_fu_3578_p3        |    select|   0|  0|   9|           1|           2|
    |select_ln259_22_fu_3590_p3        |    select|   0|  0|  15|           1|          15|
    |select_ln259_23_fu_3661_p3        |    select|   0|  0|   9|           1|           2|
    |select_ln259_24_fu_3673_p3        |    select|   0|  0|  15|           1|          15|
    |select_ln259_25_fu_3744_p3        |    select|   0|  0|   9|           1|           2|
    |select_ln259_26_fu_3756_p3        |    select|   0|  0|  15|           1|          15|
    |select_ln259_27_fu_3827_p3        |    select|   0|  0|   9|           1|           2|
    |select_ln259_28_fu_3839_p3        |    select|   0|  0|  15|           1|          15|
    |select_ln259_29_fu_3910_p3        |    select|   0|  0|   9|           1|           2|
    |select_ln259_2_fu_2760_p3         |    select|   0|  0|  15|           1|          15|
    |select_ln259_30_fu_3922_p3        |    select|   0|  0|  15|           1|          15|
    |select_ln259_31_fu_3993_p3        |    select|   0|  0|   9|           1|           2|
    |select_ln259_32_fu_4005_p3        |    select|   0|  0|  15|           1|          15|
    |select_ln259_33_fu_4076_p3        |    select|   0|  0|   9|           1|           2|
    |select_ln259_34_fu_4088_p3        |    select|   0|  0|  15|           1|          15|
    |select_ln259_35_fu_4159_p3        |    select|   0|  0|   9|           1|           2|
    |select_ln259_36_fu_4171_p3        |    select|   0|  0|  15|           1|          15|
    |select_ln259_37_fu_4242_p3        |    select|   0|  0|   9|           1|           2|
    |select_ln259_38_fu_4254_p3        |    select|   0|  0|  15|           1|          15|
    |select_ln259_39_fu_4325_p3        |    select|   0|  0|   9|           1|           2|
    |select_ln259_3_fu_2831_p3         |    select|   0|  0|   9|           1|           2|
    |select_ln259_40_fu_4337_p3        |    select|   0|  0|  15|           1|          15|
    |select_ln259_41_fu_4408_p3        |    select|   0|  0|   9|           1|           2|
    |select_ln259_42_fu_4420_p3        |    select|   0|  0|  15|           1|          15|
    |select_ln259_43_fu_4491_p3        |    select|   0|  0|   9|           1|           2|
    |select_ln259_44_fu_4503_p3        |    select|   0|  0|  15|           1|          15|
    |select_ln259_45_fu_4574_p3        |    select|   0|  0|   9|           1|           2|
    |select_ln259_46_fu_4586_p3        |    select|   0|  0|  15|           1|          15|
    |select_ln259_47_fu_4657_p3        |    select|   0|  0|   9|           1|           2|
    |select_ln259_48_fu_4669_p3        |    select|   0|  0|  15|           1|          15|
    |select_ln259_49_fu_4740_p3        |    select|   0|  0|   9|           1|           2|
    |select_ln259_4_fu_2843_p3         |    select|   0|  0|  15|           1|          15|
    |select_ln259_50_fu_4752_p3        |    select|   0|  0|  15|           1|          15|
    |select_ln259_51_fu_4823_p3        |    select|   0|  0|   9|           1|           2|
    |select_ln259_52_fu_4835_p3        |    select|   0|  0|  15|           1|          15|
    |select_ln259_53_fu_4906_p3        |    select|   0|  0|   9|           1|           2|
    |select_ln259_54_fu_4918_p3        |    select|   0|  0|  15|           1|          15|
    |select_ln259_55_fu_4989_p3        |    select|   0|  0|   9|           1|           2|
    |select_ln259_56_fu_5001_p3        |    select|   0|  0|  15|           1|          15|
    |select_ln259_57_fu_5072_p3        |    select|   0|  0|   9|           1|           2|
    |select_ln259_58_fu_5084_p3        |    select|   0|  0|  15|           1|          15|
    |select_ln259_59_fu_5155_p3        |    select|   0|  0|   9|           1|           2|
    |select_ln259_5_fu_2914_p3         |    select|   0|  0|   9|           1|           2|
    |select_ln259_60_fu_5167_p3        |    select|   0|  0|  15|           1|          15|
    |select_ln259_61_fu_5238_p3        |    select|   0|  0|   9|           1|           2|
    |select_ln259_62_fu_5250_p3        |    select|   0|  0|  15|           1|          15|
    |select_ln259_63_fu_5321_p3        |    select|   0|  0|   9|           1|           2|
    |select_ln259_64_fu_5333_p3        |    select|   0|  0|  15|           1|          15|
    |select_ln259_65_fu_5404_p3        |    select|   0|  0|   9|           1|           2|
    |select_ln259_66_fu_5416_p3        |    select|   0|  0|  15|           1|          15|
    |select_ln259_67_fu_5487_p3        |    select|   0|  0|   9|           1|           2|
    |select_ln259_68_fu_5499_p3        |    select|   0|  0|  15|           1|          15|
    |select_ln259_69_fu_5570_p3        |    select|   0|  0|   9|           1|           2|
    |select_ln259_6_fu_2926_p3         |    select|   0|  0|  15|           1|          15|
    |select_ln259_70_fu_5582_p3        |    select|   0|  0|  15|           1|          15|
    |select_ln259_71_fu_5653_p3        |    select|   0|  0|   9|           1|           2|
    |select_ln259_72_fu_5665_p3        |    select|   0|  0|  15|           1|          15|
    |select_ln259_73_fu_5736_p3        |    select|   0|  0|   9|           1|           2|
    |select_ln259_74_fu_5748_p3        |    select|   0|  0|  15|           1|          15|
    |select_ln259_75_fu_5819_p3        |    select|   0|  0|   9|           1|           2|
    |select_ln259_76_fu_5831_p3        |    select|   0|  0|  15|           1|          15|
    |select_ln259_77_fu_5902_p3        |    select|   0|  0|   9|           1|           2|
    |select_ln259_78_fu_5914_p3        |    select|   0|  0|  15|           1|          15|
    |select_ln259_79_fu_5985_p3        |    select|   0|  0|   9|           1|           2|
    |select_ln259_7_fu_2997_p3         |    select|   0|  0|   9|           1|           2|
    |select_ln259_80_fu_5997_p3        |    select|   0|  0|  15|           1|          15|
    |select_ln259_81_fu_6068_p3        |    select|   0|  0|   9|           1|           2|
    |select_ln259_82_fu_6080_p3        |    select|   0|  0|  15|           1|          15|
    |select_ln259_83_fu_6151_p3        |    select|   0|  0|   9|           1|           2|
    |select_ln259_84_fu_6163_p3        |    select|   0|  0|  15|           1|          15|
    |select_ln259_85_fu_6234_p3        |    select|   0|  0|   9|           1|           2|
    |select_ln259_86_fu_6246_p3        |    select|   0|  0|  15|           1|          15|
    |select_ln259_87_fu_6317_p3        |    select|   0|  0|   9|           1|           2|
    |select_ln259_88_fu_6329_p3        |    select|   0|  0|  15|           1|          15|
    |select_ln259_89_fu_6400_p3        |    select|   0|  0|   9|           1|           2|
    |select_ln259_8_fu_3009_p3         |    select|   0|  0|  15|           1|          15|
    |select_ln259_90_fu_6412_p3        |    select|   0|  0|  15|           1|          15|
    |select_ln259_91_fu_6483_p3        |    select|   0|  0|   9|           1|           2|
    |select_ln259_92_fu_6495_p3        |    select|   0|  0|  15|           1|          15|
    |select_ln259_93_fu_6566_p3        |    select|   0|  0|   9|           1|           2|
    |select_ln259_94_fu_6578_p3        |    select|   0|  0|  15|           1|          15|
    |select_ln259_95_fu_6649_p3        |    select|   0|  0|   9|           1|           2|
    |select_ln259_96_fu_6661_p3        |    select|   0|  0|  15|           1|          15|
    |select_ln259_97_fu_6732_p3        |    select|   0|  0|   9|           1|           2|
    |select_ln259_98_fu_6744_p3        |    select|   0|  0|  15|           1|          15|
    |select_ln259_99_fu_6815_p3        |    select|   0|  0|   9|           1|           2|
    |select_ln259_9_fu_3080_p3         |    select|   0|  0|   9|           1|           2|
    |select_ln259_fu_2677_p3           |    select|   0|  0|  15|           1|          15|
    |ap_enable_pp0                     |       xor|   0|  0|   2|           1|           2|
    |second_row_1_fu_752_p2            |       xor|   0|  0|   2|           1|           2|
    |xor_ln259_10_fu_3560_p2           |       xor|   0|  0|   2|           1|           2|
    |xor_ln259_11_fu_3643_p2           |       xor|   0|  0|   2|           1|           2|
    |xor_ln259_12_fu_3726_p2           |       xor|   0|  0|   2|           1|           2|
    |xor_ln259_13_fu_3809_p2           |       xor|   0|  0|   2|           1|           2|
    |xor_ln259_14_fu_3892_p2           |       xor|   0|  0|   2|           1|           2|
    |xor_ln259_15_fu_3975_p2           |       xor|   0|  0|   2|           1|           2|
    |xor_ln259_16_fu_4058_p2           |       xor|   0|  0|   2|           1|           2|
    |xor_ln259_17_fu_4141_p2           |       xor|   0|  0|   2|           1|           2|
    |xor_ln259_18_fu_4224_p2           |       xor|   0|  0|   2|           1|           2|
    |xor_ln259_19_fu_4307_p2           |       xor|   0|  0|   2|           1|           2|
    |xor_ln259_1_fu_2813_p2            |       xor|   0|  0|   2|           1|           2|
    |xor_ln259_20_fu_4390_p2           |       xor|   0|  0|   2|           1|           2|
    |xor_ln259_21_fu_4473_p2           |       xor|   0|  0|   2|           1|           2|
    |xor_ln259_22_fu_4556_p2           |       xor|   0|  0|   2|           1|           2|
    |xor_ln259_23_fu_4639_p2           |       xor|   0|  0|   2|           1|           2|
    |xor_ln259_24_fu_4722_p2           |       xor|   0|  0|   2|           1|           2|
    |xor_ln259_25_fu_4805_p2           |       xor|   0|  0|   2|           1|           2|
    |xor_ln259_26_fu_4888_p2           |       xor|   0|  0|   2|           1|           2|
    |xor_ln259_27_fu_4971_p2           |       xor|   0|  0|   2|           1|           2|
    |xor_ln259_28_fu_5054_p2           |       xor|   0|  0|   2|           1|           2|
    |xor_ln259_29_fu_5137_p2           |       xor|   0|  0|   2|           1|           2|
    |xor_ln259_2_fu_2896_p2            |       xor|   0|  0|   2|           1|           2|
    |xor_ln259_30_fu_5220_p2           |       xor|   0|  0|   2|           1|           2|
    |xor_ln259_31_fu_5303_p2           |       xor|   0|  0|   2|           1|           2|
    |xor_ln259_32_fu_5386_p2           |       xor|   0|  0|   2|           1|           2|
    |xor_ln259_33_fu_5469_p2           |       xor|   0|  0|   2|           1|           2|
    |xor_ln259_34_fu_5552_p2           |       xor|   0|  0|   2|           1|           2|
    |xor_ln259_35_fu_5635_p2           |       xor|   0|  0|   2|           1|           2|
    |xor_ln259_36_fu_5718_p2           |       xor|   0|  0|   2|           1|           2|
    |xor_ln259_37_fu_5801_p2           |       xor|   0|  0|   2|           1|           2|
    |xor_ln259_38_fu_5884_p2           |       xor|   0|  0|   2|           1|           2|
    |xor_ln259_39_fu_5967_p2           |       xor|   0|  0|   2|           1|           2|
    |xor_ln259_3_fu_2979_p2            |       xor|   0|  0|   2|           1|           2|
    |xor_ln259_40_fu_6050_p2           |       xor|   0|  0|   2|           1|           2|
    |xor_ln259_41_fu_6133_p2           |       xor|   0|  0|   2|           1|           2|
    |xor_ln259_42_fu_6216_p2           |       xor|   0|  0|   2|           1|           2|
    |xor_ln259_43_fu_6299_p2           |       xor|   0|  0|   2|           1|           2|
    |xor_ln259_44_fu_6382_p2           |       xor|   0|  0|   2|           1|           2|
    |xor_ln259_45_fu_6465_p2           |       xor|   0|  0|   2|           1|           2|
    |xor_ln259_46_fu_6548_p2           |       xor|   0|  0|   2|           1|           2|
    |xor_ln259_47_fu_6631_p2           |       xor|   0|  0|   2|           1|           2|
    |xor_ln259_48_fu_6714_p2           |       xor|   0|  0|   2|           1|           2|
    |xor_ln259_49_fu_6797_p2           |       xor|   0|  0|   2|           1|           2|
    |xor_ln259_4_fu_3062_p2            |       xor|   0|  0|   2|           1|           2|
    |xor_ln259_50_fu_6880_p2           |       xor|   0|  0|   2|           1|           2|
    |xor_ln259_51_fu_6963_p2           |       xor|   0|  0|   2|           1|           2|
    |xor_ln259_52_fu_7046_p2           |       xor|   0|  0|   2|           1|           2|
    |xor_ln259_53_fu_7129_p2           |       xor|   0|  0|   2|           1|           2|
    |xor_ln259_54_fu_7212_p2           |       xor|   0|  0|   2|           1|           2|
    |xor_ln259_55_fu_7295_p2           |       xor|   0|  0|   2|           1|           2|
    |xor_ln259_56_fu_7378_p2           |       xor|   0|  0|   2|           1|           2|
    |xor_ln259_57_fu_7461_p2           |       xor|   0|  0|   2|           1|           2|
    |xor_ln259_58_fu_7544_p2           |       xor|   0|  0|   2|           1|           2|
    |xor_ln259_59_fu_7627_p2           |       xor|   0|  0|   2|           1|           2|
    |xor_ln259_5_fu_3145_p2            |       xor|   0|  0|   2|           1|           2|
    |xor_ln259_60_fu_7710_p2           |       xor|   0|  0|   2|           1|           2|
    |xor_ln259_61_fu_7793_p2           |       xor|   0|  0|   2|           1|           2|
    |xor_ln259_62_fu_7876_p2           |       xor|   0|  0|   2|           1|           2|
    |xor_ln259_63_fu_7959_p2           |       xor|   0|  0|   2|           1|           2|
    |xor_ln259_64_fu_8042_p2           |       xor|   0|  0|   2|           1|           2|
    |xor_ln259_65_fu_8125_p2           |       xor|   0|  0|   2|           1|           2|
    |xor_ln259_66_fu_8208_p2           |       xor|   0|  0|   2|           1|           2|
    |xor_ln259_67_fu_8291_p2           |       xor|   0|  0|   2|           1|           2|
    |xor_ln259_68_fu_8374_p2           |       xor|   0|  0|   2|           1|           2|
    |xor_ln259_69_fu_8457_p2           |       xor|   0|  0|   2|           1|           2|
    |xor_ln259_6_fu_3228_p2            |       xor|   0|  0|   2|           1|           2|
    |xor_ln259_70_fu_8540_p2           |       xor|   0|  0|   2|           1|           2|
    |xor_ln259_71_fu_8623_p2           |       xor|   0|  0|   2|           1|           2|
    |xor_ln259_72_fu_8706_p2           |       xor|   0|  0|   2|           1|           2|
    |xor_ln259_73_fu_8789_p2           |       xor|   0|  0|   2|           1|           2|
    |xor_ln259_74_fu_8872_p2           |       xor|   0|  0|   2|           1|           2|
    |xor_ln259_75_fu_8955_p2           |       xor|   0|  0|   2|           1|           2|
    |xor_ln259_76_fu_9038_p2           |       xor|   0|  0|   2|           1|           2|
    |xor_ln259_77_fu_9121_p2           |       xor|   0|  0|   2|           1|           2|
    |xor_ln259_78_fu_9204_p2           |       xor|   0|  0|   2|           1|           2|
    |xor_ln259_79_fu_9287_p2           |       xor|   0|  0|   2|           1|           2|
    |xor_ln259_7_fu_3311_p2            |       xor|   0|  0|   2|           1|           2|
    |xor_ln259_8_fu_3394_p2            |       xor|   0|  0|   2|           1|           2|
    |xor_ln259_9_fu_3477_p2            |       xor|   0|  0|   2|           1|           2|
    |xor_ln259_fu_2730_p2              |       xor|   0|  0|   2|           1|           2|
    +----------------------------------+----------+----+---+----+------------+------------+
    |Total                             |          |   0|  0|5562|        2421|        3693|
    +----------------------------------+----------+----+---+----+------------+------------+

    * Multiplexer: 
    +-------------------------------------+----+-----------+-----+-----------+
    |                 Name                | LUT| Input Size| Bits| Total Bits|
    +-------------------------------------+----+-----------+-----+-----------+
    |ap_done_int                          |   9|          2|    1|          2|
    |ap_enable_reg_pp0_iter1              |   9|          2|    1|          2|
    |ap_phi_mux_second_row_phi_fu_724_p4  |   9|          2|    1|          2|
    |ap_sig_allocacmp_row_1               |   9|          2|    7|         14|
    |layer5_out_x4_blk_n                  |   9|          2|    1|          2|
    |layer6_out_x4_blk_n                  |   9|          2|    1|          2|
    |row_fu_384                           |   9|          2|    7|         14|
    |second_row_reg_721                   |   9|          2|    1|          2|
    +-------------------------------------+----+-----------+-----+-----------+
    |Total                                |  72|         16|   20|         40|
    +-------------------------------------+----+-----------+-----+-----------+

    * Register: 
    +----------------------------------+----+----+-----+-----------+
    |               Name               | FF | LUT| Bits| Const Bits|
    +----------------------------------+----+----+-----+-----------+
    |ap_CS_fsm                         |   1|   0|    1|          0|
    |ap_done_reg                       |   1|   0|    1|          0|
    |ap_enable_reg_pp0_iter1           |   1|   0|    1|          0|
    |ap_enable_reg_pp0_iter2           |   1|   0|    1|          0|
    |ap_loop_exit_ready_pp0_iter1_reg  |   1|   0|    1|          0|
    |current_1_reg_9983                |  15|   0|   15|          0|
    |current_2_reg_9988                |  15|   0|   15|          0|
    |current_3_reg_9993                |  15|   0|   15|          0|
    |current_reg_9978                  |  15|   0|   15|          0|
    |empty_100_fu_676                  |  15|   0|   15|          0|
    |empty_101_fu_680                  |  15|   0|   15|          0|
    |empty_102_fu_684                  |  15|   0|   15|          0|
    |empty_103_fu_688                  |  15|   0|   15|          0|
    |empty_104_fu_692                  |  15|   0|   15|          0|
    |empty_105_fu_696                  |  15|   0|   15|          0|
    |empty_106_fu_700                  |  15|   0|   15|          0|
    |empty_107_fu_704                  |  15|   0|   15|          0|
    |empty_29_fu_392                   |  15|   0|   15|          0|
    |empty_30_fu_396                   |  15|   0|   15|          0|
    |empty_31_fu_400                   |  15|   0|   15|          0|
    |empty_32_fu_404                   |  15|   0|   15|          0|
    |empty_33_fu_408                   |  15|   0|   15|          0|
    |empty_34_fu_412                   |  15|   0|   15|          0|
    |empty_35_fu_416                   |  15|   0|   15|          0|
    |empty_36_fu_420                   |  15|   0|   15|          0|
    |empty_37_fu_424                   |  15|   0|   15|          0|
    |empty_38_fu_428                   |  15|   0|   15|          0|
    |empty_39_fu_432                   |  15|   0|   15|          0|
    |empty_40_fu_436                   |  15|   0|   15|          0|
    |empty_41_fu_440                   |  15|   0|   15|          0|
    |empty_42_fu_444                   |  15|   0|   15|          0|
    |empty_43_fu_448                   |  15|   0|   15|          0|
    |empty_44_fu_452                   |  15|   0|   15|          0|
    |empty_45_fu_456                   |  15|   0|   15|          0|
    |empty_46_fu_460                   |  15|   0|   15|          0|
    |empty_47_fu_464                   |  15|   0|   15|          0|
    |empty_48_fu_468                   |  15|   0|   15|          0|
    |empty_49_fu_472                   |  15|   0|   15|          0|
    |empty_50_fu_476                   |  15|   0|   15|          0|
    |empty_51_fu_480                   |  15|   0|   15|          0|
    |empty_52_fu_484                   |  15|   0|   15|          0|
    |empty_53_fu_488                   |  15|   0|   15|          0|
    |empty_54_fu_492                   |  15|   0|   15|          0|
    |empty_55_fu_496                   |  15|   0|   15|          0|
    |empty_56_fu_500                   |  15|   0|   15|          0|
    |empty_57_fu_504                   |  15|   0|   15|          0|
    |empty_58_fu_508                   |  15|   0|   15|          0|
    |empty_59_fu_512                   |  15|   0|   15|          0|
    |empty_60_fu_516                   |  15|   0|   15|          0|
    |empty_61_fu_520                   |  15|   0|   15|          0|
    |empty_62_fu_524                   |  15|   0|   15|          0|
    |empty_63_fu_528                   |  15|   0|   15|          0|
    |empty_64_fu_532                   |  15|   0|   15|          0|
    |empty_65_fu_536                   |  15|   0|   15|          0|
    |empty_66_fu_540                   |  15|   0|   15|          0|
    |empty_67_fu_544                   |  15|   0|   15|          0|
    |empty_68_fu_548                   |  15|   0|   15|          0|
    |empty_69_fu_552                   |  15|   0|   15|          0|
    |empty_70_fu_556                   |  15|   0|   15|          0|
    |empty_71_fu_560                   |  15|   0|   15|          0|
    |empty_72_fu_564                   |  15|   0|   15|          0|
    |empty_73_fu_568                   |  15|   0|   15|          0|
    |empty_74_fu_572                   |  15|   0|   15|          0|
    |empty_75_fu_576                   |  15|   0|   15|          0|
    |empty_76_fu_580                   |  15|   0|   15|          0|
    |empty_77_fu_584                   |  15|   0|   15|          0|
    |empty_78_fu_588                   |  15|   0|   15|          0|
    |empty_79_fu_592                   |  15|   0|   15|          0|
    |empty_80_fu_596                   |  15|   0|   15|          0|
    |empty_81_fu_600                   |  15|   0|   15|          0|
    |empty_82_fu_604                   |  15|   0|   15|          0|
    |empty_83_fu_608                   |  15|   0|   15|          0|
    |empty_84_fu_612                   |  15|   0|   15|          0|
    |empty_85_fu_616                   |  15|   0|   15|          0|
    |empty_86_fu_620                   |  15|   0|   15|          0|
    |empty_87_fu_624                   |  15|   0|   15|          0|
    |empty_88_fu_628                   |  15|   0|   15|          0|
    |empty_89_fu_632                   |  15|   0|   15|          0|
    |empty_90_fu_636                   |  15|   0|   15|          0|
    |empty_91_fu_640                   |  15|   0|   15|          0|
    |empty_92_fu_644                   |  15|   0|   15|          0|
    |empty_93_fu_648                   |  15|   0|   15|          0|
    |empty_94_fu_652                   |  15|   0|   15|          0|
    |empty_95_fu_656                   |  15|   0|   15|          0|
    |empty_96_fu_660                   |  15|   0|   15|          0|
    |empty_97_fu_664                   |  15|   0|   15|          0|
    |empty_98_fu_668                   |  15|   0|   15|          0|
    |empty_99_fu_672                   |  15|   0|   15|          0|
    |empty_fu_388                      |  15|   0|   15|          0|
    |icmp_ln246_reg_9969               |   1|   0|    1|          0|
    |icmp_ln259_10_reg_10828           |   1|   0|    1|          0|
    |icmp_ln259_11_reg_10833           |   1|   0|    1|          0|
    |icmp_ln259_12_reg_10838           |   1|   0|    1|          0|
    |icmp_ln259_13_reg_10843           |   1|   0|    1|          0|
    |icmp_ln259_14_reg_10848           |   1|   0|    1|          0|
    |icmp_ln259_15_reg_10853           |   1|   0|    1|          0|
    |icmp_ln259_16_reg_10858           |   1|   0|    1|          0|
    |icmp_ln259_17_reg_10863           |   1|   0|    1|          0|
    |icmp_ln259_18_reg_10868           |   1|   0|    1|          0|
    |icmp_ln259_19_reg_10873           |   1|   0|    1|          0|
    |icmp_ln259_1_reg_10783            |   1|   0|    1|          0|
    |icmp_ln259_20_reg_10878           |   1|   0|    1|          0|
    |icmp_ln259_21_reg_10883           |   1|   0|    1|          0|
    |icmp_ln259_22_reg_10888           |   1|   0|    1|          0|
    |icmp_ln259_23_reg_10893           |   1|   0|    1|          0|
    |icmp_ln259_24_reg_10898           |   1|   0|    1|          0|
    |icmp_ln259_25_reg_10903           |   1|   0|    1|          0|
    |icmp_ln259_26_reg_10908           |   1|   0|    1|          0|
    |icmp_ln259_27_reg_10913           |   1|   0|    1|          0|
    |icmp_ln259_28_reg_10918           |   1|   0|    1|          0|
    |icmp_ln259_29_reg_10923           |   1|   0|    1|          0|
    |icmp_ln259_2_reg_10788            |   1|   0|    1|          0|
    |icmp_ln259_30_reg_10928           |   1|   0|    1|          0|
    |icmp_ln259_31_reg_10933           |   1|   0|    1|          0|
    |icmp_ln259_32_reg_10938           |   1|   0|    1|          0|
    |icmp_ln259_33_reg_10943           |   1|   0|    1|          0|
    |icmp_ln259_34_reg_10948           |   1|   0|    1|          0|
    |icmp_ln259_35_reg_10953           |   1|   0|    1|          0|
    |icmp_ln259_36_reg_10958           |   1|   0|    1|          0|
    |icmp_ln259_37_reg_10963           |   1|   0|    1|          0|
    |icmp_ln259_38_reg_10968           |   1|   0|    1|          0|
    |icmp_ln259_39_reg_10973           |   1|   0|    1|          0|
    |icmp_ln259_3_reg_10793            |   1|   0|    1|          0|
    |icmp_ln259_40_reg_10978           |   1|   0|    1|          0|
    |icmp_ln259_41_reg_10983           |   1|   0|    1|          0|
    |icmp_ln259_42_reg_10988           |   1|   0|    1|          0|
    |icmp_ln259_43_reg_10993           |   1|   0|    1|          0|
    |icmp_ln259_44_reg_10998           |   1|   0|    1|          0|
    |icmp_ln259_45_reg_11003           |   1|   0|    1|          0|
    |icmp_ln259_46_reg_11008           |   1|   0|    1|          0|
    |icmp_ln259_47_reg_11013           |   1|   0|    1|          0|
    |icmp_ln259_48_reg_11018           |   1|   0|    1|          0|
    |icmp_ln259_49_reg_11023           |   1|   0|    1|          0|
    |icmp_ln259_4_reg_10798            |   1|   0|    1|          0|
    |icmp_ln259_50_reg_11028           |   1|   0|    1|          0|
    |icmp_ln259_51_reg_11033           |   1|   0|    1|          0|
    |icmp_ln259_52_reg_11038           |   1|   0|    1|          0|
    |icmp_ln259_53_reg_11043           |   1|   0|    1|          0|
    |icmp_ln259_54_reg_11048           |   1|   0|    1|          0|
    |icmp_ln259_55_reg_11053           |   1|   0|    1|          0|
    |icmp_ln259_56_reg_11058           |   1|   0|    1|          0|
    |icmp_ln259_57_reg_11063           |   1|   0|    1|          0|
    |icmp_ln259_58_reg_11068           |   1|   0|    1|          0|
    |icmp_ln259_59_reg_11073           |   1|   0|    1|          0|
    |icmp_ln259_5_reg_10803            |   1|   0|    1|          0|
    |icmp_ln259_60_reg_11078           |   1|   0|    1|          0|
    |icmp_ln259_61_reg_11083           |   1|   0|    1|          0|
    |icmp_ln259_62_reg_11088           |   1|   0|    1|          0|
    |icmp_ln259_63_reg_11093           |   1|   0|    1|          0|
    |icmp_ln259_64_reg_11098           |   1|   0|    1|          0|
    |icmp_ln259_65_reg_11103           |   1|   0|    1|          0|
    |icmp_ln259_66_reg_11108           |   1|   0|    1|          0|
    |icmp_ln259_67_reg_11113           |   1|   0|    1|          0|
    |icmp_ln259_68_reg_11118           |   1|   0|    1|          0|
    |icmp_ln259_69_reg_11123           |   1|   0|    1|          0|
    |icmp_ln259_6_reg_10808            |   1|   0|    1|          0|
    |icmp_ln259_70_reg_11128           |   1|   0|    1|          0|
    |icmp_ln259_71_reg_11133           |   1|   0|    1|          0|
    |icmp_ln259_72_reg_11138           |   1|   0|    1|          0|
    |icmp_ln259_73_reg_11143           |   1|   0|    1|          0|
    |icmp_ln259_74_reg_11148           |   1|   0|    1|          0|
    |icmp_ln259_75_reg_11153           |   1|   0|    1|          0|
    |icmp_ln259_76_reg_11158           |   1|   0|    1|          0|
    |icmp_ln259_77_reg_11163           |   1|   0|    1|          0|
    |icmp_ln259_78_reg_11168           |   1|   0|    1|          0|
    |icmp_ln259_79_reg_11173           |   1|   0|    1|          0|
    |icmp_ln259_7_reg_10813            |   1|   0|    1|          0|
    |icmp_ln259_8_reg_10818            |   1|   0|    1|          0|
    |icmp_ln259_9_reg_10823            |   1|   0|    1|          0|
    |icmp_ln259_reg_10778              |   1|   0|    1|          0|
    |p_load561_reg_10768               |  15|   0|   15|          0|
    |p_load562_reg_10763               |  15|   0|   15|          0|
    |p_load563_reg_10758               |  15|   0|   15|          0|
    |p_load564_reg_10753               |  15|   0|   15|          0|
    |p_load565_reg_10748               |  15|   0|   15|          0|
    |p_load566_reg_10743               |  15|   0|   15|          0|
    |p_load567_reg_10738               |  15|   0|   15|          0|
    |p_load568_reg_10733               |  15|   0|   15|          0|
    |p_load569_reg_10728               |  15|   0|   15|          0|
    |p_load570_reg_10723               |  15|   0|   15|          0|
    |p_load571_reg_10718               |  15|   0|   15|          0|
    |p_load572_reg_10713               |  15|   0|   15|          0|
    |p_load573_reg_10708               |  15|   0|   15|          0|
    |p_load574_reg_10703               |  15|   0|   15|          0|
    |p_load575_reg_10698               |  15|   0|   15|          0|
    |p_load576_reg_10693               |  15|   0|   15|          0|
    |p_load577_reg_10688               |  15|   0|   15|          0|
    |p_load578_reg_10683               |  15|   0|   15|          0|
    |p_load579_reg_10678               |  15|   0|   15|          0|
    |p_load580_reg_10673               |  15|   0|   15|          0|
    |p_load581_reg_10668               |  15|   0|   15|          0|
    |p_load582_reg_10663               |  15|   0|   15|          0|
    |p_load583_reg_10658               |  15|   0|   15|          0|
    |p_load584_reg_10653               |  15|   0|   15|          0|
    |p_load585_reg_10648               |  15|   0|   15|          0|
    |p_load586_reg_10643               |  15|   0|   15|          0|
    |p_load587_reg_10638               |  15|   0|   15|          0|
    |p_load588_reg_10633               |  15|   0|   15|          0|
    |p_load589_reg_10628               |  15|   0|   15|          0|
    |p_load590_reg_10623               |  15|   0|   15|          0|
    |p_load591_reg_10618               |  15|   0|   15|          0|
    |p_load592_reg_10613               |  15|   0|   15|          0|
    |p_load593_reg_10608               |  15|   0|   15|          0|
    |p_load594_reg_10603               |  15|   0|   15|          0|
    |p_load595_reg_10598               |  15|   0|   15|          0|
    |p_load596_reg_10593               |  15|   0|   15|          0|
    |p_load597_reg_10588               |  15|   0|   15|          0|
    |p_load598_reg_10583               |  15|   0|   15|          0|
    |p_load599_reg_10578               |  15|   0|   15|          0|
    |p_load600_reg_10573               |  15|   0|   15|          0|
    |p_load601_reg_10568               |  15|   0|   15|          0|
    |p_load602_reg_10563               |  15|   0|   15|          0|
    |p_load603_reg_10558               |  15|   0|   15|          0|
    |p_load604_reg_10553               |  15|   0|   15|          0|
    |p_load605_reg_10548               |  15|   0|   15|          0|
    |p_load606_reg_10543               |  15|   0|   15|          0|
    |p_load607_reg_10538               |  15|   0|   15|          0|
    |p_load608_reg_10533               |  15|   0|   15|          0|
    |p_load609_reg_10528               |  15|   0|   15|          0|
    |p_load610_reg_10523               |  15|   0|   15|          0|
    |p_load611_reg_10518               |  15|   0|   15|          0|
    |p_load612_reg_10513               |  15|   0|   15|          0|
    |p_load613_reg_10508               |  15|   0|   15|          0|
    |p_load614_reg_10503               |  15|   0|   15|          0|
    |p_load615_reg_10498               |  15|   0|   15|          0|
    |p_load616_reg_10493               |  15|   0|   15|          0|
    |p_load617_reg_10488               |  15|   0|   15|          0|
    |p_load618_reg_10483               |  15|   0|   15|          0|
    |p_load619_reg_10478               |  15|   0|   15|          0|
    |p_load620_reg_10473               |  15|   0|   15|          0|
    |p_load621_reg_10468               |  15|   0|   15|          0|
    |p_load622_reg_10463               |  15|   0|   15|          0|
    |p_load623_reg_10458               |  15|   0|   15|          0|
    |p_load624_reg_10453               |  15|   0|   15|          0|
    |p_load625_reg_10448               |  15|   0|   15|          0|
    |p_load626_reg_10443               |  15|   0|   15|          0|
    |p_load627_reg_10438               |  15|   0|   15|          0|
    |p_load628_reg_10433               |  15|   0|   15|          0|
    |p_load629_reg_10428               |  15|   0|   15|          0|
    |p_load630_reg_10423               |  15|   0|   15|          0|
    |p_load631_reg_10418               |  15|   0|   15|          0|
    |p_load632_reg_10413               |  15|   0|   15|          0|
    |p_load633_reg_10408               |  15|   0|   15|          0|
    |p_load634_reg_10403               |  15|   0|   15|          0|
    |p_load635_reg_10398               |  15|   0|   15|          0|
    |p_load636_reg_10393               |  15|   0|   15|          0|
    |p_load637_reg_10388               |  15|   0|   15|          0|
    |p_load638_reg_10383               |  15|   0|   15|          0|
    |p_load639_reg_10378               |  15|   0|   15|          0|
    |p_load_reg_10773                  |  15|   0|   15|          0|
    |row_fu_384                        |   7|   0|    7|          0|
    |second_row_1_reg_9973             |   1|   0|    1|          0|
    |second_row_reg_721                |   1|   0|    1|          0|
    |second_row_reg_721_pp0_iter1_reg  |   1|   0|    1|          0|
    |trunc_ln248_10_reg_10048          |  15|   0|   15|          0|
    |trunc_ln248_11_reg_10053          |  15|   0|   15|          0|
    |trunc_ln248_12_reg_10058          |  15|   0|   15|          0|
    |trunc_ln248_13_reg_10063          |  15|   0|   15|          0|
    |trunc_ln248_14_reg_10068          |  15|   0|   15|          0|
    |trunc_ln248_15_reg_10073          |  15|   0|   15|          0|
    |trunc_ln248_16_reg_10078          |  15|   0|   15|          0|
    |trunc_ln248_17_reg_10083          |  15|   0|   15|          0|
    |trunc_ln248_18_reg_10088          |  15|   0|   15|          0|
    |trunc_ln248_19_reg_10093          |  15|   0|   15|          0|
    |trunc_ln248_1_reg_10033           |  15|   0|   15|          0|
    |trunc_ln248_20_reg_10098          |  15|   0|   15|          0|
    |trunc_ln248_21_reg_10103          |  15|   0|   15|          0|
    |trunc_ln248_22_reg_10108          |  15|   0|   15|          0|
    |trunc_ln248_23_reg_10113          |  15|   0|   15|          0|
    |trunc_ln248_24_reg_10118          |  15|   0|   15|          0|
    |trunc_ln248_25_reg_10123          |  15|   0|   15|          0|
    |trunc_ln248_26_reg_10128          |  15|   0|   15|          0|
    |trunc_ln248_27_reg_10133          |  15|   0|   15|          0|
    |trunc_ln248_28_reg_10138          |  15|   0|   15|          0|
    |trunc_ln248_29_reg_10143          |  15|   0|   15|          0|
    |trunc_ln248_2_reg_10038           |  15|   0|   15|          0|
    |trunc_ln248_30_reg_10148          |  15|   0|   15|          0|
    |trunc_ln248_31_reg_10153          |  15|   0|   15|          0|
    |trunc_ln248_32_reg_10158          |  15|   0|   15|          0|
    |trunc_ln248_33_reg_10163          |  15|   0|   15|          0|
    |trunc_ln248_34_reg_10168          |  15|   0|   15|          0|
    |trunc_ln248_35_reg_10173          |  15|   0|   15|          0|
    |trunc_ln248_36_reg_10178          |  15|   0|   15|          0|
    |trunc_ln248_37_reg_10183          |  15|   0|   15|          0|
    |trunc_ln248_38_reg_10188          |  15|   0|   15|          0|
    |trunc_ln248_39_reg_10193          |  15|   0|   15|          0|
    |trunc_ln248_3_reg_10043           |  15|   0|   15|          0|
    |trunc_ln248_40_reg_10198          |  15|   0|   15|          0|
    |trunc_ln248_41_reg_10203          |  15|   0|   15|          0|
    |trunc_ln248_42_reg_10208          |  15|   0|   15|          0|
    |trunc_ln248_43_reg_10213          |  15|   0|   15|          0|
    |trunc_ln248_44_reg_10218          |  15|   0|   15|          0|
    |trunc_ln248_45_reg_10223          |  15|   0|   15|          0|
    |trunc_ln248_46_reg_10228          |  15|   0|   15|          0|
    |trunc_ln248_47_reg_10233          |  15|   0|   15|          0|
    |trunc_ln248_48_reg_10238          |  15|   0|   15|          0|
    |trunc_ln248_49_reg_10243          |  15|   0|   15|          0|
    |trunc_ln248_4_reg_9998            |  15|   0|   15|          0|
    |trunc_ln248_50_reg_10248          |  15|   0|   15|          0|
    |trunc_ln248_51_reg_10253          |  15|   0|   15|          0|
    |trunc_ln248_52_reg_10258          |  15|   0|   15|          0|
    |trunc_ln248_53_reg_10263          |  15|   0|   15|          0|
    |trunc_ln248_54_reg_10268          |  15|   0|   15|          0|
    |trunc_ln248_55_reg_10273          |  15|   0|   15|          0|
    |trunc_ln248_56_reg_10278          |  15|   0|   15|          0|
    |trunc_ln248_57_reg_10283          |  15|   0|   15|          0|
    |trunc_ln248_58_reg_10288          |  15|   0|   15|          0|
    |trunc_ln248_59_reg_10293          |  15|   0|   15|          0|
    |trunc_ln248_5_reg_10003           |  15|   0|   15|          0|
    |trunc_ln248_60_reg_10298          |  15|   0|   15|          0|
    |trunc_ln248_61_reg_10303          |  15|   0|   15|          0|
    |trunc_ln248_62_reg_10308          |  15|   0|   15|          0|
    |trunc_ln248_63_reg_10313          |  15|   0|   15|          0|
    |trunc_ln248_64_reg_10318          |  15|   0|   15|          0|
    |trunc_ln248_65_reg_10323          |  15|   0|   15|          0|
    |trunc_ln248_66_reg_10328          |  15|   0|   15|          0|
    |trunc_ln248_67_reg_10333          |  15|   0|   15|          0|
    |trunc_ln248_68_reg_10338          |  15|   0|   15|          0|
    |trunc_ln248_69_reg_10343          |  15|   0|   15|          0|
    |trunc_ln248_6_reg_10008           |  15|   0|   15|          0|
    |trunc_ln248_70_reg_10348          |  15|   0|   15|          0|
    |trunc_ln248_71_reg_10353          |  15|   0|   15|          0|
    |trunc_ln248_72_reg_10358          |  15|   0|   15|          0|
    |trunc_ln248_73_reg_10363          |  15|   0|   15|          0|
    |trunc_ln248_74_reg_10368          |  15|   0|   15|          0|
    |trunc_ln248_75_reg_10373          |  15|   0|   15|          0|
    |trunc_ln248_7_reg_10013           |  15|   0|   15|          0|
    |trunc_ln248_8_reg_10018           |  15|   0|   15|          0|
    |trunc_ln248_9_reg_10023           |  15|   0|   15|          0|
    |trunc_ln248_s_reg_10028           |  15|   0|   15|          0|
    +----------------------------------+----+----+-----+-----------+
    |Total                             |3696|   0| 3696|          0|
    +----------------------------------+----+----+-----+-----------+



================================================================
== Interface
================================================================
* Summary: 
+------------------------------+-----+------+------------+-----------------------------------------------------------------+--------------+
|           RTL Ports          | Dir | Bits |  Protocol  |                          Source Object                          |    C Type    |
+------------------------------+-----+------+------------+-----------------------------------------------------------------+--------------+
|ap_clk                        |   in|     1|  ap_ctrl_hs|  maxpool2d_wide_nonoverlap_cl<array,array<ap_fixed,80u>,config6>|  return value|
|ap_rst                        |   in|     1|  ap_ctrl_hs|  maxpool2d_wide_nonoverlap_cl<array,array<ap_fixed,80u>,config6>|  return value|
|ap_start                      |   in|     1|  ap_ctrl_hs|  maxpool2d_wide_nonoverlap_cl<array,array<ap_fixed,80u>,config6>|  return value|
|ap_done                       |  out|     1|  ap_ctrl_hs|  maxpool2d_wide_nonoverlap_cl<array,array<ap_fixed,80u>,config6>|  return value|
|ap_continue                   |   in|     1|  ap_ctrl_hs|  maxpool2d_wide_nonoverlap_cl<array,array<ap_fixed,80u>,config6>|  return value|
|ap_idle                       |  out|     1|  ap_ctrl_hs|  maxpool2d_wide_nonoverlap_cl<array,array<ap_fixed,80u>,config6>|  return value|
|ap_ready                      |  out|     1|  ap_ctrl_hs|  maxpool2d_wide_nonoverlap_cl<array,array<ap_fixed,80u>,config6>|  return value|
|layer5_out_x4_dout            |   in|  1200|     ap_fifo|                                                    layer5_out_x4|       pointer|
|layer5_out_x4_num_data_valid  |   in|     3|     ap_fifo|                                                    layer5_out_x4|       pointer|
|layer5_out_x4_fifo_cap        |   in|     3|     ap_fifo|                                                    layer5_out_x4|       pointer|
|layer5_out_x4_empty_n         |   in|     1|     ap_fifo|                                                    layer5_out_x4|       pointer|
|layer5_out_x4_read            |  out|     1|     ap_fifo|                                                    layer5_out_x4|       pointer|
|layer6_out_x4_din             |  out|   800|     ap_fifo|                                                    layer6_out_x4|       pointer|
|layer6_out_x4_num_data_valid  |   in|     3|     ap_fifo|                                                    layer6_out_x4|       pointer|
|layer6_out_x4_fifo_cap        |   in|     3|     ap_fifo|                                                    layer6_out_x4|       pointer|
|layer6_out_x4_full_n          |   in|     1|     ap_fifo|                                                    layer6_out_x4|       pointer|
|layer6_out_x4_write           |  out|     1|     ap_fifo|                                                    layer6_out_x4|       pointer|
+------------------------------+-----+------+------------+-----------------------------------------------------------------+--------------+

