

================================================================
== Vitis HLS Report for 'scheduled_pool_array_array_ap_fixed_10_5_0_2_0_48u_config9_4u_s'
================================================================
* Date:           Thu Sep 17 02:03:15 2026

* Version:        2023.2 (Build 4023990 on Oct 11 2023)
* Project:        cnn_core_prj
* Solution:       solution1 (Vivado IP Flow Target)
* Product family: kintexuplus
* Target device:  xcku5p-ffvb676-2-e


================================================================
== Performance Estimates
================================================================
+ Timing: 
    * Summary: 
    +--------+---------+----------+------------+
    |  Clock |  Target | Estimated| Uncertainty|
    +--------+---------+----------+------------+
    |ap_clk  |  5.00 ns|  3.534 ns|     1.35 ns|
    +--------+---------+----------+------------+

+ Latency: 
    * Summary: 
    +---------+---------+-----------+-----------+-----+-----+---------+
    |  Latency (cycles) |   Latency (absolute)  |  Interval | Pipeline|
    |   min   |   max   |    min    |    max    | min | max |   Type  |
    +---------+---------+-----------+-----------+-----+-----+---------+
    |       16|       16|  80.000 ns|  80.000 ns|   16|   16|       no|
    +---------+---------+-----------+-----------+-----+-----+---------+

    + Detail: 
        * Instance: 
        N/A

        * Loop: 
        +-------------+---------+---------+----------+-----------+-----------+------+----------+
        |             |  Latency (cycles) | Iteration|  Initiation Interval  | Trip |          |
        |  Loop Name  |   min   |   max   |  Latency |  achieved |   target  | Count| Pipelined|
        +-------------+---------+---------+----------+-----------+-----------+------+----------+
        |- PoolWords  |       14|       14|         3|          1|          1|    13|       yes|
        +-------------+---------+---------+----------+-----------+-----------+------+----------+



================================================================
== Utilization Estimates
================================================================
* Summary: 
+-----------------+---------+------+--------+--------+-----+
|       Name      | BRAM_18K|  DSP |   FF   |   LUT  | URAM|
+-----------------+---------+------+--------+--------+-----+
|DSP              |        -|     -|       -|       -|    -|
|Expression       |        -|     -|       0|    5074|    -|
|FIFO             |        -|     -|       -|       -|    -|
|Instance         |        -|     -|       -|       -|    -|
|Memory           |        -|     -|       -|       -|    -|
|Multiplexer      |        -|     -|       -|      63|    -|
|Register         |        -|     -|    1501|       -|    -|
+-----------------+---------+------+--------+--------+-----+
|Total            |        0|     0|    1501|    5137|    0|
+-----------------+---------+------+--------+--------+-----+
|Available        |      960|  1824|  433920|  216960|   64|
+-----------------+---------+------+--------+--------+-----+
|Utilization (%)  |        0|     0|      ~0|       2|    0|
+-----------------+---------+------+--------+--------+-----+

+ Detail: 
    * Instance: 
    N/A

    * DSP: 
    N/A

    * Memory: 
    N/A

    * FIFO: 
    N/A

    * Expression: 
    +----------------------------------+----------+----+---+----+------------+------------+
    |           Variable Name          | Operation| DSP| FF| LUT| Bitwidth P0| Bitwidth P1|
    +----------------------------------+----------+----+---+----+------------+------------+
    |add_ln105_10_fu_5408_p2           |         +|   0|  0|  17|          10|          10|
    |add_ln105_11_fu_5486_p2           |         +|   0|  0|  17|          10|          10|
    |add_ln105_12_fu_5564_p2           |         +|   0|  0|  17|          10|          10|
    |add_ln105_13_fu_5642_p2           |         +|   0|  0|  17|          10|          10|
    |add_ln105_14_fu_5720_p2           |         +|   0|  0|  17|          10|          10|
    |add_ln105_15_fu_5798_p2           |         +|   0|  0|  17|          10|          10|
    |add_ln105_16_fu_5876_p2           |         +|   0|  0|  17|          10|          10|
    |add_ln105_17_fu_5954_p2           |         +|   0|  0|  17|          10|          10|
    |add_ln105_18_fu_6032_p2           |         +|   0|  0|  17|          10|          10|
    |add_ln105_19_fu_6110_p2           |         +|   0|  0|  17|          10|          10|
    |add_ln105_1_fu_4706_p2            |         +|   0|  0|  17|          10|          10|
    |add_ln105_20_fu_6188_p2           |         +|   0|  0|  17|          10|          10|
    |add_ln105_21_fu_6266_p2           |         +|   0|  0|  17|          10|          10|
    |add_ln105_22_fu_6344_p2           |         +|   0|  0|  17|          10|          10|
    |add_ln105_23_fu_6422_p2           |         +|   0|  0|  17|          10|          10|
    |add_ln105_24_fu_6500_p2           |         +|   0|  0|  17|          10|          10|
    |add_ln105_25_fu_6578_p2           |         +|   0|  0|  17|          10|          10|
    |add_ln105_26_fu_6656_p2           |         +|   0|  0|  17|          10|          10|
    |add_ln105_27_fu_6734_p2           |         +|   0|  0|  17|          10|          10|
    |add_ln105_28_fu_6812_p2           |         +|   0|  0|  17|          10|          10|
    |add_ln105_29_fu_6890_p2           |         +|   0|  0|  17|          10|          10|
    |add_ln105_2_fu_4784_p2            |         +|   0|  0|  17|          10|          10|
    |add_ln105_30_fu_6968_p2           |         +|   0|  0|  17|          10|          10|
    |add_ln105_31_fu_7046_p2           |         +|   0|  0|  17|          10|          10|
    |add_ln105_32_fu_7124_p2           |         +|   0|  0|  17|          10|          10|
    |add_ln105_33_fu_7202_p2           |         +|   0|  0|  17|          10|          10|
    |add_ln105_34_fu_7280_p2           |         +|   0|  0|  17|          10|          10|
    |add_ln105_35_fu_7358_p2           |         +|   0|  0|  17|          10|          10|
    |add_ln105_36_fu_7436_p2           |         +|   0|  0|  17|          10|          10|
    |add_ln105_37_fu_7514_p2           |         +|   0|  0|  17|          10|          10|
    |add_ln105_38_fu_7592_p2           |         +|   0|  0|  17|          10|          10|
    |add_ln105_39_fu_7670_p2           |         +|   0|  0|  17|          10|          10|
    |add_ln105_3_fu_4862_p2            |         +|   0|  0|  17|          10|          10|
    |add_ln105_40_fu_7748_p2           |         +|   0|  0|  17|          10|          10|
    |add_ln105_41_fu_7826_p2           |         +|   0|  0|  17|          10|          10|
    |add_ln105_42_fu_7904_p2           |         +|   0|  0|  17|          10|          10|
    |add_ln105_43_fu_7982_p2           |         +|   0|  0|  17|          10|          10|
    |add_ln105_44_fu_8060_p2           |         +|   0|  0|  17|          10|          10|
    |add_ln105_45_fu_8138_p2           |         +|   0|  0|  17|          10|          10|
    |add_ln105_46_fu_8216_p2           |         +|   0|  0|  17|          10|          10|
    |add_ln105_47_fu_8294_p2           |         +|   0|  0|  17|          10|          10|
    |add_ln105_4_fu_4940_p2            |         +|   0|  0|  17|          10|          10|
    |add_ln105_5_fu_5018_p2            |         +|   0|  0|  17|          10|          10|
    |add_ln105_6_fu_5096_p2            |         +|   0|  0|  17|          10|          10|
    |add_ln105_7_fu_5174_p2            |         +|   0|  0|  17|          10|          10|
    |add_ln105_8_fu_5252_p2            |         +|   0|  0|  17|          10|          10|
    |add_ln105_9_fu_5330_p2            |         +|   0|  0|  17|          10|          10|
    |add_ln105_fu_4628_p2              |         +|   0|  0|  17|          10|          10|
    |word_2_fu_479_p2                  |         +|   0|  0|  12|           4|           1|
    |and_ln105_10_fu_5431_p2           |       and|   0|  0|   2|           1|           1|
    |and_ln105_11_fu_5509_p2           |       and|   0|  0|   2|           1|           1|
    |and_ln105_12_fu_5587_p2           |       and|   0|  0|   2|           1|           1|
    |and_ln105_13_fu_5665_p2           |       and|   0|  0|   2|           1|           1|
    |and_ln105_14_fu_5743_p2           |       and|   0|  0|   2|           1|           1|
    |and_ln105_15_fu_5821_p2           |       and|   0|  0|   2|           1|           1|
    |and_ln105_16_fu_5899_p2           |       and|   0|  0|   2|           1|           1|
    |and_ln105_17_fu_5977_p2           |       and|   0|  0|   2|           1|           1|
    |and_ln105_18_fu_6055_p2           |       and|   0|  0|   2|           1|           1|
    |and_ln105_19_fu_6133_p2           |       and|   0|  0|   2|           1|           1|
    |and_ln105_1_fu_4729_p2            |       and|   0|  0|   2|           1|           1|
    |and_ln105_20_fu_6211_p2           |       and|   0|  0|   2|           1|           1|
    |and_ln105_21_fu_6289_p2           |       and|   0|  0|   2|           1|           1|
    |and_ln105_22_fu_6367_p2           |       and|   0|  0|   2|           1|           1|
    |and_ln105_23_fu_6445_p2           |       and|   0|  0|   2|           1|           1|
    |and_ln105_24_fu_6523_p2           |       and|   0|  0|   2|           1|           1|
    |and_ln105_25_fu_6601_p2           |       and|   0|  0|   2|           1|           1|
    |and_ln105_26_fu_6679_p2           |       and|   0|  0|   2|           1|           1|
    |and_ln105_27_fu_6757_p2           |       and|   0|  0|   2|           1|           1|
    |and_ln105_28_fu_6835_p2           |       and|   0|  0|   2|           1|           1|
    |and_ln105_29_fu_6913_p2           |       and|   0|  0|   2|           1|           1|
    |and_ln105_2_fu_4807_p2            |       and|   0|  0|   2|           1|           1|
    |and_ln105_30_fu_6991_p2           |       and|   0|  0|   2|           1|           1|
    |and_ln105_31_fu_7069_p2           |       and|   0|  0|   2|           1|           1|
    |and_ln105_32_fu_7147_p2           |       and|   0|  0|   2|           1|           1|
    |and_ln105_33_fu_7225_p2           |       and|   0|  0|   2|           1|           1|
    |and_ln105_34_fu_7303_p2           |       and|   0|  0|   2|           1|           1|
    |and_ln105_35_fu_7381_p2           |       and|   0|  0|   2|           1|           1|
    |and_ln105_36_fu_7459_p2           |       and|   0|  0|   2|           1|           1|
    |and_ln105_37_fu_7537_p2           |       and|   0|  0|   2|           1|           1|
    |and_ln105_38_fu_7615_p2           |       and|   0|  0|   2|           1|           1|
    |and_ln105_39_fu_7693_p2           |       and|   0|  0|   2|           1|           1|
    |and_ln105_3_fu_4885_p2            |       and|   0|  0|   2|           1|           1|
    |and_ln105_40_fu_7771_p2           |       and|   0|  0|   2|           1|           1|
    |and_ln105_41_fu_7849_p2           |       and|   0|  0|   2|           1|           1|
    |and_ln105_42_fu_7927_p2           |       and|   0|  0|   2|           1|           1|
    |and_ln105_43_fu_8005_p2           |       and|   0|  0|   2|           1|           1|
    |and_ln105_44_fu_8083_p2           |       and|   0|  0|   2|           1|           1|
    |and_ln105_45_fu_8161_p2           |       and|   0|  0|   2|           1|           1|
    |and_ln105_46_fu_8239_p2           |       and|   0|  0|   2|           1|           1|
    |and_ln105_47_fu_8317_p2           |       and|   0|  0|   2|           1|           1|
    |and_ln105_48_fu_4673_p2           |       and|   0|  0|   2|           1|           1|
    |and_ln105_49_fu_4751_p2           |       and|   0|  0|   2|           1|           1|
    |and_ln105_4_fu_4963_p2            |       and|   0|  0|   2|           1|           1|
    |and_ln105_50_fu_4829_p2           |       and|   0|  0|   2|           1|           1|
    |and_ln105_51_fu_4907_p2           |       and|   0|  0|   2|           1|           1|
    |and_ln105_52_fu_4985_p2           |       and|   0|  0|   2|           1|           1|
    |and_ln105_53_fu_5063_p2           |       and|   0|  0|   2|           1|           1|
    |and_ln105_54_fu_5141_p2           |       and|   0|  0|   2|           1|           1|
    |and_ln105_55_fu_5219_p2           |       and|   0|  0|   2|           1|           1|
    |and_ln105_56_fu_5297_p2           |       and|   0|  0|   2|           1|           1|
    |and_ln105_57_fu_5375_p2           |       and|   0|  0|   2|           1|           1|
    |and_ln105_58_fu_5453_p2           |       and|   0|  0|   2|           1|           1|
    |and_ln105_59_fu_5531_p2           |       and|   0|  0|   2|           1|           1|
    |and_ln105_5_fu_5041_p2            |       and|   0|  0|   2|           1|           1|
    |and_ln105_60_fu_5609_p2           |       and|   0|  0|   2|           1|           1|
    |and_ln105_61_fu_5687_p2           |       and|   0|  0|   2|           1|           1|
    |and_ln105_62_fu_5765_p2           |       and|   0|  0|   2|           1|           1|
    |and_ln105_63_fu_5843_p2           |       and|   0|  0|   2|           1|           1|
    |and_ln105_64_fu_5921_p2           |       and|   0|  0|   2|           1|           1|
    |and_ln105_65_fu_5999_p2           |       and|   0|  0|   2|           1|           1|
    |and_ln105_66_fu_6077_p2           |       and|   0|  0|   2|           1|           1|
    |and_ln105_67_fu_6155_p2           |       and|   0|  0|   2|           1|           1|
    |and_ln105_68_fu_6233_p2           |       and|   0|  0|   2|           1|           1|
    |and_ln105_69_fu_6311_p2           |       and|   0|  0|   2|           1|           1|
    |and_ln105_6_fu_5119_p2            |       and|   0|  0|   2|           1|           1|
    |and_ln105_70_fu_6389_p2           |       and|   0|  0|   2|           1|           1|
    |and_ln105_71_fu_6467_p2           |       and|   0|  0|   2|           1|           1|
    |and_ln105_72_fu_6545_p2           |       and|   0|  0|   2|           1|           1|
    |and_ln105_73_fu_6623_p2           |       and|   0|  0|   2|           1|           1|
    |and_ln105_74_fu_6701_p2           |       and|   0|  0|   2|           1|           1|
    |and_ln105_75_fu_6779_p2           |       and|   0|  0|   2|           1|           1|
    |and_ln105_76_fu_6857_p2           |       and|   0|  0|   2|           1|           1|
    |and_ln105_77_fu_6935_p2           |       and|   0|  0|   2|           1|           1|
    |and_ln105_78_fu_7013_p2           |       and|   0|  0|   2|           1|           1|
    |and_ln105_79_fu_7091_p2           |       and|   0|  0|   2|           1|           1|
    |and_ln105_7_fu_5197_p2            |       and|   0|  0|   2|           1|           1|
    |and_ln105_80_fu_7169_p2           |       and|   0|  0|   2|           1|           1|
    |and_ln105_81_fu_7247_p2           |       and|   0|  0|   2|           1|           1|
    |and_ln105_82_fu_7325_p2           |       and|   0|  0|   2|           1|           1|
    |and_ln105_83_fu_7403_p2           |       and|   0|  0|   2|           1|           1|
    |and_ln105_84_fu_7481_p2           |       and|   0|  0|   2|           1|           1|
    |and_ln105_85_fu_7559_p2           |       and|   0|  0|   2|           1|           1|
    |and_ln105_86_fu_7637_p2           |       and|   0|  0|   2|           1|           1|
    |and_ln105_87_fu_7715_p2           |       and|   0|  0|   2|           1|           1|
    |and_ln105_88_fu_7793_p2           |       and|   0|  0|   2|           1|           1|
    |and_ln105_89_fu_7871_p2           |       and|   0|  0|   2|           1|           1|
    |and_ln105_8_fu_5275_p2            |       and|   0|  0|   2|           1|           1|
    |and_ln105_90_fu_7949_p2           |       and|   0|  0|   2|           1|           1|
    |and_ln105_91_fu_8027_p2           |       and|   0|  0|   2|           1|           1|
    |and_ln105_92_fu_8105_p2           |       and|   0|  0|   2|           1|           1|
    |and_ln105_93_fu_8183_p2           |       and|   0|  0|   2|           1|           1|
    |and_ln105_94_fu_8261_p2           |       and|   0|  0|   2|           1|           1|
    |and_ln105_95_fu_8339_p2           |       and|   0|  0|   2|           1|           1|
    |and_ln105_9_fu_5353_p2            |       and|   0|  0|   2|           1|           1|
    |and_ln105_fu_4651_p2              |       and|   0|  0|   2|           1|           1|
    |ap_block_state3_pp0_stage0_iter2  |       and|   0|  0|   2|           1|           1|
    |ap_condition_605                  |       and|   0|  0|   2|           1|           1|
    |icmp_ln103_10_fu_1801_p2          |      icmp|   0|  0|  24|          17|          17|
    |icmp_ln103_11_fu_1869_p2          |      icmp|   0|  0|  24|          17|          17|
    |icmp_ln103_12_fu_1937_p2          |      icmp|   0|  0|  24|          17|          17|
    |icmp_ln103_13_fu_2005_p2          |      icmp|   0|  0|  24|          17|          17|
    |icmp_ln103_14_fu_2073_p2          |      icmp|   0|  0|  24|          17|          17|
    |icmp_ln103_15_fu_2141_p2          |      icmp|   0|  0|  24|          17|          17|
    |icmp_ln103_16_fu_2209_p2          |      icmp|   0|  0|  24|          17|          17|
    |icmp_ln103_17_fu_2277_p2          |      icmp|   0|  0|  24|          17|          17|
    |icmp_ln103_18_fu_2345_p2          |      icmp|   0|  0|  24|          17|          17|
    |icmp_ln103_19_fu_2413_p2          |      icmp|   0|  0|  24|          17|          17|
    |icmp_ln103_1_fu_1189_p2           |      icmp|   0|  0|  24|          17|          17|
    |icmp_ln103_20_fu_2481_p2          |      icmp|   0|  0|  24|          17|          17|
    |icmp_ln103_21_fu_2549_p2          |      icmp|   0|  0|  24|          17|          17|
    |icmp_ln103_22_fu_2617_p2          |      icmp|   0|  0|  24|          17|          17|
    |icmp_ln103_23_fu_2685_p2          |      icmp|   0|  0|  24|          17|          17|
    |icmp_ln103_24_fu_2753_p2          |      icmp|   0|  0|  24|          17|          17|
    |icmp_ln103_25_fu_2821_p2          |      icmp|   0|  0|  24|          17|          17|
    |icmp_ln103_26_fu_2889_p2          |      icmp|   0|  0|  24|          17|          17|
    |icmp_ln103_27_fu_2957_p2          |      icmp|   0|  0|  24|          17|          17|
    |icmp_ln103_28_fu_3025_p2          |      icmp|   0|  0|  24|          17|          17|
    |icmp_ln103_29_fu_3093_p2          |      icmp|   0|  0|  24|          17|          17|
    |icmp_ln103_2_fu_1257_p2           |      icmp|   0|  0|  24|          17|          17|
    |icmp_ln103_30_fu_3161_p2          |      icmp|   0|  0|  24|          17|          17|
    |icmp_ln103_31_fu_3229_p2          |      icmp|   0|  0|  24|          17|          17|
    |icmp_ln103_32_fu_3297_p2          |      icmp|   0|  0|  24|          17|          17|
    |icmp_ln103_33_fu_3365_p2          |      icmp|   0|  0|  24|          17|          17|
    |icmp_ln103_34_fu_3433_p2          |      icmp|   0|  0|  24|          17|          17|
    |icmp_ln103_35_fu_3501_p2          |      icmp|   0|  0|  24|          17|          17|
    |icmp_ln103_36_fu_3569_p2          |      icmp|   0|  0|  24|          17|          17|
    |icmp_ln103_37_fu_3637_p2          |      icmp|   0|  0|  24|          17|          17|
    |icmp_ln103_38_fu_3705_p2          |      icmp|   0|  0|  24|          17|          17|
    |icmp_ln103_39_fu_3773_p2          |      icmp|   0|  0|  24|          17|          17|
    |icmp_ln103_3_fu_1325_p2           |      icmp|   0|  0|  24|          17|          17|
    |icmp_ln103_40_fu_3841_p2          |      icmp|   0|  0|  24|          17|          17|
    |icmp_ln103_41_fu_3909_p2          |      icmp|   0|  0|  24|          17|          17|
    |icmp_ln103_42_fu_3977_p2          |      icmp|   0|  0|  24|          17|          17|
    |icmp_ln103_43_fu_4045_p2          |      icmp|   0|  0|  24|          17|          17|
    |icmp_ln103_44_fu_4113_p2          |      icmp|   0|  0|  24|          17|          17|
    |icmp_ln103_45_fu_4181_p2          |      icmp|   0|  0|  24|          17|          17|
    |icmp_ln103_46_fu_4249_p2          |      icmp|   0|  0|  24|          17|          17|
    |icmp_ln103_47_fu_4317_p2          |      icmp|   0|  0|  24|          17|          17|
    |icmp_ln103_4_fu_1393_p2           |      icmp|   0|  0|  24|          17|          17|
    |icmp_ln103_5_fu_1461_p2           |      icmp|   0|  0|  24|          17|          17|
    |icmp_ln103_6_fu_1529_p2           |      icmp|   0|  0|  24|          17|          17|
    |icmp_ln103_7_fu_1597_p2           |      icmp|   0|  0|  24|          17|          17|
    |icmp_ln103_8_fu_1665_p2           |      icmp|   0|  0|  24|          17|          17|
    |icmp_ln103_9_fu_1733_p2           |      icmp|   0|  0|  24|          17|          17|
    |icmp_ln103_fu_1121_p2             |      icmp|   0|  0|  24|          17|          17|
    |icmp_ln105_10_fu_1517_p2          |      icmp|   0|  0|  10|           3|           2|
    |icmp_ln105_11_fu_1523_p2          |      icmp|   0|  0|  10|           3|           1|
    |icmp_ln105_12_fu_1585_p2          |      icmp|   0|  0|  10|           3|           2|
    |icmp_ln105_13_fu_1591_p2          |      icmp|   0|  0|  10|           3|           1|
    |icmp_ln105_14_fu_1653_p2          |      icmp|   0|  0|  10|           3|           2|
    |icmp_ln105_15_fu_1659_p2          |      icmp|   0|  0|  10|           3|           1|
    |icmp_ln105_16_fu_1721_p2          |      icmp|   0|  0|  10|           3|           2|
    |icmp_ln105_17_fu_1727_p2          |      icmp|   0|  0|  10|           3|           1|
    |icmp_ln105_18_fu_1789_p2          |      icmp|   0|  0|  10|           3|           2|
    |icmp_ln105_19_fu_1795_p2          |      icmp|   0|  0|  10|           3|           1|
    |icmp_ln105_1_fu_1183_p2           |      icmp|   0|  0|  10|           3|           1|
    |icmp_ln105_20_fu_1857_p2          |      icmp|   0|  0|  10|           3|           2|
    |icmp_ln105_21_fu_1863_p2          |      icmp|   0|  0|  10|           3|           1|
    |icmp_ln105_22_fu_1925_p2          |      icmp|   0|  0|  10|           3|           2|
    |icmp_ln105_23_fu_1931_p2          |      icmp|   0|  0|  10|           3|           1|
    |icmp_ln105_24_fu_1993_p2          |      icmp|   0|  0|  10|           3|           2|
    |icmp_ln105_25_fu_1999_p2          |      icmp|   0|  0|  10|           3|           1|
    |icmp_ln105_26_fu_2061_p2          |      icmp|   0|  0|  10|           3|           2|
    |icmp_ln105_27_fu_2067_p2          |      icmp|   0|  0|  10|           3|           1|
    |icmp_ln105_28_fu_2129_p2          |      icmp|   0|  0|  10|           3|           2|
    |icmp_ln105_29_fu_2135_p2          |      icmp|   0|  0|  10|           3|           1|
    |icmp_ln105_2_fu_1245_p2           |      icmp|   0|  0|  10|           3|           2|
    |icmp_ln105_30_fu_2197_p2          |      icmp|   0|  0|  10|           3|           2|
    |icmp_ln105_31_fu_2203_p2          |      icmp|   0|  0|  10|           3|           1|
    |icmp_ln105_32_fu_2265_p2          |      icmp|   0|  0|  10|           3|           2|
    |icmp_ln105_33_fu_2271_p2          |      icmp|   0|  0|  10|           3|           1|
    |icmp_ln105_34_fu_2333_p2          |      icmp|   0|  0|  10|           3|           2|
    |icmp_ln105_35_fu_2339_p2          |      icmp|   0|  0|  10|           3|           1|
    |icmp_ln105_36_fu_2401_p2          |      icmp|   0|  0|  10|           3|           2|
    |icmp_ln105_37_fu_2407_p2          |      icmp|   0|  0|  10|           3|           1|
    |icmp_ln105_38_fu_2469_p2          |      icmp|   0|  0|  10|           3|           2|
    |icmp_ln105_39_fu_2475_p2          |      icmp|   0|  0|  10|           3|           1|
    |icmp_ln105_3_fu_1251_p2           |      icmp|   0|  0|  10|           3|           1|
    |icmp_ln105_40_fu_2537_p2          |      icmp|   0|  0|  10|           3|           2|
    |icmp_ln105_41_fu_2543_p2          |      icmp|   0|  0|  10|           3|           1|
    |icmp_ln105_42_fu_2605_p2          |      icmp|   0|  0|  10|           3|           2|
    |icmp_ln105_43_fu_2611_p2          |      icmp|   0|  0|  10|           3|           1|
    |icmp_ln105_44_fu_2673_p2          |      icmp|   0|  0|  10|           3|           2|
    |icmp_ln105_45_fu_2679_p2          |      icmp|   0|  0|  10|           3|           1|
    |icmp_ln105_46_fu_2741_p2          |      icmp|   0|  0|  10|           3|           2|
    |icmp_ln105_47_fu_2747_p2          |      icmp|   0|  0|  10|           3|           1|
    |icmp_ln105_48_fu_2809_p2          |      icmp|   0|  0|  10|           3|           2|
    |icmp_ln105_49_fu_2815_p2          |      icmp|   0|  0|  10|           3|           1|
    |icmp_ln105_4_fu_1313_p2           |      icmp|   0|  0|  10|           3|           2|
    |icmp_ln105_50_fu_2877_p2          |      icmp|   0|  0|  10|           3|           2|
    |icmp_ln105_51_fu_2883_p2          |      icmp|   0|  0|  10|           3|           1|
    |icmp_ln105_52_fu_2945_p2          |      icmp|   0|  0|  10|           3|           2|
    |icmp_ln105_53_fu_2951_p2          |      icmp|   0|  0|  10|           3|           1|
    |icmp_ln105_54_fu_3013_p2          |      icmp|   0|  0|  10|           3|           2|
    |icmp_ln105_55_fu_3019_p2          |      icmp|   0|  0|  10|           3|           1|
    |icmp_ln105_56_fu_3081_p2          |      icmp|   0|  0|  10|           3|           2|
    |icmp_ln105_57_fu_3087_p2          |      icmp|   0|  0|  10|           3|           1|
    |icmp_ln105_58_fu_3149_p2          |      icmp|   0|  0|  10|           3|           2|
    |icmp_ln105_59_fu_3155_p2          |      icmp|   0|  0|  10|           3|           1|
    |icmp_ln105_5_fu_1319_p2           |      icmp|   0|  0|  10|           3|           1|
    |icmp_ln105_60_fu_3217_p2          |      icmp|   0|  0|  10|           3|           2|
    |icmp_ln105_61_fu_3223_p2          |      icmp|   0|  0|  10|           3|           1|
    |icmp_ln105_62_fu_3285_p2          |      icmp|   0|  0|  10|           3|           2|
    |icmp_ln105_63_fu_3291_p2          |      icmp|   0|  0|  10|           3|           1|
    |icmp_ln105_64_fu_3353_p2          |      icmp|   0|  0|  10|           3|           2|
    |icmp_ln105_65_fu_3359_p2          |      icmp|   0|  0|  10|           3|           1|
    |icmp_ln105_66_fu_3421_p2          |      icmp|   0|  0|  10|           3|           2|
    |icmp_ln105_67_fu_3427_p2          |      icmp|   0|  0|  10|           3|           1|
    |icmp_ln105_68_fu_3489_p2          |      icmp|   0|  0|  10|           3|           2|
    |icmp_ln105_69_fu_3495_p2          |      icmp|   0|  0|  10|           3|           1|
    |icmp_ln105_6_fu_1381_p2           |      icmp|   0|  0|  10|           3|           2|
    |icmp_ln105_70_fu_3557_p2          |      icmp|   0|  0|  10|           3|           2|
    |icmp_ln105_71_fu_3563_p2          |      icmp|   0|  0|  10|           3|           1|
    |icmp_ln105_72_fu_3625_p2          |      icmp|   0|  0|  10|           3|           2|
    |icmp_ln105_73_fu_3631_p2          |      icmp|   0|  0|  10|           3|           1|
    |icmp_ln105_74_fu_3693_p2          |      icmp|   0|  0|  10|           3|           2|
    |icmp_ln105_75_fu_3699_p2          |      icmp|   0|  0|  10|           3|           1|
    |icmp_ln105_76_fu_3761_p2          |      icmp|   0|  0|  10|           3|           2|
    |icmp_ln105_77_fu_3767_p2          |      icmp|   0|  0|  10|           3|           1|
    |icmp_ln105_78_fu_3829_p2          |      icmp|   0|  0|  10|           3|           2|
    |icmp_ln105_79_fu_3835_p2          |      icmp|   0|  0|  10|           3|           1|
    |icmp_ln105_7_fu_1387_p2           |      icmp|   0|  0|  10|           3|           1|
    |icmp_ln105_80_fu_3897_p2          |      icmp|   0|  0|  10|           3|           2|
    |icmp_ln105_81_fu_3903_p2          |      icmp|   0|  0|  10|           3|           1|
    |icmp_ln105_82_fu_3965_p2          |      icmp|   0|  0|  10|           3|           2|
    |icmp_ln105_83_fu_3971_p2          |      icmp|   0|  0|  10|           3|           1|
    |icmp_ln105_84_fu_4033_p2          |      icmp|   0|  0|  10|           3|           2|
    |icmp_ln105_85_fu_4039_p2          |      icmp|   0|  0|  10|           3|           1|
    |icmp_ln105_86_fu_4101_p2          |      icmp|   0|  0|  10|           3|           2|
    |icmp_ln105_87_fu_4107_p2          |      icmp|   0|  0|  10|           3|           1|
    |icmp_ln105_88_fu_4169_p2          |      icmp|   0|  0|  10|           3|           2|
    |icmp_ln105_89_fu_4175_p2          |      icmp|   0|  0|  10|           3|           1|
    |icmp_ln105_8_fu_1449_p2           |      icmp|   0|  0|  10|           3|           2|
    |icmp_ln105_90_fu_4237_p2          |      icmp|   0|  0|  10|           3|           2|
    |icmp_ln105_91_fu_4243_p2          |      icmp|   0|  0|  10|           3|           1|
    |icmp_ln105_92_fu_4305_p2          |      icmp|   0|  0|  10|           3|           2|
    |icmp_ln105_93_fu_4311_p2          |      icmp|   0|  0|  10|           3|           1|
    |icmp_ln105_94_fu_4373_p2          |      icmp|   0|  0|  10|           3|           2|
    |icmp_ln105_95_fu_4379_p2          |      icmp|   0|  0|  10|           3|           1|
    |icmp_ln105_9_fu_1455_p2           |      icmp|   0|  0|  10|           3|           1|
    |icmp_ln105_fu_1177_p2             |      icmp|   0|  0|  10|           3|           2|
    |icmp_ln90_fu_473_p2               |      icmp|   0|  0|  12|           4|           3|
    |ap_block_pp0_stage0_01001         |        or|   0|  0|   2|           1|           1|
    |or_ln103_10_fu_1807_p2            |        or|   0|  0|   2|           1|           1|
    |or_ln103_11_fu_1875_p2            |        or|   0|  0|   2|           1|           1|
    |or_ln103_12_fu_1943_p2            |        or|   0|  0|   2|           1|           1|
    |or_ln103_13_fu_2011_p2            |        or|   0|  0|   2|           1|           1|
    |or_ln103_14_fu_2079_p2            |        or|   0|  0|   2|           1|           1|
    |or_ln103_15_fu_2147_p2            |        or|   0|  0|   2|           1|           1|
    |or_ln103_16_fu_2215_p2            |        or|   0|  0|   2|           1|           1|
    |or_ln103_17_fu_2283_p2            |        or|   0|  0|   2|           1|           1|
    |or_ln103_18_fu_2351_p2            |        or|   0|  0|   2|           1|           1|
    |or_ln103_19_fu_2419_p2            |        or|   0|  0|   2|           1|           1|
    |or_ln103_1_fu_1195_p2             |        or|   0|  0|   2|           1|           1|
    |or_ln103_20_fu_2487_p2            |        or|   0|  0|   2|           1|           1|
    |or_ln103_21_fu_2555_p2            |        or|   0|  0|   2|           1|           1|
    |or_ln103_22_fu_2623_p2            |        or|   0|  0|   2|           1|           1|
    |or_ln103_23_fu_2691_p2            |        or|   0|  0|   2|           1|           1|
    |or_ln103_24_fu_2759_p2            |        or|   0|  0|   2|           1|           1|
    |or_ln103_25_fu_2827_p2            |        or|   0|  0|   2|           1|           1|
    |or_ln103_26_fu_2895_p2            |        or|   0|  0|   2|           1|           1|
    |or_ln103_27_fu_2963_p2            |        or|   0|  0|   2|           1|           1|
    |or_ln103_28_fu_3031_p2            |        or|   0|  0|   2|           1|           1|
    |or_ln103_29_fu_3099_p2            |        or|   0|  0|   2|           1|           1|
    |or_ln103_2_fu_1263_p2             |        or|   0|  0|   2|           1|           1|
    |or_ln103_30_fu_3167_p2            |        or|   0|  0|   2|           1|           1|
    |or_ln103_31_fu_3235_p2            |        or|   0|  0|   2|           1|           1|
    |or_ln103_32_fu_3303_p2            |        or|   0|  0|   2|           1|           1|
    |or_ln103_33_fu_3371_p2            |        or|   0|  0|   2|           1|           1|
    |or_ln103_34_fu_3439_p2            |        or|   0|  0|   2|           1|           1|
    |or_ln103_35_fu_3507_p2            |        or|   0|  0|   2|           1|           1|
    |or_ln103_36_fu_3575_p2            |        or|   0|  0|   2|           1|           1|
    |or_ln103_37_fu_3643_p2            |        or|   0|  0|   2|           1|           1|
    |or_ln103_38_fu_3711_p2            |        or|   0|  0|   2|           1|           1|
    |or_ln103_39_fu_3779_p2            |        or|   0|  0|   2|           1|           1|
    |or_ln103_3_fu_1331_p2             |        or|   0|  0|   2|           1|           1|
    |or_ln103_40_fu_3847_p2            |        or|   0|  0|   2|           1|           1|
    |or_ln103_41_fu_3915_p2            |        or|   0|  0|   2|           1|           1|
    |or_ln103_42_fu_3983_p2            |        or|   0|  0|   2|           1|           1|
    |or_ln103_43_fu_4051_p2            |        or|   0|  0|   2|           1|           1|
    |or_ln103_44_fu_4119_p2            |        or|   0|  0|   2|           1|           1|
    |or_ln103_45_fu_4187_p2            |        or|   0|  0|   2|           1|           1|
    |or_ln103_46_fu_4255_p2            |        or|   0|  0|   2|           1|           1|
    |or_ln103_47_fu_4323_p2            |        or|   0|  0|   2|           1|           1|
    |or_ln103_4_fu_1399_p2             |        or|   0|  0|   2|           1|           1|
    |or_ln103_5_fu_1467_p2             |        or|   0|  0|   2|           1|           1|
    |or_ln103_6_fu_1535_p2             |        or|   0|  0|   2|           1|           1|
    |or_ln103_7_fu_1603_p2             |        or|   0|  0|   2|           1|           1|
    |or_ln103_8_fu_1671_p2             |        or|   0|  0|   2|           1|           1|
    |or_ln103_9_fu_1739_p2             |        or|   0|  0|   2|           1|           1|
    |or_ln103_fu_1127_p2               |        or|   0|  0|   2|           1|           1|
    |or_ln105_10_fu_5051_p2            |        or|   0|  0|   2|           1|           1|
    |or_ln105_11_fu_5075_p2            |        or|   0|  0|   2|           1|           1|
    |or_ln105_12_fu_5129_p2            |        or|   0|  0|   2|           1|           1|
    |or_ln105_13_fu_5153_p2            |        or|   0|  0|   2|           1|           1|
    |or_ln105_14_fu_5207_p2            |        or|   0|  0|   2|           1|           1|
    |or_ln105_15_fu_5231_p2            |        or|   0|  0|   2|           1|           1|
    |or_ln105_16_fu_5285_p2            |        or|   0|  0|   2|           1|           1|
    |or_ln105_17_fu_5309_p2            |        or|   0|  0|   2|           1|           1|
    |or_ln105_18_fu_5363_p2            |        or|   0|  0|   2|           1|           1|
    |or_ln105_19_fu_5387_p2            |        or|   0|  0|   2|           1|           1|
    |or_ln105_1_fu_4685_p2             |        or|   0|  0|   2|           1|           1|
    |or_ln105_20_fu_5441_p2            |        or|   0|  0|   2|           1|           1|
    |or_ln105_21_fu_5465_p2            |        or|   0|  0|   2|           1|           1|
    |or_ln105_22_fu_5519_p2            |        or|   0|  0|   2|           1|           1|
    |or_ln105_23_fu_5543_p2            |        or|   0|  0|   2|           1|           1|
    |or_ln105_24_fu_5597_p2            |        or|   0|  0|   2|           1|           1|
    |or_ln105_25_fu_5621_p2            |        or|   0|  0|   2|           1|           1|
    |or_ln105_26_fu_5675_p2            |        or|   0|  0|   2|           1|           1|
    |or_ln105_27_fu_5699_p2            |        or|   0|  0|   2|           1|           1|
    |or_ln105_28_fu_5753_p2            |        or|   0|  0|   2|           1|           1|
    |or_ln105_29_fu_5777_p2            |        or|   0|  0|   2|           1|           1|
    |or_ln105_2_fu_4739_p2             |        or|   0|  0|   2|           1|           1|
    |or_ln105_30_fu_5831_p2            |        or|   0|  0|   2|           1|           1|
    |or_ln105_31_fu_5855_p2            |        or|   0|  0|   2|           1|           1|
    |or_ln105_32_fu_5909_p2            |        or|   0|  0|   2|           1|           1|
    |or_ln105_33_fu_5933_p2            |        or|   0|  0|   2|           1|           1|
    |or_ln105_34_fu_5987_p2            |        or|   0|  0|   2|           1|           1|
    |or_ln105_35_fu_6011_p2            |        or|   0|  0|   2|           1|           1|
    |or_ln105_36_fu_6065_p2            |        or|   0|  0|   2|           1|           1|
    |or_ln105_37_fu_6089_p2            |        or|   0|  0|   2|           1|           1|
    |or_ln105_38_fu_6143_p2            |        or|   0|  0|   2|           1|           1|
    |or_ln105_39_fu_6167_p2            |        or|   0|  0|   2|           1|           1|
    |or_ln105_3_fu_4763_p2             |        or|   0|  0|   2|           1|           1|
    |or_ln105_40_fu_6221_p2            |        or|   0|  0|   2|           1|           1|
    |or_ln105_41_fu_6245_p2            |        or|   0|  0|   2|           1|           1|
    |or_ln105_42_fu_6299_p2            |        or|   0|  0|   2|           1|           1|
    |or_ln105_43_fu_6323_p2            |        or|   0|  0|   2|           1|           1|
    |or_ln105_44_fu_6377_p2            |        or|   0|  0|   2|           1|           1|
    |or_ln105_45_fu_6401_p2            |        or|   0|  0|   2|           1|           1|
    |or_ln105_46_fu_6455_p2            |        or|   0|  0|   2|           1|           1|
    |or_ln105_47_fu_6479_p2            |        or|   0|  0|   2|           1|           1|
    |or_ln105_48_fu_6533_p2            |        or|   0|  0|   2|           1|           1|
    |or_ln105_49_fu_6557_p2            |        or|   0|  0|   2|           1|           1|
    |or_ln105_4_fu_4817_p2             |        or|   0|  0|   2|           1|           1|
    |or_ln105_50_fu_6611_p2            |        or|   0|  0|   2|           1|           1|
    |or_ln105_51_fu_6635_p2            |        or|   0|  0|   2|           1|           1|
    |or_ln105_52_fu_6689_p2            |        or|   0|  0|   2|           1|           1|
    |or_ln105_53_fu_6713_p2            |        or|   0|  0|   2|           1|           1|
    |or_ln105_54_fu_6767_p2            |        or|   0|  0|   2|           1|           1|
    |or_ln105_55_fu_6791_p2            |        or|   0|  0|   2|           1|           1|
    |or_ln105_56_fu_6845_p2            |        or|   0|  0|   2|           1|           1|
    |or_ln105_57_fu_6869_p2            |        or|   0|  0|   2|           1|           1|
    |or_ln105_58_fu_6923_p2            |        or|   0|  0|   2|           1|           1|
    |or_ln105_59_fu_6947_p2            |        or|   0|  0|   2|           1|           1|
    |or_ln105_5_fu_4841_p2             |        or|   0|  0|   2|           1|           1|
    |or_ln105_60_fu_7001_p2            |        or|   0|  0|   2|           1|           1|
    |or_ln105_61_fu_7025_p2            |        or|   0|  0|   2|           1|           1|
    |or_ln105_62_fu_7079_p2            |        or|   0|  0|   2|           1|           1|
    |or_ln105_63_fu_7103_p2            |        or|   0|  0|   2|           1|           1|
    |or_ln105_64_fu_7157_p2            |        or|   0|  0|   2|           1|           1|
    |or_ln105_65_fu_7181_p2            |        or|   0|  0|   2|           1|           1|
    |or_ln105_66_fu_7235_p2            |        or|   0|  0|   2|           1|           1|
    |or_ln105_67_fu_7259_p2            |        or|   0|  0|   2|           1|           1|
    |or_ln105_68_fu_7313_p2            |        or|   0|  0|   2|           1|           1|
    |or_ln105_69_fu_7337_p2            |        or|   0|  0|   2|           1|           1|
    |or_ln105_6_fu_4895_p2             |        or|   0|  0|   2|           1|           1|
    |or_ln105_70_fu_7391_p2            |        or|   0|  0|   2|           1|           1|
    |or_ln105_71_fu_7415_p2            |        or|   0|  0|   2|           1|           1|
    |or_ln105_72_fu_7469_p2            |        or|   0|  0|   2|           1|           1|
    |or_ln105_73_fu_7493_p2            |        or|   0|  0|   2|           1|           1|
    |or_ln105_74_fu_7547_p2            |        or|   0|  0|   2|           1|           1|
    |or_ln105_75_fu_7571_p2            |        or|   0|  0|   2|           1|           1|
    |or_ln105_76_fu_7625_p2            |        or|   0|  0|   2|           1|           1|
    |or_ln105_77_fu_7649_p2            |        or|   0|  0|   2|           1|           1|
    |or_ln105_78_fu_7703_p2            |        or|   0|  0|   2|           1|           1|
    |or_ln105_79_fu_7727_p2            |        or|   0|  0|   2|           1|           1|
    |or_ln105_7_fu_4919_p2             |        or|   0|  0|   2|           1|           1|
    |or_ln105_80_fu_7781_p2            |        or|   0|  0|   2|           1|           1|
    |or_ln105_81_fu_7805_p2            |        or|   0|  0|   2|           1|           1|
    |or_ln105_82_fu_7859_p2            |        or|   0|  0|   2|           1|           1|
    |or_ln105_83_fu_7883_p2            |        or|   0|  0|   2|           1|           1|
    |or_ln105_84_fu_7937_p2            |        or|   0|  0|   2|           1|           1|
    |or_ln105_85_fu_7961_p2            |        or|   0|  0|   2|           1|           1|
    |or_ln105_86_fu_8015_p2            |        or|   0|  0|   2|           1|           1|
    |or_ln105_87_fu_8039_p2            |        or|   0|  0|   2|           1|           1|
    |or_ln105_88_fu_8093_p2            |        or|   0|  0|   2|           1|           1|
    |or_ln105_89_fu_8117_p2            |        or|   0|  0|   2|           1|           1|
    |or_ln105_8_fu_4973_p2             |        or|   0|  0|   2|           1|           1|
    |or_ln105_90_fu_8171_p2            |        or|   0|  0|   2|           1|           1|
    |or_ln105_91_fu_8195_p2            |        or|   0|  0|   2|           1|           1|
    |or_ln105_92_fu_8249_p2            |        or|   0|  0|   2|           1|           1|
    |or_ln105_93_fu_8273_p2            |        or|   0|  0|   2|           1|           1|
    |or_ln105_94_fu_8327_p2            |        or|   0|  0|   2|           1|           1|
    |or_ln105_95_fu_8351_p2            |        or|   0|  0|   2|           1|           1|
    |or_ln105_9_fu_4997_p2             |        or|   0|  0|   2|           1|           1|
    |or_ln105_fu_4661_p2               |        or|   0|  0|   2|           1|           1|
    |maxima_48_fu_1133_p3              |    select|   0|  0|  17|           1|          17|
    |maxima_49_fu_1201_p3              |    select|   0|  0|  17|           1|          17|
    |maxima_50_fu_1269_p3              |    select|   0|  0|  17|           1|          17|
    |maxima_51_fu_1337_p3              |    select|   0|  0|  17|           1|          17|
    |maxima_52_fu_1405_p3              |    select|   0|  0|  17|           1|          17|
    |maxima_53_fu_1473_p3              |    select|   0|  0|  17|           1|          17|
    |maxima_54_fu_1541_p3              |    select|   0|  0|  17|           1|          17|
    |maxima_55_fu_1609_p3              |    select|   0|  0|  17|           1|          17|
    |maxima_56_fu_1677_p3              |    select|   0|  0|  17|           1|          17|
    |maxima_57_fu_1745_p3              |    select|   0|  0|  17|           1|          17|
    |maxima_58_fu_1813_p3              |    select|   0|  0|  17|           1|          17|
    |maxima_59_fu_1881_p3              |    select|   0|  0|  17|           1|          17|
    |maxima_60_fu_1949_p3              |    select|   0|  0|  17|           1|          17|
    |maxima_61_fu_2017_p3              |    select|   0|  0|  17|           1|          17|
    |maxima_62_fu_2085_p3              |    select|   0|  0|  17|           1|          17|
    |maxima_63_fu_2153_p3              |    select|   0|  0|  17|           1|          17|
    |maxima_64_fu_2221_p3              |    select|   0|  0|  17|           1|          17|
    |maxima_65_fu_2289_p3              |    select|   0|  0|  17|           1|          17|
    |maxima_66_fu_2357_p3              |    select|   0|  0|  17|           1|          17|
    |maxima_67_fu_2425_p3              |    select|   0|  0|  17|           1|          17|
    |maxima_68_fu_2493_p3              |    select|   0|  0|  17|           1|          17|
    |maxima_69_fu_2561_p3              |    select|   0|  0|  17|           1|          17|
    |maxima_70_fu_2629_p3              |    select|   0|  0|  17|           1|          17|
    |maxima_71_fu_2697_p3              |    select|   0|  0|  17|           1|          17|
    |maxima_72_fu_2765_p3              |    select|   0|  0|  17|           1|          17|
    |maxima_73_fu_2833_p3              |    select|   0|  0|  17|           1|          17|
    |maxima_74_fu_2901_p3              |    select|   0|  0|  17|           1|          17|
    |maxima_75_fu_2969_p3              |    select|   0|  0|  17|           1|          17|
    |maxima_76_fu_3037_p3              |    select|   0|  0|  17|           1|          17|
    |maxima_77_fu_3105_p3              |    select|   0|  0|  17|           1|          17|
    |maxima_78_fu_3173_p3              |    select|   0|  0|  17|           1|          17|
    |maxima_79_fu_3241_p3              |    select|   0|  0|  17|           1|          17|
    |maxima_80_fu_3309_p3              |    select|   0|  0|  17|           1|          17|
    |maxima_81_fu_3377_p3              |    select|   0|  0|  17|           1|          17|
    |maxima_82_fu_3445_p3              |    select|   0|  0|  17|           1|          17|
    |maxima_83_fu_3513_p3              |    select|   0|  0|  17|           1|          17|
    |maxima_84_fu_3581_p3              |    select|   0|  0|  17|           1|          17|
    |maxima_85_fu_3649_p3              |    select|   0|  0|  17|           1|          17|
    |maxima_86_fu_3717_p3              |    select|   0|  0|  17|           1|          17|
    |maxima_87_fu_3785_p3              |    select|   0|  0|  17|           1|          17|
    |maxima_88_fu_3853_p3              |    select|   0|  0|  17|           1|          17|
    |maxima_89_fu_3921_p3              |    select|   0|  0|  17|           1|          17|
    |maxima_90_fu_3989_p3              |    select|   0|  0|  17|           1|          17|
    |maxima_91_fu_4057_p3              |    select|   0|  0|  17|           1|          17|
    |maxima_92_fu_4125_p3              |    select|   0|  0|  17|           1|          17|
    |maxima_93_fu_4193_p3              |    select|   0|  0|  17|           1|          17|
    |maxima_94_fu_4261_p3              |    select|   0|  0|  17|           1|          17|
    |maxima_95_fu_4329_p3              |    select|   0|  0|  17|           1|          17|
    |select_ln105_10_fu_5057_p3        |    select|   0|  0|   2|           1|           1|
    |select_ln105_11_fu_5081_p3        |    select|   0|  0|   9|           1|           2|
    |select_ln105_12_fu_5135_p3        |    select|   0|  0|   2|           1|           1|
    |select_ln105_13_fu_5159_p3        |    select|   0|  0|   9|           1|           2|
    |select_ln105_14_fu_5213_p3        |    select|   0|  0|   2|           1|           1|
    |select_ln105_15_fu_5237_p3        |    select|   0|  0|   9|           1|           2|
    |select_ln105_16_fu_5291_p3        |    select|   0|  0|   2|           1|           1|
    |select_ln105_17_fu_5315_p3        |    select|   0|  0|   9|           1|           2|
    |select_ln105_18_fu_5369_p3        |    select|   0|  0|   2|           1|           1|
    |select_ln105_19_fu_5393_p3        |    select|   0|  0|   9|           1|           2|
    |select_ln105_1_fu_4691_p3         |    select|   0|  0|   9|           1|           2|
    |select_ln105_20_fu_5447_p3        |    select|   0|  0|   2|           1|           1|
    |select_ln105_21_fu_5471_p3        |    select|   0|  0|   9|           1|           2|
    |select_ln105_22_fu_5525_p3        |    select|   0|  0|   2|           1|           1|
    |select_ln105_23_fu_5549_p3        |    select|   0|  0|   9|           1|           2|
    |select_ln105_24_fu_5603_p3        |    select|   0|  0|   2|           1|           1|
    |select_ln105_25_fu_5627_p3        |    select|   0|  0|   9|           1|           2|
    |select_ln105_26_fu_5681_p3        |    select|   0|  0|   2|           1|           1|
    |select_ln105_27_fu_5705_p3        |    select|   0|  0|   9|           1|           2|
    |select_ln105_28_fu_5759_p3        |    select|   0|  0|   2|           1|           1|
    |select_ln105_29_fu_5783_p3        |    select|   0|  0|   9|           1|           2|
    |select_ln105_2_fu_4745_p3         |    select|   0|  0|   2|           1|           1|
    |select_ln105_30_fu_5837_p3        |    select|   0|  0|   2|           1|           1|
    |select_ln105_31_fu_5861_p3        |    select|   0|  0|   9|           1|           2|
    |select_ln105_32_fu_5915_p3        |    select|   0|  0|   2|           1|           1|
    |select_ln105_33_fu_5939_p3        |    select|   0|  0|   9|           1|           2|
    |select_ln105_34_fu_5993_p3        |    select|   0|  0|   2|           1|           1|
    |select_ln105_35_fu_6017_p3        |    select|   0|  0|   9|           1|           2|
    |select_ln105_36_fu_6071_p3        |    select|   0|  0|   2|           1|           1|
    |select_ln105_37_fu_6095_p3        |    select|   0|  0|   9|           1|           2|
    |select_ln105_38_fu_6149_p3        |    select|   0|  0|   2|           1|           1|
    |select_ln105_39_fu_6173_p3        |    select|   0|  0|   9|           1|           2|
    |select_ln105_3_fu_4769_p3         |    select|   0|  0|   9|           1|           2|
    |select_ln105_40_fu_6227_p3        |    select|   0|  0|   2|           1|           1|
    |select_ln105_41_fu_6251_p3        |    select|   0|  0|   9|           1|           2|
    |select_ln105_42_fu_6305_p3        |    select|   0|  0|   2|           1|           1|
    |select_ln105_43_fu_6329_p3        |    select|   0|  0|   9|           1|           2|
    |select_ln105_44_fu_6383_p3        |    select|   0|  0|   2|           1|           1|
    |select_ln105_45_fu_6407_p3        |    select|   0|  0|   9|           1|           2|
    |select_ln105_46_fu_6461_p3        |    select|   0|  0|   2|           1|           1|
    |select_ln105_47_fu_6485_p3        |    select|   0|  0|   9|           1|           2|
    |select_ln105_48_fu_6539_p3        |    select|   0|  0|   2|           1|           1|
    |select_ln105_49_fu_6563_p3        |    select|   0|  0|   9|           1|           2|
    |select_ln105_4_fu_4823_p3         |    select|   0|  0|   2|           1|           1|
    |select_ln105_50_fu_6617_p3        |    select|   0|  0|   2|           1|           1|
    |select_ln105_51_fu_6641_p3        |    select|   0|  0|   9|           1|           2|
    |select_ln105_52_fu_6695_p3        |    select|   0|  0|   2|           1|           1|
    |select_ln105_53_fu_6719_p3        |    select|   0|  0|   9|           1|           2|
    |select_ln105_54_fu_6773_p3        |    select|   0|  0|   2|           1|           1|
    |select_ln105_55_fu_6797_p3        |    select|   0|  0|   9|           1|           2|
    |select_ln105_56_fu_6851_p3        |    select|   0|  0|   2|           1|           1|
    |select_ln105_57_fu_6875_p3        |    select|   0|  0|   9|           1|           2|
    |select_ln105_58_fu_6929_p3        |    select|   0|  0|   2|           1|           1|
    |select_ln105_59_fu_6953_p3        |    select|   0|  0|   9|           1|           2|
    |select_ln105_5_fu_4847_p3         |    select|   0|  0|   9|           1|           2|
    |select_ln105_60_fu_7007_p3        |    select|   0|  0|   2|           1|           1|
    |select_ln105_61_fu_7031_p3        |    select|   0|  0|   9|           1|           2|
    |select_ln105_62_fu_7085_p3        |    select|   0|  0|   2|           1|           1|
    |select_ln105_63_fu_7109_p3        |    select|   0|  0|   9|           1|           2|
    |select_ln105_64_fu_7163_p3        |    select|   0|  0|   2|           1|           1|
    |select_ln105_65_fu_7187_p3        |    select|   0|  0|   9|           1|           2|
    |select_ln105_66_fu_7241_p3        |    select|   0|  0|   2|           1|           1|
    |select_ln105_67_fu_7265_p3        |    select|   0|  0|   9|           1|           2|
    |select_ln105_68_fu_7319_p3        |    select|   0|  0|   2|           1|           1|
    |select_ln105_69_fu_7343_p3        |    select|   0|  0|   9|           1|           2|
    |select_ln105_6_fu_4901_p3         |    select|   0|  0|   2|           1|           1|
    |select_ln105_70_fu_7397_p3        |    select|   0|  0|   2|           1|           1|
    |select_ln105_71_fu_7421_p3        |    select|   0|  0|   9|           1|           2|
    |select_ln105_72_fu_7475_p3        |    select|   0|  0|   2|           1|           1|
    |select_ln105_73_fu_7499_p3        |    select|   0|  0|   9|           1|           2|
    |select_ln105_74_fu_7553_p3        |    select|   0|  0|   2|           1|           1|
    |select_ln105_75_fu_7577_p3        |    select|   0|  0|   9|           1|           2|
    |select_ln105_76_fu_7631_p3        |    select|   0|  0|   2|           1|           1|
    |select_ln105_77_fu_7655_p3        |    select|   0|  0|   9|           1|           2|
    |select_ln105_78_fu_7709_p3        |    select|   0|  0|   2|           1|           1|
    |select_ln105_79_fu_7733_p3        |    select|   0|  0|   9|           1|           2|
    |select_ln105_7_fu_4925_p3         |    select|   0|  0|   9|           1|           2|
    |select_ln105_80_fu_7787_p3        |    select|   0|  0|   2|           1|           1|
    |select_ln105_81_fu_7811_p3        |    select|   0|  0|   9|           1|           2|
    |select_ln105_82_fu_7865_p3        |    select|   0|  0|   2|           1|           1|
    |select_ln105_83_fu_7889_p3        |    select|   0|  0|   9|           1|           2|
    |select_ln105_84_fu_7943_p3        |    select|   0|  0|   2|           1|           1|
    |select_ln105_85_fu_7967_p3        |    select|   0|  0|   9|           1|           2|
    |select_ln105_86_fu_8021_p3        |    select|   0|  0|   2|           1|           1|
    |select_ln105_87_fu_8045_p3        |    select|   0|  0|   9|           1|           2|
    |select_ln105_88_fu_8099_p3        |    select|   0|  0|   2|           1|           1|
    |select_ln105_89_fu_8123_p3        |    select|   0|  0|   9|           1|           2|
    |select_ln105_8_fu_4979_p3         |    select|   0|  0|   2|           1|           1|
    |select_ln105_90_fu_8177_p3        |    select|   0|  0|   2|           1|           1|
    |select_ln105_91_fu_8201_p3        |    select|   0|  0|   9|           1|           2|
    |select_ln105_92_fu_8255_p3        |    select|   0|  0|   2|           1|           1|
    |select_ln105_93_fu_8279_p3        |    select|   0|  0|   9|           1|           2|
    |select_ln105_94_fu_8333_p3        |    select|   0|  0|   2|           1|           1|
    |select_ln105_95_fu_8357_p3        |    select|   0|  0|   9|           1|           2|
    |select_ln105_9_fu_5003_p3         |    select|   0|  0|   9|           1|           2|
    |select_ln105_fu_4667_p3           |    select|   0|  0|   2|           1|           1|
    |ap_enable_pp0                     |       xor|   0|  0|   2|           1|           2|
    |cmp11_fu_1116_p2                  |       xor|   0|  0|   2|           1|           2|
    |xor_ln105_100_fu_7230_p2          |       xor|   0|  0|   2|           1|           2|
    |xor_ln105_101_fu_7253_p2          |       xor|   0|  0|   2|           2|           1|
    |xor_ln105_102_fu_7297_p2          |       xor|   0|  0|   2|           1|           2|
    |xor_ln105_103_fu_7308_p2          |       xor|   0|  0|   2|           1|           2|
    |xor_ln105_104_fu_7331_p2          |       xor|   0|  0|   2|           2|           1|
    |xor_ln105_105_fu_7375_p2          |       xor|   0|  0|   2|           1|           2|
    |xor_ln105_106_fu_7386_p2          |       xor|   0|  0|   2|           1|           2|
    |xor_ln105_107_fu_7409_p2          |       xor|   0|  0|   2|           2|           1|
    |xor_ln105_108_fu_7453_p2          |       xor|   0|  0|   2|           1|           2|
    |xor_ln105_109_fu_7464_p2          |       xor|   0|  0|   2|           1|           2|
    |xor_ln105_10_fu_4890_p2           |       xor|   0|  0|   2|           1|           2|
    |xor_ln105_110_fu_7487_p2          |       xor|   0|  0|   2|           2|           1|
    |xor_ln105_111_fu_7531_p2          |       xor|   0|  0|   2|           1|           2|
    |xor_ln105_112_fu_7542_p2          |       xor|   0|  0|   2|           1|           2|
    |xor_ln105_113_fu_7565_p2          |       xor|   0|  0|   2|           2|           1|
    |xor_ln105_114_fu_7609_p2          |       xor|   0|  0|   2|           1|           2|
    |xor_ln105_115_fu_7620_p2          |       xor|   0|  0|   2|           1|           2|
    |xor_ln105_116_fu_7643_p2          |       xor|   0|  0|   2|           2|           1|
    |xor_ln105_117_fu_7687_p2          |       xor|   0|  0|   2|           1|           2|
    |xor_ln105_118_fu_7698_p2          |       xor|   0|  0|   2|           1|           2|
    |xor_ln105_119_fu_7721_p2          |       xor|   0|  0|   2|           2|           1|
    |xor_ln105_11_fu_4913_p2           |       xor|   0|  0|   2|           2|           1|
    |xor_ln105_120_fu_7765_p2          |       xor|   0|  0|   2|           1|           2|
    |xor_ln105_121_fu_7776_p2          |       xor|   0|  0|   2|           1|           2|
    |xor_ln105_122_fu_7799_p2          |       xor|   0|  0|   2|           2|           1|
    |xor_ln105_123_fu_7843_p2          |       xor|   0|  0|   2|           1|           2|
    |xor_ln105_124_fu_7854_p2          |       xor|   0|  0|   2|           1|           2|
    |xor_ln105_125_fu_7877_p2          |       xor|   0|  0|   2|           2|           1|
    |xor_ln105_126_fu_7921_p2          |       xor|   0|  0|   2|           1|           2|
    |xor_ln105_127_fu_7932_p2          |       xor|   0|  0|   2|           1|           2|
    |xor_ln105_128_fu_7955_p2          |       xor|   0|  0|   2|           2|           1|
    |xor_ln105_129_fu_7999_p2          |       xor|   0|  0|   2|           1|           2|
    |xor_ln105_12_fu_4957_p2           |       xor|   0|  0|   2|           1|           2|
    |xor_ln105_130_fu_8010_p2          |       xor|   0|  0|   2|           1|           2|
    |xor_ln105_131_fu_8033_p2          |       xor|   0|  0|   2|           2|           1|
    |xor_ln105_132_fu_8077_p2          |       xor|   0|  0|   2|           1|           2|
    |xor_ln105_133_fu_8088_p2          |       xor|   0|  0|   2|           1|           2|
    |xor_ln105_134_fu_8111_p2          |       xor|   0|  0|   2|           2|           1|
    |xor_ln105_135_fu_8155_p2          |       xor|   0|  0|   2|           1|           2|
    |xor_ln105_136_fu_8166_p2          |       xor|   0|  0|   2|           1|           2|
    |xor_ln105_137_fu_8189_p2          |       xor|   0|  0|   2|           2|           1|
    |xor_ln105_138_fu_8233_p2          |       xor|   0|  0|   2|           1|           2|
    |xor_ln105_139_fu_8244_p2          |       xor|   0|  0|   2|           1|           2|
    |xor_ln105_13_fu_4968_p2           |       xor|   0|  0|   2|           1|           2|
    |xor_ln105_140_fu_8267_p2          |       xor|   0|  0|   2|           2|           1|
    |xor_ln105_141_fu_8311_p2          |       xor|   0|  0|   2|           1|           2|
    |xor_ln105_142_fu_8322_p2          |       xor|   0|  0|   2|           1|           2|
    |xor_ln105_143_fu_8345_p2          |       xor|   0|  0|   2|           2|           1|
    |xor_ln105_14_fu_4991_p2           |       xor|   0|  0|   2|           2|           1|
    |xor_ln105_15_fu_5035_p2           |       xor|   0|  0|   2|           1|           2|
    |xor_ln105_16_fu_5046_p2           |       xor|   0|  0|   2|           1|           2|
    |xor_ln105_17_fu_5069_p2           |       xor|   0|  0|   2|           2|           1|
    |xor_ln105_18_fu_5113_p2           |       xor|   0|  0|   2|           1|           2|
    |xor_ln105_19_fu_5124_p2           |       xor|   0|  0|   2|           1|           2|
    |xor_ln105_1_fu_4656_p2            |       xor|   0|  0|   2|           1|           2|
    |xor_ln105_20_fu_5147_p2           |       xor|   0|  0|   2|           2|           1|
    |xor_ln105_21_fu_5191_p2           |       xor|   0|  0|   2|           1|           2|
    |xor_ln105_22_fu_5202_p2           |       xor|   0|  0|   2|           1|           2|
    |xor_ln105_23_fu_5225_p2           |       xor|   0|  0|   2|           2|           1|
    |xor_ln105_24_fu_5269_p2           |       xor|   0|  0|   2|           1|           2|
    |xor_ln105_25_fu_5280_p2           |       xor|   0|  0|   2|           1|           2|
    |xor_ln105_26_fu_5303_p2           |       xor|   0|  0|   2|           2|           1|
    |xor_ln105_27_fu_5347_p2           |       xor|   0|  0|   2|           1|           2|
    |xor_ln105_28_fu_5358_p2           |       xor|   0|  0|   2|           1|           2|
    |xor_ln105_29_fu_5381_p2           |       xor|   0|  0|   2|           2|           1|
    |xor_ln105_2_fu_4679_p2            |       xor|   0|  0|   2|           2|           1|
    |xor_ln105_30_fu_5425_p2           |       xor|   0|  0|   2|           1|           2|
    |xor_ln105_31_fu_5436_p2           |       xor|   0|  0|   2|           1|           2|
    |xor_ln105_32_fu_5459_p2           |       xor|   0|  0|   2|           2|           1|
    |xor_ln105_33_fu_5503_p2           |       xor|   0|  0|   2|           1|           2|
    |xor_ln105_34_fu_5514_p2           |       xor|   0|  0|   2|           1|           2|
    |xor_ln105_35_fu_5537_p2           |       xor|   0|  0|   2|           2|           1|
    |xor_ln105_36_fu_5581_p2           |       xor|   0|  0|   2|           1|           2|
    |xor_ln105_37_fu_5592_p2           |       xor|   0|  0|   2|           1|           2|
    |xor_ln105_38_fu_5615_p2           |       xor|   0|  0|   2|           2|           1|
    |xor_ln105_39_fu_5659_p2           |       xor|   0|  0|   2|           1|           2|
    |xor_ln105_3_fu_4723_p2            |       xor|   0|  0|   2|           1|           2|
    |xor_ln105_40_fu_5670_p2           |       xor|   0|  0|   2|           1|           2|
    |xor_ln105_41_fu_5693_p2           |       xor|   0|  0|   2|           2|           1|
    |xor_ln105_42_fu_5737_p2           |       xor|   0|  0|   2|           1|           2|
    |xor_ln105_43_fu_5748_p2           |       xor|   0|  0|   2|           1|           2|
    |xor_ln105_44_fu_5771_p2           |       xor|   0|  0|   2|           2|           1|
    |xor_ln105_45_fu_5815_p2           |       xor|   0|  0|   2|           1|           2|
    |xor_ln105_46_fu_5826_p2           |       xor|   0|  0|   2|           1|           2|
    |xor_ln105_47_fu_5849_p2           |       xor|   0|  0|   2|           2|           1|
    |xor_ln105_48_fu_5893_p2           |       xor|   0|  0|   2|           1|           2|
    |xor_ln105_49_fu_5904_p2           |       xor|   0|  0|   2|           1|           2|
    |xor_ln105_4_fu_4734_p2            |       xor|   0|  0|   2|           1|           2|
    |xor_ln105_50_fu_5927_p2           |       xor|   0|  0|   2|           2|           1|
    |xor_ln105_51_fu_5971_p2           |       xor|   0|  0|   2|           1|           2|
    |xor_ln105_52_fu_5982_p2           |       xor|   0|  0|   2|           1|           2|
    |xor_ln105_53_fu_6005_p2           |       xor|   0|  0|   2|           2|           1|
    |xor_ln105_54_fu_6049_p2           |       xor|   0|  0|   2|           1|           2|
    |xor_ln105_55_fu_6060_p2           |       xor|   0|  0|   2|           1|           2|
    |xor_ln105_56_fu_6083_p2           |       xor|   0|  0|   2|           2|           1|
    |xor_ln105_57_fu_6127_p2           |       xor|   0|  0|   2|           1|           2|
    |xor_ln105_58_fu_6138_p2           |       xor|   0|  0|   2|           1|           2|
    |xor_ln105_59_fu_6161_p2           |       xor|   0|  0|   2|           2|           1|
    |xor_ln105_5_fu_4757_p2            |       xor|   0|  0|   2|           2|           1|
    |xor_ln105_60_fu_6205_p2           |       xor|   0|  0|   2|           1|           2|
    |xor_ln105_61_fu_6216_p2           |       xor|   0|  0|   2|           1|           2|
    |xor_ln105_62_fu_6239_p2           |       xor|   0|  0|   2|           2|           1|
    |xor_ln105_63_fu_6283_p2           |       xor|   0|  0|   2|           1|           2|
    |xor_ln105_64_fu_6294_p2           |       xor|   0|  0|   2|           1|           2|
    |xor_ln105_65_fu_6317_p2           |       xor|   0|  0|   2|           2|           1|
    |xor_ln105_66_fu_6361_p2           |       xor|   0|  0|   2|           1|           2|
    |xor_ln105_67_fu_6372_p2           |       xor|   0|  0|   2|           1|           2|
    |xor_ln105_68_fu_6395_p2           |       xor|   0|  0|   2|           2|           1|
    |xor_ln105_69_fu_6439_p2           |       xor|   0|  0|   2|           1|           2|
    |xor_ln105_6_fu_4801_p2            |       xor|   0|  0|   2|           1|           2|
    |xor_ln105_70_fu_6450_p2           |       xor|   0|  0|   2|           1|           2|
    |xor_ln105_71_fu_6473_p2           |       xor|   0|  0|   2|           2|           1|
    |xor_ln105_72_fu_6517_p2           |       xor|   0|  0|   2|           1|           2|
    |xor_ln105_73_fu_6528_p2           |       xor|   0|  0|   2|           1|           2|
    |xor_ln105_74_fu_6551_p2           |       xor|   0|  0|   2|           2|           1|
    |xor_ln105_75_fu_6595_p2           |       xor|   0|  0|   2|           1|           2|
    |xor_ln105_76_fu_6606_p2           |       xor|   0|  0|   2|           1|           2|
    |xor_ln105_77_fu_6629_p2           |       xor|   0|  0|   2|           2|           1|
    |xor_ln105_78_fu_6673_p2           |       xor|   0|  0|   2|           1|           2|
    |xor_ln105_79_fu_6684_p2           |       xor|   0|  0|   2|           1|           2|
    |xor_ln105_7_fu_4812_p2            |       xor|   0|  0|   2|           1|           2|
    |xor_ln105_80_fu_6707_p2           |       xor|   0|  0|   2|           2|           1|
    |xor_ln105_81_fu_6751_p2           |       xor|   0|  0|   2|           1|           2|
    |xor_ln105_82_fu_6762_p2           |       xor|   0|  0|   2|           1|           2|
    |xor_ln105_83_fu_6785_p2           |       xor|   0|  0|   2|           2|           1|
    |xor_ln105_84_fu_6829_p2           |       xor|   0|  0|   2|           1|           2|
    |xor_ln105_85_fu_6840_p2           |       xor|   0|  0|   2|           1|           2|
    |xor_ln105_86_fu_6863_p2           |       xor|   0|  0|   2|           2|           1|
    |xor_ln105_87_fu_6907_p2           |       xor|   0|  0|   2|           1|           2|
    |xor_ln105_88_fu_6918_p2           |       xor|   0|  0|   2|           1|           2|
    |xor_ln105_89_fu_6941_p2           |       xor|   0|  0|   2|           2|           1|
    |xor_ln105_8_fu_4835_p2            |       xor|   0|  0|   2|           2|           1|
    |xor_ln105_90_fu_6985_p2           |       xor|   0|  0|   2|           1|           2|
    |xor_ln105_91_fu_6996_p2           |       xor|   0|  0|   2|           1|           2|
    |xor_ln105_92_fu_7019_p2           |       xor|   0|  0|   2|           2|           1|
    |xor_ln105_93_fu_7063_p2           |       xor|   0|  0|   2|           1|           2|
    |xor_ln105_94_fu_7074_p2           |       xor|   0|  0|   2|           1|           2|
    |xor_ln105_95_fu_7097_p2           |       xor|   0|  0|   2|           2|           1|
    |xor_ln105_96_fu_7141_p2           |       xor|   0|  0|   2|           1|           2|
    |xor_ln105_97_fu_7152_p2           |       xor|   0|  0|   2|           1|           2|
    |xor_ln105_98_fu_7175_p2           |       xor|   0|  0|   2|           2|           1|
    |xor_ln105_99_fu_7219_p2           |       xor|   0|  0|   2|           1|           2|
    |xor_ln105_9_fu_4879_p2            |       xor|   0|  0|   2|           1|           2|
    |xor_ln105_fu_4645_p2              |       xor|   0|  0|   2|           1|           2|
    +----------------------------------+----------+----+---+----+------------+------------+
    |Total                             |          |   0|  0|5074|        2173|        2891|
    +----------------------------------+----------+----+---+----+------------+------------+

    * Multiplexer: 
    +-------------------------+----+-----------+-----+-----------+
    |           Name          | LUT| Input Size| Bits| Total Bits|
    +-------------------------+----+-----------+-----+-----------+
    |ap_done_int              |   9|          2|    1|          2|
    |ap_enable_reg_pp0_iter1  |   9|          2|    1|          2|
    |ap_sig_allocacmp_row     |   9|          2|    4|          8|
    |layer8_out_blk_n         |   9|          2|    1|          2|
    |layer9_out_blk_n         |   9|          2|    1|          2|
    |real_start               |   9|          2|    1|          2|
    |word_fu_256              |   9|          2|    4|          8|
    +-------------------------+----+-----------+-----+-----------+
    |Total                    |  63|         14|   13|         26|
    +-------------------------+----+-----------+-----+-----------+

    * Register: 
    +------------------------------------+----+----+-----+-----------+
    |                Name                | FF | LUT| Bits| Const Bits|
    +------------------------------------+----+----+-----+-----------+
    |ap_CS_fsm                           |   1|   0|    1|          0|
    |ap_done_reg                         |   1|   0|    1|          0|
    |ap_enable_reg_pp0_iter1             |   1|   0|    1|          0|
    |ap_enable_reg_pp0_iter2             |   1|   0|    1|          0|
    |ap_loop_exit_ready_pp0_iter1_reg    |   1|   0|    1|          0|
    |icmp_ln105_10_reg_8924              |   1|   0|    1|          0|
    |icmp_ln105_11_reg_8929              |   1|   0|    1|          0|
    |icmp_ln105_12_reg_8950              |   1|   0|    1|          0|
    |icmp_ln105_13_reg_8955              |   1|   0|    1|          0|
    |icmp_ln105_14_reg_8976              |   1|   0|    1|          0|
    |icmp_ln105_15_reg_8981              |   1|   0|    1|          0|
    |icmp_ln105_16_reg_9002              |   1|   0|    1|          0|
    |icmp_ln105_17_reg_9007              |   1|   0|    1|          0|
    |icmp_ln105_18_reg_9028              |   1|   0|    1|          0|
    |icmp_ln105_19_reg_9033              |   1|   0|    1|          0|
    |icmp_ln105_1_reg_8799               |   1|   0|    1|          0|
    |icmp_ln105_20_reg_9054              |   1|   0|    1|          0|
    |icmp_ln105_21_reg_9059              |   1|   0|    1|          0|
    |icmp_ln105_22_reg_9080              |   1|   0|    1|          0|
    |icmp_ln105_23_reg_9085              |   1|   0|    1|          0|
    |icmp_ln105_24_reg_9106              |   1|   0|    1|          0|
    |icmp_ln105_25_reg_9111              |   1|   0|    1|          0|
    |icmp_ln105_26_reg_9132              |   1|   0|    1|          0|
    |icmp_ln105_27_reg_9137              |   1|   0|    1|          0|
    |icmp_ln105_28_reg_9158              |   1|   0|    1|          0|
    |icmp_ln105_29_reg_9163              |   1|   0|    1|          0|
    |icmp_ln105_2_reg_8820               |   1|   0|    1|          0|
    |icmp_ln105_30_reg_9184              |   1|   0|    1|          0|
    |icmp_ln105_31_reg_9189              |   1|   0|    1|          0|
    |icmp_ln105_32_reg_9210              |   1|   0|    1|          0|
    |icmp_ln105_33_reg_9215              |   1|   0|    1|          0|
    |icmp_ln105_34_reg_9236              |   1|   0|    1|          0|
    |icmp_ln105_35_reg_9241              |   1|   0|    1|          0|
    |icmp_ln105_36_reg_9262              |   1|   0|    1|          0|
    |icmp_ln105_37_reg_9267              |   1|   0|    1|          0|
    |icmp_ln105_38_reg_9288              |   1|   0|    1|          0|
    |icmp_ln105_39_reg_9293              |   1|   0|    1|          0|
    |icmp_ln105_3_reg_8825               |   1|   0|    1|          0|
    |icmp_ln105_40_reg_9314              |   1|   0|    1|          0|
    |icmp_ln105_41_reg_9319              |   1|   0|    1|          0|
    |icmp_ln105_42_reg_9340              |   1|   0|    1|          0|
    |icmp_ln105_43_reg_9345              |   1|   0|    1|          0|
    |icmp_ln105_44_reg_9366              |   1|   0|    1|          0|
    |icmp_ln105_45_reg_9371              |   1|   0|    1|          0|
    |icmp_ln105_46_reg_9392              |   1|   0|    1|          0|
    |icmp_ln105_47_reg_9397              |   1|   0|    1|          0|
    |icmp_ln105_48_reg_9418              |   1|   0|    1|          0|
    |icmp_ln105_49_reg_9423              |   1|   0|    1|          0|
    |icmp_ln105_4_reg_8846               |   1|   0|    1|          0|
    |icmp_ln105_50_reg_9444              |   1|   0|    1|          0|
    |icmp_ln105_51_reg_9449              |   1|   0|    1|          0|
    |icmp_ln105_52_reg_9470              |   1|   0|    1|          0|
    |icmp_ln105_53_reg_9475              |   1|   0|    1|          0|
    |icmp_ln105_54_reg_9496              |   1|   0|    1|          0|
    |icmp_ln105_55_reg_9501              |   1|   0|    1|          0|
    |icmp_ln105_56_reg_9522              |   1|   0|    1|          0|
    |icmp_ln105_57_reg_9527              |   1|   0|    1|          0|
    |icmp_ln105_58_reg_9548              |   1|   0|    1|          0|
    |icmp_ln105_59_reg_9553              |   1|   0|    1|          0|
    |icmp_ln105_5_reg_8851               |   1|   0|    1|          0|
    |icmp_ln105_60_reg_9574              |   1|   0|    1|          0|
    |icmp_ln105_61_reg_9579              |   1|   0|    1|          0|
    |icmp_ln105_62_reg_9600              |   1|   0|    1|          0|
    |icmp_ln105_63_reg_9605              |   1|   0|    1|          0|
    |icmp_ln105_64_reg_9626              |   1|   0|    1|          0|
    |icmp_ln105_65_reg_9631              |   1|   0|    1|          0|
    |icmp_ln105_66_reg_9652              |   1|   0|    1|          0|
    |icmp_ln105_67_reg_9657              |   1|   0|    1|          0|
    |icmp_ln105_68_reg_9678              |   1|   0|    1|          0|
    |icmp_ln105_69_reg_9683              |   1|   0|    1|          0|
    |icmp_ln105_6_reg_8872               |   1|   0|    1|          0|
    |icmp_ln105_70_reg_9704              |   1|   0|    1|          0|
    |icmp_ln105_71_reg_9709              |   1|   0|    1|          0|
    |icmp_ln105_72_reg_9730              |   1|   0|    1|          0|
    |icmp_ln105_73_reg_9735              |   1|   0|    1|          0|
    |icmp_ln105_74_reg_9756              |   1|   0|    1|          0|
    |icmp_ln105_75_reg_9761              |   1|   0|    1|          0|
    |icmp_ln105_76_reg_9782              |   1|   0|    1|          0|
    |icmp_ln105_77_reg_9787              |   1|   0|    1|          0|
    |icmp_ln105_78_reg_9808              |   1|   0|    1|          0|
    |icmp_ln105_79_reg_9813              |   1|   0|    1|          0|
    |icmp_ln105_7_reg_8877               |   1|   0|    1|          0|
    |icmp_ln105_80_reg_9834              |   1|   0|    1|          0|
    |icmp_ln105_81_reg_9839              |   1|   0|    1|          0|
    |icmp_ln105_82_reg_9860              |   1|   0|    1|          0|
    |icmp_ln105_83_reg_9865              |   1|   0|    1|          0|
    |icmp_ln105_84_reg_9886              |   1|   0|    1|          0|
    |icmp_ln105_85_reg_9891              |   1|   0|    1|          0|
    |icmp_ln105_86_reg_9912              |   1|   0|    1|          0|
    |icmp_ln105_87_reg_9917              |   1|   0|    1|          0|
    |icmp_ln105_88_reg_9938              |   1|   0|    1|          0|
    |icmp_ln105_89_reg_9943              |   1|   0|    1|          0|
    |icmp_ln105_8_reg_8898               |   1|   0|    1|          0|
    |icmp_ln105_90_reg_9964              |   1|   0|    1|          0|
    |icmp_ln105_91_reg_9969              |   1|   0|    1|          0|
    |icmp_ln105_92_reg_9990              |   1|   0|    1|          0|
    |icmp_ln105_93_reg_9995              |   1|   0|    1|          0|
    |icmp_ln105_94_reg_10016             |   1|   0|    1|          0|
    |icmp_ln105_95_reg_10021             |   1|   0|    1|          0|
    |icmp_ln105_9_reg_8903               |   1|   0|    1|          0|
    |icmp_ln105_reg_8794                 |   1|   0|    1|          0|
    |maxima_10_fu_300                    |  17|   0|   17|          0|
    |maxima_11_fu_304                    |  17|   0|   17|          0|
    |maxima_12_fu_308                    |  17|   0|   17|          0|
    |maxima_13_fu_312                    |  17|   0|   17|          0|
    |maxima_14_fu_316                    |  17|   0|   17|          0|
    |maxima_15_fu_320                    |  17|   0|   17|          0|
    |maxima_16_fu_324                    |  17|   0|   17|          0|
    |maxima_17_fu_328                    |  17|   0|   17|          0|
    |maxima_18_fu_332                    |  17|   0|   17|          0|
    |maxima_19_fu_336                    |  17|   0|   17|          0|
    |maxima_1_fu_264                     |  17|   0|   17|          0|
    |maxima_20_fu_340                    |  17|   0|   17|          0|
    |maxima_21_fu_344                    |  17|   0|   17|          0|
    |maxima_22_fu_348                    |  17|   0|   17|          0|
    |maxima_23_fu_352                    |  17|   0|   17|          0|
    |maxima_24_fu_356                    |  17|   0|   17|          0|
    |maxima_25_fu_360                    |  17|   0|   17|          0|
    |maxima_26_fu_364                    |  17|   0|   17|          0|
    |maxima_27_fu_368                    |  17|   0|   17|          0|
    |maxima_28_fu_372                    |  17|   0|   17|          0|
    |maxima_29_fu_376                    |  17|   0|   17|          0|
    |maxima_2_fu_268                     |  17|   0|   17|          0|
    |maxima_30_fu_380                    |  17|   0|   17|          0|
    |maxima_31_fu_384                    |  17|   0|   17|          0|
    |maxima_32_fu_388                    |  17|   0|   17|          0|
    |maxima_33_fu_392                    |  17|   0|   17|          0|
    |maxima_34_fu_396                    |  17|   0|   17|          0|
    |maxima_35_fu_400                    |  17|   0|   17|          0|
    |maxima_36_fu_404                    |  17|   0|   17|          0|
    |maxima_37_fu_408                    |  17|   0|   17|          0|
    |maxima_38_fu_412                    |  17|   0|   17|          0|
    |maxima_39_fu_416                    |  17|   0|   17|          0|
    |maxima_3_fu_272                     |  17|   0|   17|          0|
    |maxima_40_fu_420                    |  17|   0|   17|          0|
    |maxima_41_fu_424                    |  17|   0|   17|          0|
    |maxima_42_fu_428                    |  17|   0|   17|          0|
    |maxima_43_fu_432                    |  17|   0|   17|          0|
    |maxima_44_fu_436                    |  17|   0|   17|          0|
    |maxima_45_fu_440                    |  17|   0|   17|          0|
    |maxima_46_fu_444                    |  17|   0|   17|          0|
    |maxima_47_fu_448                    |  17|   0|   17|          0|
    |maxima_4_fu_276                     |  17|   0|   17|          0|
    |maxima_5_fu_280                     |  17|   0|   17|          0|
    |maxima_6_fu_284                     |  17|   0|   17|          0|
    |maxima_7_fu_288                     |  17|   0|   17|          0|
    |maxima_8_fu_292                     |  17|   0|   17|          0|
    |maxima_9_fu_296                     |  17|   0|   17|          0|
    |maxima_fu_260                       |  17|   0|   17|          0|
    |start_once_reg                      |   1|   0|    1|          0|
    |tmp_102_reg_9459                    |   1|   0|    1|          0|
    |tmp_103_reg_9465                    |   1|   0|    1|          0|
    |tmp_106_reg_9485                    |   1|   0|    1|          0|
    |tmp_107_reg_9491                    |   1|   0|    1|          0|
    |tmp_10_reg_8861                     |   1|   0|    1|          0|
    |tmp_110_reg_9511                    |   1|   0|    1|          0|
    |tmp_111_reg_9517                    |   1|   0|    1|          0|
    |tmp_114_reg_9537                    |   1|   0|    1|          0|
    |tmp_115_reg_9543                    |   1|   0|    1|          0|
    |tmp_118_reg_9563                    |   1|   0|    1|          0|
    |tmp_119_reg_9569                    |   1|   0|    1|          0|
    |tmp_11_reg_8867                     |   1|   0|    1|          0|
    |tmp_122_reg_9589                    |   1|   0|    1|          0|
    |tmp_123_reg_9595                    |   1|   0|    1|          0|
    |tmp_126_reg_9615                    |   1|   0|    1|          0|
    |tmp_127_reg_9621                    |   1|   0|    1|          0|
    |tmp_130_reg_9641                    |   1|   0|    1|          0|
    |tmp_131_reg_9647                    |   1|   0|    1|          0|
    |tmp_134_reg_9667                    |   1|   0|    1|          0|
    |tmp_135_reg_9673                    |   1|   0|    1|          0|
    |tmp_138_reg_9693                    |   1|   0|    1|          0|
    |tmp_139_reg_9699                    |   1|   0|    1|          0|
    |tmp_142_reg_9719                    |   1|   0|    1|          0|
    |tmp_143_reg_9725                    |   1|   0|    1|          0|
    |tmp_146_reg_9745                    |   1|   0|    1|          0|
    |tmp_147_reg_9751                    |   1|   0|    1|          0|
    |tmp_14_reg_8887                     |   1|   0|    1|          0|
    |tmp_150_reg_9771                    |   1|   0|    1|          0|
    |tmp_151_reg_9777                    |   1|   0|    1|          0|
    |tmp_154_reg_9797                    |   1|   0|    1|          0|
    |tmp_155_reg_9803                    |   1|   0|    1|          0|
    |tmp_158_reg_9823                    |   1|   0|    1|          0|
    |tmp_159_reg_9829                    |   1|   0|    1|          0|
    |tmp_15_reg_8893                     |   1|   0|    1|          0|
    |tmp_162_reg_9849                    |   1|   0|    1|          0|
    |tmp_163_reg_9855                    |   1|   0|    1|          0|
    |tmp_166_reg_9875                    |   1|   0|    1|          0|
    |tmp_167_reg_9881                    |   1|   0|    1|          0|
    |tmp_170_reg_9901                    |   1|   0|    1|          0|
    |tmp_171_reg_9907                    |   1|   0|    1|          0|
    |tmp_174_reg_9927                    |   1|   0|    1|          0|
    |tmp_175_reg_9933                    |   1|   0|    1|          0|
    |tmp_178_reg_9953                    |   1|   0|    1|          0|
    |tmp_179_reg_9959                    |   1|   0|    1|          0|
    |tmp_182_reg_9979                    |   1|   0|    1|          0|
    |tmp_183_reg_9985                    |   1|   0|    1|          0|
    |tmp_186_reg_10005                   |   1|   0|    1|          0|
    |tmp_187_reg_10011                   |   1|   0|    1|          0|
    |tmp_18_reg_8913                     |   1|   0|    1|          0|
    |tmp_19_reg_8919                     |   1|   0|    1|          0|
    |tmp_1_reg_8789                      |   1|   0|    1|          0|
    |tmp_22_reg_8939                     |   1|   0|    1|          0|
    |tmp_23_reg_8945                     |   1|   0|    1|          0|
    |tmp_26_reg_8965                     |   1|   0|    1|          0|
    |tmp_27_reg_8971                     |   1|   0|    1|          0|
    |tmp_30_reg_8991                     |   1|   0|    1|          0|
    |tmp_31_reg_8997                     |   1|   0|    1|          0|
    |tmp_34_reg_9017                     |   1|   0|    1|          0|
    |tmp_35_reg_9023                     |   1|   0|    1|          0|
    |tmp_38_reg_9043                     |   1|   0|    1|          0|
    |tmp_39_reg_9049                     |   1|   0|    1|          0|
    |tmp_3_reg_8809                      |   1|   0|    1|          0|
    |tmp_42_reg_9069                     |   1|   0|    1|          0|
    |tmp_43_reg_9075                     |   1|   0|    1|          0|
    |tmp_46_reg_9095                     |   1|   0|    1|          0|
    |tmp_47_reg_9101                     |   1|   0|    1|          0|
    |tmp_4_reg_8815                      |   1|   0|    1|          0|
    |tmp_50_reg_9121                     |   1|   0|    1|          0|
    |tmp_51_reg_9127                     |   1|   0|    1|          0|
    |tmp_54_reg_9147                     |   1|   0|    1|          0|
    |tmp_55_reg_9153                     |   1|   0|    1|          0|
    |tmp_58_reg_9173                     |   1|   0|    1|          0|
    |tmp_59_reg_9179                     |   1|   0|    1|          0|
    |tmp_62_reg_9199                     |   1|   0|    1|          0|
    |tmp_63_reg_9205                     |   1|   0|    1|          0|
    |tmp_66_reg_9225                     |   1|   0|    1|          0|
    |tmp_67_reg_9231                     |   1|   0|    1|          0|
    |tmp_70_reg_9251                     |   1|   0|    1|          0|
    |tmp_71_reg_9257                     |   1|   0|    1|          0|
    |tmp_74_reg_9277                     |   1|   0|    1|          0|
    |tmp_75_reg_9283                     |   1|   0|    1|          0|
    |tmp_78_reg_9303                     |   1|   0|    1|          0|
    |tmp_79_reg_9309                     |   1|   0|    1|          0|
    |tmp_7_reg_8835                      |   1|   0|    1|          0|
    |tmp_82_reg_9329                     |   1|   0|    1|          0|
    |tmp_83_reg_9335                     |   1|   0|    1|          0|
    |tmp_86_reg_9355                     |   1|   0|    1|          0|
    |tmp_87_reg_9361                     |   1|   0|    1|          0|
    |tmp_8_reg_8841                      |   1|   0|    1|          0|
    |tmp_90_reg_9381                     |   1|   0|    1|          0|
    |tmp_91_reg_9387                     |   1|   0|    1|          0|
    |tmp_94_reg_9407                     |   1|   0|    1|          0|
    |tmp_95_reg_9413                     |   1|   0|    1|          0|
    |tmp_98_reg_9433                     |   1|   0|    1|          0|
    |tmp_99_reg_9439                     |   1|   0|    1|          0|
    |tmp_reg_8783                        |   1|   0|    1|          0|
    |trunc_ln105_10_reg_8934             |  10|   0|   10|          0|
    |trunc_ln105_12_reg_8960             |  10|   0|   10|          0|
    |trunc_ln105_14_reg_8986             |  10|   0|   10|          0|
    |trunc_ln105_16_reg_9012             |  10|   0|   10|          0|
    |trunc_ln105_18_reg_9038             |  10|   0|   10|          0|
    |trunc_ln105_20_reg_9064             |  10|   0|   10|          0|
    |trunc_ln105_22_reg_9090             |  10|   0|   10|          0|
    |trunc_ln105_24_reg_9116             |  10|   0|   10|          0|
    |trunc_ln105_26_reg_9142             |  10|   0|   10|          0|
    |trunc_ln105_28_reg_9168             |  10|   0|   10|          0|
    |trunc_ln105_2_reg_8804              |  10|   0|   10|          0|
    |trunc_ln105_30_reg_9194             |  10|   0|   10|          0|
    |trunc_ln105_32_reg_9220             |  10|   0|   10|          0|
    |trunc_ln105_34_reg_9246             |  10|   0|   10|          0|
    |trunc_ln105_36_reg_9272             |  10|   0|   10|          0|
    |trunc_ln105_38_reg_9298             |  10|   0|   10|          0|
    |trunc_ln105_40_reg_9324             |  10|   0|   10|          0|
    |trunc_ln105_42_reg_9350             |  10|   0|   10|          0|
    |trunc_ln105_44_reg_9376             |  10|   0|   10|          0|
    |trunc_ln105_46_reg_9402             |  10|   0|   10|          0|
    |trunc_ln105_48_reg_9428             |  10|   0|   10|          0|
    |trunc_ln105_4_reg_8830              |  10|   0|   10|          0|
    |trunc_ln105_50_reg_9454             |  10|   0|   10|          0|
    |trunc_ln105_52_reg_9480             |  10|   0|   10|          0|
    |trunc_ln105_54_reg_9506             |  10|   0|   10|          0|
    |trunc_ln105_56_reg_9532             |  10|   0|   10|          0|
    |trunc_ln105_58_reg_9558             |  10|   0|   10|          0|
    |trunc_ln105_60_reg_9584             |  10|   0|   10|          0|
    |trunc_ln105_62_reg_9610             |  10|   0|   10|          0|
    |trunc_ln105_64_reg_9636             |  10|   0|   10|          0|
    |trunc_ln105_66_reg_9662             |  10|   0|   10|          0|
    |trunc_ln105_68_reg_9688             |  10|   0|   10|          0|
    |trunc_ln105_6_reg_8856              |  10|   0|   10|          0|
    |trunc_ln105_70_reg_9714             |  10|   0|   10|          0|
    |trunc_ln105_72_reg_9740             |  10|   0|   10|          0|
    |trunc_ln105_74_reg_9766             |  10|   0|   10|          0|
    |trunc_ln105_76_reg_9792             |  10|   0|   10|          0|
    |trunc_ln105_78_reg_9818             |  10|   0|   10|          0|
    |trunc_ln105_80_reg_9844             |  10|   0|   10|          0|
    |trunc_ln105_82_reg_9870             |  10|   0|   10|          0|
    |trunc_ln105_84_reg_9896             |  10|   0|   10|          0|
    |trunc_ln105_86_reg_9922             |  10|   0|   10|          0|
    |trunc_ln105_88_reg_9948             |  10|   0|   10|          0|
    |trunc_ln105_8_reg_8882              |  10|   0|   10|          0|
    |trunc_ln105_90_reg_9974             |  10|   0|   10|          0|
    |trunc_ln105_92_reg_10000            |  10|   0|   10|          0|
    |trunc_ln105_s_reg_8908              |  10|   0|   10|          0|
    |trunc_ln108_reg_8774                |   1|   0|    1|          0|
    |trunc_ln108_reg_8774_pp0_iter1_reg  |   1|   0|    1|          0|
    |trunc_ln1_reg_8778                  |  10|   0|   10|          0|
    |trunc_ln90_reg_8769                 |   1|   0|    1|          0|
    |word_fu_256                         |   4|   0|    4|          0|
    +------------------------------------+----+----+-----+-----------+
    |Total                               |1501|   0| 1501|          0|
    +------------------------------------+----+----+-----+-----------+



================================================================
== Interface
================================================================
* Summary: 
+---------------------------+-----+-----+------------+------------------------------------------------------------------+--------------+
|         RTL Ports         | Dir | Bits|  Protocol  |                           Source Object                          |    C Type    |
+---------------------------+-----+-----+------------+------------------------------------------------------------------+--------------+
|ap_clk                     |   in|    1|  ap_ctrl_hs|  scheduled_pool<array,array<ap_fixed<10,5,0,2,0>,48u>,config9,4u>|  return value|
|ap_rst                     |   in|    1|  ap_ctrl_hs|  scheduled_pool<array,array<ap_fixed<10,5,0,2,0>,48u>,config9,4u>|  return value|
|ap_start                   |   in|    1|  ap_ctrl_hs|  scheduled_pool<array,array<ap_fixed<10,5,0,2,0>,48u>,config9,4u>|  return value|
|start_full_n               |   in|    1|  ap_ctrl_hs|  scheduled_pool<array,array<ap_fixed<10,5,0,2,0>,48u>,config9,4u>|  return value|
|ap_done                    |  out|    1|  ap_ctrl_hs|  scheduled_pool<array,array<ap_fixed<10,5,0,2,0>,48u>,config9,4u>|  return value|
|ap_continue                |   in|    1|  ap_ctrl_hs|  scheduled_pool<array,array<ap_fixed<10,5,0,2,0>,48u>,config9,4u>|  return value|
|ap_idle                    |  out|    1|  ap_ctrl_hs|  scheduled_pool<array,array<ap_fixed<10,5,0,2,0>,48u>,config9,4u>|  return value|
|ap_ready                   |  out|    1|  ap_ctrl_hs|  scheduled_pool<array,array<ap_fixed<10,5,0,2,0>,48u>,config9,4u>|  return value|
|start_out                  |  out|    1|  ap_ctrl_hs|  scheduled_pool<array,array<ap_fixed<10,5,0,2,0>,48u>,config9,4u>|  return value|
|start_write                |  out|    1|  ap_ctrl_hs|  scheduled_pool<array,array<ap_fixed<10,5,0,2,0>,48u>,config9,4u>|  return value|
|layer8_out_dout            |   in|  816|     ap_fifo|                                                        layer8_out|       pointer|
|layer8_out_num_data_valid  |   in|    3|     ap_fifo|                                                        layer8_out|       pointer|
|layer8_out_fifo_cap        |   in|    3|     ap_fifo|                                                        layer8_out|       pointer|
|layer8_out_empty_n         |   in|    1|     ap_fifo|                                                        layer8_out|       pointer|
|layer8_out_read            |  out|    1|     ap_fifo|                                                        layer8_out|       pointer|
|layer9_out_din             |  out|  480|     ap_fifo|                                                        layer9_out|       pointer|
|layer9_out_num_data_valid  |   in|    3|     ap_fifo|                                                        layer9_out|       pointer|
|layer9_out_fifo_cap        |   in|    3|     ap_fifo|                                                        layer9_out|       pointer|
|layer9_out_full_n          |   in|    1|     ap_fifo|                                                        layer9_out|       pointer|
|layer9_out_write           |  out|    1|     ap_fifo|                                                        layer9_out|       pointer|
+---------------------------+-----+-----+------------+------------------------------------------------------------------+--------------+

