==============================================================
Vitis HLS - High-Level Synthesis from C, C++ and OpenCL v2023.2 (64-bit)
Tool Version Limit: 2023.10
Copyright 1986-2022 Xilinx, Inc. All Rights Reserved.
Copyright 2022-2023 Advanced Micro Devices, Inc. All Rights Reserved.

==============================================================
INFO: [HLS 200-1505] Using default flow_target 'vivado'
INFO: [HLS 200-1510] Running: config_compile -name_max_length 80 
INFO: [XFORM 203-1161] The maximum of name length is set to 80.
INFO: [HLS 200-1510] Running: set_part xcku5p-ffvb676-2-e 
INFO: [HLS 200-1611] Setting target device to 'xcku5p-ffvb676-2-e'
INFO: [XFORM 203-1161] The maximum of name length is set to 80.
INFO: [HLS 200-1510] Running: config_schedule -enable_dsp_full_reg=false 
INFO: [HLS 200-1510] Running: create_clock -period 5.0 -name default 
INFO: [SYN 201-201] Setting up clock 'default' with a period of 5ns.
INFO: [HLS 200-1510] Running: set_clock_uncertainty 27% default 
INFO: [SYN 201-201] Setting up clock 'default' with an uncertainty of 1.35ns.
INFO: [HLS 200-1510] Running: csim_design 
INFO: [SIM 211-2] *************** CSIM start ***************
INFO: [SIM 211-4] CSIM will launch GCC as the compiler.
INFO: [HLS 200-2036] Building debug C Simulation binaries
INFO: [SIM 211-1] CSim done with 0 errors.
INFO: [SIM 211-3] *************** CSIM finish ***************
INFO: [HLS 200-111] Finished Command csim_design CPU user time: 3.88 seconds. CPU system time: 0.29 seconds. Elapsed time: 4.23 seconds; current allocated memory: 0.000 MB.
INFO: [HLS 200-1510] Running: csynth_design 
INFO: [HLS 200-111] Finished File checks and directory preparation: CPU user time: 0.03 seconds. CPU system time: 0.01 seconds. Elapsed time: 0.04 seconds; current allocated memory: 257.172 MB.
INFO: [HLS 200-10] Analyzing design file 'firmware/cnn_core.cpp' ... 
WARNING: [HLS 207-5566] unexpected pragma argument 'softmax', expects function/operation (firmware/nnet_utils/nnet_activation.h:402:36)
WARNING: [HLS 207-5536] 'Resource pragma' is deprecated, use 'bind_op/bind_storage pragma' instead (firmware/nnet_utils/nnet_dense_resource.h:33:9)
WARNING: [HLS 207-5536] 'Resource pragma' is deprecated, use 'bind_op/bind_storage pragma' instead (firmware/nnet_utils/nnet_dense_resource.h:107:9)
WARNING: [HLS 207-5536] 'Resource pragma' is deprecated, use 'bind_op/bind_storage pragma' instead (firmware/nnet_utils/nnet_dense_resource.h:189:9)
WARNING: [HLS 214-113] Either use an argument of the function or declare the variable inside the dataflow loop body (firmware/cnn_core.cpp:44:34)
WARNING: [HLS 214-113] Either use an argument of the function or declare the variable inside the dataflow loop body (firmware/cnn_core.cpp:44:38)
WARNING: [HLS 214-113] Either use an argument of the function or declare the variable inside the dataflow loop body (firmware/cnn_core.cpp:51:36)
WARNING: [HLS 214-113] Either use an argument of the function or declare the variable inside the dataflow loop body (firmware/cnn_core.cpp:51:53)
WARNING: [HLS 200-471] Dataflow form checks found 4 issue(s) in file firmware/cnn_core.cpp
WARNING: [HLS 207-5292] unused parameter 'keep' (firmware/nnet_utils/nnet_helpers.h:285:99)
WARNING: [HLS 207-5292] unused parameter 'data' (firmware/nnet_utils/nnet_function_stubs.h:14:36)
WARNING: [HLS 207-5292] unused parameter 'buffer' (firmware/nnet_utils/nnet_function_stubs.h:15:36)
WARNING: [HLS 207-5292] unused parameter 'partition' (firmware/nnet_utils/nnet_function_stubs.h:16:44)
WARNING: [HLS 207-5292] unused parameter 'data' (firmware/nnet_utils/nnet_function_stubs.h:24:24)
WARNING: [HLS 207-5292] unused parameter 'buffer' (firmware/nnet_utils/nnet_function_stubs.h:25:24)
WARNING: [HLS 207-5292] unused parameter 'partition' (firmware/nnet_utils/nnet_function_stubs.h:26:32)
WARNING: [HLS 207-5292] unused parameter 'data' (firmware/nnet_utils/nnet_function_stubs.h:33:30)
WARNING: [HLS 207-5292] unused parameter 'res' (firmware/nnet_utils/nnet_function_stubs.h:33:58)
WARNING: [HLS 207-5292] unused parameter 'weights' (firmware/nnet_utils/nnet_function_stubs.h:34:51)
WARNING: [HLS 207-5292] unused parameter 'biases' (firmware/nnet_utils/nnet_function_stubs.h:35:49)
WARNING: [HLS 207-5292] unused parameter 'data' (firmware/nnet_utils/nnet_function_stubs.h:42:30)
WARNING: [HLS 207-5292] unused parameter 'res' (firmware/nnet_utils/nnet_function_stubs.h:42:58)
WARNING: [HLS 207-5292] unused parameter 'weights' (firmware/nnet_utils/nnet_function_stubs.h:43:51)
WARNING: [HLS 207-5292] unused parameter 'biases' (firmware/nnet_utils/nnet_function_stubs.h:44:49)
WARNING: [HLS 207-5292] unused parameter 'data' (firmware/nnet_utils/nnet_function_stubs.h:51:29)
WARNING: [HLS 207-5292] unused parameter 'res' (firmware/nnet_utils/nnet_function_stubs.h:51:80)
WARNING: [HLS 207-5292] unused parameter 'weights' (firmware/nnet_utils/nnet_function_stubs.h:52:50)
WARNING: [HLS 207-5292] unused parameter 'biases' (firmware/nnet_utils/nnet_function_stubs.h:53:48)
WARNING: [HLS 207-5292] unused parameter 'data' (firmware/nnet_utils/nnet_code_gen.h:16:39)
WARNING: [HLS 207-5292] unused parameter 'res' (firmware/nnet_utils/nnet_code_gen.h:17:38)
WARNING: [HLS 207-5292] unused parameter 'weights' (firmware/nnet_utils/nnet_code_gen.h:18:60)
WARNING: [HLS 207-5292] unused parameter 'biases' (firmware/nnet_utils/nnet_code_gen.h:19:58)
INFO: [HLS 200-111] Finished Source Code Analysis and Preprocessing: CPU user time: 4.66 seconds. CPU system time: 0.43 seconds. Elapsed time: 5.22 seconds; current allocated memory: 266.668 MB.
INFO: [HLS 200-777] Using interface defaults for 'Vivado' flow target.
INFO: [HLS 200-1995] There were 2,158 instructions in the design after the 'Compile/Link' phase of compilation. See the Design Size Report for more details: /home/work1/Works/CNN-Core-Generator/cnn_core/cnn_core_prj/solution1/syn/report/csynth_design_size.rpt
INFO: [HLS 200-1995] There were 47,208 instructions in the design after the 'Unroll/Inline (step 1)' phase of compilation. See the Design Size Report for more details: /home/work1/Works/CNN-Core-Generator/cnn_core/cnn_core_prj/solution1/syn/report/csynth_design_size.rpt
INFO: [HLS 200-1995] There were 17,728 instructions in the design after the 'Unroll/Inline (step 2)' phase of compilation. See the Design Size Report for more details: /home/work1/Works/CNN-Core-Generator/cnn_core/cnn_core_prj/solution1/syn/report/csynth_design_size.rpt
INFO: [HLS 200-1995] There were 16,655 instructions in the design after the 'Unroll/Inline (step 3)' phase of compilation. See the Design Size Report for more details: /home/work1/Works/CNN-Core-Generator/cnn_core/cnn_core_prj/solution1/syn/report/csynth_design_size.rpt
INFO: [HLS 200-1995] There were 13,688 instructions in the design after the 'Unroll/Inline (step 4)' phase of compilation. See the Design Size Report for more details: /home/work1/Works/CNN-Core-Generator/cnn_core/cnn_core_prj/solution1/syn/report/csynth_design_size.rpt
INFO: [HLS 200-1995] There were 16,702 instructions in the design after the 'Array/Struct (step 1)' phase of compilation. See the Design Size Report for more details: /home/work1/Works/CNN-Core-Generator/cnn_core/cnn_core_prj/solution1/syn/report/csynth_design_size.rpt
INFO: [HLS 200-1995] There were 8,743 instructions in the design after the 'Array/Struct (step 2)' phase of compilation. See the Design Size Report for more details: /home/work1/Works/CNN-Core-Generator/cnn_core/cnn_core_prj/solution1/syn/report/csynth_design_size.rpt
INFO: [HLS 200-1995] There were 8,749 instructions in the design after the 'Array/Struct (step 3)' phase of compilation. See the Design Size Report for more details: /home/work1/Works/CNN-Core-Generator/cnn_core/cnn_core_prj/solution1/syn/report/csynth_design_size.rpt
INFO: [HLS 200-1995] There were 11,866 instructions in the design after the 'Array/Struct (step 4)' phase of compilation. See the Design Size Report for more details: /home/work1/Works/CNN-Core-Generator/cnn_core/cnn_core_prj/solution1/syn/report/csynth_design_size.rpt
INFO: [HLS 200-1995] There were 12,426 instructions in the design after the 'Array/Struct (step 5)' phase of compilation. See the Design Size Report for more details: /home/work1/Works/CNN-Core-Generator/cnn_core/cnn_core_prj/solution1/syn/report/csynth_design_size.rpt
INFO: [HLS 200-1995] There were 11,578 instructions in the design after the 'Performance (step 1)' phase of compilation. See the Design Size Report for more details: /home/work1/Works/CNN-Core-Generator/cnn_core/cnn_core_prj/solution1/syn/report/csynth_design_size.rpt
INFO: [HLS 200-1995] There were 11,290 instructions in the design after the 'Performance (step 2)' phase of compilation. See the Design Size Report for more details: /home/work1/Works/CNN-Core-Generator/cnn_core/cnn_core_prj/solution1/syn/report/csynth_design_size.rpt
INFO: [HLS 200-1995] There were 11,138 instructions in the design after the 'Performance (step 3)' phase of compilation. See the Design Size Report for more details: /home/work1/Works/CNN-Core-Generator/cnn_core/cnn_core_prj/solution1/syn/report/csynth_design_size.rpt
INFO: [HLS 200-1995] There were 10,000 instructions in the design after the 'Performance (step 4)' phase of compilation. See the Design Size Report for more details: /home/work1/Works/CNN-Core-Generator/cnn_core/cnn_core_prj/solution1/syn/report/csynth_design_size.rpt
INFO: [HLS 200-1995] There were 9,447 instructions in the design after the 'HW Transforms (step 1)' phase of compilation. See the Design Size Report for more details: /home/work1/Works/CNN-Core-Generator/cnn_core/cnn_core_prj/solution1/syn/report/csynth_design_size.rpt
INFO: [HLS 200-1995] There were 10,005 instructions in the design after the 'HW Transforms (step 2)' phase of compilation. See the Design Size Report for more details: /home/work1/Works/CNN-Core-Generator/cnn_core/cnn_core_prj/solution1/syn/report/csynth_design_size.rpt
INFO: [HLS 214-131] Inlining function 'nnet::product::mult<ap_fixed<10, 5, (ap_q_mode)0, (ap_o_mode)2, 0>, ap_fixed<6, 1, (ap_q_mode)5, (ap_o_mode)3, 0> >::product(ap_fixed<10, 5, (ap_q_mode)0, (ap_o_mode)2, 0>, ap_fixed<6, 1, (ap_q_mode)5, (ap_o_mode)3, 0>)' into 'void nnet::dense_latency<ap_fixed<10, 5, (ap_q_mode)0, (ap_o_mode)2, 0>, ap_fixed<16, 6, (ap_q_mode)5, (ap_o_mode)3, 0>, nnet::aria_first_conv_mult_config<config4_mult> >(ap_fixed<10, 5, (ap_q_mode)0, (ap_o_mode)2, 0>*, ap_fixed<16, 6, (ap_q_mode)5, (ap_o_mode)3, 0>*, nnet::aria_first_conv_mult_config<config4_mult>::weight_t*, nnet::aria_first_conv_mult_config<config4_mult>::bias_t*)' (firmware/nnet_utils/nnet_dense_latency.h:42:27)
INFO: [HLS 214-131] Inlining function 'nnet::DenseLatency<ap_fixed<10, 5, (ap_q_mode)0, (ap_o_mode)2, 0>, ap_fixed<16, 6, (ap_q_mode)5, (ap_o_mode)3, 0>, nnet::aria_first_conv_mult_config<config4_mult> >::dense(ap_fixed<10, 5, (ap_q_mode)0, (ap_o_mode)2, 0>*, ap_fixed<16, 6, (ap_q_mode)5, (ap_o_mode)3, 0>*, ap_fixed<6, 1, (ap_q_mode)5, (ap_o_mode)3, 0>*, ap_fixed<4, 0, (ap_q_mode)5, (ap_o_mode)3, 0>*)' into 'void nnet::first_conv_2row_4lane_temporal_wide_cl<nnet::array<ap_fixed<10, 5, (ap_q_mode)0, (ap_o_mode)2, 0>, 8u>, nnet::array<ap_fixed<16, 6, (ap_q_mode)5, (ap_o_mode)3, 0>, 80u>, config4>(hls::stream<nnet::array<ap_fixed<10, 5, (ap_q_mode)0, (ap_o_mode)2, 0>, 8u>, 0>&, hls::stream<nnet::array<ap_fixed<16, 6, (ap_q_mode)5, (ap_o_mode)3, 0>, 80u>, 0>&, config4::weight_t*, config4::bias_t*)' (firmware/nnet_utils/nnet_aria.h:100:17)
INFO: [HLS 214-131] Inlining function 'nnet::product::mult<ap_fixed<10, 5, (ap_q_mode)0, (ap_o_mode)2, 0>, ap_fixed<6, 1, (ap_q_mode)5, (ap_o_mode)3, 0> >::product(ap_fixed<10, 5, (ap_q_mode)0, (ap_o_mode)2, 0>, ap_fixed<6, 1, (ap_q_mode)5, (ap_o_mode)3, 0>)' into 'void nnet::dense_wide_stream<nnet::array<ap_fixed<10, 5, (ap_q_mode)0, (ap_o_mode)2, 0>, 80u>, nnet::array<ap_fixed<24, 14, (ap_q_mode)5, (ap_o_mode)3, 0>, 1u>, config9>(hls::stream<nnet::array<ap_fixed<10, 5, (ap_q_mode)0, (ap_o_mode)2, 0>, 80u>, 0>&, hls::stream<nnet::array<ap_fixed<24, 14, (ap_q_mode)5, (ap_o_mode)3, 0>, 1u>, 0>&, ap_uint<240> const*, config9::bias_t*)' (firmware/nnet_utils/nnet_aria.h:317:45)
INFO: [HLS 214-291] Loop 'DenseProducts' is marked as complete unroll implied by the pipeline pragma (firmware/nnet_utils/nnet_aria.h:309:9)
INFO: [HLS 214-291] Loop 'DenseAccumulate' is marked as complete unroll implied by the pipeline pragma (firmware/nnet_utils/nnet_aria.h:323:9)
INFO: [HLS 214-291] Loop 'VITIS_LOOP_27_1' is marked as complete unroll implied by the pipeline pragma (firmware/nnet_utils/nnet_types.h:27:26)
INFO: [HLS 214-291] Loop 'VITIS_LOOP_250_1' is marked as complete unroll implied by the pipeline pragma (firmware/nnet_utils/nnet_aria.h:250:31)
INFO: [HLS 214-291] Loop 'VITIS_LOOP_257_2' is marked as complete unroll implied by the pipeline pragma (firmware/nnet_utils/nnet_aria.h:257:31)
INFO: [HLS 214-291] Loop 'ReLUPackLoop' is marked as complete unroll implied by the pipeline pragma (firmware/nnet_utils/nnet_activation_stream.h:49:9)
INFO: [HLS 214-291] Loop 'VITIS_LOOP_48_1' is marked as complete unroll implied by the pipeline pragma (firmware/nnet_utils/nnet_aria.h:48:19)
INFO: [HLS 214-291] Loop 'VITIS_LOOP_56_2' is marked as complete unroll implied by the pipeline pragma (firmware/nnet_utils/nnet_aria.h:56:19)
INFO: [HLS 214-291] Loop 'VITIS_LOOP_58_3' is marked as complete unroll implied by the pipeline pragma (firmware/nnet_utils/nnet_aria.h:58:19)
INFO: [HLS 214-291] Loop 'VITIS_LOOP_63_4' is marked as complete unroll implied by the pipeline pragma (firmware/nnet_utils/nnet_aria.h:63:26)
INFO: [HLS 214-291] Loop 'VITIS_LOOP_68_5' is marked as complete unroll implied by the pipeline pragma (firmware/nnet_utils/nnet_aria.h:68:26)
INFO: [HLS 214-291] Loop 'VITIS_LOOP_70_6' is marked as complete unroll implied by the pipeline pragma (firmware/nnet_utils/nnet_aria.h:70:19)
INFO: [HLS 214-291] Loop 'WriteOutputWidth' is marked as complete unroll implied by the pipeline pragma (firmware/nnet_utils/nnet_aria.h:83:13)
INFO: [HLS 214-291] Loop 'VITIS_LOOP_87_7' is marked as complete unroll implied by the pipeline pragma (firmware/nnet_utils/nnet_aria.h:87:19)
INFO: [HLS 214-291] Loop 'VITIS_LOOP_103_8' is marked as complete unroll implied by the pipeline pragma (firmware/nnet_utils/nnet_aria.h:103:35)
INFO: [HLS 214-291] Loop 'Result' is marked as complete unroll implied by the pipeline pragma (firmware/nnet_utils/nnet_dense_latency.h:64:5)
INFO: [HLS 214-291] Loop 'Accum1' is marked as complete unroll implied by the pipeline pragma (firmware/nnet_utils/nnet_dense_latency.h:54:5)
INFO: [HLS 214-291] Loop 'Accum2' is marked as complete unroll implied by the pipeline pragma (firmware/nnet_utils/nnet_dense_latency.h:56:9)
INFO: [HLS 214-291] Loop 'ResetAccum' is marked as complete unroll implied by the pipeline pragma (firmware/nnet_utils/nnet_dense_latency.h:48:5)
INFO: [HLS 214-291] Loop 'Product1' is marked as complete unroll implied by the pipeline pragma (firmware/nnet_utils/nnet_dense_latency.h:37:5)
INFO: [HLS 214-291] Loop 'Product2' is marked as complete unroll implied by the pipeline pragma (firmware/nnet_utils/nnet_dense_latency.h:40:9)
INFO: [HLS 214-186] Unrolling loop 'DenseProducts' (firmware/nnet_utils/nnet_aria.h:309:9) in function 'nnet::dense_wide_stream<nnet::array<ap_fixed<10, 5, (ap_q_mode)0, (ap_o_mode)2, 0>, 80u>, nnet::array<ap_fixed<24, 14, (ap_q_mode)5, (ap_o_mode)3, 0>, 1u>, config9>' completely with a factor of 40 (firmware/nnet_utils/nnet_aria.h:277:0)
INFO: [HLS 214-186] Unrolling loop 'DenseAccumulate' (firmware/nnet_utils/nnet_aria.h:323:9) in function 'nnet::dense_wide_stream<nnet::array<ap_fixed<10, 5, (ap_q_mode)0, (ap_o_mode)2, 0>, 80u>, nnet::array<ap_fixed<24, 14, (ap_q_mode)5, (ap_o_mode)3, 0>, 1u>, config9>' completely with a factor of 40 (firmware/nnet_utils/nnet_aria.h:277:0)
INFO: [HLS 214-186] Unrolling loop 'VITIS_LOOP_27_1' (firmware/nnet_utils/nnet_types.h:27:26) in function 'nnet::array<ap_fixed<10, 5, (ap_q_mode)0, (ap_o_mode)2, 0>, 80u>::operator=' completely with a factor of 80 (firmware/nnet_utils/nnet_types.h:21:0)
INFO: [HLS 214-186] Unrolling loop 'VITIS_LOOP_250_1' (firmware/nnet_utils/nnet_aria.h:250:31) in function 'nnet::maxpool2d_wide_nonoverlap_cl<nnet::array<ap_ufixed<15, 5, (ap_q_mode)5, (ap_o_mode)3, 0>, 80u>, nnet::array<ap_fixed<10, 5, (ap_q_mode)0, (ap_o_mode)2, 0>, 80u>, config6>' completely with a factor of 80 (firmware/nnet_utils/nnet_aria.h:228:0)
INFO: [HLS 214-186] Unrolling loop 'VITIS_LOOP_257_2' (firmware/nnet_utils/nnet_aria.h:257:31) in function 'nnet::maxpool2d_wide_nonoverlap_cl<nnet::array<ap_ufixed<15, 5, (ap_q_mode)5, (ap_o_mode)3, 0>, 80u>, nnet::array<ap_fixed<10, 5, (ap_q_mode)0, (ap_o_mode)2, 0>, 80u>, config6>' completely with a factor of 80 (firmware/nnet_utils/nnet_aria.h:228:0)
INFO: [HLS 214-186] Unrolling loop 'ReLUPackLoop' (firmware/nnet_utils/nnet_activation_stream.h:49:9) in function 'nnet::relu<nnet::array<ap_fixed<16, 6, (ap_q_mode)5, (ap_o_mode)3, 0>, 80u>, nnet::array<ap_ufixed<15, 5, (ap_q_mode)5, (ap_o_mode)3, 0>, 80u>, relu_config5>' completely with a factor of 80 (firmware/nnet_utils/nnet_activation_stream.h:39:0)
INFO: [HLS 214-186] Unrolling loop 'VITIS_LOOP_48_1' (firmware/nnet_utils/nnet_aria.h:48:19) in function 'nnet::first_conv_2row_4lane_temporal_wide_cl<nnet::array<ap_fixed<10, 5, (ap_q_mode)0, (ap_o_mode)2, 0>, 8u>, nnet::array<ap_fixed<16, 6, (ap_q_mode)5, (ap_o_mode)3, 0>, 80u>, config4>' completely with a factor of 4 (firmware/nnet_utils/nnet_aria.h:23:0)
INFO: [HLS 214-186] Unrolling loop 'VITIS_LOOP_56_2' (firmware/nnet_utils/nnet_aria.h:56:19) in function 'nnet::first_conv_2row_4lane_temporal_wide_cl<nnet::array<ap_fixed<10, 5, (ap_q_mode)0, (ap_o_mode)2, 0>, 8u>, nnet::array<ap_fixed<16, 6, (ap_q_mode)5, (ap_o_mode)3, 0>, 80u>, config4>' completely with a factor of 7 (firmware/nnet_utils/nnet_aria.h:23:0)
INFO: [HLS 214-186] Unrolling loop 'VITIS_LOOP_58_3' (firmware/nnet_utils/nnet_aria.h:58:19) in function 'nnet::first_conv_2row_4lane_temporal_wide_cl<nnet::array<ap_fixed<10, 5, (ap_q_mode)0, (ap_o_mode)2, 0>, 8u>, nnet::array<ap_fixed<16, 6, (ap_q_mode)5, (ap_o_mode)3, 0>, 80u>, config4>' completely with a factor of 4 (firmware/nnet_utils/nnet_aria.h:23:0)
INFO: [HLS 214-186] Unrolling loop 'VITIS_LOOP_63_4' (firmware/nnet_utils/nnet_aria.h:63:26) in function 'nnet::first_conv_2row_4lane_temporal_wide_cl<nnet::array<ap_fixed<10, 5, (ap_q_mode)0, (ap_o_mode)2, 0>, 8u>, nnet::array<ap_fixed<16, 6, (ap_q_mode)5, (ap_o_mode)3, 0>, 80u>, config4>' completely with a factor of 4 (firmware/nnet_utils/nnet_aria.h:23:0)
INFO: [HLS 214-186] Unrolling loop 'VITIS_LOOP_68_5' (firmware/nnet_utils/nnet_aria.h:68:26) in function 'nnet::first_conv_2row_4lane_temporal_wide_cl<nnet::array<ap_fixed<10, 5, (ap_q_mode)0, (ap_o_mode)2, 0>, 8u>, nnet::array<ap_fixed<16, 6, (ap_q_mode)5, (ap_o_mode)3, 0>, 80u>, config4>' completely with a factor of 5 (firmware/nnet_utils/nnet_aria.h:23:0)
INFO: [HLS 214-186] Unrolling loop 'VITIS_LOOP_70_6' (firmware/nnet_utils/nnet_aria.h:70:19) in function 'nnet::first_conv_2row_4lane_temporal_wide_cl<nnet::array<ap_fixed<10, 5, (ap_q_mode)0, (ap_o_mode)2, 0>, 8u>, nnet::array<ap_fixed<16, 6, (ap_q_mode)5, (ap_o_mode)3, 0>, 80u>, config4>' completely with a factor of 4 (firmware/nnet_utils/nnet_aria.h:23:0)
INFO: [HLS 214-186] Unrolling loop 'WriteOutputWidth' (firmware/nnet_utils/nnet_aria.h:83:13) in function 'nnet::first_conv_2row_4lane_temporal_wide_cl<nnet::array<ap_fixed<10, 5, (ap_q_mode)0, (ap_o_mode)2, 0>, 8u>, nnet::array<ap_fixed<16, 6, (ap_q_mode)5, (ap_o_mode)3, 0>, 80u>, config4>' completely with a factor of 4 (firmware/nnet_utils/nnet_aria.h:23:0)
INFO: [HLS 214-186] Unrolling loop 'VITIS_LOOP_103_8' (firmware/nnet_utils/nnet_aria.h:103:35) in function 'nnet::first_conv_2row_4lane_temporal_wide_cl<nnet::array<ap_fixed<10, 5, (ap_q_mode)0, (ap_o_mode)2, 0>, 8u>, nnet::array<ap_fixed<16, 6, (ap_q_mode)5, (ap_o_mode)3, 0>, 80u>, config4>' completely with a factor of 20 (firmware/nnet_utils/nnet_aria.h:23:0)
INFO: [HLS 214-186] Unrolling loop 'VITIS_LOOP_87_7' (firmware/nnet_utils/nnet_aria.h:87:19) in function 'nnet::first_conv_2row_4lane_temporal_wide_cl<nnet::array<ap_fixed<10, 5, (ap_q_mode)0, (ap_o_mode)2, 0>, 8u>, nnet::array<ap_fixed<16, 6, (ap_q_mode)5, (ap_o_mode)3, 0>, 80u>, config4>' completely with a factor of 5 (firmware/nnet_utils/nnet_aria.h:23:0)
INFO: [HLS 214-186] Unrolling loop 'Result' (firmware/nnet_utils/nnet_dense_latency.h:64:5) in function 'nnet::dense_latency<ap_fixed<10, 5, (ap_q_mode)0, (ap_o_mode)2, 0>, ap_fixed<16, 6, (ap_q_mode)5, (ap_o_mode)3, 0>, nnet::aria_first_conv_mult_config<config4_mult> >' completely with a factor of 20 (firmware/nnet_utils/nnet_dense_latency.h:15:0)
INFO: [HLS 214-186] Unrolling loop 'Accum1' (firmware/nnet_utils/nnet_dense_latency.h:54:5) in function 'nnet::dense_latency<ap_fixed<10, 5, (ap_q_mode)0, (ap_o_mode)2, 0>, ap_fixed<16, 6, (ap_q_mode)5, (ap_o_mode)3, 0>, nnet::aria_first_conv_mult_config<config4_mult> >' completely with a factor of 7 (firmware/nnet_utils/nnet_dense_latency.h:15:0)
INFO: [HLS 214-186] Unrolling loop 'Accum2' (firmware/nnet_utils/nnet_dense_latency.h:56:9) in function 'nnet::dense_latency<ap_fixed<10, 5, (ap_q_mode)0, (ap_o_mode)2, 0>, ap_fixed<16, 6, (ap_q_mode)5, (ap_o_mode)3, 0>, nnet::aria_first_conv_mult_config<config4_mult> >' completely with a factor of 20 (firmware/nnet_utils/nnet_dense_latency.h:15:0)
INFO: [HLS 214-186] Unrolling loop 'ResetAccum' (firmware/nnet_utils/nnet_dense_latency.h:48:5) in function 'nnet::dense_latency<ap_fixed<10, 5, (ap_q_mode)0, (ap_o_mode)2, 0>, ap_fixed<16, 6, (ap_q_mode)5, (ap_o_mode)3, 0>, nnet::aria_first_conv_mult_config<config4_mult> >' completely with a factor of 20 (firmware/nnet_utils/nnet_dense_latency.h:15:0)
INFO: [HLS 214-186] Unrolling loop 'Product1' (firmware/nnet_utils/nnet_dense_latency.h:37:5) in function 'nnet::dense_latency<ap_fixed<10, 5, (ap_q_mode)0, (ap_o_mode)2, 0>, ap_fixed<16, 6, (ap_q_mode)5, (ap_o_mode)3, 0>, nnet::aria_first_conv_mult_config<config4_mult> >' completely with a factor of 7 (firmware/nnet_utils/nnet_dense_latency.h:15:0)
INFO: [HLS 214-186] Unrolling loop 'Product2' (firmware/nnet_utils/nnet_dense_latency.h:40:9) in function 'nnet::dense_latency<ap_fixed<10, 5, (ap_q_mode)0, (ap_o_mode)2, 0>, ap_fixed<16, 6, (ap_q_mode)5, (ap_o_mode)3, 0>, nnet::aria_first_conv_mult_config<config4_mult> >' completely with a factor of 20 (firmware/nnet_utils/nnet_dense_latency.h:15:0)
INFO: [HLS 214-178] Inlining function 'std::enable_if<!(std::is_same<ap_fixed<10, 5, (ap_q_mode)0, (ap_o_mode)2, 0>, ap_uint<1> >::value), ap_fixed<16, 6, (ap_q_mode)5, (ap_o_mode)3, 0> >::type nnet::cast<ap_fixed<10, 5, (ap_q_mode)0, (ap_o_mode)2, 0>, ap_fixed<16, 6, (ap_q_mode)5, (ap_o_mode)3, 0>, nnet::aria_first_conv_mult_config<config4_mult> >(nnet::aria_first_conv_mult_config<config4_mult>::accum_t)' into 'void nnet::dense_latency<ap_fixed<10, 5, (ap_q_mode)0, (ap_o_mode)2, 0>, ap_fixed<16, 6, (ap_q_mode)5, (ap_o_mode)3, 0>, nnet::aria_first_conv_mult_config<config4_mult> >(ap_fixed<10, 5, (ap_q_mode)0, (ap_o_mode)2, 0>*, ap_fixed<16, 6, (ap_q_mode)5, (ap_o_mode)3, 0>*, nnet::aria_first_conv_mult_config<config4_mult>::weight_t*, nnet::aria_first_conv_mult_config<config4_mult>::bias_t*)' (firmware/nnet_utils/nnet_dense_latency.h:15:0)
INFO: [HLS 214-178] Inlining function 'nnet::array<ap_fixed<10, 5, (ap_q_mode)0, (ap_o_mode)2, 0>, 8u>::operator[](unsigned long)' into 'void nnet::first_conv_2row_4lane_temporal_wide_cl<nnet::array<ap_fixed<10, 5, (ap_q_mode)0, (ap_o_mode)2, 0>, 8u>, nnet::array<ap_fixed<16, 6, (ap_q_mode)5, (ap_o_mode)3, 0>, 80u>, config4>(hls::stream<nnet::array<ap_fixed<10, 5, (ap_q_mode)0, (ap_o_mode)2, 0>, 8u>, 0>&, hls::stream<nnet::array<ap_fixed<16, 6, (ap_q_mode)5, (ap_o_mode)3, 0>, 80u>, 0>&, config4::weight_t*, config4::bias_t*)' (firmware/nnet_utils/nnet_aria.h:23:0)
INFO: [HLS 214-178] Inlining function 'nnet::array<ap_fixed<16, 6, (ap_q_mode)5, (ap_o_mode)3, 0>, 80u>::operator[](unsigned long)' into 'void nnet::first_conv_2row_4lane_temporal_wide_cl<nnet::array<ap_fixed<10, 5, (ap_q_mode)0, (ap_o_mode)2, 0>, 8u>, nnet::array<ap_fixed<16, 6, (ap_q_mode)5, (ap_o_mode)3, 0>, 80u>, config4>(hls::stream<nnet::array<ap_fixed<10, 5, (ap_q_mode)0, (ap_o_mode)2, 0>, 8u>, 0>&, hls::stream<nnet::array<ap_fixed<16, 6, (ap_q_mode)5, (ap_o_mode)3, 0>, 80u>, 0>&, config4::weight_t*, config4::bias_t*)' (firmware/nnet_utils/nnet_aria.h:23:0)
INFO: [HLS 214-178] Inlining function 'nnet::array<ap_fixed<16, 6, (ap_q_mode)5, (ap_o_mode)3, 0>, 80u>::operator[](unsigned long)' into 'void nnet::relu<nnet::array<ap_fixed<16, 6, (ap_q_mode)5, (ap_o_mode)3, 0>, 80u>, nnet::array<ap_ufixed<15, 5, (ap_q_mode)5, (ap_o_mode)3, 0>, 80u>, relu_config5>(hls::stream<nnet::array<ap_fixed<16, 6, (ap_q_mode)5, (ap_o_mode)3, 0>, 80u>, 0>&, hls::stream<nnet::array<ap_ufixed<15, 5, (ap_q_mode)5, (ap_o_mode)3, 0>, 80u>, 0>&)' (firmware/nnet_utils/nnet_activation_stream.h:39:0)
INFO: [HLS 214-178] Inlining function 'nnet::array<ap_ufixed<15, 5, (ap_q_mode)5, (ap_o_mode)3, 0>, 80u>::operator[](unsigned long)' into 'void nnet::relu<nnet::array<ap_fixed<16, 6, (ap_q_mode)5, (ap_o_mode)3, 0>, 80u>, nnet::array<ap_ufixed<15, 5, (ap_q_mode)5, (ap_o_mode)3, 0>, 80u>, relu_config5>(hls::stream<nnet::array<ap_fixed<16, 6, (ap_q_mode)5, (ap_o_mode)3, 0>, 80u>, 0>&, hls::stream<nnet::array<ap_ufixed<15, 5, (ap_q_mode)5, (ap_o_mode)3, 0>, 80u>, 0>&)' (firmware/nnet_utils/nnet_activation_stream.h:39:0)
INFO: [HLS 214-178] Inlining function 'nnet::array<ap_ufixed<15, 5, (ap_q_mode)5, (ap_o_mode)3, 0>, 80u>::operator[](unsigned long)' into 'void nnet::maxpool2d_wide_nonoverlap_cl<nnet::array<ap_ufixed<15, 5, (ap_q_mode)5, (ap_o_mode)3, 0>, 80u>, nnet::array<ap_fixed<10, 5, (ap_q_mode)0, (ap_o_mode)2, 0>, 80u>, config6>(hls::stream<nnet::array<ap_ufixed<15, 5, (ap_q_mode)5, (ap_o_mode)3, 0>, 80u>, 0>&, hls::stream<nnet::array<ap_fixed<10, 5, (ap_q_mode)0, (ap_o_mode)2, 0>, 80u>, 0>&)' (firmware/nnet_utils/nnet_aria.h:228:0)
INFO: [HLS 214-178] Inlining function 'nnet::array<ap_fixed<10, 5, (ap_q_mode)0, (ap_o_mode)2, 0>, 80u>::operator[](unsigned long) (.21)' into 'void nnet::maxpool2d_wide_nonoverlap_cl<nnet::array<ap_ufixed<15, 5, (ap_q_mode)5, (ap_o_mode)3, 0>, 80u>, nnet::array<ap_fixed<10, 5, (ap_q_mode)0, (ap_o_mode)2, 0>, 80u>, config6>(hls::stream<nnet::array<ap_ufixed<15, 5, (ap_q_mode)5, (ap_o_mode)3, 0>, 80u>, 0>&, hls::stream<nnet::array<ap_fixed<10, 5, (ap_q_mode)0, (ap_o_mode)2, 0>, 80u>, 0>&)' (firmware/nnet_utils/nnet_aria.h:228:0)
INFO: [HLS 214-178] Inlining function 'nnet::array<ap_fixed<10, 5, (ap_q_mode)0, (ap_o_mode)2, 0>, 80u>::operator[](unsigned long) const' into 'nnet::array<ap_fixed<10, 5, (ap_q_mode)0, (ap_o_mode)2, 0>, 80u>::operator=(nnet::array<ap_fixed<10, 5, (ap_q_mode)0, (ap_o_mode)2, 0>, 80u> const&)' (firmware/nnet_utils/nnet_types.h:21:0)
INFO: [HLS 214-178] Inlining function 'nnet::array<ap_fixed<10, 5, (ap_q_mode)0, (ap_o_mode)2, 0>, 80u>::operator=(nnet::array<ap_fixed<10, 5, (ap_q_mode)0, (ap_o_mode)2, 0>, 80u> const&)' into 'void nnet::dense_wide_stream<nnet::array<ap_fixed<10, 5, (ap_q_mode)0, (ap_o_mode)2, 0>, 80u>, nnet::array<ap_fixed<24, 14, (ap_q_mode)5, (ap_o_mode)3, 0>, 1u>, config9>(hls::stream<nnet::array<ap_fixed<10, 5, (ap_q_mode)0, (ap_o_mode)2, 0>, 80u>, 0>&, hls::stream<nnet::array<ap_fixed<24, 14, (ap_q_mode)5, (ap_o_mode)3, 0>, 1u>, 0>&, ap_uint<240> const*, config9::bias_t*)' (firmware/nnet_utils/nnet_aria.h:277:0)
INFO: [HLS 214-178] Inlining function 'nnet::array<ap_fixed<10, 5, (ap_q_mode)0, (ap_o_mode)2, 0>, 80u>::operator[](unsigned long)' into 'void nnet::dense_wide_stream<nnet::array<ap_fixed<10, 5, (ap_q_mode)0, (ap_o_mode)2, 0>, 80u>, nnet::array<ap_fixed<24, 14, (ap_q_mode)5, (ap_o_mode)3, 0>, 1u>, config9>(hls::stream<nnet::array<ap_fixed<10, 5, (ap_q_mode)0, (ap_o_mode)2, 0>, 80u>, 0>&, hls::stream<nnet::array<ap_fixed<24, 14, (ap_q_mode)5, (ap_o_mode)3, 0>, 1u>, 0>&, ap_uint<240> const*, config9::bias_t*)' (firmware/nnet_utils/nnet_aria.h:277:0)
INFO: [HLS 214-178] Inlining function 'std::enable_if<!(std::is_same<ap_fixed<10, 5, (ap_q_mode)0, (ap_o_mode)2, 0>, ap_uint<1> >::value), ap_fixed<24, 14, (ap_q_mode)5, (ap_o_mode)3, 0> >::type nnet::cast<ap_fixed<10, 5, (ap_q_mode)0, (ap_o_mode)2, 0>, ap_fixed<24, 14, (ap_q_mode)5, (ap_o_mode)3, 0>, config9>(config9::accum_t)' into 'void nnet::dense_wide_stream<nnet::array<ap_fixed<10, 5, (ap_q_mode)0, (ap_o_mode)2, 0>, 80u>, nnet::array<ap_fixed<24, 14, (ap_q_mode)5, (ap_o_mode)3, 0>, 1u>, config9>(hls::stream<nnet::array<ap_fixed<10, 5, (ap_q_mode)0, (ap_o_mode)2, 0>, 80u>, 0>&, hls::stream<nnet::array<ap_fixed<24, 14, (ap_q_mode)5, (ap_o_mode)3, 0>, 1u>, 0>&, ap_uint<240> const*, config9::bias_t*)' (firmware/nnet_utils/nnet_aria.h:277:0)
INFO: [HLS 214-178] Inlining function 'nnet::array<ap_fixed<24, 14, (ap_q_mode)5, (ap_o_mode)3, 0>, 1u>::operator[](unsigned long)' into 'void nnet::dense_wide_stream<nnet::array<ap_fixed<10, 5, (ap_q_mode)0, (ap_o_mode)2, 0>, 80u>, nnet::array<ap_fixed<24, 14, (ap_q_mode)5, (ap_o_mode)3, 0>, 1u>, config9>(hls::stream<nnet::array<ap_fixed<10, 5, (ap_q_mode)0, (ap_o_mode)2, 0>, 80u>, 0>&, hls::stream<nnet::array<ap_fixed<24, 14, (ap_q_mode)5, (ap_o_mode)3, 0>, 1u>, 0>&, ap_uint<240> const*, config9::bias_t*)' (firmware/nnet_utils/nnet_aria.h:277:0)
INFO: [HLS 214-248] Applying array_partition to 'b4': Complete partitioning on dimension 1. (firmware/weights/b4.h:12:0)
INFO: [HLS 214-248] Applying array_partition to 'b9': Complete partitioning on dimension 1. (firmware/weights/b9.h:12:0)
INFO: [HLS 214-248] Applying array_partition to 'row0': Complete partitioning on dimension 1. (firmware/nnet_utils/nnet_aria.h:44:22)
INFO: [HLS 214-248] Applying array_partition to 'row1': Complete partitioning on dimension 1. (firmware/nnet_utils/nnet_aria.h:45:22)
INFO: [HLS 214-248] Applying array_partition to 'old_buf': Complete partitioning on dimension 1. Complete partitioning on dimension 2. (firmware/nnet_utils/nnet_aria.h:54:22)
INFO: [HLS 214-248] Applying array_partition to 'kernel_data': Complete partitioning on dimension 1.
INFO: [HLS 214-248] Applying array_partition to 'res_out': Complete partitioning on dimension 1.
INFO: [HLS 214-248] Applying array_partition to 'previous': Complete partitioning on dimension 1. (firmware/nnet_utils/nnet_aria.h:242:33)
INFO: [HLS 214-241] Aggregating fifo (hls::stream) variable 'layer6_out_x4' with compact=bit mode in 800-bits (firmware/cnn_core.cpp:35:34)
INFO: [HLS 214-241] Aggregating fifo (hls::stream) variable 'layer5_out_x4' with compact=bit mode in 1200-bits (firmware/cnn_core.cpp:31:34)
INFO: [HLS 214-241] Aggregating fifo (hls::stream) variable 'layer4_out_x4' with compact=bit mode in 1280-bits (firmware/cnn_core.cpp:27:29)
INFO: [HLS 214-364] Automatically inlining function 'void nnet::dense_latency<ap_fixed<10, 5, (ap_q_mode)0, (ap_o_mode)2, 0>, ap_fixed<16, 6, (ap_q_mode)5, (ap_o_mode)3, 0>, nnet::aria_first_conv_mult_config<config4_mult> >(ap_fixed<10, 5, (ap_q_mode)0, (ap_o_mode)2, 0>*, ap_fixed<16, 6, (ap_q_mode)5, (ap_o_mode)3, 0>*, nnet::aria_first_conv_mult_config<config4_mult>::weight_t*, nnet::aria_first_conv_mult_config<config4_mult>::bias_t*)' to improve effectiveness of pipeline pragma in function 'void nnet::first_conv_2row_4lane_temporal_wide_cl<nnet::array<ap_fixed<10, 5, (ap_q_mode)0, (ap_o_mode)2, 0>, 8u>, nnet::array<ap_fixed<16, 6, (ap_q_mode)5, (ap_o_mode)3, 0>, 80u>, config4>(hls::stream<nnet::array<ap_fixed<10, 5, (ap_q_mode)0, (ap_o_mode)2, 0>, 8u>, 0>&, hls::stream<nnet::array<ap_fixed<16, 6, (ap_q_mode)5, (ap_o_mode)3, 0>, 80u>, 0>&, config4::weight_t*, config4::bias_t*)' (firmware/nnet_utils/nnet_dense.h:54:2)
INFO: [HLS 214-270] Inferring pragma 'array_partition type=complete dim=1' for array 'input_word' due to pipeline pragma (firmware/nnet_utils/nnet_aria.h:300:9)
INFO: [HLS 214-248] Applying array_partition to 'input_word': Complete partitioning on dimension 1. (firmware/nnet_utils/nnet_aria.h:296:12)
INFO: [HLS 200-111] Finished Compiling Optimization and Transform: CPU user time: 4.21 seconds. CPU system time: 0.29 seconds. Elapsed time: 6.64 seconds; current allocated memory: 268.602 MB.
INFO: [HLS 200-111] Finished Checking Pragmas: CPU user time: 0 seconds. CPU system time: 0 seconds. Elapsed time: 0 seconds; current allocated memory: 268.602 MB.
INFO: [HLS 200-10] Starting code transformations ...
INFO: [HLS 200-111] Finished Standard Transforms: CPU user time: 0.24 seconds. CPU system time: 0.01 seconds. Elapsed time: 0.26 seconds; current allocated memory: 279.363 MB.
INFO: [HLS 200-10] Checking synthesizability ...
INFO: [HLS 200-111] Finished Checking Synthesizability: CPU user time: 0.7 seconds. CPU system time: 0 seconds. Elapsed time: 0.71 seconds; current allocated memory: 285.074 MB.
INFO: [XFORM 203-712] Applying dataflow to function 'cnn_core' (firmware/cnn_core.cpp:10), detected/extracted 4 process function(s): 
	 'nnet::first_conv_2row_4lane_temporal_wide_cl<nnet::array<ap_fixed<10, 5, (ap_q_mode)0, (ap_o_mode)2, 0>, 8u>, nnet::array<ap_fixed<16, 6, (ap_q_mode)5, (ap_o_mode)3, 0>, 80u>, config4>'
	 'nnet::relu<nnet::array<ap_fixed<16, 6, (ap_q_mode)5, (ap_o_mode)3, 0>, 80u>, nnet::array<ap_ufixed<15, 5, (ap_q_mode)5, (ap_o_mode)3, 0>, 80u>, relu_config5>'
	 'nnet::maxpool2d_wide_nonoverlap_cl<nnet::array<ap_ufixed<15, 5, (ap_q_mode)5, (ap_o_mode)3, 0>, 80u>, nnet::array<ap_fixed<10, 5, (ap_q_mode)0, (ap_o_mode)2, 0>, 80u>, config6>'
	 'nnet::dense_wide_stream<nnet::array<ap_fixed<10, 5, (ap_q_mode)0, (ap_o_mode)2, 0>, 80u>, nnet::array<ap_fixed<24, 14, (ap_q_mode)5, (ap_o_mode)3, 0>, 1u>, config9>'.
INFO: [XFORM 203-11] Balancing expressions in function 'nnet::first_conv_2row_4lane_temporal_wide_cl<nnet::array<ap_fixed<10, 5, (ap_q_mode)0, (ap_o_mode)2, 0>, 8u>, nnet::array<ap_fixed<16, 6, (ap_q_mode)5, (ap_o_mode)3, 0>, 80u>, config4>' (firmware/nnet_utils/nnet_aria.h:33:5)...72 expression(s) balanced.
INFO: [XFORM 203-11] Balancing expressions in function 'nnet::dense_wide_stream<nnet::array<ap_fixed<10, 5, (ap_q_mode)0, (ap_o_mode)2, 0>, 80u>, nnet::array<ap_fixed<24, 14, (ap_q_mode)5, (ap_o_mode)3, 0>, 1u>, config9>' (firmware/nnet_utils/nnet_aria.h:73:5)...40 expression(s) balanced.
INFO: [HLS 200-111] Finished Loop, function and other optimizations: CPU user time: 1.05 seconds. CPU system time: 0.02 seconds. Elapsed time: 1.08 seconds; current allocated memory: 332.887 MB.
INFO: [HLS 200-111] Finished Architecture Synthesis: CPU user time: 0.33 seconds. CPU system time: 0.02 seconds. Elapsed time: 0.35 seconds; current allocated memory: 397.910 MB.
INFO: [HLS 200-10] Starting hardware synthesis ...
INFO: [HLS 200-10] Synthesizing 'cnn_core' ...
WARNING: [SYN 201-103] Legalizing function name 'first_conv_2row_4lane_temporal_wide_cl<array,array<ap_fixed,80u>,config4>' to 'first_conv_2row_4lane_temporal_wide_cl_array_array_ap_fixed_80u_config4_s'.
WARNING: [SYN 201-103] Legalizing function name 'relu<array<ap_fixed,80u>,array<ap_ufixed<15,5,5,3,0>,80u>,relu_config5>' to 'relu_array_ap_fixed_80u_array_ap_ufixed_15_5_5_3_0_80u_relu_config5_s'.
WARNING: [SYN 201-103] Legalizing function name 'maxpool2d_wide_nonoverlap_cl<array,array<ap_fixed,80u>,config6>' to 'maxpool2d_wide_nonoverlap_cl_array_array_ap_fixed_80u_config6_s'.
WARNING: [SYN 201-103] Legalizing function name 'dense_wide_stream<array,array<ap_fixed,1u>,config9>_Pipeline_DenseValues' to 'dense_wide_stream_array_array_ap_fixed_1u_config9_Pipeline_DenseValues'.
WARNING: [SYN 201-103] Legalizing function name 'dense_wide_stream<array,array<ap_fixed<24,14,5,3,0>,1u>,config9>' to 'dense_wide_stream_array_array_ap_fixed_24_14_5_3_0_1u_config9_s'.
WARNING: [SYN 201-223] Checking resource limit in 'first_conv_2row_4lane_temporal_wide_cl<array,array<ap_fixed,80u>,config4>': cannot find any operation of 'mul'.
WARNING: [SYN 201-223] Checking resource limit in 'first_conv_2row_4lane_temporal_wide_cl<array,array<ap_fixed,80u>,config4>': cannot find any operation of 'mul'.
WARNING: [SYN 201-223] Checking resource limit in 'first_conv_2row_4lane_temporal_wide_cl<array,array<ap_fixed,80u>,config4>': cannot find any operation of 'mul'.
WARNING: [SYN 201-223] Checking resource limit in 'first_conv_2row_4lane_temporal_wide_cl<array,array<ap_fixed,80u>,config4>': cannot find any operation of 'mul'.
INFO: [HLS 200-10] ----------------------------------------------------------------
INFO: [HLS 200-42] -- Implementing module 'first_conv_2row_4lane_temporal_wide_cl_array_array_ap_fixed_80u_config4_s' 
INFO: [HLS 200-10] ----------------------------------------------------------------
INFO: [SCHED 204-11] Starting scheduling ...
INFO: [SCHED 204-61] Pipelining loop 'ReadPairsWide'.
INFO: [HLS 200-1470] Pipelining result : Target II = 1, Final II = 1, Depth = 3, loop 'ReadPairsWide'
INFO: [SCHED 204-11] Finished scheduling.
INFO: [HLS 200-111] Finished Scheduling: CPU user time: 0.54 seconds. CPU system time: 0.01 seconds. Elapsed time: 0.56 seconds; current allocated memory: 415.344 MB.
INFO: [BIND 205-100] Starting micro-architecture generation ...
INFO: [BIND 205-101] Performing variable lifetime analysis.
INFO: [BIND 205-101] Exploring resource sharing.
INFO: [BIND 205-101] Binding ...
INFO: [BIND 205-100] Finished micro-architecture generation.
INFO: [HLS 200-111] Finished Binding: CPU user time: 0.23 seconds. CPU system time: 0 seconds. Elapsed time: 0.23 seconds; current allocated memory: 415.344 MB.
INFO: [HLS 200-10] ----------------------------------------------------------------
INFO: [HLS 200-42] -- Implementing module 'relu_array_ap_fixed_80u_array_ap_ufixed_15_5_5_3_0_80u_relu_config5_s' 
INFO: [HLS 200-10] ----------------------------------------------------------------
INFO: [SCHED 204-11] Starting scheduling ...
INFO: [SCHED 204-61] Pipelining loop 'ReLUActLoop'.
INFO: [HLS 200-1470] Pipelining result : Target II = NA, Final II = 1, Depth = 3, loop 'ReLUActLoop'
INFO: [SCHED 204-11] Finished scheduling.
INFO: [HLS 200-111] Finished Scheduling: CPU user time: 0.16 seconds. CPU system time: 0.01 seconds. Elapsed time: 0.16 seconds; current allocated memory: 415.344 MB.
INFO: [BIND 205-100] Starting micro-architecture generation ...
INFO: [BIND 205-101] Performing variable lifetime analysis.
INFO: [BIND 205-101] Exploring resource sharing.
INFO: [BIND 205-101] Binding ...
INFO: [BIND 205-100] Finished micro-architecture generation.
INFO: [HLS 200-111] Finished Binding: CPU user time: 0.03 seconds. CPU system time: 0 seconds. Elapsed time: 0.04 seconds; current allocated memory: 415.344 MB.
INFO: [HLS 200-10] ----------------------------------------------------------------
INFO: [HLS 200-42] -- Implementing module 'maxpool2d_wide_nonoverlap_cl_array_array_ap_fixed_80u_config6_s' 
INFO: [HLS 200-10] ----------------------------------------------------------------
INFO: [SCHED 204-11] Starting scheduling ...
INFO: [SCHED 204-61] Pipelining loop 'PoolRows'.
INFO: [HLS 200-1470] Pipelining result : Target II = 1, Final II = 1, Depth = 3, loop 'PoolRows'
INFO: [SCHED 204-11] Finished scheduling.
INFO: [HLS 200-111] Finished Scheduling: CPU user time: 0.29 seconds. CPU system time: 0.01 seconds. Elapsed time: 0.3 seconds; current allocated memory: 425.809 MB.
INFO: [BIND 205-100] Starting micro-architecture generation ...
INFO: [BIND 205-101] Performing variable lifetime analysis.
INFO: [BIND 205-101] Exploring resource sharing.
INFO: [BIND 205-101] Binding ...
INFO: [BIND 205-100] Finished micro-architecture generation.
INFO: [HLS 200-111] Finished Binding: CPU user time: 0.13 seconds. CPU system time: 0 seconds. Elapsed time: 0.13 seconds; current allocated memory: 425.914 MB.
INFO: [HLS 200-10] ----------------------------------------------------------------
INFO: [HLS 200-42] -- Implementing module 'dense_wide_stream_array_array_ap_fixed_1u_config9_Pipeline_DenseValues' 
INFO: [HLS 200-10] ----------------------------------------------------------------
INFO: [SCHED 204-11] Starting scheduling ...
INFO: [SCHED 204-61] Pipelining loop 'DenseValues'.
INFO: [HLS 200-1470] Pipelining result : Target II = 1, Final II = 1, Depth = 8, loop 'DenseValues'
INFO: [SCHED 204-11] Finished scheduling.
INFO: [HLS 200-111] Finished Scheduling: CPU user time: 0.28 seconds. CPU system time: 0.01 seconds. Elapsed time: 0.28 seconds; current allocated memory: 433.664 MB.
INFO: [BIND 205-100] Starting micro-architecture generation ...
INFO: [BIND 205-101] Performing variable lifetime analysis.
INFO: [BIND 205-101] Exploring resource sharing.
INFO: [BIND 205-101] Binding ...
INFO: [BIND 205-100] Finished micro-architecture generation.
INFO: [HLS 200-111] Finished Binding: CPU user time: 0.04 seconds. CPU system time: 0 seconds. Elapsed time: 0.05 seconds; current allocated memory: 433.664 MB.
INFO: [HLS 200-10] ----------------------------------------------------------------
INFO: [HLS 200-42] -- Implementing module 'dense_wide_stream_array_array_ap_fixed_24_14_5_3_0_1u_config9_s' 
INFO: [HLS 200-10] ----------------------------------------------------------------
INFO: [SCHED 204-11] Starting scheduling ...
INFO: [SCHED 204-11] Finished scheduling.
INFO: [HLS 200-111] Finished Scheduling: CPU user time: 0.03 seconds. CPU system time: 0 seconds. Elapsed time: 0.03 seconds; current allocated memory: 433.664 MB.
INFO: [BIND 205-100] Starting micro-architecture generation ...
INFO: [BIND 205-101] Performing variable lifetime analysis.
INFO: [BIND 205-101] Exploring resource sharing.
INFO: [BIND 205-101] Binding ...
INFO: [BIND 205-100] Finished micro-architecture generation.
INFO: [HLS 200-111] Finished Binding: CPU user time: 0.01 seconds. CPU system time: 0 seconds. Elapsed time: 0.01 seconds; current allocated memory: 433.664 MB.
INFO: [HLS 200-10] ----------------------------------------------------------------
INFO: [HLS 200-42] -- Implementing module 'cnn_core' 
INFO: [HLS 200-10] ----------------------------------------------------------------
INFO: [SCHED 204-11] Starting scheduling ...
INFO: [SCHED 204-11] Finished scheduling.
INFO: [HLS 200-111] Finished Scheduling: CPU user time: 0.02 seconds. CPU system time: 0 seconds. Elapsed time: 0.01 seconds; current allocated memory: 433.664 MB.
INFO: [BIND 205-100] Starting micro-architecture generation ...
INFO: [BIND 205-101] Performing variable lifetime analysis.
INFO: [BIND 205-101] Exploring resource sharing.
INFO: [BIND 205-101] Binding ...
INFO: [BIND 205-100] Finished micro-architecture generation.
INFO: [HLS 200-111] Finished Binding: CPU user time: 0.02 seconds. CPU system time: 0 seconds. Elapsed time: 0.02 seconds; current allocated memory: 433.664 MB.
INFO: [HLS 200-10] ----------------------------------------------------------------
INFO: [HLS 200-10] -- Generating RTL for module 'first_conv_2row_4lane_temporal_wide_cl_array_array_ap_fixed_80u_config4_s' 
INFO: [HLS 200-10] ----------------------------------------------------------------
INFO: [HLS 200-1030] Apply Unified Pipeline Control on module 'first_conv_2row_4lane_temporal_wide_cl_array_array_ap_fixed_80u_config4_s' pipeline 'ReadPairsWide' pipeline type 'loop pipeline'
INFO: [RTGEN 206-100] Finished creating RTL model for 'first_conv_2row_4lane_temporal_wide_cl_array_array_ap_fixed_80u_config4_s'.
INFO: [HLS 200-111] Finished Creating RTL model: CPU user time: 0.13 seconds. CPU system time: 0.01 seconds. Elapsed time: 0.14 seconds; current allocated memory: 442.273 MB.
INFO: [HLS 200-10] ----------------------------------------------------------------
INFO: [HLS 200-10] -- Generating RTL for module 'relu_array_ap_fixed_80u_array_ap_ufixed_15_5_5_3_0_80u_relu_config5_s' 
INFO: [HLS 200-10] ----------------------------------------------------------------
INFO: [HLS 200-1030] Apply Unified Pipeline Control on module 'relu_array_ap_fixed_80u_array_ap_ufixed_15_5_5_3_0_80u_relu_config5_s' pipeline 'ReLUActLoop' pipeline type 'loop pipeline'
INFO: [RTGEN 206-100] Finished creating RTL model for 'relu_array_ap_fixed_80u_array_ap_ufixed_15_5_5_3_0_80u_relu_config5_s'.
INFO: [HLS 200-111] Finished Creating RTL model: CPU user time: 0.32 seconds. CPU system time: 0.02 seconds. Elapsed time: 0.35 seconds; current allocated memory: 474.094 MB.
INFO: [HLS 200-10] ----------------------------------------------------------------
INFO: [HLS 200-10] -- Generating RTL for module 'maxpool2d_wide_nonoverlap_cl_array_array_ap_fixed_80u_config6_s' 
INFO: [HLS 200-10] ----------------------------------------------------------------
INFO: [HLS 200-1030] Apply Unified Pipeline Control on module 'maxpool2d_wide_nonoverlap_cl_array_array_ap_fixed_80u_config6_s' pipeline 'PoolRows' pipeline type 'loop pipeline'
INFO: [RTGEN 206-100] Finished creating RTL model for 'maxpool2d_wide_nonoverlap_cl_array_array_ap_fixed_80u_config6_s'.
INFO: [HLS 200-111] Finished Creating RTL model: CPU user time: 0.19 seconds. CPU system time: 0.01 seconds. Elapsed time: 0.2 seconds; current allocated memory: 487.664 MB.
INFO: [HLS 200-10] ----------------------------------------------------------------
INFO: [HLS 200-10] -- Generating RTL for module 'dense_wide_stream_array_array_ap_fixed_1u_config9_Pipeline_DenseValues' 
INFO: [HLS 200-10] ----------------------------------------------------------------
INFO: [SYN 201-210] Renamed object name 'dense_wide_stream_array_array_ap_fixed_1u_config9_Pipeline_DenseValues_w9_ravel_packed_ROM_1P_BRAM_1R' to 'dense_wide_stream_array_array_ap_fixed_1u_config9_Pipeline_DenseValues_w9_ravbkb' due to the length limit 80
INFO: [HLS 200-1030] Apply Unified Pipeline Control on module 'dense_wide_stream_array_array_ap_fixed_1u_config9_Pipeline_DenseValues' pipeline 'DenseValues' pipeline type 'loop pipeline'
INFO: [RTGEN 206-100] Generating core module 'mac_muladd_10s_4s_16s_16_1_1': 1 instance(s).
INFO: [RTGEN 206-100] Generating core module 'mac_muladd_10s_6s_16s_17_1_1': 16 instance(s).
INFO: [RTGEN 206-100] Generating core module 'mac_muladd_10s_6s_17s_17_1_1': 7 instance(s).
INFO: [RTGEN 206-100] Generating core module 'mul_10s_6s_16_1_1': 16 instance(s).
INFO: [RTGEN 206-100] Finished creating RTL model for 'dense_wide_stream_array_array_ap_fixed_1u_config9_Pipeline_DenseValues'.
INFO: [RTMG 210-279] Implementing memory 'cnn_core_dense_wide_stream_array_array_ap_fixed_1u_config9_Pipeline_DenseValues_w9_ravbkb' using block ROMs.
INFO: [HLS 200-111] Finished Creating RTL model: CPU user time: 0.31 seconds. CPU system time: 0.02 seconds. Elapsed time: 0.33 seconds; current allocated memory: 516.789 MB.
INFO: [HLS 200-10] ----------------------------------------------------------------
INFO: [HLS 200-10] -- Generating RTL for module 'dense_wide_stream_array_array_ap_fixed_24_14_5_3_0_1u_config9_s' 
INFO: [HLS 200-10] ----------------------------------------------------------------
INFO: [RTGEN 206-100] Finished creating RTL model for 'dense_wide_stream_array_array_ap_fixed_24_14_5_3_0_1u_config9_s'.
INFO: [HLS 200-111] Finished Creating RTL model: CPU user time: 0.13 seconds. CPU system time: 0.01 seconds. Elapsed time: 0.14 seconds; current allocated memory: 527.344 MB.
INFO: [HLS 200-10] ----------------------------------------------------------------
INFO: [HLS 200-10] -- Generating RTL for module 'cnn_core' 
INFO: [HLS 200-10] ----------------------------------------------------------------
WARNING: [RTGEN 206-101] Design contains AXI ports. Reset is fixed to synchronous and active low.
INFO: [RTGEN 206-500] Setting interface mode on port 'cnn_core/waveform' to 'axis' (register, both mode).
INFO: [RTGEN 206-500] Setting interface mode on port 'cnn_core/layer9_out' to 'axis' (register, both mode).
INFO: [RTGEN 206-500] Setting interface mode on function 'cnn_core' to 'ap_ctrl_hs'.
WARNING: [HLS 200-656] Deadlocks can occur since process first_conv_2row_4lane_temporal_wide_cl<array,array<ap_fixed,80u>,config4> is instantiated in a dataflow region with ap_ctrl_none or without start propagation and contains an auto-rewind pipeline.
WARNING: [HLS 200-656] Deadlocks can occur since process relu<array<ap_fixed,80u>,array<ap_ufixed<15,5,5,3,0>,80u>,relu_config5> is instantiated in a dataflow region with ap_ctrl_none or without start propagation and contains an auto-rewind pipeline.
WARNING: [HLS 200-656] Deadlocks can occur since process maxpool2d_wide_nonoverlap_cl<array,array<ap_fixed,80u>,config6> is instantiated in a dataflow region with ap_ctrl_none or without start propagation and contains an auto-rewind pipeline.
INFO: [RTGEN 206-100] Finished creating RTL model for 'cnn_core'.
INFO: [RTMG 210-285] Implementing FIFO 'layer4_out_x4_U(cnn_core_fifo_w1280_d4_S)' using Shift Registers.
INFO: [RTMG 210-285] Implementing FIFO 'layer5_out_x4_U(cnn_core_fifo_w1200_d4_S)' using Shift Registers.
INFO: [RTMG 210-285] Implementing FIFO 'layer6_out_x4_U(cnn_core_fifo_w800_d4_S)' using Shift Registers.
INFO: [HLS 200-111] Finished Creating RTL model: CPU user time: 0.04 seconds. CPU system time: 0 seconds. Elapsed time: 0.04 seconds; current allocated memory: 533.402 MB.
INFO: [HLS 200-111] Finished Generating all RTL models: CPU user time: 0.23 seconds. CPU system time: 0.01 seconds. Elapsed time: 0.24 seconds; current allocated memory: 534.125 MB.
INFO: [HLS 200-111] Finished Updating report files: CPU user time: 0.38 seconds. CPU system time: 0.01 seconds. Elapsed time: 0.4 seconds; current allocated memory: 545.953 MB.
INFO: [VHDL 208-304] Generating VHDL RTL for cnn_core.
INFO: [VLOG 209-307] Generating Verilog RTL for cnn_core.
INFO: [HLS 200-790] **** Loop Constraint Status: All loop constraints were satisfied.
INFO: [HLS 200-789] **** Estimated Fmax: 290.28 MHz
INFO: [HLS 200-111] Finished Command csynth_design CPU user time: 14.76 seconds. CPU system time: 0.91 seconds. Elapsed time: 17.99 seconds; current allocated memory: 289.094 MB.
INFO: [HLS 200-1510] Running: add_files -tb cnn_core_test.cpp -cflags -std=c++0x -DRTL_SIM 
INFO: [HLS 200-10] Adding test bench file 'cnn_core_test.cpp' to the project
INFO: [HLS 200-1510] Running: cosim_design -trace_level all -setup 
INFO: [COSIM 212-47] Using XSIM for RTL simulation.
INFO: [COSIM 212-14] Instrumenting C test bench ...
INFO: [COSIM 212-302] Starting C TB testing ... 
INFO: [COSIM 212-333] Generating C post check test bench ...
INFO: [COSIM 212-12] Generating RTL test bench ...
INFO: [COSIM 212-1] *** C/RTL co-simulation file generation completed. ***
INFO: [HLS 200-111] Finished Command cosim_design CPU user time: 8.89 seconds. CPU system time: 0.92 seconds. Elapsed time: 9.84 seconds; current allocated memory: 10.652 MB.
INFO: [COSIM 212-302] Starting C TB testing ...  
INFO: [COSIM 212-323] Starting verilog simulation...
INFO: [COSIM 212-15] Starting XSIM ...
INFO: [COSIM 212-316] Starting C post checking ...
