

================================================================
== Vitis HLS Report for 'cnn_core'
================================================================
* Date:           Sun May 17 02:50:18 2026

* Version:        2023.2 (Build 4023990 on Oct 11 2023)
* Project:        cnn_core_streaming_prj
* Solution:       solution1 (Vivado IP Flow Target)
* Product family: kintexuplus
* Target device:  xcku5p-ffvb676-2-e


================================================================
== Performance Estimates
================================================================
+ Timing: 
    * Summary: 
    +--------+---------+----------+------------+
    |  Clock |  Target | Estimated| Uncertainty|
    +--------+---------+----------+------------+
    |ap_clk  |  5.00 ns|  3.886 ns|     1.35 ns|
    +--------+---------+----------+------------+

+ Latency: 
    * Summary: 
    +---------+---------+----------+----------+-----+-----+----------+
    |  Latency (cycles) |  Latency (absolute) |  Interval | Pipeline |
    |   min   |   max   |    min   |    max   | min | max |   Type   |
    +---------+---------+----------+----------+-----+-----+----------+
    |      345|      345|  1.725 us|  1.725 us|  340|  340|  dataflow|
    +---------+---------+----------+----------+-----+-----+----------+

    + Detail: 
        * Instance: 
        +--------------------------------------------------------------------------------+----------------------------------------------------------------------+---------+---------+----------+----------+-----+-----+---------+
        |                                                                                |                                                                      |  Latency (cycles) |  Latency (absolute) |  Interval | Pipeline|
        |                                    Instance                                    |                                Module                                |   min   |   max   |    min   |    max   | min | max |   Type  |
        +--------------------------------------------------------------------------------+----------------------------------------------------------------------+---------+---------+----------+----------+-----+-----+---------+
        |grp_first_conv_4lane_temporal_wide_cl_array_array_ap_fixed_28u_config3_s_fu_74  |first_conv_4lane_temporal_wide_cl_array_array_ap_fixed_28u_config3_s  |      259|      259|  1.295 us|  1.295 us|  259|  259|       no|
        |grp_unpack_4lane_temporal_cl_array_array_ap_fixed_9_5_5_3_0_7u_config3_s_fu_81  |unpack_4lane_temporal_cl_array_array_ap_fixed_9_5_5_3_0_7u_config3_s  |      339|      339|  1.695 us|  1.695 us|  339|  339|       no|
        |grp_relu_array_ap_fixed_7u_array_ap_fixed_16_6_5_3_0_7u_relu_config4_s_fu_87    |relu_array_ap_fixed_7u_array_ap_fixed_16_6_5_3_0_7u_relu_config4_s    |      339|      339|  1.695 us|  1.695 us|  339|  339|       no|
        |grp_maxpool2d_nonoverlap_cl_array_array_ap_fixed_16_6_5_3_0_7u_config5_s_fu_93  |maxpool2d_nonoverlap_cl_array_array_ap_fixed_16_6_5_3_0_7u_config5_s  |      339|      339|  1.695 us|  1.695 us|  339|  339|       no|
        |grp_dense_array_ap_fixed_7u_array_ap_fixed_9_5_5_3_0_1u_config7_s_fu_99         |dense_array_ap_fixed_7u_array_ap_fixed_9_5_5_3_0_1u_config7_s         |      176|      176|  0.880 us|  0.880 us|  176|  176|       no|
        +--------------------------------------------------------------------------------+----------------------------------------------------------------------+---------+---------+----------+----------+-----+-----+---------+

        * Loop: 
        N/A

============================================================
+ Verbose Summary: Synthesis Manager
============================================================
InlineROM: 1
ExposeGlobal: 0
============================================================
+ Verbose Summary: CDFG Model
============================================================
IsTopModel: 1
ResetActiveHigh: 1
IsCombinational: 2
IsDatapathOnly: 0
HasWiredReturn: 1
HasMFsm: 0
HasVarLatency: 1
IsPipeline: 0
IsRtlPipelined: 0
IsInstanceOverlapped: 0
IsDontTouch: 0
HasImplIP: 0
IsGatedGlobalClock: 0


============================================================
+ Verbose Summary: Schedule
============================================================
* Number of FSM states : 12
* Pipeline : 0
* Dataflow Pipeline: 1
  DF-Pipeline-0: Size = 12, States = { 1 2 3 4 5 6 7 8 9 10 11 12 }

* FSM state transitions: 
1 --> 2 
2 --> 3 
3 --> 4 
4 --> 5 
5 --> 6 
6 --> 7 
7 --> 8 
8 --> 9 
9 --> 10 
10 --> 11 
11 --> 12 
12 --> 

* FSM state operations: 

State 1 <SV = 0> <Delay = 0.00>
ST_1 : Operation 13 [1/1] (0.00ns)   --->   "%layer3x4_out = alloca i64 1"   --->   Operation 13 'alloca' 'layer3x4_out' <Predicate = true> <Delay = 0.00> <CoreInst = "FIFO">   --->   Core 78 'FIFO' <Latency = 0> <II = 1> <Delay = 1.65> <Storage> <Opcode : 'read' 'write' 'nbread' 'nbwrite'> <Ports = 0> <Width = 252> <Depth = 84> <FIFO>
ST_1 : Operation 14 [1/1] (0.00ns)   --->   "%layer3_out = alloca i64 1"   --->   Operation 14 'alloca' 'layer3_out' <Predicate = true> <Delay = 0.00> <CoreInst = "FIFO">   --->   Core 78 'FIFO' <Latency = 0> <II = 1> <Delay = 1.72> <Storage> <Opcode : 'read' 'write' 'nbread' 'nbwrite'> <Ports = 0> <Width = 63> <Depth = 336> <FIFO>
ST_1 : Operation 15 [1/1] (0.00ns)   --->   "%layer4_out = alloca i64 1"   --->   Operation 15 'alloca' 'layer4_out' <Predicate = true> <Delay = 0.00> <CoreInst = "FIFO">   --->   Core 78 'FIFO' <Latency = 0> <II = 1> <Delay = 1.72> <Storage> <Opcode : 'read' 'write' 'nbread' 'nbwrite'> <Ports = 0> <Width = 112> <Depth = 336> <FIFO>
ST_1 : Operation 16 [1/1] (0.00ns)   --->   "%layer5_out = alloca i64 1"   --->   Operation 16 'alloca' 'layer5_out' <Predicate = true> <Delay = 0.00> <CoreInst = "FIFO">   --->   Core 78 'FIFO' <Latency = 0> <II = 1> <Delay = 1.73> <Storage> <Opcode : 'read' 'write' 'nbread' 'nbwrite'> <Ports = 0> <Width = 112> <Depth = 168> <FIFO>

State 2 <SV = 1> <Delay = 0.00>
ST_2 : Operation 17 [2/2] (0.00ns)   --->   "%call_ln46 = call void @first_conv_4lane_temporal_wide_cl<array,array<ap_fixed,28u>,config3>, i64 %input_layer, i252 %layer3x4_out" [firmware/cnn_core.cpp:46]   --->   Operation 17 'call' 'call_ln46' <Predicate = true> <Delay = 0.00> <CoreType = "Generic">   --->   Core 0 '' <Latency = 0> <II = 1> <Delay = 1.00> <Generic> <Opcode : >

State 3 <SV = 2> <Delay = 0.00>
ST_3 : Operation 18 [1/2] (0.00ns)   --->   "%call_ln46 = call void @first_conv_4lane_temporal_wide_cl<array,array<ap_fixed,28u>,config3>, i64 %input_layer, i252 %layer3x4_out" [firmware/cnn_core.cpp:46]   --->   Operation 18 'call' 'call_ln46' <Predicate = true> <Delay = 0.00> <CoreType = "Generic">   --->   Core 0 '' <Latency = 0> <II = 1> <Delay = 1.00> <Generic> <Opcode : >

State 4 <SV = 3> <Delay = 0.00>
ST_4 : Operation 19 [2/2] (0.00ns)   --->   "%call_ln48 = call void @unpack_4lane_temporal_cl<array,array<ap_fixed<9,5,5,3,0>,7u>,config3>, i252 %layer3x4_out, i63 %layer3_out" [firmware/cnn_core.cpp:48]   --->   Operation 19 'call' 'call_ln48' <Predicate = true> <Delay = 0.00> <CoreType = "Generic">   --->   Core 0 '' <Latency = 0> <II = 1> <Delay = 1.00> <Generic> <Opcode : >

State 5 <SV = 4> <Delay = 0.00>
ST_5 : Operation 20 [1/2] (0.00ns)   --->   "%call_ln48 = call void @unpack_4lane_temporal_cl<array,array<ap_fixed<9,5,5,3,0>,7u>,config3>, i252 %layer3x4_out, i63 %layer3_out" [firmware/cnn_core.cpp:48]   --->   Operation 20 'call' 'call_ln48' <Predicate = true> <Delay = 0.00> <CoreType = "Generic">   --->   Core 0 '' <Latency = 0> <II = 1> <Delay = 1.00> <Generic> <Opcode : >

State 6 <SV = 5> <Delay = 0.00>
ST_6 : Operation 21 [2/2] (0.00ns)   --->   "%call_ln50 = call void @relu<array<ap_fixed,7u>,array<ap_fixed<16,6,5,3,0>,7u>,relu_config4>, i63 %layer3_out, i112 %layer4_out" [firmware/cnn_core.cpp:50]   --->   Operation 21 'call' 'call_ln50' <Predicate = true> <Delay = 0.00> <CoreType = "Generic">   --->   Core 0 '' <Latency = 0> <II = 1> <Delay = 1.00> <Generic> <Opcode : >

State 7 <SV = 6> <Delay = 0.00>
ST_7 : Operation 22 [1/2] (0.00ns)   --->   "%call_ln50 = call void @relu<array<ap_fixed,7u>,array<ap_fixed<16,6,5,3,0>,7u>,relu_config4>, i63 %layer3_out, i112 %layer4_out" [firmware/cnn_core.cpp:50]   --->   Operation 22 'call' 'call_ln50' <Predicate = true> <Delay = 0.00> <CoreType = "Generic">   --->   Core 0 '' <Latency = 0> <II = 1> <Delay = 1.00> <Generic> <Opcode : >

State 8 <SV = 7> <Delay = 0.00>
ST_8 : Operation 23 [2/2] (0.00ns)   --->   "%call_ln52 = call void @maxpool2d_nonoverlap_cl<array,array<ap_fixed<16,6,5,3,0>,7u>,config5>, i112 %layer4_out, i112 %layer5_out" [firmware/cnn_core.cpp:52]   --->   Operation 23 'call' 'call_ln52' <Predicate = true> <Delay = 0.00> <CoreType = "Generic">   --->   Core 0 '' <Latency = 0> <II = 1> <Delay = 1.00> <Generic> <Opcode : >

State 9 <SV = 8> <Delay = 0.00>
ST_9 : Operation 24 [1/2] (0.00ns)   --->   "%call_ln52 = call void @maxpool2d_nonoverlap_cl<array,array<ap_fixed<16,6,5,3,0>,7u>,config5>, i112 %layer4_out, i112 %layer5_out" [firmware/cnn_core.cpp:52]   --->   Operation 24 'call' 'call_ln52' <Predicate = true> <Delay = 0.00> <CoreType = "Generic">   --->   Core 0 '' <Latency = 0> <II = 1> <Delay = 1.00> <Generic> <Opcode : >

State 10 <SV = 9> <Delay = 0.00>
ST_10 : Operation 25 [2/2] (0.00ns)   --->   "%call_ln54 = call void @dense<array<ap_fixed,7u>,array<ap_fixed<9,5,5,3,0>,1u>,config7>, i112 %layer5_out, i16 %layer7_out" [firmware/cnn_core.cpp:54]   --->   Operation 25 'call' 'call_ln54' <Predicate = true> <Delay = 0.00> <CoreType = "Generic">   --->   Core 0 '' <Latency = 0> <II = 1> <Delay = 1.00> <Generic> <Opcode : >

State 11 <SV = 10> <Delay = 0.00>
ST_11 : Operation 26 [1/2] (0.00ns)   --->   "%call_ln54 = call void @dense<array<ap_fixed,7u>,array<ap_fixed<9,5,5,3,0>,1u>,config7>, i112 %layer5_out, i16 %layer7_out" [firmware/cnn_core.cpp:54]   --->   Operation 26 'call' 'call_ln54' <Predicate = true> <Delay = 0.00> <CoreType = "Generic">   --->   Core 0 '' <Latency = 0> <II = 1> <Delay = 1.00> <Generic> <Opcode : >

State 12 <SV = 11> <Delay = 0.00>
ST_12 : Operation 27 [1/1] (0.00ns)   --->   "%specdataflowpipeline_ln14 = specdataflowpipeline void @_ssdm_op_SpecDataflowPipeline, i32 4294967295, i32 0, void @empty_0" [firmware/cnn_core.cpp:14]   --->   Operation 27 'specdataflowpipeline' 'specdataflowpipeline_ln14' <Predicate = true> <Delay = 0.00>
ST_12 : Operation 28 [1/1] (0.00ns)   --->   "%spectopmodule_ln7 = spectopmodule void @_ssdm_op_SpecTopModule, void @empty_2" [firmware/cnn_core.cpp:7]   --->   Operation 28 'spectopmodule' 'spectopmodule_ln7' <Predicate = true> <Delay = 0.00>
ST_12 : Operation 29 [1/1] (0.00ns)   --->   "%specinterface_ln0 = specinterface void @_ssdm_op_SpecInterface, i64 %input_layer, void @empty, i32 1, i32 1, void @empty_8, i32 0, i32 0, void @empty_0, void @empty_0, void @empty_0, i32 0, i32 0, i32 0, i32 0, void @empty_0, void @empty_0, i32 4294967295, i32 0"   --->   Operation 29 'specinterface' 'specinterface_ln0' <Predicate = true> <Delay = 0.00>
ST_12 : Operation 30 [1/1] (0.00ns)   --->   "%specbitsmap_ln0 = specbitsmap void @_ssdm_op_SpecBitsMap, i64 %input_layer"   --->   Operation 30 'specbitsmap' 'specbitsmap_ln0' <Predicate = true> <Delay = 0.00>
ST_12 : Operation 31 [1/1] (0.00ns)   --->   "%specinterface_ln0 = specinterface void @_ssdm_op_SpecInterface, i16 %layer7_out, void @empty, i32 1, i32 1, void @empty_8, i32 0, i32 0, void @empty_0, void @empty_0, void @empty_0, i32 0, i32 0, i32 0, i32 0, void @empty_0, void @empty_0, i32 4294967295, i32 0"   --->   Operation 31 'specinterface' 'specinterface_ln0' <Predicate = true> <Delay = 0.00>
ST_12 : Operation 32 [1/1] (0.00ns)   --->   "%specbitsmap_ln0 = specbitsmap void @_ssdm_op_SpecBitsMap, i16 %layer7_out"   --->   Operation 32 'specbitsmap' 'specbitsmap_ln0' <Predicate = true> <Delay = 0.00>
ST_12 : Operation 33 [1/1] (0.00ns)   --->   "%empty = specchannel i32 @_ssdm_op_SpecChannel, void @layer3x4_out_str, i32 1, void @p_str, void @p_str, i32 84, i32 84, i252 %layer3x4_out, i252 %layer3x4_out"   --->   Operation 33 'specchannel' 'empty' <Predicate = true> <Delay = 0.00>
ST_12 : Operation 34 [1/1] (0.00ns)   --->   "%specinterface_ln0 = specinterface void @_ssdm_op_SpecInterface, i252 %layer3x4_out, void @empty_9, i32 0, i32 0, void @empty_0, i32 0, i32 0, void @empty_0, void @empty_0, void @empty_0, i32 0, i32 0, i32 0, i32 0, void @empty_0, void @empty_0, i32 4294967295, i32 0"   --->   Operation 34 'specinterface' 'specinterface_ln0' <Predicate = true> <Delay = 0.00>
ST_12 : Operation 35 [1/1] (0.00ns)   --->   "%empty_40 = specchannel i32 @_ssdm_op_SpecChannel, void @layer3_out_str, i32 1, void @p_str, void @p_str, i32 336, i32 336, i63 %layer3_out, i63 %layer3_out"   --->   Operation 35 'specchannel' 'empty_40' <Predicate = true> <Delay = 0.00>
ST_12 : Operation 36 [1/1] (0.00ns)   --->   "%specinterface_ln0 = specinterface void @_ssdm_op_SpecInterface, i63 %layer3_out, void @empty_9, i32 0, i32 0, void @empty_0, i32 0, i32 0, void @empty_0, void @empty_0, void @empty_0, i32 0, i32 0, i32 0, i32 0, void @empty_0, void @empty_0, i32 4294967295, i32 0"   --->   Operation 36 'specinterface' 'specinterface_ln0' <Predicate = true> <Delay = 0.00>
ST_12 : Operation 37 [1/1] (0.00ns)   --->   "%empty_41 = specchannel i32 @_ssdm_op_SpecChannel, void @layer4_out_str, i32 1, void @p_str, void @p_str, i32 336, i32 336, i112 %layer4_out, i112 %layer4_out"   --->   Operation 37 'specchannel' 'empty_41' <Predicate = true> <Delay = 0.00>
ST_12 : Operation 38 [1/1] (0.00ns)   --->   "%specinterface_ln0 = specinterface void @_ssdm_op_SpecInterface, i112 %layer4_out, void @empty_9, i32 0, i32 0, void @empty_0, i32 0, i32 0, void @empty_0, void @empty_0, void @empty_0, i32 0, i32 0, i32 0, i32 0, void @empty_0, void @empty_0, i32 4294967295, i32 0"   --->   Operation 38 'specinterface' 'specinterface_ln0' <Predicate = true> <Delay = 0.00>
ST_12 : Operation 39 [1/1] (0.00ns)   --->   "%empty_42 = specchannel i32 @_ssdm_op_SpecChannel, void @layer5_out_str, i32 1, void @p_str, void @p_str, i32 168, i32 168, i112 %layer5_out, i112 %layer5_out"   --->   Operation 39 'specchannel' 'empty_42' <Predicate = true> <Delay = 0.00>
ST_12 : Operation 40 [1/1] (0.00ns)   --->   "%specinterface_ln0 = specinterface void @_ssdm_op_SpecInterface, i112 %layer5_out, void @empty_9, i32 0, i32 0, void @empty_0, i32 0, i32 0, void @empty_0, void @empty_0, void @empty_0, i32 0, i32 0, i32 0, i32 0, void @empty_0, void @empty_0, i32 4294967295, i32 0"   --->   Operation 40 'specinterface' 'specinterface_ln0' <Predicate = true> <Delay = 0.00>
ST_12 : Operation 41 [1/1] (0.00ns)   --->   "%ret_ln56 = ret" [firmware/cnn_core.cpp:56]   --->   Operation 41 'ret' 'ret_ln56' <Predicate = true> <Delay = 0.00>


============================================================
+ Verbose Summary: Binding
============================================================
STG Binding: 
---------------- STG Properties BEGIN ----------------
- Is combinational: 0
- Is one-state seq: 0
- Is datapath-only: 0
- Is pipelined: 0
- Is top level: 1
Port [ Return ] is wired: 1; IO mode=ap_ctrl_hs:ce=0
Port [ input_layer]:  wired=1; compound=1; hidden=0; nouse=0; global=0; static=0; extern=0; dir=0; type=0; pingpong=0; private_global=0; IO mode=axis:ce=0
Port [ layer7_out]:  wired=1; compound=1; hidden=0; nouse=0; global=0; static=0; extern=0; dir=1; type=0; pingpong=0; private_global=0; IO mode=axis:ce=0
---------------- STG Properties END ------------------

---------------- Datapath Model BEGIN ----------------

<LifeTime>
<method=bitvector/>
layer3x4_out              (alloca              ) [ 0011111111111]
layer3_out                (alloca              ) [ 0011111111111]
layer4_out                (alloca              ) [ 0011111111111]
layer5_out                (alloca              ) [ 0011111111111]
call_ln46                 (call                ) [ 0000000000000]
call_ln48                 (call                ) [ 0000000000000]
call_ln50                 (call                ) [ 0000000000000]
call_ln52                 (call                ) [ 0000000000000]
call_ln54                 (call                ) [ 0000000000000]
specdataflowpipeline_ln14 (specdataflowpipeline) [ 0000000000000]
spectopmodule_ln7         (spectopmodule       ) [ 0000000000000]
specinterface_ln0         (specinterface       ) [ 0000000000000]
specbitsmap_ln0           (specbitsmap         ) [ 0000000000000]
specinterface_ln0         (specinterface       ) [ 0000000000000]
specbitsmap_ln0           (specbitsmap         ) [ 0000000000000]
empty                     (specchannel         ) [ 0000000000000]
specinterface_ln0         (specinterface       ) [ 0000000000000]
empty_40                  (specchannel         ) [ 0000000000000]
specinterface_ln0         (specinterface       ) [ 0000000000000]
empty_41                  (specchannel         ) [ 0000000000000]
specinterface_ln0         (specinterface       ) [ 0000000000000]
empty_42                  (specchannel         ) [ 0000000000000]
specinterface_ln0         (specinterface       ) [ 0000000000000]
ret_ln56                  (ret                 ) [ 0000000000000]
</LifeTime>

<model>

<comp_list>
<comp id="0" class="1000" name="input_layer">
<pin_list>
<pin id="1" dir="1" index="0" bw="1" slack="0"/>
</pin_list>
<bind>
<StgValue><ssdm name="input_layer"/></StgValue>
</bind>
</comp>

<comp id="2" class="1000" name="layer7_out">
<pin_list>
<pin id="3" dir="1" index="0" bw="1" slack="0"/>
</pin_list>
<bind>
<StgValue><ssdm name="layer7_out"/></StgValue>
</bind>
</comp>

<comp id="4" class="1001" name="const_4">
<pin_list>
<pin id="5" dir="1" index="0" bw="1" slack="0"/>
</pin_list>
<bind>
<StgValue><ssdm name=""/></StgValue>
</bind>
</comp>

<comp id="6" class="1001" name="const_6">
<pin_list>
<pin id="7" dir="1" index="0" bw="1" slack="0"/>
</pin_list>
<bind>
<StgValue><ssdm name="first_conv_4lane_temporal_wide_cl<array,array<ap_fixed,28u>,config3>"/></StgValue>
</bind>
</comp>

<comp id="8" class="1001" name="const_8">
<pin_list>
<pin id="9" dir="1" index="0" bw="1" slack="0"/>
</pin_list>
<bind>
<StgValue><ssdm name="unpack_4lane_temporal_cl<array,array<ap_fixed<9,5,5,3,0>,7u>,config3>"/></StgValue>
</bind>
</comp>

<comp id="10" class="1001" name="const_10">
<pin_list>
<pin id="11" dir="1" index="0" bw="1" slack="0"/>
</pin_list>
<bind>
<StgValue><ssdm name="relu<array<ap_fixed,7u>,array<ap_fixed<16,6,5,3,0>,7u>,relu_config4>"/></StgValue>
</bind>
</comp>

<comp id="12" class="1001" name="const_12">
<pin_list>
<pin id="13" dir="1" index="0" bw="1" slack="0"/>
</pin_list>
<bind>
<StgValue><ssdm name="maxpool2d_nonoverlap_cl<array,array<ap_fixed<16,6,5,3,0>,7u>,config5>"/></StgValue>
</bind>
</comp>

<comp id="14" class="1001" name="const_14">
<pin_list>
<pin id="15" dir="1" index="0" bw="1" slack="0"/>
</pin_list>
<bind>
<StgValue><ssdm name="dense<array<ap_fixed,7u>,array<ap_fixed<9,5,5,3,0>,1u>,config7>"/></StgValue>
</bind>
</comp>

<comp id="16" class="1001" name="const_16">
<pin_list>
<pin id="17" dir="1" index="0" bw="1" slack="2147483647"/>
</pin_list>
<bind>
<StgValue><ssdm name="_ssdm_op_SpecDataflowPipeline"/></StgValue>
</bind>
</comp>

<comp id="18" class="1001" name="const_18">
<pin_list>
<pin id="19" dir="1" index="0" bw="1" slack="2147483647"/>
</pin_list>
<bind>
<StgValue><ssdm name=""/></StgValue>
</bind>
</comp>

<comp id="20" class="1001" name="const_20">
<pin_list>
<pin id="21" dir="1" index="0" bw="1" slack="2147483647"/>
</pin_list>
<bind>
<StgValue><ssdm name=""/></StgValue>
</bind>
</comp>

<comp id="22" class="1001" name="const_22">
<pin_list>
<pin id="23" dir="1" index="0" bw="1" slack="2147483647"/>
</pin_list>
<bind>
<StgValue><ssdm name="empty_0"/></StgValue>
</bind>
</comp>

<comp id="24" class="1001" name="const_24">
<pin_list>
<pin id="25" dir="1" index="0" bw="1" slack="2147483647"/>
</pin_list>
<bind>
<StgValue><ssdm name="_ssdm_op_SpecTopModule"/></StgValue>
</bind>
</comp>

<comp id="26" class="1001" name="const_26">
<pin_list>
<pin id="27" dir="1" index="0" bw="1" slack="2147483647"/>
</pin_list>
<bind>
<StgValue><ssdm name="empty_2"/></StgValue>
</bind>
</comp>

<comp id="28" class="1001" name="const_28">
<pin_list>
<pin id="29" dir="1" index="0" bw="1" slack="2147483647"/>
</pin_list>
<bind>
<StgValue><ssdm name="_ssdm_op_SpecInterface"/></StgValue>
</bind>
</comp>

<comp id="30" class="1001" name="const_30">
<pin_list>
<pin id="31" dir="1" index="0" bw="1" slack="2147483647"/>
</pin_list>
<bind>
<StgValue><ssdm name="empty"/></StgValue>
</bind>
</comp>

<comp id="32" class="1001" name="const_32">
<pin_list>
<pin id="33" dir="1" index="0" bw="1" slack="2147483647"/>
</pin_list>
<bind>
<StgValue><ssdm name=""/></StgValue>
</bind>
</comp>

<comp id="34" class="1001" name="const_34">
<pin_list>
<pin id="35" dir="1" index="0" bw="1" slack="2147483647"/>
</pin_list>
<bind>
<StgValue><ssdm name="empty_8"/></StgValue>
</bind>
</comp>

<comp id="36" class="1001" name="const_36">
<pin_list>
<pin id="37" dir="1" index="0" bw="1" slack="2147483647"/>
</pin_list>
<bind>
<StgValue><ssdm name="_ssdm_op_SpecBitsMap"/></StgValue>
</bind>
</comp>

<comp id="38" class="1001" name="const_38">
<pin_list>
<pin id="39" dir="1" index="0" bw="1" slack="2147483647"/>
</pin_list>
<bind>
<StgValue><ssdm name="_ssdm_op_SpecChannel"/></StgValue>
</bind>
</comp>

<comp id="40" class="1001" name="const_40">
<pin_list>
<pin id="41" dir="1" index="0" bw="1" slack="2147483647"/>
</pin_list>
<bind>
<StgValue><ssdm name="layer3x4_out_str"/></StgValue>
</bind>
</comp>

<comp id="42" class="1001" name="const_42">
<pin_list>
<pin id="43" dir="1" index="0" bw="1" slack="2147483647"/>
</pin_list>
<bind>
<StgValue><ssdm name="p_str"/></StgValue>
</bind>
</comp>

<comp id="44" class="1001" name="const_44">
<pin_list>
<pin id="45" dir="1" index="0" bw="1" slack="2147483647"/>
</pin_list>
<bind>
<StgValue><ssdm name=""/></StgValue>
</bind>
</comp>

<comp id="46" class="1001" name="const_46">
<pin_list>
<pin id="47" dir="1" index="0" bw="1" slack="2147483647"/>
</pin_list>
<bind>
<StgValue><ssdm name="empty_9"/></StgValue>
</bind>
</comp>

<comp id="48" class="1001" name="const_48">
<pin_list>
<pin id="49" dir="1" index="0" bw="1" slack="2147483647"/>
</pin_list>
<bind>
<StgValue><ssdm name="layer3_out_str"/></StgValue>
</bind>
</comp>

<comp id="50" class="1001" name="const_50">
<pin_list>
<pin id="51" dir="1" index="0" bw="1" slack="2147483647"/>
</pin_list>
<bind>
<StgValue><ssdm name=""/></StgValue>
</bind>
</comp>

<comp id="52" class="1001" name="const_52">
<pin_list>
<pin id="53" dir="1" index="0" bw="1" slack="2147483647"/>
</pin_list>
<bind>
<StgValue><ssdm name="layer4_out_str"/></StgValue>
</bind>
</comp>

<comp id="54" class="1001" name="const_54">
<pin_list>
<pin id="55" dir="1" index="0" bw="1" slack="2147483647"/>
</pin_list>
<bind>
<StgValue><ssdm name="layer5_out_str"/></StgValue>
</bind>
</comp>

<comp id="56" class="1001" name="const_56">
<pin_list>
<pin id="57" dir="1" index="0" bw="1" slack="2147483647"/>
</pin_list>
<bind>
<StgValue><ssdm name=""/></StgValue>
</bind>
</comp>

<comp id="58" class="1004" name="layer3x4_out_fu_58">
<pin_list>
<pin id="59" dir="0" index="0" bw="1" slack="0"/>
<pin id="60" dir="1" index="1" bw="252" slack="1"/>
</pin_list>
<bind>
<opcode="alloca(26) " fcode="alloca"/>
<opset="layer3x4_out/1 "/>
</bind>
</comp>

<comp id="62" class="1004" name="layer3_out_fu_62">
<pin_list>
<pin id="63" dir="0" index="0" bw="1" slack="0"/>
<pin id="64" dir="1" index="1" bw="63" slack="3"/>
</pin_list>
<bind>
<opcode="alloca(26) " fcode="alloca"/>
<opset="layer3_out/1 "/>
</bind>
</comp>

<comp id="66" class="1004" name="layer4_out_fu_66">
<pin_list>
<pin id="67" dir="0" index="0" bw="1" slack="0"/>
<pin id="68" dir="1" index="1" bw="112" slack="5"/>
</pin_list>
<bind>
<opcode="alloca(26) " fcode="alloca"/>
<opset="layer4_out/1 "/>
</bind>
</comp>

<comp id="70" class="1004" name="layer5_out_fu_70">
<pin_list>
<pin id="71" dir="0" index="0" bw="1" slack="0"/>
<pin id="72" dir="1" index="1" bw="112" slack="7"/>
</pin_list>
<bind>
<opcode="alloca(26) " fcode="alloca"/>
<opset="layer5_out/1 "/>
</bind>
</comp>

<comp id="74" class="1004" name="grp_first_conv_4lane_temporal_wide_cl_array_array_ap_fixed_28u_config3_s_fu_74">
<pin_list>
<pin id="75" dir="0" index="0" bw="0" slack="0"/>
<pin id="76" dir="0" index="1" bw="64" slack="0"/>
<pin id="77" dir="0" index="2" bw="252" slack="1"/>
<pin id="78" dir="1" index="3" bw="0" slack="2147483647"/>
</pin_list>
<bind>
<opcode="call(48) " fcode="call"/>
<opset="call_ln46/2 "/>
</bind>
</comp>

<comp id="81" class="1004" name="grp_unpack_4lane_temporal_cl_array_array_ap_fixed_9_5_5_3_0_7u_config3_s_fu_81">
<pin_list>
<pin id="82" dir="0" index="0" bw="0" slack="0"/>
<pin id="83" dir="0" index="1" bw="252" slack="3"/>
<pin id="84" dir="0" index="2" bw="63" slack="3"/>
<pin id="85" dir="1" index="3" bw="0" slack="2147483647"/>
</pin_list>
<bind>
<opcode="call(48) " fcode="call"/>
<opset="call_ln48/4 "/>
</bind>
</comp>

<comp id="87" class="1004" name="grp_relu_array_ap_fixed_7u_array_ap_fixed_16_6_5_3_0_7u_relu_config4_s_fu_87">
<pin_list>
<pin id="88" dir="0" index="0" bw="0" slack="0"/>
<pin id="89" dir="0" index="1" bw="63" slack="5"/>
<pin id="90" dir="0" index="2" bw="112" slack="5"/>
<pin id="91" dir="1" index="3" bw="0" slack="2147483647"/>
</pin_list>
<bind>
<opcode="call(48) " fcode="call"/>
<opset="call_ln50/6 "/>
</bind>
</comp>

<comp id="93" class="1004" name="grp_maxpool2d_nonoverlap_cl_array_array_ap_fixed_16_6_5_3_0_7u_config5_s_fu_93">
<pin_list>
<pin id="94" dir="0" index="0" bw="0" slack="0"/>
<pin id="95" dir="0" index="1" bw="112" slack="7"/>
<pin id="96" dir="0" index="2" bw="112" slack="7"/>
<pin id="97" dir="1" index="3" bw="0" slack="2147483647"/>
</pin_list>
<bind>
<opcode="call(48) " fcode="call"/>
<opset="call_ln52/8 "/>
</bind>
</comp>

<comp id="99" class="1004" name="grp_dense_array_ap_fixed_7u_array_ap_fixed_9_5_5_3_0_1u_config7_s_fu_99">
<pin_list>
<pin id="100" dir="0" index="0" bw="0" slack="0"/>
<pin id="101" dir="0" index="1" bw="112" slack="9"/>
<pin id="102" dir="0" index="2" bw="16" slack="0"/>
<pin id="103" dir="1" index="3" bw="0" slack="2147483647"/>
</pin_list>
<bind>
<opcode="call(48) " fcode="call"/>
<opset="call_ln54/10 "/>
</bind>
</comp>

<comp id="106" class="1005" name="layer3x4_out_reg_106">
<pin_list>
<pin id="107" dir="0" index="0" bw="252" slack="1"/>
<pin id="108" dir="1" index="1" bw="252" slack="1"/>
</pin_list>
<bind>
<opset="layer3x4_out "/>
</bind>
</comp>

<comp id="112" class="1005" name="layer3_out_reg_112">
<pin_list>
<pin id="113" dir="0" index="0" bw="63" slack="3"/>
<pin id="114" dir="1" index="1" bw="63" slack="3"/>
</pin_list>
<bind>
<opset="layer3_out "/>
</bind>
</comp>

<comp id="118" class="1005" name="layer4_out_reg_118">
<pin_list>
<pin id="119" dir="0" index="0" bw="112" slack="5"/>
<pin id="120" dir="1" index="1" bw="112" slack="5"/>
</pin_list>
<bind>
<opset="layer4_out "/>
</bind>
</comp>

<comp id="124" class="1005" name="layer5_out_reg_124">
<pin_list>
<pin id="125" dir="0" index="0" bw="112" slack="7"/>
<pin id="126" dir="1" index="1" bw="112" slack="7"/>
</pin_list>
<bind>
<opset="layer5_out "/>
</bind>
</comp>

</comp_list>

<net_list>
<net id="61"><net_src comp="4" pin="0"/><net_sink comp="58" pin=0"/></net>

<net id="65"><net_src comp="4" pin="0"/><net_sink comp="62" pin=0"/></net>

<net id="69"><net_src comp="4" pin="0"/><net_sink comp="66" pin=0"/></net>

<net id="73"><net_src comp="4" pin="0"/><net_sink comp="70" pin=0"/></net>

<net id="79"><net_src comp="6" pin="0"/><net_sink comp="74" pin=0"/></net>

<net id="80"><net_src comp="0" pin="0"/><net_sink comp="74" pin=1"/></net>

<net id="86"><net_src comp="8" pin="0"/><net_sink comp="81" pin=0"/></net>

<net id="92"><net_src comp="10" pin="0"/><net_sink comp="87" pin=0"/></net>

<net id="98"><net_src comp="12" pin="0"/><net_sink comp="93" pin=0"/></net>

<net id="104"><net_src comp="14" pin="0"/><net_sink comp="99" pin=0"/></net>

<net id="105"><net_src comp="2" pin="0"/><net_sink comp="99" pin=2"/></net>

<net id="109"><net_src comp="58" pin="1"/><net_sink comp="106" pin=0"/></net>

<net id="110"><net_src comp="106" pin="1"/><net_sink comp="74" pin=2"/></net>

<net id="111"><net_src comp="106" pin="1"/><net_sink comp="81" pin=1"/></net>

<net id="115"><net_src comp="62" pin="1"/><net_sink comp="112" pin=0"/></net>

<net id="116"><net_src comp="112" pin="1"/><net_sink comp="81" pin=2"/></net>

<net id="117"><net_src comp="112" pin="1"/><net_sink comp="87" pin=1"/></net>

<net id="121"><net_src comp="66" pin="1"/><net_sink comp="118" pin=0"/></net>

<net id="122"><net_src comp="118" pin="1"/><net_sink comp="87" pin=2"/></net>

<net id="123"><net_src comp="118" pin="1"/><net_sink comp="93" pin=1"/></net>

<net id="127"><net_src comp="70" pin="1"/><net_sink comp="124" pin=0"/></net>

<net id="128"><net_src comp="124" pin="1"/><net_sink comp="93" pin=2"/></net>

<net id="129"><net_src comp="124" pin="1"/><net_sink comp="99" pin=1"/></net>

</net_list>

</model> 
---------------- Datapath Model END ------------------

* FSMD analyzer results:
  - Output states:
	Port: layer7_out | {10 11 }
 - Input state : 
	Port: cnn_core : input_layer | {2 3 }
  - Chain level:
	State 1
	State 2
	State 3
	State 4
	State 5
	State 6
	State 7
	State 8
	State 9
	State 10
	State 11
	State 12


============================================================
+ Verbose Summary: Datapath Resource usage 
============================================================

* Functional unit list:
|----------|--------------------------------------------------------------------------------|---------|---------|---------|---------|
| Operation|                                 Functional Unit                                |   DSP   |  Delay  |    FF   |   LUT   |
|----------|--------------------------------------------------------------------------------|---------|---------|---------|---------|
|          | grp_first_conv_4lane_temporal_wide_cl_array_array_ap_fixed_28u_config3_s_fu_74 |    4    |    0    |   737   |   4363  |
|          | grp_unpack_4lane_temporal_cl_array_array_ap_fixed_9_5_5_3_0_7u_config3_s_fu_81 |    0    |    0    |   297   |   321   |
|   call   |  grp_relu_array_ap_fixed_7u_array_ap_fixed_16_6_5_3_0_7u_relu_config4_s_fu_87  |    0    |    0    |    73   |   242   |
|          | grp_maxpool2d_nonoverlap_cl_array_array_ap_fixed_16_6_5_3_0_7u_config5_s_fu_93 |    0    |  0.427  |   606   |   568   |
|          |     grp_dense_array_ap_fixed_7u_array_ap_fixed_9_5_5_3_0_1u_config7_s_fu_99    |    13   |  0.427  |  27892  |  30685  |
|----------|--------------------------------------------------------------------------------|---------|---------|---------|---------|
|   Total  |                                                                                |    17   |  0.854  |  29605  |  36179  |
|----------|--------------------------------------------------------------------------------|---------|---------|---------|---------|

Memories:
N/A

* Register list:
+--------------------+--------+
|                    |   FF   |
+--------------------+--------+
| layer3_out_reg_112 |   63   |
|layer3x4_out_reg_106|   252  |
| layer4_out_reg_118 |   112  |
| layer5_out_reg_124 |   112  |
+--------------------+--------+
|        Total       |   539  |
+--------------------+--------+

* Multiplexer (MUX) list: 
|--------|------|------|------|--------|
|  Comp  |  Pin | Size |  BW  | S x BW |
|--------|------|------|------|--------|
|  Total |      |      |      |    0   |
|--------|------|------|------|--------|



* Summary:
+-----------+--------+--------+--------+--------+
|           |   DSP  |  Delay |   FF   |   LUT  |
+-----------+--------+--------+--------+--------+
|  Function |   17   |    0   |  29605 |  36179 |
|   Memory  |    -   |    -   |    -   |    -   |
|Multiplexer|    -   |    -   |    -   |    -   |
|  Register |    -   |    -   |   539  |    -   |
+-----------+--------+--------+--------+--------+
|   Total   |   17   |    0   |  30144 |  36179 |
+-----------+--------+--------+--------+--------+
