/home/work1/Works/CNN-Core-Generator/hls_streaming/cnn_core_streaming_prj/solution1/.autopilot/db/cnn_core.pp.0.cpp:29316:7: warning: Added loop label VITIS_LOOP_1207_1:   [xilinx-label-all-loops]
      for (i = 0; i < __N - 1; ++i) {
      ^~~
      VITIS_LOOP_1207_1: 
/home/work1/Works/CNN-Core-Generator/hls_streaming/cnn_core_streaming_prj/solution1/.autopilot/db/cnn_core.pp.0.cpp:29316:7: note: FIX-IT applied suggested code changes
/home/work1/Works/CNN-Core-Generator/hls_streaming/cnn_core_streaming_prj/solution1/.autopilot/db/cnn_core.pp.0.cpp:30290:5: warning: Added loop label VITIS_LOOP_676_1:   [xilinx-label-all-loops]
    for (unsigned i = low; i != high; ++i) {
    ^~~
    VITIS_LOOP_676_1: 
/home/work1/Works/CNN-Core-Generator/hls_streaming/cnn_core_streaming_prj/solution1/.autopilot/db/cnn_core.pp.0.cpp:30290:5: note: FIX-IT applied suggested code changes
/home/work1/Works/CNN-Core-Generator/hls_streaming/cnn_core_streaming_prj/solution1/.autopilot/db/cnn_core.pp.0.cpp:30304:5: warning: Added loop label VITIS_LOOP_690_1:   [xilinx-label-all-loops]
    for (unsigned i = low; i != high; ++i) {
    ^~~
    VITIS_LOOP_690_1: 
/home/work1/Works/CNN-Core-Generator/hls_streaming/cnn_core_streaming_prj/solution1/.autopilot/db/cnn_core.pp.0.cpp:30304:5: note: FIX-IT applied suggested code changes
/home/work1/Works/CNN-Core-Generator/hls_streaming/cnn_core_streaming_prj/solution1/.autopilot/db/cnn_core.pp.0.cpp:30318:5: warning: Added loop label VITIS_LOOP_704_1:   [xilinx-label-all-loops]
    for (unsigned i = low; i != high; ++i) {
    ^~~
    VITIS_LOOP_704_1: 
/home/work1/Works/CNN-Core-Generator/hls_streaming/cnn_core_streaming_prj/solution1/.autopilot/db/cnn_core.pp.0.cpp:30318:5: note: FIX-IT applied suggested code changes
/home/work1/Works/CNN-Core-Generator/hls_streaming/cnn_core_streaming_prj/solution1/.autopilot/db/cnn_core.pp.0.cpp:31935:7: warning: Added loop label VITIS_LOOP_1247_1:   [xilinx-label-all-loops]
      for (i = 0; i < __N - 1; ++i) {
      ^~~
      VITIS_LOOP_1247_1: 
/home/work1/Works/CNN-Core-Generator/hls_streaming/cnn_core_streaming_prj/solution1/.autopilot/db/cnn_core.pp.0.cpp:31935:7: note: FIX-IT applied suggested code changes
/home/work1/Works/CNN-Core-Generator/hls_streaming/cnn_core_streaming_prj/solution1/.autopilot/db/cnn_core.pp.0.cpp:33918:9: warning: Added loop label VITIS_LOOP_27_1:   [xilinx-label-all-loops]
        for (unsigned i = 0; i < N; i++) {
        ^~~
        VITIS_LOOP_27_1: 
/home/work1/Works/CNN-Core-Generator/hls_streaming/cnn_core_streaming_prj/solution1/.autopilot/db/cnn_core.pp.0.cpp:33918:9: note: FIX-IT applied suggested code changes
/home/work1/Works/CNN-Core-Generator/hls_streaming/cnn_core_streaming_prj/solution1/.autopilot/db/cnn_core.pp.0.cpp:33930:9: warning: Added loop label VITIS_LOOP_39_1:   [xilinx-label-all-loops]
        for (unsigned i = 0; i < N; i++) {
        ^~~
        VITIS_LOOP_39_1: 
/home/work1/Works/CNN-Core-Generator/hls_streaming/cnn_core_streaming_prj/solution1/.autopilot/db/cnn_core.pp.0.cpp:33930:9: note: FIX-IT applied suggested code changes
/home/work1/Works/CNN-Core-Generator/hls_streaming/cnn_core_streaming_prj/solution1/.autopilot/db/cnn_core.pp.0.cpp:33947:9: warning: Added loop label VITIS_LOOP_56_1:   [xilinx-label-all-loops]
        for (size_t i = 0; i < N; i++) {
        ^~~
        VITIS_LOOP_56_1: 
/home/work1/Works/CNN-Core-Generator/hls_streaming/cnn_core_streaming_prj/solution1/.autopilot/db/cnn_core.pp.0.cpp:33947:9: note: FIX-IT applied suggested code changes
/home/work1/Works/CNN-Core-Generator/hls_streaming/cnn_core_streaming_prj/solution1/.autopilot/db/cnn_core.pp.0.cpp:57738:5: warning: Added loop label VITIS_LOOP_265_1:   [xilinx-label-all-loops]
    for (typename std::vector<src_T>::const_iterator i = in_begin; i != in_end; ++i) {
    ^~~
    VITIS_LOOP_265_1: 
/home/work1/Works/CNN-Core-Generator/hls_streaming/cnn_core_streaming_prj/solution1/.autopilot/db/cnn_core.pp.0.cpp:57738:5: note: FIX-IT applied suggested code changes
/home/work1/Works/CNN-Core-Generator/hls_streaming/cnn_core_streaming_prj/solution1/.autopilot/db/cnn_core.pp.0.cpp:57748:5: warning: Added loop label VITIS_LOOP_275_1:   [xilinx-label-all-loops]
    for (auto i = 0; i < SIZE; i++)
    ^~~
    VITIS_LOOP_275_1: 
/home/work1/Works/CNN-Core-Generator/hls_streaming/cnn_core_streaming_prj/solution1/.autopilot/db/cnn_core.pp.0.cpp:57748:5: note: FIX-IT applied suggested code changes
/home/work1/Works/CNN-Core-Generator/hls_streaming/cnn_core_streaming_prj/solution1/.autopilot/db/cnn_core.pp.0.cpp:57759:5: warning: Added loop label VITIS_LOOP_286_1:   [xilinx-label-all-loops]
    for (int i = 0; i < SIZE; i++) {
    ^~~
    VITIS_LOOP_286_1: 
/home/work1/Works/CNN-Core-Generator/hls_streaming/cnn_core_streaming_prj/solution1/.autopilot/db/cnn_core.pp.0.cpp:57759:5: note: FIX-IT applied suggested code changes
/home/work1/Works/CNN-Core-Generator/hls_streaming/cnn_core_streaming_prj/solution1/.autopilot/db/cnn_core.pp.0.cpp:57766:5: warning: Added loop label VITIS_LOOP_293_1:   [xilinx-label-all-loops]
    for (int i = 0; i < SIZE / res_T::size; i++) {
    ^~~
    VITIS_LOOP_293_1: 
/home/work1/Works/CNN-Core-Generator/hls_streaming/cnn_core_streaming_prj/solution1/.autopilot/db/cnn_core.pp.0.cpp:57766:5: note: FIX-IT applied suggested code changes
/home/work1/Works/CNN-Core-Generator/hls_streaming/cnn_core_streaming_prj/solution1/.autopilot/db/cnn_core.pp.0.cpp:57768:9: warning: Added loop label VITIS_LOOP_295_2:   [xilinx-label-all-loops]
        for (int j = 0; j < res_T::size; j++) {
        ^~~
        VITIS_LOOP_295_2: 
/home/work1/Works/CNN-Core-Generator/hls_streaming/cnn_core_streaming_prj/solution1/.autopilot/db/cnn_core.pp.0.cpp:57768:9: note: FIX-IT applied suggested code changes
/home/work1/Works/CNN-Core-Generator/hls_streaming/cnn_core_streaming_prj/solution1/.autopilot/db/cnn_core.pp.0.cpp:57780:5: warning: Added loop label VITIS_LOOP_307_1:   [xilinx-label-all-loops]
    for (int i = 0; i < SIZE / data_T::size; i++) {
    ^~~
    VITIS_LOOP_307_1: 
/home/work1/Works/CNN-Core-Generator/hls_streaming/cnn_core_streaming_prj/solution1/.autopilot/db/cnn_core.pp.0.cpp:57780:5: note: FIX-IT applied suggested code changes
/home/work1/Works/CNN-Core-Generator/hls_streaming/cnn_core_streaming_prj/solution1/.autopilot/db/cnn_core.pp.0.cpp:57782:9: warning: Added loop label VITIS_LOOP_309_2:   [xilinx-label-all-loops]
        for (int j = 0; j < data_T::size; j++) {
        ^~~
        VITIS_LOOP_309_2: 
/home/work1/Works/CNN-Core-Generator/hls_streaming/cnn_core_streaming_prj/solution1/.autopilot/db/cnn_core.pp.0.cpp:57782:9: note: FIX-IT applied suggested code changes
/home/work1/Works/CNN-Core-Generator/hls_streaming/cnn_core_streaming_prj/solution1/.autopilot/db/cnn_core.pp.0.cpp:57797:5: warning: Added loop label VITIS_LOOP_324_1:   [xilinx-label-all-loops]
    for (int ii = 0; ii < nrows; ii++) {
    ^~~
    VITIS_LOOP_324_1: 
/home/work1/Works/CNN-Core-Generator/hls_streaming/cnn_core_streaming_prj/solution1/.autopilot/db/cnn_core.pp.0.cpp:57797:5: note: FIX-IT applied suggested code changes
/home/work1/Works/CNN-Core-Generator/hls_streaming/cnn_core_streaming_prj/solution1/.autopilot/db/cnn_core.pp.0.cpp:57817:5: warning: Added loop label VITIS_LOOP_344_1:   [xilinx-label-all-loops]
    for (int ii = 0; ii < nrows; ii++) {
    ^~~
    VITIS_LOOP_344_1: 
/home/work1/Works/CNN-Core-Generator/hls_streaming/cnn_core_streaming_prj/solution1/.autopilot/db/cnn_core.pp.0.cpp:57817:5: note: FIX-IT applied suggested code changes
/home/work1/Works/CNN-Core-Generator/hls_streaming/cnn_core_streaming_prj/solution1/.autopilot/db/cnn_core.pp.0.cpp:57818:9: warning: Added loop label VITIS_LOOP_345_2:   [xilinx-label-all-loops]
        for (int jj = 0; jj < ncols; jj++) {
        ^~~
        VITIS_LOOP_345_2: 
/home/work1/Works/CNN-Core-Generator/hls_streaming/cnn_core_streaming_prj/solution1/.autopilot/db/cnn_core.pp.0.cpp:57818:9: note: FIX-IT applied suggested code changes
/home/work1/Works/CNN-Core-Generator/hls_streaming/cnn_core_streaming_prj/solution1/.autopilot/db/cnn_core.pp.0.cpp:57833:5: warning: Added loop label VITIS_LOOP_360_1:   [xilinx-label-all-loops]
    for (int ii = 0; ii < N_IN; ii++) {
    ^~~
    VITIS_LOOP_360_1: 
/home/work1/Works/CNN-Core-Generator/hls_streaming/cnn_core_streaming_prj/solution1/.autopilot/db/cnn_core.pp.0.cpp:57833:5: note: FIX-IT applied suggested code changes
/home/work1/Works/CNN-Core-Generator/hls_streaming/cnn_core_streaming_prj/solution1/.autopilot/db/cnn_core.pp.0.cpp:57840:5: warning: Added loop label VITIS_LOOP_367_1:   [xilinx-label-all-loops]
    for (int ii = 0; ii < N_IN; ii++) {
    ^~~
    VITIS_LOOP_367_1: 
/home/work1/Works/CNN-Core-Generator/hls_streaming/cnn_core_streaming_prj/solution1/.autopilot/db/cnn_core.pp.0.cpp:57840:5: note: FIX-IT applied suggested code changes
/home/work1/Works/CNN-Core-Generator/hls_streaming/cnn_core_streaming_prj/solution1/.autopilot/db/cnn_core.pp.0.cpp:58150:5: warning: Added loop label VITIS_LOOP_136_1:   [xilinx-label-all-loops]
    for (int ii = 0; ii < CONFIG_T::out_width / CONFIG_T::n_partitions; ii++) {
    ^~~
    VITIS_LOOP_136_1: 
/home/work1/Works/CNN-Core-Generator/hls_streaming/cnn_core_streaming_prj/solution1/.autopilot/db/cnn_core.pp.0.cpp:58150:5: note: FIX-IT applied suggested code changes
/home/work1/Works/CNN-Core-Generator/hls_streaming/cnn_core_streaming_prj/solution1/.autopilot/db/cnn_core.pp.0.cpp:58151:9: warning: Added loop label VITIS_LOOP_137_2:   [xilinx-label-all-loops]
        for (int ff = 0; ff < CONFIG_T::n_filt; ff++) {
        ^~~
        VITIS_LOOP_137_2: 
/home/work1/Works/CNN-Core-Generator/hls_streaming/cnn_core_streaming_prj/solution1/.autopilot/db/cnn_core.pp.0.cpp:58151:9: note: FIX-IT applied suggested code changes
/home/work1/Works/CNN-Core-Generator/hls_streaming/cnn_core_streaming_prj/solution1/.autopilot/db/cnn_core.pp.0.cpp:58172:5: warning: Added loop label VITIS_LOOP_158_3:   [xilinx-label-all-loops]
    for (int ii = 0; ii < CONFIG_T::out_width / CONFIG_T::n_partitions; ii++) {
    ^~~
    VITIS_LOOP_158_3: 
/home/work1/Works/CNN-Core-Generator/hls_streaming/cnn_core_streaming_prj/solution1/.autopilot/db/cnn_core.pp.0.cpp:58172:5: note: FIX-IT applied suggested code changes
/home/work1/Works/CNN-Core-Generator/hls_streaming/cnn_core_streaming_prj/solution1/.autopilot/db/cnn_core.pp.0.cpp:58173:9: warning: Added loop label VITIS_LOOP_159_4:   [xilinx-label-all-loops]
        for (int ff = 0; ff < CONFIG_T::n_filt; ff++) {
        ^~~
        VITIS_LOOP_159_4: 
/home/work1/Works/CNN-Core-Generator/hls_streaming/cnn_core_streaming_prj/solution1/.autopilot/db/cnn_core.pp.0.cpp:58173:9: note: FIX-IT applied suggested code changes
/home/work1/Works/CNN-Core-Generator/hls_streaming/cnn_core_streaming_prj/solution1/.autopilot/db/cnn_core.pp.0.cpp:58320:2: warning: Added loop label VITIS_LOOP_31_1:   [xilinx-label-all-loops]
 for (int ii = 0; ii < CONFIG_T::n_in; ii++) {
 ^~~
 VITIS_LOOP_31_1: 
/home/work1/Works/CNN-Core-Generator/hls_streaming/cnn_core_streaming_prj/solution1/.autopilot/db/cnn_core.pp.0.cpp:58320:2: note: FIX-IT applied suggested code changes
/home/work1/Works/CNN-Core-Generator/hls_streaming/cnn_core_streaming_prj/solution1/.autopilot/db/cnn_core.pp.0.cpp:58332:5: warning: Added loop label VITIS_LOOP_43_1:   [xilinx-label-all-loops]
    for (int ii = 0; ii < CONFIG_T::n_in; ii++) {
    ^~~
    VITIS_LOOP_43_1: 
/home/work1/Works/CNN-Core-Generator/hls_streaming/cnn_core_streaming_prj/solution1/.autopilot/db/cnn_core.pp.0.cpp:58332:5: note: FIX-IT applied suggested code changes
/home/work1/Works/CNN-Core-Generator/hls_streaming/cnn_core_streaming_prj/solution1/.autopilot/db/cnn_core.pp.0.cpp:58346:5: warning: Added loop label VITIS_LOOP_57_1:   [xilinx-label-all-loops]
    for (int ii = 0; ii < CONFIG_T::n_in; ii++) {
    ^~~
    VITIS_LOOP_57_1: 
/home/work1/Works/CNN-Core-Generator/hls_streaming/cnn_core_streaming_prj/solution1/.autopilot/db/cnn_core.pp.0.cpp:58346:5: note: FIX-IT applied suggested code changes
/home/work1/Works/CNN-Core-Generator/hls_streaming/cnn_core_streaming_prj/solution1/.autopilot/db/cnn_core.pp.0.cpp:58373:5: warning: Added loop label VITIS_LOOP_84_1:   [xilinx-label-all-loops]
    for (int ii = 0; ii < N_TABLE; ii++) {
    ^~~
    VITIS_LOOP_84_1: 
/home/work1/Works/CNN-Core-Generator/hls_streaming/cnn_core_streaming_prj/solution1/.autopilot/db/cnn_core.pp.0.cpp:58373:5: note: FIX-IT applied suggested code changes
/home/work1/Works/CNN-Core-Generator/hls_streaming/cnn_core_streaming_prj/solution1/.autopilot/db/cnn_core.pp.0.cpp:58403:5: warning: Added loop label VITIS_LOOP_114_1:   [xilinx-label-all-loops]
    for (int ii = 0; ii < CONFIG_T::n_in; ii++) {
    ^~~
    VITIS_LOOP_114_1: 
/home/work1/Works/CNN-Core-Generator/hls_streaming/cnn_core_streaming_prj/solution1/.autopilot/db/cnn_core.pp.0.cpp:58403:5: note: FIX-IT applied suggested code changes
/home/work1/Works/CNN-Core-Generator/hls_streaming/cnn_core_streaming_prj/solution1/.autopilot/db/cnn_core.pp.0.cpp:58440:5: warning: Added loop label VITIS_LOOP_151_1:   [xilinx-label-all-loops]
    for (unsigned i = 0; i < CONFIG_T::exp_table_size; i++) {
    ^~~
    VITIS_LOOP_151_1: 
/home/work1/Works/CNN-Core-Generator/hls_streaming/cnn_core_streaming_prj/solution1/.autopilot/db/cnn_core.pp.0.cpp:58440:5: note: FIX-IT applied suggested code changes
/home/work1/Works/CNN-Core-Generator/hls_streaming/cnn_core_streaming_prj/solution1/.autopilot/db/cnn_core.pp.0.cpp:58456:5: warning: Added loop label VITIS_LOOP_167_1:   [xilinx-label-all-loops]
    for (unsigned i = 0; i < CONFIG_T::inv_table_size; i++) {
    ^~~
    VITIS_LOOP_167_1: 
/home/work1/Works/CNN-Core-Generator/hls_streaming/cnn_core_streaming_prj/solution1/.autopilot/db/cnn_core.pp.0.cpp:58456:5: note: FIX-IT applied suggested code changes
/home/work1/Works/CNN-Core-Generator/hls_streaming/cnn_core_streaming_prj/solution1/.autopilot/db/cnn_core.pp.0.cpp:58489:5: warning: Added loop label VITIS_LOOP_200_1:   [xilinx-label-all-loops]
    for (unsigned i = 0; i < CONFIG_T::n_slice; i++) {
    ^~~
    VITIS_LOOP_200_1: 
/home/work1/Works/CNN-Core-Generator/hls_streaming/cnn_core_streaming_prj/solution1/.autopilot/db/cnn_core.pp.0.cpp:58489:5: note: FIX-IT applied suggested code changes
/home/work1/Works/CNN-Core-Generator/hls_streaming/cnn_core_streaming_prj/solution1/.autopilot/db/cnn_core.pp.0.cpp:58502:5: warning: Added loop label VITIS_LOOP_213_2:   [xilinx-label-all-loops]
    for (unsigned i = 0; i < CONFIG_T::n_slice; i++) {
    ^~~
    VITIS_LOOP_213_2: 
/home/work1/Works/CNN-Core-Generator/hls_streaming/cnn_core_streaming_prj/solution1/.autopilot/db/cnn_core.pp.0.cpp:58502:5: note: FIX-IT applied suggested code changes
/home/work1/Works/CNN-Core-Generator/hls_streaming/cnn_core_streaming_prj/solution1/.autopilot/db/cnn_core.pp.0.cpp:58535:5: warning: Added loop label VITIS_LOOP_246_1:   [xilinx-label-all-loops]
    for (unsigned i = 0; i < CONFIG_T::n_slice; i++) {
    ^~~
    VITIS_LOOP_246_1: 
/home/work1/Works/CNN-Core-Generator/hls_streaming/cnn_core_streaming_prj/solution1/.autopilot/db/cnn_core.pp.0.cpp:58535:5: note: FIX-IT applied suggested code changes
/home/work1/Works/CNN-Core-Generator/hls_streaming/cnn_core_streaming_prj/solution1/.autopilot/db/cnn_core.pp.0.cpp:58544:5: warning: Added loop label VITIS_LOOP_255_2:   [xilinx-label-all-loops]
    for (unsigned i = 0; i < CONFIG_T::n_slice; i++) {
    ^~~
    VITIS_LOOP_255_2: 
/home/work1/Works/CNN-Core-Generator/hls_streaming/cnn_core_streaming_prj/solution1/.autopilot/db/cnn_core.pp.0.cpp:58544:5: note: FIX-IT applied suggested code changes
/home/work1/Works/CNN-Core-Generator/hls_streaming/cnn_core_streaming_prj/solution1/.autopilot/db/cnn_core.pp.0.cpp:58557:5: warning: Added loop label VITIS_LOOP_268_3:   [xilinx-label-all-loops]
    for (unsigned i = 0; i < CONFIG_T::n_slice; i++) {
    ^~~
    VITIS_LOOP_268_3: 
/home/work1/Works/CNN-Core-Generator/hls_streaming/cnn_core_streaming_prj/solution1/.autopilot/db/cnn_core.pp.0.cpp:58557:5: note: FIX-IT applied suggested code changes
/home/work1/Works/CNN-Core-Generator/hls_streaming/cnn_core_streaming_prj/solution1/.autopilot/db/cnn_core.pp.0.cpp:58564:5: warning: Added loop label VITIS_LOOP_275_1:   [xilinx-label-all-loops]
    for (int ii = 0; ii < N_TABLE; ii++) {
    ^~~
    VITIS_LOOP_275_1: 
/home/work1/Works/CNN-Core-Generator/hls_streaming/cnn_core_streaming_prj/solution1/.autopilot/db/cnn_core.pp.0.cpp:58564:5: note: FIX-IT applied suggested code changes
/home/work1/Works/CNN-Core-Generator/hls_streaming/cnn_core_streaming_prj/solution1/.autopilot/db/cnn_core.pp.0.cpp:58577:5: warning: Added loop label VITIS_LOOP_288_1:   [xilinx-label-all-loops]
    for (int ii = 0; ii < N_TABLE; ii++) {
    ^~~
    VITIS_LOOP_288_1: 
/home/work1/Works/CNN-Core-Generator/hls_streaming/cnn_core_streaming_prj/solution1/.autopilot/db/cnn_core.pp.0.cpp:58577:5: note: FIX-IT applied suggested code changes
/home/work1/Works/CNN-Core-Generator/hls_streaming/cnn_core_streaming_prj/solution1/.autopilot/db/cnn_core.pp.0.cpp:58614:5: warning: Added loop label VITIS_LOOP_325_1:   [xilinx-label-all-loops]
    for (int ii = 0; ii < CONFIG_T::n_slice; ii++) {
    ^~~
    VITIS_LOOP_325_1: 
/home/work1/Works/CNN-Core-Generator/hls_streaming/cnn_core_streaming_prj/solution1/.autopilot/db/cnn_core.pp.0.cpp:58614:5: note: FIX-IT applied suggested code changes
/home/work1/Works/CNN-Core-Generator/hls_streaming/cnn_core_streaming_prj/solution1/.autopilot/db/cnn_core.pp.0.cpp:58619:5: warning: Added loop label VITIS_LOOP_330_2:   [xilinx-label-all-loops]
    for (int ii = 0; ii < CONFIG_T::n_slice; ii++) {
    ^~~
    VITIS_LOOP_330_2: 
/home/work1/Works/CNN-Core-Generator/hls_streaming/cnn_core_streaming_prj/solution1/.autopilot/db/cnn_core.pp.0.cpp:58619:5: note: FIX-IT applied suggested code changes
/home/work1/Works/CNN-Core-Generator/hls_streaming/cnn_core_streaming_prj/solution1/.autopilot/db/cnn_core.pp.0.cpp:58620:9: warning: Added loop label VITIS_LOOP_331_3:   [xilinx-label-all-loops]
        for (int jj = 0; jj < CONFIG_T::n_slice; jj++) {
        ^~~
        VITIS_LOOP_331_3: 
/home/work1/Works/CNN-Core-Generator/hls_streaming/cnn_core_streaming_prj/solution1/.autopilot/db/cnn_core.pp.0.cpp:58620:9: note: FIX-IT applied suggested code changes
/home/work1/Works/CNN-Core-Generator/hls_streaming/cnn_core_streaming_prj/solution1/.autopilot/db/cnn_core.pp.0.cpp:58637:5: warning: Added loop label VITIS_LOOP_348_4:   [xilinx-label-all-loops]
    for (int ii = 0; ii < CONFIG_T::n_slice; ii++) {
    ^~~
    VITIS_LOOP_348_4: 
/home/work1/Works/CNN-Core-Generator/hls_streaming/cnn_core_streaming_prj/solution1/.autopilot/db/cnn_core.pp.0.cpp:58637:5: note: FIX-IT applied suggested code changes
/home/work1/Works/CNN-Core-Generator/hls_streaming/cnn_core_streaming_prj/solution1/.autopilot/db/cnn_core.pp.0.cpp:58650:5: warning: Added loop label VITIS_LOOP_361_1:   [xilinx-label-all-loops]
    for (int i = 0; i < CONFIG_T::n_slice; i++) {
    ^~~
    VITIS_LOOP_361_1: 
/home/work1/Works/CNN-Core-Generator/hls_streaming/cnn_core_streaming_prj/solution1/.autopilot/db/cnn_core.pp.0.cpp:58650:5: note: FIX-IT applied suggested code changes
/home/work1/Works/CNN-Core-Generator/hls_streaming/cnn_core_streaming_prj/solution1/.autopilot/db/cnn_core.pp.0.cpp:58658:5: warning: Added loop label VITIS_LOOP_369_2:   [xilinx-label-all-loops]
    for (int i = 1; i < CONFIG_T::n_slice; i++) {
    ^~~
    VITIS_LOOP_369_2: 
/home/work1/Works/CNN-Core-Generator/hls_streaming/cnn_core_streaming_prj/solution1/.autopilot/db/cnn_core.pp.0.cpp:58658:5: note: FIX-IT applied suggested code changes
/home/work1/Works/CNN-Core-Generator/hls_streaming/cnn_core_streaming_prj/solution1/.autopilot/db/cnn_core.pp.0.cpp:58694:5: warning: Added loop label VITIS_LOOP_405_1:   [xilinx-label-all-loops]
    for (signed i = 0; i < CONFIG_T::n_outer; i++) {
    ^~~
    VITIS_LOOP_405_1: 
/home/work1/Works/CNN-Core-Generator/hls_streaming/cnn_core_streaming_prj/solution1/.autopilot/db/cnn_core.pp.0.cpp:58694:5: note: FIX-IT applied suggested code changes
/home/work1/Works/CNN-Core-Generator/hls_streaming/cnn_core_streaming_prj/solution1/.autopilot/db/cnn_core.pp.0.cpp:58696:2: warning: Added loop label VITIS_LOOP_407_2:   [xilinx-label-all-loops]
 for (signed k = 0; k < CONFIG_T::n_inner; k++) {
 ^~~
 VITIS_LOOP_407_2: 
/home/work1/Works/CNN-Core-Generator/hls_streaming/cnn_core_streaming_prj/solution1/.autopilot/db/cnn_core.pp.0.cpp:58696:2: note: FIX-IT applied suggested code changes
/home/work1/Works/CNN-Core-Generator/hls_streaming/cnn_core_streaming_prj/solution1/.autopilot/db/cnn_core.pp.0.cpp:58698:2: warning: Added loop label VITIS_LOOP_409_3:   [xilinx-label-all-loops]
 for (signed j = 0; j < CONFIG_T::n_slice; j++) {
 ^~~
 VITIS_LOOP_409_3: 
/home/work1/Works/CNN-Core-Generator/hls_streaming/cnn_core_streaming_prj/solution1/.autopilot/db/cnn_core.pp.0.cpp:58698:2: note: FIX-IT applied suggested code changes
/home/work1/Works/CNN-Core-Generator/hls_streaming/cnn_core_streaming_prj/solution1/.autopilot/db/cnn_core.pp.0.cpp:58703:13: warning: Added loop label VITIS_LOOP_414_4:   [xilinx-label-all-loops]
            for (signed j = 0; j < CONFIG_T::n_slice; j++) {
            ^~~
            VITIS_LOOP_414_4: 
/home/work1/Works/CNN-Core-Generator/hls_streaming/cnn_core_streaming_prj/solution1/.autopilot/db/cnn_core.pp.0.cpp:58703:13: note: FIX-IT applied suggested code changes
/home/work1/Works/CNN-Core-Generator/hls_streaming/cnn_core_streaming_prj/solution1/.autopilot/db/cnn_core.pp.0.cpp:58716:5: warning: Added loop label VITIS_LOOP_427_1:   [xilinx-label-all-loops]
    for (int ii = 0; ii < N_TABLE; ii++) {
    ^~~
    VITIS_LOOP_427_1: 
/home/work1/Works/CNN-Core-Generator/hls_streaming/cnn_core_streaming_prj/solution1/.autopilot/db/cnn_core.pp.0.cpp:58716:5: note: FIX-IT applied suggested code changes
/home/work1/Works/CNN-Core-Generator/hls_streaming/cnn_core_streaming_prj/solution1/.autopilot/db/cnn_core.pp.0.cpp:58746:5: warning: Added loop label VITIS_LOOP_457_1:   [xilinx-label-all-loops]
    for (int ii = 0; ii < CONFIG_T::n_in; ii++) {
    ^~~
    VITIS_LOOP_457_1: 
/home/work1/Works/CNN-Core-Generator/hls_streaming/cnn_core_streaming_prj/solution1/.autopilot/db/cnn_core.pp.0.cpp:58746:5: note: FIX-IT applied suggested code changes
/home/work1/Works/CNN-Core-Generator/hls_streaming/cnn_core_streaming_prj/solution1/.autopilot/db/cnn_core.pp.0.cpp:58773:2: warning: Added loop label VITIS_LOOP_484_1:   [xilinx-label-all-loops]
 for (int ii = 0; ii < CONFIG_T::n_in; ii++) {
 ^~~
 VITIS_LOOP_484_1: 
/home/work1/Works/CNN-Core-Generator/hls_streaming/cnn_core_streaming_prj/solution1/.autopilot/db/cnn_core.pp.0.cpp:58773:2: note: FIX-IT applied suggested code changes
/home/work1/Works/CNN-Core-Generator/hls_streaming/cnn_core_streaming_prj/solution1/.autopilot/db/cnn_core.pp.0.cpp:58787:2: warning: Added loop label VITIS_LOOP_498_1:   [xilinx-label-all-loops]
 for (int ii = 0; ii < CONFIG_T::n_in; ii++) {
 ^~~
 VITIS_LOOP_498_1: 
/home/work1/Works/CNN-Core-Generator/hls_streaming/cnn_core_streaming_prj/solution1/.autopilot/db/cnn_core.pp.0.cpp:58787:2: note: FIX-IT applied suggested code changes
/home/work1/Works/CNN-Core-Generator/hls_streaming/cnn_core_streaming_prj/solution1/.autopilot/db/cnn_core.pp.0.cpp:58803:5: warning: Added loop label VITIS_LOOP_514_1:   [xilinx-label-all-loops]
    for (int ii = 0; ii < CONFIG_T::n_in; ii++) {
    ^~~
    VITIS_LOOP_514_1: 
/home/work1/Works/CNN-Core-Generator/hls_streaming/cnn_core_streaming_prj/solution1/.autopilot/db/cnn_core.pp.0.cpp:58803:5: note: FIX-IT applied suggested code changes
/home/work1/Works/CNN-Core-Generator/hls_streaming/cnn_core_streaming_prj/solution1/.autopilot/db/cnn_core.pp.0.cpp:58821:5: warning: Added loop label VITIS_LOOP_532_1:   [xilinx-label-all-loops]
    for (int ii = 0; ii < CONFIG_T::n_in; ii++) {
    ^~~
    VITIS_LOOP_532_1: 
/home/work1/Works/CNN-Core-Generator/hls_streaming/cnn_core_streaming_prj/solution1/.autopilot/db/cnn_core.pp.0.cpp:58821:5: note: FIX-IT applied suggested code changes
/home/work1/Works/CNN-Core-Generator/hls_streaming/cnn_core_streaming_prj/solution1/.autopilot/db/cnn_core.pp.0.cpp:58838:5: warning: Added loop label VITIS_LOOP_549_1:   [xilinx-label-all-loops]
    for (int ii = 0; ii < CONFIG_T::n_in; ii++) {
    ^~~
    VITIS_LOOP_549_1: 
/home/work1/Works/CNN-Core-Generator/hls_streaming/cnn_core_streaming_prj/solution1/.autopilot/db/cnn_core.pp.0.cpp:58838:5: note: FIX-IT applied suggested code changes
/home/work1/Works/CNN-Core-Generator/hls_streaming/cnn_core_streaming_prj/solution1/.autopilot/db/cnn_core.pp.0.cpp:58855:5: warning: Added loop label VITIS_LOOP_566_1:   [xilinx-label-all-loops]
    for (int ii = 0; ii < N_TABLE; ii++) {
    ^~~
    VITIS_LOOP_566_1: 
/home/work1/Works/CNN-Core-Generator/hls_streaming/cnn_core_streaming_prj/solution1/.autopilot/db/cnn_core.pp.0.cpp:58855:5: note: FIX-IT applied suggested code changes
/home/work1/Works/CNN-Core-Generator/hls_streaming/cnn_core_streaming_prj/solution1/.autopilot/db/cnn_core.pp.0.cpp:58885:5: warning: Added loop label VITIS_LOOP_596_1:   [xilinx-label-all-loops]
    for (int ii = 0; ii < CONFIG_T::n_in; ii++) {
    ^~~
    VITIS_LOOP_596_1: 
/home/work1/Works/CNN-Core-Generator/hls_streaming/cnn_core_streaming_prj/solution1/.autopilot/db/cnn_core.pp.0.cpp:58885:5: note: FIX-IT applied suggested code changes
/home/work1/Works/CNN-Core-Generator/hls_streaming/cnn_core_streaming_prj/solution1/.autopilot/db/cnn_core.pp.0.cpp:58904:5: warning: Added loop label VITIS_LOOP_615_1:   [xilinx-label-all-loops]
    for (int ii = 0; ii < N_TABLE; ii++) {
    ^~~
    VITIS_LOOP_615_1: 
/home/work1/Works/CNN-Core-Generator/hls_streaming/cnn_core_streaming_prj/solution1/.autopilot/db/cnn_core.pp.0.cpp:58904:5: note: FIX-IT applied suggested code changes
/home/work1/Works/CNN-Core-Generator/hls_streaming/cnn_core_streaming_prj/solution1/.autopilot/db/cnn_core.pp.0.cpp:58934:5: warning: Added loop label VITIS_LOOP_645_1:   [xilinx-label-all-loops]
    for (int ii = 0; ii < CONFIG_T::n_in; ii++) {
    ^~~
    VITIS_LOOP_645_1: 
/home/work1/Works/CNN-Core-Generator/hls_streaming/cnn_core_streaming_prj/solution1/.autopilot/db/cnn_core.pp.0.cpp:58934:5: note: FIX-IT applied suggested code changes
/home/work1/Works/CNN-Core-Generator/hls_streaming/cnn_core_streaming_prj/solution1/.autopilot/db/cnn_core.pp.0.cpp:58953:5: warning: Added loop label VITIS_LOOP_664_1:   [xilinx-label-all-loops]
    for (int ii = 0; ii < N_TABLE; ii++) {
    ^~~
    VITIS_LOOP_664_1: 
/home/work1/Works/CNN-Core-Generator/hls_streaming/cnn_core_streaming_prj/solution1/.autopilot/db/cnn_core.pp.0.cpp:58953:5: note: FIX-IT applied suggested code changes
/home/work1/Works/CNN-Core-Generator/hls_streaming/cnn_core_streaming_prj/solution1/.autopilot/db/cnn_core.pp.0.cpp:58983:5: warning: Added loop label VITIS_LOOP_694_1:   [xilinx-label-all-loops]
    for (int ii = 0; ii < CONFIG_T::n_in; ii++) {
    ^~~
    VITIS_LOOP_694_1: 
/home/work1/Works/CNN-Core-Generator/hls_streaming/cnn_core_streaming_prj/solution1/.autopilot/db/cnn_core.pp.0.cpp:58983:5: note: FIX-IT applied suggested code changes
/home/work1/Works/CNN-Core-Generator/hls_streaming/cnn_core_streaming_prj/solution1/.autopilot/db/cnn_core.pp.0.cpp:59010:5: warning: Added loop label VITIS_LOOP_721_1:   [xilinx-label-all-loops]
    for (int ii = 0; ii < N_TABLE; ii++) {
    ^~~
    VITIS_LOOP_721_1: 
/home/work1/Works/CNN-Core-Generator/hls_streaming/cnn_core_streaming_prj/solution1/.autopilot/db/cnn_core.pp.0.cpp:59010:5: note: FIX-IT applied suggested code changes
/home/work1/Works/CNN-Core-Generator/hls_streaming/cnn_core_streaming_prj/solution1/.autopilot/db/cnn_core.pp.0.cpp:59038:2: warning: Added loop label VITIS_LOOP_749_1:   [xilinx-label-all-loops]
 for (int ii = 0; ii < CONFIG_T::n_in; ii++) {
 ^~~
 VITIS_LOOP_749_1: 
/home/work1/Works/CNN-Core-Generator/hls_streaming/cnn_core_streaming_prj/solution1/.autopilot/db/cnn_core.pp.0.cpp:59038:2: note: FIX-IT applied suggested code changes
/home/work1/Works/CNN-Core-Generator/hls_streaming/cnn_core_streaming_prj/solution1/.autopilot/db/cnn_core.pp.0.cpp:59068:5: warning: Added loop label VITIS_LOOP_779_1:   [xilinx-label-all-loops]
    for (int ii = 0; ii < CONFIG_T::n_in; ii++) {
    ^~~
    VITIS_LOOP_779_1: 
/home/work1/Works/CNN-Core-Generator/hls_streaming/cnn_core_streaming_prj/solution1/.autopilot/db/cnn_core.pp.0.cpp:59068:5: note: FIX-IT applied suggested code changes
/home/work1/Works/CNN-Core-Generator/hls_streaming/cnn_core_streaming_prj/solution1/.autopilot/db/cnn_core.pp.0.cpp:59097:5: warning: Added loop label VITIS_LOOP_808_1:   [xilinx-label-all-loops]
    for (int ii = 0; ii < CONFIG_T::n_in; ii++) {
    ^~~
    VITIS_LOOP_808_1: 
/home/work1/Works/CNN-Core-Generator/hls_streaming/cnn_core_streaming_prj/solution1/.autopilot/db/cnn_core.pp.0.cpp:59097:5: note: FIX-IT applied suggested code changes
/home/work1/Works/CNN-Core-Generator/hls_streaming/cnn_core_streaming_prj/solution1/.autopilot/db/cnn_core.pp.0.cpp:59117:5: warning: Added loop label VITIS_LOOP_828_1:   [xilinx-label-all-loops]
    for (int ii = 0; ii < CONFIG_T::n_in; ii++) {
    ^~~
    VITIS_LOOP_828_1: 
/home/work1/Works/CNN-Core-Generator/hls_streaming/cnn_core_streaming_prj/solution1/.autopilot/db/cnn_core.pp.0.cpp:59117:5: note: FIX-IT applied suggested code changes
/home/work1/Works/CNN-Core-Generator/hls_streaming/cnn_core_streaming_prj/solution1/.autopilot/db/cnn_core.pp.0.cpp:59362:9: warning: Added loop label VITIS_LOOP_229_1:   [xilinx-label-all-loops]
        for (int i = 0; i < N / data_T::size; i++) {
        ^~~
        VITIS_LOOP_229_1: 
/home/work1/Works/CNN-Core-Generator/hls_streaming/cnn_core_streaming_prj/solution1/.autopilot/db/cnn_core.pp.0.cpp:59362:9: note: FIX-IT applied suggested code changes
/home/work1/Works/CNN-Core-Generator/hls_streaming/cnn_core_streaming_prj/solution1/.autopilot/db/cnn_core.pp.0.cpp:59369:13: warning: Added loop label VITIS_LOOP_236_2:   [xilinx-label-all-loops]
            for (int j = 0; j < data_T::size; j++) {
            ^~~
            VITIS_LOOP_236_2: 
/home/work1/Works/CNN-Core-Generator/hls_streaming/cnn_core_streaming_prj/solution1/.autopilot/db/cnn_core.pp.0.cpp:59369:13: note: FIX-IT applied suggested code changes
/home/work1/Works/CNN-Core-Generator/hls_streaming/cnn_core_streaming_prj/solution1/.autopilot/db/cnn_core.pp.0.cpp:59378:9: warning: Added loop label VITIS_LOOP_245_3:   [xilinx-label-all-loops]
        for (int i = 0; i < N / data_T::size; i++) {
        ^~~
        VITIS_LOOP_245_3: 
/home/work1/Works/CNN-Core-Generator/hls_streaming/cnn_core_streaming_prj/solution1/.autopilot/db/cnn_core.pp.0.cpp:59378:9: note: FIX-IT applied suggested code changes
/home/work1/Works/CNN-Core-Generator/hls_streaming/cnn_core_streaming_prj/solution1/.autopilot/db/cnn_core.pp.0.cpp:59387:13: warning: Added loop label VITIS_LOOP_254_4:   [xilinx-label-all-loops]
            for (int j = 0; j < pack_diff; j++) {
            ^~~
            VITIS_LOOP_254_4: 
/home/work1/Works/CNN-Core-Generator/hls_streaming/cnn_core_streaming_prj/solution1/.autopilot/db/cnn_core.pp.0.cpp:59387:13: note: FIX-IT applied suggested code changes
/home/work1/Works/CNN-Core-Generator/hls_streaming/cnn_core_streaming_prj/solution1/.autopilot/db/cnn_core.pp.0.cpp:59391:17: warning: Added loop label VITIS_LOOP_258_5:   [xilinx-label-all-loops]
                for (int k = 0; k < res_T::size; k++) {
                ^~~
                VITIS_LOOP_258_5: 
/home/work1/Works/CNN-Core-Generator/hls_streaming/cnn_core_streaming_prj/solution1/.autopilot/db/cnn_core.pp.0.cpp:59391:17: note: FIX-IT applied suggested code changes
/home/work1/Works/CNN-Core-Generator/hls_streaming/cnn_core_streaming_prj/solution1/.autopilot/db/cnn_core.pp.0.cpp:59402:9: warning: Added loop label VITIS_LOOP_269_6:   [xilinx-label-all-loops]
        for (int i = 0; i < N / data_T::size; i++) {
        ^~~
        VITIS_LOOP_269_6: 
/home/work1/Works/CNN-Core-Generator/hls_streaming/cnn_core_streaming_prj/solution1/.autopilot/db/cnn_core.pp.0.cpp:59402:9: note: FIX-IT applied suggested code changes
/home/work1/Works/CNN-Core-Generator/hls_streaming/cnn_core_streaming_prj/solution1/.autopilot/db/cnn_core.pp.0.cpp:59406:13: warning: Added loop label VITIS_LOOP_273_7:   [xilinx-label-all-loops]
            for (int j = 0; j < data_T::size; j++) {
            ^~~
            VITIS_LOOP_273_7: 
/home/work1/Works/CNN-Core-Generator/hls_streaming/cnn_core_streaming_prj/solution1/.autopilot/db/cnn_core.pp.0.cpp:59406:13: note: FIX-IT applied suggested code changes
/home/work1/Works/CNN-Core-Generator/hls_streaming/cnn_core_streaming_prj/solution1/.autopilot/db/cnn_core.pp.0.cpp:59430:9: warning: Added loop label VITIS_LOOP_297_1:   [xilinx-label-all-loops]
        for (int j = 0; j < n_dupl; j++) {
        ^~~
        VITIS_LOOP_297_1: 
/home/work1/Works/CNN-Core-Generator/hls_streaming/cnn_core_streaming_prj/solution1/.autopilot/db/cnn_core.pp.0.cpp:59430:9: note: FIX-IT applied suggested code changes
/home/work1/Works/CNN-Core-Generator/hls_streaming/cnn_core_streaming_prj/solution1/.autopilot/db/cnn_core.pp.0.cpp:59434:13: warning: Added loop label VITIS_LOOP_301_2:   [xilinx-label-all-loops]
            for (int k = 0; k < res_T::size; k++) {
            ^~~
            VITIS_LOOP_301_2: 
/home/work1/Works/CNN-Core-Generator/hls_streaming/cnn_core_streaming_prj/solution1/.autopilot/db/cnn_core.pp.0.cpp:59434:13: note: FIX-IT applied suggested code changes
/home/work1/Works/CNN-Core-Generator/hls_streaming/cnn_core_streaming_prj/solution1/.autopilot/db/cnn_core.pp.0.cpp:59453:9: warning: Added loop label VITIS_LOOP_320_1:   [xilinx-label-all-loops]
        for (int k = 0; k < res_T::size; k++) {
        ^~~
        VITIS_LOOP_320_1: 
/home/work1/Works/CNN-Core-Generator/hls_streaming/cnn_core_streaming_prj/solution1/.autopilot/db/cnn_core.pp.0.cpp:59453:9: note: FIX-IT applied suggested code changes
/home/work1/Works/CNN-Core-Generator/hls_streaming/cnn_core_streaming_prj/solution1/.autopilot/db/cnn_core.pp.0.cpp:59677:9: warning: Added loop label VITIS_LOOP_211_1:   [xilinx-label-all-loops]
        for (unsigned j = 0; j < data_T::size; j++) {
        ^~~
        VITIS_LOOP_211_1: 
/home/work1/Works/CNN-Core-Generator/hls_streaming/cnn_core_streaming_prj/solution1/.autopilot/db/cnn_core.pp.0.cpp:59677:9: note: FIX-IT applied suggested code changes
/home/work1/Works/CNN-Core-Generator/hls_streaming/cnn_core_streaming_prj/solution1/.autopilot/db/cnn_core.pp.0.cpp:59686:9: warning: Added loop label VITIS_LOOP_220_2:   [xilinx-label-all-loops]
        for (unsigned j = 0; j < data_T::size; j++) {
        ^~~
        VITIS_LOOP_220_2: 
/home/work1/Works/CNN-Core-Generator/hls_streaming/cnn_core_streaming_prj/solution1/.autopilot/db/cnn_core.pp.0.cpp:59686:9: note: FIX-IT applied suggested code changes
/home/work1/Works/CNN-Core-Generator/hls_streaming/cnn_core_streaming_prj/solution1/.autopilot/db/cnn_core.pp.0.cpp:59791:5: warning: Added loop label VITIS_LOOP_325_1:   [xilinx-label-all-loops]
    for (int i = 0; i < CONFIG_T::n_in / res_T::size; i++) {
    ^~~
    VITIS_LOOP_325_1: 
/home/work1/Works/CNN-Core-Generator/hls_streaming/cnn_core_streaming_prj/solution1/.autopilot/db/cnn_core.pp.0.cpp:59791:5: note: FIX-IT applied suggested code changes
/home/work1/Works/CNN-Core-Generator/hls_streaming/cnn_core_streaming_prj/solution1/.autopilot/db/cnn_core.pp.0.cpp:59796:9: warning: Added loop label VITIS_LOOP_330_2:   [xilinx-label-all-loops]
        for (int i = 0; i < res_T::size; i++) {
        ^~~
        VITIS_LOOP_330_2: 
/home/work1/Works/CNN-Core-Generator/hls_streaming/cnn_core_streaming_prj/solution1/.autopilot/db/cnn_core.pp.0.cpp:59796:9: note: FIX-IT applied suggested code changes
/home/work1/Works/CNN-Core-Generator/hls_streaming/cnn_core_streaming_prj/solution1/.autopilot/db/cnn_core.pp.0.cpp:59804:9: warning: Added loop label VITIS_LOOP_338_3:   [xilinx-label-all-loops]
        for (int i = 1; i < res_T::size; i++) {
        ^~~
        VITIS_LOOP_338_3: 
/home/work1/Works/CNN-Core-Generator/hls_streaming/cnn_core_streaming_prj/solution1/.autopilot/db/cnn_core.pp.0.cpp:59804:9: note: FIX-IT applied suggested code changes
/home/work1/Works/CNN-Core-Generator/hls_streaming/cnn_core_streaming_prj/solution1/.autopilot/db/cnn_core.pp.0.cpp:60489:9: error: Resource with core_name: ROM_nP_BRAM pragma is ignored, because this core doesn't exist at all  [clang-diagnostic-error]
#pragma HLS RESOURCE variable=weights core=ROM_nP_BRAM
        ^
/home/work1/Works/CNN-Core-Generator/hls_streaming/cnn_core_streaming_prj/solution1/.autopilot/db/cnn_core.pp.0.cpp:60563:9: error: Resource with core_name: ROM_nP_BRAM pragma is ignored, because this core doesn't exist at all  [clang-diagnostic-error]
#pragma HLS RESOURCE variable=weights core=ROM_nP_BRAM
        ^
/home/work1/Works/CNN-Core-Generator/hls_streaming/cnn_core_streaming_prj/solution1/.autopilot/db/cnn_core.pp.0.cpp:60645:9: error: Resource with core_name: ROM_nP_BRAM pragma is ignored, because this core doesn't exist at all  [clang-diagnostic-error]
#pragma HLS RESOURCE variable=weights core=ROM_nP_BRAM
        ^
/home/work1/Works/CNN-Core-Generator/hls_streaming/cnn_core_streaming_prj/solution1/.autopilot/db/cnn_core.pp.0.cpp:61018:9: warning: Added loop label VITIS_LOOP_64_1:   [xilinx-label-all-loops]
        for (unsigned i = 0; i < __SHIFT_DEPTH__; ++i)
        ^~~
        VITIS_LOOP_64_1: 
/home/work1/Works/CNN-Core-Generator/hls_streaming/cnn_core_streaming_prj/solution1/.autopilot/db/cnn_core.pp.0.cpp:61018:9: note: FIX-IT applied suggested code changes
/home/work1/Works/CNN-Core-Generator/hls_streaming/cnn_core_streaming_prj/solution1/.autopilot/db/cnn_core.pp.0.cpp:61025:9: warning: Added loop label VITIS_LOOP_71_1:   [xilinx-label-all-loops]
        for (unsigned i = 0; i < __SHIFT_DEPTH__; ++i)
        ^~~
        VITIS_LOOP_71_1: 
/home/work1/Works/CNN-Core-Generator/hls_streaming/cnn_core_streaming_prj/solution1/.autopilot/db/cnn_core.pp.0.cpp:61025:9: note: FIX-IT applied suggested code changes
/home/work1/Works/CNN-Core-Generator/hls_streaming/cnn_core_streaming_prj/solution1/.autopilot/db/cnn_core.pp.0.cpp:61547:5: warning: Added loop label VITIS_LOOP_14_1:   [xilinx-label-all-loops]
    for (unsigned k = 0; k < CONFIG_T::n_out; k++) {
    ^~~
    VITIS_LOOP_14_1: 
/home/work1/Works/CNN-Core-Generator/hls_streaming/cnn_core_streaming_prj/solution1/.autopilot/db/cnn_core.pp.0.cpp:61547:5: note: FIX-IT applied suggested code changes
/home/work1/Works/CNN-Core-Generator/hls_streaming/cnn_core_streaming_prj/solution1/.autopilot/db/cnn_core.pp.0.cpp:61607:9: warning: Added loop label VITIS_LOOP_74_1:   [xilinx-label-all-loops]
        for (int im = 0; im < CONFIG_T::n_out; im++) {
        ^~~
        VITIS_LOOP_74_1: 
/home/work1/Works/CNN-Core-Generator/hls_streaming/cnn_core_streaming_prj/solution1/.autopilot/db/cnn_core.pp.0.cpp:61607:9: note: FIX-IT applied suggested code changes
/home/work1/Works/CNN-Core-Generator/hls_streaming/cnn_core_streaming_prj/solution1/.autopilot/db/cnn_core.pp.0.cpp:61843:5: warning: Added loop label VITIS_LOOP_13_1:   [xilinx-label-all-loops]
    for (int i = 1; i < N; i++) {
    ^~~
    VITIS_LOOP_13_1: 
/home/work1/Works/CNN-Core-Generator/hls_streaming/cnn_core_streaming_prj/solution1/.autopilot/db/cnn_core.pp.0.cpp:61843:5: note: FIX-IT applied suggested code changes
/home/work1/Works/CNN-Core-Generator/hls_streaming/cnn_core_streaming_prj/solution1/.autopilot/db/cnn_core.pp.0.cpp:61852:5: warning: Added loop label VITIS_LOOP_22_1:   [xilinx-label-all-loops]
    for (int i = 0; i < N; i++) {
    ^~~
    VITIS_LOOP_22_1: 
/home/work1/Works/CNN-Core-Generator/hls_streaming/cnn_core_streaming_prj/solution1/.autopilot/db/cnn_core.pp.0.cpp:61852:5: note: FIX-IT applied suggested code changes
/home/work1/Works/CNN-Core-Generator/hls_streaming/cnn_core_streaming_prj/solution1/.autopilot/db/cnn_core.pp.0.cpp:61927:5: warning: Added loop label VITIS_LOOP_97_1:   [xilinx-label-all-loops]
    for (int ff = 0; ff < CONFIG_T::n_filt; ff++) {
    ^~~
    VITIS_LOOP_97_1: 
/home/work1/Works/CNN-Core-Generator/hls_streaming/cnn_core_streaming_prj/solution1/.autopilot/db/cnn_core.pp.0.cpp:61927:5: note: FIX-IT applied suggested code changes
/home/work1/Works/CNN-Core-Generator/hls_streaming/cnn_core_streaming_prj/solution1/.autopilot/db/cnn_core.pp.0.cpp:61929:9: warning: Added loop label VITIS_LOOP_99_2:   [xilinx-label-all-loops]
        for (int ii = 0; ii < restricted_padded_width; ii += CONFIG_T::stride_width) {
        ^~~
        VITIS_LOOP_99_2: 
/home/work1/Works/CNN-Core-Generator/hls_streaming/cnn_core_streaming_prj/solution1/.autopilot/db/cnn_core.pp.0.cpp:61929:9: note: FIX-IT applied suggested code changes
/home/work1/Works/CNN-Core-Generator/hls_streaming/cnn_core_streaming_prj/solution1/.autopilot/db/cnn_core.pp.0.cpp:61934:2: warning: Added loop label VITIS_LOOP_104_3:   [xilinx-label-all-loops]
 for (int jj = 0; jj < CONFIG_T::pool_width; jj++) {
 ^~~
 VITIS_LOOP_104_3: 
/home/work1/Works/CNN-Core-Generator/hls_streaming/cnn_core_streaming_prj/solution1/.autopilot/db/cnn_core.pp.0.cpp:61934:2: note: FIX-IT applied suggested code changes
/home/work1/Works/CNN-Core-Generator/hls_streaming/cnn_core_streaming_prj/solution1/.autopilot/db/cnn_core.pp.0.cpp:61962:2: warning: Added loop label VITIS_LOOP_132_1:   [xilinx-label-all-loops]
 for (int ff = 0; ff < CONFIG_T::n_filt; ff++) {
 ^~~
 VITIS_LOOP_132_1: 
/home/work1/Works/CNN-Core-Generator/hls_streaming/cnn_core_streaming_prj/solution1/.autopilot/db/cnn_core.pp.0.cpp:61962:2: note: FIX-IT applied suggested code changes
/home/work1/Works/CNN-Core-Generator/hls_streaming/cnn_core_streaming_prj/solution1/.autopilot/db/cnn_core.pp.0.cpp:61965:2: warning: Added loop label VITIS_LOOP_135_2:   [xilinx-label-all-loops]
 for (int jj = 0; jj < CONFIG_T::n_in; jj++) {
 ^~~
 VITIS_LOOP_135_2: 
/home/work1/Works/CNN-Core-Generator/hls_streaming/cnn_core_streaming_prj/solution1/.autopilot/db/cnn_core.pp.0.cpp:61965:2: note: FIX-IT applied suggested code changes
/home/work1/Works/CNN-Core-Generator/hls_streaming/cnn_core_streaming_prj/solution1/.autopilot/db/cnn_core.pp.0.cpp:62020:5: warning: Added loop label VITIS_LOOP_190_1:   [xilinx-label-all-loops]
    for (int ff = 0; ff < CONFIG_T::n_filt; ff++) {
    ^~~
    VITIS_LOOP_190_1: 
/home/work1/Works/CNN-Core-Generator/hls_streaming/cnn_core_streaming_prj/solution1/.autopilot/db/cnn_core.pp.0.cpp:62020:5: note: FIX-IT applied suggested code changes
/home/work1/Works/CNN-Core-Generator/hls_streaming/cnn_core_streaming_prj/solution1/.autopilot/db/cnn_core.pp.0.cpp:62022:9: warning: Added loop label VITIS_LOOP_192_2:   [xilinx-label-all-loops]
        for (int ii = 0; ii < restricted_padded_height; ii += CONFIG_T::stride_height) {
        ^~~
        VITIS_LOOP_192_2: 
/home/work1/Works/CNN-Core-Generator/hls_streaming/cnn_core_streaming_prj/solution1/.autopilot/db/cnn_core.pp.0.cpp:62022:9: note: FIX-IT applied suggested code changes
/home/work1/Works/CNN-Core-Generator/hls_streaming/cnn_core_streaming_prj/solution1/.autopilot/db/cnn_core.pp.0.cpp:62024:13: warning: Added loop label VITIS_LOOP_194_3:   [xilinx-label-all-loops]
            for (int jj = 0; jj < restricted_padded_width; jj += CONFIG_T::stride_width) {
            ^~~
            VITIS_LOOP_194_3: 
/home/work1/Works/CNN-Core-Generator/hls_streaming/cnn_core_streaming_prj/solution1/.autopilot/db/cnn_core.pp.0.cpp:62024:13: note: FIX-IT applied suggested code changes
/home/work1/Works/CNN-Core-Generator/hls_streaming/cnn_core_streaming_prj/solution1/.autopilot/db/cnn_core.pp.0.cpp:62031:17: warning: Added loop label VITIS_LOOP_201_4:   [xilinx-label-all-loops]
                for (int kk = 0; kk < CONFIG_T::pool_height; kk++) {
                ^~~
                VITIS_LOOP_201_4: 
/home/work1/Works/CNN-Core-Generator/hls_streaming/cnn_core_streaming_prj/solution1/.autopilot/db/cnn_core.pp.0.cpp:62031:17: note: FIX-IT applied suggested code changes
/home/work1/Works/CNN-Core-Generator/hls_streaming/cnn_core_streaming_prj/solution1/.autopilot/db/cnn_core.pp.0.cpp:62033:21: warning: Added loop label VITIS_LOOP_203_5:   [xilinx-label-all-loops]
                    for (int ll = 0; ll < CONFIG_T::pool_width; ll++) {
                    ^~~
                    VITIS_LOOP_203_5: 
/home/work1/Works/CNN-Core-Generator/hls_streaming/cnn_core_streaming_prj/solution1/.autopilot/db/cnn_core.pp.0.cpp:62033:21: note: FIX-IT applied suggested code changes
/home/work1/Works/CNN-Core-Generator/hls_streaming/cnn_core_streaming_prj/solution1/.autopilot/db/cnn_core.pp.0.cpp:62074:5: warning: Added loop label VITIS_LOOP_244_1:   [xilinx-label-all-loops]
    for (int ff = 0; ff < CONFIG_T::n_filt; ff++) {
    ^~~
    VITIS_LOOP_244_1: 
/home/work1/Works/CNN-Core-Generator/hls_streaming/cnn_core_streaming_prj/solution1/.autopilot/db/cnn_core.pp.0.cpp:62074:5: note: FIX-IT applied suggested code changes
/home/work1/Works/CNN-Core-Generator/hls_streaming/cnn_core_streaming_prj/solution1/.autopilot/db/cnn_core.pp.0.cpp:62076:9: warning: Added loop label VITIS_LOOP_246_2:   [xilinx-label-all-loops]
        for (int ii = 0; ii < restricted_padded_height; ii += CONFIG_T::stride_height) {
        ^~~
        VITIS_LOOP_246_2: 
/home/work1/Works/CNN-Core-Generator/hls_streaming/cnn_core_streaming_prj/solution1/.autopilot/db/cnn_core.pp.0.cpp:62076:9: note: FIX-IT applied suggested code changes
/home/work1/Works/CNN-Core-Generator/hls_streaming/cnn_core_streaming_prj/solution1/.autopilot/db/cnn_core.pp.0.cpp:62078:13: warning: Added loop label VITIS_LOOP_248_3:   [xilinx-label-all-loops]
            for (int jj = 0; jj < restricted_padded_width; jj += CONFIG_T::stride_width) {
            ^~~
            VITIS_LOOP_248_3: 
/home/work1/Works/CNN-Core-Generator/hls_streaming/cnn_core_streaming_prj/solution1/.autopilot/db/cnn_core.pp.0.cpp:62078:13: note: FIX-IT applied suggested code changes
/home/work1/Works/CNN-Core-Generator/hls_streaming/cnn_core_streaming_prj/solution1/.autopilot/db/cnn_core.pp.0.cpp:62084:17: warning: Added loop label VITIS_LOOP_254_4:   [xilinx-label-all-loops]
                for (int kk = 0; kk < CONFIG_T::stride_height; kk++) {
                ^~~
                VITIS_LOOP_254_4: 
/home/work1/Works/CNN-Core-Generator/hls_streaming/cnn_core_streaming_prj/solution1/.autopilot/db/cnn_core.pp.0.cpp:62084:17: note: FIX-IT applied suggested code changes
/home/work1/Works/CNN-Core-Generator/hls_streaming/cnn_core_streaming_prj/solution1/.autopilot/db/cnn_core.pp.0.cpp:62086:21: warning: Added loop label VITIS_LOOP_256_5:   [xilinx-label-all-loops]
                    for (int ll = 0; ll < CONFIG_T::stride_width; ll++) {
                    ^~~
                    VITIS_LOOP_256_5: 
/home/work1/Works/CNN-Core-Generator/hls_streaming/cnn_core_streaming_prj/solution1/.autopilot/db/cnn_core.pp.0.cpp:62086:21: note: FIX-IT applied suggested code changes
