

================================================================
== Vitis HLS Report for 'cnn_core'
================================================================
* Date:           Sun May 17 01:30:13 2026

* Version:        2023.2 (Build 4023990 on Oct 11 2023)
* Project:        cnn_core_streaming_prj
* Solution:       solution1 (Vivado IP Flow Target)
* Product family: kintexuplus
* Target device:  xcku5p-ffvb676-2-e


================================================================
== Performance Estimates
================================================================
+ Timing: 
    * Summary: 
    +--------+---------+----------+------------+
    |  Clock |  Target | Estimated| Uncertainty|
    +--------+---------+----------+------------+
    |ap_clk  |  5.00 ns|  3.236 ns|     1.35 ns|
    +--------+---------+----------+------------+

+ Latency: 
    * Summary: 
    +---------+---------+----------+----------+------+------+----------+
    |  Latency (cycles) |  Latency (absolute) |   Interval  | Pipeline |
    |   min   |   max   |    min   |    max   |  min |  max |   Type   |
    +---------+---------+----------+----------+------+------+----------+
    |     1041|     1041|  5.205 us|  5.205 us|  1041|  1041|  dataflow|
    +---------+---------+----------+----------+------+------+----------+

    + Detail: 
        * Instance: 
        +---------------------------------------------------------------------------+--------------------------------------------------------------------------+---------+---------+----------+----------+------+------+---------+
        |                                                                           |                                                                          |  Latency (cycles) |  Latency (absolute) |   Interval  | Pipeline|
        |                                  Instance                                 |                                  Module                                  |   min   |   max   |    min   |    max   |  min |  max |   Type  |
        +---------------------------------------------------------------------------+--------------------------------------------------------------------------+---------+---------+----------+----------+------+------+---------+
        |first_conv_4lane_temporal_cl_array_array_ap_fixed_9_5_5_3_0_7u_config3_U0  |first_conv_4lane_temporal_cl_array_array_ap_fixed_9_5_5_3_0_7u_config3_s  |     1040|     1040|  5.200 us|  5.200 us|  1040|  1040|       no|
        |relu_array_ap_fixed_7u_array_ap_fixed_16_6_5_3_0_7u_relu_config4_U0        |relu_array_ap_fixed_7u_array_ap_fixed_16_6_5_3_0_7u_relu_config4_s        |      339|      339|  1.695 us|  1.695 us|   339|   339|       no|
        |pooling2d_cl_array_ap_fixed_7u_array_ap_fixed_16_6_5_3_0_7u_config5_U0     |pooling2d_cl_array_ap_fixed_7u_array_ap_fixed_16_6_5_3_0_7u_config5_s     |      674|      674|  3.370 us|  3.370 us|   674|   674|       no|
        |dense_array_ap_fixed_7u_array_ap_fixed_9_5_5_3_0_1u_config7_U0             |dense_array_ap_fixed_7u_array_ap_fixed_9_5_5_3_0_1u_config7_s             |      176|      176|  0.880 us|  0.880 us|   176|   176|       no|
        +---------------------------------------------------------------------------+--------------------------------------------------------------------------+---------+---------+----------+----------+------+------+---------+

        * Loop: 
        N/A



================================================================
== Utilization Estimates
================================================================
* Summary: 
+-----------------+---------+------+--------+--------+-----+
|       Name      | BRAM_18K|  DSP |   FF   |   LUT  | URAM|
+-----------------+---------+------+--------+--------+-----+
|DSP              |        -|     -|       -|       -|    -|
|Expression       |        -|     -|       0|       2|    -|
|FIFO             |       18|     -|     493|     192|    -|
|Instance         |        -|    17|   29984|   36742|    -|
|Memory           |        -|     -|       -|       -|    -|
|Multiplexer      |        -|     -|       -|       -|    -|
|Register         |        -|     -|       -|       -|    -|
+-----------------+---------+------+--------+--------+-----+
|Total            |       18|    17|   30477|   36936|    0|
+-----------------+---------+------+--------+--------+-----+
|Available        |      960|  1824|  433920|  216960|   64|
+-----------------+---------+------+--------+--------+-----+
|Utilization (%)  |        1|    ~0|       7|      17|    0|
+-----------------+---------+------+--------+--------+-----+

+ Detail: 
    * Instance: 
    +---------------------------------------------------------------------------+--------------------------------------------------------------------------+---------+----+-------+-------+-----+
    |                                  Instance                                 |                                  Module                                  | BRAM_18K| DSP|   FF  |  LUT  | URAM|
    +---------------------------------------------------------------------------+--------------------------------------------------------------------------+---------+----+-------+-------+-----+
    |dense_array_ap_fixed_7u_array_ap_fixed_9_5_5_3_0_1u_config7_U0             |dense_array_ap_fixed_7u_array_ap_fixed_9_5_5_3_0_1u_config7_s             |        0|  13|  27888|  31767|    0|
    |first_conv_4lane_temporal_cl_array_array_ap_fixed_9_5_5_3_0_7u_config3_U0  |first_conv_4lane_temporal_cl_array_array_ap_fixed_9_5_5_3_0_7u_config3_s  |        0|   4|   1198|   3700|    0|
    |pooling2d_cl_array_ap_fixed_7u_array_ap_fixed_16_6_5_3_0_7u_config5_U0     |pooling2d_cl_array_ap_fixed_7u_array_ap_fixed_16_6_5_3_0_7u_config5_s     |        0|   0|    820|    964|    0|
    |relu_array_ap_fixed_7u_array_ap_fixed_16_6_5_3_0_7u_relu_config4_U0        |relu_array_ap_fixed_7u_array_ap_fixed_16_6_5_3_0_7u_relu_config4_s        |        0|   0|     78|    311|    0|
    +---------------------------------------------------------------------------+--------------------------------------------------------------------------+---------+----+-------+-------+-----+
    |Total                                                                      |                                                                          |        0|  17|  29984|  36742|    0|
    +---------------------------------------------------------------------------+--------------------------------------------------------------------------+---------+----+-------+-------+-----+

    * DSP: 
    N/A

    * Memory: 
    N/A

    * FIFO: 
    +--------------+---------+-----+----+-----+------+-----+---------+
    |     Name     | BRAM_18K|  FF | LUT| URAM| Depth| Bits| Size:D*B|
    +--------------+---------+-----+----+-----+------+-----+---------+
    |layer3_out_U  |        4|  165|   0|    -|   336|   63|    21168|
    |layer4_out_U  |        7|  165|   0|    -|   336|  112|    37632|
    |layer5_out_U  |        7|  163|   0|    -|   168|  112|    18816|
    +--------------+---------+-----+----+-----+------+-----+---------+
    |Total         |       18|  493|   0|    0|   840|  287|    77616|
    +--------------+---------+-----+----+-----+------+-----+---------+

    * Expression: 
    +--------------+----------+----+---+----+------------+------------+
    | Variable Name| Operation| DSP| FF| LUT| Bitwidth P0| Bitwidth P1|
    +--------------+----------+----+---+----+------------+------------+
    |ap_idle       |       and|   0|  0|   2|           1|           1|
    +--------------+----------+----+---+----+------------+------------+
    |Total         |          |   0|  0|   2|           1|           1|
    +--------------+----------+----+---+----+------------+------------+

    * Multiplexer: 
    N/A

    * Register: 
    N/A



================================================================
== Interface
================================================================
* Summary: 
+--------------------+-----+-----+------------+--------------+--------------+
|      RTL Ports     | Dir | Bits|  Protocol  | Source Object|    C Type    |
+--------------------+-----+-----+------------+--------------+--------------+
|input_layer_TDATA   |   in|   64|        axis|   input_layer|       pointer|
|input_layer_TVALID  |   in|    1|        axis|   input_layer|       pointer|
|input_layer_TREADY  |  out|    1|        axis|   input_layer|       pointer|
|layer7_out_TDATA    |  out|   16|        axis|    layer7_out|       pointer|
|layer7_out_TVALID   |  out|    1|        axis|    layer7_out|       pointer|
|layer7_out_TREADY   |   in|    1|        axis|    layer7_out|       pointer|
|ap_clk              |   in|    1|  ap_ctrl_hs|      cnn_core|  return value|
|ap_rst_n            |   in|    1|  ap_ctrl_hs|      cnn_core|  return value|
|ap_start            |   in|    1|  ap_ctrl_hs|      cnn_core|  return value|
|ap_done             |  out|    1|  ap_ctrl_hs|      cnn_core|  return value|
|ap_ready            |  out|    1|  ap_ctrl_hs|      cnn_core|  return value|
|ap_idle             |  out|    1|  ap_ctrl_hs|      cnn_core|  return value|
+--------------------+-----+-----+------------+--------------+--------------+

============================================================
+ Verbose Summary: Synthesis Manager
============================================================
InlineROM: 1
ExposeGlobal: 0
============================================================
+ Verbose Summary: CDFG Model
============================================================
IsTopModel: 1
ResetActiveHigh: 1
IsCombinational: 2
IsDatapathOnly: 2
HasWiredReturn: 1
HasMFsm: 0
HasVarLatency: 1
IsPipeline: 0
IsRtlPipelined: 0
IsInstanceOverlapped: 0
IsDontTouch: 0
HasImplIP: 0
IsGatedGlobalClock: 0


============================================================
+ Verbose Summary: Schedule
============================================================
* Number of FSM states : 10
* Pipeline : 0
* Dataflow Pipeline: 1
  DF-Pipeline-0: Size = 10, States = { 1 2 3 4 5 6 7 8 9 10 }

* FSM state transitions: 
1 --> 2 
2 --> 3 
3 --> 4 
4 --> 5 
5 --> 6 
6 --> 7 
7 --> 8 
8 --> 9 
9 --> 10 
10 --> 

* FSM state operations: 

State 1 <SV = 0> <Delay = 0.00>
ST_1 : Operation 11 [1/1] (0.00ns)   --->   "%layer3_out = alloca i64 1"   --->   Operation 11 'alloca' 'layer3_out' <Predicate = true> <Delay = 0.00> <CoreInst = "FIFO">   --->   Core 78 'FIFO' <Latency = 0> <II = 1> <Delay = 1.72> <Storage> <Opcode : 'read' 'write' 'nbread' 'nbwrite'> <Ports = 0> <Width = 63> <Depth = 336> <FIFO>
ST_1 : Operation 12 [1/1] (0.00ns)   --->   "%layer4_out = alloca i64 1"   --->   Operation 12 'alloca' 'layer4_out' <Predicate = true> <Delay = 0.00> <CoreInst = "FIFO">   --->   Core 78 'FIFO' <Latency = 0> <II = 1> <Delay = 1.72> <Storage> <Opcode : 'read' 'write' 'nbread' 'nbwrite'> <Ports = 0> <Width = 112> <Depth = 336> <FIFO>
ST_1 : Operation 13 [1/1] (0.00ns)   --->   "%layer5_out = alloca i64 1"   --->   Operation 13 'alloca' 'layer5_out' <Predicate = true> <Delay = 0.00> <CoreInst = "FIFO">   --->   Core 78 'FIFO' <Latency = 0> <II = 1> <Delay = 1.73> <Storage> <Opcode : 'read' 'write' 'nbread' 'nbwrite'> <Ports = 0> <Width = 112> <Depth = 168> <FIFO>

State 2 <SV = 1> <Delay = 0.00>
ST_2 : Operation 14 [2/2] (0.00ns)   --->   "%call_ln43 = call void @first_conv_4lane_temporal_cl<array,array<ap_fixed<9,5,5,3,0>,7u>,config3>, i64 %input_layer, i63 %layer3_out" [firmware/cnn_core.cpp:43]   --->   Operation 14 'call' 'call_ln43' <Predicate = true> <Delay = 0.00> <CoreType = "Generic">   --->   Core 0 '' <Latency = 0> <II = 1> <Delay = 1.00> <Generic> <Opcode : >

State 3 <SV = 2> <Delay = 0.00>
ST_3 : Operation 15 [1/2] (0.00ns)   --->   "%call_ln43 = call void @first_conv_4lane_temporal_cl<array,array<ap_fixed<9,5,5,3,0>,7u>,config3>, i64 %input_layer, i63 %layer3_out" [firmware/cnn_core.cpp:43]   --->   Operation 15 'call' 'call_ln43' <Predicate = true> <Delay = 0.00> <CoreType = "Generic">   --->   Core 0 '' <Latency = 0> <II = 1> <Delay = 1.00> <Generic> <Opcode : >

State 4 <SV = 3> <Delay = 0.00>
ST_4 : Operation 16 [2/2] (0.00ns)   --->   "%call_ln45 = call void @relu<array<ap_fixed,7u>,array<ap_fixed<16,6,5,3,0>,7u>,relu_config4>, i63 %layer3_out, i112 %layer4_out" [firmware/cnn_core.cpp:45]   --->   Operation 16 'call' 'call_ln45' <Predicate = true> <Delay = 0.00> <CoreType = "Generic">   --->   Core 0 '' <Latency = 0> <II = 1> <Delay = 1.00> <Generic> <Opcode : >

State 5 <SV = 4> <Delay = 0.00>
ST_5 : Operation 17 [1/2] (0.00ns)   --->   "%call_ln45 = call void @relu<array<ap_fixed,7u>,array<ap_fixed<16,6,5,3,0>,7u>,relu_config4>, i63 %layer3_out, i112 %layer4_out" [firmware/cnn_core.cpp:45]   --->   Operation 17 'call' 'call_ln45' <Predicate = true> <Delay = 0.00> <CoreType = "Generic">   --->   Core 0 '' <Latency = 0> <II = 1> <Delay = 1.00> <Generic> <Opcode : >

State 6 <SV = 5> <Delay = 0.00>
ST_6 : Operation 18 [2/2] (0.00ns)   --->   "%call_ln47 = call void @pooling2d_cl<array<ap_fixed,7u>,array<ap_fixed<16,6,5,3,0>,7u>,config5>, i112 %layer4_out, i112 %layer5_out, i16 %void_compute_pool_buffer_2d_array_const_ap_shift_reg_n_filt_stream_kernel_9, i16 %void_compute_pool_buffer_2d_array_const_ap_shift_reg_n_filt_stream_kernel_5, i16 %void_compute_pool_buffer_2d_array_const_ap_shift_reg_n_filt_stream_kernel_2, i16 %void_compute_pool_buffer_2d_array_const_ap_shift_reg_n_filt_stream_kernel_4, i16 %void_compute_pool_buffer_2d_array_const_ap_shift_reg_n_filt_stream_kernel_1, i16 %void_compute_pool_buffer_2d_array_const_ap_shift_reg_n_filt_stream_kernel_3, i16 %void_compute_pool_buffer_2d_array_const_ap_shift_reg_n_filt_stream_kernel, i16 %p_ZZN4nnet22compute_pool_buffer_2dINS_5arrayI8ap_fixedILi16ELi6EL9ap_q_mode5EL9ap_3, i16 %void_compute_pool_buffer_2d_array_const_ap_shift_reg_n_filt_stream_kernel_8, i16 %p_ZZN4nnet22compute_pool_buffer_2dINS_5arrayI8ap_fixedILi16ELi6EL9ap_q_mode5EL9ap_2, i16 %void_compute_pool_buffer_2d_array_const_ap_shift_reg_n_filt_stream_kernel_7, i16 %p_ZZN4nnet22compute_pool_buffer_2dINS_5arrayI8ap_fixedILi16ELi6EL9ap_q_mode5EL9ap_1, i16 %void_compute_pool_buffer_2d_array_const_ap_shift_reg_n_filt_stream_kernel_6, i16 %p_ZZN4nnet22compute_pool_buffer_2dINS_5arrayI8ap_fixedILi16ELi6EL9ap_q_mode5EL9ap, i32 %pX, i32 %pY, i32 %sY, i16 %void_pooling2d_cl_stream_stream_array_ap_fixed_7u_0_line_buffer_6, i16 %void_pooling2d_cl_stream_stream_array_ap_fixed_7u_0_line_buffer_5, i16 %void_pooling2d_cl_stream_stream_array_ap_fixed_7u_0_line_buffer_4, i16 %void_pooling2d_cl_stream_stream_array_ap_fixed_7u_0_line_buffer_3, i16 %void_pooling2d_cl_stream_stream_array_ap_fixed_7u_0_line_buffer_2, i16 %void_pooling2d_cl_stream_stream_array_ap_fixed_7u_0_line_buffer_1, i16 %void_pooling2d_cl_stream_stream_array_ap_fixed_7u_0_line_buffer" [firmware/cnn_core.cpp:47]   --->   Operation 18 'call' 'call_ln47' <Predicate = true> <Delay = 0.00> <CoreType = "Generic">   --->   Core 0 '' <Latency = 0> <II = 1> <Delay = 1.00> <Generic> <Opcode : >

State 7 <SV = 6> <Delay = 0.00>
ST_7 : Operation 19 [1/2] (0.00ns)   --->   "%call_ln47 = call void @pooling2d_cl<array<ap_fixed,7u>,array<ap_fixed<16,6,5,3,0>,7u>,config5>, i112 %layer4_out, i112 %layer5_out, i16 %void_compute_pool_buffer_2d_array_const_ap_shift_reg_n_filt_stream_kernel_9, i16 %void_compute_pool_buffer_2d_array_const_ap_shift_reg_n_filt_stream_kernel_5, i16 %void_compute_pool_buffer_2d_array_const_ap_shift_reg_n_filt_stream_kernel_2, i16 %void_compute_pool_buffer_2d_array_const_ap_shift_reg_n_filt_stream_kernel_4, i16 %void_compute_pool_buffer_2d_array_const_ap_shift_reg_n_filt_stream_kernel_1, i16 %void_compute_pool_buffer_2d_array_const_ap_shift_reg_n_filt_stream_kernel_3, i16 %void_compute_pool_buffer_2d_array_const_ap_shift_reg_n_filt_stream_kernel, i16 %p_ZZN4nnet22compute_pool_buffer_2dINS_5arrayI8ap_fixedILi16ELi6EL9ap_q_mode5EL9ap_3, i16 %void_compute_pool_buffer_2d_array_const_ap_shift_reg_n_filt_stream_kernel_8, i16 %p_ZZN4nnet22compute_pool_buffer_2dINS_5arrayI8ap_fixedILi16ELi6EL9ap_q_mode5EL9ap_2, i16 %void_compute_pool_buffer_2d_array_const_ap_shift_reg_n_filt_stream_kernel_7, i16 %p_ZZN4nnet22compute_pool_buffer_2dINS_5arrayI8ap_fixedILi16ELi6EL9ap_q_mode5EL9ap_1, i16 %void_compute_pool_buffer_2d_array_const_ap_shift_reg_n_filt_stream_kernel_6, i16 %p_ZZN4nnet22compute_pool_buffer_2dINS_5arrayI8ap_fixedILi16ELi6EL9ap_q_mode5EL9ap, i32 %pX, i32 %pY, i32 %sY, i16 %void_pooling2d_cl_stream_stream_array_ap_fixed_7u_0_line_buffer_6, i16 %void_pooling2d_cl_stream_stream_array_ap_fixed_7u_0_line_buffer_5, i16 %void_pooling2d_cl_stream_stream_array_ap_fixed_7u_0_line_buffer_4, i16 %void_pooling2d_cl_stream_stream_array_ap_fixed_7u_0_line_buffer_3, i16 %void_pooling2d_cl_stream_stream_array_ap_fixed_7u_0_line_buffer_2, i16 %void_pooling2d_cl_stream_stream_array_ap_fixed_7u_0_line_buffer_1, i16 %void_pooling2d_cl_stream_stream_array_ap_fixed_7u_0_line_buffer" [firmware/cnn_core.cpp:47]   --->   Operation 19 'call' 'call_ln47' <Predicate = true> <Delay = 0.00> <CoreType = "Generic">   --->   Core 0 '' <Latency = 0> <II = 1> <Delay = 1.00> <Generic> <Opcode : >

State 8 <SV = 7> <Delay = 0.00>
ST_8 : Operation 20 [2/2] (0.00ns)   --->   "%call_ln49 = call void @dense<array<ap_fixed,7u>,array<ap_fixed<9,5,5,3,0>,1u>,config7>, i112 %layer5_out, i16 %layer7_out" [firmware/cnn_core.cpp:49]   --->   Operation 20 'call' 'call_ln49' <Predicate = true> <Delay = 0.00> <CoreType = "Generic">   --->   Core 0 '' <Latency = 0> <II = 1> <Delay = 1.00> <Generic> <Opcode : >

State 9 <SV = 8> <Delay = 0.00>
ST_9 : Operation 21 [1/2] (0.00ns)   --->   "%call_ln49 = call void @dense<array<ap_fixed,7u>,array<ap_fixed<9,5,5,3,0>,1u>,config7>, i112 %layer5_out, i16 %layer7_out" [firmware/cnn_core.cpp:49]   --->   Operation 21 'call' 'call_ln49' <Predicate = true> <Delay = 0.00> <CoreType = "Generic">   --->   Core 0 '' <Latency = 0> <II = 1> <Delay = 1.00> <Generic> <Opcode : >

State 10 <SV = 9> <Delay = 0.00>
ST_10 : Operation 22 [1/1] (0.00ns)   --->   "%specdataflowpipeline_ln14 = specdataflowpipeline void @_ssdm_op_SpecDataflowPipeline, i32 4294967295, i32 0, void @empty_3" [firmware/cnn_core.cpp:14]   --->   Operation 22 'specdataflowpipeline' 'specdataflowpipeline_ln14' <Predicate = true> <Delay = 0.00>
ST_10 : Operation 23 [1/1] (0.00ns)   --->   "%spectopmodule_ln7 = spectopmodule void @_ssdm_op_SpecTopModule, void @empty_0" [firmware/cnn_core.cpp:7]   --->   Operation 23 'spectopmodule' 'spectopmodule_ln7' <Predicate = true> <Delay = 0.00>
ST_10 : Operation 24 [1/1] (0.00ns)   --->   "%specinterface_ln0 = specinterface void @_ssdm_op_SpecInterface, i64 %input_layer, void @empty_5, i32 1, i32 1, void @empty_4, i32 0, i32 0, void @empty_3, void @empty_3, void @empty_3, i32 0, i32 0, i32 0, i32 0, void @empty_3, void @empty_3, i32 4294967295, i32 0"   --->   Operation 24 'specinterface' 'specinterface_ln0' <Predicate = true> <Delay = 0.00>
ST_10 : Operation 25 [1/1] (0.00ns)   --->   "%specbitsmap_ln0 = specbitsmap void @_ssdm_op_SpecBitsMap, i64 %input_layer"   --->   Operation 25 'specbitsmap' 'specbitsmap_ln0' <Predicate = true> <Delay = 0.00>
ST_10 : Operation 26 [1/1] (0.00ns)   --->   "%specinterface_ln0 = specinterface void @_ssdm_op_SpecInterface, i16 %layer7_out, void @empty_5, i32 1, i32 1, void @empty_4, i32 0, i32 0, void @empty_3, void @empty_3, void @empty_3, i32 0, i32 0, i32 0, i32 0, void @empty_3, void @empty_3, i32 4294967295, i32 0"   --->   Operation 26 'specinterface' 'specinterface_ln0' <Predicate = true> <Delay = 0.00>
ST_10 : Operation 27 [1/1] (0.00ns)   --->   "%specbitsmap_ln0 = specbitsmap void @_ssdm_op_SpecBitsMap, i16 %layer7_out"   --->   Operation 27 'specbitsmap' 'specbitsmap_ln0' <Predicate = true> <Delay = 0.00>
ST_10 : Operation 28 [1/1] (0.00ns)   --->   "%empty = specchannel i32 @_ssdm_op_SpecChannel, void @layer3_out_str, i32 1, void @p_str, void @p_str, i32 336, i32 336, i63 %layer3_out, i63 %layer3_out"   --->   Operation 28 'specchannel' 'empty' <Predicate = true> <Delay = 0.00>
ST_10 : Operation 29 [1/1] (0.00ns)   --->   "%specinterface_ln0 = specinterface void @_ssdm_op_SpecInterface, i63 %layer3_out, void @empty_2, i32 0, i32 0, void @empty_3, i32 0, i32 0, void @empty_3, void @empty_3, void @empty_3, i32 0, i32 0, i32 0, i32 0, void @empty_3, void @empty_3, i32 4294967295, i32 0"   --->   Operation 29 'specinterface' 'specinterface_ln0' <Predicate = true> <Delay = 0.00>
ST_10 : Operation 30 [1/1] (0.00ns)   --->   "%empty_35 = specchannel i32 @_ssdm_op_SpecChannel, void @layer4_out_str, i32 1, void @p_str, void @p_str, i32 336, i32 336, i112 %layer4_out, i112 %layer4_out"   --->   Operation 30 'specchannel' 'empty_35' <Predicate = true> <Delay = 0.00>
ST_10 : Operation 31 [1/1] (0.00ns)   --->   "%specinterface_ln0 = specinterface void @_ssdm_op_SpecInterface, i112 %layer4_out, void @empty_2, i32 0, i32 0, void @empty_3, i32 0, i32 0, void @empty_3, void @empty_3, void @empty_3, i32 0, i32 0, i32 0, i32 0, void @empty_3, void @empty_3, i32 4294967295, i32 0"   --->   Operation 31 'specinterface' 'specinterface_ln0' <Predicate = true> <Delay = 0.00>
ST_10 : Operation 32 [1/1] (0.00ns)   --->   "%empty_36 = specchannel i32 @_ssdm_op_SpecChannel, void @layer5_out_str, i32 1, void @p_str, void @p_str, i32 168, i32 168, i112 %layer5_out, i112 %layer5_out"   --->   Operation 32 'specchannel' 'empty_36' <Predicate = true> <Delay = 0.00>
ST_10 : Operation 33 [1/1] (0.00ns)   --->   "%specinterface_ln0 = specinterface void @_ssdm_op_SpecInterface, i112 %layer5_out, void @empty_2, i32 0, i32 0, void @empty_3, i32 0, i32 0, void @empty_3, void @empty_3, void @empty_3, i32 0, i32 0, i32 0, i32 0, void @empty_3, void @empty_3, i32 4294967295, i32 0"   --->   Operation 33 'specinterface' 'specinterface_ln0' <Predicate = true> <Delay = 0.00>
ST_10 : Operation 34 [1/1] (0.00ns)   --->   "%ret_ln51 = ret" [firmware/cnn_core.cpp:51]   --->   Operation 34 'ret' 'ret_ln51' <Predicate = true> <Delay = 0.00>


============================================================
+ Verbose Summary: Binding
============================================================
STG Binding: 
---------------- STG Properties BEGIN ----------------
- Is combinational: 0
- Is one-state seq: 0
- Is datapath-only: 0
- Is pipelined: 0
- Is top level: 1
Port [ Return ] is wired: 1; IO mode=ap_ctrl_hs:ce=0
Port [ input_layer]:  wired=1; compound=1; hidden=0; nouse=0; global=0; static=0; extern=0; dir=0; type=0; pingpong=0; private_global=0; IO mode=axis:ce=0
Port [ layer7_out]:  wired=1; compound=1; hidden=0; nouse=0; global=0; static=0; extern=0; dir=1; type=0; pingpong=0; private_global=0; IO mode=axis:ce=0
Port [ void_compute_pool_buffer_2d_array_const_ap_shift_reg_n_filt_stream_kernel_9]:  wired=0; compound=0; hidden=1; nouse=1; global=1; static=1; extern=0; dir=2; type=0; pingpong=0; private_global=0; IO mode=ap_ovld:ce=0
Port [ void_compute_pool_buffer_2d_array_const_ap_shift_reg_n_filt_stream_kernel_5]:  wired=0; compound=0; hidden=1; nouse=1; global=1; static=1; extern=0; dir=2; type=0; pingpong=0; private_global=0; IO mode=ap_ovld:ce=0
Port [ void_compute_pool_buffer_2d_array_const_ap_shift_reg_n_filt_stream_kernel_2]:  wired=0; compound=0; hidden=1; nouse=1; global=1; static=1; extern=0; dir=2; type=0; pingpong=0; private_global=0; IO mode=ap_ovld:ce=0
Port [ void_compute_pool_buffer_2d_array_const_ap_shift_reg_n_filt_stream_kernel_4]:  wired=0; compound=0; hidden=1; nouse=1; global=1; static=1; extern=0; dir=2; type=0; pingpong=0; private_global=0; IO mode=ap_ovld:ce=0
Port [ void_compute_pool_buffer_2d_array_const_ap_shift_reg_n_filt_stream_kernel_1]:  wired=0; compound=0; hidden=1; nouse=1; global=1; static=1; extern=0; dir=2; type=0; pingpong=0; private_global=0; IO mode=ap_ovld:ce=0
Port [ void_compute_pool_buffer_2d_array_const_ap_shift_reg_n_filt_stream_kernel_3]:  wired=0; compound=0; hidden=1; nouse=1; global=1; static=1; extern=0; dir=2; type=0; pingpong=0; private_global=0; IO mode=ap_ovld:ce=0
Port [ void_compute_pool_buffer_2d_array_const_ap_shift_reg_n_filt_stream_kernel]:  wired=0; compound=0; hidden=1; nouse=1; global=1; static=1; extern=0; dir=2; type=0; pingpong=0; private_global=0; IO mode=ap_ovld:ce=0
Port [ p_ZZN4nnet22compute_pool_buffer_2dINS_5arrayI8ap_fixedILi16ELi6EL9ap_q_mode5EL9ap_3]:  wired=0; compound=0; hidden=1; nouse=1; global=1; static=1; extern=0; dir=2; type=0; pingpong=0; private_global=0; IO mode=ap_ovld:ce=0
Port [ void_compute_pool_buffer_2d_array_const_ap_shift_reg_n_filt_stream_kernel_8]:  wired=0; compound=0; hidden=1; nouse=1; global=1; static=1; extern=0; dir=2; type=0; pingpong=0; private_global=0; IO mode=ap_ovld:ce=0
Port [ p_ZZN4nnet22compute_pool_buffer_2dINS_5arrayI8ap_fixedILi16ELi6EL9ap_q_mode5EL9ap_2]:  wired=0; compound=0; hidden=1; nouse=1; global=1; static=1; extern=0; dir=2; type=0; pingpong=0; private_global=0; IO mode=ap_ovld:ce=0
Port [ void_compute_pool_buffer_2d_array_const_ap_shift_reg_n_filt_stream_kernel_7]:  wired=0; compound=0; hidden=1; nouse=1; global=1; static=1; extern=0; dir=2; type=0; pingpong=0; private_global=0; IO mode=ap_ovld:ce=0
Port [ p_ZZN4nnet22compute_pool_buffer_2dINS_5arrayI8ap_fixedILi16ELi6EL9ap_q_mode5EL9ap_1]:  wired=0; compound=0; hidden=1; nouse=1; global=1; static=1; extern=0; dir=2; type=0; pingpong=0; private_global=0; IO mode=ap_ovld:ce=0
Port [ void_compute_pool_buffer_2d_array_const_ap_shift_reg_n_filt_stream_kernel_6]:  wired=0; compound=0; hidden=1; nouse=1; global=1; static=1; extern=0; dir=2; type=0; pingpong=0; private_global=0; IO mode=ap_ovld:ce=0
Port [ p_ZZN4nnet22compute_pool_buffer_2dINS_5arrayI8ap_fixedILi16ELi6EL9ap_q_mode5EL9ap]:  wired=0; compound=0; hidden=1; nouse=1; global=1; static=1; extern=0; dir=2; type=0; pingpong=0; private_global=0; IO mode=ap_ovld:ce=0
Port [ pX]:  wired=0; compound=0; hidden=1; nouse=1; global=1; static=1; extern=0; dir=2; type=0; pingpong=0; private_global=0; IO mode=ap_ovld:ce=0
Port [ pY]:  wired=0; compound=0; hidden=1; nouse=1; global=1; static=1; extern=0; dir=2; type=0; pingpong=0; private_global=0; IO mode=ap_ovld:ce=0
Port [ sY]:  wired=0; compound=0; hidden=1; nouse=1; global=1; static=1; extern=0; dir=2; type=0; pingpong=0; private_global=0; IO mode=ap_ovld:ce=0
Port [ void_pooling2d_cl_stream_stream_array_ap_fixed_7u_0_line_buffer_6]:  wired=0; compound=1; hidden=1; nouse=1; global=1; static=1; extern=0; dir=3; type=1; pingpong=0; private_global=0; MemPort=[2]; IO mode=ap_memory:ce=0
Port [ void_pooling2d_cl_stream_stream_array_ap_fixed_7u_0_line_buffer_5]:  wired=0; compound=1; hidden=1; nouse=1; global=1; static=1; extern=0; dir=3; type=1; pingpong=0; private_global=0; MemPort=[2]; IO mode=ap_memory:ce=0
Port [ void_pooling2d_cl_stream_stream_array_ap_fixed_7u_0_line_buffer_4]:  wired=0; compound=1; hidden=1; nouse=1; global=1; static=1; extern=0; dir=3; type=1; pingpong=0; private_global=0; MemPort=[2]; IO mode=ap_memory:ce=0
Port [ void_pooling2d_cl_stream_stream_array_ap_fixed_7u_0_line_buffer_3]:  wired=0; compound=1; hidden=1; nouse=1; global=1; static=1; extern=0; dir=3; type=1; pingpong=0; private_global=0; MemPort=[2]; IO mode=ap_memory:ce=0
Port [ void_pooling2d_cl_stream_stream_array_ap_fixed_7u_0_line_buffer_2]:  wired=0; compound=1; hidden=1; nouse=1; global=1; static=1; extern=0; dir=3; type=1; pingpong=0; private_global=0; MemPort=[2]; IO mode=ap_memory:ce=0
Port [ void_pooling2d_cl_stream_stream_array_ap_fixed_7u_0_line_buffer_1]:  wired=0; compound=1; hidden=1; nouse=1; global=1; static=1; extern=0; dir=3; type=1; pingpong=0; private_global=0; MemPort=[2]; IO mode=ap_memory:ce=0
Port [ void_pooling2d_cl_stream_stream_array_ap_fixed_7u_0_line_buffer]:  wired=0; compound=1; hidden=1; nouse=1; global=1; static=1; extern=0; dir=3; type=1; pingpong=0; private_global=0; MemPort=[2]; IO mode=ap_memory:ce=0
---------------- STG Properties END ------------------

---------------- Datapath Model BEGIN ----------------

<LifeTime>
<method=bitvector/>
layer3_out                (alloca              ) [ 00111111111]
layer4_out                (alloca              ) [ 00111111111]
layer5_out                (alloca              ) [ 00111111111]
call_ln43                 (call                ) [ 00000000000]
call_ln45                 (call                ) [ 00000000000]
call_ln47                 (call                ) [ 00000000000]
call_ln49                 (call                ) [ 00000000000]
specdataflowpipeline_ln14 (specdataflowpipeline) [ 00000000000]
spectopmodule_ln7         (spectopmodule       ) [ 00000000000]
specinterface_ln0         (specinterface       ) [ 00000000000]
specbitsmap_ln0           (specbitsmap         ) [ 00000000000]
specinterface_ln0         (specinterface       ) [ 00000000000]
specbitsmap_ln0           (specbitsmap         ) [ 00000000000]
empty                     (specchannel         ) [ 00000000000]
specinterface_ln0         (specinterface       ) [ 00000000000]
empty_35                  (specchannel         ) [ 00000000000]
specinterface_ln0         (specinterface       ) [ 00000000000]
empty_36                  (specchannel         ) [ 00000000000]
specinterface_ln0         (specinterface       ) [ 00000000000]
ret_ln51                  (ret                 ) [ 00000000000]
</LifeTime>

<model>

<comp_list>
<comp id="0" class="1000" name="input_layer">
<pin_list>
<pin id="1" dir="1" index="0" bw="1" slack="0"/>
</pin_list>
<bind>
<StgValue><ssdm name="input_layer"/></StgValue>
</bind>
</comp>

<comp id="2" class="1000" name="layer7_out">
<pin_list>
<pin id="3" dir="1" index="0" bw="1" slack="0"/>
</pin_list>
<bind>
<StgValue><ssdm name="layer7_out"/></StgValue>
</bind>
</comp>

<comp id="4" class="1000" name="void_compute_pool_buffer_2d_array_const_ap_shift_reg_n_filt_stream_kernel_9">
<pin_list>
<pin id="5" dir="1" index="0" bw="1" slack="0"/>
</pin_list>
<bind>
<StgValue><ssdm name="void_compute_pool_buffer_2d_array_const_ap_shift_reg_n_filt_stream_kernel_9"/></StgValue>
</bind>
</comp>

<comp id="6" class="1000" name="void_compute_pool_buffer_2d_array_const_ap_shift_reg_n_filt_stream_kernel_5">
<pin_list>
<pin id="7" dir="1" index="0" bw="1" slack="0"/>
</pin_list>
<bind>
<StgValue><ssdm name="void_compute_pool_buffer_2d_array_const_ap_shift_reg_n_filt_stream_kernel_5"/></StgValue>
</bind>
</comp>

<comp id="8" class="1000" name="void_compute_pool_buffer_2d_array_const_ap_shift_reg_n_filt_stream_kernel_2">
<pin_list>
<pin id="9" dir="1" index="0" bw="1" slack="0"/>
</pin_list>
<bind>
<StgValue><ssdm name="void_compute_pool_buffer_2d_array_const_ap_shift_reg_n_filt_stream_kernel_2"/></StgValue>
</bind>
</comp>

<comp id="10" class="1000" name="void_compute_pool_buffer_2d_array_const_ap_shift_reg_n_filt_stream_kernel_4">
<pin_list>
<pin id="11" dir="1" index="0" bw="1" slack="0"/>
</pin_list>
<bind>
<StgValue><ssdm name="void_compute_pool_buffer_2d_array_const_ap_shift_reg_n_filt_stream_kernel_4"/></StgValue>
</bind>
</comp>

<comp id="12" class="1000" name="void_compute_pool_buffer_2d_array_const_ap_shift_reg_n_filt_stream_kernel_1">
<pin_list>
<pin id="13" dir="1" index="0" bw="1" slack="0"/>
</pin_list>
<bind>
<StgValue><ssdm name="void_compute_pool_buffer_2d_array_const_ap_shift_reg_n_filt_stream_kernel_1"/></StgValue>
</bind>
</comp>

<comp id="14" class="1000" name="void_compute_pool_buffer_2d_array_const_ap_shift_reg_n_filt_stream_kernel_3">
<pin_list>
<pin id="15" dir="1" index="0" bw="1" slack="0"/>
</pin_list>
<bind>
<StgValue><ssdm name="void_compute_pool_buffer_2d_array_const_ap_shift_reg_n_filt_stream_kernel_3"/></StgValue>
</bind>
</comp>

<comp id="16" class="1000" name="void_compute_pool_buffer_2d_array_const_ap_shift_reg_n_filt_stream_kernel">
<pin_list>
<pin id="17" dir="1" index="0" bw="1" slack="0"/>
</pin_list>
<bind>
<StgValue><ssdm name="void_compute_pool_buffer_2d_array_const_ap_shift_reg_n_filt_stream_kernel"/></StgValue>
</bind>
</comp>

<comp id="18" class="1000" name="p_ZZN4nnet22compute_pool_buffer_2dINS_5arrayI8ap_fixedILi16ELi6EL9ap_q_mode5EL9ap_3">
<pin_list>
<pin id="19" dir="1" index="0" bw="1" slack="0"/>
</pin_list>
<bind>
<StgValue><ssdm name="p_ZZN4nnet22compute_pool_buffer_2dINS_5arrayI8ap_fixedILi16ELi6EL9ap_q_mode5EL9ap_3"/></StgValue>
</bind>
</comp>

<comp id="20" class="1000" name="void_compute_pool_buffer_2d_array_const_ap_shift_reg_n_filt_stream_kernel_8">
<pin_list>
<pin id="21" dir="1" index="0" bw="1" slack="0"/>
</pin_list>
<bind>
<StgValue><ssdm name="void_compute_pool_buffer_2d_array_const_ap_shift_reg_n_filt_stream_kernel_8"/></StgValue>
</bind>
</comp>

<comp id="22" class="1000" name="p_ZZN4nnet22compute_pool_buffer_2dINS_5arrayI8ap_fixedILi16ELi6EL9ap_q_mode5EL9ap_2">
<pin_list>
<pin id="23" dir="1" index="0" bw="1" slack="0"/>
</pin_list>
<bind>
<StgValue><ssdm name="p_ZZN4nnet22compute_pool_buffer_2dINS_5arrayI8ap_fixedILi16ELi6EL9ap_q_mode5EL9ap_2"/></StgValue>
</bind>
</comp>

<comp id="24" class="1000" name="void_compute_pool_buffer_2d_array_const_ap_shift_reg_n_filt_stream_kernel_7">
<pin_list>
<pin id="25" dir="1" index="0" bw="1" slack="0"/>
</pin_list>
<bind>
<StgValue><ssdm name="void_compute_pool_buffer_2d_array_const_ap_shift_reg_n_filt_stream_kernel_7"/></StgValue>
</bind>
</comp>

<comp id="26" class="1000" name="p_ZZN4nnet22compute_pool_buffer_2dINS_5arrayI8ap_fixedILi16ELi6EL9ap_q_mode5EL9ap_1">
<pin_list>
<pin id="27" dir="1" index="0" bw="1" slack="0"/>
</pin_list>
<bind>
<StgValue><ssdm name="p_ZZN4nnet22compute_pool_buffer_2dINS_5arrayI8ap_fixedILi16ELi6EL9ap_q_mode5EL9ap_1"/></StgValue>
</bind>
</comp>

<comp id="28" class="1000" name="void_compute_pool_buffer_2d_array_const_ap_shift_reg_n_filt_stream_kernel_6">
<pin_list>
<pin id="29" dir="1" index="0" bw="1" slack="0"/>
</pin_list>
<bind>
<StgValue><ssdm name="void_compute_pool_buffer_2d_array_const_ap_shift_reg_n_filt_stream_kernel_6"/></StgValue>
</bind>
</comp>

<comp id="30" class="1000" name="p_ZZN4nnet22compute_pool_buffer_2dINS_5arrayI8ap_fixedILi16ELi6EL9ap_q_mode5EL9ap">
<pin_list>
<pin id="31" dir="1" index="0" bw="1" slack="0"/>
</pin_list>
<bind>
<StgValue><ssdm name="p_ZZN4nnet22compute_pool_buffer_2dINS_5arrayI8ap_fixedILi16ELi6EL9ap_q_mode5EL9ap"/></StgValue>
</bind>
</comp>

<comp id="32" class="1000" name="pX">
<pin_list>
<pin id="33" dir="1" index="0" bw="1" slack="0"/>
</pin_list>
<bind>
<StgValue><ssdm name="pX"/></StgValue>
</bind>
</comp>

<comp id="34" class="1000" name="pY">
<pin_list>
<pin id="35" dir="1" index="0" bw="1" slack="0"/>
</pin_list>
<bind>
<StgValue><ssdm name="pY"/></StgValue>
</bind>
</comp>

<comp id="36" class="1000" name="sY">
<pin_list>
<pin id="37" dir="1" index="0" bw="1" slack="0"/>
</pin_list>
<bind>
<StgValue><ssdm name="sY"/></StgValue>
</bind>
</comp>

<comp id="38" class="1000" name="void_pooling2d_cl_stream_stream_array_ap_fixed_7u_0_line_buffer_6">
<pin_list>
<pin id="39" dir="1" index="0" bw="1" slack="0"/>
</pin_list>
<bind>
<StgValue><ssdm name="void_pooling2d_cl_stream_stream_array_ap_fixed_7u_0_line_buffer_6"/><MemPortTyVec>2 </MemPortTyVec>
</StgValue>
</bind>
</comp>

<comp id="40" class="1000" name="void_pooling2d_cl_stream_stream_array_ap_fixed_7u_0_line_buffer_5">
<pin_list>
<pin id="41" dir="1" index="0" bw="1" slack="0"/>
</pin_list>
<bind>
<StgValue><ssdm name="void_pooling2d_cl_stream_stream_array_ap_fixed_7u_0_line_buffer_5"/><MemPortTyVec>2 </MemPortTyVec>
</StgValue>
</bind>
</comp>

<comp id="42" class="1000" name="void_pooling2d_cl_stream_stream_array_ap_fixed_7u_0_line_buffer_4">
<pin_list>
<pin id="43" dir="1" index="0" bw="1" slack="0"/>
</pin_list>
<bind>
<StgValue><ssdm name="void_pooling2d_cl_stream_stream_array_ap_fixed_7u_0_line_buffer_4"/><MemPortTyVec>2 </MemPortTyVec>
</StgValue>
</bind>
</comp>

<comp id="44" class="1000" name="void_pooling2d_cl_stream_stream_array_ap_fixed_7u_0_line_buffer_3">
<pin_list>
<pin id="45" dir="1" index="0" bw="1" slack="0"/>
</pin_list>
<bind>
<StgValue><ssdm name="void_pooling2d_cl_stream_stream_array_ap_fixed_7u_0_line_buffer_3"/><MemPortTyVec>2 </MemPortTyVec>
</StgValue>
</bind>
</comp>

<comp id="46" class="1000" name="void_pooling2d_cl_stream_stream_array_ap_fixed_7u_0_line_buffer_2">
<pin_list>
<pin id="47" dir="1" index="0" bw="1" slack="0"/>
</pin_list>
<bind>
<StgValue><ssdm name="void_pooling2d_cl_stream_stream_array_ap_fixed_7u_0_line_buffer_2"/><MemPortTyVec>2 </MemPortTyVec>
</StgValue>
</bind>
</comp>

<comp id="48" class="1000" name="void_pooling2d_cl_stream_stream_array_ap_fixed_7u_0_line_buffer_1">
<pin_list>
<pin id="49" dir="1" index="0" bw="1" slack="0"/>
</pin_list>
<bind>
<StgValue><ssdm name="void_pooling2d_cl_stream_stream_array_ap_fixed_7u_0_line_buffer_1"/><MemPortTyVec>2 </MemPortTyVec>
</StgValue>
</bind>
</comp>

<comp id="50" class="1000" name="void_pooling2d_cl_stream_stream_array_ap_fixed_7u_0_line_buffer">
<pin_list>
<pin id="51" dir="1" index="0" bw="1" slack="0"/>
</pin_list>
<bind>
<StgValue><ssdm name="void_pooling2d_cl_stream_stream_array_ap_fixed_7u_0_line_buffer"/><MemPortTyVec>2 </MemPortTyVec>
</StgValue>
</bind>
</comp>

<comp id="52" class="1001" name="const_52">
<pin_list>
<pin id="53" dir="1" index="0" bw="1" slack="0"/>
</pin_list>
<bind>
<StgValue><ssdm name=""/></StgValue>
</bind>
</comp>

<comp id="54" class="1001" name="const_54">
<pin_list>
<pin id="55" dir="1" index="0" bw="1" slack="0"/>
</pin_list>
<bind>
<StgValue><ssdm name="first_conv_4lane_temporal_cl<array,array<ap_fixed<9,5,5,3,0>,7u>,config3>"/></StgValue>
</bind>
</comp>

<comp id="56" class="1001" name="const_56">
<pin_list>
<pin id="57" dir="1" index="0" bw="1" slack="0"/>
</pin_list>
<bind>
<StgValue><ssdm name="relu<array<ap_fixed,7u>,array<ap_fixed<16,6,5,3,0>,7u>,relu_config4>"/></StgValue>
</bind>
</comp>

<comp id="58" class="1001" name="const_58">
<pin_list>
<pin id="59" dir="1" index="0" bw="1" slack="0"/>
</pin_list>
<bind>
<StgValue><ssdm name="pooling2d_cl<array<ap_fixed,7u>,array<ap_fixed<16,6,5,3,0>,7u>,config5>"/></StgValue>
</bind>
</comp>

<comp id="60" class="1001" name="const_60">
<pin_list>
<pin id="61" dir="1" index="0" bw="1" slack="0"/>
</pin_list>
<bind>
<StgValue><ssdm name="dense<array<ap_fixed,7u>,array<ap_fixed<9,5,5,3,0>,1u>,config7>"/></StgValue>
</bind>
</comp>

<comp id="62" class="1001" name="const_62">
<pin_list>
<pin id="63" dir="1" index="0" bw="1" slack="2147483647"/>
</pin_list>
<bind>
<StgValue><ssdm name="_ssdm_op_SpecDataflowPipeline"/></StgValue>
</bind>
</comp>

<comp id="64" class="1001" name="const_64">
<pin_list>
<pin id="65" dir="1" index="0" bw="1" slack="2147483647"/>
</pin_list>
<bind>
<StgValue><ssdm name=""/></StgValue>
</bind>
</comp>

<comp id="66" class="1001" name="const_66">
<pin_list>
<pin id="67" dir="1" index="0" bw="1" slack="2147483647"/>
</pin_list>
<bind>
<StgValue><ssdm name=""/></StgValue>
</bind>
</comp>

<comp id="68" class="1001" name="const_68">
<pin_list>
<pin id="69" dir="1" index="0" bw="1" slack="2147483647"/>
</pin_list>
<bind>
<StgValue><ssdm name="empty_3"/></StgValue>
</bind>
</comp>

<comp id="70" class="1001" name="const_70">
<pin_list>
<pin id="71" dir="1" index="0" bw="1" slack="2147483647"/>
</pin_list>
<bind>
<StgValue><ssdm name="_ssdm_op_SpecTopModule"/></StgValue>
</bind>
</comp>

<comp id="72" class="1001" name="const_72">
<pin_list>
<pin id="73" dir="1" index="0" bw="1" slack="2147483647"/>
</pin_list>
<bind>
<StgValue><ssdm name="empty_0"/></StgValue>
</bind>
</comp>

<comp id="74" class="1001" name="const_74">
<pin_list>
<pin id="75" dir="1" index="0" bw="1" slack="2147483647"/>
</pin_list>
<bind>
<StgValue><ssdm name="_ssdm_op_SpecInterface"/></StgValue>
</bind>
</comp>

<comp id="76" class="1001" name="const_76">
<pin_list>
<pin id="77" dir="1" index="0" bw="1" slack="2147483647"/>
</pin_list>
<bind>
<StgValue><ssdm name="empty_5"/></StgValue>
</bind>
</comp>

<comp id="78" class="1001" name="const_78">
<pin_list>
<pin id="79" dir="1" index="0" bw="1" slack="2147483647"/>
</pin_list>
<bind>
<StgValue><ssdm name=""/></StgValue>
</bind>
</comp>

<comp id="80" class="1001" name="const_80">
<pin_list>
<pin id="81" dir="1" index="0" bw="1" slack="2147483647"/>
</pin_list>
<bind>
<StgValue><ssdm name="empty_4"/></StgValue>
</bind>
</comp>

<comp id="82" class="1001" name="const_82">
<pin_list>
<pin id="83" dir="1" index="0" bw="1" slack="2147483647"/>
</pin_list>
<bind>
<StgValue><ssdm name="_ssdm_op_SpecBitsMap"/></StgValue>
</bind>
</comp>

<comp id="84" class="1001" name="const_84">
<pin_list>
<pin id="85" dir="1" index="0" bw="1" slack="2147483647"/>
</pin_list>
<bind>
<StgValue><ssdm name="_ssdm_op_SpecChannel"/></StgValue>
</bind>
</comp>

<comp id="86" class="1001" name="const_86">
<pin_list>
<pin id="87" dir="1" index="0" bw="1" slack="2147483647"/>
</pin_list>
<bind>
<StgValue><ssdm name="layer3_out_str"/></StgValue>
</bind>
</comp>

<comp id="88" class="1001" name="const_88">
<pin_list>
<pin id="89" dir="1" index="0" bw="1" slack="2147483647"/>
</pin_list>
<bind>
<StgValue><ssdm name="p_str"/></StgValue>
</bind>
</comp>

<comp id="90" class="1001" name="const_90">
<pin_list>
<pin id="91" dir="1" index="0" bw="1" slack="2147483647"/>
</pin_list>
<bind>
<StgValue><ssdm name=""/></StgValue>
</bind>
</comp>

<comp id="92" class="1001" name="const_92">
<pin_list>
<pin id="93" dir="1" index="0" bw="1" slack="2147483647"/>
</pin_list>
<bind>
<StgValue><ssdm name="empty_2"/></StgValue>
</bind>
</comp>

<comp id="94" class="1001" name="const_94">
<pin_list>
<pin id="95" dir="1" index="0" bw="1" slack="2147483647"/>
</pin_list>
<bind>
<StgValue><ssdm name="layer4_out_str"/></StgValue>
</bind>
</comp>

<comp id="96" class="1001" name="const_96">
<pin_list>
<pin id="97" dir="1" index="0" bw="1" slack="2147483647"/>
</pin_list>
<bind>
<StgValue><ssdm name="layer5_out_str"/></StgValue>
</bind>
</comp>

<comp id="98" class="1001" name="const_98">
<pin_list>
<pin id="99" dir="1" index="0" bw="1" slack="2147483647"/>
</pin_list>
<bind>
<StgValue><ssdm name=""/></StgValue>
</bind>
</comp>

<comp id="100" class="1004" name="layer3_out_fu_100">
<pin_list>
<pin id="101" dir="0" index="0" bw="1" slack="0"/>
<pin id="102" dir="1" index="1" bw="63" slack="1"/>
</pin_list>
<bind>
<opcode="alloca(26) " fcode="alloca"/>
<opset="layer3_out/1 "/>
</bind>
</comp>

<comp id="104" class="1004" name="layer4_out_fu_104">
<pin_list>
<pin id="105" dir="0" index="0" bw="1" slack="0"/>
<pin id="106" dir="1" index="1" bw="112" slack="3"/>
</pin_list>
<bind>
<opcode="alloca(26) " fcode="alloca"/>
<opset="layer4_out/1 "/>
</bind>
</comp>

<comp id="108" class="1004" name="layer5_out_fu_108">
<pin_list>
<pin id="109" dir="0" index="0" bw="1" slack="0"/>
<pin id="110" dir="1" index="1" bw="112" slack="5"/>
</pin_list>
<bind>
<opcode="alloca(26) " fcode="alloca"/>
<opset="layer5_out/1 "/>
</bind>
</comp>

<comp id="112" class="1004" name="grp_first_conv_4lane_temporal_cl_array_array_ap_fixed_9_5_5_3_0_7u_config3_s_fu_112">
<pin_list>
<pin id="113" dir="0" index="0" bw="0" slack="0"/>
<pin id="114" dir="0" index="1" bw="64" slack="0"/>
<pin id="115" dir="0" index="2" bw="63" slack="1"/>
<pin id="116" dir="1" index="3" bw="0" slack="2147483647"/>
</pin_list>
<bind>
<opcode="call(48) " fcode="call"/>
<opset="call_ln43/2 "/>
</bind>
</comp>

<comp id="119" class="1004" name="grp_relu_array_ap_fixed_7u_array_ap_fixed_16_6_5_3_0_7u_relu_config4_s_fu_119">
<pin_list>
<pin id="120" dir="0" index="0" bw="0" slack="0"/>
<pin id="121" dir="0" index="1" bw="63" slack="3"/>
<pin id="122" dir="0" index="2" bw="112" slack="3"/>
<pin id="123" dir="1" index="3" bw="0" slack="2147483647"/>
</pin_list>
<bind>
<opcode="call(48) " fcode="call"/>
<opset="call_ln45/4 "/>
</bind>
</comp>

<comp id="125" class="1004" name="grp_pooling2d_cl_array_ap_fixed_7u_array_ap_fixed_16_6_5_3_0_7u_config5_s_fu_125">
<pin_list>
<pin id="126" dir="0" index="0" bw="0" slack="0"/>
<pin id="127" dir="0" index="1" bw="112" slack="5"/>
<pin id="128" dir="0" index="2" bw="112" slack="5"/>
<pin id="129" dir="0" index="3" bw="16" slack="0"/>
<pin id="130" dir="0" index="4" bw="16" slack="0"/>
<pin id="131" dir="0" index="5" bw="16" slack="0"/>
<pin id="132" dir="0" index="6" bw="16" slack="0"/>
<pin id="133" dir="0" index="7" bw="16" slack="0"/>
<pin id="134" dir="0" index="8" bw="16" slack="0"/>
<pin id="135" dir="0" index="9" bw="16" slack="0"/>
<pin id="136" dir="0" index="10" bw="16" slack="0"/>
<pin id="137" dir="0" index="11" bw="16" slack="0"/>
<pin id="138" dir="0" index="12" bw="16" slack="0"/>
<pin id="139" dir="0" index="13" bw="16" slack="0"/>
<pin id="140" dir="0" index="14" bw="16" slack="0"/>
<pin id="141" dir="0" index="15" bw="16" slack="0"/>
<pin id="142" dir="0" index="16" bw="16" slack="0"/>
<pin id="143" dir="0" index="17" bw="32" slack="0"/>
<pin id="144" dir="0" index="18" bw="32" slack="0"/>
<pin id="145" dir="0" index="19" bw="32" slack="0"/>
<pin id="146" dir="0" index="20" bw="16" slack="0"/>
<pin id="147" dir="0" index="21" bw="16" slack="0"/>
<pin id="148" dir="0" index="22" bw="16" slack="0"/>
<pin id="149" dir="0" index="23" bw="16" slack="0"/>
<pin id="150" dir="0" index="24" bw="16" slack="0"/>
<pin id="151" dir="0" index="25" bw="16" slack="0"/>
<pin id="152" dir="0" index="26" bw="16" slack="0"/>
<pin id="153" dir="1" index="27" bw="0" slack="2147483647"/>
</pin_list>
<bind>
<opcode="call(48) " fcode="call"/>
<opset="call_ln47/6 "/>
</bind>
</comp>

<comp id="179" class="1004" name="grp_dense_array_ap_fixed_7u_array_ap_fixed_9_5_5_3_0_1u_config7_s_fu_179">
<pin_list>
<pin id="180" dir="0" index="0" bw="0" slack="0"/>
<pin id="181" dir="0" index="1" bw="112" slack="7"/>
<pin id="182" dir="0" index="2" bw="16" slack="0"/>
<pin id="183" dir="1" index="3" bw="0" slack="2147483647"/>
</pin_list>
<bind>
<opcode="call(48) " fcode="call"/>
<opset="call_ln49/8 "/>
</bind>
</comp>

<comp id="186" class="1005" name="layer3_out_reg_186">
<pin_list>
<pin id="187" dir="0" index="0" bw="63" slack="1"/>
<pin id="188" dir="1" index="1" bw="63" slack="1"/>
</pin_list>
<bind>
<opset="layer3_out "/>
</bind>
</comp>

<comp id="192" class="1005" name="layer4_out_reg_192">
<pin_list>
<pin id="193" dir="0" index="0" bw="112" slack="3"/>
<pin id="194" dir="1" index="1" bw="112" slack="3"/>
</pin_list>
<bind>
<opset="layer4_out "/>
</bind>
</comp>

<comp id="198" class="1005" name="layer5_out_reg_198">
<pin_list>
<pin id="199" dir="0" index="0" bw="112" slack="5"/>
<pin id="200" dir="1" index="1" bw="112" slack="5"/>
</pin_list>
<bind>
<opset="layer5_out "/>
</bind>
</comp>

</comp_list>

<net_list>
<net id="103"><net_src comp="52" pin="0"/><net_sink comp="100" pin=0"/></net>

<net id="107"><net_src comp="52" pin="0"/><net_sink comp="104" pin=0"/></net>

<net id="111"><net_src comp="52" pin="0"/><net_sink comp="108" pin=0"/></net>

<net id="117"><net_src comp="54" pin="0"/><net_sink comp="112" pin=0"/></net>

<net id="118"><net_src comp="0" pin="0"/><net_sink comp="112" pin=1"/></net>

<net id="124"><net_src comp="56" pin="0"/><net_sink comp="119" pin=0"/></net>

<net id="154"><net_src comp="58" pin="0"/><net_sink comp="125" pin=0"/></net>

<net id="155"><net_src comp="4" pin="0"/><net_sink comp="125" pin=3"/></net>

<net id="156"><net_src comp="6" pin="0"/><net_sink comp="125" pin=4"/></net>

<net id="157"><net_src comp="8" pin="0"/><net_sink comp="125" pin=5"/></net>

<net id="158"><net_src comp="10" pin="0"/><net_sink comp="125" pin=6"/></net>

<net id="159"><net_src comp="12" pin="0"/><net_sink comp="125" pin=7"/></net>

<net id="160"><net_src comp="14" pin="0"/><net_sink comp="125" pin=8"/></net>

<net id="161"><net_src comp="16" pin="0"/><net_sink comp="125" pin=9"/></net>

<net id="162"><net_src comp="18" pin="0"/><net_sink comp="125" pin=10"/></net>

<net id="163"><net_src comp="20" pin="0"/><net_sink comp="125" pin=11"/></net>

<net id="164"><net_src comp="22" pin="0"/><net_sink comp="125" pin=12"/></net>

<net id="165"><net_src comp="24" pin="0"/><net_sink comp="125" pin=13"/></net>

<net id="166"><net_src comp="26" pin="0"/><net_sink comp="125" pin=14"/></net>

<net id="167"><net_src comp="28" pin="0"/><net_sink comp="125" pin=15"/></net>

<net id="168"><net_src comp="30" pin="0"/><net_sink comp="125" pin=16"/></net>

<net id="169"><net_src comp="32" pin="0"/><net_sink comp="125" pin=17"/></net>

<net id="170"><net_src comp="34" pin="0"/><net_sink comp="125" pin=18"/></net>

<net id="171"><net_src comp="36" pin="0"/><net_sink comp="125" pin=19"/></net>

<net id="172"><net_src comp="38" pin="0"/><net_sink comp="125" pin=20"/></net>

<net id="173"><net_src comp="40" pin="0"/><net_sink comp="125" pin=21"/></net>

<net id="174"><net_src comp="42" pin="0"/><net_sink comp="125" pin=22"/></net>

<net id="175"><net_src comp="44" pin="0"/><net_sink comp="125" pin=23"/></net>

<net id="176"><net_src comp="46" pin="0"/><net_sink comp="125" pin=24"/></net>

<net id="177"><net_src comp="48" pin="0"/><net_sink comp="125" pin=25"/></net>

<net id="178"><net_src comp="50" pin="0"/><net_sink comp="125" pin=26"/></net>

<net id="184"><net_src comp="60" pin="0"/><net_sink comp="179" pin=0"/></net>

<net id="185"><net_src comp="2" pin="0"/><net_sink comp="179" pin=2"/></net>

<net id="189"><net_src comp="100" pin="1"/><net_sink comp="186" pin=0"/></net>

<net id="190"><net_src comp="186" pin="1"/><net_sink comp="112" pin=2"/></net>

<net id="191"><net_src comp="186" pin="1"/><net_sink comp="119" pin=1"/></net>

<net id="195"><net_src comp="104" pin="1"/><net_sink comp="192" pin=0"/></net>

<net id="196"><net_src comp="192" pin="1"/><net_sink comp="119" pin=2"/></net>

<net id="197"><net_src comp="192" pin="1"/><net_sink comp="125" pin=1"/></net>

<net id="201"><net_src comp="108" pin="1"/><net_sink comp="198" pin=0"/></net>

<net id="202"><net_src comp="198" pin="1"/><net_sink comp="125" pin=2"/></net>

<net id="203"><net_src comp="198" pin="1"/><net_sink comp="179" pin=1"/></net>

</net_list>

</model> 
---------------- Datapath Model END ------------------

* FSMD analyzer results:
  - Output states:
	Port: layer7_out | {8 9 }
	Port: void_compute_pool_buffer_2d_array_const_ap_shift_reg_n_filt_stream_kernel_9 | {6 7 }
	Port: void_compute_pool_buffer_2d_array_const_ap_shift_reg_n_filt_stream_kernel_5 | {6 7 }
	Port: void_compute_pool_buffer_2d_array_const_ap_shift_reg_n_filt_stream_kernel_2 | {6 7 }
	Port: void_compute_pool_buffer_2d_array_const_ap_shift_reg_n_filt_stream_kernel_4 | {6 7 }
	Port: void_compute_pool_buffer_2d_array_const_ap_shift_reg_n_filt_stream_kernel_1 | {6 7 }
	Port: void_compute_pool_buffer_2d_array_const_ap_shift_reg_n_filt_stream_kernel_3 | {6 7 }
	Port: void_compute_pool_buffer_2d_array_const_ap_shift_reg_n_filt_stream_kernel | {6 7 }
	Port: p_ZZN4nnet22compute_pool_buffer_2dINS_5arrayI8ap_fixedILi16ELi6EL9ap_q_mode5EL9ap_3 | {6 7 }
	Port: void_compute_pool_buffer_2d_array_const_ap_shift_reg_n_filt_stream_kernel_8 | {6 7 }
	Port: p_ZZN4nnet22compute_pool_buffer_2dINS_5arrayI8ap_fixedILi16ELi6EL9ap_q_mode5EL9ap_2 | {6 7 }
	Port: void_compute_pool_buffer_2d_array_const_ap_shift_reg_n_filt_stream_kernel_7 | {6 7 }
	Port: p_ZZN4nnet22compute_pool_buffer_2dINS_5arrayI8ap_fixedILi16ELi6EL9ap_q_mode5EL9ap_1 | {6 7 }
	Port: void_compute_pool_buffer_2d_array_const_ap_shift_reg_n_filt_stream_kernel_6 | {6 7 }
	Port: p_ZZN4nnet22compute_pool_buffer_2dINS_5arrayI8ap_fixedILi16ELi6EL9ap_q_mode5EL9ap | {6 7 }
	Port: pX | {6 7 }
	Port: pY | {6 7 }
	Port: sY | {6 7 }
	Port: void_pooling2d_cl_stream_stream_array_ap_fixed_7u_0_line_buffer_6 | {6 7 }
	Port: void_pooling2d_cl_stream_stream_array_ap_fixed_7u_0_line_buffer_5 | {6 7 }
	Port: void_pooling2d_cl_stream_stream_array_ap_fixed_7u_0_line_buffer_4 | {6 7 }
	Port: void_pooling2d_cl_stream_stream_array_ap_fixed_7u_0_line_buffer_3 | {6 7 }
	Port: void_pooling2d_cl_stream_stream_array_ap_fixed_7u_0_line_buffer_2 | {6 7 }
	Port: void_pooling2d_cl_stream_stream_array_ap_fixed_7u_0_line_buffer_1 | {6 7 }
	Port: void_pooling2d_cl_stream_stream_array_ap_fixed_7u_0_line_buffer | {6 7 }
 - Input state : 
	Port: cnn_core : input_layer | {2 3 }
	Port: cnn_core : void_compute_pool_buffer_2d_array_const_ap_shift_reg_n_filt_stream_kernel_9 | {6 7 }
	Port: cnn_core : void_compute_pool_buffer_2d_array_const_ap_shift_reg_n_filt_stream_kernel_5 | {6 7 }
	Port: cnn_core : void_compute_pool_buffer_2d_array_const_ap_shift_reg_n_filt_stream_kernel_2 | {6 7 }
	Port: cnn_core : void_compute_pool_buffer_2d_array_const_ap_shift_reg_n_filt_stream_kernel_4 | {6 7 }
	Port: cnn_core : void_compute_pool_buffer_2d_array_const_ap_shift_reg_n_filt_stream_kernel_1 | {6 7 }
	Port: cnn_core : void_compute_pool_buffer_2d_array_const_ap_shift_reg_n_filt_stream_kernel_3 | {6 7 }
	Port: cnn_core : void_compute_pool_buffer_2d_array_const_ap_shift_reg_n_filt_stream_kernel | {6 7 }
	Port: cnn_core : p_ZZN4nnet22compute_pool_buffer_2dINS_5arrayI8ap_fixedILi16ELi6EL9ap_q_mode5EL9ap_3 | {6 7 }
	Port: cnn_core : void_compute_pool_buffer_2d_array_const_ap_shift_reg_n_filt_stream_kernel_8 | {6 7 }
	Port: cnn_core : p_ZZN4nnet22compute_pool_buffer_2dINS_5arrayI8ap_fixedILi16ELi6EL9ap_q_mode5EL9ap_2 | {6 7 }
	Port: cnn_core : void_compute_pool_buffer_2d_array_const_ap_shift_reg_n_filt_stream_kernel_7 | {6 7 }
	Port: cnn_core : p_ZZN4nnet22compute_pool_buffer_2dINS_5arrayI8ap_fixedILi16ELi6EL9ap_q_mode5EL9ap_1 | {6 7 }
	Port: cnn_core : void_compute_pool_buffer_2d_array_const_ap_shift_reg_n_filt_stream_kernel_6 | {6 7 }
	Port: cnn_core : p_ZZN4nnet22compute_pool_buffer_2dINS_5arrayI8ap_fixedILi16ELi6EL9ap_q_mode5EL9ap | {6 7 }
	Port: cnn_core : pX | {6 7 }
	Port: cnn_core : pY | {6 7 }
	Port: cnn_core : sY | {6 7 }
	Port: cnn_core : void_pooling2d_cl_stream_stream_array_ap_fixed_7u_0_line_buffer_6 | {6 7 }
	Port: cnn_core : void_pooling2d_cl_stream_stream_array_ap_fixed_7u_0_line_buffer_5 | {6 7 }
	Port: cnn_core : void_pooling2d_cl_stream_stream_array_ap_fixed_7u_0_line_buffer_4 | {6 7 }
	Port: cnn_core : void_pooling2d_cl_stream_stream_array_ap_fixed_7u_0_line_buffer_3 | {6 7 }
	Port: cnn_core : void_pooling2d_cl_stream_stream_array_ap_fixed_7u_0_line_buffer_2 | {6 7 }
	Port: cnn_core : void_pooling2d_cl_stream_stream_array_ap_fixed_7u_0_line_buffer_1 | {6 7 }
	Port: cnn_core : void_pooling2d_cl_stream_stream_array_ap_fixed_7u_0_line_buffer | {6 7 }
  - Chain level:
	State 1
	State 2
	State 3
	State 4
	State 5
	State 6
	State 7
	State 8
	State 9
	State 10


============================================================
+ Verbose Summary: Datapath Resource usage 
============================================================

* Functional unit list:
|----------|-------------------------------------------------------------------------------------|---------|---------|---------|---------|
| Operation|                                   Functional Unit                                   |   DSP   |  Delay  |    FF   |   LUT   |
|----------|-------------------------------------------------------------------------------------|---------|---------|---------|---------|
|          | grp_first_conv_4lane_temporal_cl_array_array_ap_fixed_9_5_5_3_0_7u_config3_s_fu_112 |    4    |  0.952  |   863   |   3335  |
|   call   |    grp_relu_array_ap_fixed_7u_array_ap_fixed_16_6_5_3_0_7u_relu_config4_s_fu_119    |    0    |    0    |    73   |   242   |
|          |   grp_pooling2d_cl_array_ap_fixed_7u_array_ap_fixed_16_6_5_3_0_7u_config5_s_fu_125  |    0    |    0    |    77   |   630   |
|          |       grp_dense_array_ap_fixed_7u_array_ap_fixed_9_5_5_3_0_1u_config7_s_fu_179      |    13   |  0.427  |  27892  |  30685  |
|----------|-------------------------------------------------------------------------------------|---------|---------|---------|---------|
|   Total  |                                                                                     |    17   |  1.379  |  28905  |  34892  |
|----------|-------------------------------------------------------------------------------------|---------|---------|---------|---------|

Memories:
+-----------------------------------------------------------------+--------+--------+
|                                                                 |   FF   |   LUT  |
+-----------------------------------------------------------------+--------+--------+
| void_pooling2d_cl_stream_stream_array_ap_fixed_7u_0_line_buffer |   64   |   32   |
|void_pooling2d_cl_stream_stream_array_ap_fixed_7u_0_line_buffer_1|   64   |   32   |
|void_pooling2d_cl_stream_stream_array_ap_fixed_7u_0_line_buffer_2|   64   |   32   |
|void_pooling2d_cl_stream_stream_array_ap_fixed_7u_0_line_buffer_3|   64   |   32   |
|void_pooling2d_cl_stream_stream_array_ap_fixed_7u_0_line_buffer_4|   64   |   32   |
|void_pooling2d_cl_stream_stream_array_ap_fixed_7u_0_line_buffer_5|   64   |   32   |
|void_pooling2d_cl_stream_stream_array_ap_fixed_7u_0_line_buffer_6|   64   |   32   |
+-----------------------------------------------------------------+--------+--------+
|                              Total                              |   448  |   224  |
+-----------------------------------------------------------------+--------+--------+

* Register list:
+------------------+--------+
|                  |   FF   |
+------------------+--------+
|layer3_out_reg_186|   63   |
|layer4_out_reg_192|   112  |
|layer5_out_reg_198|   112  |
+------------------+--------+
|       Total      |   287  |
+------------------+--------+

* Multiplexer (MUX) list: 
|--------|------|------|------|--------|
|  Comp  |  Pin | Size |  BW  | S x BW |
|--------|------|------|------|--------|
|  Total |      |      |      |    0   |
|--------|------|------|------|--------|



* Summary:
+-----------+--------+--------+--------+--------+
|           |   DSP  |  Delay |   FF   |   LUT  |
+-----------+--------+--------+--------+--------+
|  Function |   17   |    1   |  28905 |  34892 |
|   Memory  |    -   |    -   |   448  |   224  |
|Multiplexer|    -   |    -   |    -   |    -   |
|  Register |    -   |    -   |   287  |    -   |
+-----------+--------+--------+--------+--------+
|   Total   |   17   |    1   |  29640 |  35116 |
+-----------+--------+--------+--------+--------+
