

================================================================
== Vitis HLS Report for 'dense_wide_stream_array_array_ap_fixed_9_5_5_3_0_1u_config7_s'
================================================================
* Date:           Sun May 17 03:31:37 2026

* Version:        2023.2 (Build 4023990 on Oct 11 2023)
* Project:        cnn_core_streaming_prj
* Solution:       solution1 (Vivado IP Flow Target)
* Product family: kintexuplus
* Target device:  xcku5p-ffvb676-2-e


================================================================
== Performance Estimates
================================================================
+ Timing: 
    * Summary: 
    +--------+---------+----------+------------+
    |  Clock |  Target | Estimated| Uncertainty|
    +--------+---------+----------+------------+
    |ap_clk  |  5.00 ns|  3.592 ns|     1.35 ns|
    +--------+---------+----------+------------+

+ Latency: 
    * Summary: 
    +---------+---------+----------+----------+-----+-----+---------+
    |  Latency (cycles) |  Latency (absolute) |  Interval | Pipeline|
    |   min   |   max   |    min   |    max   | min | max |   Type  |
    +---------+---------+----------+----------+-----+-----+---------+
    |      176|      176|  0.880 us|  0.880 us|  176|  176|       no|
    +---------+---------+----------+----------+-----+-----+---------+

    + Detail: 
        * Instance: 
        +------------------------------------------------------------------------------------+--------------------------------------------------------------------------+---------+---------+----------+----------+-----+-----+---------+
        |                                                                                    |                                                                          |  Latency (cycles) |  Latency (absolute) |  Interval | Pipeline|
        |                                      Instance                                      |                                  Module                                  |   min   |   max   |    min   |    max   | min | max |   Type  |
        +------------------------------------------------------------------------------------+--------------------------------------------------------------------------+---------+---------+----------+----------+-----+-----+---------+
        |grp_dense_wide_stream_array_array_ap_fixed_1u_config7_Pipeline_DenseWideMain_fu_53  |dense_wide_stream_array_array_ap_fixed_1u_config7_Pipeline_DenseWideMain  |      173|      173|  0.865 us|  0.865 us|  173|  173|       no|
        +------------------------------------------------------------------------------------+--------------------------------------------------------------------------+---------+---------+----------+----------+-----+-----+---------+

        * Loop: 
        N/A

============================================================
+ Verbose Summary: Synthesis Manager
============================================================
InlineROM: 1
ExposeGlobal: 0
============================================================
+ Verbose Summary: CDFG Model
============================================================
IsTopModel: 0
ResetActiveHigh: 1
IsCombinational: 2
IsDatapathOnly: 0
HasWiredReturn: 1
HasMFsm: 0
HasVarLatency: 1
IsPipeline: 0
IsRtlPipelined: 0
IsInstanceOverlapped: 0
IsDontTouch: 0
HasImplIP: 0
IsGatedGlobalClock: 0


============================================================
+ Verbose Summary: Schedule
============================================================
* Number of FSM states : 4
* Pipeline : 0
* Dataflow Pipeline: 0

* FSM state transitions: 
1 --> 2 
2 --> 3 
3 --> 4 
4 --> 

* FSM state operations: 

State 1 <SV = 0> <Delay = 0.00>
ST_1 : Operation 5 [1/1] (0.00ns)   --->   "%acc_loc = alloca i64 1"   --->   Operation 5 'alloca' 'acc_loc' <Predicate = true> <Delay = 0.00>
ST_1 : Operation 6 [1/1] (0.00ns)   --->   "%empty = wait i32 @_ssdm_op_Wait"   --->   Operation 6 'wait' 'empty' <Predicate = true> <Delay = 0.00>
ST_1 : Operation 7 [2/2] (0.00ns)   --->   "%call_ln0 = call void @dense_wide_stream<array,array<ap_fixed,1u>,config7>_Pipeline_DenseWideMain, i448 %layer5x4_out, i15 %acc_loc"   --->   Operation 7 'call' 'call_ln0' <Predicate = true> <Delay = 0.00> <CoreType = "Generic">   --->   Core 0 '' <Latency = 0> <II = 1> <Delay = 1.00> <Generic> <Opcode : >

State 2 <SV = 1> <Delay = 0.00>
ST_2 : Operation 8 [1/2] (0.00ns)   --->   "%call_ln0 = call void @dense_wide_stream<array,array<ap_fixed,1u>,config7>_Pipeline_DenseWideMain, i448 %layer5x4_out, i15 %acc_loc"   --->   Operation 8 'call' 'call_ln0' <Predicate = true> <Delay = 0.00> <CoreType = "Generic">   --->   Core 0 '' <Latency = 0> <II = 1> <Delay = 1.00> <Generic> <Opcode : >

State 3 <SV = 2> <Delay = 1.00>
ST_3 : Operation 9 [1/1] (0.00ns)   --->   "%acc_loc_load = load i15 %acc_loc"   --->   Operation 9 'load' 'acc_loc_load' <Predicate = true> <Delay = 0.00>
ST_3 : Operation 10 [1/1] (0.00ns)   --->   "%empty_29 = wait i32 @_ssdm_op_Wait"   --->   Operation 10 'wait' 'empty_29' <Predicate = true> <Delay = 0.00>
ST_3 : Operation 11 [1/1] (0.00ns)   --->   "%lshr_ln = partselect i9 @_ssdm_op_PartSelect.i9.i15.i32.i32, i15 %acc_loc_load, i32 6, i32 14" [firmware/nnet_utils/nnet_mult.h:111->firmware/nnet_utils/nnet_dense_stream.h:134]   --->   Operation 11 'partselect' 'lshr_ln' <Predicate = true> <Delay = 0.00>
ST_3 : Operation 12 [1/1] (0.00ns)   --->   "%zext_ln135 = zext i9 %lshr_ln" [firmware/nnet_utils/nnet_dense_stream.h:135]   --->   Operation 12 'zext' 'zext_ln135' <Predicate = true> <Delay = 0.00>
ST_3 : Operation 13 [2/2] (1.00ns)   --->   "%write_ln135 = write void @_ssdm_op_Write.axis.volatile.i16P128A, i16 %layer7_out, i16 %zext_ln135" [firmware/nnet_utils/nnet_dense_stream.h:135]   --->   Operation 13 'write' 'write_ln135' <Predicate = true> <Delay = 1.00> <CoreInst = "axis">   --->   Core 123 'axis' <Latency = 0> <II = 1> <Delay = 1.00> <Adapter> <Opcode : >

State 4 <SV = 3> <Delay = 1.00>
ST_4 : Operation 14 [1/1] (0.00ns)   --->   "%specmemcore_ln0 = specmemcore void @_ssdm_op_SpecMemCore, i448 %layer5x4_out, i64 666, i64 10, i64 18446744073709551615"   --->   Operation 14 'specmemcore' 'specmemcore_ln0' <Predicate = true> <Delay = 0.00>
ST_4 : Operation 15 [1/1] (0.00ns)   --->   "%specinterface_ln0 = specinterface void @_ssdm_op_SpecInterface, i448 %layer5x4_out, void @empty_2, i32 0, i32 0, void @empty_1, i32 0, i32 0, void @empty_1, void @empty_1, void @empty_1, i32 0, i32 0, i32 0, i32 0, void @empty_1, void @empty_1, i32 4294967295, i32 0"   --->   Operation 15 'specinterface' 'specinterface_ln0' <Predicate = true> <Delay = 0.00>
ST_4 : Operation 16 [1/1] (0.00ns)   --->   "%specinterface_ln0 = specinterface void @_ssdm_op_SpecInterface, i16 %layer7_out, void @empty, i32 1, i32 1, void @empty_0, i32 0, i32 0, void @empty_1, void @empty_1, void @empty_1, i32 0, i32 0, i32 0, i32 0, void @empty_1, void @empty_1, i32 4294967295, i32 0"   --->   Operation 16 'specinterface' 'specinterface_ln0' <Predicate = true> <Delay = 0.00>
ST_4 : Operation 17 [1/2] (1.00ns)   --->   "%write_ln135 = write void @_ssdm_op_Write.axis.volatile.i16P128A, i16 %layer7_out, i16 %zext_ln135" [firmware/nnet_utils/nnet_dense_stream.h:135]   --->   Operation 17 'write' 'write_ln135' <Predicate = true> <Delay = 1.00> <CoreInst = "axis">   --->   Core 123 'axis' <Latency = 0> <II = 1> <Delay = 1.00> <Adapter> <Opcode : >
ST_4 : Operation 18 [1/1] (0.00ns)   --->   "%ret_ln136 = ret" [firmware/nnet_utils/nnet_dense_stream.h:136]   --->   Operation 18 'ret' 'ret_ln136' <Predicate = true> <Delay = 0.00>


============================================================
+ Verbose Summary: Binding
============================================================
STG Binding: 
---------------- STG Properties BEGIN ----------------
- Is combinational: 0
- Is one-state seq: 0
- Is datapath-only: 0
- Is pipelined: 0
- Is top level: 0
Port [ Return ] is wired: 1; IO mode=ap_ctrl_hs:ce=0
Port [ layer5x4_out]:  wired=1; compound=1; hidden=0; nouse=0; global=0; static=0; extern=0; dir=0; type=3; pingpong=0; private_global=0; IO mode=ap_fifo:ce=0
Port [ layer7_out]:  wired=1; compound=1; hidden=0; nouse=0; global=0; static=0; extern=0; dir=1; type=0; pingpong=0; private_global=0; IO mode=axis:ce=0
---------------- STG Properties END ------------------

---------------- Datapath Model BEGIN ----------------

<LifeTime>
<method=bitvector/>
acc_loc           (alloca       ) [ 01110]
empty             (wait         ) [ 00000]
call_ln0          (call         ) [ 00000]
acc_loc_load      (load         ) [ 00000]
empty_29          (wait         ) [ 00000]
lshr_ln           (partselect   ) [ 00000]
zext_ln135        (zext         ) [ 00001]
specmemcore_ln0   (specmemcore  ) [ 00000]
specinterface_ln0 (specinterface) [ 00000]
specinterface_ln0 (specinterface) [ 00000]
write_ln135       (write        ) [ 00000]
ret_ln136         (ret          ) [ 00000]
</LifeTime>

<model>

<comp_list>
<comp id="0" class="1000" name="layer5x4_out">
<pin_list>
<pin id="1" dir="1" index="0" bw="1" slack="0"/>
</pin_list>
<bind>
<StgValue><ssdm name="layer5x4_out"/></StgValue>
</bind>
</comp>

<comp id="2" class="1000" name="layer7_out">
<pin_list>
<pin id="3" dir="1" index="0" bw="1" slack="0"/>
</pin_list>
<bind>
<StgValue><ssdm name="layer7_out"/></StgValue>
</bind>
</comp>

<comp id="4" class="1001" name="const_4">
<pin_list>
<pin id="5" dir="1" index="0" bw="1" slack="0"/>
</pin_list>
<bind>
<StgValue><ssdm name=""/></StgValue>
</bind>
</comp>

<comp id="6" class="1001" name="const_6">
<pin_list>
<pin id="7" dir="1" index="0" bw="1" slack="2147483647"/>
</pin_list>
<bind>
<StgValue><ssdm name="_ssdm_op_Wait"/></StgValue>
</bind>
</comp>

<comp id="8" class="1001" name="const_8">
<pin_list>
<pin id="9" dir="1" index="0" bw="1" slack="0"/>
</pin_list>
<bind>
<StgValue><ssdm name="dense_wide_stream<array,array<ap_fixed,1u>,config7>_Pipeline_DenseWideMain"/></StgValue>
</bind>
</comp>

<comp id="10" class="1001" name="const_10">
<pin_list>
<pin id="11" dir="1" index="0" bw="1" slack="0"/>
</pin_list>
<bind>
<StgValue><ssdm name="_ssdm_op_PartSelect.i9.i15.i32.i32"/></StgValue>
</bind>
</comp>

<comp id="12" class="1001" name="const_12">
<pin_list>
<pin id="13" dir="1" index="0" bw="1" slack="0"/>
</pin_list>
<bind>
<StgValue><ssdm name=""/></StgValue>
</bind>
</comp>

<comp id="14" class="1001" name="const_14">
<pin_list>
<pin id="15" dir="1" index="0" bw="1" slack="0"/>
</pin_list>
<bind>
<StgValue><ssdm name=""/></StgValue>
</bind>
</comp>

<comp id="16" class="1001" name="const_16">
<pin_list>
<pin id="17" dir="1" index="0" bw="1" slack="0"/>
</pin_list>
<bind>
<StgValue><ssdm name="_ssdm_op_Write.axis.volatile.i16P128A"/></StgValue>
</bind>
</comp>

<comp id="18" class="1001" name="const_18">
<pin_list>
<pin id="19" dir="1" index="0" bw="1" slack="2147483647"/>
</pin_list>
<bind>
<StgValue><ssdm name="_ssdm_op_SpecMemCore"/></StgValue>
</bind>
</comp>

<comp id="20" class="1001" name="const_20">
<pin_list>
<pin id="21" dir="1" index="0" bw="1" slack="2147483647"/>
</pin_list>
<bind>
<StgValue><ssdm name=""/></StgValue>
</bind>
</comp>

<comp id="22" class="1001" name="const_22">
<pin_list>
<pin id="23" dir="1" index="0" bw="1" slack="2147483647"/>
</pin_list>
<bind>
<StgValue><ssdm name=""/></StgValue>
</bind>
</comp>

<comp id="24" class="1001" name="const_24">
<pin_list>
<pin id="25" dir="1" index="0" bw="1" slack="2147483647"/>
</pin_list>
<bind>
<StgValue><ssdm name=""/></StgValue>
</bind>
</comp>

<comp id="26" class="1001" name="const_26">
<pin_list>
<pin id="27" dir="1" index="0" bw="1" slack="2147483647"/>
</pin_list>
<bind>
<StgValue><ssdm name="_ssdm_op_SpecInterface"/></StgValue>
</bind>
</comp>

<comp id="28" class="1001" name="const_28">
<pin_list>
<pin id="29" dir="1" index="0" bw="1" slack="2147483647"/>
</pin_list>
<bind>
<StgValue><ssdm name="empty_2"/></StgValue>
</bind>
</comp>

<comp id="30" class="1001" name="const_30">
<pin_list>
<pin id="31" dir="1" index="0" bw="1" slack="2147483647"/>
</pin_list>
<bind>
<StgValue><ssdm name=""/></StgValue>
</bind>
</comp>

<comp id="32" class="1001" name="const_32">
<pin_list>
<pin id="33" dir="1" index="0" bw="1" slack="2147483647"/>
</pin_list>
<bind>
<StgValue><ssdm name="empty_1"/></StgValue>
</bind>
</comp>

<comp id="34" class="1001" name="const_34">
<pin_list>
<pin id="35" dir="1" index="0" bw="1" slack="2147483647"/>
</pin_list>
<bind>
<StgValue><ssdm name=""/></StgValue>
</bind>
</comp>

<comp id="36" class="1001" name="const_36">
<pin_list>
<pin id="37" dir="1" index="0" bw="1" slack="2147483647"/>
</pin_list>
<bind>
<StgValue><ssdm name="empty"/></StgValue>
</bind>
</comp>

<comp id="38" class="1001" name="const_38">
<pin_list>
<pin id="39" dir="1" index="0" bw="1" slack="2147483647"/>
</pin_list>
<bind>
<StgValue><ssdm name=""/></StgValue>
</bind>
</comp>

<comp id="40" class="1001" name="const_40">
<pin_list>
<pin id="41" dir="1" index="0" bw="1" slack="2147483647"/>
</pin_list>
<bind>
<StgValue><ssdm name="empty_0"/></StgValue>
</bind>
</comp>

<comp id="42" class="1004" name="acc_loc_fu_42">
<pin_list>
<pin id="43" dir="0" index="0" bw="1" slack="0"/>
<pin id="44" dir="1" index="1" bw="15" slack="0"/>
</pin_list>
<bind>
<opcode="alloca(26) " fcode="alloca"/>
<opset="acc_loc/1 "/>
</bind>
</comp>

<comp id="46" class="1004" name="grp_write_fu_46">
<pin_list>
<pin id="47" dir="0" index="0" bw="0" slack="0"/>
<pin id="48" dir="0" index="1" bw="16" slack="0"/>
<pin id="49" dir="0" index="2" bw="9" slack="0"/>
<pin id="50" dir="1" index="3" bw="0" slack="2147483647"/>
</pin_list>
<bind>
<opcode="write(1151) " fcode="write"/>
<opset="write_ln135/3 "/>
</bind>
</comp>

<comp id="53" class="1004" name="grp_dense_wide_stream_array_array_ap_fixed_1u_config7_Pipeline_DenseWideMain_fu_53">
<pin_list>
<pin id="54" dir="0" index="0" bw="0" slack="0"/>
<pin id="55" dir="0" index="1" bw="448" slack="0"/>
<pin id="56" dir="0" index="2" bw="15" slack="0"/>
<pin id="57" dir="1" index="3" bw="0" slack="2147483647"/>
</pin_list>
<bind>
<opcode="call(48) " fcode="call"/>
<opset="call_ln0/1 "/>
</bind>
</comp>

<comp id="60" class="1004" name="acc_loc_load_load_fu_60">
<pin_list>
<pin id="61" dir="0" index="0" bw="15" slack="2"/>
<pin id="62" dir="1" index="1" bw="15" slack="0"/>
</pin_list>
<bind>
<opcode="load(27) " fcode="load"/>
<opset="acc_loc_load/3 "/>
</bind>
</comp>

<comp id="63" class="1004" name="lshr_ln_fu_63">
<pin_list>
<pin id="64" dir="0" index="0" bw="9" slack="0"/>
<pin id="65" dir="0" index="1" bw="15" slack="0"/>
<pin id="66" dir="0" index="2" bw="4" slack="0"/>
<pin id="67" dir="0" index="3" bw="5" slack="0"/>
<pin id="68" dir="1" index="4" bw="9" slack="0"/>
</pin_list>
<bind>
<opcode="partselect(1002) " fcode="partselect"/>
<opset="lshr_ln/3 "/>
</bind>
</comp>

<comp id="73" class="1004" name="zext_ln135_fu_73">
<pin_list>
<pin id="74" dir="0" index="0" bw="9" slack="0"/>
<pin id="75" dir="1" index="1" bw="16" slack="0"/>
</pin_list>
<bind>
<opcode="zext(34) " fcode="zext"/>
<opset="zext_ln135/3 "/>
</bind>
</comp>

<comp id="78" class="1005" name="acc_loc_reg_78">
<pin_list>
<pin id="79" dir="0" index="0" bw="15" slack="0"/>
<pin id="80" dir="1" index="1" bw="15" slack="0"/>
</pin_list>
<bind>
<opset="acc_loc "/>
</bind>
</comp>

<comp id="84" class="1005" name="zext_ln135_reg_84">
<pin_list>
<pin id="85" dir="0" index="0" bw="16" slack="1"/>
<pin id="86" dir="1" index="1" bw="16" slack="1"/>
</pin_list>
<bind>
<opset="zext_ln135 "/>
</bind>
</comp>

</comp_list>

<net_list>
<net id="45"><net_src comp="4" pin="0"/><net_sink comp="42" pin=0"/></net>

<net id="51"><net_src comp="16" pin="0"/><net_sink comp="46" pin=0"/></net>

<net id="52"><net_src comp="2" pin="0"/><net_sink comp="46" pin=1"/></net>

<net id="58"><net_src comp="8" pin="0"/><net_sink comp="53" pin=0"/></net>

<net id="59"><net_src comp="0" pin="0"/><net_sink comp="53" pin=1"/></net>

<net id="69"><net_src comp="10" pin="0"/><net_sink comp="63" pin=0"/></net>

<net id="70"><net_src comp="60" pin="1"/><net_sink comp="63" pin=1"/></net>

<net id="71"><net_src comp="12" pin="0"/><net_sink comp="63" pin=2"/></net>

<net id="72"><net_src comp="14" pin="0"/><net_sink comp="63" pin=3"/></net>

<net id="76"><net_src comp="63" pin="4"/><net_sink comp="73" pin=0"/></net>

<net id="77"><net_src comp="73" pin="1"/><net_sink comp="46" pin=2"/></net>

<net id="81"><net_src comp="42" pin="1"/><net_sink comp="78" pin=0"/></net>

<net id="82"><net_src comp="78" pin="1"/><net_sink comp="53" pin=2"/></net>

<net id="83"><net_src comp="78" pin="1"/><net_sink comp="60" pin=0"/></net>

<net id="87"><net_src comp="73" pin="1"/><net_sink comp="84" pin=0"/></net>

<net id="88"><net_src comp="84" pin="1"/><net_sink comp="46" pin=2"/></net>

</net_list>

</model> 
---------------- Datapath Model END ------------------

* FSMD analyzer results:
  - Output states:
	Port: layer7_out | {4 }
 - Input state : 
	Port: dense_wide_stream<array,array<ap_fixed<9,5,5,3,0>,1u>,config7> : layer5x4_out | {1 2 }
  - Chain level:
	State 1
		call_ln0 : 1
	State 2
	State 3
		lshr_ln : 1
		zext_ln135 : 2
		write_ln135 : 3
	State 4


============================================================
+ Verbose Summary: Datapath Resource usage 
============================================================

* Functional unit list:
|----------|------------------------------------------------------------------------------------|---------|---------|---------|
| Operation|                                   Functional Unit                                  |   DSP   |    FF   |   LUT   |
|----------|------------------------------------------------------------------------------------|---------|---------|---------|
|   call   | grp_dense_wide_stream_array_array_ap_fixed_1u_config7_Pipeline_DenseWideMain_fu_53 |    7    |   673   |  19447  |
|----------|------------------------------------------------------------------------------------|---------|---------|---------|
|   write  |                                   grp_write_fu_46                                  |    0    |    0    |    0    |
|----------|------------------------------------------------------------------------------------|---------|---------|---------|
|partselect|                                    lshr_ln_fu_63                                   |    0    |    0    |    0    |
|----------|------------------------------------------------------------------------------------|---------|---------|---------|
|   zext   |                                  zext_ln135_fu_73                                  |    0    |    0    |    0    |
|----------|------------------------------------------------------------------------------------|---------|---------|---------|
|   Total  |                                                                                    |    7    |   673   |  19447  |
|----------|------------------------------------------------------------------------------------|---------|---------|---------|

Memories:
N/A

* Register list:
+-----------------+--------+
|                 |   FF   |
+-----------------+--------+
|  acc_loc_reg_78 |   15   |
|zext_ln135_reg_84|   16   |
+-----------------+--------+
|      Total      |   31   |
+-----------------+--------+

* Multiplexer (MUX) list: 
|-----------------|------|------|------|--------||---------||---------|
|       Comp      |  Pin | Size |  BW  | S x BW ||  Delay  ||   LUT   |
|-----------------|------|------|------|--------||---------||---------|
| grp_write_fu_46 |  p2  |   2  |   9  |   18   ||    9    |
|-----------------|------|------|------|--------||---------||---------|
|      Total      |      |      |      |   18   ||  0.427  ||    9    |
|-----------------|------|------|------|--------||---------||---------|



* Summary:
+-----------+--------+--------+--------+--------+
|           |   DSP  |  Delay |   FF   |   LUT  |
+-----------+--------+--------+--------+--------+
|  Function |    7   |    -   |   673  |  19447 |
|   Memory  |    -   |    -   |    -   |    -   |
|Multiplexer|    -   |    0   |    -   |    9   |
|  Register |    -   |    -   |   31   |    -   |
+-----------+--------+--------+--------+--------+
|   Total   |    7   |    0   |   704  |  19456 |
+-----------+--------+--------+--------+--------+
