

================================================================
== Vitis HLS Report for 'maxpool2d_nonoverlap_cl_array_array_ap_fixed_16_6_5_3_0_7u_config5_s'
================================================================
* Date:           Sun May 17 02:40:01 2026

* Version:        2023.2 (Build 4023990 on Oct 11 2023)
* Project:        cnn_core_streaming_prj
* Solution:       solution1 (Vivado IP Flow Target)
* Product family: kintexuplus
* Target device:  xcku5p-ffvb676-2-e


================================================================
== Performance Estimates
================================================================
+ Timing: 
    * Summary: 
    +--------+---------+----------+------------+
    |  Clock |  Target | Estimated| Uncertainty|
    +--------+---------+----------+------------+
    |ap_clk  |  5.00 ns|  3.456 ns|     1.35 ns|
    +--------+---------+----------+------------+

+ Latency: 
    * Summary: 
    +---------+---------+----------+----------+-----+-----+---------+
    |  Latency (cycles) |  Latency (absolute) |  Interval | Pipeline|
    |   min   |   max   |    min   |    max   | min | max |   Type  |
    +---------+---------+----------+----------+-----+-----+---------+
    |      339|      339|  1.695 us|  1.695 us|  339|  339|       no|
    +---------+---------+----------+----------+-----+-----+---------+

    + Detail: 
        * Instance: 
        N/A

        * Loop: 
        +------------+---------+---------+----------+-----------+-----------+------+----------+
        |            |  Latency (cycles) | Iteration|  Initiation Interval  | Trip |          |
        |  Loop Name |   min   |   max   |  Latency |  achieved |   target  | Count| Pipelined|
        +------------+---------+---------+----------+-----------+-----------+------+----------+
        |- PoolMain  |      337|      337|         3|          1|          1|   336|       yes|
        +------------+---------+---------+----------+-----------+-----------+------+----------+

============================================================
+ Verbose Summary: Synthesis Manager
============================================================
InlineROM: 1
ExposeGlobal: 0
============================================================
+ Verbose Summary: CDFG Model
============================================================
IsTopModel: 0
ResetActiveHigh: 1
IsCombinational: 2
IsDatapathOnly: 0
HasWiredReturn: 1
HasMFsm: 2
HasVarLatency: 1
IsPipeline: 0
IsRtlPipelined: 0
IsInstanceOverlapped: 0
IsDontTouch: 0
HasImplIP: 0
IsGatedGlobalClock: 0

+ Individual pipeline summary: 
  * Pipeline-0: initiation interval (II) = 1, depth = 3


============================================================
+ Verbose Summary: Schedule
============================================================
* Number of FSM states : 3
* Pipeline : 1
  Pipeline-0 : II = 1, D = 3, States = { 1 2 3 }
* Dataflow Pipeline: 0

* FSM state transitions: 
1 --> 2 
2 --> 3 
3 --> 

* FSM state operations: 

State 1 <SV = 0> <Delay = 1.63>
ST_1 : Operation 6 [1/1] (0.00ns)   --->   "%i = alloca i32 1" [firmware/nnet_utils/nnet_pooling_stream.h:373]   --->   Operation 6 'alloca' 'i' <Predicate = true> <Delay = 0.00>
ST_1 : Operation 7 [1/1] (0.00ns)   --->   "%i_w = alloca i32 1" [firmware/nnet_utils/nnet_pooling_stream.h:369]   --->   Operation 7 'alloca' 'i_w' <Predicate = true> <Delay = 0.00>
ST_1 : Operation 8 [1/1] (0.00ns)   --->   "%p_0_0_0_0_03 = alloca i32 1"   --->   Operation 8 'alloca' 'p_0_0_0_0_03' <Predicate = true> <Delay = 0.00>
ST_1 : Operation 9 [1/1] (0.00ns)   --->   "%mux_case_2976 = alloca i32 1"   --->   Operation 9 'alloca' 'mux_case_2976' <Predicate = true> <Delay = 0.00>
ST_1 : Operation 10 [1/1] (0.00ns)   --->   "%mux_case_21019 = alloca i32 1"   --->   Operation 10 'alloca' 'mux_case_21019' <Predicate = true> <Delay = 0.00>
ST_1 : Operation 11 [1/1] (0.00ns)   --->   "%mux_case_210512 = alloca i32 1"   --->   Operation 11 'alloca' 'mux_case_210512' <Predicate = true> <Delay = 0.00>
ST_1 : Operation 12 [1/1] (0.00ns)   --->   "%mux_case_210915 = alloca i32 1"   --->   Operation 12 'alloca' 'mux_case_210915' <Predicate = true> <Delay = 0.00>
ST_1 : Operation 13 [1/1] (0.00ns)   --->   "%mux_case_211318 = alloca i32 1"   --->   Operation 13 'alloca' 'mux_case_211318' <Predicate = true> <Delay = 0.00>
ST_1 : Operation 14 [1/1] (0.00ns)   --->   "%mux_case_211721 = alloca i32 1"   --->   Operation 14 'alloca' 'mux_case_211721' <Predicate = true> <Delay = 0.00>
ST_1 : Operation 15 [1/1] (0.00ns)   --->   "%p_0_0_0_0_024 = alloca i32 1"   --->   Operation 15 'alloca' 'p_0_0_0_0_024' <Predicate = true> <Delay = 0.00>
ST_1 : Operation 16 [1/1] (0.00ns)   --->   "%mux_case_19627 = alloca i32 1"   --->   Operation 16 'alloca' 'mux_case_19627' <Predicate = true> <Delay = 0.00>
ST_1 : Operation 17 [1/1] (0.00ns)   --->   "%mux_case_110030 = alloca i32 1"   --->   Operation 17 'alloca' 'mux_case_110030' <Predicate = true> <Delay = 0.00>
ST_1 : Operation 18 [1/1] (0.00ns)   --->   "%mux_case_110433 = alloca i32 1"   --->   Operation 18 'alloca' 'mux_case_110433' <Predicate = true> <Delay = 0.00>
ST_1 : Operation 19 [1/1] (0.00ns)   --->   "%mux_case_110836 = alloca i32 1"   --->   Operation 19 'alloca' 'mux_case_110836' <Predicate = true> <Delay = 0.00>
ST_1 : Operation 20 [1/1] (0.00ns)   --->   "%mux_case_111239 = alloca i32 1"   --->   Operation 20 'alloca' 'mux_case_111239' <Predicate = true> <Delay = 0.00>
ST_1 : Operation 21 [1/1] (0.00ns)   --->   "%mux_case_111642 = alloca i32 1"   --->   Operation 21 'alloca' 'mux_case_111642' <Predicate = true> <Delay = 0.00>
ST_1 : Operation 22 [1/1] (0.00ns)   --->   "%p_0_0_0_0_045 = alloca i32 1"   --->   Operation 22 'alloca' 'p_0_0_0_0_045' <Predicate = true> <Delay = 0.00>
ST_1 : Operation 23 [1/1] (0.00ns)   --->   "%mux_case_09548 = alloca i32 1"   --->   Operation 23 'alloca' 'mux_case_09548' <Predicate = true> <Delay = 0.00>
ST_1 : Operation 24 [1/1] (0.00ns)   --->   "%mux_case_09951 = alloca i32 1"   --->   Operation 24 'alloca' 'mux_case_09951' <Predicate = true> <Delay = 0.00>
ST_1 : Operation 25 [1/1] (0.00ns)   --->   "%mux_case_010354 = alloca i32 1"   --->   Operation 25 'alloca' 'mux_case_010354' <Predicate = true> <Delay = 0.00>
ST_1 : Operation 26 [1/1] (0.00ns)   --->   "%mux_case_010757 = alloca i32 1"   --->   Operation 26 'alloca' 'mux_case_010757' <Predicate = true> <Delay = 0.00>
ST_1 : Operation 27 [1/1] (0.00ns)   --->   "%mux_case_011160 = alloca i32 1"   --->   Operation 27 'alloca' 'mux_case_011160' <Predicate = true> <Delay = 0.00>
ST_1 : Operation 28 [1/1] (0.00ns)   --->   "%mux_case_011563 = alloca i32 1"   --->   Operation 28 'alloca' 'mux_case_011563' <Predicate = true> <Delay = 0.00>
ST_1 : Operation 29 [1/1] (0.00ns)   --->   "%p_0_0_0_0_066 = alloca i32 1"   --->   Operation 29 'alloca' 'p_0_0_0_0_066' <Predicate = true> <Delay = 0.00>
ST_1 : Operation 30 [1/1] (0.00ns)   --->   "%mux_case_39869 = alloca i32 1"   --->   Operation 30 'alloca' 'mux_case_39869' <Predicate = true> <Delay = 0.00>
ST_1 : Operation 31 [1/1] (0.00ns)   --->   "%mux_case_310272 = alloca i32 1"   --->   Operation 31 'alloca' 'mux_case_310272' <Predicate = true> <Delay = 0.00>
ST_1 : Operation 32 [1/1] (0.00ns)   --->   "%mux_case_310675 = alloca i32 1"   --->   Operation 32 'alloca' 'mux_case_310675' <Predicate = true> <Delay = 0.00>
ST_1 : Operation 33 [1/1] (0.00ns)   --->   "%mux_case_311078 = alloca i32 1"   --->   Operation 33 'alloca' 'mux_case_311078' <Predicate = true> <Delay = 0.00>
ST_1 : Operation 34 [1/1] (0.00ns)   --->   "%mux_case_311481 = alloca i32 1"   --->   Operation 34 'alloca' 'mux_case_311481' <Predicate = true> <Delay = 0.00>
ST_1 : Operation 35 [1/1] (0.00ns)   --->   "%mux_case_311884 = alloca i32 1"   --->   Operation 35 'alloca' 'mux_case_311884' <Predicate = true> <Delay = 0.00>
ST_1 : Operation 36 [1/1] (0.00ns)   --->   "%specinterface_ln0 = specinterface void @_ssdm_op_SpecInterface, i112 %layer5_out, void @empty_4, i32 0, i32 0, void @empty_0, i32 0, i32 0, void @empty_0, void @empty_0, void @empty_0, i32 0, i32 0, i32 0, i32 0, void @empty_0, void @empty_0, i32 4294967295, i32 0"   --->   Operation 36 'specinterface' 'specinterface_ln0' <Predicate = true> <Delay = 0.00>
ST_1 : Operation 37 [1/1] (0.00ns)   --->   "%specinterface_ln0 = specinterface void @_ssdm_op_SpecInterface, i112 %layer4_out, void @empty_4, i32 0, i32 0, void @empty_0, i32 0, i32 0, void @empty_0, void @empty_0, void @empty_0, i32 0, i32 0, i32 0, i32 0, void @empty_0, void @empty_0, i32 4294967295, i32 0"   --->   Operation 37 'specinterface' 'specinterface_ln0' <Predicate = true> <Delay = 0.00>
ST_1 : Operation 39 [1/1] (0.42ns)   --->   "%store_ln373 = store i9 0, i9 %i" [firmware/nnet_utils/nnet_pooling_stream.h:373]   --->   Operation 39 'store' 'store_ln373' <Predicate = true> <Delay = 0.42>
ST_1 : Operation 40 [1/1] (0.42ns)   --->   "%br_ln373 = br void %for.body" [firmware/nnet_utils/nnet_pooling_stream.h:373]   --->   Operation 40 'br' 'br_ln373' <Predicate = true> <Delay = 0.42>
ST_1 : Operation 41 [1/1] (0.00ns)   --->   "%i_3 = load i9 %i" [firmware/nnet_utils/nnet_pooling_stream.h:373]   --->   Operation 41 'load' 'i_3' <Predicate = true> <Delay = 0.00>
ST_1 : Operation 42 [1/1] (0.77ns)   --->   "%icmp_ln373 = icmp_eq  i9 %i_3, i9 336" [firmware/nnet_utils/nnet_pooling_stream.h:373]   --->   Operation 42 'icmp' 'icmp_ln373' <Predicate = true> <Delay = 0.77> <CoreInst = "Cmp">   --->   Core 9 'Cmp' <Latency = 0> <II = 1> <Delay = 0.77> <FuncUnit> <Opcode : 'icmp'> <InPorts = 2> <OutPorts = 1>
ST_1 : Operation 43 [1/1] (0.77ns)   --->   "%i_4 = add i9 %i_3, i9 1" [firmware/nnet_utils/nnet_pooling_stream.h:373]   --->   Operation 43 'add' 'i_4' <Predicate = true> <Delay = 0.77> <CoreInst = "Adder">   --->   Core 1 'Adder' <Latency = 0> <II = 1> <Delay = 0.77> <FuncUnit> <Opcode : 'add' 'sub'> <InPorts = 2> <OutPorts = 1>
ST_1 : Operation 44 [1/1] (0.00ns)   --->   "%br_ln373 = br i1 %icmp_ln373, void %for.body.split, void %for.end36" [firmware/nnet_utils/nnet_pooling_stream.h:373]   --->   Operation 44 'br' 'br_ln373' <Predicate = true> <Delay = 0.00>
ST_1 : Operation 45 [1/1] (0.42ns)   --->   "%store_ln373 = store i9 %i_4, i9 %i" [firmware/nnet_utils/nnet_pooling_stream.h:373]   --->   Operation 45 'store' 'store_ln373' <Predicate = (!icmp_ln373)> <Delay = 0.42>

State 2 <SV = 1> <Delay = 2.28>
ST_2 : Operation 38 [1/1] (0.42ns)   --->   "%store_ln369 = store i32 0, i32 %i_w" [firmware/nnet_utils/nnet_pooling_stream.h:369]   --->   Operation 38 'store' 'store_ln369' <Predicate = true> <Delay = 0.42>
ST_2 : Operation 46 [1/1] (0.00ns)   --->   "%on_second_row = phi i1 0, void %entry, i1 %on_second_row_2, void %if.end_ifconv"   --->   Operation 46 'phi' 'on_second_row' <Predicate = true> <Delay = 0.00>
ST_2 : Operation 47 [1/1] (0.00ns)   --->   "%i_w_3 = load i32 %i_w" [firmware/nnet_utils/nnet_pooling_stream.h:373]   --->   Operation 47 'load' 'i_w_3' <Predicate = true> <Delay = 0.00>
ST_2 : Operation 48 [1/1] (0.00ns)   --->   "%specpipeline_ln374 = specpipeline void @_ssdm_op_SpecPipeline, i32 1, i32 0, i32 0, i32 0, void @empty_0" [firmware/nnet_utils/nnet_pooling_stream.h:374]   --->   Operation 48 'specpipeline' 'specpipeline_ln374' <Predicate = (!icmp_ln373)> <Delay = 0.00>
ST_2 : Operation 49 [1/1] (0.00ns)   --->   "%speclooptripcount_ln373 = speclooptripcount void @_ssdm_op_SpecLoopTripCount, i64 336, i64 336, i64 336" [firmware/nnet_utils/nnet_pooling_stream.h:373]   --->   Operation 49 'speclooptripcount' 'speclooptripcount_ln373' <Predicate = (!icmp_ln373)> <Delay = 0.00>
ST_2 : Operation 50 [1/1] (0.00ns)   --->   "%specloopname_ln373 = specloopname void @_ssdm_op_SpecLoopName, void @empty_9" [firmware/nnet_utils/nnet_pooling_stream.h:373]   --->   Operation 50 'specloopname' 'specloopname_ln373' <Predicate = (!icmp_ln373)> <Delay = 0.00>
ST_2 : Operation 51 [1/1] (0.00ns)   --->   "%trunc_ln373 = trunc i32 %i_w_3" [firmware/nnet_utils/nnet_pooling_stream.h:373]   --->   Operation 51 'trunc' 'trunc_ln373' <Predicate = (!icmp_ln373)> <Delay = 0.00>
ST_2 : Operation 52 [1/1] (1.72ns)   --->   "%layer4_out_read = read i112 @_ssdm_op_Read.ap_fifo.volatile.i112P0A, i112 %layer4_out" [firmware/nnet_utils/nnet_pooling_stream.h:376]   --->   Operation 52 'read' 'layer4_out_read' <Predicate = (!icmp_ln373)> <Delay = 1.72> <CoreInst = "FIFO">   --->   Core 78 'FIFO' <Latency = 0> <II = 1> <Delay = 1.72> <Storage> <Opcode : 'read' 'write' 'nbread' 'nbwrite'> <Ports = 0> <Width = 112> <Depth = 336> <FIFO>
ST_2 : Operation 53 [1/1] (0.00ns)   --->   "%cur = trunc i112 %layer4_out_read" [firmware/nnet_utils/nnet_pooling_stream.h:376]   --->   Operation 53 'trunc' 'cur' <Predicate = (!icmp_ln373)> <Delay = 0.00>
ST_2 : Operation 54 [1/1] (0.00ns)   --->   "%cur_1 = partselect i16 @_ssdm_op_PartSelect.i16.i112.i32.i32, i112 %layer4_out_read, i32 16, i32 31" [firmware/nnet_utils/nnet_pooling_stream.h:376]   --->   Operation 54 'partselect' 'cur_1' <Predicate = (!icmp_ln373)> <Delay = 0.00>
ST_2 : Operation 55 [1/1] (0.00ns)   --->   "%cur_2 = partselect i16 @_ssdm_op_PartSelect.i16.i112.i32.i32, i112 %layer4_out_read, i32 32, i32 47" [firmware/nnet_utils/nnet_pooling_stream.h:376]   --->   Operation 55 'partselect' 'cur_2' <Predicate = (!icmp_ln373)> <Delay = 0.00>
ST_2 : Operation 56 [1/1] (0.00ns)   --->   "%cur_3 = partselect i16 @_ssdm_op_PartSelect.i16.i112.i32.i32, i112 %layer4_out_read, i32 48, i32 63" [firmware/nnet_utils/nnet_pooling_stream.h:376]   --->   Operation 56 'partselect' 'cur_3' <Predicate = (!icmp_ln373)> <Delay = 0.00>
ST_2 : Operation 57 [1/1] (0.00ns)   --->   "%trunc_ln376_4 = partselect i16 @_ssdm_op_PartSelect.i16.i112.i32.i32, i112 %layer4_out_read, i32 64, i32 79" [firmware/nnet_utils/nnet_pooling_stream.h:376]   --->   Operation 57 'partselect' 'trunc_ln376_4' <Predicate = (!icmp_ln373)> <Delay = 0.00>
ST_2 : Operation 58 [1/1] (0.00ns)   --->   "%trunc_ln376_5 = partselect i16 @_ssdm_op_PartSelect.i16.i112.i32.i32, i112 %layer4_out_read, i32 80, i32 95" [firmware/nnet_utils/nnet_pooling_stream.h:376]   --->   Operation 58 'partselect' 'trunc_ln376_5' <Predicate = (!icmp_ln373)> <Delay = 0.00>
ST_2 : Operation 59 [1/1] (0.00ns)   --->   "%trunc_ln376_6 = partselect i16 @_ssdm_op_PartSelect.i16.i112.i32.i32, i112 %layer4_out_read, i32 96, i32 111" [firmware/nnet_utils/nnet_pooling_stream.h:376]   --->   Operation 59 'partselect' 'trunc_ln376_6' <Predicate = (!icmp_ln373)> <Delay = 0.00>
ST_2 : Operation 60 [1/1] (0.00ns)   --->   "%br_ln378 = br i1 %on_second_row, void %StorePrev, void %PoolMax" [firmware/nnet_utils/nnet_pooling_stream.h:378]   --->   Operation 60 'br' 'br_ln378' <Predicate = (!icmp_ln373)> <Delay = 0.00>
ST_2 : Operation 61 [1/1] (0.73ns)   --->   "%switch_ln382 = switch i2 %trunc_ln373, void %arrayidx61.0.0.011.6.case.3, i2 0, void %arrayidx61.0.0.011.6.case.0, i2 1, void %arrayidx61.0.0.011.6.case.1, i2 2, void %StorePrev.if.end_ifconv_crit_edge" [firmware/nnet_utils/nnet_pooling_stream.h:382]   --->   Operation 61 'switch' 'switch_ln382' <Predicate = (!icmp_ln373 & !on_second_row)> <Delay = 0.73>
ST_2 : Operation 62 [1/1] (0.00ns)   --->   "%store_ln376 = store i16 %trunc_ln376_6, i16 %mux_case_211721" [firmware/nnet_utils/nnet_pooling_stream.h:376]   --->   Operation 62 'store' 'store_ln376' <Predicate = (!icmp_ln373 & !on_second_row & trunc_ln373 == 2)> <Delay = 0.00>
ST_2 : Operation 63 [1/1] (0.00ns)   --->   "%store_ln376 = store i16 %trunc_ln376_5, i16 %mux_case_211318" [firmware/nnet_utils/nnet_pooling_stream.h:376]   --->   Operation 63 'store' 'store_ln376' <Predicate = (!icmp_ln373 & !on_second_row & trunc_ln373 == 2)> <Delay = 0.00>
ST_2 : Operation 64 [1/1] (0.00ns)   --->   "%store_ln376 = store i16 %trunc_ln376_4, i16 %mux_case_210915" [firmware/nnet_utils/nnet_pooling_stream.h:376]   --->   Operation 64 'store' 'store_ln376' <Predicate = (!icmp_ln373 & !on_second_row & trunc_ln373 == 2)> <Delay = 0.00>
ST_2 : Operation 65 [1/1] (0.00ns)   --->   "%store_ln376 = store i16 %cur_3, i16 %mux_case_210512" [firmware/nnet_utils/nnet_pooling_stream.h:376]   --->   Operation 65 'store' 'store_ln376' <Predicate = (!icmp_ln373 & !on_second_row & trunc_ln373 == 2)> <Delay = 0.00>
ST_2 : Operation 66 [1/1] (0.00ns)   --->   "%store_ln376 = store i16 %cur_2, i16 %mux_case_21019" [firmware/nnet_utils/nnet_pooling_stream.h:376]   --->   Operation 66 'store' 'store_ln376' <Predicate = (!icmp_ln373 & !on_second_row & trunc_ln373 == 2)> <Delay = 0.00>
ST_2 : Operation 67 [1/1] (0.00ns)   --->   "%store_ln376 = store i16 %cur_1, i16 %mux_case_2976" [firmware/nnet_utils/nnet_pooling_stream.h:376]   --->   Operation 67 'store' 'store_ln376' <Predicate = (!icmp_ln373 & !on_second_row & trunc_ln373 == 2)> <Delay = 0.00>
ST_2 : Operation 68 [1/1] (0.00ns)   --->   "%store_ln376 = store i16 %cur, i16 %p_0_0_0_0_03" [firmware/nnet_utils/nnet_pooling_stream.h:376]   --->   Operation 68 'store' 'store_ln376' <Predicate = (!icmp_ln373 & !on_second_row & trunc_ln373 == 2)> <Delay = 0.00>
ST_2 : Operation 69 [1/1] (0.00ns)   --->   "%br_ln382 = br void %if.end_ifconv" [firmware/nnet_utils/nnet_pooling_stream.h:382]   --->   Operation 69 'br' 'br_ln382' <Predicate = (!icmp_ln373 & !on_second_row & trunc_ln373 == 2)> <Delay = 0.00>
ST_2 : Operation 70 [1/1] (0.00ns)   --->   "%store_ln376 = store i16 %trunc_ln376_6, i16 %mux_case_111642" [firmware/nnet_utils/nnet_pooling_stream.h:376]   --->   Operation 70 'store' 'store_ln376' <Predicate = (!icmp_ln373 & !on_second_row & trunc_ln373 == 1)> <Delay = 0.00>
ST_2 : Operation 71 [1/1] (0.00ns)   --->   "%store_ln376 = store i16 %trunc_ln376_5, i16 %mux_case_111239" [firmware/nnet_utils/nnet_pooling_stream.h:376]   --->   Operation 71 'store' 'store_ln376' <Predicate = (!icmp_ln373 & !on_second_row & trunc_ln373 == 1)> <Delay = 0.00>
ST_2 : Operation 72 [1/1] (0.00ns)   --->   "%store_ln376 = store i16 %trunc_ln376_4, i16 %mux_case_110836" [firmware/nnet_utils/nnet_pooling_stream.h:376]   --->   Operation 72 'store' 'store_ln376' <Predicate = (!icmp_ln373 & !on_second_row & trunc_ln373 == 1)> <Delay = 0.00>
ST_2 : Operation 73 [1/1] (0.00ns)   --->   "%store_ln376 = store i16 %cur_3, i16 %mux_case_110433" [firmware/nnet_utils/nnet_pooling_stream.h:376]   --->   Operation 73 'store' 'store_ln376' <Predicate = (!icmp_ln373 & !on_second_row & trunc_ln373 == 1)> <Delay = 0.00>
ST_2 : Operation 74 [1/1] (0.00ns)   --->   "%store_ln376 = store i16 %cur_2, i16 %mux_case_110030" [firmware/nnet_utils/nnet_pooling_stream.h:376]   --->   Operation 74 'store' 'store_ln376' <Predicate = (!icmp_ln373 & !on_second_row & trunc_ln373 == 1)> <Delay = 0.00>
ST_2 : Operation 75 [1/1] (0.00ns)   --->   "%store_ln376 = store i16 %cur_1, i16 %mux_case_19627" [firmware/nnet_utils/nnet_pooling_stream.h:376]   --->   Operation 75 'store' 'store_ln376' <Predicate = (!icmp_ln373 & !on_second_row & trunc_ln373 == 1)> <Delay = 0.00>
ST_2 : Operation 76 [1/1] (0.00ns)   --->   "%store_ln376 = store i16 %cur, i16 %p_0_0_0_0_024" [firmware/nnet_utils/nnet_pooling_stream.h:376]   --->   Operation 76 'store' 'store_ln376' <Predicate = (!icmp_ln373 & !on_second_row & trunc_ln373 == 1)> <Delay = 0.00>
ST_2 : Operation 77 [1/1] (0.00ns)   --->   "%br_ln382 = br void %if.end_ifconv" [firmware/nnet_utils/nnet_pooling_stream.h:382]   --->   Operation 77 'br' 'br_ln382' <Predicate = (!icmp_ln373 & !on_second_row & trunc_ln373 == 1)> <Delay = 0.00>
ST_2 : Operation 78 [1/1] (0.00ns)   --->   "%store_ln376 = store i16 %trunc_ln376_6, i16 %mux_case_011563" [firmware/nnet_utils/nnet_pooling_stream.h:376]   --->   Operation 78 'store' 'store_ln376' <Predicate = (!icmp_ln373 & !on_second_row & trunc_ln373 == 0)> <Delay = 0.00>
ST_2 : Operation 79 [1/1] (0.00ns)   --->   "%store_ln376 = store i16 %trunc_ln376_5, i16 %mux_case_011160" [firmware/nnet_utils/nnet_pooling_stream.h:376]   --->   Operation 79 'store' 'store_ln376' <Predicate = (!icmp_ln373 & !on_second_row & trunc_ln373 == 0)> <Delay = 0.00>
ST_2 : Operation 80 [1/1] (0.00ns)   --->   "%store_ln376 = store i16 %trunc_ln376_4, i16 %mux_case_010757" [firmware/nnet_utils/nnet_pooling_stream.h:376]   --->   Operation 80 'store' 'store_ln376' <Predicate = (!icmp_ln373 & !on_second_row & trunc_ln373 == 0)> <Delay = 0.00>
ST_2 : Operation 81 [1/1] (0.00ns)   --->   "%store_ln376 = store i16 %cur_3, i16 %mux_case_010354" [firmware/nnet_utils/nnet_pooling_stream.h:376]   --->   Operation 81 'store' 'store_ln376' <Predicate = (!icmp_ln373 & !on_second_row & trunc_ln373 == 0)> <Delay = 0.00>
ST_2 : Operation 82 [1/1] (0.00ns)   --->   "%store_ln376 = store i16 %cur_2, i16 %mux_case_09951" [firmware/nnet_utils/nnet_pooling_stream.h:376]   --->   Operation 82 'store' 'store_ln376' <Predicate = (!icmp_ln373 & !on_second_row & trunc_ln373 == 0)> <Delay = 0.00>
ST_2 : Operation 83 [1/1] (0.00ns)   --->   "%store_ln376 = store i16 %cur_1, i16 %mux_case_09548" [firmware/nnet_utils/nnet_pooling_stream.h:376]   --->   Operation 83 'store' 'store_ln376' <Predicate = (!icmp_ln373 & !on_second_row & trunc_ln373 == 0)> <Delay = 0.00>
ST_2 : Operation 84 [1/1] (0.00ns)   --->   "%store_ln376 = store i16 %cur, i16 %p_0_0_0_0_045" [firmware/nnet_utils/nnet_pooling_stream.h:376]   --->   Operation 84 'store' 'store_ln376' <Predicate = (!icmp_ln373 & !on_second_row & trunc_ln373 == 0)> <Delay = 0.00>
ST_2 : Operation 85 [1/1] (0.00ns)   --->   "%br_ln382 = br void %if.end_ifconv" [firmware/nnet_utils/nnet_pooling_stream.h:382]   --->   Operation 85 'br' 'br_ln382' <Predicate = (!icmp_ln373 & !on_second_row & trunc_ln373 == 0)> <Delay = 0.00>
ST_2 : Operation 86 [1/1] (0.00ns)   --->   "%store_ln376 = store i16 %trunc_ln376_6, i16 %mux_case_311884" [firmware/nnet_utils/nnet_pooling_stream.h:376]   --->   Operation 86 'store' 'store_ln376' <Predicate = (!icmp_ln373 & !on_second_row & trunc_ln373 == 3)> <Delay = 0.00>
ST_2 : Operation 87 [1/1] (0.00ns)   --->   "%store_ln376 = store i16 %trunc_ln376_5, i16 %mux_case_311481" [firmware/nnet_utils/nnet_pooling_stream.h:376]   --->   Operation 87 'store' 'store_ln376' <Predicate = (!icmp_ln373 & !on_second_row & trunc_ln373 == 3)> <Delay = 0.00>
ST_2 : Operation 88 [1/1] (0.00ns)   --->   "%store_ln376 = store i16 %trunc_ln376_4, i16 %mux_case_311078" [firmware/nnet_utils/nnet_pooling_stream.h:376]   --->   Operation 88 'store' 'store_ln376' <Predicate = (!icmp_ln373 & !on_second_row & trunc_ln373 == 3)> <Delay = 0.00>
ST_2 : Operation 89 [1/1] (0.00ns)   --->   "%store_ln376 = store i16 %cur_3, i16 %mux_case_310675" [firmware/nnet_utils/nnet_pooling_stream.h:376]   --->   Operation 89 'store' 'store_ln376' <Predicate = (!icmp_ln373 & !on_second_row & trunc_ln373 == 3)> <Delay = 0.00>
ST_2 : Operation 90 [1/1] (0.00ns)   --->   "%store_ln376 = store i16 %cur_2, i16 %mux_case_310272" [firmware/nnet_utils/nnet_pooling_stream.h:376]   --->   Operation 90 'store' 'store_ln376' <Predicate = (!icmp_ln373 & !on_second_row & trunc_ln373 == 3)> <Delay = 0.00>
ST_2 : Operation 91 [1/1] (0.00ns)   --->   "%store_ln376 = store i16 %cur_1, i16 %mux_case_39869" [firmware/nnet_utils/nnet_pooling_stream.h:376]   --->   Operation 91 'store' 'store_ln376' <Predicate = (!icmp_ln373 & !on_second_row & trunc_ln373 == 3)> <Delay = 0.00>
ST_2 : Operation 92 [1/1] (0.00ns)   --->   "%store_ln376 = store i16 %cur, i16 %p_0_0_0_0_066" [firmware/nnet_utils/nnet_pooling_stream.h:376]   --->   Operation 92 'store' 'store_ln376' <Predicate = (!icmp_ln373 & !on_second_row & trunc_ln373 == 3)> <Delay = 0.00>
ST_2 : Operation 93 [1/1] (0.00ns)   --->   "%br_ln382 = br void %if.end_ifconv" [firmware/nnet_utils/nnet_pooling_stream.h:382]   --->   Operation 93 'br' 'br_ln382' <Predicate = (!icmp_ln373 & !on_second_row & trunc_ln373 == 3)> <Delay = 0.00>
ST_2 : Operation 94 [1/1] (1.01ns)   --->   "%icmp_ln395 = icmp_eq  i32 %i_w_3, i32 3" [firmware/nnet_utils/nnet_pooling_stream.h:395]   --->   Operation 94 'icmp' 'icmp_ln395' <Predicate = (!icmp_ln373)> <Delay = 1.01> <CoreInst = "Cmp">   --->   Core 9 'Cmp' <Latency = 0> <II = 1> <Delay = 1.01> <FuncUnit> <Opcode : 'icmp'> <InPorts = 2> <OutPorts = 1>
ST_2 : Operation 95 [1/1] (0.00ns) (grouped into LUT with out node on_second_row_2)   --->   "%on_second_row_1 = xor i1 %on_second_row, i1 1" [firmware/nnet_utils/nnet_pooling_stream.h:397]   --->   Operation 95 'xor' 'on_second_row_1' <Predicate = (!icmp_ln373)> <Delay = 0.00> <CoreInst = "LogicGate">   --->   Core 74 'LogicGate' <Latency = 0> <II = 1> <Delay = 0.28> <FuncUnit> <Opcode : 'and' 'or' 'xor'> <InPorts = 2> <OutPorts = 1>
ST_2 : Operation 96 [1/1] (1.01ns)   --->   "%i_w_4 = add i32 %i_w_3, i32 1" [firmware/nnet_utils/nnet_pooling_stream.h:399]   --->   Operation 96 'add' 'i_w_4' <Predicate = (!icmp_ln373)> <Delay = 1.01> <CoreInst = "Adder">   --->   Core 1 'Adder' <Latency = 0> <II = 1> <Delay = 1.01> <FuncUnit> <Opcode : 'add' 'sub'> <InPorts = 2> <OutPorts = 1>
ST_2 : Operation 97 [1/1] (0.33ns) (out node of the LUT)   --->   "%on_second_row_2 = select i1 %icmp_ln395, i1 %on_second_row_1, i1 %on_second_row" [firmware/nnet_utils/nnet_pooling_stream.h:395]   --->   Operation 97 'select' 'on_second_row_2' <Predicate = (!icmp_ln373)> <Delay = 0.33> <CoreInst = "Sel">   --->   Core 73 'Sel' <Latency = 0> <II = 1> <Delay = 0.33> <FuncUnit> <Opcode : 'select'> <InPorts = 3> <OutPorts = 1>
ST_2 : Operation 98 [1/1] (0.41ns)   --->   "%i_w_5 = select i1 %icmp_ln395, i32 0, i32 %i_w_4" [firmware/nnet_utils/nnet_pooling_stream.h:395]   --->   Operation 98 'select' 'i_w_5' <Predicate = (!icmp_ln373)> <Delay = 0.41> <CoreInst = "Sel">   --->   Core 73 'Sel' <Latency = 0> <II = 1> <Delay = 0.41> <FuncUnit> <Opcode : 'select'> <InPorts = 3> <OutPorts = 1>
ST_2 : Operation 99 [1/1] (0.42ns)   --->   "%store_ln369 = store i32 %i_w_5, i32 %i_w" [firmware/nnet_utils/nnet_pooling_stream.h:369]   --->   Operation 99 'store' 'store_ln369' <Predicate = (!icmp_ln373)> <Delay = 0.42>
ST_2 : Operation 100 [1/1] (0.00ns)   --->   "%br_ln373 = br void %for.body" [firmware/nnet_utils/nnet_pooling_stream.h:373]   --->   Operation 100 'br' 'br_ln373' <Predicate = (!icmp_ln373)> <Delay = 0.00>
ST_2 : Operation 153 [1/1] (0.00ns)   --->   "%ret_ln402 = ret" [firmware/nnet_utils/nnet_pooling_stream.h:402]   --->   Operation 153 'ret' 'ret_ln402' <Predicate = (icmp_ln373)> <Delay = 0.00>

State 3 <SV = 2> <Delay = 3.45>
ST_3 : Operation 101 [1/1] (0.00ns)   --->   "%p_0_0_0_0_03_load = load i16 %p_0_0_0_0_03" [firmware/nnet_utils/nnet_pooling_stream.h:390]   --->   Operation 101 'load' 'p_0_0_0_0_03_load' <Predicate = (on_second_row & trunc_ln373 == 2)> <Delay = 0.00>
ST_3 : Operation 102 [1/1] (0.00ns)   --->   "%mux_case_2976_load = load i16 %mux_case_2976" [firmware/nnet_utils/nnet_pooling_stream.h:390]   --->   Operation 102 'load' 'mux_case_2976_load' <Predicate = (on_second_row & trunc_ln373 == 2)> <Delay = 0.00>
ST_3 : Operation 103 [1/1] (0.00ns)   --->   "%mux_case_21019_load = load i16 %mux_case_21019" [firmware/nnet_utils/nnet_pooling_stream.h:390]   --->   Operation 103 'load' 'mux_case_21019_load' <Predicate = (on_second_row & trunc_ln373 == 2)> <Delay = 0.00>
ST_3 : Operation 104 [1/1] (0.00ns)   --->   "%mux_case_210512_load = load i16 %mux_case_210512" [firmware/nnet_utils/nnet_pooling_stream.h:390]   --->   Operation 104 'load' 'mux_case_210512_load' <Predicate = (on_second_row & trunc_ln373 == 2)> <Delay = 0.00>
ST_3 : Operation 105 [1/1] (0.00ns)   --->   "%mux_case_210915_load = load i16 %mux_case_210915" [firmware/nnet_utils/nnet_pooling_stream.h:390]   --->   Operation 105 'load' 'mux_case_210915_load' <Predicate = (on_second_row & trunc_ln373 == 2)> <Delay = 0.00>
ST_3 : Operation 106 [1/1] (0.00ns)   --->   "%mux_case_211318_load = load i16 %mux_case_211318" [firmware/nnet_utils/nnet_pooling_stream.h:390]   --->   Operation 106 'load' 'mux_case_211318_load' <Predicate = (on_second_row & trunc_ln373 == 2)> <Delay = 0.00>
ST_3 : Operation 107 [1/1] (0.00ns)   --->   "%mux_case_211721_load = load i16 %mux_case_211721" [firmware/nnet_utils/nnet_pooling_stream.h:390]   --->   Operation 107 'load' 'mux_case_211721_load' <Predicate = (on_second_row & trunc_ln373 == 2)> <Delay = 0.00>
ST_3 : Operation 108 [1/1] (0.00ns)   --->   "%p_0_0_0_0_024_load = load i16 %p_0_0_0_0_024" [firmware/nnet_utils/nnet_pooling_stream.h:390]   --->   Operation 108 'load' 'p_0_0_0_0_024_load' <Predicate = (on_second_row & trunc_ln373 == 1)> <Delay = 0.00>
ST_3 : Operation 109 [1/1] (0.00ns)   --->   "%mux_case_19627_load = load i16 %mux_case_19627" [firmware/nnet_utils/nnet_pooling_stream.h:390]   --->   Operation 109 'load' 'mux_case_19627_load' <Predicate = (on_second_row & trunc_ln373 == 1)> <Delay = 0.00>
ST_3 : Operation 110 [1/1] (0.00ns)   --->   "%mux_case_110030_load = load i16 %mux_case_110030" [firmware/nnet_utils/nnet_pooling_stream.h:390]   --->   Operation 110 'load' 'mux_case_110030_load' <Predicate = (on_second_row & trunc_ln373 == 1)> <Delay = 0.00>
ST_3 : Operation 111 [1/1] (0.00ns)   --->   "%mux_case_110433_load = load i16 %mux_case_110433" [firmware/nnet_utils/nnet_pooling_stream.h:390]   --->   Operation 111 'load' 'mux_case_110433_load' <Predicate = (on_second_row & trunc_ln373 == 1)> <Delay = 0.00>
ST_3 : Operation 112 [1/1] (0.00ns)   --->   "%mux_case_110836_load = load i16 %mux_case_110836" [firmware/nnet_utils/nnet_pooling_stream.h:390]   --->   Operation 112 'load' 'mux_case_110836_load' <Predicate = (on_second_row & trunc_ln373 == 1)> <Delay = 0.00>
ST_3 : Operation 113 [1/1] (0.00ns)   --->   "%mux_case_111239_load = load i16 %mux_case_111239" [firmware/nnet_utils/nnet_pooling_stream.h:390]   --->   Operation 113 'load' 'mux_case_111239_load' <Predicate = (on_second_row & trunc_ln373 == 1)> <Delay = 0.00>
ST_3 : Operation 114 [1/1] (0.00ns)   --->   "%mux_case_111642_load = load i16 %mux_case_111642" [firmware/nnet_utils/nnet_pooling_stream.h:390]   --->   Operation 114 'load' 'mux_case_111642_load' <Predicate = (on_second_row & trunc_ln373 == 1)> <Delay = 0.00>
ST_3 : Operation 115 [1/1] (0.00ns)   --->   "%p_0_0_0_0_045_load = load i16 %p_0_0_0_0_045" [firmware/nnet_utils/nnet_pooling_stream.h:390]   --->   Operation 115 'load' 'p_0_0_0_0_045_load' <Predicate = (on_second_row & trunc_ln373 == 0)> <Delay = 0.00>
ST_3 : Operation 116 [1/1] (0.00ns)   --->   "%mux_case_09548_load = load i16 %mux_case_09548" [firmware/nnet_utils/nnet_pooling_stream.h:390]   --->   Operation 116 'load' 'mux_case_09548_load' <Predicate = (on_second_row & trunc_ln373 == 0)> <Delay = 0.00>
ST_3 : Operation 117 [1/1] (0.00ns)   --->   "%mux_case_09951_load = load i16 %mux_case_09951" [firmware/nnet_utils/nnet_pooling_stream.h:390]   --->   Operation 117 'load' 'mux_case_09951_load' <Predicate = (on_second_row & trunc_ln373 == 0)> <Delay = 0.00>
ST_3 : Operation 118 [1/1] (0.00ns)   --->   "%mux_case_010354_load = load i16 %mux_case_010354" [firmware/nnet_utils/nnet_pooling_stream.h:390]   --->   Operation 118 'load' 'mux_case_010354_load' <Predicate = (on_second_row & trunc_ln373 == 0)> <Delay = 0.00>
ST_3 : Operation 119 [1/1] (0.00ns)   --->   "%mux_case_010757_load = load i16 %mux_case_010757" [firmware/nnet_utils/nnet_pooling_stream.h:390]   --->   Operation 119 'load' 'mux_case_010757_load' <Predicate = (on_second_row & trunc_ln373 == 0)> <Delay = 0.00>
ST_3 : Operation 120 [1/1] (0.00ns)   --->   "%mux_case_011160_load = load i16 %mux_case_011160" [firmware/nnet_utils/nnet_pooling_stream.h:390]   --->   Operation 120 'load' 'mux_case_011160_load' <Predicate = (on_second_row & trunc_ln373 == 0)> <Delay = 0.00>
ST_3 : Operation 121 [1/1] (0.00ns)   --->   "%mux_case_011563_load = load i16 %mux_case_011563" [firmware/nnet_utils/nnet_pooling_stream.h:390]   --->   Operation 121 'load' 'mux_case_011563_load' <Predicate = (on_second_row & trunc_ln373 == 0)> <Delay = 0.00>
ST_3 : Operation 122 [1/1] (0.00ns)   --->   "%p_0_0_0_0_066_load = load i16 %p_0_0_0_0_066" [firmware/nnet_utils/nnet_pooling_stream.h:390]   --->   Operation 122 'load' 'p_0_0_0_0_066_load' <Predicate = (on_second_row & trunc_ln373 == 3)> <Delay = 0.00>
ST_3 : Operation 123 [1/1] (0.00ns)   --->   "%mux_case_39869_load = load i16 %mux_case_39869" [firmware/nnet_utils/nnet_pooling_stream.h:390]   --->   Operation 123 'load' 'mux_case_39869_load' <Predicate = (on_second_row & trunc_ln373 == 3)> <Delay = 0.00>
ST_3 : Operation 124 [1/1] (0.00ns)   --->   "%mux_case_310272_load = load i16 %mux_case_310272" [firmware/nnet_utils/nnet_pooling_stream.h:390]   --->   Operation 124 'load' 'mux_case_310272_load' <Predicate = (on_second_row & trunc_ln373 == 3)> <Delay = 0.00>
ST_3 : Operation 125 [1/1] (0.00ns)   --->   "%mux_case_310675_load = load i16 %mux_case_310675" [firmware/nnet_utils/nnet_pooling_stream.h:390]   --->   Operation 125 'load' 'mux_case_310675_load' <Predicate = (on_second_row & trunc_ln373 == 3)> <Delay = 0.00>
ST_3 : Operation 126 [1/1] (0.00ns)   --->   "%mux_case_311078_load = load i16 %mux_case_311078" [firmware/nnet_utils/nnet_pooling_stream.h:390]   --->   Operation 126 'load' 'mux_case_311078_load' <Predicate = (on_second_row & trunc_ln373 == 3)> <Delay = 0.00>
ST_3 : Operation 127 [1/1] (0.00ns)   --->   "%mux_case_311481_load = load i16 %mux_case_311481" [firmware/nnet_utils/nnet_pooling_stream.h:390]   --->   Operation 127 'load' 'mux_case_311481_load' <Predicate = (on_second_row & trunc_ln373 == 3)> <Delay = 0.00>
ST_3 : Operation 128 [1/1] (0.00ns)   --->   "%mux_case_311884_load = load i16 %mux_case_311884" [firmware/nnet_utils/nnet_pooling_stream.h:390]   --->   Operation 128 'load' 'mux_case_311884_load' <Predicate = (on_second_row & trunc_ln373 == 3)> <Delay = 0.00>
ST_3 : Operation 129 [1/1] (0.52ns)   --->   "%tmp_s = sparsemux i16 @_ssdm_op_SparseMux.ap_auto.4i16.i16.i2, i2 0, i16 %p_0_0_0_0_045_load, i2 1, i16 %p_0_0_0_0_024_load, i2 2, i16 %p_0_0_0_0_03_load, i2 3, i16 %p_0_0_0_0_066_load, i16 0, i2 %trunc_ln373" [firmware/nnet_utils/nnet_pooling_stream.h:390]   --->   Operation 129 'sparsemux' 'tmp_s' <Predicate = (on_second_row)> <Delay = 0.52> <CoreInst = "SparseMux">   --->   Core 147 'SparseMux' <Latency = 0> <II = 1> <Delay = 0.52> <FuncUnit> <Opcode : 'sparsemux'> <InPorts = 2> <OutPorts = 1>
ST_3 : Operation 130 [1/1] (0.85ns)   --->   "%icmp_ln390 = icmp_sgt  i16 %tmp_s, i16 %cur" [firmware/nnet_utils/nnet_pooling_stream.h:390]   --->   Operation 130 'icmp' 'icmp_ln390' <Predicate = (on_second_row)> <Delay = 0.85> <CoreInst = "Cmp">   --->   Core 9 'Cmp' <Latency = 0> <II = 1> <Delay = 0.85> <FuncUnit> <Opcode : 'icmp'> <InPorts = 2> <OutPorts = 1>
ST_3 : Operation 131 [1/1] (0.34ns)   --->   "%select_ln390 = select i1 %icmp_ln390, i16 %tmp_s, i16 %cur" [firmware/nnet_utils/nnet_pooling_stream.h:390]   --->   Operation 131 'select' 'select_ln390' <Predicate = (on_second_row)> <Delay = 0.34> <CoreInst = "Sel">   --->   Core 73 'Sel' <Latency = 0> <II = 1> <Delay = 0.34> <FuncUnit> <Opcode : 'select'> <InPorts = 3> <OutPorts = 1>
ST_3 : Operation 132 [1/1] (0.52ns)   --->   "%tmp_1 = sparsemux i16 @_ssdm_op_SparseMux.ap_auto.4i16.i16.i2, i2 0, i16 %mux_case_09548_load, i2 1, i16 %mux_case_19627_load, i2 2, i16 %mux_case_2976_load, i2 3, i16 %mux_case_39869_load, i16 0, i2 %trunc_ln373" [firmware/nnet_utils/nnet_pooling_stream.h:390]   --->   Operation 132 'sparsemux' 'tmp_1' <Predicate = (on_second_row)> <Delay = 0.52> <CoreInst = "SparseMux">   --->   Core 147 'SparseMux' <Latency = 0> <II = 1> <Delay = 0.52> <FuncUnit> <Opcode : 'sparsemux'> <InPorts = 2> <OutPorts = 1>
ST_3 : Operation 133 [1/1] (0.85ns)   --->   "%icmp_ln390_1 = icmp_sgt  i16 %tmp_1, i16 %cur_1" [firmware/nnet_utils/nnet_pooling_stream.h:390]   --->   Operation 133 'icmp' 'icmp_ln390_1' <Predicate = (on_second_row)> <Delay = 0.85> <CoreInst = "Cmp">   --->   Core 9 'Cmp' <Latency = 0> <II = 1> <Delay = 0.85> <FuncUnit> <Opcode : 'icmp'> <InPorts = 2> <OutPorts = 1>
ST_3 : Operation 134 [1/1] (0.34ns)   --->   "%select_ln390_1 = select i1 %icmp_ln390_1, i16 %tmp_1, i16 %cur_1" [firmware/nnet_utils/nnet_pooling_stream.h:390]   --->   Operation 134 'select' 'select_ln390_1' <Predicate = (on_second_row)> <Delay = 0.34> <CoreInst = "Sel">   --->   Core 73 'Sel' <Latency = 0> <II = 1> <Delay = 0.34> <FuncUnit> <Opcode : 'select'> <InPorts = 3> <OutPorts = 1>
ST_3 : Operation 135 [1/1] (0.52ns)   --->   "%tmp_2 = sparsemux i16 @_ssdm_op_SparseMux.ap_auto.4i16.i16.i2, i2 0, i16 %mux_case_09951_load, i2 1, i16 %mux_case_110030_load, i2 2, i16 %mux_case_21019_load, i2 3, i16 %mux_case_310272_load, i16 0, i2 %trunc_ln373" [firmware/nnet_utils/nnet_pooling_stream.h:390]   --->   Operation 135 'sparsemux' 'tmp_2' <Predicate = (on_second_row)> <Delay = 0.52> <CoreInst = "SparseMux">   --->   Core 147 'SparseMux' <Latency = 0> <II = 1> <Delay = 0.52> <FuncUnit> <Opcode : 'sparsemux'> <InPorts = 2> <OutPorts = 1>
ST_3 : Operation 136 [1/1] (0.85ns)   --->   "%icmp_ln390_2 = icmp_sgt  i16 %tmp_2, i16 %cur_2" [firmware/nnet_utils/nnet_pooling_stream.h:390]   --->   Operation 136 'icmp' 'icmp_ln390_2' <Predicate = (on_second_row)> <Delay = 0.85> <CoreInst = "Cmp">   --->   Core 9 'Cmp' <Latency = 0> <II = 1> <Delay = 0.85> <FuncUnit> <Opcode : 'icmp'> <InPorts = 2> <OutPorts = 1>
ST_3 : Operation 137 [1/1] (0.34ns)   --->   "%select_ln390_2 = select i1 %icmp_ln390_2, i16 %tmp_2, i16 %cur_2" [firmware/nnet_utils/nnet_pooling_stream.h:390]   --->   Operation 137 'select' 'select_ln390_2' <Predicate = (on_second_row)> <Delay = 0.34> <CoreInst = "Sel">   --->   Core 73 'Sel' <Latency = 0> <II = 1> <Delay = 0.34> <FuncUnit> <Opcode : 'select'> <InPorts = 3> <OutPorts = 1>
ST_3 : Operation 138 [1/1] (0.52ns)   --->   "%tmp_3 = sparsemux i16 @_ssdm_op_SparseMux.ap_auto.4i16.i16.i2, i2 0, i16 %mux_case_010354_load, i2 1, i16 %mux_case_110433_load, i2 2, i16 %mux_case_210512_load, i2 3, i16 %mux_case_310675_load, i16 0, i2 %trunc_ln373" [firmware/nnet_utils/nnet_pooling_stream.h:390]   --->   Operation 138 'sparsemux' 'tmp_3' <Predicate = (on_second_row)> <Delay = 0.52> <CoreInst = "SparseMux">   --->   Core 147 'SparseMux' <Latency = 0> <II = 1> <Delay = 0.52> <FuncUnit> <Opcode : 'sparsemux'> <InPorts = 2> <OutPorts = 1>
ST_3 : Operation 139 [1/1] (0.85ns)   --->   "%icmp_ln390_3 = icmp_sgt  i16 %tmp_3, i16 %cur_3" [firmware/nnet_utils/nnet_pooling_stream.h:390]   --->   Operation 139 'icmp' 'icmp_ln390_3' <Predicate = (on_second_row)> <Delay = 0.85> <CoreInst = "Cmp">   --->   Core 9 'Cmp' <Latency = 0> <II = 1> <Delay = 0.85> <FuncUnit> <Opcode : 'icmp'> <InPorts = 2> <OutPorts = 1>
ST_3 : Operation 140 [1/1] (0.34ns)   --->   "%select_ln390_3 = select i1 %icmp_ln390_3, i16 %tmp_3, i16 %cur_3" [firmware/nnet_utils/nnet_pooling_stream.h:390]   --->   Operation 140 'select' 'select_ln390_3' <Predicate = (on_second_row)> <Delay = 0.34> <CoreInst = "Sel">   --->   Core 73 'Sel' <Latency = 0> <II = 1> <Delay = 0.34> <FuncUnit> <Opcode : 'select'> <InPorts = 3> <OutPorts = 1>
ST_3 : Operation 141 [1/1] (0.52ns)   --->   "%tmp_4 = sparsemux i16 @_ssdm_op_SparseMux.ap_auto.4i16.i16.i2, i2 0, i16 %mux_case_010757_load, i2 1, i16 %mux_case_110836_load, i2 2, i16 %mux_case_210915_load, i2 3, i16 %mux_case_311078_load, i16 0, i2 %trunc_ln373" [firmware/nnet_utils/nnet_pooling_stream.h:390]   --->   Operation 141 'sparsemux' 'tmp_4' <Predicate = (on_second_row)> <Delay = 0.52> <CoreInst = "SparseMux">   --->   Core 147 'SparseMux' <Latency = 0> <II = 1> <Delay = 0.52> <FuncUnit> <Opcode : 'sparsemux'> <InPorts = 2> <OutPorts = 1>
ST_3 : Operation 142 [1/1] (0.85ns)   --->   "%icmp_ln390_4 = icmp_sgt  i16 %tmp_4, i16 %trunc_ln376_4" [firmware/nnet_utils/nnet_pooling_stream.h:390]   --->   Operation 142 'icmp' 'icmp_ln390_4' <Predicate = (on_second_row)> <Delay = 0.85> <CoreInst = "Cmp">   --->   Core 9 'Cmp' <Latency = 0> <II = 1> <Delay = 0.85> <FuncUnit> <Opcode : 'icmp'> <InPorts = 2> <OutPorts = 1>
ST_3 : Operation 143 [1/1] (0.34ns)   --->   "%select_ln390_4 = select i1 %icmp_ln390_4, i16 %tmp_4, i16 %trunc_ln376_4" [firmware/nnet_utils/nnet_pooling_stream.h:390]   --->   Operation 143 'select' 'select_ln390_4' <Predicate = (on_second_row)> <Delay = 0.34> <CoreInst = "Sel">   --->   Core 73 'Sel' <Latency = 0> <II = 1> <Delay = 0.34> <FuncUnit> <Opcode : 'select'> <InPorts = 3> <OutPorts = 1>
ST_3 : Operation 144 [1/1] (0.52ns)   --->   "%tmp_5 = sparsemux i16 @_ssdm_op_SparseMux.ap_auto.4i16.i16.i2, i2 0, i16 %mux_case_011160_load, i2 1, i16 %mux_case_111239_load, i2 2, i16 %mux_case_211318_load, i2 3, i16 %mux_case_311481_load, i16 0, i2 %trunc_ln373" [firmware/nnet_utils/nnet_pooling_stream.h:390]   --->   Operation 144 'sparsemux' 'tmp_5' <Predicate = (on_second_row)> <Delay = 0.52> <CoreInst = "SparseMux">   --->   Core 147 'SparseMux' <Latency = 0> <II = 1> <Delay = 0.52> <FuncUnit> <Opcode : 'sparsemux'> <InPorts = 2> <OutPorts = 1>
ST_3 : Operation 145 [1/1] (0.85ns)   --->   "%icmp_ln390_5 = icmp_sgt  i16 %tmp_5, i16 %trunc_ln376_5" [firmware/nnet_utils/nnet_pooling_stream.h:390]   --->   Operation 145 'icmp' 'icmp_ln390_5' <Predicate = (on_second_row)> <Delay = 0.85> <CoreInst = "Cmp">   --->   Core 9 'Cmp' <Latency = 0> <II = 1> <Delay = 0.85> <FuncUnit> <Opcode : 'icmp'> <InPorts = 2> <OutPorts = 1>
ST_3 : Operation 146 [1/1] (0.34ns)   --->   "%select_ln390_5 = select i1 %icmp_ln390_5, i16 %tmp_5, i16 %trunc_ln376_5" [firmware/nnet_utils/nnet_pooling_stream.h:390]   --->   Operation 146 'select' 'select_ln390_5' <Predicate = (on_second_row)> <Delay = 0.34> <CoreInst = "Sel">   --->   Core 73 'Sel' <Latency = 0> <II = 1> <Delay = 0.34> <FuncUnit> <Opcode : 'select'> <InPorts = 3> <OutPorts = 1>
ST_3 : Operation 147 [1/1] (0.52ns)   --->   "%tmp_6 = sparsemux i16 @_ssdm_op_SparseMux.ap_auto.4i16.i16.i2, i2 0, i16 %mux_case_011563_load, i2 1, i16 %mux_case_111642_load, i2 2, i16 %mux_case_211721_load, i2 3, i16 %mux_case_311884_load, i16 0, i2 %trunc_ln373" [firmware/nnet_utils/nnet_pooling_stream.h:390]   --->   Operation 147 'sparsemux' 'tmp_6' <Predicate = (on_second_row)> <Delay = 0.52> <CoreInst = "SparseMux">   --->   Core 147 'SparseMux' <Latency = 0> <II = 1> <Delay = 0.52> <FuncUnit> <Opcode : 'sparsemux'> <InPorts = 2> <OutPorts = 1>
ST_3 : Operation 148 [1/1] (0.85ns)   --->   "%icmp_ln390_6 = icmp_sgt  i16 %tmp_6, i16 %trunc_ln376_6" [firmware/nnet_utils/nnet_pooling_stream.h:390]   --->   Operation 148 'icmp' 'icmp_ln390_6' <Predicate = (on_second_row)> <Delay = 0.85> <CoreInst = "Cmp">   --->   Core 9 'Cmp' <Latency = 0> <II = 1> <Delay = 0.85> <FuncUnit> <Opcode : 'icmp'> <InPorts = 2> <OutPorts = 1>
ST_3 : Operation 149 [1/1] (0.34ns)   --->   "%select_ln390_6 = select i1 %icmp_ln390_6, i16 %tmp_6, i16 %trunc_ln376_6" [firmware/nnet_utils/nnet_pooling_stream.h:390]   --->   Operation 149 'select' 'select_ln390_6' <Predicate = (on_second_row)> <Delay = 0.34> <CoreInst = "Sel">   --->   Core 73 'Sel' <Latency = 0> <II = 1> <Delay = 0.34> <FuncUnit> <Opcode : 'select'> <InPorts = 3> <OutPorts = 1>
ST_3 : Operation 150 [1/1] (0.00ns)   --->   "%or_ln392_s = bitconcatenate i112 @_ssdm_op_BitConcatenate.i112.i16.i16.i16.i16.i16.i16.i16, i16 %select_ln390_6, i16 %select_ln390_5, i16 %select_ln390_4, i16 %select_ln390_3, i16 %select_ln390_2, i16 %select_ln390_1, i16 %select_ln390" [firmware/nnet_utils/nnet_pooling_stream.h:392]   --->   Operation 150 'bitconcatenate' 'or_ln392_s' <Predicate = (on_second_row)> <Delay = 0.00>
ST_3 : Operation 151 [1/1] (1.73ns)   --->   "%write_ln392 = write void @_ssdm_op_Write.ap_fifo.volatile.i112P0A, i112 %layer5_out, i112 %or_ln392_s" [firmware/nnet_utils/nnet_pooling_stream.h:392]   --->   Operation 151 'write' 'write_ln392' <Predicate = (on_second_row)> <Delay = 1.73> <CoreInst = "FIFO">   --->   Core 78 'FIFO' <Latency = 0> <II = 1> <Delay = 1.73> <Storage> <Opcode : 'read' 'write' 'nbread' 'nbwrite'> <Ports = 0> <Width = 112> <Depth = 168> <FIFO>
ST_3 : Operation 152 [1/1] (0.00ns)   --->   "%br_ln0 = br void %if.end_ifconv"   --->   Operation 152 'br' 'br_ln0' <Predicate = (on_second_row)> <Delay = 0.00>


============================================================
+ Verbose Summary: Timing violations
============================================================
Target clock period: 5.000ns, clock uncertainty: 1.350ns.

 <State 1>: 1.630ns
The critical path consists of the following:
	'store' operation 0 bit ('store_ln373', firmware/nnet_utils/nnet_pooling_stream.h:373) of constant 0 on local variable 'i', firmware/nnet_utils/nnet_pooling_stream.h:373 [36]  (0.427 ns)
	'load' operation 9 bit ('i', firmware/nnet_utils/nnet_pooling_stream.h:373) on local variable 'i', firmware/nnet_utils/nnet_pooling_stream.h:373 [40]  (0.000 ns)
	'add' operation 9 bit ('i', firmware/nnet_utils/nnet_pooling_stream.h:373) [43]  (0.776 ns)
	'store' operation 0 bit ('store_ln373', firmware/nnet_utils/nnet_pooling_stream.h:373) of variable 'i', firmware/nnet_utils/nnet_pooling_stream.h:373 on local variable 'i', firmware/nnet_utils/nnet_pooling_stream.h:373 [157]  (0.427 ns)

 <State 2>: 2.281ns
The critical path consists of the following:
	'store' operation 0 bit ('store_ln369', firmware/nnet_utils/nnet_pooling_stream.h:369) of constant 0 on local variable 'i_w', firmware/nnet_utils/nnet_pooling_stream.h:369 [35]  (0.427 ns)
	'load' operation 32 bit ('i_w', firmware/nnet_utils/nnet_pooling_stream.h:373) on local variable 'i_w', firmware/nnet_utils/nnet_pooling_stream.h:369 [41]  (0.000 ns)
	'icmp' operation 1 bit ('icmp_ln395', firmware/nnet_utils/nnet_pooling_stream.h:395) [151]  (1.016 ns)
	'select' operation 32 bit ('i_w', firmware/nnet_utils/nnet_pooling_stream.h:395) [155]  (0.411 ns)
	'store' operation 0 bit ('store_ln369', firmware/nnet_utils/nnet_pooling_stream.h:369) of variable 'i_w', firmware/nnet_utils/nnet_pooling_stream.h:395 on local variable 'i_w', firmware/nnet_utils/nnet_pooling_stream.h:369 [156]  (0.427 ns)

 <State 3>: 3.456ns
The critical path consists of the following:
	'load' operation 16 bit ('p_0_0_0_0_03_load', firmware/nnet_utils/nnet_pooling_stream.h:390) on local variable 'p_0_0_0_0_03' [98]  (0.000 ns)
	'sparsemux' operation 16 bit ('tmp_s', firmware/nnet_utils/nnet_pooling_stream.h:390) [126]  (0.525 ns)
	'icmp' operation 1 bit ('icmp_ln390', firmware/nnet_utils/nnet_pooling_stream.h:390) [127]  (0.853 ns)
	'select' operation 16 bit ('select_ln390', firmware/nnet_utils/nnet_pooling_stream.h:390) [128]  (0.342 ns)
	fifo write operation ('write_ln392', firmware/nnet_utils/nnet_pooling_stream.h:392) on port 'layer5_out' (firmware/nnet_utils/nnet_pooling_stream.h:392) [148]  (1.736 ns)


============================================================
+ Verbose Summary: Binding
============================================================
N/A
* FSMD analyzer results:
  - Output states:
 - Input state : 
  - Chain level:
	State 1
	State 2
	State 3


============================================================
+ Verbose Summary: Datapath Resource usage 
============================================================
N/A
