

================================================================
== Vitis HLS Report for 'maxpool2d_wide_nonoverlap_cl_array_array_ap_fixed_28u_config5_s'
================================================================
* Date:           Sun May 17 03:22:37 2026

* Version:        2023.2 (Build 4023990 on Oct 11 2023)
* Project:        cnn_core_streaming_prj
* Solution:       solution1 (Vivado IP Flow Target)
* Product family: kintexuplus
* Target device:  xcku5p-ffvb676-2-e


================================================================
== Performance Estimates
================================================================
+ Timing: 
    * Summary: 
    +--------+---------+----------+------------+
    |  Clock |  Target | Estimated| Uncertainty|
    +--------+---------+----------+------------+
    |ap_clk  |  5.00 ns|  3.020 ns|     1.35 ns|
    +--------+---------+----------+------------+

+ Latency: 
    * Summary: 
    +---------+---------+----------+----------+-----+-----+---------+
    |  Latency (cycles) |  Latency (absolute) |  Interval | Pipeline|
    |   min   |   max   |    min   |    max   | min | max |   Type  |
    +---------+---------+----------+----------+-----+-----+---------+
    |       87|       87|  0.435 us|  0.435 us|   87|   87|       no|
    +---------+---------+----------+----------+-----+-----+---------+

    + Detail: 
        * Instance: 
        N/A

        * Loop: 
        +----------------+---------+---------+----------+-----------+-----------+------+----------+
        |                |  Latency (cycles) | Iteration|  Initiation Interval  | Trip |          |
        |    Loop Name   |   min   |   max   |  Latency |  achieved |   target  | Count| Pipelined|
        +----------------+---------+---------+----------+-----------+-----------+------+----------+
        |- PoolWideMain  |       85|       85|         3|          1|          1|    84|       yes|
        +----------------+---------+---------+----------+-----------+-----------+------+----------+

============================================================
+ Verbose Summary: Synthesis Manager
============================================================
InlineROM: 1
ExposeGlobal: 0
============================================================
+ Verbose Summary: CDFG Model
============================================================
IsTopModel: 0
ResetActiveHigh: 1
IsCombinational: 2
IsDatapathOnly: 0
HasWiredReturn: 1
HasMFsm: 2
HasVarLatency: 1
IsPipeline: 0
IsRtlPipelined: 0
IsInstanceOverlapped: 0
IsDontTouch: 0
HasImplIP: 0
IsGatedGlobalClock: 0

+ Individual pipeline summary: 
  * Pipeline-0: initiation interval (II) = 1, depth = 3


============================================================
+ Verbose Summary: Schedule
============================================================
* Number of FSM states : 3
* Pipeline : 1
  Pipeline-0 : II = 1, D = 3, States = { 1 2 3 }
* Dataflow Pipeline: 0

* FSM state transitions: 
1 --> 2 
2 --> 3 
3 --> 

* FSM state operations: 

State 1 <SV = 0> <Delay = 1.62>
ST_1 : Operation 6 [1/1] (0.00ns)   --->   "%i_ih = alloca i32 1" [firmware/nnet_utils/nnet_pooling_stream.h:430]   --->   Operation 6 'alloca' 'i_ih' <Predicate = true> <Delay = 0.00>
ST_1 : Operation 7 [1/1] (0.00ns)   --->   "%empty = alloca i32 1"   --->   Operation 7 'alloca' 'empty' <Predicate = true> <Delay = 0.00>
ST_1 : Operation 8 [1/1] (0.00ns)   --->   "%p_0_1_0_0_02 = alloca i32 1"   --->   Operation 8 'alloca' 'p_0_1_0_0_02' <Predicate = true> <Delay = 0.00>
ST_1 : Operation 9 [1/1] (0.00ns)   --->   "%p_0_2_0_0_04 = alloca i32 1"   --->   Operation 9 'alloca' 'p_0_2_0_0_04' <Predicate = true> <Delay = 0.00>
ST_1 : Operation 10 [1/1] (0.00ns)   --->   "%p_0_3_0_0_06 = alloca i32 1"   --->   Operation 10 'alloca' 'p_0_3_0_0_06' <Predicate = true> <Delay = 0.00>
ST_1 : Operation 11 [1/1] (0.00ns)   --->   "%p_0_4_0_0_08 = alloca i32 1"   --->   Operation 11 'alloca' 'p_0_4_0_0_08' <Predicate = true> <Delay = 0.00>
ST_1 : Operation 12 [1/1] (0.00ns)   --->   "%p_0_5_0_0_010 = alloca i32 1"   --->   Operation 12 'alloca' 'p_0_5_0_0_010' <Predicate = true> <Delay = 0.00>
ST_1 : Operation 13 [1/1] (0.00ns)   --->   "%p_0_6_0_0_012 = alloca i32 1"   --->   Operation 13 'alloca' 'p_0_6_0_0_012' <Predicate = true> <Delay = 0.00>
ST_1 : Operation 14 [1/1] (0.00ns)   --->   "%p_0_7_0_0_014 = alloca i32 1"   --->   Operation 14 'alloca' 'p_0_7_0_0_014' <Predicate = true> <Delay = 0.00>
ST_1 : Operation 15 [1/1] (0.00ns)   --->   "%p_0_8_0_0_016 = alloca i32 1"   --->   Operation 15 'alloca' 'p_0_8_0_0_016' <Predicate = true> <Delay = 0.00>
ST_1 : Operation 16 [1/1] (0.00ns)   --->   "%p_0_9_0_0_018 = alloca i32 1"   --->   Operation 16 'alloca' 'p_0_9_0_0_018' <Predicate = true> <Delay = 0.00>
ST_1 : Operation 17 [1/1] (0.00ns)   --->   "%p_0_10_0_0_020 = alloca i32 1"   --->   Operation 17 'alloca' 'p_0_10_0_0_020' <Predicate = true> <Delay = 0.00>
ST_1 : Operation 18 [1/1] (0.00ns)   --->   "%p_0_11_0_0_022 = alloca i32 1"   --->   Operation 18 'alloca' 'p_0_11_0_0_022' <Predicate = true> <Delay = 0.00>
ST_1 : Operation 19 [1/1] (0.00ns)   --->   "%p_0_12_0_0_024 = alloca i32 1"   --->   Operation 19 'alloca' 'p_0_12_0_0_024' <Predicate = true> <Delay = 0.00>
ST_1 : Operation 20 [1/1] (0.00ns)   --->   "%p_0_13_0_0_026 = alloca i32 1"   --->   Operation 20 'alloca' 'p_0_13_0_0_026' <Predicate = true> <Delay = 0.00>
ST_1 : Operation 21 [1/1] (0.00ns)   --->   "%p_0_14_0_0_028 = alloca i32 1"   --->   Operation 21 'alloca' 'p_0_14_0_0_028' <Predicate = true> <Delay = 0.00>
ST_1 : Operation 22 [1/1] (0.00ns)   --->   "%p_0_15_0_0_030 = alloca i32 1"   --->   Operation 22 'alloca' 'p_0_15_0_0_030' <Predicate = true> <Delay = 0.00>
ST_1 : Operation 23 [1/1] (0.00ns)   --->   "%p_0_16_0_0_032 = alloca i32 1"   --->   Operation 23 'alloca' 'p_0_16_0_0_032' <Predicate = true> <Delay = 0.00>
ST_1 : Operation 24 [1/1] (0.00ns)   --->   "%p_0_17_0_0_034 = alloca i32 1"   --->   Operation 24 'alloca' 'p_0_17_0_0_034' <Predicate = true> <Delay = 0.00>
ST_1 : Operation 25 [1/1] (0.00ns)   --->   "%p_0_18_0_0_036 = alloca i32 1"   --->   Operation 25 'alloca' 'p_0_18_0_0_036' <Predicate = true> <Delay = 0.00>
ST_1 : Operation 26 [1/1] (0.00ns)   --->   "%p_0_19_0_0_038 = alloca i32 1"   --->   Operation 26 'alloca' 'p_0_19_0_0_038' <Predicate = true> <Delay = 0.00>
ST_1 : Operation 27 [1/1] (0.00ns)   --->   "%p_0_20_0_0_040 = alloca i32 1"   --->   Operation 27 'alloca' 'p_0_20_0_0_040' <Predicate = true> <Delay = 0.00>
ST_1 : Operation 28 [1/1] (0.00ns)   --->   "%p_0_21_0_0_042 = alloca i32 1"   --->   Operation 28 'alloca' 'p_0_21_0_0_042' <Predicate = true> <Delay = 0.00>
ST_1 : Operation 29 [1/1] (0.00ns)   --->   "%p_0_22_0_0_044 = alloca i32 1"   --->   Operation 29 'alloca' 'p_0_22_0_0_044' <Predicate = true> <Delay = 0.00>
ST_1 : Operation 30 [1/1] (0.00ns)   --->   "%p_0_23_0_0_046 = alloca i32 1"   --->   Operation 30 'alloca' 'p_0_23_0_0_046' <Predicate = true> <Delay = 0.00>
ST_1 : Operation 31 [1/1] (0.00ns)   --->   "%p_0_24_0_0_048 = alloca i32 1"   --->   Operation 31 'alloca' 'p_0_24_0_0_048' <Predicate = true> <Delay = 0.00>
ST_1 : Operation 32 [1/1] (0.00ns)   --->   "%p_0_25_0_0_050 = alloca i32 1"   --->   Operation 32 'alloca' 'p_0_25_0_0_050' <Predicate = true> <Delay = 0.00>
ST_1 : Operation 33 [1/1] (0.00ns)   --->   "%p_0_26_0_0_052 = alloca i32 1"   --->   Operation 33 'alloca' 'p_0_26_0_0_052' <Predicate = true> <Delay = 0.00>
ST_1 : Operation 34 [1/1] (0.00ns)   --->   "%p_0_27_0_0_054 = alloca i32 1"   --->   Operation 34 'alloca' 'p_0_27_0_0_054' <Predicate = true> <Delay = 0.00>
ST_1 : Operation 35 [1/1] (0.00ns)   --->   "%specmemcore_ln0 = specmemcore void @_ssdm_op_SpecMemCore, i448 %layer5x4_out, i64 666, i64 10, i64 18446744073709551615"   --->   Operation 35 'specmemcore' 'specmemcore_ln0' <Predicate = true> <Delay = 0.00>
ST_1 : Operation 36 [1/1] (0.00ns)   --->   "%specmemcore_ln0 = specmemcore void @_ssdm_op_SpecMemCore, i448 %layer4x4_out, i64 666, i64 10, i64 18446744073709551615"   --->   Operation 36 'specmemcore' 'specmemcore_ln0' <Predicate = true> <Delay = 0.00>
ST_1 : Operation 37 [1/1] (0.00ns)   --->   "%specinterface_ln0 = specinterface void @_ssdm_op_SpecInterface, i448 %layer5x4_out, void @empty_9, i32 0, i32 0, void @empty_0, i32 0, i32 0, void @empty_0, void @empty_0, void @empty_0, i32 0, i32 0, i32 0, i32 0, void @empty_0, void @empty_0, i32 4294967295, i32 0"   --->   Operation 37 'specinterface' 'specinterface_ln0' <Predicate = true> <Delay = 0.00>
ST_1 : Operation 38 [1/1] (0.00ns)   --->   "%specinterface_ln0 = specinterface void @_ssdm_op_SpecInterface, i448 %layer4x4_out, void @empty_9, i32 0, i32 0, void @empty_0, i32 0, i32 0, void @empty_0, void @empty_0, void @empty_0, i32 0, i32 0, i32 0, i32 0, void @empty_0, void @empty_0, i32 4294967295, i32 0"   --->   Operation 38 'specinterface' 'specinterface_ln0' <Predicate = true> <Delay = 0.00>
ST_1 : Operation 39 [1/1] (0.42ns)   --->   "%store_ln430 = store i7 0, i7 %i_ih" [firmware/nnet_utils/nnet_pooling_stream.h:430]   --->   Operation 39 'store' 'store_ln430' <Predicate = true> <Delay = 0.42>
ST_1 : Operation 40 [1/1] (0.42ns)   --->   "%br_ln430 = br void %for.body" [firmware/nnet_utils/nnet_pooling_stream.h:430]   --->   Operation 40 'br' 'br_ln430' <Predicate = true> <Delay = 0.42>
ST_1 : Operation 41 [1/1] (0.00ns)   --->   "%on_second_row = phi i1 0, void %entry, i1 %on_second_row_1, void %for.inc24"   --->   Operation 41 'phi' 'on_second_row' <Predicate = true> <Delay = 0.00>
ST_1 : Operation 42 [1/1] (0.00ns)   --->   "%i_ih_1 = load i7 %i_ih" [firmware/nnet_utils/nnet_pooling_stream.h:430]   --->   Operation 42 'load' 'i_ih_1' <Predicate = true> <Delay = 0.00>
ST_1 : Operation 43 [1/1] (0.77ns)   --->   "%icmp_ln430 = icmp_eq  i7 %i_ih_1, i7 84" [firmware/nnet_utils/nnet_pooling_stream.h:430]   --->   Operation 43 'icmp' 'icmp_ln430' <Predicate = true> <Delay = 0.77> <CoreInst = "Cmp">   --->   Core 9 'Cmp' <Latency = 0> <II = 1> <Delay = 0.77> <FuncUnit> <Opcode : 'icmp'> <InPorts = 2> <OutPorts = 1>
ST_1 : Operation 44 [1/1] (0.77ns)   --->   "%i_ih_2 = add i7 %i_ih_1, i7 1" [firmware/nnet_utils/nnet_pooling_stream.h:430]   --->   Operation 44 'add' 'i_ih_2' <Predicate = true> <Delay = 0.77> <CoreInst = "Adder">   --->   Core 1 'Adder' <Latency = 0> <II = 1> <Delay = 0.77> <FuncUnit> <Opcode : 'add' 'sub'> <InPorts = 2> <OutPorts = 1>
ST_1 : Operation 45 [1/1] (0.00ns)   --->   "%br_ln430 = br i1 %icmp_ln430, void %for.body.split, void %for.end26" [firmware/nnet_utils/nnet_pooling_stream.h:430]   --->   Operation 45 'br' 'br_ln430' <Predicate = true> <Delay = 0.00>
ST_1 : Operation 46 [1/1] (0.00ns)   --->   "%br_ln435 = br i1 %on_second_row, void %for.body.split.for.inc24_crit_edge, void %PoolWideMax" [firmware/nnet_utils/nnet_pooling_stream.h:435]   --->   Operation 46 'br' 'br_ln435' <Predicate = (!icmp_ln430)> <Delay = 0.00>
ST_1 : Operation 47 [1/1] (0.28ns)   --->   "%on_second_row_1 = xor i1 %on_second_row, i1 1" [firmware/nnet_utils/nnet_pooling_stream.h:454]   --->   Operation 47 'xor' 'on_second_row_1' <Predicate = (!icmp_ln430)> <Delay = 0.28> <CoreInst = "LogicGate">   --->   Core 74 'LogicGate' <Latency = 0> <II = 1> <Delay = 0.28> <FuncUnit> <Opcode : 'and' 'or' 'xor'> <InPorts = 2> <OutPorts = 1>
ST_1 : Operation 48 [1/1] (0.42ns)   --->   "%store_ln430 = store i7 %i_ih_2, i7 %i_ih" [firmware/nnet_utils/nnet_pooling_stream.h:430]   --->   Operation 48 'store' 'store_ln430' <Predicate = (!icmp_ln430)> <Delay = 0.42>
ST_1 : Operation 49 [1/1] (0.00ns)   --->   "%br_ln430 = br void %for.body" [firmware/nnet_utils/nnet_pooling_stream.h:430]   --->   Operation 49 'br' 'br_ln430' <Predicate = (!icmp_ln430)> <Delay = 0.00>

State 2 <SV = 1> <Delay = 1.82>
ST_2 : Operation 50 [1/1] (0.00ns)   --->   "%specpipeline_ln431 = specpipeline void @_ssdm_op_SpecPipeline, i32 1, i32 0, i32 0, i32 0, void @empty_0" [firmware/nnet_utils/nnet_pooling_stream.h:431]   --->   Operation 50 'specpipeline' 'specpipeline_ln431' <Predicate = true> <Delay = 0.00>
ST_2 : Operation 51 [1/1] (0.00ns)   --->   "%speclooptripcount_ln430 = speclooptripcount void @_ssdm_op_SpecLoopTripCount, i64 84, i64 84, i64 84" [firmware/nnet_utils/nnet_pooling_stream.h:430]   --->   Operation 51 'speclooptripcount' 'speclooptripcount_ln430' <Predicate = true> <Delay = 0.00>
ST_2 : Operation 52 [1/1] (0.00ns)   --->   "%specloopname_ln430 = specloopname void @_ssdm_op_SpecLoopName, void @empty_4" [firmware/nnet_utils/nnet_pooling_stream.h:430]   --->   Operation 52 'specloopname' 'specloopname_ln430' <Predicate = true> <Delay = 0.00>
ST_2 : Operation 53 [1/1] (1.82ns)   --->   "%layer4x4_out_read = read i448 @_ssdm_op_Read.ap_fifo.volatile.i448P0A, i448 %layer4x4_out" [firmware/nnet_utils/nnet_pooling_stream.h:433]   --->   Operation 53 'read' 'layer4x4_out_read' <Predicate = true> <Delay = 1.82> <CoreInst = "FIFO_SRL">   --->   Core 81 'FIFO_SRL' <Latency = 0> <II = 1> <Delay = 1.83> <Storage> <Opcode : 'read' 'write' 'nbread' 'nbwrite'> <Ports = 0> <Width = 448> <Depth = 4> <FIFO>
ST_2 : Operation 54 [1/1] (0.00ns)   --->   "%cur = trunc i448 %layer4x4_out_read" [firmware/nnet_utils/nnet_pooling_stream.h:433]   --->   Operation 54 'trunc' 'cur' <Predicate = true> <Delay = 0.00>
ST_2 : Operation 55 [1/1] (0.00ns)   --->   "%cur_1 = partselect i16 @_ssdm_op_PartSelect.i16.i448.i32.i32, i448 %layer4x4_out_read, i32 16, i32 31" [firmware/nnet_utils/nnet_pooling_stream.h:433]   --->   Operation 55 'partselect' 'cur_1' <Predicate = true> <Delay = 0.00>
ST_2 : Operation 56 [1/1] (0.00ns)   --->   "%cur_2 = partselect i16 @_ssdm_op_PartSelect.i16.i448.i32.i32, i448 %layer4x4_out_read, i32 32, i32 47" [firmware/nnet_utils/nnet_pooling_stream.h:433]   --->   Operation 56 'partselect' 'cur_2' <Predicate = true> <Delay = 0.00>
ST_2 : Operation 57 [1/1] (0.00ns)   --->   "%cur_3 = partselect i16 @_ssdm_op_PartSelect.i16.i448.i32.i32, i448 %layer4x4_out_read, i32 48, i32 63" [firmware/nnet_utils/nnet_pooling_stream.h:433]   --->   Operation 57 'partselect' 'cur_3' <Predicate = true> <Delay = 0.00>
ST_2 : Operation 58 [1/1] (0.00ns)   --->   "%trunc_ln433_4 = partselect i16 @_ssdm_op_PartSelect.i16.i448.i32.i32, i448 %layer4x4_out_read, i32 64, i32 79" [firmware/nnet_utils/nnet_pooling_stream.h:433]   --->   Operation 58 'partselect' 'trunc_ln433_4' <Predicate = true> <Delay = 0.00>
ST_2 : Operation 59 [1/1] (0.00ns)   --->   "%trunc_ln433_5 = partselect i16 @_ssdm_op_PartSelect.i16.i448.i32.i32, i448 %layer4x4_out_read, i32 80, i32 95" [firmware/nnet_utils/nnet_pooling_stream.h:433]   --->   Operation 59 'partselect' 'trunc_ln433_5' <Predicate = true> <Delay = 0.00>
ST_2 : Operation 60 [1/1] (0.00ns)   --->   "%trunc_ln433_6 = partselect i16 @_ssdm_op_PartSelect.i16.i448.i32.i32, i448 %layer4x4_out_read, i32 96, i32 111" [firmware/nnet_utils/nnet_pooling_stream.h:433]   --->   Operation 60 'partselect' 'trunc_ln433_6' <Predicate = true> <Delay = 0.00>
ST_2 : Operation 61 [1/1] (0.00ns)   --->   "%trunc_ln433_7 = partselect i16 @_ssdm_op_PartSelect.i16.i448.i32.i32, i448 %layer4x4_out_read, i32 112, i32 127" [firmware/nnet_utils/nnet_pooling_stream.h:433]   --->   Operation 61 'partselect' 'trunc_ln433_7' <Predicate = true> <Delay = 0.00>
ST_2 : Operation 62 [1/1] (0.00ns)   --->   "%trunc_ln433_8 = partselect i16 @_ssdm_op_PartSelect.i16.i448.i32.i32, i448 %layer4x4_out_read, i32 128, i32 143" [firmware/nnet_utils/nnet_pooling_stream.h:433]   --->   Operation 62 'partselect' 'trunc_ln433_8' <Predicate = true> <Delay = 0.00>
ST_2 : Operation 63 [1/1] (0.00ns)   --->   "%trunc_ln433_9 = partselect i16 @_ssdm_op_PartSelect.i16.i448.i32.i32, i448 %layer4x4_out_read, i32 144, i32 159" [firmware/nnet_utils/nnet_pooling_stream.h:433]   --->   Operation 63 'partselect' 'trunc_ln433_9' <Predicate = true> <Delay = 0.00>
ST_2 : Operation 64 [1/1] (0.00ns)   --->   "%trunc_ln433_s = partselect i16 @_ssdm_op_PartSelect.i16.i448.i32.i32, i448 %layer4x4_out_read, i32 160, i32 175" [firmware/nnet_utils/nnet_pooling_stream.h:433]   --->   Operation 64 'partselect' 'trunc_ln433_s' <Predicate = true> <Delay = 0.00>
ST_2 : Operation 65 [1/1] (0.00ns)   --->   "%trunc_ln433_1 = partselect i16 @_ssdm_op_PartSelect.i16.i448.i32.i32, i448 %layer4x4_out_read, i32 176, i32 191" [firmware/nnet_utils/nnet_pooling_stream.h:433]   --->   Operation 65 'partselect' 'trunc_ln433_1' <Predicate = true> <Delay = 0.00>
ST_2 : Operation 66 [1/1] (0.00ns)   --->   "%trunc_ln433_2 = partselect i16 @_ssdm_op_PartSelect.i16.i448.i32.i32, i448 %layer4x4_out_read, i32 192, i32 207" [firmware/nnet_utils/nnet_pooling_stream.h:433]   --->   Operation 66 'partselect' 'trunc_ln433_2' <Predicate = true> <Delay = 0.00>
ST_2 : Operation 67 [1/1] (0.00ns)   --->   "%trunc_ln433_3 = partselect i16 @_ssdm_op_PartSelect.i16.i448.i32.i32, i448 %layer4x4_out_read, i32 208, i32 223" [firmware/nnet_utils/nnet_pooling_stream.h:433]   --->   Operation 67 'partselect' 'trunc_ln433_3' <Predicate = true> <Delay = 0.00>
ST_2 : Operation 68 [1/1] (0.00ns)   --->   "%trunc_ln433_10 = partselect i16 @_ssdm_op_PartSelect.i16.i448.i32.i32, i448 %layer4x4_out_read, i32 224, i32 239" [firmware/nnet_utils/nnet_pooling_stream.h:433]   --->   Operation 68 'partselect' 'trunc_ln433_10' <Predicate = true> <Delay = 0.00>
ST_2 : Operation 69 [1/1] (0.00ns)   --->   "%trunc_ln433_11 = partselect i16 @_ssdm_op_PartSelect.i16.i448.i32.i32, i448 %layer4x4_out_read, i32 240, i32 255" [firmware/nnet_utils/nnet_pooling_stream.h:433]   --->   Operation 69 'partselect' 'trunc_ln433_11' <Predicate = true> <Delay = 0.00>
ST_2 : Operation 70 [1/1] (0.00ns)   --->   "%trunc_ln433_12 = partselect i16 @_ssdm_op_PartSelect.i16.i448.i32.i32, i448 %layer4x4_out_read, i32 256, i32 271" [firmware/nnet_utils/nnet_pooling_stream.h:433]   --->   Operation 70 'partselect' 'trunc_ln433_12' <Predicate = true> <Delay = 0.00>
ST_2 : Operation 71 [1/1] (0.00ns)   --->   "%trunc_ln433_13 = partselect i16 @_ssdm_op_PartSelect.i16.i448.i32.i32, i448 %layer4x4_out_read, i32 272, i32 287" [firmware/nnet_utils/nnet_pooling_stream.h:433]   --->   Operation 71 'partselect' 'trunc_ln433_13' <Predicate = true> <Delay = 0.00>
ST_2 : Operation 72 [1/1] (0.00ns)   --->   "%trunc_ln433_14 = partselect i16 @_ssdm_op_PartSelect.i16.i448.i32.i32, i448 %layer4x4_out_read, i32 288, i32 303" [firmware/nnet_utils/nnet_pooling_stream.h:433]   --->   Operation 72 'partselect' 'trunc_ln433_14' <Predicate = true> <Delay = 0.00>
ST_2 : Operation 73 [1/1] (0.00ns)   --->   "%trunc_ln433_15 = partselect i16 @_ssdm_op_PartSelect.i16.i448.i32.i32, i448 %layer4x4_out_read, i32 304, i32 319" [firmware/nnet_utils/nnet_pooling_stream.h:433]   --->   Operation 73 'partselect' 'trunc_ln433_15' <Predicate = true> <Delay = 0.00>
ST_2 : Operation 74 [1/1] (0.00ns)   --->   "%trunc_ln433_16 = partselect i16 @_ssdm_op_PartSelect.i16.i448.i32.i32, i448 %layer4x4_out_read, i32 320, i32 335" [firmware/nnet_utils/nnet_pooling_stream.h:433]   --->   Operation 74 'partselect' 'trunc_ln433_16' <Predicate = true> <Delay = 0.00>
ST_2 : Operation 75 [1/1] (0.00ns)   --->   "%trunc_ln433_17 = partselect i16 @_ssdm_op_PartSelect.i16.i448.i32.i32, i448 %layer4x4_out_read, i32 336, i32 351" [firmware/nnet_utils/nnet_pooling_stream.h:433]   --->   Operation 75 'partselect' 'trunc_ln433_17' <Predicate = true> <Delay = 0.00>
ST_2 : Operation 76 [1/1] (0.00ns)   --->   "%trunc_ln433_18 = partselect i16 @_ssdm_op_PartSelect.i16.i448.i32.i32, i448 %layer4x4_out_read, i32 352, i32 367" [firmware/nnet_utils/nnet_pooling_stream.h:433]   --->   Operation 76 'partselect' 'trunc_ln433_18' <Predicate = true> <Delay = 0.00>
ST_2 : Operation 77 [1/1] (0.00ns)   --->   "%trunc_ln433_19 = partselect i16 @_ssdm_op_PartSelect.i16.i448.i32.i32, i448 %layer4x4_out_read, i32 368, i32 383" [firmware/nnet_utils/nnet_pooling_stream.h:433]   --->   Operation 77 'partselect' 'trunc_ln433_19' <Predicate = true> <Delay = 0.00>
ST_2 : Operation 78 [1/1] (0.00ns)   --->   "%trunc_ln433_20 = partselect i16 @_ssdm_op_PartSelect.i16.i448.i32.i32, i448 %layer4x4_out_read, i32 384, i32 399" [firmware/nnet_utils/nnet_pooling_stream.h:433]   --->   Operation 78 'partselect' 'trunc_ln433_20' <Predicate = true> <Delay = 0.00>
ST_2 : Operation 79 [1/1] (0.00ns)   --->   "%trunc_ln433_21 = partselect i16 @_ssdm_op_PartSelect.i16.i448.i32.i32, i448 %layer4x4_out_read, i32 400, i32 415" [firmware/nnet_utils/nnet_pooling_stream.h:433]   --->   Operation 79 'partselect' 'trunc_ln433_21' <Predicate = true> <Delay = 0.00>
ST_2 : Operation 80 [1/1] (0.00ns)   --->   "%trunc_ln433_22 = partselect i16 @_ssdm_op_PartSelect.i16.i448.i32.i32, i448 %layer4x4_out_read, i32 416, i32 431" [firmware/nnet_utils/nnet_pooling_stream.h:433]   --->   Operation 80 'partselect' 'trunc_ln433_22' <Predicate = true> <Delay = 0.00>
ST_2 : Operation 81 [1/1] (0.00ns)   --->   "%trunc_ln433_23 = partselect i16 @_ssdm_op_PartSelect.i16.i448.i32.i32, i448 %layer4x4_out_read, i32 432, i32 447" [firmware/nnet_utils/nnet_pooling_stream.h:433]   --->   Operation 81 'partselect' 'trunc_ln433_23' <Predicate = true> <Delay = 0.00>
ST_2 : Operation 82 [1/1] (0.00ns)   --->   "%store_ln433 = store i16 %trunc_ln433_23, i16 %p_0_27_0_0_054" [firmware/nnet_utils/nnet_pooling_stream.h:433]   --->   Operation 82 'store' 'store_ln433' <Predicate = (!on_second_row)> <Delay = 0.00>
ST_2 : Operation 83 [1/1] (0.00ns)   --->   "%store_ln433 = store i16 %trunc_ln433_22, i16 %p_0_26_0_0_052" [firmware/nnet_utils/nnet_pooling_stream.h:433]   --->   Operation 83 'store' 'store_ln433' <Predicate = (!on_second_row)> <Delay = 0.00>
ST_2 : Operation 84 [1/1] (0.00ns)   --->   "%store_ln433 = store i16 %trunc_ln433_21, i16 %p_0_25_0_0_050" [firmware/nnet_utils/nnet_pooling_stream.h:433]   --->   Operation 84 'store' 'store_ln433' <Predicate = (!on_second_row)> <Delay = 0.00>
ST_2 : Operation 85 [1/1] (0.00ns)   --->   "%store_ln433 = store i16 %trunc_ln433_20, i16 %p_0_24_0_0_048" [firmware/nnet_utils/nnet_pooling_stream.h:433]   --->   Operation 85 'store' 'store_ln433' <Predicate = (!on_second_row)> <Delay = 0.00>
ST_2 : Operation 86 [1/1] (0.00ns)   --->   "%store_ln433 = store i16 %trunc_ln433_19, i16 %p_0_23_0_0_046" [firmware/nnet_utils/nnet_pooling_stream.h:433]   --->   Operation 86 'store' 'store_ln433' <Predicate = (!on_second_row)> <Delay = 0.00>
ST_2 : Operation 87 [1/1] (0.00ns)   --->   "%store_ln433 = store i16 %trunc_ln433_18, i16 %p_0_22_0_0_044" [firmware/nnet_utils/nnet_pooling_stream.h:433]   --->   Operation 87 'store' 'store_ln433' <Predicate = (!on_second_row)> <Delay = 0.00>
ST_2 : Operation 88 [1/1] (0.00ns)   --->   "%store_ln433 = store i16 %trunc_ln433_17, i16 %p_0_21_0_0_042" [firmware/nnet_utils/nnet_pooling_stream.h:433]   --->   Operation 88 'store' 'store_ln433' <Predicate = (!on_second_row)> <Delay = 0.00>
ST_2 : Operation 89 [1/1] (0.00ns)   --->   "%store_ln433 = store i16 %trunc_ln433_16, i16 %p_0_20_0_0_040" [firmware/nnet_utils/nnet_pooling_stream.h:433]   --->   Operation 89 'store' 'store_ln433' <Predicate = (!on_second_row)> <Delay = 0.00>
ST_2 : Operation 90 [1/1] (0.00ns)   --->   "%store_ln433 = store i16 %trunc_ln433_15, i16 %p_0_19_0_0_038" [firmware/nnet_utils/nnet_pooling_stream.h:433]   --->   Operation 90 'store' 'store_ln433' <Predicate = (!on_second_row)> <Delay = 0.00>
ST_2 : Operation 91 [1/1] (0.00ns)   --->   "%store_ln433 = store i16 %trunc_ln433_14, i16 %p_0_18_0_0_036" [firmware/nnet_utils/nnet_pooling_stream.h:433]   --->   Operation 91 'store' 'store_ln433' <Predicate = (!on_second_row)> <Delay = 0.00>
ST_2 : Operation 92 [1/1] (0.00ns)   --->   "%store_ln433 = store i16 %trunc_ln433_13, i16 %p_0_17_0_0_034" [firmware/nnet_utils/nnet_pooling_stream.h:433]   --->   Operation 92 'store' 'store_ln433' <Predicate = (!on_second_row)> <Delay = 0.00>
ST_2 : Operation 93 [1/1] (0.00ns)   --->   "%store_ln433 = store i16 %trunc_ln433_12, i16 %p_0_16_0_0_032" [firmware/nnet_utils/nnet_pooling_stream.h:433]   --->   Operation 93 'store' 'store_ln433' <Predicate = (!on_second_row)> <Delay = 0.00>
ST_2 : Operation 94 [1/1] (0.00ns)   --->   "%store_ln433 = store i16 %trunc_ln433_11, i16 %p_0_15_0_0_030" [firmware/nnet_utils/nnet_pooling_stream.h:433]   --->   Operation 94 'store' 'store_ln433' <Predicate = (!on_second_row)> <Delay = 0.00>
ST_2 : Operation 95 [1/1] (0.00ns)   --->   "%store_ln433 = store i16 %trunc_ln433_10, i16 %p_0_14_0_0_028" [firmware/nnet_utils/nnet_pooling_stream.h:433]   --->   Operation 95 'store' 'store_ln433' <Predicate = (!on_second_row)> <Delay = 0.00>
ST_2 : Operation 96 [1/1] (0.00ns)   --->   "%store_ln433 = store i16 %trunc_ln433_3, i16 %p_0_13_0_0_026" [firmware/nnet_utils/nnet_pooling_stream.h:433]   --->   Operation 96 'store' 'store_ln433' <Predicate = (!on_second_row)> <Delay = 0.00>
ST_2 : Operation 97 [1/1] (0.00ns)   --->   "%store_ln433 = store i16 %trunc_ln433_2, i16 %p_0_12_0_0_024" [firmware/nnet_utils/nnet_pooling_stream.h:433]   --->   Operation 97 'store' 'store_ln433' <Predicate = (!on_second_row)> <Delay = 0.00>
ST_2 : Operation 98 [1/1] (0.00ns)   --->   "%store_ln433 = store i16 %trunc_ln433_1, i16 %p_0_11_0_0_022" [firmware/nnet_utils/nnet_pooling_stream.h:433]   --->   Operation 98 'store' 'store_ln433' <Predicate = (!on_second_row)> <Delay = 0.00>
ST_2 : Operation 99 [1/1] (0.00ns)   --->   "%store_ln433 = store i16 %trunc_ln433_s, i16 %p_0_10_0_0_020" [firmware/nnet_utils/nnet_pooling_stream.h:433]   --->   Operation 99 'store' 'store_ln433' <Predicate = (!on_second_row)> <Delay = 0.00>
ST_2 : Operation 100 [1/1] (0.00ns)   --->   "%store_ln433 = store i16 %trunc_ln433_9, i16 %p_0_9_0_0_018" [firmware/nnet_utils/nnet_pooling_stream.h:433]   --->   Operation 100 'store' 'store_ln433' <Predicate = (!on_second_row)> <Delay = 0.00>
ST_2 : Operation 101 [1/1] (0.00ns)   --->   "%store_ln433 = store i16 %trunc_ln433_8, i16 %p_0_8_0_0_016" [firmware/nnet_utils/nnet_pooling_stream.h:433]   --->   Operation 101 'store' 'store_ln433' <Predicate = (!on_second_row)> <Delay = 0.00>
ST_2 : Operation 102 [1/1] (0.00ns)   --->   "%store_ln433 = store i16 %trunc_ln433_7, i16 %p_0_7_0_0_014" [firmware/nnet_utils/nnet_pooling_stream.h:433]   --->   Operation 102 'store' 'store_ln433' <Predicate = (!on_second_row)> <Delay = 0.00>
ST_2 : Operation 103 [1/1] (0.00ns)   --->   "%store_ln433 = store i16 %trunc_ln433_6, i16 %p_0_6_0_0_012" [firmware/nnet_utils/nnet_pooling_stream.h:433]   --->   Operation 103 'store' 'store_ln433' <Predicate = (!on_second_row)> <Delay = 0.00>
ST_2 : Operation 104 [1/1] (0.00ns)   --->   "%store_ln433 = store i16 %trunc_ln433_5, i16 %p_0_5_0_0_010" [firmware/nnet_utils/nnet_pooling_stream.h:433]   --->   Operation 104 'store' 'store_ln433' <Predicate = (!on_second_row)> <Delay = 0.00>
ST_2 : Operation 105 [1/1] (0.00ns)   --->   "%store_ln433 = store i16 %trunc_ln433_4, i16 %p_0_4_0_0_08" [firmware/nnet_utils/nnet_pooling_stream.h:433]   --->   Operation 105 'store' 'store_ln433' <Predicate = (!on_second_row)> <Delay = 0.00>
ST_2 : Operation 106 [1/1] (0.00ns)   --->   "%store_ln433 = store i16 %cur_3, i16 %p_0_3_0_0_06" [firmware/nnet_utils/nnet_pooling_stream.h:433]   --->   Operation 106 'store' 'store_ln433' <Predicate = (!on_second_row)> <Delay = 0.00>
ST_2 : Operation 107 [1/1] (0.00ns)   --->   "%store_ln433 = store i16 %cur_2, i16 %p_0_2_0_0_04" [firmware/nnet_utils/nnet_pooling_stream.h:433]   --->   Operation 107 'store' 'store_ln433' <Predicate = (!on_second_row)> <Delay = 0.00>
ST_2 : Operation 108 [1/1] (0.00ns)   --->   "%store_ln433 = store i16 %cur_1, i16 %p_0_1_0_0_02" [firmware/nnet_utils/nnet_pooling_stream.h:433]   --->   Operation 108 'store' 'store_ln433' <Predicate = (!on_second_row)> <Delay = 0.00>
ST_2 : Operation 109 [1/1] (0.00ns)   --->   "%store_ln433 = store i16 %cur, i16 %empty" [firmware/nnet_utils/nnet_pooling_stream.h:433]   --->   Operation 109 'store' 'store_ln433' <Predicate = (!on_second_row)> <Delay = 0.00>
ST_2 : Operation 110 [1/1] (0.00ns)   --->   "%br_ln435 = br void %for.inc24" [firmware/nnet_utils/nnet_pooling_stream.h:435]   --->   Operation 110 'br' 'br_ln435' <Predicate = (!on_second_row)> <Delay = 0.00>
ST_2 : Operation 198 [1/1] (0.00ns)   --->   "%ret_ln456 = ret" [firmware/nnet_utils/nnet_pooling_stream.h:456]   --->   Operation 198 'ret' 'ret_ln456' <Predicate = (icmp_ln430)> <Delay = 0.00>

State 3 <SV = 2> <Delay = 3.02>
ST_3 : Operation 111 [1/1] (0.00ns)   --->   "%p_load = load i16 %empty" [firmware/nnet_utils/nnet_pooling_stream.h:448]   --->   Operation 111 'load' 'p_load' <Predicate = (on_second_row)> <Delay = 0.00>
ST_3 : Operation 112 [1/1] (0.00ns)   --->   "%p_0_1_0_0_02_load = load i16 %p_0_1_0_0_02" [firmware/nnet_utils/nnet_pooling_stream.h:448]   --->   Operation 112 'load' 'p_0_1_0_0_02_load' <Predicate = (on_second_row)> <Delay = 0.00>
ST_3 : Operation 113 [1/1] (0.00ns)   --->   "%p_0_2_0_0_04_load = load i16 %p_0_2_0_0_04" [firmware/nnet_utils/nnet_pooling_stream.h:448]   --->   Operation 113 'load' 'p_0_2_0_0_04_load' <Predicate = (on_second_row)> <Delay = 0.00>
ST_3 : Operation 114 [1/1] (0.00ns)   --->   "%p_0_3_0_0_06_load = load i16 %p_0_3_0_0_06" [firmware/nnet_utils/nnet_pooling_stream.h:448]   --->   Operation 114 'load' 'p_0_3_0_0_06_load' <Predicate = (on_second_row)> <Delay = 0.00>
ST_3 : Operation 115 [1/1] (0.00ns)   --->   "%p_0_4_0_0_08_load = load i16 %p_0_4_0_0_08" [firmware/nnet_utils/nnet_pooling_stream.h:448]   --->   Operation 115 'load' 'p_0_4_0_0_08_load' <Predicate = (on_second_row)> <Delay = 0.00>
ST_3 : Operation 116 [1/1] (0.00ns)   --->   "%p_0_5_0_0_010_load = load i16 %p_0_5_0_0_010" [firmware/nnet_utils/nnet_pooling_stream.h:448]   --->   Operation 116 'load' 'p_0_5_0_0_010_load' <Predicate = (on_second_row)> <Delay = 0.00>
ST_3 : Operation 117 [1/1] (0.00ns)   --->   "%p_0_6_0_0_012_load = load i16 %p_0_6_0_0_012" [firmware/nnet_utils/nnet_pooling_stream.h:448]   --->   Operation 117 'load' 'p_0_6_0_0_012_load' <Predicate = (on_second_row)> <Delay = 0.00>
ST_3 : Operation 118 [1/1] (0.00ns)   --->   "%p_0_7_0_0_014_load = load i16 %p_0_7_0_0_014" [firmware/nnet_utils/nnet_pooling_stream.h:448]   --->   Operation 118 'load' 'p_0_7_0_0_014_load' <Predicate = (on_second_row)> <Delay = 0.00>
ST_3 : Operation 119 [1/1] (0.00ns)   --->   "%p_0_8_0_0_016_load = load i16 %p_0_8_0_0_016" [firmware/nnet_utils/nnet_pooling_stream.h:448]   --->   Operation 119 'load' 'p_0_8_0_0_016_load' <Predicate = (on_second_row)> <Delay = 0.00>
ST_3 : Operation 120 [1/1] (0.00ns)   --->   "%p_0_9_0_0_018_load = load i16 %p_0_9_0_0_018" [firmware/nnet_utils/nnet_pooling_stream.h:448]   --->   Operation 120 'load' 'p_0_9_0_0_018_load' <Predicate = (on_second_row)> <Delay = 0.00>
ST_3 : Operation 121 [1/1] (0.00ns)   --->   "%p_0_10_0_0_020_load = load i16 %p_0_10_0_0_020" [firmware/nnet_utils/nnet_pooling_stream.h:448]   --->   Operation 121 'load' 'p_0_10_0_0_020_load' <Predicate = (on_second_row)> <Delay = 0.00>
ST_3 : Operation 122 [1/1] (0.00ns)   --->   "%p_0_11_0_0_022_load = load i16 %p_0_11_0_0_022" [firmware/nnet_utils/nnet_pooling_stream.h:448]   --->   Operation 122 'load' 'p_0_11_0_0_022_load' <Predicate = (on_second_row)> <Delay = 0.00>
ST_3 : Operation 123 [1/1] (0.00ns)   --->   "%p_0_12_0_0_024_load = load i16 %p_0_12_0_0_024" [firmware/nnet_utils/nnet_pooling_stream.h:448]   --->   Operation 123 'load' 'p_0_12_0_0_024_load' <Predicate = (on_second_row)> <Delay = 0.00>
ST_3 : Operation 124 [1/1] (0.00ns)   --->   "%p_0_13_0_0_026_load = load i16 %p_0_13_0_0_026" [firmware/nnet_utils/nnet_pooling_stream.h:448]   --->   Operation 124 'load' 'p_0_13_0_0_026_load' <Predicate = (on_second_row)> <Delay = 0.00>
ST_3 : Operation 125 [1/1] (0.00ns)   --->   "%p_0_14_0_0_028_load = load i16 %p_0_14_0_0_028" [firmware/nnet_utils/nnet_pooling_stream.h:448]   --->   Operation 125 'load' 'p_0_14_0_0_028_load' <Predicate = (on_second_row)> <Delay = 0.00>
ST_3 : Operation 126 [1/1] (0.00ns)   --->   "%p_0_15_0_0_030_load = load i16 %p_0_15_0_0_030" [firmware/nnet_utils/nnet_pooling_stream.h:448]   --->   Operation 126 'load' 'p_0_15_0_0_030_load' <Predicate = (on_second_row)> <Delay = 0.00>
ST_3 : Operation 127 [1/1] (0.00ns)   --->   "%p_0_16_0_0_032_load = load i16 %p_0_16_0_0_032" [firmware/nnet_utils/nnet_pooling_stream.h:448]   --->   Operation 127 'load' 'p_0_16_0_0_032_load' <Predicate = (on_second_row)> <Delay = 0.00>
ST_3 : Operation 128 [1/1] (0.00ns)   --->   "%p_0_17_0_0_034_load = load i16 %p_0_17_0_0_034" [firmware/nnet_utils/nnet_pooling_stream.h:448]   --->   Operation 128 'load' 'p_0_17_0_0_034_load' <Predicate = (on_second_row)> <Delay = 0.00>
ST_3 : Operation 129 [1/1] (0.00ns)   --->   "%p_0_18_0_0_036_load = load i16 %p_0_18_0_0_036" [firmware/nnet_utils/nnet_pooling_stream.h:448]   --->   Operation 129 'load' 'p_0_18_0_0_036_load' <Predicate = (on_second_row)> <Delay = 0.00>
ST_3 : Operation 130 [1/1] (0.00ns)   --->   "%p_0_19_0_0_038_load = load i16 %p_0_19_0_0_038" [firmware/nnet_utils/nnet_pooling_stream.h:448]   --->   Operation 130 'load' 'p_0_19_0_0_038_load' <Predicate = (on_second_row)> <Delay = 0.00>
ST_3 : Operation 131 [1/1] (0.00ns)   --->   "%p_0_20_0_0_040_load = load i16 %p_0_20_0_0_040" [firmware/nnet_utils/nnet_pooling_stream.h:448]   --->   Operation 131 'load' 'p_0_20_0_0_040_load' <Predicate = (on_second_row)> <Delay = 0.00>
ST_3 : Operation 132 [1/1] (0.00ns)   --->   "%p_0_21_0_0_042_load = load i16 %p_0_21_0_0_042" [firmware/nnet_utils/nnet_pooling_stream.h:448]   --->   Operation 132 'load' 'p_0_21_0_0_042_load' <Predicate = (on_second_row)> <Delay = 0.00>
ST_3 : Operation 133 [1/1] (0.00ns)   --->   "%p_0_22_0_0_044_load = load i16 %p_0_22_0_0_044" [firmware/nnet_utils/nnet_pooling_stream.h:448]   --->   Operation 133 'load' 'p_0_22_0_0_044_load' <Predicate = (on_second_row)> <Delay = 0.00>
ST_3 : Operation 134 [1/1] (0.00ns)   --->   "%p_0_23_0_0_046_load = load i16 %p_0_23_0_0_046" [firmware/nnet_utils/nnet_pooling_stream.h:448]   --->   Operation 134 'load' 'p_0_23_0_0_046_load' <Predicate = (on_second_row)> <Delay = 0.00>
ST_3 : Operation 135 [1/1] (0.00ns)   --->   "%p_0_24_0_0_048_load = load i16 %p_0_24_0_0_048" [firmware/nnet_utils/nnet_pooling_stream.h:448]   --->   Operation 135 'load' 'p_0_24_0_0_048_load' <Predicate = (on_second_row)> <Delay = 0.00>
ST_3 : Operation 136 [1/1] (0.00ns)   --->   "%p_0_25_0_0_050_load = load i16 %p_0_25_0_0_050" [firmware/nnet_utils/nnet_pooling_stream.h:448]   --->   Operation 136 'load' 'p_0_25_0_0_050_load' <Predicate = (on_second_row)> <Delay = 0.00>
ST_3 : Operation 137 [1/1] (0.00ns)   --->   "%p_0_26_0_0_052_load = load i16 %p_0_26_0_0_052" [firmware/nnet_utils/nnet_pooling_stream.h:448]   --->   Operation 137 'load' 'p_0_26_0_0_052_load' <Predicate = (on_second_row)> <Delay = 0.00>
ST_3 : Operation 138 [1/1] (0.00ns)   --->   "%p_0_27_0_0_054_load = load i16 %p_0_27_0_0_054" [firmware/nnet_utils/nnet_pooling_stream.h:448]   --->   Operation 138 'load' 'p_0_27_0_0_054_load' <Predicate = (on_second_row)> <Delay = 0.00>
ST_3 : Operation 139 [1/1] (0.85ns)   --->   "%icmp_ln448 = icmp_sgt  i16 %p_load, i16 %cur" [firmware/nnet_utils/nnet_pooling_stream.h:448]   --->   Operation 139 'icmp' 'icmp_ln448' <Predicate = (on_second_row)> <Delay = 0.85> <CoreInst = "Cmp">   --->   Core 9 'Cmp' <Latency = 0> <II = 1> <Delay = 0.85> <FuncUnit> <Opcode : 'icmp'> <InPorts = 2> <OutPorts = 1>
ST_3 : Operation 140 [1/1] (0.34ns)   --->   "%select_ln448 = select i1 %icmp_ln448, i16 %p_load, i16 %cur" [firmware/nnet_utils/nnet_pooling_stream.h:448]   --->   Operation 140 'select' 'select_ln448' <Predicate = (on_second_row)> <Delay = 0.34> <CoreInst = "Sel">   --->   Core 73 'Sel' <Latency = 0> <II = 1> <Delay = 0.34> <FuncUnit> <Opcode : 'select'> <InPorts = 3> <OutPorts = 1>
ST_3 : Operation 141 [1/1] (0.85ns)   --->   "%icmp_ln448_1 = icmp_sgt  i16 %p_0_1_0_0_02_load, i16 %cur_1" [firmware/nnet_utils/nnet_pooling_stream.h:448]   --->   Operation 141 'icmp' 'icmp_ln448_1' <Predicate = (on_second_row)> <Delay = 0.85> <CoreInst = "Cmp">   --->   Core 9 'Cmp' <Latency = 0> <II = 1> <Delay = 0.85> <FuncUnit> <Opcode : 'icmp'> <InPorts = 2> <OutPorts = 1>
ST_3 : Operation 142 [1/1] (0.34ns)   --->   "%select_ln448_1 = select i1 %icmp_ln448_1, i16 %p_0_1_0_0_02_load, i16 %cur_1" [firmware/nnet_utils/nnet_pooling_stream.h:448]   --->   Operation 142 'select' 'select_ln448_1' <Predicate = (on_second_row)> <Delay = 0.34> <CoreInst = "Sel">   --->   Core 73 'Sel' <Latency = 0> <II = 1> <Delay = 0.34> <FuncUnit> <Opcode : 'select'> <InPorts = 3> <OutPorts = 1>
ST_3 : Operation 143 [1/1] (0.85ns)   --->   "%icmp_ln448_2 = icmp_sgt  i16 %p_0_2_0_0_04_load, i16 %cur_2" [firmware/nnet_utils/nnet_pooling_stream.h:448]   --->   Operation 143 'icmp' 'icmp_ln448_2' <Predicate = (on_second_row)> <Delay = 0.85> <CoreInst = "Cmp">   --->   Core 9 'Cmp' <Latency = 0> <II = 1> <Delay = 0.85> <FuncUnit> <Opcode : 'icmp'> <InPorts = 2> <OutPorts = 1>
ST_3 : Operation 144 [1/1] (0.34ns)   --->   "%select_ln448_2 = select i1 %icmp_ln448_2, i16 %p_0_2_0_0_04_load, i16 %cur_2" [firmware/nnet_utils/nnet_pooling_stream.h:448]   --->   Operation 144 'select' 'select_ln448_2' <Predicate = (on_second_row)> <Delay = 0.34> <CoreInst = "Sel">   --->   Core 73 'Sel' <Latency = 0> <II = 1> <Delay = 0.34> <FuncUnit> <Opcode : 'select'> <InPorts = 3> <OutPorts = 1>
ST_3 : Operation 145 [1/1] (0.85ns)   --->   "%icmp_ln448_3 = icmp_sgt  i16 %p_0_3_0_0_06_load, i16 %cur_3" [firmware/nnet_utils/nnet_pooling_stream.h:448]   --->   Operation 145 'icmp' 'icmp_ln448_3' <Predicate = (on_second_row)> <Delay = 0.85> <CoreInst = "Cmp">   --->   Core 9 'Cmp' <Latency = 0> <II = 1> <Delay = 0.85> <FuncUnit> <Opcode : 'icmp'> <InPorts = 2> <OutPorts = 1>
ST_3 : Operation 146 [1/1] (0.34ns)   --->   "%select_ln448_3 = select i1 %icmp_ln448_3, i16 %p_0_3_0_0_06_load, i16 %cur_3" [firmware/nnet_utils/nnet_pooling_stream.h:448]   --->   Operation 146 'select' 'select_ln448_3' <Predicate = (on_second_row)> <Delay = 0.34> <CoreInst = "Sel">   --->   Core 73 'Sel' <Latency = 0> <II = 1> <Delay = 0.34> <FuncUnit> <Opcode : 'select'> <InPorts = 3> <OutPorts = 1>
ST_3 : Operation 147 [1/1] (0.85ns)   --->   "%icmp_ln448_4 = icmp_sgt  i16 %p_0_4_0_0_08_load, i16 %trunc_ln433_4" [firmware/nnet_utils/nnet_pooling_stream.h:448]   --->   Operation 147 'icmp' 'icmp_ln448_4' <Predicate = (on_second_row)> <Delay = 0.85> <CoreInst = "Cmp">   --->   Core 9 'Cmp' <Latency = 0> <II = 1> <Delay = 0.85> <FuncUnit> <Opcode : 'icmp'> <InPorts = 2> <OutPorts = 1>
ST_3 : Operation 148 [1/1] (0.34ns)   --->   "%select_ln448_4 = select i1 %icmp_ln448_4, i16 %p_0_4_0_0_08_load, i16 %trunc_ln433_4" [firmware/nnet_utils/nnet_pooling_stream.h:448]   --->   Operation 148 'select' 'select_ln448_4' <Predicate = (on_second_row)> <Delay = 0.34> <CoreInst = "Sel">   --->   Core 73 'Sel' <Latency = 0> <II = 1> <Delay = 0.34> <FuncUnit> <Opcode : 'select'> <InPorts = 3> <OutPorts = 1>
ST_3 : Operation 149 [1/1] (0.85ns)   --->   "%icmp_ln448_5 = icmp_sgt  i16 %p_0_5_0_0_010_load, i16 %trunc_ln433_5" [firmware/nnet_utils/nnet_pooling_stream.h:448]   --->   Operation 149 'icmp' 'icmp_ln448_5' <Predicate = (on_second_row)> <Delay = 0.85> <CoreInst = "Cmp">   --->   Core 9 'Cmp' <Latency = 0> <II = 1> <Delay = 0.85> <FuncUnit> <Opcode : 'icmp'> <InPorts = 2> <OutPorts = 1>
ST_3 : Operation 150 [1/1] (0.34ns)   --->   "%select_ln448_5 = select i1 %icmp_ln448_5, i16 %p_0_5_0_0_010_load, i16 %trunc_ln433_5" [firmware/nnet_utils/nnet_pooling_stream.h:448]   --->   Operation 150 'select' 'select_ln448_5' <Predicate = (on_second_row)> <Delay = 0.34> <CoreInst = "Sel">   --->   Core 73 'Sel' <Latency = 0> <II = 1> <Delay = 0.34> <FuncUnit> <Opcode : 'select'> <InPorts = 3> <OutPorts = 1>
ST_3 : Operation 151 [1/1] (0.85ns)   --->   "%icmp_ln448_6 = icmp_sgt  i16 %p_0_6_0_0_012_load, i16 %trunc_ln433_6" [firmware/nnet_utils/nnet_pooling_stream.h:448]   --->   Operation 151 'icmp' 'icmp_ln448_6' <Predicate = (on_second_row)> <Delay = 0.85> <CoreInst = "Cmp">   --->   Core 9 'Cmp' <Latency = 0> <II = 1> <Delay = 0.85> <FuncUnit> <Opcode : 'icmp'> <InPorts = 2> <OutPorts = 1>
ST_3 : Operation 152 [1/1] (0.34ns)   --->   "%select_ln448_6 = select i1 %icmp_ln448_6, i16 %p_0_6_0_0_012_load, i16 %trunc_ln433_6" [firmware/nnet_utils/nnet_pooling_stream.h:448]   --->   Operation 152 'select' 'select_ln448_6' <Predicate = (on_second_row)> <Delay = 0.34> <CoreInst = "Sel">   --->   Core 73 'Sel' <Latency = 0> <II = 1> <Delay = 0.34> <FuncUnit> <Opcode : 'select'> <InPorts = 3> <OutPorts = 1>
ST_3 : Operation 153 [1/1] (0.85ns)   --->   "%icmp_ln448_7 = icmp_sgt  i16 %p_0_7_0_0_014_load, i16 %trunc_ln433_7" [firmware/nnet_utils/nnet_pooling_stream.h:448]   --->   Operation 153 'icmp' 'icmp_ln448_7' <Predicate = (on_second_row)> <Delay = 0.85> <CoreInst = "Cmp">   --->   Core 9 'Cmp' <Latency = 0> <II = 1> <Delay = 0.85> <FuncUnit> <Opcode : 'icmp'> <InPorts = 2> <OutPorts = 1>
ST_3 : Operation 154 [1/1] (0.34ns)   --->   "%select_ln448_7 = select i1 %icmp_ln448_7, i16 %p_0_7_0_0_014_load, i16 %trunc_ln433_7" [firmware/nnet_utils/nnet_pooling_stream.h:448]   --->   Operation 154 'select' 'select_ln448_7' <Predicate = (on_second_row)> <Delay = 0.34> <CoreInst = "Sel">   --->   Core 73 'Sel' <Latency = 0> <II = 1> <Delay = 0.34> <FuncUnit> <Opcode : 'select'> <InPorts = 3> <OutPorts = 1>
ST_3 : Operation 155 [1/1] (0.85ns)   --->   "%icmp_ln448_8 = icmp_sgt  i16 %p_0_8_0_0_016_load, i16 %trunc_ln433_8" [firmware/nnet_utils/nnet_pooling_stream.h:448]   --->   Operation 155 'icmp' 'icmp_ln448_8' <Predicate = (on_second_row)> <Delay = 0.85> <CoreInst = "Cmp">   --->   Core 9 'Cmp' <Latency = 0> <II = 1> <Delay = 0.85> <FuncUnit> <Opcode : 'icmp'> <InPorts = 2> <OutPorts = 1>
ST_3 : Operation 156 [1/1] (0.34ns)   --->   "%select_ln448_8 = select i1 %icmp_ln448_8, i16 %p_0_8_0_0_016_load, i16 %trunc_ln433_8" [firmware/nnet_utils/nnet_pooling_stream.h:448]   --->   Operation 156 'select' 'select_ln448_8' <Predicate = (on_second_row)> <Delay = 0.34> <CoreInst = "Sel">   --->   Core 73 'Sel' <Latency = 0> <II = 1> <Delay = 0.34> <FuncUnit> <Opcode : 'select'> <InPorts = 3> <OutPorts = 1>
ST_3 : Operation 157 [1/1] (0.85ns)   --->   "%icmp_ln448_9 = icmp_sgt  i16 %p_0_9_0_0_018_load, i16 %trunc_ln433_9" [firmware/nnet_utils/nnet_pooling_stream.h:448]   --->   Operation 157 'icmp' 'icmp_ln448_9' <Predicate = (on_second_row)> <Delay = 0.85> <CoreInst = "Cmp">   --->   Core 9 'Cmp' <Latency = 0> <II = 1> <Delay = 0.85> <FuncUnit> <Opcode : 'icmp'> <InPorts = 2> <OutPorts = 1>
ST_3 : Operation 158 [1/1] (0.34ns)   --->   "%select_ln448_9 = select i1 %icmp_ln448_9, i16 %p_0_9_0_0_018_load, i16 %trunc_ln433_9" [firmware/nnet_utils/nnet_pooling_stream.h:448]   --->   Operation 158 'select' 'select_ln448_9' <Predicate = (on_second_row)> <Delay = 0.34> <CoreInst = "Sel">   --->   Core 73 'Sel' <Latency = 0> <II = 1> <Delay = 0.34> <FuncUnit> <Opcode : 'select'> <InPorts = 3> <OutPorts = 1>
ST_3 : Operation 159 [1/1] (0.85ns)   --->   "%icmp_ln448_10 = icmp_sgt  i16 %p_0_10_0_0_020_load, i16 %trunc_ln433_s" [firmware/nnet_utils/nnet_pooling_stream.h:448]   --->   Operation 159 'icmp' 'icmp_ln448_10' <Predicate = (on_second_row)> <Delay = 0.85> <CoreInst = "Cmp">   --->   Core 9 'Cmp' <Latency = 0> <II = 1> <Delay = 0.85> <FuncUnit> <Opcode : 'icmp'> <InPorts = 2> <OutPorts = 1>
ST_3 : Operation 160 [1/1] (0.34ns)   --->   "%select_ln448_10 = select i1 %icmp_ln448_10, i16 %p_0_10_0_0_020_load, i16 %trunc_ln433_s" [firmware/nnet_utils/nnet_pooling_stream.h:448]   --->   Operation 160 'select' 'select_ln448_10' <Predicate = (on_second_row)> <Delay = 0.34> <CoreInst = "Sel">   --->   Core 73 'Sel' <Latency = 0> <II = 1> <Delay = 0.34> <FuncUnit> <Opcode : 'select'> <InPorts = 3> <OutPorts = 1>
ST_3 : Operation 161 [1/1] (0.85ns)   --->   "%icmp_ln448_11 = icmp_sgt  i16 %p_0_11_0_0_022_load, i16 %trunc_ln433_1" [firmware/nnet_utils/nnet_pooling_stream.h:448]   --->   Operation 161 'icmp' 'icmp_ln448_11' <Predicate = (on_second_row)> <Delay = 0.85> <CoreInst = "Cmp">   --->   Core 9 'Cmp' <Latency = 0> <II = 1> <Delay = 0.85> <FuncUnit> <Opcode : 'icmp'> <InPorts = 2> <OutPorts = 1>
ST_3 : Operation 162 [1/1] (0.34ns)   --->   "%select_ln448_11 = select i1 %icmp_ln448_11, i16 %p_0_11_0_0_022_load, i16 %trunc_ln433_1" [firmware/nnet_utils/nnet_pooling_stream.h:448]   --->   Operation 162 'select' 'select_ln448_11' <Predicate = (on_second_row)> <Delay = 0.34> <CoreInst = "Sel">   --->   Core 73 'Sel' <Latency = 0> <II = 1> <Delay = 0.34> <FuncUnit> <Opcode : 'select'> <InPorts = 3> <OutPorts = 1>
ST_3 : Operation 163 [1/1] (0.85ns)   --->   "%icmp_ln448_12 = icmp_sgt  i16 %p_0_12_0_0_024_load, i16 %trunc_ln433_2" [firmware/nnet_utils/nnet_pooling_stream.h:448]   --->   Operation 163 'icmp' 'icmp_ln448_12' <Predicate = (on_second_row)> <Delay = 0.85> <CoreInst = "Cmp">   --->   Core 9 'Cmp' <Latency = 0> <II = 1> <Delay = 0.85> <FuncUnit> <Opcode : 'icmp'> <InPorts = 2> <OutPorts = 1>
ST_3 : Operation 164 [1/1] (0.34ns)   --->   "%select_ln448_12 = select i1 %icmp_ln448_12, i16 %p_0_12_0_0_024_load, i16 %trunc_ln433_2" [firmware/nnet_utils/nnet_pooling_stream.h:448]   --->   Operation 164 'select' 'select_ln448_12' <Predicate = (on_second_row)> <Delay = 0.34> <CoreInst = "Sel">   --->   Core 73 'Sel' <Latency = 0> <II = 1> <Delay = 0.34> <FuncUnit> <Opcode : 'select'> <InPorts = 3> <OutPorts = 1>
ST_3 : Operation 165 [1/1] (0.85ns)   --->   "%icmp_ln448_13 = icmp_sgt  i16 %p_0_13_0_0_026_load, i16 %trunc_ln433_3" [firmware/nnet_utils/nnet_pooling_stream.h:448]   --->   Operation 165 'icmp' 'icmp_ln448_13' <Predicate = (on_second_row)> <Delay = 0.85> <CoreInst = "Cmp">   --->   Core 9 'Cmp' <Latency = 0> <II = 1> <Delay = 0.85> <FuncUnit> <Opcode : 'icmp'> <InPorts = 2> <OutPorts = 1>
ST_3 : Operation 166 [1/1] (0.34ns)   --->   "%select_ln448_13 = select i1 %icmp_ln448_13, i16 %p_0_13_0_0_026_load, i16 %trunc_ln433_3" [firmware/nnet_utils/nnet_pooling_stream.h:448]   --->   Operation 166 'select' 'select_ln448_13' <Predicate = (on_second_row)> <Delay = 0.34> <CoreInst = "Sel">   --->   Core 73 'Sel' <Latency = 0> <II = 1> <Delay = 0.34> <FuncUnit> <Opcode : 'select'> <InPorts = 3> <OutPorts = 1>
ST_3 : Operation 167 [1/1] (0.85ns)   --->   "%icmp_ln448_14 = icmp_sgt  i16 %p_0_14_0_0_028_load, i16 %trunc_ln433_10" [firmware/nnet_utils/nnet_pooling_stream.h:448]   --->   Operation 167 'icmp' 'icmp_ln448_14' <Predicate = (on_second_row)> <Delay = 0.85> <CoreInst = "Cmp">   --->   Core 9 'Cmp' <Latency = 0> <II = 1> <Delay = 0.85> <FuncUnit> <Opcode : 'icmp'> <InPorts = 2> <OutPorts = 1>
ST_3 : Operation 168 [1/1] (0.34ns)   --->   "%select_ln448_14 = select i1 %icmp_ln448_14, i16 %p_0_14_0_0_028_load, i16 %trunc_ln433_10" [firmware/nnet_utils/nnet_pooling_stream.h:448]   --->   Operation 168 'select' 'select_ln448_14' <Predicate = (on_second_row)> <Delay = 0.34> <CoreInst = "Sel">   --->   Core 73 'Sel' <Latency = 0> <II = 1> <Delay = 0.34> <FuncUnit> <Opcode : 'select'> <InPorts = 3> <OutPorts = 1>
ST_3 : Operation 169 [1/1] (0.85ns)   --->   "%icmp_ln448_15 = icmp_sgt  i16 %p_0_15_0_0_030_load, i16 %trunc_ln433_11" [firmware/nnet_utils/nnet_pooling_stream.h:448]   --->   Operation 169 'icmp' 'icmp_ln448_15' <Predicate = (on_second_row)> <Delay = 0.85> <CoreInst = "Cmp">   --->   Core 9 'Cmp' <Latency = 0> <II = 1> <Delay = 0.85> <FuncUnit> <Opcode : 'icmp'> <InPorts = 2> <OutPorts = 1>
ST_3 : Operation 170 [1/1] (0.34ns)   --->   "%select_ln448_15 = select i1 %icmp_ln448_15, i16 %p_0_15_0_0_030_load, i16 %trunc_ln433_11" [firmware/nnet_utils/nnet_pooling_stream.h:448]   --->   Operation 170 'select' 'select_ln448_15' <Predicate = (on_second_row)> <Delay = 0.34> <CoreInst = "Sel">   --->   Core 73 'Sel' <Latency = 0> <II = 1> <Delay = 0.34> <FuncUnit> <Opcode : 'select'> <InPorts = 3> <OutPorts = 1>
ST_3 : Operation 171 [1/1] (0.85ns)   --->   "%icmp_ln448_16 = icmp_sgt  i16 %p_0_16_0_0_032_load, i16 %trunc_ln433_12" [firmware/nnet_utils/nnet_pooling_stream.h:448]   --->   Operation 171 'icmp' 'icmp_ln448_16' <Predicate = (on_second_row)> <Delay = 0.85> <CoreInst = "Cmp">   --->   Core 9 'Cmp' <Latency = 0> <II = 1> <Delay = 0.85> <FuncUnit> <Opcode : 'icmp'> <InPorts = 2> <OutPorts = 1>
ST_3 : Operation 172 [1/1] (0.34ns)   --->   "%select_ln448_16 = select i1 %icmp_ln448_16, i16 %p_0_16_0_0_032_load, i16 %trunc_ln433_12" [firmware/nnet_utils/nnet_pooling_stream.h:448]   --->   Operation 172 'select' 'select_ln448_16' <Predicate = (on_second_row)> <Delay = 0.34> <CoreInst = "Sel">   --->   Core 73 'Sel' <Latency = 0> <II = 1> <Delay = 0.34> <FuncUnit> <Opcode : 'select'> <InPorts = 3> <OutPorts = 1>
ST_3 : Operation 173 [1/1] (0.85ns)   --->   "%icmp_ln448_17 = icmp_sgt  i16 %p_0_17_0_0_034_load, i16 %trunc_ln433_13" [firmware/nnet_utils/nnet_pooling_stream.h:448]   --->   Operation 173 'icmp' 'icmp_ln448_17' <Predicate = (on_second_row)> <Delay = 0.85> <CoreInst = "Cmp">   --->   Core 9 'Cmp' <Latency = 0> <II = 1> <Delay = 0.85> <FuncUnit> <Opcode : 'icmp'> <InPorts = 2> <OutPorts = 1>
ST_3 : Operation 174 [1/1] (0.34ns)   --->   "%select_ln448_17 = select i1 %icmp_ln448_17, i16 %p_0_17_0_0_034_load, i16 %trunc_ln433_13" [firmware/nnet_utils/nnet_pooling_stream.h:448]   --->   Operation 174 'select' 'select_ln448_17' <Predicate = (on_second_row)> <Delay = 0.34> <CoreInst = "Sel">   --->   Core 73 'Sel' <Latency = 0> <II = 1> <Delay = 0.34> <FuncUnit> <Opcode : 'select'> <InPorts = 3> <OutPorts = 1>
ST_3 : Operation 175 [1/1] (0.85ns)   --->   "%icmp_ln448_18 = icmp_sgt  i16 %p_0_18_0_0_036_load, i16 %trunc_ln433_14" [firmware/nnet_utils/nnet_pooling_stream.h:448]   --->   Operation 175 'icmp' 'icmp_ln448_18' <Predicate = (on_second_row)> <Delay = 0.85> <CoreInst = "Cmp">   --->   Core 9 'Cmp' <Latency = 0> <II = 1> <Delay = 0.85> <FuncUnit> <Opcode : 'icmp'> <InPorts = 2> <OutPorts = 1>
ST_3 : Operation 176 [1/1] (0.34ns)   --->   "%select_ln448_18 = select i1 %icmp_ln448_18, i16 %p_0_18_0_0_036_load, i16 %trunc_ln433_14" [firmware/nnet_utils/nnet_pooling_stream.h:448]   --->   Operation 176 'select' 'select_ln448_18' <Predicate = (on_second_row)> <Delay = 0.34> <CoreInst = "Sel">   --->   Core 73 'Sel' <Latency = 0> <II = 1> <Delay = 0.34> <FuncUnit> <Opcode : 'select'> <InPorts = 3> <OutPorts = 1>
ST_3 : Operation 177 [1/1] (0.85ns)   --->   "%icmp_ln448_19 = icmp_sgt  i16 %p_0_19_0_0_038_load, i16 %trunc_ln433_15" [firmware/nnet_utils/nnet_pooling_stream.h:448]   --->   Operation 177 'icmp' 'icmp_ln448_19' <Predicate = (on_second_row)> <Delay = 0.85> <CoreInst = "Cmp">   --->   Core 9 'Cmp' <Latency = 0> <II = 1> <Delay = 0.85> <FuncUnit> <Opcode : 'icmp'> <InPorts = 2> <OutPorts = 1>
ST_3 : Operation 178 [1/1] (0.34ns)   --->   "%select_ln448_19 = select i1 %icmp_ln448_19, i16 %p_0_19_0_0_038_load, i16 %trunc_ln433_15" [firmware/nnet_utils/nnet_pooling_stream.h:448]   --->   Operation 178 'select' 'select_ln448_19' <Predicate = (on_second_row)> <Delay = 0.34> <CoreInst = "Sel">   --->   Core 73 'Sel' <Latency = 0> <II = 1> <Delay = 0.34> <FuncUnit> <Opcode : 'select'> <InPorts = 3> <OutPorts = 1>
ST_3 : Operation 179 [1/1] (0.85ns)   --->   "%icmp_ln448_20 = icmp_sgt  i16 %p_0_20_0_0_040_load, i16 %trunc_ln433_16" [firmware/nnet_utils/nnet_pooling_stream.h:448]   --->   Operation 179 'icmp' 'icmp_ln448_20' <Predicate = (on_second_row)> <Delay = 0.85> <CoreInst = "Cmp">   --->   Core 9 'Cmp' <Latency = 0> <II = 1> <Delay = 0.85> <FuncUnit> <Opcode : 'icmp'> <InPorts = 2> <OutPorts = 1>
ST_3 : Operation 180 [1/1] (0.34ns)   --->   "%select_ln448_20 = select i1 %icmp_ln448_20, i16 %p_0_20_0_0_040_load, i16 %trunc_ln433_16" [firmware/nnet_utils/nnet_pooling_stream.h:448]   --->   Operation 180 'select' 'select_ln448_20' <Predicate = (on_second_row)> <Delay = 0.34> <CoreInst = "Sel">   --->   Core 73 'Sel' <Latency = 0> <II = 1> <Delay = 0.34> <FuncUnit> <Opcode : 'select'> <InPorts = 3> <OutPorts = 1>
ST_3 : Operation 181 [1/1] (0.85ns)   --->   "%icmp_ln448_21 = icmp_sgt  i16 %p_0_21_0_0_042_load, i16 %trunc_ln433_17" [firmware/nnet_utils/nnet_pooling_stream.h:448]   --->   Operation 181 'icmp' 'icmp_ln448_21' <Predicate = (on_second_row)> <Delay = 0.85> <CoreInst = "Cmp">   --->   Core 9 'Cmp' <Latency = 0> <II = 1> <Delay = 0.85> <FuncUnit> <Opcode : 'icmp'> <InPorts = 2> <OutPorts = 1>
ST_3 : Operation 182 [1/1] (0.34ns)   --->   "%select_ln448_21 = select i1 %icmp_ln448_21, i16 %p_0_21_0_0_042_load, i16 %trunc_ln433_17" [firmware/nnet_utils/nnet_pooling_stream.h:448]   --->   Operation 182 'select' 'select_ln448_21' <Predicate = (on_second_row)> <Delay = 0.34> <CoreInst = "Sel">   --->   Core 73 'Sel' <Latency = 0> <II = 1> <Delay = 0.34> <FuncUnit> <Opcode : 'select'> <InPorts = 3> <OutPorts = 1>
ST_3 : Operation 183 [1/1] (0.85ns)   --->   "%icmp_ln448_22 = icmp_sgt  i16 %p_0_22_0_0_044_load, i16 %trunc_ln433_18" [firmware/nnet_utils/nnet_pooling_stream.h:448]   --->   Operation 183 'icmp' 'icmp_ln448_22' <Predicate = (on_second_row)> <Delay = 0.85> <CoreInst = "Cmp">   --->   Core 9 'Cmp' <Latency = 0> <II = 1> <Delay = 0.85> <FuncUnit> <Opcode : 'icmp'> <InPorts = 2> <OutPorts = 1>
ST_3 : Operation 184 [1/1] (0.34ns)   --->   "%select_ln448_22 = select i1 %icmp_ln448_22, i16 %p_0_22_0_0_044_load, i16 %trunc_ln433_18" [firmware/nnet_utils/nnet_pooling_stream.h:448]   --->   Operation 184 'select' 'select_ln448_22' <Predicate = (on_second_row)> <Delay = 0.34> <CoreInst = "Sel">   --->   Core 73 'Sel' <Latency = 0> <II = 1> <Delay = 0.34> <FuncUnit> <Opcode : 'select'> <InPorts = 3> <OutPorts = 1>
ST_3 : Operation 185 [1/1] (0.85ns)   --->   "%icmp_ln448_23 = icmp_sgt  i16 %p_0_23_0_0_046_load, i16 %trunc_ln433_19" [firmware/nnet_utils/nnet_pooling_stream.h:448]   --->   Operation 185 'icmp' 'icmp_ln448_23' <Predicate = (on_second_row)> <Delay = 0.85> <CoreInst = "Cmp">   --->   Core 9 'Cmp' <Latency = 0> <II = 1> <Delay = 0.85> <FuncUnit> <Opcode : 'icmp'> <InPorts = 2> <OutPorts = 1>
ST_3 : Operation 186 [1/1] (0.34ns)   --->   "%select_ln448_23 = select i1 %icmp_ln448_23, i16 %p_0_23_0_0_046_load, i16 %trunc_ln433_19" [firmware/nnet_utils/nnet_pooling_stream.h:448]   --->   Operation 186 'select' 'select_ln448_23' <Predicate = (on_second_row)> <Delay = 0.34> <CoreInst = "Sel">   --->   Core 73 'Sel' <Latency = 0> <II = 1> <Delay = 0.34> <FuncUnit> <Opcode : 'select'> <InPorts = 3> <OutPorts = 1>
ST_3 : Operation 187 [1/1] (0.85ns)   --->   "%icmp_ln448_24 = icmp_sgt  i16 %p_0_24_0_0_048_load, i16 %trunc_ln433_20" [firmware/nnet_utils/nnet_pooling_stream.h:448]   --->   Operation 187 'icmp' 'icmp_ln448_24' <Predicate = (on_second_row)> <Delay = 0.85> <CoreInst = "Cmp">   --->   Core 9 'Cmp' <Latency = 0> <II = 1> <Delay = 0.85> <FuncUnit> <Opcode : 'icmp'> <InPorts = 2> <OutPorts = 1>
ST_3 : Operation 188 [1/1] (0.34ns)   --->   "%select_ln448_24 = select i1 %icmp_ln448_24, i16 %p_0_24_0_0_048_load, i16 %trunc_ln433_20" [firmware/nnet_utils/nnet_pooling_stream.h:448]   --->   Operation 188 'select' 'select_ln448_24' <Predicate = (on_second_row)> <Delay = 0.34> <CoreInst = "Sel">   --->   Core 73 'Sel' <Latency = 0> <II = 1> <Delay = 0.34> <FuncUnit> <Opcode : 'select'> <InPorts = 3> <OutPorts = 1>
ST_3 : Operation 189 [1/1] (0.85ns)   --->   "%icmp_ln448_25 = icmp_sgt  i16 %p_0_25_0_0_050_load, i16 %trunc_ln433_21" [firmware/nnet_utils/nnet_pooling_stream.h:448]   --->   Operation 189 'icmp' 'icmp_ln448_25' <Predicate = (on_second_row)> <Delay = 0.85> <CoreInst = "Cmp">   --->   Core 9 'Cmp' <Latency = 0> <II = 1> <Delay = 0.85> <FuncUnit> <Opcode : 'icmp'> <InPorts = 2> <OutPorts = 1>
ST_3 : Operation 190 [1/1] (0.34ns)   --->   "%select_ln448_25 = select i1 %icmp_ln448_25, i16 %p_0_25_0_0_050_load, i16 %trunc_ln433_21" [firmware/nnet_utils/nnet_pooling_stream.h:448]   --->   Operation 190 'select' 'select_ln448_25' <Predicate = (on_second_row)> <Delay = 0.34> <CoreInst = "Sel">   --->   Core 73 'Sel' <Latency = 0> <II = 1> <Delay = 0.34> <FuncUnit> <Opcode : 'select'> <InPorts = 3> <OutPorts = 1>
ST_3 : Operation 191 [1/1] (0.85ns)   --->   "%icmp_ln448_26 = icmp_sgt  i16 %p_0_26_0_0_052_load, i16 %trunc_ln433_22" [firmware/nnet_utils/nnet_pooling_stream.h:448]   --->   Operation 191 'icmp' 'icmp_ln448_26' <Predicate = (on_second_row)> <Delay = 0.85> <CoreInst = "Cmp">   --->   Core 9 'Cmp' <Latency = 0> <II = 1> <Delay = 0.85> <FuncUnit> <Opcode : 'icmp'> <InPorts = 2> <OutPorts = 1>
ST_3 : Operation 192 [1/1] (0.34ns)   --->   "%select_ln448_26 = select i1 %icmp_ln448_26, i16 %p_0_26_0_0_052_load, i16 %trunc_ln433_22" [firmware/nnet_utils/nnet_pooling_stream.h:448]   --->   Operation 192 'select' 'select_ln448_26' <Predicate = (on_second_row)> <Delay = 0.34> <CoreInst = "Sel">   --->   Core 73 'Sel' <Latency = 0> <II = 1> <Delay = 0.34> <FuncUnit> <Opcode : 'select'> <InPorts = 3> <OutPorts = 1>
ST_3 : Operation 193 [1/1] (0.85ns)   --->   "%icmp_ln448_27 = icmp_sgt  i16 %p_0_27_0_0_054_load, i16 %trunc_ln433_23" [firmware/nnet_utils/nnet_pooling_stream.h:448]   --->   Operation 193 'icmp' 'icmp_ln448_27' <Predicate = (on_second_row)> <Delay = 0.85> <CoreInst = "Cmp">   --->   Core 9 'Cmp' <Latency = 0> <II = 1> <Delay = 0.85> <FuncUnit> <Opcode : 'icmp'> <InPorts = 2> <OutPorts = 1>
ST_3 : Operation 194 [1/1] (0.34ns)   --->   "%select_ln448_27 = select i1 %icmp_ln448_27, i16 %p_0_27_0_0_054_load, i16 %trunc_ln433_23" [firmware/nnet_utils/nnet_pooling_stream.h:448]   --->   Operation 194 'select' 'select_ln448_27' <Predicate = (on_second_row)> <Delay = 0.34> <CoreInst = "Sel">   --->   Core 73 'Sel' <Latency = 0> <II = 1> <Delay = 0.34> <FuncUnit> <Opcode : 'select'> <InPorts = 3> <OutPorts = 1>
ST_3 : Operation 195 [1/1] (0.00ns)   --->   "%or_ln451_s = bitconcatenate i448 @_ssdm_op_BitConcatenate.i448.i16.i16.i16.i16.i16.i16.i16.i16.i16.i16.i16.i16.i16.i16.i16.i16.i16.i16.i16.i16.i16.i16.i16.i16.i16.i16.i16.i16, i16 %select_ln448_27, i16 %select_ln448_26, i16 %select_ln448_25, i16 %select_ln448_24, i16 %select_ln448_23, i16 %select_ln448_22, i16 %select_ln448_21, i16 %select_ln448_20, i16 %select_ln448_19, i16 %select_ln448_18, i16 %select_ln448_17, i16 %select_ln448_16, i16 %select_ln448_15, i16 %select_ln448_14, i16 %select_ln448_13, i16 %select_ln448_12, i16 %select_ln448_11, i16 %select_ln448_10, i16 %select_ln448_9, i16 %select_ln448_8, i16 %select_ln448_7, i16 %select_ln448_6, i16 %select_ln448_5, i16 %select_ln448_4, i16 %select_ln448_3, i16 %select_ln448_2, i16 %select_ln448_1, i16 %select_ln448" [firmware/nnet_utils/nnet_pooling_stream.h:451]   --->   Operation 195 'bitconcatenate' 'or_ln451_s' <Predicate = (on_second_row)> <Delay = 0.00>
ST_3 : Operation 196 [1/1] (1.82ns)   --->   "%write_ln451 = write void @_ssdm_op_Write.ap_fifo.volatile.i448P0A, i448 %layer5x4_out, i448 %or_ln451_s" [firmware/nnet_utils/nnet_pooling_stream.h:451]   --->   Operation 196 'write' 'write_ln451' <Predicate = (on_second_row)> <Delay = 1.82> <CoreInst = "FIFO_SRL">   --->   Core 81 'FIFO_SRL' <Latency = 0> <II = 1> <Delay = 1.83> <Storage> <Opcode : 'read' 'write' 'nbread' 'nbwrite'> <Ports = 0> <Width = 448> <Depth = 4> <FIFO>
ST_3 : Operation 197 [1/1] (0.00ns)   --->   "%br_ln0 = br void %for.inc24"   --->   Operation 197 'br' 'br_ln0' <Predicate = (on_second_row)> <Delay = 0.00>


============================================================
+ Verbose Summary: Timing violations
============================================================
Target clock period: 5.000ns, clock uncertainty: 1.350ns.

 <State 1>: 1.627ns
The critical path consists of the following:
	'store' operation 0 bit ('store_ln430', firmware/nnet_utils/nnet_pooling_stream.h:430) of constant 0 on local variable 'i_ih', firmware/nnet_utils/nnet_pooling_stream.h:430 [36]  (0.427 ns)
	'load' operation 7 bit ('i_ih', firmware/nnet_utils/nnet_pooling_stream.h:430) on local variable 'i_ih', firmware/nnet_utils/nnet_pooling_stream.h:430 [40]  (0.000 ns)
	'icmp' operation 1 bit ('icmp_ln430', firmware/nnet_utils/nnet_pooling_stream.h:430) [41]  (0.773 ns)
	'store' operation 0 bit ('store_ln430', firmware/nnet_utils/nnet_pooling_stream.h:430) of variable 'i_ih', firmware/nnet_utils/nnet_pooling_stream.h:430 on local variable 'i_ih', firmware/nnet_utils/nnet_pooling_stream.h:430 [198]  (0.427 ns)

 <State 2>: 1.825ns
The critical path consists of the following:
	fifo read operation ('layer4x4_out_read', firmware/nnet_utils/nnet_pooling_stream.h:433) on port 'layer4x4_out' (firmware/nnet_utils/nnet_pooling_stream.h:433) [48]  (1.825 ns)
	'store' operation 0 bit ('store_ln433', firmware/nnet_utils/nnet_pooling_stream.h:433) of variable 'trunc_ln433_23', firmware/nnet_utils/nnet_pooling_stream.h:433 on local variable 'p_0_27_0_0_054' [79]  (0.000 ns)

 <State 3>: 3.020ns
The critical path consists of the following:
	'load' operation 16 bit ('p_load', firmware/nnet_utils/nnet_pooling_stream.h:448) on local variable 'empty' [109]  (0.000 ns)
	'icmp' operation 1 bit ('icmp_ln448', firmware/nnet_utils/nnet_pooling_stream.h:448) [137]  (0.853 ns)
	'select' operation 16 bit ('select_ln448', firmware/nnet_utils/nnet_pooling_stream.h:448) [138]  (0.342 ns)
	fifo write operation ('write_ln451', firmware/nnet_utils/nnet_pooling_stream.h:451) on port 'layer5x4_out' (firmware/nnet_utils/nnet_pooling_stream.h:451) [194]  (1.825 ns)


============================================================
+ Verbose Summary: Binding
============================================================
N/A
* FSMD analyzer results:
  - Output states:
 - Input state : 
  - Chain level:
	State 1
	State 2
	State 3


============================================================
+ Verbose Summary: Datapath Resource usage 
============================================================
N/A
