

================================================================
== Vitis HLS Report for 'relu_array_ap_fixed_28u_array_ap_fixed_16_6_5_3_0_28u_relu_config4_s'
================================================================
* Date:           Sun May 17 03:11:55 2026

* Version:        2023.2 (Build 4023990 on Oct 11 2023)
* Project:        cnn_core_streaming_prj
* Solution:       solution1 (Vivado IP Flow Target)
* Product family: kintexuplus
* Target device:  xcku5p-ffvb676-2-e


================================================================
== Performance Estimates
================================================================
+ Timing: 
    * Summary: 
    +--------+---------+----------+------------+
    |  Clock |  Target | Estimated| Uncertainty|
    +--------+---------+----------+------------+
    |ap_clk  |  5.00 ns|  2.601 ns|     1.35 ns|
    +--------+---------+----------+------------+

+ Latency: 
    * Summary: 
    +---------+---------+----------+----------+-----+-----+---------+
    |  Latency (cycles) |  Latency (absolute) |  Interval | Pipeline|
    |   min   |   max   |    min   |    max   | min | max |   Type  |
    +---------+---------+----------+----------+-----+-----+---------+
    |       87|       87|  0.435 us|  0.435 us|   87|   87|       no|
    +---------+---------+----------+----------+-----+-----+---------+

    + Detail: 
        * Instance: 
        N/A

        * Loop: 
        +---------------+---------+---------+----------+-----------+-----------+------+----------+
        |               |  Latency (cycles) | Iteration|  Initiation Interval  | Trip |          |
        |   Loop Name   |   min   |   max   |  Latency |  achieved |   target  | Count| Pipelined|
        +---------------+---------+---------+----------+-----------+-----------+------+----------+
        |- ReLUActLoop  |       85|       85|         3|          1|          1|    84|       yes|
        +---------------+---------+---------+----------+-----------+-----------+------+----------+

============================================================
+ Verbose Summary: Synthesis Manager
============================================================
InlineROM: 1
ExposeGlobal: 0
============================================================
+ Verbose Summary: CDFG Model
============================================================
IsTopModel: 0
ResetActiveHigh: 1
IsCombinational: 2
IsDatapathOnly: 0
HasWiredReturn: 1
HasMFsm: 2
HasVarLatency: 1
IsPipeline: 0
IsRtlPipelined: 0
IsInstanceOverlapped: 0
IsDontTouch: 0
HasImplIP: 0
IsGatedGlobalClock: 0

+ Individual pipeline summary: 
  * Pipeline-0: initiation interval (II) = 1, depth = 3


============================================================
+ Verbose Summary: Schedule
============================================================
* Number of FSM states : 3
* Pipeline : 1
  Pipeline-0 : II = 1, D = 3, States = { 1 2 3 }
* Dataflow Pipeline: 0

* FSM state transitions: 
1 --> 2 
2 --> 3 
3 --> 

* FSM state operations: 

State 1 <SV = 0> <Delay = 1.62>
ST_1 : Operation 6 [1/1] (0.00ns)   --->   "%i = alloca i32 1" [firmware/nnet_utils/nnet_activation_stream.h:41]   --->   Operation 6 'alloca' 'i' <Predicate = true> <Delay = 0.00>
ST_1 : Operation 7 [1/1] (0.00ns)   --->   "%specmemcore_ln0 = specmemcore void @_ssdm_op_SpecMemCore, i448 %layer4x4_out, i64 666, i64 10, i64 18446744073709551615"   --->   Operation 7 'specmemcore' 'specmemcore_ln0' <Predicate = true> <Delay = 0.00>
ST_1 : Operation 8 [1/1] (0.00ns)   --->   "%specinterface_ln0 = specinterface void @_ssdm_op_SpecInterface, i448 %layer4x4_out, void @empty_9, i32 0, i32 0, void @empty_0, i32 0, i32 0, void @empty_0, void @empty_0, void @empty_0, i32 0, i32 0, i32 0, i32 0, void @empty_0, void @empty_0, i32 4294967295, i32 0"   --->   Operation 8 'specinterface' 'specinterface_ln0' <Predicate = true> <Delay = 0.00>
ST_1 : Operation 9 [1/1] (0.00ns)   --->   "%specinterface_ln0 = specinterface void @_ssdm_op_SpecInterface, i252 %layer3x4_out, void @empty_9, i32 0, i32 0, void @empty_0, i32 0, i32 0, void @empty_0, void @empty_0, void @empty_0, i32 0, i32 0, i32 0, i32 0, void @empty_0, void @empty_0, i32 4294967295, i32 0"   --->   Operation 9 'specinterface' 'specinterface_ln0' <Predicate = true> <Delay = 0.00>
ST_1 : Operation 10 [1/1] (0.42ns)   --->   "%store_ln41 = store i7 0, i7 %i" [firmware/nnet_utils/nnet_activation_stream.h:41]   --->   Operation 10 'store' 'store_ln41' <Predicate = true> <Delay = 0.42>
ST_1 : Operation 11 [1/1] (0.00ns)   --->   "%br_ln41 = br void %ReLUPackLoop" [firmware/nnet_utils/nnet_activation_stream.h:41]   --->   Operation 11 'br' 'br_ln41' <Predicate = true> <Delay = 0.00>
ST_1 : Operation 12 [1/1] (0.00ns)   --->   "%i_3 = load i7 %i" [firmware/nnet_utils/nnet_activation_stream.h:41]   --->   Operation 12 'load' 'i_3' <Predicate = true> <Delay = 0.00>
ST_1 : Operation 13 [1/1] (0.77ns)   --->   "%icmp_ln41 = icmp_eq  i7 %i_3, i7 84" [firmware/nnet_utils/nnet_activation_stream.h:41]   --->   Operation 13 'icmp' 'icmp_ln41' <Predicate = true> <Delay = 0.77> <CoreInst = "Cmp">   --->   Core 9 'Cmp' <Latency = 0> <II = 1> <Delay = 0.77> <FuncUnit> <Opcode : 'icmp'> <InPorts = 2> <OutPorts = 1>
ST_1 : Operation 14 [1/1] (0.77ns)   --->   "%i_4 = add i7 %i_3, i7 1" [firmware/nnet_utils/nnet_activation_stream.h:41]   --->   Operation 14 'add' 'i_4' <Predicate = true> <Delay = 0.77> <CoreInst = "Adder">   --->   Core 1 'Adder' <Latency = 0> <II = 1> <Delay = 0.77> <FuncUnit> <Opcode : 'add' 'sub'> <InPorts = 2> <OutPorts = 1>
ST_1 : Operation 15 [1/1] (0.00ns)   --->   "%br_ln41 = br i1 %icmp_ln41, void %ReLUPackLoop.split, void %for.end15" [firmware/nnet_utils/nnet_activation_stream.h:41]   --->   Operation 15 'br' 'br_ln41' <Predicate = true> <Delay = 0.00>
ST_1 : Operation 16 [1/1] (0.42ns)   --->   "%store_ln41 = store i7 %i_4, i7 %i" [firmware/nnet_utils/nnet_activation_stream.h:41]   --->   Operation 16 'store' 'store_ln41' <Predicate = (!icmp_ln41)> <Delay = 0.42>

State 2 <SV = 1> <Delay = 2.60>
ST_2 : Operation 17 [1/1] (1.82ns)   --->   "%layer3x4_out_read = read i252 @_ssdm_op_Read.ap_fifo.volatile.i252P0A, i252 %layer3x4_out" [firmware/nnet_utils/nnet_activation_stream.h:44]   --->   Operation 17 'read' 'layer3x4_out_read' <Predicate = true> <Delay = 1.82> <CoreInst = "FIFO_SRL">   --->   Core 81 'FIFO_SRL' <Latency = 0> <II = 1> <Delay = 1.83> <Storage> <Opcode : 'read' 'write' 'nbread' 'nbwrite'> <Ports = 0> <Width = 252> <Depth = 4> <FIFO>
ST_2 : Operation 18 [1/1] (0.00ns)   --->   "%trunc_ln44 = trunc i252 %layer3x4_out_read" [firmware/nnet_utils/nnet_activation_stream.h:44]   --->   Operation 18 'trunc' 'trunc_ln44' <Predicate = true> <Delay = 0.00>
ST_2 : Operation 19 [1/1] (0.00ns)   --->   "%trunc_ln44_1 = partselect i9 @_ssdm_op_PartSelect.i9.i252.i32.i32, i252 %layer3x4_out_read, i32 9, i32 17" [firmware/nnet_utils/nnet_activation_stream.h:44]   --->   Operation 19 'partselect' 'trunc_ln44_1' <Predicate = true> <Delay = 0.00>
ST_2 : Operation 20 [1/1] (0.00ns)   --->   "%trunc_ln44_2 = partselect i9 @_ssdm_op_PartSelect.i9.i252.i32.i32, i252 %layer3x4_out_read, i32 18, i32 26" [firmware/nnet_utils/nnet_activation_stream.h:44]   --->   Operation 20 'partselect' 'trunc_ln44_2' <Predicate = true> <Delay = 0.00>
ST_2 : Operation 21 [1/1] (0.00ns)   --->   "%trunc_ln44_3 = partselect i9 @_ssdm_op_PartSelect.i9.i252.i32.i32, i252 %layer3x4_out_read, i32 27, i32 35" [firmware/nnet_utils/nnet_activation_stream.h:44]   --->   Operation 21 'partselect' 'trunc_ln44_3' <Predicate = true> <Delay = 0.00>
ST_2 : Operation 22 [1/1] (0.00ns)   --->   "%trunc_ln44_4 = partselect i9 @_ssdm_op_PartSelect.i9.i252.i32.i32, i252 %layer3x4_out_read, i32 36, i32 44" [firmware/nnet_utils/nnet_activation_stream.h:44]   --->   Operation 22 'partselect' 'trunc_ln44_4' <Predicate = true> <Delay = 0.00>
ST_2 : Operation 23 [1/1] (0.00ns)   --->   "%trunc_ln44_5 = partselect i9 @_ssdm_op_PartSelect.i9.i252.i32.i32, i252 %layer3x4_out_read, i32 45, i32 53" [firmware/nnet_utils/nnet_activation_stream.h:44]   --->   Operation 23 'partselect' 'trunc_ln44_5' <Predicate = true> <Delay = 0.00>
ST_2 : Operation 24 [1/1] (0.00ns)   --->   "%trunc_ln44_6 = partselect i9 @_ssdm_op_PartSelect.i9.i252.i32.i32, i252 %layer3x4_out_read, i32 54, i32 62" [firmware/nnet_utils/nnet_activation_stream.h:44]   --->   Operation 24 'partselect' 'trunc_ln44_6' <Predicate = true> <Delay = 0.00>
ST_2 : Operation 25 [1/1] (0.00ns)   --->   "%trunc_ln44_7 = partselect i9 @_ssdm_op_PartSelect.i9.i252.i32.i32, i252 %layer3x4_out_read, i32 63, i32 71" [firmware/nnet_utils/nnet_activation_stream.h:44]   --->   Operation 25 'partselect' 'trunc_ln44_7' <Predicate = true> <Delay = 0.00>
ST_2 : Operation 26 [1/1] (0.00ns)   --->   "%trunc_ln44_8 = partselect i9 @_ssdm_op_PartSelect.i9.i252.i32.i32, i252 %layer3x4_out_read, i32 72, i32 80" [firmware/nnet_utils/nnet_activation_stream.h:44]   --->   Operation 26 'partselect' 'trunc_ln44_8' <Predicate = true> <Delay = 0.00>
ST_2 : Operation 27 [1/1] (0.00ns)   --->   "%trunc_ln44_9 = partselect i9 @_ssdm_op_PartSelect.i9.i252.i32.i32, i252 %layer3x4_out_read, i32 81, i32 89" [firmware/nnet_utils/nnet_activation_stream.h:44]   --->   Operation 27 'partselect' 'trunc_ln44_9' <Predicate = true> <Delay = 0.00>
ST_2 : Operation 28 [1/1] (0.00ns)   --->   "%trunc_ln44_s = partselect i9 @_ssdm_op_PartSelect.i9.i252.i32.i32, i252 %layer3x4_out_read, i32 90, i32 98" [firmware/nnet_utils/nnet_activation_stream.h:44]   --->   Operation 28 'partselect' 'trunc_ln44_s' <Predicate = true> <Delay = 0.00>
ST_2 : Operation 29 [1/1] (0.00ns)   --->   "%trunc_ln44_10 = partselect i9 @_ssdm_op_PartSelect.i9.i252.i32.i32, i252 %layer3x4_out_read, i32 99, i32 107" [firmware/nnet_utils/nnet_activation_stream.h:44]   --->   Operation 29 'partselect' 'trunc_ln44_10' <Predicate = true> <Delay = 0.00>
ST_2 : Operation 30 [1/1] (0.00ns)   --->   "%trunc_ln44_11 = partselect i9 @_ssdm_op_PartSelect.i9.i252.i32.i32, i252 %layer3x4_out_read, i32 108, i32 116" [firmware/nnet_utils/nnet_activation_stream.h:44]   --->   Operation 30 'partselect' 'trunc_ln44_11' <Predicate = true> <Delay = 0.00>
ST_2 : Operation 31 [1/1] (0.00ns)   --->   "%trunc_ln44_12 = partselect i9 @_ssdm_op_PartSelect.i9.i252.i32.i32, i252 %layer3x4_out_read, i32 117, i32 125" [firmware/nnet_utils/nnet_activation_stream.h:44]   --->   Operation 31 'partselect' 'trunc_ln44_12' <Predicate = true> <Delay = 0.00>
ST_2 : Operation 32 [1/1] (0.00ns)   --->   "%trunc_ln44_13 = partselect i9 @_ssdm_op_PartSelect.i9.i252.i32.i32, i252 %layer3x4_out_read, i32 126, i32 134" [firmware/nnet_utils/nnet_activation_stream.h:44]   --->   Operation 32 'partselect' 'trunc_ln44_13' <Predicate = true> <Delay = 0.00>
ST_2 : Operation 33 [1/1] (0.00ns)   --->   "%trunc_ln44_14 = partselect i9 @_ssdm_op_PartSelect.i9.i252.i32.i32, i252 %layer3x4_out_read, i32 135, i32 143" [firmware/nnet_utils/nnet_activation_stream.h:44]   --->   Operation 33 'partselect' 'trunc_ln44_14' <Predicate = true> <Delay = 0.00>
ST_2 : Operation 34 [1/1] (0.00ns)   --->   "%trunc_ln44_15 = partselect i9 @_ssdm_op_PartSelect.i9.i252.i32.i32, i252 %layer3x4_out_read, i32 144, i32 152" [firmware/nnet_utils/nnet_activation_stream.h:44]   --->   Operation 34 'partselect' 'trunc_ln44_15' <Predicate = true> <Delay = 0.00>
ST_2 : Operation 35 [1/1] (0.00ns)   --->   "%trunc_ln44_16 = partselect i9 @_ssdm_op_PartSelect.i9.i252.i32.i32, i252 %layer3x4_out_read, i32 153, i32 161" [firmware/nnet_utils/nnet_activation_stream.h:44]   --->   Operation 35 'partselect' 'trunc_ln44_16' <Predicate = true> <Delay = 0.00>
ST_2 : Operation 36 [1/1] (0.00ns)   --->   "%trunc_ln44_17 = partselect i9 @_ssdm_op_PartSelect.i9.i252.i32.i32, i252 %layer3x4_out_read, i32 162, i32 170" [firmware/nnet_utils/nnet_activation_stream.h:44]   --->   Operation 36 'partselect' 'trunc_ln44_17' <Predicate = true> <Delay = 0.00>
ST_2 : Operation 37 [1/1] (0.00ns)   --->   "%trunc_ln44_18 = partselect i9 @_ssdm_op_PartSelect.i9.i252.i32.i32, i252 %layer3x4_out_read, i32 171, i32 179" [firmware/nnet_utils/nnet_activation_stream.h:44]   --->   Operation 37 'partselect' 'trunc_ln44_18' <Predicate = true> <Delay = 0.00>
ST_2 : Operation 38 [1/1] (0.00ns)   --->   "%trunc_ln44_19 = partselect i9 @_ssdm_op_PartSelect.i9.i252.i32.i32, i252 %layer3x4_out_read, i32 180, i32 188" [firmware/nnet_utils/nnet_activation_stream.h:44]   --->   Operation 38 'partselect' 'trunc_ln44_19' <Predicate = true> <Delay = 0.00>
ST_2 : Operation 39 [1/1] (0.00ns)   --->   "%trunc_ln44_20 = partselect i9 @_ssdm_op_PartSelect.i9.i252.i32.i32, i252 %layer3x4_out_read, i32 189, i32 197" [firmware/nnet_utils/nnet_activation_stream.h:44]   --->   Operation 39 'partselect' 'trunc_ln44_20' <Predicate = true> <Delay = 0.00>
ST_2 : Operation 40 [1/1] (0.00ns)   --->   "%trunc_ln44_21 = partselect i9 @_ssdm_op_PartSelect.i9.i252.i32.i32, i252 %layer3x4_out_read, i32 198, i32 206" [firmware/nnet_utils/nnet_activation_stream.h:44]   --->   Operation 40 'partselect' 'trunc_ln44_21' <Predicate = true> <Delay = 0.00>
ST_2 : Operation 41 [1/1] (0.00ns)   --->   "%trunc_ln44_22 = partselect i9 @_ssdm_op_PartSelect.i9.i252.i32.i32, i252 %layer3x4_out_read, i32 207, i32 215" [firmware/nnet_utils/nnet_activation_stream.h:44]   --->   Operation 41 'partselect' 'trunc_ln44_22' <Predicate = true> <Delay = 0.00>
ST_2 : Operation 42 [1/1] (0.00ns)   --->   "%trunc_ln44_23 = partselect i9 @_ssdm_op_PartSelect.i9.i252.i32.i32, i252 %layer3x4_out_read, i32 216, i32 224" [firmware/nnet_utils/nnet_activation_stream.h:44]   --->   Operation 42 'partselect' 'trunc_ln44_23' <Predicate = true> <Delay = 0.00>
ST_2 : Operation 43 [1/1] (0.00ns)   --->   "%trunc_ln44_24 = partselect i9 @_ssdm_op_PartSelect.i9.i252.i32.i32, i252 %layer3x4_out_read, i32 225, i32 233" [firmware/nnet_utils/nnet_activation_stream.h:44]   --->   Operation 43 'partselect' 'trunc_ln44_24' <Predicate = true> <Delay = 0.00>
ST_2 : Operation 44 [1/1] (0.00ns)   --->   "%trunc_ln44_25 = partselect i9 @_ssdm_op_PartSelect.i9.i252.i32.i32, i252 %layer3x4_out_read, i32 234, i32 242" [firmware/nnet_utils/nnet_activation_stream.h:44]   --->   Operation 44 'partselect' 'trunc_ln44_25' <Predicate = true> <Delay = 0.00>
ST_2 : Operation 45 [1/1] (0.00ns)   --->   "%trunc_ln44_26 = partselect i9 @_ssdm_op_PartSelect.i9.i252.i32.i32, i252 %layer3x4_out_read, i32 243, i32 251" [firmware/nnet_utils/nnet_activation_stream.h:44]   --->   Operation 45 'partselect' 'trunc_ln44_26' <Predicate = true> <Delay = 0.00>
ST_2 : Operation 46 [1/1] (0.77ns)   --->   "%icmp_ln51 = icmp_sgt  i9 %trunc_ln44, i9 0" [firmware/nnet_utils/nnet_activation_stream.h:51]   --->   Operation 46 'icmp' 'icmp_ln51' <Predicate = true> <Delay = 0.77> <CoreInst = "Cmp">   --->   Core 9 'Cmp' <Latency = 0> <II = 1> <Delay = 0.77> <FuncUnit> <Opcode : 'icmp'> <InPorts = 2> <OutPorts = 1>
ST_2 : Operation 47 [1/1] (0.00ns)   --->   "%trunc_ln52 = trunc i252 %layer3x4_out_read" [firmware/nnet_utils/nnet_activation_stream.h:52]   --->   Operation 47 'trunc' 'trunc_ln52' <Predicate = true> <Delay = 0.00>
ST_2 : Operation 48 [1/1] (0.77ns)   --->   "%icmp_ln51_1 = icmp_sgt  i9 %trunc_ln44_1, i9 0" [firmware/nnet_utils/nnet_activation_stream.h:51]   --->   Operation 48 'icmp' 'icmp_ln51_1' <Predicate = true> <Delay = 0.77> <CoreInst = "Cmp">   --->   Core 9 'Cmp' <Latency = 0> <II = 1> <Delay = 0.77> <FuncUnit> <Opcode : 'icmp'> <InPorts = 2> <OutPorts = 1>
ST_2 : Operation 49 [1/1] (0.00ns)   --->   "%tmp_1 = partselect i8 @_ssdm_op_PartSelect.i8.i252.i32.i32, i252 %layer3x4_out_read, i32 9, i32 16" [firmware/nnet_utils/nnet_activation_stream.h:52]   --->   Operation 49 'partselect' 'tmp_1' <Predicate = true> <Delay = 0.00>
ST_2 : Operation 50 [1/1] (0.77ns)   --->   "%icmp_ln51_2 = icmp_sgt  i9 %trunc_ln44_2, i9 0" [firmware/nnet_utils/nnet_activation_stream.h:51]   --->   Operation 50 'icmp' 'icmp_ln51_2' <Predicate = true> <Delay = 0.77> <CoreInst = "Cmp">   --->   Core 9 'Cmp' <Latency = 0> <II = 1> <Delay = 0.77> <FuncUnit> <Opcode : 'icmp'> <InPorts = 2> <OutPorts = 1>
ST_2 : Operation 51 [1/1] (0.00ns)   --->   "%tmp_2 = partselect i8 @_ssdm_op_PartSelect.i8.i252.i32.i32, i252 %layer3x4_out_read, i32 18, i32 25" [firmware/nnet_utils/nnet_activation_stream.h:52]   --->   Operation 51 'partselect' 'tmp_2' <Predicate = true> <Delay = 0.00>
ST_2 : Operation 52 [1/1] (0.77ns)   --->   "%icmp_ln51_3 = icmp_sgt  i9 %trunc_ln44_3, i9 0" [firmware/nnet_utils/nnet_activation_stream.h:51]   --->   Operation 52 'icmp' 'icmp_ln51_3' <Predicate = true> <Delay = 0.77> <CoreInst = "Cmp">   --->   Core 9 'Cmp' <Latency = 0> <II = 1> <Delay = 0.77> <FuncUnit> <Opcode : 'icmp'> <InPorts = 2> <OutPorts = 1>
ST_2 : Operation 53 [1/1] (0.00ns)   --->   "%tmp_3 = partselect i8 @_ssdm_op_PartSelect.i8.i252.i32.i32, i252 %layer3x4_out_read, i32 27, i32 34" [firmware/nnet_utils/nnet_activation_stream.h:52]   --->   Operation 53 'partselect' 'tmp_3' <Predicate = true> <Delay = 0.00>
ST_2 : Operation 54 [1/1] (0.77ns)   --->   "%icmp_ln51_4 = icmp_sgt  i9 %trunc_ln44_4, i9 0" [firmware/nnet_utils/nnet_activation_stream.h:51]   --->   Operation 54 'icmp' 'icmp_ln51_4' <Predicate = true> <Delay = 0.77> <CoreInst = "Cmp">   --->   Core 9 'Cmp' <Latency = 0> <II = 1> <Delay = 0.77> <FuncUnit> <Opcode : 'icmp'> <InPorts = 2> <OutPorts = 1>
ST_2 : Operation 55 [1/1] (0.00ns)   --->   "%tmp_4 = partselect i8 @_ssdm_op_PartSelect.i8.i252.i32.i32, i252 %layer3x4_out_read, i32 36, i32 43" [firmware/nnet_utils/nnet_activation_stream.h:52]   --->   Operation 55 'partselect' 'tmp_4' <Predicate = true> <Delay = 0.00>
ST_2 : Operation 56 [1/1] (0.77ns)   --->   "%icmp_ln51_5 = icmp_sgt  i9 %trunc_ln44_5, i9 0" [firmware/nnet_utils/nnet_activation_stream.h:51]   --->   Operation 56 'icmp' 'icmp_ln51_5' <Predicate = true> <Delay = 0.77> <CoreInst = "Cmp">   --->   Core 9 'Cmp' <Latency = 0> <II = 1> <Delay = 0.77> <FuncUnit> <Opcode : 'icmp'> <InPorts = 2> <OutPorts = 1>
ST_2 : Operation 57 [1/1] (0.00ns)   --->   "%tmp_5 = partselect i8 @_ssdm_op_PartSelect.i8.i252.i32.i32, i252 %layer3x4_out_read, i32 45, i32 52" [firmware/nnet_utils/nnet_activation_stream.h:52]   --->   Operation 57 'partselect' 'tmp_5' <Predicate = true> <Delay = 0.00>
ST_2 : Operation 58 [1/1] (0.77ns)   --->   "%icmp_ln51_6 = icmp_sgt  i9 %trunc_ln44_6, i9 0" [firmware/nnet_utils/nnet_activation_stream.h:51]   --->   Operation 58 'icmp' 'icmp_ln51_6' <Predicate = true> <Delay = 0.77> <CoreInst = "Cmp">   --->   Core 9 'Cmp' <Latency = 0> <II = 1> <Delay = 0.77> <FuncUnit> <Opcode : 'icmp'> <InPorts = 2> <OutPorts = 1>
ST_2 : Operation 59 [1/1] (0.00ns)   --->   "%tmp_6 = partselect i8 @_ssdm_op_PartSelect.i8.i252.i32.i32, i252 %layer3x4_out_read, i32 54, i32 61" [firmware/nnet_utils/nnet_activation_stream.h:52]   --->   Operation 59 'partselect' 'tmp_6' <Predicate = true> <Delay = 0.00>
ST_2 : Operation 60 [1/1] (0.77ns)   --->   "%icmp_ln51_7 = icmp_sgt  i9 %trunc_ln44_7, i9 0" [firmware/nnet_utils/nnet_activation_stream.h:51]   --->   Operation 60 'icmp' 'icmp_ln51_7' <Predicate = true> <Delay = 0.77> <CoreInst = "Cmp">   --->   Core 9 'Cmp' <Latency = 0> <II = 1> <Delay = 0.77> <FuncUnit> <Opcode : 'icmp'> <InPorts = 2> <OutPorts = 1>
ST_2 : Operation 61 [1/1] (0.00ns)   --->   "%tmp_7 = partselect i8 @_ssdm_op_PartSelect.i8.i252.i32.i32, i252 %layer3x4_out_read, i32 63, i32 70" [firmware/nnet_utils/nnet_activation_stream.h:52]   --->   Operation 61 'partselect' 'tmp_7' <Predicate = true> <Delay = 0.00>
ST_2 : Operation 62 [1/1] (0.77ns)   --->   "%icmp_ln51_8 = icmp_sgt  i9 %trunc_ln44_8, i9 0" [firmware/nnet_utils/nnet_activation_stream.h:51]   --->   Operation 62 'icmp' 'icmp_ln51_8' <Predicate = true> <Delay = 0.77> <CoreInst = "Cmp">   --->   Core 9 'Cmp' <Latency = 0> <II = 1> <Delay = 0.77> <FuncUnit> <Opcode : 'icmp'> <InPorts = 2> <OutPorts = 1>
ST_2 : Operation 63 [1/1] (0.00ns)   --->   "%tmp_8 = partselect i8 @_ssdm_op_PartSelect.i8.i252.i32.i32, i252 %layer3x4_out_read, i32 72, i32 79" [firmware/nnet_utils/nnet_activation_stream.h:52]   --->   Operation 63 'partselect' 'tmp_8' <Predicate = true> <Delay = 0.00>
ST_2 : Operation 64 [1/1] (0.77ns)   --->   "%icmp_ln51_9 = icmp_sgt  i9 %trunc_ln44_9, i9 0" [firmware/nnet_utils/nnet_activation_stream.h:51]   --->   Operation 64 'icmp' 'icmp_ln51_9' <Predicate = true> <Delay = 0.77> <CoreInst = "Cmp">   --->   Core 9 'Cmp' <Latency = 0> <II = 1> <Delay = 0.77> <FuncUnit> <Opcode : 'icmp'> <InPorts = 2> <OutPorts = 1>
ST_2 : Operation 65 [1/1] (0.00ns)   --->   "%tmp_9 = partselect i8 @_ssdm_op_PartSelect.i8.i252.i32.i32, i252 %layer3x4_out_read, i32 81, i32 88" [firmware/nnet_utils/nnet_activation_stream.h:52]   --->   Operation 65 'partselect' 'tmp_9' <Predicate = true> <Delay = 0.00>
ST_2 : Operation 66 [1/1] (0.77ns)   --->   "%icmp_ln51_10 = icmp_sgt  i9 %trunc_ln44_s, i9 0" [firmware/nnet_utils/nnet_activation_stream.h:51]   --->   Operation 66 'icmp' 'icmp_ln51_10' <Predicate = true> <Delay = 0.77> <CoreInst = "Cmp">   --->   Core 9 'Cmp' <Latency = 0> <II = 1> <Delay = 0.77> <FuncUnit> <Opcode : 'icmp'> <InPorts = 2> <OutPorts = 1>
ST_2 : Operation 67 [1/1] (0.00ns)   --->   "%tmp_s = partselect i8 @_ssdm_op_PartSelect.i8.i252.i32.i32, i252 %layer3x4_out_read, i32 90, i32 97" [firmware/nnet_utils/nnet_activation_stream.h:52]   --->   Operation 67 'partselect' 'tmp_s' <Predicate = true> <Delay = 0.00>
ST_2 : Operation 68 [1/1] (0.77ns)   --->   "%icmp_ln51_11 = icmp_sgt  i9 %trunc_ln44_10, i9 0" [firmware/nnet_utils/nnet_activation_stream.h:51]   --->   Operation 68 'icmp' 'icmp_ln51_11' <Predicate = true> <Delay = 0.77> <CoreInst = "Cmp">   --->   Core 9 'Cmp' <Latency = 0> <II = 1> <Delay = 0.77> <FuncUnit> <Opcode : 'icmp'> <InPorts = 2> <OutPorts = 1>
ST_2 : Operation 69 [1/1] (0.00ns)   --->   "%tmp_10 = partselect i8 @_ssdm_op_PartSelect.i8.i252.i32.i32, i252 %layer3x4_out_read, i32 99, i32 106" [firmware/nnet_utils/nnet_activation_stream.h:52]   --->   Operation 69 'partselect' 'tmp_10' <Predicate = true> <Delay = 0.00>
ST_2 : Operation 70 [1/1] (0.77ns)   --->   "%icmp_ln51_12 = icmp_sgt  i9 %trunc_ln44_11, i9 0" [firmware/nnet_utils/nnet_activation_stream.h:51]   --->   Operation 70 'icmp' 'icmp_ln51_12' <Predicate = true> <Delay = 0.77> <CoreInst = "Cmp">   --->   Core 9 'Cmp' <Latency = 0> <II = 1> <Delay = 0.77> <FuncUnit> <Opcode : 'icmp'> <InPorts = 2> <OutPorts = 1>
ST_2 : Operation 71 [1/1] (0.00ns)   --->   "%tmp_11 = partselect i8 @_ssdm_op_PartSelect.i8.i252.i32.i32, i252 %layer3x4_out_read, i32 108, i32 115" [firmware/nnet_utils/nnet_activation_stream.h:52]   --->   Operation 71 'partselect' 'tmp_11' <Predicate = true> <Delay = 0.00>
ST_2 : Operation 72 [1/1] (0.77ns)   --->   "%icmp_ln51_13 = icmp_sgt  i9 %trunc_ln44_12, i9 0" [firmware/nnet_utils/nnet_activation_stream.h:51]   --->   Operation 72 'icmp' 'icmp_ln51_13' <Predicate = true> <Delay = 0.77> <CoreInst = "Cmp">   --->   Core 9 'Cmp' <Latency = 0> <II = 1> <Delay = 0.77> <FuncUnit> <Opcode : 'icmp'> <InPorts = 2> <OutPorts = 1>
ST_2 : Operation 73 [1/1] (0.00ns)   --->   "%tmp_12 = partselect i8 @_ssdm_op_PartSelect.i8.i252.i32.i32, i252 %layer3x4_out_read, i32 117, i32 124" [firmware/nnet_utils/nnet_activation_stream.h:52]   --->   Operation 73 'partselect' 'tmp_12' <Predicate = true> <Delay = 0.00>
ST_2 : Operation 74 [1/1] (0.77ns)   --->   "%icmp_ln51_14 = icmp_sgt  i9 %trunc_ln44_13, i9 0" [firmware/nnet_utils/nnet_activation_stream.h:51]   --->   Operation 74 'icmp' 'icmp_ln51_14' <Predicate = true> <Delay = 0.77> <CoreInst = "Cmp">   --->   Core 9 'Cmp' <Latency = 0> <II = 1> <Delay = 0.77> <FuncUnit> <Opcode : 'icmp'> <InPorts = 2> <OutPorts = 1>
ST_2 : Operation 75 [1/1] (0.00ns)   --->   "%tmp_13 = partselect i8 @_ssdm_op_PartSelect.i8.i252.i32.i32, i252 %layer3x4_out_read, i32 126, i32 133" [firmware/nnet_utils/nnet_activation_stream.h:52]   --->   Operation 75 'partselect' 'tmp_13' <Predicate = true> <Delay = 0.00>
ST_2 : Operation 76 [1/1] (0.77ns)   --->   "%icmp_ln51_15 = icmp_sgt  i9 %trunc_ln44_14, i9 0" [firmware/nnet_utils/nnet_activation_stream.h:51]   --->   Operation 76 'icmp' 'icmp_ln51_15' <Predicate = true> <Delay = 0.77> <CoreInst = "Cmp">   --->   Core 9 'Cmp' <Latency = 0> <II = 1> <Delay = 0.77> <FuncUnit> <Opcode : 'icmp'> <InPorts = 2> <OutPorts = 1>
ST_2 : Operation 77 [1/1] (0.00ns)   --->   "%tmp_14 = partselect i8 @_ssdm_op_PartSelect.i8.i252.i32.i32, i252 %layer3x4_out_read, i32 135, i32 142" [firmware/nnet_utils/nnet_activation_stream.h:52]   --->   Operation 77 'partselect' 'tmp_14' <Predicate = true> <Delay = 0.00>
ST_2 : Operation 78 [1/1] (0.77ns)   --->   "%icmp_ln51_16 = icmp_sgt  i9 %trunc_ln44_15, i9 0" [firmware/nnet_utils/nnet_activation_stream.h:51]   --->   Operation 78 'icmp' 'icmp_ln51_16' <Predicate = true> <Delay = 0.77> <CoreInst = "Cmp">   --->   Core 9 'Cmp' <Latency = 0> <II = 1> <Delay = 0.77> <FuncUnit> <Opcode : 'icmp'> <InPorts = 2> <OutPorts = 1>
ST_2 : Operation 79 [1/1] (0.00ns)   --->   "%tmp_15 = partselect i8 @_ssdm_op_PartSelect.i8.i252.i32.i32, i252 %layer3x4_out_read, i32 144, i32 151" [firmware/nnet_utils/nnet_activation_stream.h:52]   --->   Operation 79 'partselect' 'tmp_15' <Predicate = true> <Delay = 0.00>
ST_2 : Operation 80 [1/1] (0.77ns)   --->   "%icmp_ln51_17 = icmp_sgt  i9 %trunc_ln44_16, i9 0" [firmware/nnet_utils/nnet_activation_stream.h:51]   --->   Operation 80 'icmp' 'icmp_ln51_17' <Predicate = true> <Delay = 0.77> <CoreInst = "Cmp">   --->   Core 9 'Cmp' <Latency = 0> <II = 1> <Delay = 0.77> <FuncUnit> <Opcode : 'icmp'> <InPorts = 2> <OutPorts = 1>
ST_2 : Operation 81 [1/1] (0.00ns)   --->   "%tmp_16 = partselect i8 @_ssdm_op_PartSelect.i8.i252.i32.i32, i252 %layer3x4_out_read, i32 153, i32 160" [firmware/nnet_utils/nnet_activation_stream.h:52]   --->   Operation 81 'partselect' 'tmp_16' <Predicate = true> <Delay = 0.00>
ST_2 : Operation 82 [1/1] (0.77ns)   --->   "%icmp_ln51_18 = icmp_sgt  i9 %trunc_ln44_17, i9 0" [firmware/nnet_utils/nnet_activation_stream.h:51]   --->   Operation 82 'icmp' 'icmp_ln51_18' <Predicate = true> <Delay = 0.77> <CoreInst = "Cmp">   --->   Core 9 'Cmp' <Latency = 0> <II = 1> <Delay = 0.77> <FuncUnit> <Opcode : 'icmp'> <InPorts = 2> <OutPorts = 1>
ST_2 : Operation 83 [1/1] (0.00ns)   --->   "%tmp_17 = partselect i8 @_ssdm_op_PartSelect.i8.i252.i32.i32, i252 %layer3x4_out_read, i32 162, i32 169" [firmware/nnet_utils/nnet_activation_stream.h:52]   --->   Operation 83 'partselect' 'tmp_17' <Predicate = true> <Delay = 0.00>
ST_2 : Operation 84 [1/1] (0.77ns)   --->   "%icmp_ln51_19 = icmp_sgt  i9 %trunc_ln44_18, i9 0" [firmware/nnet_utils/nnet_activation_stream.h:51]   --->   Operation 84 'icmp' 'icmp_ln51_19' <Predicate = true> <Delay = 0.77> <CoreInst = "Cmp">   --->   Core 9 'Cmp' <Latency = 0> <II = 1> <Delay = 0.77> <FuncUnit> <Opcode : 'icmp'> <InPorts = 2> <OutPorts = 1>
ST_2 : Operation 85 [1/1] (0.00ns)   --->   "%tmp_18 = partselect i8 @_ssdm_op_PartSelect.i8.i252.i32.i32, i252 %layer3x4_out_read, i32 171, i32 178" [firmware/nnet_utils/nnet_activation_stream.h:52]   --->   Operation 85 'partselect' 'tmp_18' <Predicate = true> <Delay = 0.00>
ST_2 : Operation 86 [1/1] (0.77ns)   --->   "%icmp_ln51_20 = icmp_sgt  i9 %trunc_ln44_19, i9 0" [firmware/nnet_utils/nnet_activation_stream.h:51]   --->   Operation 86 'icmp' 'icmp_ln51_20' <Predicate = true> <Delay = 0.77> <CoreInst = "Cmp">   --->   Core 9 'Cmp' <Latency = 0> <II = 1> <Delay = 0.77> <FuncUnit> <Opcode : 'icmp'> <InPorts = 2> <OutPorts = 1>
ST_2 : Operation 87 [1/1] (0.00ns)   --->   "%tmp_19 = partselect i8 @_ssdm_op_PartSelect.i8.i252.i32.i32, i252 %layer3x4_out_read, i32 180, i32 187" [firmware/nnet_utils/nnet_activation_stream.h:52]   --->   Operation 87 'partselect' 'tmp_19' <Predicate = true> <Delay = 0.00>
ST_2 : Operation 88 [1/1] (0.77ns)   --->   "%icmp_ln51_21 = icmp_sgt  i9 %trunc_ln44_20, i9 0" [firmware/nnet_utils/nnet_activation_stream.h:51]   --->   Operation 88 'icmp' 'icmp_ln51_21' <Predicate = true> <Delay = 0.77> <CoreInst = "Cmp">   --->   Core 9 'Cmp' <Latency = 0> <II = 1> <Delay = 0.77> <FuncUnit> <Opcode : 'icmp'> <InPorts = 2> <OutPorts = 1>
ST_2 : Operation 89 [1/1] (0.00ns)   --->   "%tmp_20 = partselect i8 @_ssdm_op_PartSelect.i8.i252.i32.i32, i252 %layer3x4_out_read, i32 189, i32 196" [firmware/nnet_utils/nnet_activation_stream.h:52]   --->   Operation 89 'partselect' 'tmp_20' <Predicate = true> <Delay = 0.00>
ST_2 : Operation 90 [1/1] (0.77ns)   --->   "%icmp_ln51_22 = icmp_sgt  i9 %trunc_ln44_21, i9 0" [firmware/nnet_utils/nnet_activation_stream.h:51]   --->   Operation 90 'icmp' 'icmp_ln51_22' <Predicate = true> <Delay = 0.77> <CoreInst = "Cmp">   --->   Core 9 'Cmp' <Latency = 0> <II = 1> <Delay = 0.77> <FuncUnit> <Opcode : 'icmp'> <InPorts = 2> <OutPorts = 1>
ST_2 : Operation 91 [1/1] (0.00ns)   --->   "%tmp_21 = partselect i8 @_ssdm_op_PartSelect.i8.i252.i32.i32, i252 %layer3x4_out_read, i32 198, i32 205" [firmware/nnet_utils/nnet_activation_stream.h:52]   --->   Operation 91 'partselect' 'tmp_21' <Predicate = true> <Delay = 0.00>
ST_2 : Operation 92 [1/1] (0.77ns)   --->   "%icmp_ln51_23 = icmp_sgt  i9 %trunc_ln44_22, i9 0" [firmware/nnet_utils/nnet_activation_stream.h:51]   --->   Operation 92 'icmp' 'icmp_ln51_23' <Predicate = true> <Delay = 0.77> <CoreInst = "Cmp">   --->   Core 9 'Cmp' <Latency = 0> <II = 1> <Delay = 0.77> <FuncUnit> <Opcode : 'icmp'> <InPorts = 2> <OutPorts = 1>
ST_2 : Operation 93 [1/1] (0.00ns)   --->   "%tmp_22 = partselect i8 @_ssdm_op_PartSelect.i8.i252.i32.i32, i252 %layer3x4_out_read, i32 207, i32 214" [firmware/nnet_utils/nnet_activation_stream.h:52]   --->   Operation 93 'partselect' 'tmp_22' <Predicate = true> <Delay = 0.00>
ST_2 : Operation 94 [1/1] (0.77ns)   --->   "%icmp_ln51_24 = icmp_sgt  i9 %trunc_ln44_23, i9 0" [firmware/nnet_utils/nnet_activation_stream.h:51]   --->   Operation 94 'icmp' 'icmp_ln51_24' <Predicate = true> <Delay = 0.77> <CoreInst = "Cmp">   --->   Core 9 'Cmp' <Latency = 0> <II = 1> <Delay = 0.77> <FuncUnit> <Opcode : 'icmp'> <InPorts = 2> <OutPorts = 1>
ST_2 : Operation 95 [1/1] (0.00ns)   --->   "%tmp_23 = partselect i8 @_ssdm_op_PartSelect.i8.i252.i32.i32, i252 %layer3x4_out_read, i32 216, i32 223" [firmware/nnet_utils/nnet_activation_stream.h:52]   --->   Operation 95 'partselect' 'tmp_23' <Predicate = true> <Delay = 0.00>
ST_2 : Operation 96 [1/1] (0.77ns)   --->   "%icmp_ln51_25 = icmp_sgt  i9 %trunc_ln44_24, i9 0" [firmware/nnet_utils/nnet_activation_stream.h:51]   --->   Operation 96 'icmp' 'icmp_ln51_25' <Predicate = true> <Delay = 0.77> <CoreInst = "Cmp">   --->   Core 9 'Cmp' <Latency = 0> <II = 1> <Delay = 0.77> <FuncUnit> <Opcode : 'icmp'> <InPorts = 2> <OutPorts = 1>
ST_2 : Operation 97 [1/1] (0.00ns)   --->   "%tmp_24 = partselect i8 @_ssdm_op_PartSelect.i8.i252.i32.i32, i252 %layer3x4_out_read, i32 225, i32 232" [firmware/nnet_utils/nnet_activation_stream.h:52]   --->   Operation 97 'partselect' 'tmp_24' <Predicate = true> <Delay = 0.00>
ST_2 : Operation 98 [1/1] (0.77ns)   --->   "%icmp_ln51_26 = icmp_sgt  i9 %trunc_ln44_25, i9 0" [firmware/nnet_utils/nnet_activation_stream.h:51]   --->   Operation 98 'icmp' 'icmp_ln51_26' <Predicate = true> <Delay = 0.77> <CoreInst = "Cmp">   --->   Core 9 'Cmp' <Latency = 0> <II = 1> <Delay = 0.77> <FuncUnit> <Opcode : 'icmp'> <InPorts = 2> <OutPorts = 1>
ST_2 : Operation 99 [1/1] (0.00ns)   --->   "%tmp_25 = partselect i8 @_ssdm_op_PartSelect.i8.i252.i32.i32, i252 %layer3x4_out_read, i32 234, i32 241" [firmware/nnet_utils/nnet_activation_stream.h:52]   --->   Operation 99 'partselect' 'tmp_25' <Predicate = true> <Delay = 0.00>
ST_2 : Operation 100 [1/1] (0.77ns)   --->   "%icmp_ln51_27 = icmp_sgt  i9 %trunc_ln44_26, i9 0" [firmware/nnet_utils/nnet_activation_stream.h:51]   --->   Operation 100 'icmp' 'icmp_ln51_27' <Predicate = true> <Delay = 0.77> <CoreInst = "Cmp">   --->   Core 9 'Cmp' <Latency = 0> <II = 1> <Delay = 0.77> <FuncUnit> <Opcode : 'icmp'> <InPorts = 2> <OutPorts = 1>
ST_2 : Operation 101 [1/1] (0.00ns)   --->   "%tmp_26 = partselect i8 @_ssdm_op_PartSelect.i8.i252.i32.i32, i252 %layer3x4_out_read, i32 243, i32 250" [firmware/nnet_utils/nnet_activation_stream.h:52]   --->   Operation 101 'partselect' 'tmp_26' <Predicate = true> <Delay = 0.00>
ST_2 : Operation 192 [1/1] (0.00ns)   --->   "%ret_ln59 = ret" [firmware/nnet_utils/nnet_activation_stream.h:59]   --->   Operation 192 'ret' 'ret_ln59' <Predicate = (icmp_ln41)> <Delay = 0.00>

State 3 <SV = 2> <Delay = 2.27>
ST_3 : Operation 102 [1/1] (0.00ns)   --->   "%specpipeline_ln42 = specpipeline void @_ssdm_op_SpecPipeline, i32 4294967295, i32 0, i32 0, i32 0, void @empty_0" [firmware/nnet_utils/nnet_activation_stream.h:42]   --->   Operation 102 'specpipeline' 'specpipeline_ln42' <Predicate = true> <Delay = 0.00>
ST_3 : Operation 103 [1/1] (0.00ns)   --->   "%speclooptripcount_ln41 = speclooptripcount void @_ssdm_op_SpecLoopTripCount, i64 84, i64 84, i64 84" [firmware/nnet_utils/nnet_activation_stream.h:41]   --->   Operation 103 'speclooptripcount' 'speclooptripcount_ln41' <Predicate = true> <Delay = 0.00>
ST_3 : Operation 104 [1/1] (0.00ns)   --->   "%specloopname_ln41 = specloopname void @_ssdm_op_SpecLoopName, void @empty_3" [firmware/nnet_utils/nnet_activation_stream.h:41]   --->   Operation 104 'specloopname' 'specloopname_ln41' <Predicate = true> <Delay = 0.00>
ST_3 : Operation 105 [1/1] (0.00ns)   --->   "%out_data = bitconcatenate i14 @_ssdm_op_BitConcatenate.i14.i8.i6, i8 %trunc_ln52, i6 0" [firmware/nnet_utils/nnet_activation_stream.h:52]   --->   Operation 105 'bitconcatenate' 'out_data' <Predicate = (icmp_ln51)> <Delay = 0.00>
ST_3 : Operation 106 [1/1] (0.44ns)   --->   "%out_data_1 = select i1 %icmp_ln51, i14 %out_data, i14 0" [firmware/nnet_utils/nnet_activation_stream.h:51]   --->   Operation 106 'select' 'out_data_1' <Predicate = true> <Delay = 0.44> <CoreInst = "Sel">   --->   Core 73 'Sel' <Latency = 0> <II = 1> <Delay = 0.44> <FuncUnit> <Opcode : 'select'> <InPorts = 3> <OutPorts = 1>
ST_3 : Operation 107 [1/1] (0.00ns)   --->   "%zext_ln45 = zext i14 %out_data_1" [firmware/nnet_utils/nnet_activation_stream.h:45]   --->   Operation 107 'zext' 'zext_ln45' <Predicate = true> <Delay = 0.00>
ST_3 : Operation 108 [1/1] (0.00ns)   --->   "%out_data_2 = bitconcatenate i14 @_ssdm_op_BitConcatenate.i14.i8.i6, i8 %tmp_1, i6 0" [firmware/nnet_utils/nnet_activation_stream.h:52]   --->   Operation 108 'bitconcatenate' 'out_data_2' <Predicate = (icmp_ln51_1)> <Delay = 0.00>
ST_3 : Operation 109 [1/1] (0.44ns)   --->   "%out_data_3 = select i1 %icmp_ln51_1, i14 %out_data_2, i14 0" [firmware/nnet_utils/nnet_activation_stream.h:51]   --->   Operation 109 'select' 'out_data_3' <Predicate = true> <Delay = 0.44> <CoreInst = "Sel">   --->   Core 73 'Sel' <Latency = 0> <II = 1> <Delay = 0.44> <FuncUnit> <Opcode : 'select'> <InPorts = 3> <OutPorts = 1>
ST_3 : Operation 110 [1/1] (0.00ns)   --->   "%zext_ln45_1 = zext i14 %out_data_3" [firmware/nnet_utils/nnet_activation_stream.h:45]   --->   Operation 110 'zext' 'zext_ln45_1' <Predicate = true> <Delay = 0.00>
ST_3 : Operation 111 [1/1] (0.00ns)   --->   "%out_data_4 = bitconcatenate i14 @_ssdm_op_BitConcatenate.i14.i8.i6, i8 %tmp_2, i6 0" [firmware/nnet_utils/nnet_activation_stream.h:52]   --->   Operation 111 'bitconcatenate' 'out_data_4' <Predicate = (icmp_ln51_2)> <Delay = 0.00>
ST_3 : Operation 112 [1/1] (0.44ns)   --->   "%out_data_5 = select i1 %icmp_ln51_2, i14 %out_data_4, i14 0" [firmware/nnet_utils/nnet_activation_stream.h:51]   --->   Operation 112 'select' 'out_data_5' <Predicate = true> <Delay = 0.44> <CoreInst = "Sel">   --->   Core 73 'Sel' <Latency = 0> <II = 1> <Delay = 0.44> <FuncUnit> <Opcode : 'select'> <InPorts = 3> <OutPorts = 1>
ST_3 : Operation 113 [1/1] (0.00ns)   --->   "%zext_ln45_2 = zext i14 %out_data_5" [firmware/nnet_utils/nnet_activation_stream.h:45]   --->   Operation 113 'zext' 'zext_ln45_2' <Predicate = true> <Delay = 0.00>
ST_3 : Operation 114 [1/1] (0.00ns)   --->   "%out_data_6 = bitconcatenate i14 @_ssdm_op_BitConcatenate.i14.i8.i6, i8 %tmp_3, i6 0" [firmware/nnet_utils/nnet_activation_stream.h:52]   --->   Operation 114 'bitconcatenate' 'out_data_6' <Predicate = (icmp_ln51_3)> <Delay = 0.00>
ST_3 : Operation 115 [1/1] (0.44ns)   --->   "%out_data_7 = select i1 %icmp_ln51_3, i14 %out_data_6, i14 0" [firmware/nnet_utils/nnet_activation_stream.h:51]   --->   Operation 115 'select' 'out_data_7' <Predicate = true> <Delay = 0.44> <CoreInst = "Sel">   --->   Core 73 'Sel' <Latency = 0> <II = 1> <Delay = 0.44> <FuncUnit> <Opcode : 'select'> <InPorts = 3> <OutPorts = 1>
ST_3 : Operation 116 [1/1] (0.00ns)   --->   "%zext_ln45_3 = zext i14 %out_data_7" [firmware/nnet_utils/nnet_activation_stream.h:45]   --->   Operation 116 'zext' 'zext_ln45_3' <Predicate = true> <Delay = 0.00>
ST_3 : Operation 117 [1/1] (0.00ns)   --->   "%shl_ln = bitconcatenate i14 @_ssdm_op_BitConcatenate.i14.i8.i6, i8 %tmp_4, i6 0" [firmware/nnet_utils/nnet_activation_stream.h:52]   --->   Operation 117 'bitconcatenate' 'shl_ln' <Predicate = (icmp_ln51_4)> <Delay = 0.00>
ST_3 : Operation 118 [1/1] (0.44ns)   --->   "%select_ln51 = select i1 %icmp_ln51_4, i14 %shl_ln, i14 0" [firmware/nnet_utils/nnet_activation_stream.h:51]   --->   Operation 118 'select' 'select_ln51' <Predicate = true> <Delay = 0.44> <CoreInst = "Sel">   --->   Core 73 'Sel' <Latency = 0> <II = 1> <Delay = 0.44> <FuncUnit> <Opcode : 'select'> <InPorts = 3> <OutPorts = 1>
ST_3 : Operation 119 [1/1] (0.00ns)   --->   "%zext_ln51 = zext i14 %select_ln51" [firmware/nnet_utils/nnet_activation_stream.h:51]   --->   Operation 119 'zext' 'zext_ln51' <Predicate = true> <Delay = 0.00>
ST_3 : Operation 120 [1/1] (0.00ns)   --->   "%shl_ln52_1 = bitconcatenate i14 @_ssdm_op_BitConcatenate.i14.i8.i6, i8 %tmp_5, i6 0" [firmware/nnet_utils/nnet_activation_stream.h:52]   --->   Operation 120 'bitconcatenate' 'shl_ln52_1' <Predicate = (icmp_ln51_5)> <Delay = 0.00>
ST_3 : Operation 121 [1/1] (0.44ns)   --->   "%select_ln51_1 = select i1 %icmp_ln51_5, i14 %shl_ln52_1, i14 0" [firmware/nnet_utils/nnet_activation_stream.h:51]   --->   Operation 121 'select' 'select_ln51_1' <Predicate = true> <Delay = 0.44> <CoreInst = "Sel">   --->   Core 73 'Sel' <Latency = 0> <II = 1> <Delay = 0.44> <FuncUnit> <Opcode : 'select'> <InPorts = 3> <OutPorts = 1>
ST_3 : Operation 122 [1/1] (0.00ns)   --->   "%zext_ln51_1 = zext i14 %select_ln51_1" [firmware/nnet_utils/nnet_activation_stream.h:51]   --->   Operation 122 'zext' 'zext_ln51_1' <Predicate = true> <Delay = 0.00>
ST_3 : Operation 123 [1/1] (0.00ns)   --->   "%shl_ln52_2 = bitconcatenate i14 @_ssdm_op_BitConcatenate.i14.i8.i6, i8 %tmp_6, i6 0" [firmware/nnet_utils/nnet_activation_stream.h:52]   --->   Operation 123 'bitconcatenate' 'shl_ln52_2' <Predicate = (icmp_ln51_6)> <Delay = 0.00>
ST_3 : Operation 124 [1/1] (0.44ns)   --->   "%select_ln51_2 = select i1 %icmp_ln51_6, i14 %shl_ln52_2, i14 0" [firmware/nnet_utils/nnet_activation_stream.h:51]   --->   Operation 124 'select' 'select_ln51_2' <Predicate = true> <Delay = 0.44> <CoreInst = "Sel">   --->   Core 73 'Sel' <Latency = 0> <II = 1> <Delay = 0.44> <FuncUnit> <Opcode : 'select'> <InPorts = 3> <OutPorts = 1>
ST_3 : Operation 125 [1/1] (0.00ns)   --->   "%zext_ln51_2 = zext i14 %select_ln51_2" [firmware/nnet_utils/nnet_activation_stream.h:51]   --->   Operation 125 'zext' 'zext_ln51_2' <Predicate = true> <Delay = 0.00>
ST_3 : Operation 126 [1/1] (0.00ns)   --->   "%shl_ln52_3 = bitconcatenate i14 @_ssdm_op_BitConcatenate.i14.i8.i6, i8 %tmp_7, i6 0" [firmware/nnet_utils/nnet_activation_stream.h:52]   --->   Operation 126 'bitconcatenate' 'shl_ln52_3' <Predicate = (icmp_ln51_7)> <Delay = 0.00>
ST_3 : Operation 127 [1/1] (0.44ns)   --->   "%select_ln51_3 = select i1 %icmp_ln51_7, i14 %shl_ln52_3, i14 0" [firmware/nnet_utils/nnet_activation_stream.h:51]   --->   Operation 127 'select' 'select_ln51_3' <Predicate = true> <Delay = 0.44> <CoreInst = "Sel">   --->   Core 73 'Sel' <Latency = 0> <II = 1> <Delay = 0.44> <FuncUnit> <Opcode : 'select'> <InPorts = 3> <OutPorts = 1>
ST_3 : Operation 128 [1/1] (0.00ns)   --->   "%zext_ln51_3 = zext i14 %select_ln51_3" [firmware/nnet_utils/nnet_activation_stream.h:51]   --->   Operation 128 'zext' 'zext_ln51_3' <Predicate = true> <Delay = 0.00>
ST_3 : Operation 129 [1/1] (0.00ns)   --->   "%shl_ln52_4 = bitconcatenate i14 @_ssdm_op_BitConcatenate.i14.i8.i6, i8 %tmp_8, i6 0" [firmware/nnet_utils/nnet_activation_stream.h:52]   --->   Operation 129 'bitconcatenate' 'shl_ln52_4' <Predicate = (icmp_ln51_8)> <Delay = 0.00>
ST_3 : Operation 130 [1/1] (0.44ns)   --->   "%select_ln51_4 = select i1 %icmp_ln51_8, i14 %shl_ln52_4, i14 0" [firmware/nnet_utils/nnet_activation_stream.h:51]   --->   Operation 130 'select' 'select_ln51_4' <Predicate = true> <Delay = 0.44> <CoreInst = "Sel">   --->   Core 73 'Sel' <Latency = 0> <II = 1> <Delay = 0.44> <FuncUnit> <Opcode : 'select'> <InPorts = 3> <OutPorts = 1>
ST_3 : Operation 131 [1/1] (0.00ns)   --->   "%zext_ln51_4 = zext i14 %select_ln51_4" [firmware/nnet_utils/nnet_activation_stream.h:51]   --->   Operation 131 'zext' 'zext_ln51_4' <Predicate = true> <Delay = 0.00>
ST_3 : Operation 132 [1/1] (0.00ns)   --->   "%shl_ln52_5 = bitconcatenate i14 @_ssdm_op_BitConcatenate.i14.i8.i6, i8 %tmp_9, i6 0" [firmware/nnet_utils/nnet_activation_stream.h:52]   --->   Operation 132 'bitconcatenate' 'shl_ln52_5' <Predicate = (icmp_ln51_9)> <Delay = 0.00>
ST_3 : Operation 133 [1/1] (0.44ns)   --->   "%select_ln51_5 = select i1 %icmp_ln51_9, i14 %shl_ln52_5, i14 0" [firmware/nnet_utils/nnet_activation_stream.h:51]   --->   Operation 133 'select' 'select_ln51_5' <Predicate = true> <Delay = 0.44> <CoreInst = "Sel">   --->   Core 73 'Sel' <Latency = 0> <II = 1> <Delay = 0.44> <FuncUnit> <Opcode : 'select'> <InPorts = 3> <OutPorts = 1>
ST_3 : Operation 134 [1/1] (0.00ns)   --->   "%zext_ln51_5 = zext i14 %select_ln51_5" [firmware/nnet_utils/nnet_activation_stream.h:51]   --->   Operation 134 'zext' 'zext_ln51_5' <Predicate = true> <Delay = 0.00>
ST_3 : Operation 135 [1/1] (0.00ns)   --->   "%shl_ln52_6 = bitconcatenate i14 @_ssdm_op_BitConcatenate.i14.i8.i6, i8 %tmp_s, i6 0" [firmware/nnet_utils/nnet_activation_stream.h:52]   --->   Operation 135 'bitconcatenate' 'shl_ln52_6' <Predicate = (icmp_ln51_10)> <Delay = 0.00>
ST_3 : Operation 136 [1/1] (0.44ns)   --->   "%select_ln51_6 = select i1 %icmp_ln51_10, i14 %shl_ln52_6, i14 0" [firmware/nnet_utils/nnet_activation_stream.h:51]   --->   Operation 136 'select' 'select_ln51_6' <Predicate = true> <Delay = 0.44> <CoreInst = "Sel">   --->   Core 73 'Sel' <Latency = 0> <II = 1> <Delay = 0.44> <FuncUnit> <Opcode : 'select'> <InPorts = 3> <OutPorts = 1>
ST_3 : Operation 137 [1/1] (0.00ns)   --->   "%zext_ln51_6 = zext i14 %select_ln51_6" [firmware/nnet_utils/nnet_activation_stream.h:51]   --->   Operation 137 'zext' 'zext_ln51_6' <Predicate = true> <Delay = 0.00>
ST_3 : Operation 138 [1/1] (0.00ns)   --->   "%shl_ln52_7 = bitconcatenate i14 @_ssdm_op_BitConcatenate.i14.i8.i6, i8 %tmp_10, i6 0" [firmware/nnet_utils/nnet_activation_stream.h:52]   --->   Operation 138 'bitconcatenate' 'shl_ln52_7' <Predicate = (icmp_ln51_11)> <Delay = 0.00>
ST_3 : Operation 139 [1/1] (0.44ns)   --->   "%select_ln51_7 = select i1 %icmp_ln51_11, i14 %shl_ln52_7, i14 0" [firmware/nnet_utils/nnet_activation_stream.h:51]   --->   Operation 139 'select' 'select_ln51_7' <Predicate = true> <Delay = 0.44> <CoreInst = "Sel">   --->   Core 73 'Sel' <Latency = 0> <II = 1> <Delay = 0.44> <FuncUnit> <Opcode : 'select'> <InPorts = 3> <OutPorts = 1>
ST_3 : Operation 140 [1/1] (0.00ns)   --->   "%zext_ln51_7 = zext i14 %select_ln51_7" [firmware/nnet_utils/nnet_activation_stream.h:51]   --->   Operation 140 'zext' 'zext_ln51_7' <Predicate = true> <Delay = 0.00>
ST_3 : Operation 141 [1/1] (0.00ns)   --->   "%shl_ln52_8 = bitconcatenate i14 @_ssdm_op_BitConcatenate.i14.i8.i6, i8 %tmp_11, i6 0" [firmware/nnet_utils/nnet_activation_stream.h:52]   --->   Operation 141 'bitconcatenate' 'shl_ln52_8' <Predicate = (icmp_ln51_12)> <Delay = 0.00>
ST_3 : Operation 142 [1/1] (0.44ns)   --->   "%select_ln51_8 = select i1 %icmp_ln51_12, i14 %shl_ln52_8, i14 0" [firmware/nnet_utils/nnet_activation_stream.h:51]   --->   Operation 142 'select' 'select_ln51_8' <Predicate = true> <Delay = 0.44> <CoreInst = "Sel">   --->   Core 73 'Sel' <Latency = 0> <II = 1> <Delay = 0.44> <FuncUnit> <Opcode : 'select'> <InPorts = 3> <OutPorts = 1>
ST_3 : Operation 143 [1/1] (0.00ns)   --->   "%zext_ln51_8 = zext i14 %select_ln51_8" [firmware/nnet_utils/nnet_activation_stream.h:51]   --->   Operation 143 'zext' 'zext_ln51_8' <Predicate = true> <Delay = 0.00>
ST_3 : Operation 144 [1/1] (0.00ns)   --->   "%shl_ln52_9 = bitconcatenate i14 @_ssdm_op_BitConcatenate.i14.i8.i6, i8 %tmp_12, i6 0" [firmware/nnet_utils/nnet_activation_stream.h:52]   --->   Operation 144 'bitconcatenate' 'shl_ln52_9' <Predicate = (icmp_ln51_13)> <Delay = 0.00>
ST_3 : Operation 145 [1/1] (0.44ns)   --->   "%select_ln51_9 = select i1 %icmp_ln51_13, i14 %shl_ln52_9, i14 0" [firmware/nnet_utils/nnet_activation_stream.h:51]   --->   Operation 145 'select' 'select_ln51_9' <Predicate = true> <Delay = 0.44> <CoreInst = "Sel">   --->   Core 73 'Sel' <Latency = 0> <II = 1> <Delay = 0.44> <FuncUnit> <Opcode : 'select'> <InPorts = 3> <OutPorts = 1>
ST_3 : Operation 146 [1/1] (0.00ns)   --->   "%zext_ln51_9 = zext i14 %select_ln51_9" [firmware/nnet_utils/nnet_activation_stream.h:51]   --->   Operation 146 'zext' 'zext_ln51_9' <Predicate = true> <Delay = 0.00>
ST_3 : Operation 147 [1/1] (0.00ns)   --->   "%shl_ln52_s = bitconcatenate i14 @_ssdm_op_BitConcatenate.i14.i8.i6, i8 %tmp_13, i6 0" [firmware/nnet_utils/nnet_activation_stream.h:52]   --->   Operation 147 'bitconcatenate' 'shl_ln52_s' <Predicate = (icmp_ln51_14)> <Delay = 0.00>
ST_3 : Operation 148 [1/1] (0.44ns)   --->   "%select_ln51_10 = select i1 %icmp_ln51_14, i14 %shl_ln52_s, i14 0" [firmware/nnet_utils/nnet_activation_stream.h:51]   --->   Operation 148 'select' 'select_ln51_10' <Predicate = true> <Delay = 0.44> <CoreInst = "Sel">   --->   Core 73 'Sel' <Latency = 0> <II = 1> <Delay = 0.44> <FuncUnit> <Opcode : 'select'> <InPorts = 3> <OutPorts = 1>
ST_3 : Operation 149 [1/1] (0.00ns)   --->   "%zext_ln51_10 = zext i14 %select_ln51_10" [firmware/nnet_utils/nnet_activation_stream.h:51]   --->   Operation 149 'zext' 'zext_ln51_10' <Predicate = true> <Delay = 0.00>
ST_3 : Operation 150 [1/1] (0.00ns)   --->   "%shl_ln52_10 = bitconcatenate i14 @_ssdm_op_BitConcatenate.i14.i8.i6, i8 %tmp_14, i6 0" [firmware/nnet_utils/nnet_activation_stream.h:52]   --->   Operation 150 'bitconcatenate' 'shl_ln52_10' <Predicate = (icmp_ln51_15)> <Delay = 0.00>
ST_3 : Operation 151 [1/1] (0.44ns)   --->   "%select_ln51_11 = select i1 %icmp_ln51_15, i14 %shl_ln52_10, i14 0" [firmware/nnet_utils/nnet_activation_stream.h:51]   --->   Operation 151 'select' 'select_ln51_11' <Predicate = true> <Delay = 0.44> <CoreInst = "Sel">   --->   Core 73 'Sel' <Latency = 0> <II = 1> <Delay = 0.44> <FuncUnit> <Opcode : 'select'> <InPorts = 3> <OutPorts = 1>
ST_3 : Operation 152 [1/1] (0.00ns)   --->   "%zext_ln51_11 = zext i14 %select_ln51_11" [firmware/nnet_utils/nnet_activation_stream.h:51]   --->   Operation 152 'zext' 'zext_ln51_11' <Predicate = true> <Delay = 0.00>
ST_3 : Operation 153 [1/1] (0.00ns)   --->   "%shl_ln52_11 = bitconcatenate i14 @_ssdm_op_BitConcatenate.i14.i8.i6, i8 %tmp_15, i6 0" [firmware/nnet_utils/nnet_activation_stream.h:52]   --->   Operation 153 'bitconcatenate' 'shl_ln52_11' <Predicate = (icmp_ln51_16)> <Delay = 0.00>
ST_3 : Operation 154 [1/1] (0.44ns)   --->   "%select_ln51_12 = select i1 %icmp_ln51_16, i14 %shl_ln52_11, i14 0" [firmware/nnet_utils/nnet_activation_stream.h:51]   --->   Operation 154 'select' 'select_ln51_12' <Predicate = true> <Delay = 0.44> <CoreInst = "Sel">   --->   Core 73 'Sel' <Latency = 0> <II = 1> <Delay = 0.44> <FuncUnit> <Opcode : 'select'> <InPorts = 3> <OutPorts = 1>
ST_3 : Operation 155 [1/1] (0.00ns)   --->   "%zext_ln51_12 = zext i14 %select_ln51_12" [firmware/nnet_utils/nnet_activation_stream.h:51]   --->   Operation 155 'zext' 'zext_ln51_12' <Predicate = true> <Delay = 0.00>
ST_3 : Operation 156 [1/1] (0.00ns)   --->   "%shl_ln52_12 = bitconcatenate i14 @_ssdm_op_BitConcatenate.i14.i8.i6, i8 %tmp_16, i6 0" [firmware/nnet_utils/nnet_activation_stream.h:52]   --->   Operation 156 'bitconcatenate' 'shl_ln52_12' <Predicate = (icmp_ln51_17)> <Delay = 0.00>
ST_3 : Operation 157 [1/1] (0.44ns)   --->   "%select_ln51_13 = select i1 %icmp_ln51_17, i14 %shl_ln52_12, i14 0" [firmware/nnet_utils/nnet_activation_stream.h:51]   --->   Operation 157 'select' 'select_ln51_13' <Predicate = true> <Delay = 0.44> <CoreInst = "Sel">   --->   Core 73 'Sel' <Latency = 0> <II = 1> <Delay = 0.44> <FuncUnit> <Opcode : 'select'> <InPorts = 3> <OutPorts = 1>
ST_3 : Operation 158 [1/1] (0.00ns)   --->   "%zext_ln51_13 = zext i14 %select_ln51_13" [firmware/nnet_utils/nnet_activation_stream.h:51]   --->   Operation 158 'zext' 'zext_ln51_13' <Predicate = true> <Delay = 0.00>
ST_3 : Operation 159 [1/1] (0.00ns)   --->   "%shl_ln52_13 = bitconcatenate i14 @_ssdm_op_BitConcatenate.i14.i8.i6, i8 %tmp_17, i6 0" [firmware/nnet_utils/nnet_activation_stream.h:52]   --->   Operation 159 'bitconcatenate' 'shl_ln52_13' <Predicate = (icmp_ln51_18)> <Delay = 0.00>
ST_3 : Operation 160 [1/1] (0.44ns)   --->   "%select_ln51_14 = select i1 %icmp_ln51_18, i14 %shl_ln52_13, i14 0" [firmware/nnet_utils/nnet_activation_stream.h:51]   --->   Operation 160 'select' 'select_ln51_14' <Predicate = true> <Delay = 0.44> <CoreInst = "Sel">   --->   Core 73 'Sel' <Latency = 0> <II = 1> <Delay = 0.44> <FuncUnit> <Opcode : 'select'> <InPorts = 3> <OutPorts = 1>
ST_3 : Operation 161 [1/1] (0.00ns)   --->   "%zext_ln51_14 = zext i14 %select_ln51_14" [firmware/nnet_utils/nnet_activation_stream.h:51]   --->   Operation 161 'zext' 'zext_ln51_14' <Predicate = true> <Delay = 0.00>
ST_3 : Operation 162 [1/1] (0.00ns)   --->   "%shl_ln52_14 = bitconcatenate i14 @_ssdm_op_BitConcatenate.i14.i8.i6, i8 %tmp_18, i6 0" [firmware/nnet_utils/nnet_activation_stream.h:52]   --->   Operation 162 'bitconcatenate' 'shl_ln52_14' <Predicate = (icmp_ln51_19)> <Delay = 0.00>
ST_3 : Operation 163 [1/1] (0.44ns)   --->   "%select_ln51_15 = select i1 %icmp_ln51_19, i14 %shl_ln52_14, i14 0" [firmware/nnet_utils/nnet_activation_stream.h:51]   --->   Operation 163 'select' 'select_ln51_15' <Predicate = true> <Delay = 0.44> <CoreInst = "Sel">   --->   Core 73 'Sel' <Latency = 0> <II = 1> <Delay = 0.44> <FuncUnit> <Opcode : 'select'> <InPorts = 3> <OutPorts = 1>
ST_3 : Operation 164 [1/1] (0.00ns)   --->   "%zext_ln51_15 = zext i14 %select_ln51_15" [firmware/nnet_utils/nnet_activation_stream.h:51]   --->   Operation 164 'zext' 'zext_ln51_15' <Predicate = true> <Delay = 0.00>
ST_3 : Operation 165 [1/1] (0.00ns)   --->   "%shl_ln52_15 = bitconcatenate i14 @_ssdm_op_BitConcatenate.i14.i8.i6, i8 %tmp_19, i6 0" [firmware/nnet_utils/nnet_activation_stream.h:52]   --->   Operation 165 'bitconcatenate' 'shl_ln52_15' <Predicate = (icmp_ln51_20)> <Delay = 0.00>
ST_3 : Operation 166 [1/1] (0.44ns)   --->   "%select_ln51_16 = select i1 %icmp_ln51_20, i14 %shl_ln52_15, i14 0" [firmware/nnet_utils/nnet_activation_stream.h:51]   --->   Operation 166 'select' 'select_ln51_16' <Predicate = true> <Delay = 0.44> <CoreInst = "Sel">   --->   Core 73 'Sel' <Latency = 0> <II = 1> <Delay = 0.44> <FuncUnit> <Opcode : 'select'> <InPorts = 3> <OutPorts = 1>
ST_3 : Operation 167 [1/1] (0.00ns)   --->   "%zext_ln51_16 = zext i14 %select_ln51_16" [firmware/nnet_utils/nnet_activation_stream.h:51]   --->   Operation 167 'zext' 'zext_ln51_16' <Predicate = true> <Delay = 0.00>
ST_3 : Operation 168 [1/1] (0.00ns)   --->   "%shl_ln52_16 = bitconcatenate i14 @_ssdm_op_BitConcatenate.i14.i8.i6, i8 %tmp_20, i6 0" [firmware/nnet_utils/nnet_activation_stream.h:52]   --->   Operation 168 'bitconcatenate' 'shl_ln52_16' <Predicate = (icmp_ln51_21)> <Delay = 0.00>
ST_3 : Operation 169 [1/1] (0.44ns)   --->   "%select_ln51_17 = select i1 %icmp_ln51_21, i14 %shl_ln52_16, i14 0" [firmware/nnet_utils/nnet_activation_stream.h:51]   --->   Operation 169 'select' 'select_ln51_17' <Predicate = true> <Delay = 0.44> <CoreInst = "Sel">   --->   Core 73 'Sel' <Latency = 0> <II = 1> <Delay = 0.44> <FuncUnit> <Opcode : 'select'> <InPorts = 3> <OutPorts = 1>
ST_3 : Operation 170 [1/1] (0.00ns)   --->   "%zext_ln51_17 = zext i14 %select_ln51_17" [firmware/nnet_utils/nnet_activation_stream.h:51]   --->   Operation 170 'zext' 'zext_ln51_17' <Predicate = true> <Delay = 0.00>
ST_3 : Operation 171 [1/1] (0.00ns)   --->   "%shl_ln52_17 = bitconcatenate i14 @_ssdm_op_BitConcatenate.i14.i8.i6, i8 %tmp_21, i6 0" [firmware/nnet_utils/nnet_activation_stream.h:52]   --->   Operation 171 'bitconcatenate' 'shl_ln52_17' <Predicate = (icmp_ln51_22)> <Delay = 0.00>
ST_3 : Operation 172 [1/1] (0.44ns)   --->   "%select_ln51_18 = select i1 %icmp_ln51_22, i14 %shl_ln52_17, i14 0" [firmware/nnet_utils/nnet_activation_stream.h:51]   --->   Operation 172 'select' 'select_ln51_18' <Predicate = true> <Delay = 0.44> <CoreInst = "Sel">   --->   Core 73 'Sel' <Latency = 0> <II = 1> <Delay = 0.44> <FuncUnit> <Opcode : 'select'> <InPorts = 3> <OutPorts = 1>
ST_3 : Operation 173 [1/1] (0.00ns)   --->   "%zext_ln51_18 = zext i14 %select_ln51_18" [firmware/nnet_utils/nnet_activation_stream.h:51]   --->   Operation 173 'zext' 'zext_ln51_18' <Predicate = true> <Delay = 0.00>
ST_3 : Operation 174 [1/1] (0.00ns)   --->   "%shl_ln52_18 = bitconcatenate i14 @_ssdm_op_BitConcatenate.i14.i8.i6, i8 %tmp_22, i6 0" [firmware/nnet_utils/nnet_activation_stream.h:52]   --->   Operation 174 'bitconcatenate' 'shl_ln52_18' <Predicate = (icmp_ln51_23)> <Delay = 0.00>
ST_3 : Operation 175 [1/1] (0.44ns)   --->   "%select_ln51_19 = select i1 %icmp_ln51_23, i14 %shl_ln52_18, i14 0" [firmware/nnet_utils/nnet_activation_stream.h:51]   --->   Operation 175 'select' 'select_ln51_19' <Predicate = true> <Delay = 0.44> <CoreInst = "Sel">   --->   Core 73 'Sel' <Latency = 0> <II = 1> <Delay = 0.44> <FuncUnit> <Opcode : 'select'> <InPorts = 3> <OutPorts = 1>
ST_3 : Operation 176 [1/1] (0.00ns)   --->   "%zext_ln51_19 = zext i14 %select_ln51_19" [firmware/nnet_utils/nnet_activation_stream.h:51]   --->   Operation 176 'zext' 'zext_ln51_19' <Predicate = true> <Delay = 0.00>
ST_3 : Operation 177 [1/1] (0.00ns)   --->   "%shl_ln52_19 = bitconcatenate i14 @_ssdm_op_BitConcatenate.i14.i8.i6, i8 %tmp_23, i6 0" [firmware/nnet_utils/nnet_activation_stream.h:52]   --->   Operation 177 'bitconcatenate' 'shl_ln52_19' <Predicate = (icmp_ln51_24)> <Delay = 0.00>
ST_3 : Operation 178 [1/1] (0.44ns)   --->   "%select_ln51_20 = select i1 %icmp_ln51_24, i14 %shl_ln52_19, i14 0" [firmware/nnet_utils/nnet_activation_stream.h:51]   --->   Operation 178 'select' 'select_ln51_20' <Predicate = true> <Delay = 0.44> <CoreInst = "Sel">   --->   Core 73 'Sel' <Latency = 0> <II = 1> <Delay = 0.44> <FuncUnit> <Opcode : 'select'> <InPorts = 3> <OutPorts = 1>
ST_3 : Operation 179 [1/1] (0.00ns)   --->   "%zext_ln51_20 = zext i14 %select_ln51_20" [firmware/nnet_utils/nnet_activation_stream.h:51]   --->   Operation 179 'zext' 'zext_ln51_20' <Predicate = true> <Delay = 0.00>
ST_3 : Operation 180 [1/1] (0.00ns)   --->   "%shl_ln52_20 = bitconcatenate i14 @_ssdm_op_BitConcatenate.i14.i8.i6, i8 %tmp_24, i6 0" [firmware/nnet_utils/nnet_activation_stream.h:52]   --->   Operation 180 'bitconcatenate' 'shl_ln52_20' <Predicate = (icmp_ln51_25)> <Delay = 0.00>
ST_3 : Operation 181 [1/1] (0.44ns)   --->   "%select_ln51_21 = select i1 %icmp_ln51_25, i14 %shl_ln52_20, i14 0" [firmware/nnet_utils/nnet_activation_stream.h:51]   --->   Operation 181 'select' 'select_ln51_21' <Predicate = true> <Delay = 0.44> <CoreInst = "Sel">   --->   Core 73 'Sel' <Latency = 0> <II = 1> <Delay = 0.44> <FuncUnit> <Opcode : 'select'> <InPorts = 3> <OutPorts = 1>
ST_3 : Operation 182 [1/1] (0.00ns)   --->   "%zext_ln51_21 = zext i14 %select_ln51_21" [firmware/nnet_utils/nnet_activation_stream.h:51]   --->   Operation 182 'zext' 'zext_ln51_21' <Predicate = true> <Delay = 0.00>
ST_3 : Operation 183 [1/1] (0.00ns)   --->   "%shl_ln52_21 = bitconcatenate i14 @_ssdm_op_BitConcatenate.i14.i8.i6, i8 %tmp_25, i6 0" [firmware/nnet_utils/nnet_activation_stream.h:52]   --->   Operation 183 'bitconcatenate' 'shl_ln52_21' <Predicate = (icmp_ln51_26)> <Delay = 0.00>
ST_3 : Operation 184 [1/1] (0.44ns)   --->   "%select_ln51_22 = select i1 %icmp_ln51_26, i14 %shl_ln52_21, i14 0" [firmware/nnet_utils/nnet_activation_stream.h:51]   --->   Operation 184 'select' 'select_ln51_22' <Predicate = true> <Delay = 0.44> <CoreInst = "Sel">   --->   Core 73 'Sel' <Latency = 0> <II = 1> <Delay = 0.44> <FuncUnit> <Opcode : 'select'> <InPorts = 3> <OutPorts = 1>
ST_3 : Operation 185 [1/1] (0.00ns)   --->   "%zext_ln51_22 = zext i14 %select_ln51_22" [firmware/nnet_utils/nnet_activation_stream.h:51]   --->   Operation 185 'zext' 'zext_ln51_22' <Predicate = true> <Delay = 0.00>
ST_3 : Operation 186 [1/1] (0.00ns)   --->   "%shl_ln52_22 = bitconcatenate i14 @_ssdm_op_BitConcatenate.i14.i8.i6, i8 %tmp_26, i6 0" [firmware/nnet_utils/nnet_activation_stream.h:52]   --->   Operation 186 'bitconcatenate' 'shl_ln52_22' <Predicate = (icmp_ln51_27)> <Delay = 0.00>
ST_3 : Operation 187 [1/1] (0.44ns)   --->   "%select_ln51_23 = select i1 %icmp_ln51_27, i14 %shl_ln52_22, i14 0" [firmware/nnet_utils/nnet_activation_stream.h:51]   --->   Operation 187 'select' 'select_ln51_23' <Predicate = true> <Delay = 0.44> <CoreInst = "Sel">   --->   Core 73 'Sel' <Latency = 0> <II = 1> <Delay = 0.44> <FuncUnit> <Opcode : 'select'> <InPorts = 3> <OutPorts = 1>
ST_3 : Operation 188 [1/1] (0.00ns)   --->   "%or_ln57_s = bitconcatenate i446 @_ssdm_op_BitConcatenate.i446.i14.i16.i16.i16.i16.i16.i16.i16.i16.i16.i16.i16.i16.i16.i16.i16.i16.i16.i16.i16.i16.i16.i16.i16.i16.i16.i16.i16, i14 %select_ln51_23, i16 %zext_ln51_22, i16 %zext_ln51_21, i16 %zext_ln51_20, i16 %zext_ln51_19, i16 %zext_ln51_18, i16 %zext_ln51_17, i16 %zext_ln51_16, i16 %zext_ln51_15, i16 %zext_ln51_14, i16 %zext_ln51_13, i16 %zext_ln51_12, i16 %zext_ln51_11, i16 %zext_ln51_10, i16 %zext_ln51_9, i16 %zext_ln51_8, i16 %zext_ln51_7, i16 %zext_ln51_6, i16 %zext_ln51_5, i16 %zext_ln51_4, i16 %zext_ln51_3, i16 %zext_ln51_2, i16 %zext_ln51_1, i16 %zext_ln51, i16 %zext_ln45_3, i16 %zext_ln45_2, i16 %zext_ln45_1, i16 %zext_ln45" [firmware/nnet_utils/nnet_activation_stream.h:57]   --->   Operation 188 'bitconcatenate' 'or_ln57_s' <Predicate = true> <Delay = 0.00>
ST_3 : Operation 189 [1/1] (0.00ns)   --->   "%zext_ln57 = zext i446 %or_ln57_s" [firmware/nnet_utils/nnet_activation_stream.h:57]   --->   Operation 189 'zext' 'zext_ln57' <Predicate = true> <Delay = 0.00>
ST_3 : Operation 190 [1/1] (1.82ns)   --->   "%write_ln57 = write void @_ssdm_op_Write.ap_fifo.volatile.i448P0A, i448 %layer4x4_out, i448 %zext_ln57" [firmware/nnet_utils/nnet_activation_stream.h:57]   --->   Operation 190 'write' 'write_ln57' <Predicate = true> <Delay = 1.82> <CoreInst = "FIFO_SRL">   --->   Core 81 'FIFO_SRL' <Latency = 0> <II = 1> <Delay = 1.83> <Storage> <Opcode : 'read' 'write' 'nbread' 'nbwrite'> <Ports = 0> <Width = 448> <Depth = 4> <FIFO>
ST_3 : Operation 191 [1/1] (0.00ns)   --->   "%br_ln41 = br void %ReLUPackLoop" [firmware/nnet_utils/nnet_activation_stream.h:41]   --->   Operation 191 'br' 'br_ln41' <Predicate = true> <Delay = 0.00>


============================================================
+ Verbose Summary: Timing violations
============================================================
Target clock period: 5.000ns, clock uncertainty: 1.350ns.

 <State 1>: 1.627ns
The critical path consists of the following:
	'store' operation 0 bit ('store_ln41', firmware/nnet_utils/nnet_activation_stream.h:41) of constant 0 on local variable 'i', firmware/nnet_utils/nnet_activation_stream.h:41 [7]  (0.427 ns)
	'load' operation 7 bit ('i', firmware/nnet_utils/nnet_activation_stream.h:41) on local variable 'i', firmware/nnet_utils/nnet_activation_stream.h:41 [10]  (0.000 ns)
	'add' operation 7 bit ('i', firmware/nnet_utils/nnet_activation_stream.h:41) [12]  (0.773 ns)
	'store' operation 0 bit ('store_ln41', firmware/nnet_utils/nnet_activation_stream.h:41) of variable 'i', firmware/nnet_utils/nnet_activation_stream.h:41 on local variable 'i', firmware/nnet_utils/nnet_activation_stream.h:41 [189]  (0.427 ns)

 <State 2>: 2.601ns
The critical path consists of the following:
	fifo read operation ('layer3x4_out_read', firmware/nnet_utils/nnet_activation_stream.h:44) on port 'layer3x4_out' (firmware/nnet_utils/nnet_activation_stream.h:44) [18]  (1.825 ns)
	'icmp' operation 1 bit ('icmp_ln51', firmware/nnet_utils/nnet_activation_stream.h:51) [47]  (0.776 ns)

 <State 3>: 2.272ns
The critical path consists of the following:
	'select' operation 14 bit ('out_data', firmware/nnet_utils/nnet_activation_stream.h:51) [50]  (0.447 ns)
	fifo write operation ('write_ln57', firmware/nnet_utils/nnet_activation_stream.h:57) on port 'layer4x4_out' (firmware/nnet_utils/nnet_activation_stream.h:57) [188]  (1.825 ns)


============================================================
+ Verbose Summary: Binding
============================================================
N/A
* FSMD analyzer results:
  - Output states:
 - Input state : 
  - Chain level:
	State 1
	State 2
	State 3


============================================================
+ Verbose Summary: Datapath Resource usage 
============================================================
N/A
