

================================================================
== Vitis HLS Report for 'relu_array_ap_fixed_7u_array_ap_fixed_16_6_5_3_0_7u_relu_config4_s'
================================================================
* Date:           Sun May 17 02:22:50 2026

* Version:        2023.2 (Build 4023990 on Oct 11 2023)
* Project:        cnn_core_streaming_prj
* Solution:       solution1 (Vivado IP Flow Target)
* Product family: kintexuplus
* Target device:  xcku5p-ffvb676-2-e


================================================================
== Performance Estimates
================================================================
+ Timing: 
    * Summary: 
    +--------+---------+----------+------------+
    |  Clock |  Target | Estimated| Uncertainty|
    +--------+---------+----------+------------+
    |ap_clk  |  5.00 ns|  2.500 ns|     1.35 ns|
    +--------+---------+----------+------------+

+ Latency: 
    * Summary: 
    +---------+---------+----------+----------+-----+-----+---------+
    |  Latency (cycles) |  Latency (absolute) |  Interval | Pipeline|
    |   min   |   max   |    min   |    max   | min | max |   Type  |
    +---------+---------+----------+----------+-----+-----+---------+
    |      339|      339|  1.695 us|  1.695 us|  339|  339|       no|
    +---------+---------+----------+----------+-----+-----+---------+

    + Detail: 
        * Instance: 
        N/A

        * Loop: 
        +---------------+---------+---------+----------+-----------+-----------+------+----------+
        |               |  Latency (cycles) | Iteration|  Initiation Interval  | Trip |          |
        |   Loop Name   |   min   |   max   |  Latency |  achieved |   target  | Count| Pipelined|
        +---------------+---------+---------+----------+-----------+-----------+------+----------+
        |- ReLUActLoop  |      337|      337|         3|          1|          1|   336|       yes|
        +---------------+---------+---------+----------+-----------+-----------+------+----------+

============================================================
+ Verbose Summary: Synthesis Manager
============================================================
InlineROM: 1
ExposeGlobal: 0
============================================================
+ Verbose Summary: CDFG Model
============================================================
IsTopModel: 0
ResetActiveHigh: 1
IsCombinational: 2
IsDatapathOnly: 0
HasWiredReturn: 1
HasMFsm: 2
HasVarLatency: 1
IsPipeline: 0
IsRtlPipelined: 0
IsInstanceOverlapped: 0
IsDontTouch: 0
HasImplIP: 0
IsGatedGlobalClock: 0

+ Individual pipeline summary: 
  * Pipeline-0: initiation interval (II) = 1, depth = 3


============================================================
+ Verbose Summary: Schedule
============================================================
* Number of FSM states : 3
* Pipeline : 1
  Pipeline-0 : II = 1, D = 3, States = { 1 2 3 }
* Dataflow Pipeline: 0

* FSM state transitions: 
1 --> 2 
2 --> 3 
3 --> 

* FSM state operations: 

State 1 <SV = 0> <Delay = 1.63>
ST_1 : Operation 6 [1/1] (0.00ns)   --->   "%i = alloca i32 1" [firmware/nnet_utils/nnet_activation_stream.h:41]   --->   Operation 6 'alloca' 'i' <Predicate = true> <Delay = 0.00>
ST_1 : Operation 7 [1/1] (0.00ns)   --->   "%specinterface_ln0 = specinterface void @_ssdm_op_SpecInterface, i112 %layer4_out, void @empty_2, i32 0, i32 0, void @empty_1, i32 0, i32 0, void @empty_1, void @empty_1, void @empty_1, i32 0, i32 0, i32 0, i32 0, void @empty_1, void @empty_1, i32 4294967295, i32 0"   --->   Operation 7 'specinterface' 'specinterface_ln0' <Predicate = true> <Delay = 0.00>
ST_1 : Operation 8 [1/1] (0.00ns)   --->   "%specinterface_ln0 = specinterface void @_ssdm_op_SpecInterface, i63 %layer3_out, void @empty_2, i32 0, i32 0, void @empty_1, i32 0, i32 0, void @empty_1, void @empty_1, void @empty_1, i32 0, i32 0, i32 0, i32 0, void @empty_1, void @empty_1, i32 4294967295, i32 0"   --->   Operation 8 'specinterface' 'specinterface_ln0' <Predicate = true> <Delay = 0.00>
ST_1 : Operation 9 [1/1] (0.42ns)   --->   "%store_ln41 = store i9 0, i9 %i" [firmware/nnet_utils/nnet_activation_stream.h:41]   --->   Operation 9 'store' 'store_ln41' <Predicate = true> <Delay = 0.42>
ST_1 : Operation 10 [1/1] (0.00ns)   --->   "%br_ln41 = br void %ReLUPackLoop" [firmware/nnet_utils/nnet_activation_stream.h:41]   --->   Operation 10 'br' 'br_ln41' <Predicate = true> <Delay = 0.00>
ST_1 : Operation 11 [1/1] (0.00ns)   --->   "%i_1 = load i9 %i" [firmware/nnet_utils/nnet_activation_stream.h:41]   --->   Operation 11 'load' 'i_1' <Predicate = true> <Delay = 0.00>
ST_1 : Operation 12 [1/1] (0.77ns)   --->   "%icmp_ln41 = icmp_eq  i9 %i_1, i9 336" [firmware/nnet_utils/nnet_activation_stream.h:41]   --->   Operation 12 'icmp' 'icmp_ln41' <Predicate = true> <Delay = 0.77> <CoreInst = "Cmp">   --->   Core 9 'Cmp' <Latency = 0> <II = 1> <Delay = 0.77> <FuncUnit> <Opcode : 'icmp'> <InPorts = 2> <OutPorts = 1>
ST_1 : Operation 13 [1/1] (0.77ns)   --->   "%i_2 = add i9 %i_1, i9 1" [firmware/nnet_utils/nnet_activation_stream.h:41]   --->   Operation 13 'add' 'i_2' <Predicate = true> <Delay = 0.77> <CoreInst = "Adder">   --->   Core 1 'Adder' <Latency = 0> <II = 1> <Delay = 0.77> <FuncUnit> <Opcode : 'add' 'sub'> <InPorts = 2> <OutPorts = 1>
ST_1 : Operation 14 [1/1] (0.00ns)   --->   "%br_ln41 = br i1 %icmp_ln41, void %ReLUPackLoop.split, void %for.end15" [firmware/nnet_utils/nnet_activation_stream.h:41]   --->   Operation 14 'br' 'br_ln41' <Predicate = true> <Delay = 0.00>
ST_1 : Operation 15 [1/1] (0.42ns)   --->   "%store_ln41 = store i9 %i_2, i9 %i" [firmware/nnet_utils/nnet_activation_stream.h:41]   --->   Operation 15 'store' 'store_ln41' <Predicate = (!icmp_ln41)> <Delay = 0.42>

State 2 <SV = 1> <Delay = 2.50>
ST_2 : Operation 16 [1/1] (1.72ns)   --->   "%layer3_out_read = read i63 @_ssdm_op_Read.ap_fifo.volatile.i63P0A, i63 %layer3_out" [firmware/nnet_utils/nnet_activation_stream.h:44]   --->   Operation 16 'read' 'layer3_out_read' <Predicate = true> <Delay = 1.72> <CoreInst = "FIFO">   --->   Core 78 'FIFO' <Latency = 0> <II = 1> <Delay = 1.72> <Storage> <Opcode : 'read' 'write' 'nbread' 'nbwrite'> <Ports = 0> <Width = 63> <Depth = 336> <FIFO>
ST_2 : Operation 17 [1/1] (0.00ns)   --->   "%trunc_ln44 = trunc i63 %layer3_out_read" [firmware/nnet_utils/nnet_activation_stream.h:44]   --->   Operation 17 'trunc' 'trunc_ln44' <Predicate = true> <Delay = 0.00>
ST_2 : Operation 18 [1/1] (0.00ns)   --->   "%trunc_ln44_1 = partselect i9 @_ssdm_op_PartSelect.i9.i63.i32.i32, i63 %layer3_out_read, i32 9, i32 17" [firmware/nnet_utils/nnet_activation_stream.h:44]   --->   Operation 18 'partselect' 'trunc_ln44_1' <Predicate = true> <Delay = 0.00>
ST_2 : Operation 19 [1/1] (0.00ns)   --->   "%trunc_ln44_2 = partselect i9 @_ssdm_op_PartSelect.i9.i63.i32.i32, i63 %layer3_out_read, i32 18, i32 26" [firmware/nnet_utils/nnet_activation_stream.h:44]   --->   Operation 19 'partselect' 'trunc_ln44_2' <Predicate = true> <Delay = 0.00>
ST_2 : Operation 20 [1/1] (0.00ns)   --->   "%trunc_ln44_3 = partselect i9 @_ssdm_op_PartSelect.i9.i63.i32.i32, i63 %layer3_out_read, i32 27, i32 35" [firmware/nnet_utils/nnet_activation_stream.h:44]   --->   Operation 20 'partselect' 'trunc_ln44_3' <Predicate = true> <Delay = 0.00>
ST_2 : Operation 21 [1/1] (0.00ns)   --->   "%trunc_ln44_4 = partselect i9 @_ssdm_op_PartSelect.i9.i63.i32.i32, i63 %layer3_out_read, i32 36, i32 44" [firmware/nnet_utils/nnet_activation_stream.h:44]   --->   Operation 21 'partselect' 'trunc_ln44_4' <Predicate = true> <Delay = 0.00>
ST_2 : Operation 22 [1/1] (0.00ns)   --->   "%trunc_ln44_5 = partselect i9 @_ssdm_op_PartSelect.i9.i63.i32.i32, i63 %layer3_out_read, i32 45, i32 53" [firmware/nnet_utils/nnet_activation_stream.h:44]   --->   Operation 22 'partselect' 'trunc_ln44_5' <Predicate = true> <Delay = 0.00>
ST_2 : Operation 23 [1/1] (0.00ns)   --->   "%trunc_ln44_6 = partselect i9 @_ssdm_op_PartSelect.i9.i63.i32.i32, i63 %layer3_out_read, i32 54, i32 62" [firmware/nnet_utils/nnet_activation_stream.h:44]   --->   Operation 23 'partselect' 'trunc_ln44_6' <Predicate = true> <Delay = 0.00>
ST_2 : Operation 24 [1/1] (0.77ns)   --->   "%icmp_ln51 = icmp_sgt  i9 %trunc_ln44, i9 0" [firmware/nnet_utils/nnet_activation_stream.h:51]   --->   Operation 24 'icmp' 'icmp_ln51' <Predicate = true> <Delay = 0.77> <CoreInst = "Cmp">   --->   Core 9 'Cmp' <Latency = 0> <II = 1> <Delay = 0.77> <FuncUnit> <Opcode : 'icmp'> <InPorts = 2> <OutPorts = 1>
ST_2 : Operation 25 [1/1] (0.00ns)   --->   "%trunc_ln52 = trunc i63 %layer3_out_read" [firmware/nnet_utils/nnet_activation_stream.h:52]   --->   Operation 25 'trunc' 'trunc_ln52' <Predicate = true> <Delay = 0.00>
ST_2 : Operation 26 [1/1] (0.77ns)   --->   "%icmp_ln51_1 = icmp_sgt  i9 %trunc_ln44_1, i9 0" [firmware/nnet_utils/nnet_activation_stream.h:51]   --->   Operation 26 'icmp' 'icmp_ln51_1' <Predicate = true> <Delay = 0.77> <CoreInst = "Cmp">   --->   Core 9 'Cmp' <Latency = 0> <II = 1> <Delay = 0.77> <FuncUnit> <Opcode : 'icmp'> <InPorts = 2> <OutPorts = 1>
ST_2 : Operation 27 [1/1] (0.00ns)   --->   "%tmp_1 = partselect i8 @_ssdm_op_PartSelect.i8.i63.i32.i32, i63 %layer3_out_read, i32 9, i32 16" [firmware/nnet_utils/nnet_activation_stream.h:52]   --->   Operation 27 'partselect' 'tmp_1' <Predicate = true> <Delay = 0.00>
ST_2 : Operation 28 [1/1] (0.77ns)   --->   "%icmp_ln51_2 = icmp_sgt  i9 %trunc_ln44_2, i9 0" [firmware/nnet_utils/nnet_activation_stream.h:51]   --->   Operation 28 'icmp' 'icmp_ln51_2' <Predicate = true> <Delay = 0.77> <CoreInst = "Cmp">   --->   Core 9 'Cmp' <Latency = 0> <II = 1> <Delay = 0.77> <FuncUnit> <Opcode : 'icmp'> <InPorts = 2> <OutPorts = 1>
ST_2 : Operation 29 [1/1] (0.00ns)   --->   "%tmp_2 = partselect i8 @_ssdm_op_PartSelect.i8.i63.i32.i32, i63 %layer3_out_read, i32 18, i32 25" [firmware/nnet_utils/nnet_activation_stream.h:52]   --->   Operation 29 'partselect' 'tmp_2' <Predicate = true> <Delay = 0.00>
ST_2 : Operation 30 [1/1] (0.77ns)   --->   "%icmp_ln51_3 = icmp_sgt  i9 %trunc_ln44_3, i9 0" [firmware/nnet_utils/nnet_activation_stream.h:51]   --->   Operation 30 'icmp' 'icmp_ln51_3' <Predicate = true> <Delay = 0.77> <CoreInst = "Cmp">   --->   Core 9 'Cmp' <Latency = 0> <II = 1> <Delay = 0.77> <FuncUnit> <Opcode : 'icmp'> <InPorts = 2> <OutPorts = 1>
ST_2 : Operation 31 [1/1] (0.00ns)   --->   "%tmp_3 = partselect i8 @_ssdm_op_PartSelect.i8.i63.i32.i32, i63 %layer3_out_read, i32 27, i32 34" [firmware/nnet_utils/nnet_activation_stream.h:52]   --->   Operation 31 'partselect' 'tmp_3' <Predicate = true> <Delay = 0.00>
ST_2 : Operation 32 [1/1] (0.77ns)   --->   "%icmp_ln51_4 = icmp_sgt  i9 %trunc_ln44_4, i9 0" [firmware/nnet_utils/nnet_activation_stream.h:51]   --->   Operation 32 'icmp' 'icmp_ln51_4' <Predicate = true> <Delay = 0.77> <CoreInst = "Cmp">   --->   Core 9 'Cmp' <Latency = 0> <II = 1> <Delay = 0.77> <FuncUnit> <Opcode : 'icmp'> <InPorts = 2> <OutPorts = 1>
ST_2 : Operation 33 [1/1] (0.00ns)   --->   "%tmp_4 = partselect i8 @_ssdm_op_PartSelect.i8.i63.i32.i32, i63 %layer3_out_read, i32 36, i32 43" [firmware/nnet_utils/nnet_activation_stream.h:52]   --->   Operation 33 'partselect' 'tmp_4' <Predicate = true> <Delay = 0.00>
ST_2 : Operation 34 [1/1] (0.77ns)   --->   "%icmp_ln51_5 = icmp_sgt  i9 %trunc_ln44_5, i9 0" [firmware/nnet_utils/nnet_activation_stream.h:51]   --->   Operation 34 'icmp' 'icmp_ln51_5' <Predicate = true> <Delay = 0.77> <CoreInst = "Cmp">   --->   Core 9 'Cmp' <Latency = 0> <II = 1> <Delay = 0.77> <FuncUnit> <Opcode : 'icmp'> <InPorts = 2> <OutPorts = 1>
ST_2 : Operation 35 [1/1] (0.00ns)   --->   "%tmp_5 = partselect i8 @_ssdm_op_PartSelect.i8.i63.i32.i32, i63 %layer3_out_read, i32 45, i32 52" [firmware/nnet_utils/nnet_activation_stream.h:52]   --->   Operation 35 'partselect' 'tmp_5' <Predicate = true> <Delay = 0.00>
ST_2 : Operation 36 [1/1] (0.77ns)   --->   "%icmp_ln51_6 = icmp_sgt  i9 %trunc_ln44_6, i9 0" [firmware/nnet_utils/nnet_activation_stream.h:51]   --->   Operation 36 'icmp' 'icmp_ln51_6' <Predicate = true> <Delay = 0.77> <CoreInst = "Cmp">   --->   Core 9 'Cmp' <Latency = 0> <II = 1> <Delay = 0.77> <FuncUnit> <Opcode : 'icmp'> <InPorts = 2> <OutPorts = 1>
ST_2 : Operation 37 [1/1] (0.00ns)   --->   "%tmp_6 = partselect i8 @_ssdm_op_PartSelect.i8.i63.i32.i32, i63 %layer3_out_read, i32 54, i32 61" [firmware/nnet_utils/nnet_activation_stream.h:52]   --->   Operation 37 'partselect' 'tmp_6' <Predicate = true> <Delay = 0.00>
ST_2 : Operation 65 [1/1] (0.00ns)   --->   "%ret_ln59 = ret" [firmware/nnet_utils/nnet_activation_stream.h:59]   --->   Operation 65 'ret' 'ret_ln59' <Predicate = (icmp_ln41)> <Delay = 0.00>

State 3 <SV = 2> <Delay = 2.17>
ST_3 : Operation 38 [1/1] (0.00ns)   --->   "%specpipeline_ln42 = specpipeline void @_ssdm_op_SpecPipeline, i32 4294967295, i32 0, i32 0, i32 0, void @empty_1" [firmware/nnet_utils/nnet_activation_stream.h:42]   --->   Operation 38 'specpipeline' 'specpipeline_ln42' <Predicate = true> <Delay = 0.00>
ST_3 : Operation 39 [1/1] (0.00ns)   --->   "%speclooptripcount_ln41 = speclooptripcount void @_ssdm_op_SpecLoopTripCount, i64 336, i64 336, i64 336" [firmware/nnet_utils/nnet_activation_stream.h:41]   --->   Operation 39 'speclooptripcount' 'speclooptripcount_ln41' <Predicate = true> <Delay = 0.00>
ST_3 : Operation 40 [1/1] (0.00ns)   --->   "%specloopname_ln41 = specloopname void @_ssdm_op_SpecLoopName, void @empty_5" [firmware/nnet_utils/nnet_activation_stream.h:41]   --->   Operation 40 'specloopname' 'specloopname_ln41' <Predicate = true> <Delay = 0.00>
ST_3 : Operation 41 [1/1] (0.00ns)   --->   "%out_data = bitconcatenate i14 @_ssdm_op_BitConcatenate.i14.i8.i6, i8 %trunc_ln52, i6 0" [firmware/nnet_utils/nnet_activation_stream.h:52]   --->   Operation 41 'bitconcatenate' 'out_data' <Predicate = (icmp_ln51)> <Delay = 0.00>
ST_3 : Operation 42 [1/1] (0.44ns)   --->   "%out_data_1 = select i1 %icmp_ln51, i14 %out_data, i14 0" [firmware/nnet_utils/nnet_activation_stream.h:51]   --->   Operation 42 'select' 'out_data_1' <Predicate = true> <Delay = 0.44> <CoreInst = "Sel">   --->   Core 73 'Sel' <Latency = 0> <II = 1> <Delay = 0.44> <FuncUnit> <Opcode : 'select'> <InPorts = 3> <OutPorts = 1>
ST_3 : Operation 43 [1/1] (0.00ns)   --->   "%zext_ln45 = zext i14 %out_data_1" [firmware/nnet_utils/nnet_activation_stream.h:45]   --->   Operation 43 'zext' 'zext_ln45' <Predicate = true> <Delay = 0.00>
ST_3 : Operation 44 [1/1] (0.00ns)   --->   "%out_data_2 = bitconcatenate i14 @_ssdm_op_BitConcatenate.i14.i8.i6, i8 %tmp_1, i6 0" [firmware/nnet_utils/nnet_activation_stream.h:52]   --->   Operation 44 'bitconcatenate' 'out_data_2' <Predicate = (icmp_ln51_1)> <Delay = 0.00>
ST_3 : Operation 45 [1/1] (0.44ns)   --->   "%out_data_3 = select i1 %icmp_ln51_1, i14 %out_data_2, i14 0" [firmware/nnet_utils/nnet_activation_stream.h:51]   --->   Operation 45 'select' 'out_data_3' <Predicate = true> <Delay = 0.44> <CoreInst = "Sel">   --->   Core 73 'Sel' <Latency = 0> <II = 1> <Delay = 0.44> <FuncUnit> <Opcode : 'select'> <InPorts = 3> <OutPorts = 1>
ST_3 : Operation 46 [1/1] (0.00ns)   --->   "%zext_ln45_1 = zext i14 %out_data_3" [firmware/nnet_utils/nnet_activation_stream.h:45]   --->   Operation 46 'zext' 'zext_ln45_1' <Predicate = true> <Delay = 0.00>
ST_3 : Operation 47 [1/1] (0.00ns)   --->   "%out_data_4 = bitconcatenate i14 @_ssdm_op_BitConcatenate.i14.i8.i6, i8 %tmp_2, i6 0" [firmware/nnet_utils/nnet_activation_stream.h:52]   --->   Operation 47 'bitconcatenate' 'out_data_4' <Predicate = (icmp_ln51_2)> <Delay = 0.00>
ST_3 : Operation 48 [1/1] (0.44ns)   --->   "%out_data_5 = select i1 %icmp_ln51_2, i14 %out_data_4, i14 0" [firmware/nnet_utils/nnet_activation_stream.h:51]   --->   Operation 48 'select' 'out_data_5' <Predicate = true> <Delay = 0.44> <CoreInst = "Sel">   --->   Core 73 'Sel' <Latency = 0> <II = 1> <Delay = 0.44> <FuncUnit> <Opcode : 'select'> <InPorts = 3> <OutPorts = 1>
ST_3 : Operation 49 [1/1] (0.00ns)   --->   "%zext_ln45_2 = zext i14 %out_data_5" [firmware/nnet_utils/nnet_activation_stream.h:45]   --->   Operation 49 'zext' 'zext_ln45_2' <Predicate = true> <Delay = 0.00>
ST_3 : Operation 50 [1/1] (0.00ns)   --->   "%out_data_6 = bitconcatenate i14 @_ssdm_op_BitConcatenate.i14.i8.i6, i8 %tmp_3, i6 0" [firmware/nnet_utils/nnet_activation_stream.h:52]   --->   Operation 50 'bitconcatenate' 'out_data_6' <Predicate = (icmp_ln51_3)> <Delay = 0.00>
ST_3 : Operation 51 [1/1] (0.44ns)   --->   "%out_data_7 = select i1 %icmp_ln51_3, i14 %out_data_6, i14 0" [firmware/nnet_utils/nnet_activation_stream.h:51]   --->   Operation 51 'select' 'out_data_7' <Predicate = true> <Delay = 0.44> <CoreInst = "Sel">   --->   Core 73 'Sel' <Latency = 0> <II = 1> <Delay = 0.44> <FuncUnit> <Opcode : 'select'> <InPorts = 3> <OutPorts = 1>
ST_3 : Operation 52 [1/1] (0.00ns)   --->   "%zext_ln45_3 = zext i14 %out_data_7" [firmware/nnet_utils/nnet_activation_stream.h:45]   --->   Operation 52 'zext' 'zext_ln45_3' <Predicate = true> <Delay = 0.00>
ST_3 : Operation 53 [1/1] (0.00ns)   --->   "%shl_ln = bitconcatenate i14 @_ssdm_op_BitConcatenate.i14.i8.i6, i8 %tmp_4, i6 0" [firmware/nnet_utils/nnet_activation_stream.h:52]   --->   Operation 53 'bitconcatenate' 'shl_ln' <Predicate = (icmp_ln51_4)> <Delay = 0.00>
ST_3 : Operation 54 [1/1] (0.44ns)   --->   "%select_ln51 = select i1 %icmp_ln51_4, i14 %shl_ln, i14 0" [firmware/nnet_utils/nnet_activation_stream.h:51]   --->   Operation 54 'select' 'select_ln51' <Predicate = true> <Delay = 0.44> <CoreInst = "Sel">   --->   Core 73 'Sel' <Latency = 0> <II = 1> <Delay = 0.44> <FuncUnit> <Opcode : 'select'> <InPorts = 3> <OutPorts = 1>
ST_3 : Operation 55 [1/1] (0.00ns)   --->   "%zext_ln51 = zext i14 %select_ln51" [firmware/nnet_utils/nnet_activation_stream.h:51]   --->   Operation 55 'zext' 'zext_ln51' <Predicate = true> <Delay = 0.00>
ST_3 : Operation 56 [1/1] (0.00ns)   --->   "%shl_ln52_1 = bitconcatenate i14 @_ssdm_op_BitConcatenate.i14.i8.i6, i8 %tmp_5, i6 0" [firmware/nnet_utils/nnet_activation_stream.h:52]   --->   Operation 56 'bitconcatenate' 'shl_ln52_1' <Predicate = (icmp_ln51_5)> <Delay = 0.00>
ST_3 : Operation 57 [1/1] (0.44ns)   --->   "%select_ln51_1 = select i1 %icmp_ln51_5, i14 %shl_ln52_1, i14 0" [firmware/nnet_utils/nnet_activation_stream.h:51]   --->   Operation 57 'select' 'select_ln51_1' <Predicate = true> <Delay = 0.44> <CoreInst = "Sel">   --->   Core 73 'Sel' <Latency = 0> <II = 1> <Delay = 0.44> <FuncUnit> <Opcode : 'select'> <InPorts = 3> <OutPorts = 1>
ST_3 : Operation 58 [1/1] (0.00ns)   --->   "%zext_ln51_1 = zext i14 %select_ln51_1" [firmware/nnet_utils/nnet_activation_stream.h:51]   --->   Operation 58 'zext' 'zext_ln51_1' <Predicate = true> <Delay = 0.00>
ST_3 : Operation 59 [1/1] (0.00ns)   --->   "%shl_ln52_2 = bitconcatenate i14 @_ssdm_op_BitConcatenate.i14.i8.i6, i8 %tmp_6, i6 0" [firmware/nnet_utils/nnet_activation_stream.h:52]   --->   Operation 59 'bitconcatenate' 'shl_ln52_2' <Predicate = (icmp_ln51_6)> <Delay = 0.00>
ST_3 : Operation 60 [1/1] (0.44ns)   --->   "%select_ln51_2 = select i1 %icmp_ln51_6, i14 %shl_ln52_2, i14 0" [firmware/nnet_utils/nnet_activation_stream.h:51]   --->   Operation 60 'select' 'select_ln51_2' <Predicate = true> <Delay = 0.44> <CoreInst = "Sel">   --->   Core 73 'Sel' <Latency = 0> <II = 1> <Delay = 0.44> <FuncUnit> <Opcode : 'select'> <InPorts = 3> <OutPorts = 1>
ST_3 : Operation 61 [1/1] (0.00ns)   --->   "%or_ln57_s = bitconcatenate i110 @_ssdm_op_BitConcatenate.i110.i14.i16.i16.i16.i16.i16.i16, i14 %select_ln51_2, i16 %zext_ln51_1, i16 %zext_ln51, i16 %zext_ln45_3, i16 %zext_ln45_2, i16 %zext_ln45_1, i16 %zext_ln45" [firmware/nnet_utils/nnet_activation_stream.h:57]   --->   Operation 61 'bitconcatenate' 'or_ln57_s' <Predicate = true> <Delay = 0.00>
ST_3 : Operation 62 [1/1] (0.00ns)   --->   "%zext_ln57 = zext i110 %or_ln57_s" [firmware/nnet_utils/nnet_activation_stream.h:57]   --->   Operation 62 'zext' 'zext_ln57' <Predicate = true> <Delay = 0.00>
ST_3 : Operation 63 [1/1] (1.72ns)   --->   "%write_ln57 = write void @_ssdm_op_Write.ap_fifo.volatile.i112P0A, i112 %layer4_out, i112 %zext_ln57" [firmware/nnet_utils/nnet_activation_stream.h:57]   --->   Operation 63 'write' 'write_ln57' <Predicate = true> <Delay = 1.72> <CoreInst = "FIFO">   --->   Core 78 'FIFO' <Latency = 0> <II = 1> <Delay = 1.72> <Storage> <Opcode : 'read' 'write' 'nbread' 'nbwrite'> <Ports = 0> <Width = 112> <Depth = 336> <FIFO>
ST_3 : Operation 64 [1/1] (0.00ns)   --->   "%br_ln41 = br void %ReLUPackLoop" [firmware/nnet_utils/nnet_activation_stream.h:41]   --->   Operation 64 'br' 'br_ln41' <Predicate = true> <Delay = 0.00>


============================================================
+ Verbose Summary: Binding
============================================================
STG Binding: 
---------------- STG Properties BEGIN ----------------
- Is combinational: 0
- Is one-state seq: 0
- Is datapath-only: 0
- Is pipelined: 0
- Is top level: 0
Port [ Return ] is wired: 1; IO mode=ap_ctrl_hs:ce=0
Port [ layer3_out]:  wired=1; compound=1; hidden=0; nouse=0; global=0; static=0; extern=0; dir=0; type=3; pingpong=0; private_global=0; IO mode=ap_fifo:ce=0
Port [ layer4_out]:  wired=1; compound=1; hidden=0; nouse=0; global=0; static=0; extern=0; dir=1; type=3; pingpong=0; private_global=0; IO mode=ap_fifo:ce=0
---------------- STG Properties END ------------------

---------------- Datapath Model BEGIN ----------------

<LifeTime>
<method=bitvector/>
i                      (alloca           ) [ 0100]
specinterface_ln0      (specinterface    ) [ 0000]
specinterface_ln0      (specinterface    ) [ 0000]
store_ln41             (store            ) [ 0000]
br_ln41                (br               ) [ 0000]
i_1                    (load             ) [ 0000]
icmp_ln41              (icmp             ) [ 0110]
i_2                    (add              ) [ 0000]
br_ln41                (br               ) [ 0000]
store_ln41             (store            ) [ 0000]
layer3_out_read        (read             ) [ 0000]
trunc_ln44             (trunc            ) [ 0000]
trunc_ln44_1           (partselect       ) [ 0000]
trunc_ln44_2           (partselect       ) [ 0000]
trunc_ln44_3           (partselect       ) [ 0000]
trunc_ln44_4           (partselect       ) [ 0000]
trunc_ln44_5           (partselect       ) [ 0000]
trunc_ln44_6           (partselect       ) [ 0000]
icmp_ln51              (icmp             ) [ 0101]
trunc_ln52             (trunc            ) [ 0101]
icmp_ln51_1            (icmp             ) [ 0101]
tmp_1                  (partselect       ) [ 0101]
icmp_ln51_2            (icmp             ) [ 0101]
tmp_2                  (partselect       ) [ 0101]
icmp_ln51_3            (icmp             ) [ 0101]
tmp_3                  (partselect       ) [ 0101]
icmp_ln51_4            (icmp             ) [ 0101]
tmp_4                  (partselect       ) [ 0101]
icmp_ln51_5            (icmp             ) [ 0101]
tmp_5                  (partselect       ) [ 0101]
icmp_ln51_6            (icmp             ) [ 0101]
tmp_6                  (partselect       ) [ 0101]
specpipeline_ln42      (specpipeline     ) [ 0000]
speclooptripcount_ln41 (speclooptripcount) [ 0000]
specloopname_ln41      (specloopname     ) [ 0000]
out_data               (bitconcatenate   ) [ 0000]
out_data_1             (select           ) [ 0000]
zext_ln45              (zext             ) [ 0000]
out_data_2             (bitconcatenate   ) [ 0000]
out_data_3             (select           ) [ 0000]
zext_ln45_1            (zext             ) [ 0000]
out_data_4             (bitconcatenate   ) [ 0000]
out_data_5             (select           ) [ 0000]
zext_ln45_2            (zext             ) [ 0000]
out_data_6             (bitconcatenate   ) [ 0000]
out_data_7             (select           ) [ 0000]
zext_ln45_3            (zext             ) [ 0000]
shl_ln                 (bitconcatenate   ) [ 0000]
select_ln51            (select           ) [ 0000]
zext_ln51              (zext             ) [ 0000]
shl_ln52_1             (bitconcatenate   ) [ 0000]
select_ln51_1          (select           ) [ 0000]
zext_ln51_1            (zext             ) [ 0000]
shl_ln52_2             (bitconcatenate   ) [ 0000]
select_ln51_2          (select           ) [ 0000]
or_ln57_s              (bitconcatenate   ) [ 0000]
zext_ln57              (zext             ) [ 0000]
write_ln57             (write            ) [ 0000]
br_ln41                (br               ) [ 0000]
ret_ln59               (ret              ) [ 0000]
</LifeTime>

<model>

<comp_list>
<comp id="0" class="1000" name="layer3_out">
<pin_list>
<pin id="1" dir="1" index="0" bw="1" slack="0"/>
</pin_list>
<bind>
<StgValue><ssdm name="layer3_out"/></StgValue>
</bind>
</comp>

<comp id="2" class="1000" name="layer4_out">
<pin_list>
<pin id="3" dir="1" index="0" bw="1" slack="0"/>
</pin_list>
<bind>
<StgValue><ssdm name="layer4_out"/></StgValue>
</bind>
</comp>

<comp id="4" class="1001" name="const_4">
<pin_list>
<pin id="5" dir="1" index="0" bw="1" slack="0"/>
</pin_list>
<bind>
<StgValue><ssdm name=""/></StgValue>
</bind>
</comp>

<comp id="6" class="1001" name="const_6">
<pin_list>
<pin id="7" dir="1" index="0" bw="1" slack="2147483647"/>
</pin_list>
<bind>
<StgValue><ssdm name="_ssdm_op_SpecInterface"/></StgValue>
</bind>
</comp>

<comp id="8" class="1001" name="const_8">
<pin_list>
<pin id="9" dir="1" index="0" bw="1" slack="2147483647"/>
</pin_list>
<bind>
<StgValue><ssdm name="empty_2"/></StgValue>
</bind>
</comp>

<comp id="10" class="1001" name="const_10">
<pin_list>
<pin id="11" dir="1" index="0" bw="1" slack="2147483647"/>
</pin_list>
<bind>
<StgValue><ssdm name=""/></StgValue>
</bind>
</comp>

<comp id="12" class="1001" name="const_12">
<pin_list>
<pin id="13" dir="1" index="0" bw="1" slack="2147483647"/>
</pin_list>
<bind>
<StgValue><ssdm name="empty_1"/></StgValue>
</bind>
</comp>

<comp id="14" class="1001" name="const_14">
<pin_list>
<pin id="15" dir="1" index="0" bw="1" slack="2147483647"/>
</pin_list>
<bind>
<StgValue><ssdm name=""/></StgValue>
</bind>
</comp>

<comp id="16" class="1001" name="const_16">
<pin_list>
<pin id="17" dir="1" index="0" bw="1" slack="0"/>
</pin_list>
<bind>
<StgValue><ssdm name=""/></StgValue>
</bind>
</comp>

<comp id="18" class="1001" name="const_18">
<pin_list>
<pin id="19" dir="1" index="0" bw="1" slack="0"/>
</pin_list>
<bind>
<StgValue><ssdm name=""/></StgValue>
</bind>
</comp>

<comp id="20" class="1001" name="const_20">
<pin_list>
<pin id="21" dir="1" index="0" bw="1" slack="0"/>
</pin_list>
<bind>
<StgValue><ssdm name=""/></StgValue>
</bind>
</comp>

<comp id="22" class="1001" name="const_22">
<pin_list>
<pin id="23" dir="1" index="0" bw="1" slack="0"/>
</pin_list>
<bind>
<StgValue><ssdm name="_ssdm_op_Read.ap_fifo.volatile.i63P0A"/></StgValue>
</bind>
</comp>

<comp id="24" class="1001" name="const_24">
<pin_list>
<pin id="25" dir="1" index="0" bw="1" slack="0"/>
</pin_list>
<bind>
<StgValue><ssdm name="_ssdm_op_PartSelect.i9.i63.i32.i32"/></StgValue>
</bind>
</comp>

<comp id="26" class="1001" name="const_26">
<pin_list>
<pin id="27" dir="1" index="0" bw="1" slack="0"/>
</pin_list>
<bind>
<StgValue><ssdm name=""/></StgValue>
</bind>
</comp>

<comp id="28" class="1001" name="const_28">
<pin_list>
<pin id="29" dir="1" index="0" bw="1" slack="0"/>
</pin_list>
<bind>
<StgValue><ssdm name=""/></StgValue>
</bind>
</comp>

<comp id="30" class="1001" name="const_30">
<pin_list>
<pin id="31" dir="1" index="0" bw="1" slack="0"/>
</pin_list>
<bind>
<StgValue><ssdm name=""/></StgValue>
</bind>
</comp>

<comp id="32" class="1001" name="const_32">
<pin_list>
<pin id="33" dir="1" index="0" bw="1" slack="0"/>
</pin_list>
<bind>
<StgValue><ssdm name=""/></StgValue>
</bind>
</comp>

<comp id="34" class="1001" name="const_34">
<pin_list>
<pin id="35" dir="1" index="0" bw="1" slack="0"/>
</pin_list>
<bind>
<StgValue><ssdm name=""/></StgValue>
</bind>
</comp>

<comp id="36" class="1001" name="const_36">
<pin_list>
<pin id="37" dir="1" index="0" bw="1" slack="0"/>
</pin_list>
<bind>
<StgValue><ssdm name=""/></StgValue>
</bind>
</comp>

<comp id="38" class="1001" name="const_38">
<pin_list>
<pin id="39" dir="1" index="0" bw="1" slack="0"/>
</pin_list>
<bind>
<StgValue><ssdm name=""/></StgValue>
</bind>
</comp>

<comp id="40" class="1001" name="const_40">
<pin_list>
<pin id="41" dir="1" index="0" bw="1" slack="0"/>
</pin_list>
<bind>
<StgValue><ssdm name=""/></StgValue>
</bind>
</comp>

<comp id="42" class="1001" name="const_42">
<pin_list>
<pin id="43" dir="1" index="0" bw="1" slack="0"/>
</pin_list>
<bind>
<StgValue><ssdm name=""/></StgValue>
</bind>
</comp>

<comp id="44" class="1001" name="const_44">
<pin_list>
<pin id="45" dir="1" index="0" bw="1" slack="0"/>
</pin_list>
<bind>
<StgValue><ssdm name=""/></StgValue>
</bind>
</comp>

<comp id="46" class="1001" name="const_46">
<pin_list>
<pin id="47" dir="1" index="0" bw="1" slack="0"/>
</pin_list>
<bind>
<StgValue><ssdm name=""/></StgValue>
</bind>
</comp>

<comp id="48" class="1001" name="const_48">
<pin_list>
<pin id="49" dir="1" index="0" bw="1" slack="0"/>
</pin_list>
<bind>
<StgValue><ssdm name=""/></StgValue>
</bind>
</comp>

<comp id="50" class="1001" name="const_50">
<pin_list>
<pin id="51" dir="1" index="0" bw="1" slack="0"/>
</pin_list>
<bind>
<StgValue><ssdm name="_ssdm_op_PartSelect.i8.i63.i32.i32"/></StgValue>
</bind>
</comp>

<comp id="52" class="1001" name="const_52">
<pin_list>
<pin id="53" dir="1" index="0" bw="1" slack="0"/>
</pin_list>
<bind>
<StgValue><ssdm name=""/></StgValue>
</bind>
</comp>

<comp id="54" class="1001" name="const_54">
<pin_list>
<pin id="55" dir="1" index="0" bw="1" slack="0"/>
</pin_list>
<bind>
<StgValue><ssdm name=""/></StgValue>
</bind>
</comp>

<comp id="56" class="1001" name="const_56">
<pin_list>
<pin id="57" dir="1" index="0" bw="1" slack="0"/>
</pin_list>
<bind>
<StgValue><ssdm name=""/></StgValue>
</bind>
</comp>

<comp id="58" class="1001" name="const_58">
<pin_list>
<pin id="59" dir="1" index="0" bw="1" slack="0"/>
</pin_list>
<bind>
<StgValue><ssdm name=""/></StgValue>
</bind>
</comp>

<comp id="60" class="1001" name="const_60">
<pin_list>
<pin id="61" dir="1" index="0" bw="1" slack="0"/>
</pin_list>
<bind>
<StgValue><ssdm name=""/></StgValue>
</bind>
</comp>

<comp id="62" class="1001" name="const_62">
<pin_list>
<pin id="63" dir="1" index="0" bw="1" slack="0"/>
</pin_list>
<bind>
<StgValue><ssdm name=""/></StgValue>
</bind>
</comp>

<comp id="64" class="1001" name="const_64">
<pin_list>
<pin id="65" dir="1" index="0" bw="1" slack="2147483647"/>
</pin_list>
<bind>
<StgValue><ssdm name="_ssdm_op_SpecPipeline"/></StgValue>
</bind>
</comp>

<comp id="66" class="1001" name="const_66">
<pin_list>
<pin id="67" dir="1" index="0" bw="1" slack="2147483647"/>
</pin_list>
<bind>
<StgValue><ssdm name="_ssdm_op_SpecLoopTripCount"/></StgValue>
</bind>
</comp>

<comp id="68" class="1001" name="const_68">
<pin_list>
<pin id="69" dir="1" index="0" bw="1" slack="2147483647"/>
</pin_list>
<bind>
<StgValue><ssdm name=""/></StgValue>
</bind>
</comp>

<comp id="70" class="1001" name="const_70">
<pin_list>
<pin id="71" dir="1" index="0" bw="1" slack="2147483647"/>
</pin_list>
<bind>
<StgValue><ssdm name="_ssdm_op_SpecLoopName"/></StgValue>
</bind>
</comp>

<comp id="72" class="1001" name="const_72">
<pin_list>
<pin id="73" dir="1" index="0" bw="1" slack="2147483647"/>
</pin_list>
<bind>
<StgValue><ssdm name="empty_5"/></StgValue>
</bind>
</comp>

<comp id="74" class="1001" name="const_74">
<pin_list>
<pin id="75" dir="1" index="0" bw="1" slack="0"/>
</pin_list>
<bind>
<StgValue><ssdm name="_ssdm_op_BitConcatenate.i14.i8.i6"/></StgValue>
</bind>
</comp>

<comp id="76" class="1001" name="const_76">
<pin_list>
<pin id="77" dir="1" index="0" bw="1" slack="0"/>
</pin_list>
<bind>
<StgValue><ssdm name=""/></StgValue>
</bind>
</comp>

<comp id="78" class="1001" name="const_78">
<pin_list>
<pin id="79" dir="1" index="0" bw="1" slack="0"/>
</pin_list>
<bind>
<StgValue><ssdm name=""/></StgValue>
</bind>
</comp>

<comp id="80" class="1001" name="const_80">
<pin_list>
<pin id="81" dir="1" index="0" bw="1" slack="0"/>
</pin_list>
<bind>
<StgValue><ssdm name="_ssdm_op_BitConcatenate.i110.i14.i16.i16.i16.i16.i16.i16"/></StgValue>
</bind>
</comp>

<comp id="82" class="1001" name="const_82">
<pin_list>
<pin id="83" dir="1" index="0" bw="1" slack="0"/>
</pin_list>
<bind>
<StgValue><ssdm name="_ssdm_op_Write.ap_fifo.volatile.i112P0A"/></StgValue>
</bind>
</comp>

<comp id="84" class="1004" name="i_fu_84">
<pin_list>
<pin id="85" dir="0" index="0" bw="1" slack="0"/>
<pin id="86" dir="1" index="1" bw="9" slack="0"/>
</pin_list>
<bind>
<opcode="alloca(26) " fcode="alloca"/>
<opset="i/1 "/>
</bind>
</comp>

<comp id="88" class="1004" name="layer3_out_read_read_fu_88">
<pin_list>
<pin id="89" dir="0" index="0" bw="63" slack="0"/>
<pin id="90" dir="0" index="1" bw="63" slack="0"/>
<pin id="91" dir="1" index="2" bw="63" slack="0"/>
</pin_list>
<bind>
<opcode="read(1150) " fcode="read"/>
<opset="layer3_out_read/2 "/>
</bind>
</comp>

<comp id="94" class="1004" name="write_ln57_write_fu_94">
<pin_list>
<pin id="95" dir="0" index="0" bw="0" slack="0"/>
<pin id="96" dir="0" index="1" bw="112" slack="0"/>
<pin id="97" dir="0" index="2" bw="110" slack="0"/>
<pin id="98" dir="1" index="3" bw="0" slack="2147483647"/>
</pin_list>
<bind>
<opcode="write(1151) " fcode="write"/>
<opset="write_ln57/3 "/>
</bind>
</comp>

<comp id="101" class="1004" name="store_ln41_store_fu_101">
<pin_list>
<pin id="102" dir="0" index="0" bw="1" slack="0"/>
<pin id="103" dir="0" index="1" bw="9" slack="0"/>
<pin id="104" dir="1" index="2" bw="0" slack="2147483647"/>
</pin_list>
<bind>
<opcode="store(28) " fcode="store"/>
<opset="store_ln41/1 "/>
</bind>
</comp>

<comp id="106" class="1004" name="i_1_load_fu_106">
<pin_list>
<pin id="107" dir="0" index="0" bw="9" slack="0"/>
<pin id="108" dir="1" index="1" bw="9" slack="0"/>
</pin_list>
<bind>
<opcode="load(27) " fcode="load"/>
<opset="i_1/1 "/>
</bind>
</comp>

<comp id="109" class="1004" name="icmp_ln41_fu_109">
<pin_list>
<pin id="110" dir="0" index="0" bw="9" slack="0"/>
<pin id="111" dir="0" index="1" bw="9" slack="0"/>
<pin id="112" dir="1" index="2" bw="1" slack="1"/>
</pin_list>
<bind>
<opcode="icmp(45) " fcode="icmp"/>
<opset="icmp_ln41/1 "/>
</bind>
</comp>

<comp id="115" class="1004" name="i_2_fu_115">
<pin_list>
<pin id="116" dir="0" index="0" bw="9" slack="0"/>
<pin id="117" dir="0" index="1" bw="1" slack="0"/>
<pin id="118" dir="1" index="2" bw="9" slack="0"/>
</pin_list>
<bind>
<opcode="add(8) " fcode="add"/>
<opset="i_2/1 "/>
</bind>
</comp>

<comp id="121" class="1004" name="store_ln41_store_fu_121">
<pin_list>
<pin id="122" dir="0" index="0" bw="9" slack="0"/>
<pin id="123" dir="0" index="1" bw="9" slack="0"/>
<pin id="124" dir="1" index="2" bw="0" slack="2147483647"/>
</pin_list>
<bind>
<opcode="store(28) " fcode="store"/>
<opset="store_ln41/1 "/>
</bind>
</comp>

<comp id="126" class="1004" name="trunc_ln44_fu_126">
<pin_list>
<pin id="127" dir="0" index="0" bw="63" slack="0"/>
<pin id="128" dir="1" index="1" bw="9" slack="0"/>
</pin_list>
<bind>
<opcode="trunc(33) " fcode="trunc"/>
<opset="trunc_ln44/2 "/>
</bind>
</comp>

<comp id="130" class="1004" name="trunc_ln44_1_fu_130">
<pin_list>
<pin id="131" dir="0" index="0" bw="9" slack="0"/>
<pin id="132" dir="0" index="1" bw="63" slack="0"/>
<pin id="133" dir="0" index="2" bw="5" slack="0"/>
<pin id="134" dir="0" index="3" bw="6" slack="0"/>
<pin id="135" dir="1" index="4" bw="9" slack="0"/>
</pin_list>
<bind>
<opcode="partselect(1002) " fcode="partselect"/>
<opset="trunc_ln44_1/2 "/>
</bind>
</comp>

<comp id="140" class="1004" name="trunc_ln44_2_fu_140">
<pin_list>
<pin id="141" dir="0" index="0" bw="9" slack="0"/>
<pin id="142" dir="0" index="1" bw="63" slack="0"/>
<pin id="143" dir="0" index="2" bw="6" slack="0"/>
<pin id="144" dir="0" index="3" bw="6" slack="0"/>
<pin id="145" dir="1" index="4" bw="9" slack="0"/>
</pin_list>
<bind>
<opcode="partselect(1002) " fcode="partselect"/>
<opset="trunc_ln44_2/2 "/>
</bind>
</comp>

<comp id="150" class="1004" name="trunc_ln44_3_fu_150">
<pin_list>
<pin id="151" dir="0" index="0" bw="9" slack="0"/>
<pin id="152" dir="0" index="1" bw="63" slack="0"/>
<pin id="153" dir="0" index="2" bw="6" slack="0"/>
<pin id="154" dir="0" index="3" bw="7" slack="0"/>
<pin id="155" dir="1" index="4" bw="9" slack="0"/>
</pin_list>
<bind>
<opcode="partselect(1002) " fcode="partselect"/>
<opset="trunc_ln44_3/2 "/>
</bind>
</comp>

<comp id="160" class="1004" name="trunc_ln44_4_fu_160">
<pin_list>
<pin id="161" dir="0" index="0" bw="9" slack="0"/>
<pin id="162" dir="0" index="1" bw="63" slack="0"/>
<pin id="163" dir="0" index="2" bw="7" slack="0"/>
<pin id="164" dir="0" index="3" bw="7" slack="0"/>
<pin id="165" dir="1" index="4" bw="9" slack="0"/>
</pin_list>
<bind>
<opcode="partselect(1002) " fcode="partselect"/>
<opset="trunc_ln44_4/2 "/>
</bind>
</comp>

<comp id="170" class="1004" name="trunc_ln44_5_fu_170">
<pin_list>
<pin id="171" dir="0" index="0" bw="9" slack="0"/>
<pin id="172" dir="0" index="1" bw="63" slack="0"/>
<pin id="173" dir="0" index="2" bw="7" slack="0"/>
<pin id="174" dir="0" index="3" bw="7" slack="0"/>
<pin id="175" dir="1" index="4" bw="9" slack="0"/>
</pin_list>
<bind>
<opcode="partselect(1002) " fcode="partselect"/>
<opset="trunc_ln44_5/2 "/>
</bind>
</comp>

<comp id="180" class="1004" name="trunc_ln44_6_fu_180">
<pin_list>
<pin id="181" dir="0" index="0" bw="9" slack="0"/>
<pin id="182" dir="0" index="1" bw="63" slack="0"/>
<pin id="183" dir="0" index="2" bw="7" slack="0"/>
<pin id="184" dir="0" index="3" bw="7" slack="0"/>
<pin id="185" dir="1" index="4" bw="9" slack="0"/>
</pin_list>
<bind>
<opcode="partselect(1002) " fcode="partselect"/>
<opset="trunc_ln44_6/2 "/>
</bind>
</comp>

<comp id="190" class="1004" name="icmp_ln51_fu_190">
<pin_list>
<pin id="191" dir="0" index="0" bw="9" slack="0"/>
<pin id="192" dir="0" index="1" bw="1" slack="0"/>
<pin id="193" dir="1" index="2" bw="1" slack="1"/>
</pin_list>
<bind>
<opcode="icmp(45) " fcode="icmp"/>
<opset="icmp_ln51/2 "/>
</bind>
</comp>

<comp id="196" class="1004" name="trunc_ln52_fu_196">
<pin_list>
<pin id="197" dir="0" index="0" bw="63" slack="0"/>
<pin id="198" dir="1" index="1" bw="8" slack="1"/>
</pin_list>
<bind>
<opcode="trunc(33) " fcode="trunc"/>
<opset="trunc_ln52/2 "/>
</bind>
</comp>

<comp id="200" class="1004" name="icmp_ln51_1_fu_200">
<pin_list>
<pin id="201" dir="0" index="0" bw="9" slack="0"/>
<pin id="202" dir="0" index="1" bw="1" slack="0"/>
<pin id="203" dir="1" index="2" bw="1" slack="1"/>
</pin_list>
<bind>
<opcode="icmp(45) " fcode="icmp"/>
<opset="icmp_ln51_1/2 "/>
</bind>
</comp>

<comp id="206" class="1004" name="tmp_1_fu_206">
<pin_list>
<pin id="207" dir="0" index="0" bw="8" slack="0"/>
<pin id="208" dir="0" index="1" bw="63" slack="0"/>
<pin id="209" dir="0" index="2" bw="5" slack="0"/>
<pin id="210" dir="0" index="3" bw="6" slack="0"/>
<pin id="211" dir="1" index="4" bw="8" slack="1"/>
</pin_list>
<bind>
<opcode="partselect(1002) " fcode="partselect"/>
<opset="tmp_1/2 "/>
</bind>
</comp>

<comp id="216" class="1004" name="icmp_ln51_2_fu_216">
<pin_list>
<pin id="217" dir="0" index="0" bw="9" slack="0"/>
<pin id="218" dir="0" index="1" bw="1" slack="0"/>
<pin id="219" dir="1" index="2" bw="1" slack="1"/>
</pin_list>
<bind>
<opcode="icmp(45) " fcode="icmp"/>
<opset="icmp_ln51_2/2 "/>
</bind>
</comp>

<comp id="222" class="1004" name="tmp_2_fu_222">
<pin_list>
<pin id="223" dir="0" index="0" bw="8" slack="0"/>
<pin id="224" dir="0" index="1" bw="63" slack="0"/>
<pin id="225" dir="0" index="2" bw="6" slack="0"/>
<pin id="226" dir="0" index="3" bw="6" slack="0"/>
<pin id="227" dir="1" index="4" bw="8" slack="1"/>
</pin_list>
<bind>
<opcode="partselect(1002) " fcode="partselect"/>
<opset="tmp_2/2 "/>
</bind>
</comp>

<comp id="232" class="1004" name="icmp_ln51_3_fu_232">
<pin_list>
<pin id="233" dir="0" index="0" bw="9" slack="0"/>
<pin id="234" dir="0" index="1" bw="1" slack="0"/>
<pin id="235" dir="1" index="2" bw="1" slack="1"/>
</pin_list>
<bind>
<opcode="icmp(45) " fcode="icmp"/>
<opset="icmp_ln51_3/2 "/>
</bind>
</comp>

<comp id="238" class="1004" name="tmp_3_fu_238">
<pin_list>
<pin id="239" dir="0" index="0" bw="8" slack="0"/>
<pin id="240" dir="0" index="1" bw="63" slack="0"/>
<pin id="241" dir="0" index="2" bw="6" slack="0"/>
<pin id="242" dir="0" index="3" bw="7" slack="0"/>
<pin id="243" dir="1" index="4" bw="8" slack="1"/>
</pin_list>
<bind>
<opcode="partselect(1002) " fcode="partselect"/>
<opset="tmp_3/2 "/>
</bind>
</comp>

<comp id="248" class="1004" name="icmp_ln51_4_fu_248">
<pin_list>
<pin id="249" dir="0" index="0" bw="9" slack="0"/>
<pin id="250" dir="0" index="1" bw="1" slack="0"/>
<pin id="251" dir="1" index="2" bw="1" slack="1"/>
</pin_list>
<bind>
<opcode="icmp(45) " fcode="icmp"/>
<opset="icmp_ln51_4/2 "/>
</bind>
</comp>

<comp id="254" class="1004" name="tmp_4_fu_254">
<pin_list>
<pin id="255" dir="0" index="0" bw="8" slack="0"/>
<pin id="256" dir="0" index="1" bw="63" slack="0"/>
<pin id="257" dir="0" index="2" bw="7" slack="0"/>
<pin id="258" dir="0" index="3" bw="7" slack="0"/>
<pin id="259" dir="1" index="4" bw="8" slack="1"/>
</pin_list>
<bind>
<opcode="partselect(1002) " fcode="partselect"/>
<opset="tmp_4/2 "/>
</bind>
</comp>

<comp id="264" class="1004" name="icmp_ln51_5_fu_264">
<pin_list>
<pin id="265" dir="0" index="0" bw="9" slack="0"/>
<pin id="266" dir="0" index="1" bw="1" slack="0"/>
<pin id="267" dir="1" index="2" bw="1" slack="1"/>
</pin_list>
<bind>
<opcode="icmp(45) " fcode="icmp"/>
<opset="icmp_ln51_5/2 "/>
</bind>
</comp>

<comp id="270" class="1004" name="tmp_5_fu_270">
<pin_list>
<pin id="271" dir="0" index="0" bw="8" slack="0"/>
<pin id="272" dir="0" index="1" bw="63" slack="0"/>
<pin id="273" dir="0" index="2" bw="7" slack="0"/>
<pin id="274" dir="0" index="3" bw="7" slack="0"/>
<pin id="275" dir="1" index="4" bw="8" slack="1"/>
</pin_list>
<bind>
<opcode="partselect(1002) " fcode="partselect"/>
<opset="tmp_5/2 "/>
</bind>
</comp>

<comp id="280" class="1004" name="icmp_ln51_6_fu_280">
<pin_list>
<pin id="281" dir="0" index="0" bw="9" slack="0"/>
<pin id="282" dir="0" index="1" bw="1" slack="0"/>
<pin id="283" dir="1" index="2" bw="1" slack="1"/>
</pin_list>
<bind>
<opcode="icmp(45) " fcode="icmp"/>
<opset="icmp_ln51_6/2 "/>
</bind>
</comp>

<comp id="286" class="1004" name="tmp_6_fu_286">
<pin_list>
<pin id="287" dir="0" index="0" bw="8" slack="0"/>
<pin id="288" dir="0" index="1" bw="63" slack="0"/>
<pin id="289" dir="0" index="2" bw="7" slack="0"/>
<pin id="290" dir="0" index="3" bw="7" slack="0"/>
<pin id="291" dir="1" index="4" bw="8" slack="1"/>
</pin_list>
<bind>
<opcode="partselect(1002) " fcode="partselect"/>
<opset="tmp_6/2 "/>
</bind>
</comp>

<comp id="296" class="1004" name="out_data_fu_296">
<pin_list>
<pin id="297" dir="0" index="0" bw="14" slack="0"/>
<pin id="298" dir="0" index="1" bw="8" slack="1"/>
<pin id="299" dir="0" index="2" bw="1" slack="0"/>
<pin id="300" dir="1" index="3" bw="14" slack="0"/>
</pin_list>
<bind>
<opcode="bitconcatenate(1004) " fcode="bitconcatenate"/>
<opset="out_data/3 "/>
</bind>
</comp>

<comp id="303" class="1004" name="out_data_1_fu_303">
<pin_list>
<pin id="304" dir="0" index="0" bw="1" slack="1"/>
<pin id="305" dir="0" index="1" bw="14" slack="0"/>
<pin id="306" dir="0" index="2" bw="1" slack="0"/>
<pin id="307" dir="1" index="3" bw="14" slack="0"/>
</pin_list>
<bind>
<opcode="select(49) " fcode="select"/>
<opset="out_data_1/3 "/>
</bind>
</comp>

<comp id="310" class="1004" name="zext_ln45_fu_310">
<pin_list>
<pin id="311" dir="0" index="0" bw="14" slack="0"/>
<pin id="312" dir="1" index="1" bw="16" slack="0"/>
</pin_list>
<bind>
<opcode="zext(34) " fcode="zext"/>
<opset="zext_ln45/3 "/>
</bind>
</comp>

<comp id="314" class="1004" name="out_data_2_fu_314">
<pin_list>
<pin id="315" dir="0" index="0" bw="14" slack="0"/>
<pin id="316" dir="0" index="1" bw="8" slack="1"/>
<pin id="317" dir="0" index="2" bw="1" slack="0"/>
<pin id="318" dir="1" index="3" bw="14" slack="0"/>
</pin_list>
<bind>
<opcode="bitconcatenate(1004) " fcode="bitconcatenate"/>
<opset="out_data_2/3 "/>
</bind>
</comp>

<comp id="321" class="1004" name="out_data_3_fu_321">
<pin_list>
<pin id="322" dir="0" index="0" bw="1" slack="1"/>
<pin id="323" dir="0" index="1" bw="14" slack="0"/>
<pin id="324" dir="0" index="2" bw="1" slack="0"/>
<pin id="325" dir="1" index="3" bw="14" slack="0"/>
</pin_list>
<bind>
<opcode="select(49) " fcode="select"/>
<opset="out_data_3/3 "/>
</bind>
</comp>

<comp id="328" class="1004" name="zext_ln45_1_fu_328">
<pin_list>
<pin id="329" dir="0" index="0" bw="14" slack="0"/>
<pin id="330" dir="1" index="1" bw="16" slack="0"/>
</pin_list>
<bind>
<opcode="zext(34) " fcode="zext"/>
<opset="zext_ln45_1/3 "/>
</bind>
</comp>

<comp id="332" class="1004" name="out_data_4_fu_332">
<pin_list>
<pin id="333" dir="0" index="0" bw="14" slack="0"/>
<pin id="334" dir="0" index="1" bw="8" slack="1"/>
<pin id="335" dir="0" index="2" bw="1" slack="0"/>
<pin id="336" dir="1" index="3" bw="14" slack="0"/>
</pin_list>
<bind>
<opcode="bitconcatenate(1004) " fcode="bitconcatenate"/>
<opset="out_data_4/3 "/>
</bind>
</comp>

<comp id="339" class="1004" name="out_data_5_fu_339">
<pin_list>
<pin id="340" dir="0" index="0" bw="1" slack="1"/>
<pin id="341" dir="0" index="1" bw="14" slack="0"/>
<pin id="342" dir="0" index="2" bw="1" slack="0"/>
<pin id="343" dir="1" index="3" bw="14" slack="0"/>
</pin_list>
<bind>
<opcode="select(49) " fcode="select"/>
<opset="out_data_5/3 "/>
</bind>
</comp>

<comp id="346" class="1004" name="zext_ln45_2_fu_346">
<pin_list>
<pin id="347" dir="0" index="0" bw="14" slack="0"/>
<pin id="348" dir="1" index="1" bw="16" slack="0"/>
</pin_list>
<bind>
<opcode="zext(34) " fcode="zext"/>
<opset="zext_ln45_2/3 "/>
</bind>
</comp>

<comp id="350" class="1004" name="out_data_6_fu_350">
<pin_list>
<pin id="351" dir="0" index="0" bw="14" slack="0"/>
<pin id="352" dir="0" index="1" bw="8" slack="1"/>
<pin id="353" dir="0" index="2" bw="1" slack="0"/>
<pin id="354" dir="1" index="3" bw="14" slack="0"/>
</pin_list>
<bind>
<opcode="bitconcatenate(1004) " fcode="bitconcatenate"/>
<opset="out_data_6/3 "/>
</bind>
</comp>

<comp id="357" class="1004" name="out_data_7_fu_357">
<pin_list>
<pin id="358" dir="0" index="0" bw="1" slack="1"/>
<pin id="359" dir="0" index="1" bw="14" slack="0"/>
<pin id="360" dir="0" index="2" bw="1" slack="0"/>
<pin id="361" dir="1" index="3" bw="14" slack="0"/>
</pin_list>
<bind>
<opcode="select(49) " fcode="select"/>
<opset="out_data_7/3 "/>
</bind>
</comp>

<comp id="364" class="1004" name="zext_ln45_3_fu_364">
<pin_list>
<pin id="365" dir="0" index="0" bw="14" slack="0"/>
<pin id="366" dir="1" index="1" bw="16" slack="0"/>
</pin_list>
<bind>
<opcode="zext(34) " fcode="zext"/>
<opset="zext_ln45_3/3 "/>
</bind>
</comp>

<comp id="368" class="1004" name="shl_ln_fu_368">
<pin_list>
<pin id="369" dir="0" index="0" bw="14" slack="0"/>
<pin id="370" dir="0" index="1" bw="8" slack="1"/>
<pin id="371" dir="0" index="2" bw="1" slack="0"/>
<pin id="372" dir="1" index="3" bw="14" slack="0"/>
</pin_list>
<bind>
<opcode="bitconcatenate(1004) " fcode="bitconcatenate"/>
<opset="shl_ln/3 "/>
</bind>
</comp>

<comp id="375" class="1004" name="select_ln51_fu_375">
<pin_list>
<pin id="376" dir="0" index="0" bw="1" slack="1"/>
<pin id="377" dir="0" index="1" bw="14" slack="0"/>
<pin id="378" dir="0" index="2" bw="1" slack="0"/>
<pin id="379" dir="1" index="3" bw="14" slack="0"/>
</pin_list>
<bind>
<opcode="select(49) " fcode="select"/>
<opset="select_ln51/3 "/>
</bind>
</comp>

<comp id="382" class="1004" name="zext_ln51_fu_382">
<pin_list>
<pin id="383" dir="0" index="0" bw="14" slack="0"/>
<pin id="384" dir="1" index="1" bw="16" slack="0"/>
</pin_list>
<bind>
<opcode="zext(34) " fcode="zext"/>
<opset="zext_ln51/3 "/>
</bind>
</comp>

<comp id="386" class="1004" name="shl_ln52_1_fu_386">
<pin_list>
<pin id="387" dir="0" index="0" bw="14" slack="0"/>
<pin id="388" dir="0" index="1" bw="8" slack="1"/>
<pin id="389" dir="0" index="2" bw="1" slack="0"/>
<pin id="390" dir="1" index="3" bw="14" slack="0"/>
</pin_list>
<bind>
<opcode="bitconcatenate(1004) " fcode="bitconcatenate"/>
<opset="shl_ln52_1/3 "/>
</bind>
</comp>

<comp id="393" class="1004" name="select_ln51_1_fu_393">
<pin_list>
<pin id="394" dir="0" index="0" bw="1" slack="1"/>
<pin id="395" dir="0" index="1" bw="14" slack="0"/>
<pin id="396" dir="0" index="2" bw="1" slack="0"/>
<pin id="397" dir="1" index="3" bw="14" slack="0"/>
</pin_list>
<bind>
<opcode="select(49) " fcode="select"/>
<opset="select_ln51_1/3 "/>
</bind>
</comp>

<comp id="400" class="1004" name="zext_ln51_1_fu_400">
<pin_list>
<pin id="401" dir="0" index="0" bw="14" slack="0"/>
<pin id="402" dir="1" index="1" bw="16" slack="0"/>
</pin_list>
<bind>
<opcode="zext(34) " fcode="zext"/>
<opset="zext_ln51_1/3 "/>
</bind>
</comp>

<comp id="404" class="1004" name="shl_ln52_2_fu_404">
<pin_list>
<pin id="405" dir="0" index="0" bw="14" slack="0"/>
<pin id="406" dir="0" index="1" bw="8" slack="1"/>
<pin id="407" dir="0" index="2" bw="1" slack="0"/>
<pin id="408" dir="1" index="3" bw="14" slack="0"/>
</pin_list>
<bind>
<opcode="bitconcatenate(1004) " fcode="bitconcatenate"/>
<opset="shl_ln52_2/3 "/>
</bind>
</comp>

<comp id="411" class="1004" name="select_ln51_2_fu_411">
<pin_list>
<pin id="412" dir="0" index="0" bw="1" slack="1"/>
<pin id="413" dir="0" index="1" bw="14" slack="0"/>
<pin id="414" dir="0" index="2" bw="1" slack="0"/>
<pin id="415" dir="1" index="3" bw="14" slack="0"/>
</pin_list>
<bind>
<opcode="select(49) " fcode="select"/>
<opset="select_ln51_2/3 "/>
</bind>
</comp>

<comp id="418" class="1004" name="or_ln57_s_fu_418">
<pin_list>
<pin id="419" dir="0" index="0" bw="110" slack="0"/>
<pin id="420" dir="0" index="1" bw="14" slack="0"/>
<pin id="421" dir="0" index="2" bw="14" slack="0"/>
<pin id="422" dir="0" index="3" bw="14" slack="0"/>
<pin id="423" dir="0" index="4" bw="14" slack="0"/>
<pin id="424" dir="0" index="5" bw="14" slack="0"/>
<pin id="425" dir="0" index="6" bw="14" slack="0"/>
<pin id="426" dir="0" index="7" bw="14" slack="0"/>
<pin id="427" dir="1" index="8" bw="110" slack="0"/>
</pin_list>
<bind>
<opcode="bitconcatenate(1004) " fcode="bitconcatenate"/>
<opset="or_ln57_s/3 "/>
</bind>
</comp>

<comp id="436" class="1004" name="zext_ln57_fu_436">
<pin_list>
<pin id="437" dir="0" index="0" bw="110" slack="0"/>
<pin id="438" dir="1" index="1" bw="112" slack="0"/>
</pin_list>
<bind>
<opcode="zext(34) " fcode="zext"/>
<opset="zext_ln57/3 "/>
</bind>
</comp>

<comp id="441" class="1005" name="i_reg_441">
<pin_list>
<pin id="442" dir="0" index="0" bw="9" slack="0"/>
<pin id="443" dir="1" index="1" bw="9" slack="0"/>
</pin_list>
<bind>
<opset="i "/>
</bind>
</comp>

<comp id="448" class="1005" name="icmp_ln41_reg_448">
<pin_list>
<pin id="449" dir="0" index="0" bw="1" slack="1"/>
<pin id="450" dir="1" index="1" bw="1" slack="2147483647"/>
</pin_list>
<bind>
<opset="icmp_ln41 "/>
</bind>
</comp>

<comp id="452" class="1005" name="icmp_ln51_reg_452">
<pin_list>
<pin id="453" dir="0" index="0" bw="1" slack="1"/>
<pin id="454" dir="1" index="1" bw="1" slack="1"/>
</pin_list>
<bind>
<opset="icmp_ln51 "/>
</bind>
</comp>

<comp id="457" class="1005" name="trunc_ln52_reg_457">
<pin_list>
<pin id="458" dir="0" index="0" bw="8" slack="1"/>
<pin id="459" dir="1" index="1" bw="8" slack="1"/>
</pin_list>
<bind>
<opset="trunc_ln52 "/>
</bind>
</comp>

<comp id="462" class="1005" name="icmp_ln51_1_reg_462">
<pin_list>
<pin id="463" dir="0" index="0" bw="1" slack="1"/>
<pin id="464" dir="1" index="1" bw="1" slack="1"/>
</pin_list>
<bind>
<opset="icmp_ln51_1 "/>
</bind>
</comp>

<comp id="467" class="1005" name="tmp_1_reg_467">
<pin_list>
<pin id="468" dir="0" index="0" bw="8" slack="1"/>
<pin id="469" dir="1" index="1" bw="8" slack="1"/>
</pin_list>
<bind>
<opset="tmp_1 "/>
</bind>
</comp>

<comp id="472" class="1005" name="icmp_ln51_2_reg_472">
<pin_list>
<pin id="473" dir="0" index="0" bw="1" slack="1"/>
<pin id="474" dir="1" index="1" bw="1" slack="1"/>
</pin_list>
<bind>
<opset="icmp_ln51_2 "/>
</bind>
</comp>

<comp id="477" class="1005" name="tmp_2_reg_477">
<pin_list>
<pin id="478" dir="0" index="0" bw="8" slack="1"/>
<pin id="479" dir="1" index="1" bw="8" slack="1"/>
</pin_list>
<bind>
<opset="tmp_2 "/>
</bind>
</comp>

<comp id="482" class="1005" name="icmp_ln51_3_reg_482">
<pin_list>
<pin id="483" dir="0" index="0" bw="1" slack="1"/>
<pin id="484" dir="1" index="1" bw="1" slack="1"/>
</pin_list>
<bind>
<opset="icmp_ln51_3 "/>
</bind>
</comp>

<comp id="487" class="1005" name="tmp_3_reg_487">
<pin_list>
<pin id="488" dir="0" index="0" bw="8" slack="1"/>
<pin id="489" dir="1" index="1" bw="8" slack="1"/>
</pin_list>
<bind>
<opset="tmp_3 "/>
</bind>
</comp>

<comp id="492" class="1005" name="icmp_ln51_4_reg_492">
<pin_list>
<pin id="493" dir="0" index="0" bw="1" slack="1"/>
<pin id="494" dir="1" index="1" bw="1" slack="1"/>
</pin_list>
<bind>
<opset="icmp_ln51_4 "/>
</bind>
</comp>

<comp id="497" class="1005" name="tmp_4_reg_497">
<pin_list>
<pin id="498" dir="0" index="0" bw="8" slack="1"/>
<pin id="499" dir="1" index="1" bw="8" slack="1"/>
</pin_list>
<bind>
<opset="tmp_4 "/>
</bind>
</comp>

<comp id="502" class="1005" name="icmp_ln51_5_reg_502">
<pin_list>
<pin id="503" dir="0" index="0" bw="1" slack="1"/>
<pin id="504" dir="1" index="1" bw="1" slack="1"/>
</pin_list>
<bind>
<opset="icmp_ln51_5 "/>
</bind>
</comp>

<comp id="507" class="1005" name="tmp_5_reg_507">
<pin_list>
<pin id="508" dir="0" index="0" bw="8" slack="1"/>
<pin id="509" dir="1" index="1" bw="8" slack="1"/>
</pin_list>
<bind>
<opset="tmp_5 "/>
</bind>
</comp>

<comp id="512" class="1005" name="icmp_ln51_6_reg_512">
<pin_list>
<pin id="513" dir="0" index="0" bw="1" slack="1"/>
<pin id="514" dir="1" index="1" bw="1" slack="1"/>
</pin_list>
<bind>
<opset="icmp_ln51_6 "/>
</bind>
</comp>

<comp id="517" class="1005" name="tmp_6_reg_517">
<pin_list>
<pin id="518" dir="0" index="0" bw="8" slack="1"/>
<pin id="519" dir="1" index="1" bw="8" slack="1"/>
</pin_list>
<bind>
<opset="tmp_6 "/>
</bind>
</comp>

</comp_list>

<net_list>
<net id="87"><net_src comp="4" pin="0"/><net_sink comp="84" pin=0"/></net>

<net id="92"><net_src comp="22" pin="0"/><net_sink comp="88" pin=0"/></net>

<net id="93"><net_src comp="0" pin="0"/><net_sink comp="88" pin=1"/></net>

<net id="99"><net_src comp="82" pin="0"/><net_sink comp="94" pin=0"/></net>

<net id="100"><net_src comp="2" pin="0"/><net_sink comp="94" pin=1"/></net>

<net id="105"><net_src comp="16" pin="0"/><net_sink comp="101" pin=0"/></net>

<net id="113"><net_src comp="106" pin="1"/><net_sink comp="109" pin=0"/></net>

<net id="114"><net_src comp="18" pin="0"/><net_sink comp="109" pin=1"/></net>

<net id="119"><net_src comp="106" pin="1"/><net_sink comp="115" pin=0"/></net>

<net id="120"><net_src comp="20" pin="0"/><net_sink comp="115" pin=1"/></net>

<net id="125"><net_src comp="115" pin="2"/><net_sink comp="121" pin=0"/></net>

<net id="129"><net_src comp="88" pin="2"/><net_sink comp="126" pin=0"/></net>

<net id="136"><net_src comp="24" pin="0"/><net_sink comp="130" pin=0"/></net>

<net id="137"><net_src comp="88" pin="2"/><net_sink comp="130" pin=1"/></net>

<net id="138"><net_src comp="26" pin="0"/><net_sink comp="130" pin=2"/></net>

<net id="139"><net_src comp="28" pin="0"/><net_sink comp="130" pin=3"/></net>

<net id="146"><net_src comp="24" pin="0"/><net_sink comp="140" pin=0"/></net>

<net id="147"><net_src comp="88" pin="2"/><net_sink comp="140" pin=1"/></net>

<net id="148"><net_src comp="30" pin="0"/><net_sink comp="140" pin=2"/></net>

<net id="149"><net_src comp="32" pin="0"/><net_sink comp="140" pin=3"/></net>

<net id="156"><net_src comp="24" pin="0"/><net_sink comp="150" pin=0"/></net>

<net id="157"><net_src comp="88" pin="2"/><net_sink comp="150" pin=1"/></net>

<net id="158"><net_src comp="34" pin="0"/><net_sink comp="150" pin=2"/></net>

<net id="159"><net_src comp="36" pin="0"/><net_sink comp="150" pin=3"/></net>

<net id="166"><net_src comp="24" pin="0"/><net_sink comp="160" pin=0"/></net>

<net id="167"><net_src comp="88" pin="2"/><net_sink comp="160" pin=1"/></net>

<net id="168"><net_src comp="38" pin="0"/><net_sink comp="160" pin=2"/></net>

<net id="169"><net_src comp="40" pin="0"/><net_sink comp="160" pin=3"/></net>

<net id="176"><net_src comp="24" pin="0"/><net_sink comp="170" pin=0"/></net>

<net id="177"><net_src comp="88" pin="2"/><net_sink comp="170" pin=1"/></net>

<net id="178"><net_src comp="42" pin="0"/><net_sink comp="170" pin=2"/></net>

<net id="179"><net_src comp="44" pin="0"/><net_sink comp="170" pin=3"/></net>

<net id="186"><net_src comp="24" pin="0"/><net_sink comp="180" pin=0"/></net>

<net id="187"><net_src comp="88" pin="2"/><net_sink comp="180" pin=1"/></net>

<net id="188"><net_src comp="46" pin="0"/><net_sink comp="180" pin=2"/></net>

<net id="189"><net_src comp="48" pin="0"/><net_sink comp="180" pin=3"/></net>

<net id="194"><net_src comp="126" pin="1"/><net_sink comp="190" pin=0"/></net>

<net id="195"><net_src comp="16" pin="0"/><net_sink comp="190" pin=1"/></net>

<net id="199"><net_src comp="88" pin="2"/><net_sink comp="196" pin=0"/></net>

<net id="204"><net_src comp="130" pin="4"/><net_sink comp="200" pin=0"/></net>

<net id="205"><net_src comp="16" pin="0"/><net_sink comp="200" pin=1"/></net>

<net id="212"><net_src comp="50" pin="0"/><net_sink comp="206" pin=0"/></net>

<net id="213"><net_src comp="88" pin="2"/><net_sink comp="206" pin=1"/></net>

<net id="214"><net_src comp="26" pin="0"/><net_sink comp="206" pin=2"/></net>

<net id="215"><net_src comp="52" pin="0"/><net_sink comp="206" pin=3"/></net>

<net id="220"><net_src comp="140" pin="4"/><net_sink comp="216" pin=0"/></net>

<net id="221"><net_src comp="16" pin="0"/><net_sink comp="216" pin=1"/></net>

<net id="228"><net_src comp="50" pin="0"/><net_sink comp="222" pin=0"/></net>

<net id="229"><net_src comp="88" pin="2"/><net_sink comp="222" pin=1"/></net>

<net id="230"><net_src comp="30" pin="0"/><net_sink comp="222" pin=2"/></net>

<net id="231"><net_src comp="54" pin="0"/><net_sink comp="222" pin=3"/></net>

<net id="236"><net_src comp="150" pin="4"/><net_sink comp="232" pin=0"/></net>

<net id="237"><net_src comp="16" pin="0"/><net_sink comp="232" pin=1"/></net>

<net id="244"><net_src comp="50" pin="0"/><net_sink comp="238" pin=0"/></net>

<net id="245"><net_src comp="88" pin="2"/><net_sink comp="238" pin=1"/></net>

<net id="246"><net_src comp="34" pin="0"/><net_sink comp="238" pin=2"/></net>

<net id="247"><net_src comp="56" pin="0"/><net_sink comp="238" pin=3"/></net>

<net id="252"><net_src comp="160" pin="4"/><net_sink comp="248" pin=0"/></net>

<net id="253"><net_src comp="16" pin="0"/><net_sink comp="248" pin=1"/></net>

<net id="260"><net_src comp="50" pin="0"/><net_sink comp="254" pin=0"/></net>

<net id="261"><net_src comp="88" pin="2"/><net_sink comp="254" pin=1"/></net>

<net id="262"><net_src comp="38" pin="0"/><net_sink comp="254" pin=2"/></net>

<net id="263"><net_src comp="58" pin="0"/><net_sink comp="254" pin=3"/></net>

<net id="268"><net_src comp="170" pin="4"/><net_sink comp="264" pin=0"/></net>

<net id="269"><net_src comp="16" pin="0"/><net_sink comp="264" pin=1"/></net>

<net id="276"><net_src comp="50" pin="0"/><net_sink comp="270" pin=0"/></net>

<net id="277"><net_src comp="88" pin="2"/><net_sink comp="270" pin=1"/></net>

<net id="278"><net_src comp="42" pin="0"/><net_sink comp="270" pin=2"/></net>

<net id="279"><net_src comp="60" pin="0"/><net_sink comp="270" pin=3"/></net>

<net id="284"><net_src comp="180" pin="4"/><net_sink comp="280" pin=0"/></net>

<net id="285"><net_src comp="16" pin="0"/><net_sink comp="280" pin=1"/></net>

<net id="292"><net_src comp="50" pin="0"/><net_sink comp="286" pin=0"/></net>

<net id="293"><net_src comp="88" pin="2"/><net_sink comp="286" pin=1"/></net>

<net id="294"><net_src comp="46" pin="0"/><net_sink comp="286" pin=2"/></net>

<net id="295"><net_src comp="62" pin="0"/><net_sink comp="286" pin=3"/></net>

<net id="301"><net_src comp="74" pin="0"/><net_sink comp="296" pin=0"/></net>

<net id="302"><net_src comp="76" pin="0"/><net_sink comp="296" pin=2"/></net>

<net id="308"><net_src comp="296" pin="3"/><net_sink comp="303" pin=1"/></net>

<net id="309"><net_src comp="78" pin="0"/><net_sink comp="303" pin=2"/></net>

<net id="313"><net_src comp="303" pin="3"/><net_sink comp="310" pin=0"/></net>

<net id="319"><net_src comp="74" pin="0"/><net_sink comp="314" pin=0"/></net>

<net id="320"><net_src comp="76" pin="0"/><net_sink comp="314" pin=2"/></net>

<net id="326"><net_src comp="314" pin="3"/><net_sink comp="321" pin=1"/></net>

<net id="327"><net_src comp="78" pin="0"/><net_sink comp="321" pin=2"/></net>

<net id="331"><net_src comp="321" pin="3"/><net_sink comp="328" pin=0"/></net>

<net id="337"><net_src comp="74" pin="0"/><net_sink comp="332" pin=0"/></net>

<net id="338"><net_src comp="76" pin="0"/><net_sink comp="332" pin=2"/></net>

<net id="344"><net_src comp="332" pin="3"/><net_sink comp="339" pin=1"/></net>

<net id="345"><net_src comp="78" pin="0"/><net_sink comp="339" pin=2"/></net>

<net id="349"><net_src comp="339" pin="3"/><net_sink comp="346" pin=0"/></net>

<net id="355"><net_src comp="74" pin="0"/><net_sink comp="350" pin=0"/></net>

<net id="356"><net_src comp="76" pin="0"/><net_sink comp="350" pin=2"/></net>

<net id="362"><net_src comp="350" pin="3"/><net_sink comp="357" pin=1"/></net>

<net id="363"><net_src comp="78" pin="0"/><net_sink comp="357" pin=2"/></net>

<net id="367"><net_src comp="357" pin="3"/><net_sink comp="364" pin=0"/></net>

<net id="373"><net_src comp="74" pin="0"/><net_sink comp="368" pin=0"/></net>

<net id="374"><net_src comp="76" pin="0"/><net_sink comp="368" pin=2"/></net>

<net id="380"><net_src comp="368" pin="3"/><net_sink comp="375" pin=1"/></net>

<net id="381"><net_src comp="78" pin="0"/><net_sink comp="375" pin=2"/></net>

<net id="385"><net_src comp="375" pin="3"/><net_sink comp="382" pin=0"/></net>

<net id="391"><net_src comp="74" pin="0"/><net_sink comp="386" pin=0"/></net>

<net id="392"><net_src comp="76" pin="0"/><net_sink comp="386" pin=2"/></net>

<net id="398"><net_src comp="386" pin="3"/><net_sink comp="393" pin=1"/></net>

<net id="399"><net_src comp="78" pin="0"/><net_sink comp="393" pin=2"/></net>

<net id="403"><net_src comp="393" pin="3"/><net_sink comp="400" pin=0"/></net>

<net id="409"><net_src comp="74" pin="0"/><net_sink comp="404" pin=0"/></net>

<net id="410"><net_src comp="76" pin="0"/><net_sink comp="404" pin=2"/></net>

<net id="416"><net_src comp="404" pin="3"/><net_sink comp="411" pin=1"/></net>

<net id="417"><net_src comp="78" pin="0"/><net_sink comp="411" pin=2"/></net>

<net id="428"><net_src comp="80" pin="0"/><net_sink comp="418" pin=0"/></net>

<net id="429"><net_src comp="411" pin="3"/><net_sink comp="418" pin=1"/></net>

<net id="430"><net_src comp="400" pin="1"/><net_sink comp="418" pin=2"/></net>

<net id="431"><net_src comp="382" pin="1"/><net_sink comp="418" pin=3"/></net>

<net id="432"><net_src comp="364" pin="1"/><net_sink comp="418" pin=4"/></net>

<net id="433"><net_src comp="346" pin="1"/><net_sink comp="418" pin=5"/></net>

<net id="434"><net_src comp="328" pin="1"/><net_sink comp="418" pin=6"/></net>

<net id="435"><net_src comp="310" pin="1"/><net_sink comp="418" pin=7"/></net>

<net id="439"><net_src comp="418" pin="8"/><net_sink comp="436" pin=0"/></net>

<net id="440"><net_src comp="436" pin="1"/><net_sink comp="94" pin=2"/></net>

<net id="444"><net_src comp="84" pin="1"/><net_sink comp="441" pin=0"/></net>

<net id="445"><net_src comp="441" pin="1"/><net_sink comp="101" pin=1"/></net>

<net id="446"><net_src comp="441" pin="1"/><net_sink comp="106" pin=0"/></net>

<net id="447"><net_src comp="441" pin="1"/><net_sink comp="121" pin=1"/></net>

<net id="451"><net_src comp="109" pin="2"/><net_sink comp="448" pin=0"/></net>

<net id="455"><net_src comp="190" pin="2"/><net_sink comp="452" pin=0"/></net>

<net id="456"><net_src comp="452" pin="1"/><net_sink comp="303" pin=0"/></net>

<net id="460"><net_src comp="196" pin="1"/><net_sink comp="457" pin=0"/></net>

<net id="461"><net_src comp="457" pin="1"/><net_sink comp="296" pin=1"/></net>

<net id="465"><net_src comp="200" pin="2"/><net_sink comp="462" pin=0"/></net>

<net id="466"><net_src comp="462" pin="1"/><net_sink comp="321" pin=0"/></net>

<net id="470"><net_src comp="206" pin="4"/><net_sink comp="467" pin=0"/></net>

<net id="471"><net_src comp="467" pin="1"/><net_sink comp="314" pin=1"/></net>

<net id="475"><net_src comp="216" pin="2"/><net_sink comp="472" pin=0"/></net>

<net id="476"><net_src comp="472" pin="1"/><net_sink comp="339" pin=0"/></net>

<net id="480"><net_src comp="222" pin="4"/><net_sink comp="477" pin=0"/></net>

<net id="481"><net_src comp="477" pin="1"/><net_sink comp="332" pin=1"/></net>

<net id="485"><net_src comp="232" pin="2"/><net_sink comp="482" pin=0"/></net>

<net id="486"><net_src comp="482" pin="1"/><net_sink comp="357" pin=0"/></net>

<net id="490"><net_src comp="238" pin="4"/><net_sink comp="487" pin=0"/></net>

<net id="491"><net_src comp="487" pin="1"/><net_sink comp="350" pin=1"/></net>

<net id="495"><net_src comp="248" pin="2"/><net_sink comp="492" pin=0"/></net>

<net id="496"><net_src comp="492" pin="1"/><net_sink comp="375" pin=0"/></net>

<net id="500"><net_src comp="254" pin="4"/><net_sink comp="497" pin=0"/></net>

<net id="501"><net_src comp="497" pin="1"/><net_sink comp="368" pin=1"/></net>

<net id="505"><net_src comp="264" pin="2"/><net_sink comp="502" pin=0"/></net>

<net id="506"><net_src comp="502" pin="1"/><net_sink comp="393" pin=0"/></net>

<net id="510"><net_src comp="270" pin="4"/><net_sink comp="507" pin=0"/></net>

<net id="511"><net_src comp="507" pin="1"/><net_sink comp="386" pin=1"/></net>

<net id="515"><net_src comp="280" pin="2"/><net_sink comp="512" pin=0"/></net>

<net id="516"><net_src comp="512" pin="1"/><net_sink comp="411" pin=0"/></net>

<net id="520"><net_src comp="286" pin="4"/><net_sink comp="517" pin=0"/></net>

<net id="521"><net_src comp="517" pin="1"/><net_sink comp="404" pin=1"/></net>

</net_list>

</model> 
---------------- Datapath Model END ------------------

* FSMD analyzer results:
  - Output states:
	Port: layer4_out | {3 }
 - Input state : 
	Port: relu<array<ap_fixed,7u>,array<ap_fixed<16,6,5,3,0>,7u>,relu_config4> : layer3_out | {2 }
  - Chain level:
	State 1
		store_ln41 : 1
		i_1 : 1
		icmp_ln41 : 2
		i_2 : 2
		br_ln41 : 3
		store_ln41 : 3
	State 2
		icmp_ln51 : 1
		icmp_ln51_1 : 1
		icmp_ln51_2 : 1
		icmp_ln51_3 : 1
		icmp_ln51_4 : 1
		icmp_ln51_5 : 1
		icmp_ln51_6 : 1
	State 3
		out_data_1 : 1
		zext_ln45 : 2
		out_data_3 : 1
		zext_ln45_1 : 2
		out_data_5 : 1
		zext_ln45_2 : 2
		out_data_7 : 1
		zext_ln45_3 : 2
		select_ln51 : 1
		zext_ln51 : 2
		select_ln51_1 : 1
		zext_ln51_1 : 2
		select_ln51_2 : 1
		or_ln57_s : 3
		zext_ln57 : 4
		write_ln57 : 5


============================================================
+ Verbose Summary: Datapath Resource usage 
============================================================

* Functional unit list:
|----------|----------------------------|---------|---------|
| Operation|       Functional Unit      |    FF   |   LUT   |
|----------|----------------------------|---------|---------|
|          |      icmp_ln41_fu_109      |    0    |    16   |
|          |      icmp_ln51_fu_190      |    0    |    16   |
|          |     icmp_ln51_1_fu_200     |    0    |    16   |
|   icmp   |     icmp_ln51_2_fu_216     |    0    |    16   |
|          |     icmp_ln51_3_fu_232     |    0    |    16   |
|          |     icmp_ln51_4_fu_248     |    0    |    16   |
|          |     icmp_ln51_5_fu_264     |    0    |    16   |
|          |     icmp_ln51_6_fu_280     |    0    |    16   |
|----------|----------------------------|---------|---------|
|          |      out_data_1_fu_303     |    0    |    14   |
|          |      out_data_3_fu_321     |    0    |    14   |
|          |      out_data_5_fu_339     |    0    |    14   |
|  select  |      out_data_7_fu_357     |    0    |    14   |
|          |     select_ln51_fu_375     |    0    |    14   |
|          |    select_ln51_1_fu_393    |    0    |    14   |
|          |    select_ln51_2_fu_411    |    0    |    14   |
|----------|----------------------------|---------|---------|
|    add   |         i_2_fu_115         |    0    |    16   |
|----------|----------------------------|---------|---------|
|   read   | layer3_out_read_read_fu_88 |    0    |    0    |
|----------|----------------------------|---------|---------|
|   write  |   write_ln57_write_fu_94   |    0    |    0    |
|----------|----------------------------|---------|---------|
|   trunc  |      trunc_ln44_fu_126     |    0    |    0    |
|          |      trunc_ln52_fu_196     |    0    |    0    |
|----------|----------------------------|---------|---------|
|          |     trunc_ln44_1_fu_130    |    0    |    0    |
|          |     trunc_ln44_2_fu_140    |    0    |    0    |
|          |     trunc_ln44_3_fu_150    |    0    |    0    |
|          |     trunc_ln44_4_fu_160    |    0    |    0    |
|          |     trunc_ln44_5_fu_170    |    0    |    0    |
|partselect|     trunc_ln44_6_fu_180    |    0    |    0    |
|          |        tmp_1_fu_206        |    0    |    0    |
|          |        tmp_2_fu_222        |    0    |    0    |
|          |        tmp_3_fu_238        |    0    |    0    |
|          |        tmp_4_fu_254        |    0    |    0    |
|          |        tmp_5_fu_270        |    0    |    0    |
|          |        tmp_6_fu_286        |    0    |    0    |
|----------|----------------------------|---------|---------|
|          |       out_data_fu_296      |    0    |    0    |
|          |      out_data_2_fu_314     |    0    |    0    |
|          |      out_data_4_fu_332     |    0    |    0    |
|bitconcatenate|      out_data_6_fu_350     |    0    |    0    |
|          |        shl_ln_fu_368       |    0    |    0    |
|          |      shl_ln52_1_fu_386     |    0    |    0    |
|          |      shl_ln52_2_fu_404     |    0    |    0    |
|          |      or_ln57_s_fu_418      |    0    |    0    |
|----------|----------------------------|---------|---------|
|          |      zext_ln45_fu_310      |    0    |    0    |
|          |     zext_ln45_1_fu_328     |    0    |    0    |
|          |     zext_ln45_2_fu_346     |    0    |    0    |
|   zext   |     zext_ln45_3_fu_364     |    0    |    0    |
|          |      zext_ln51_fu_382      |    0    |    0    |
|          |     zext_ln51_1_fu_400     |    0    |    0    |
|          |      zext_ln57_fu_436      |    0    |    0    |
|----------|----------------------------|---------|---------|
|   Total  |                            |    0    |   242   |
|----------|----------------------------|---------|---------|

Memories:
N/A

* Register list:
+-------------------+--------+
|                   |   FF   |
+-------------------+--------+
|     i_reg_441     |    9   |
| icmp_ln41_reg_448 |    1   |
|icmp_ln51_1_reg_462|    1   |
|icmp_ln51_2_reg_472|    1   |
|icmp_ln51_3_reg_482|    1   |
|icmp_ln51_4_reg_492|    1   |
|icmp_ln51_5_reg_502|    1   |
|icmp_ln51_6_reg_512|    1   |
| icmp_ln51_reg_452 |    1   |
|   tmp_1_reg_467   |    8   |
|   tmp_2_reg_477   |    8   |
|   tmp_3_reg_487   |    8   |
|   tmp_4_reg_497   |    8   |
|   tmp_5_reg_507   |    8   |
|   tmp_6_reg_517   |    8   |
| trunc_ln52_reg_457|    8   |
+-------------------+--------+
|       Total       |   73   |
+-------------------+--------+

* Multiplexer (MUX) list: 
|--------|------|------|------|--------|
|  Comp  |  Pin | Size |  BW  | S x BW |
|--------|------|------|------|--------|
|  Total |      |      |      |    0   |
|--------|------|------|------|--------|



* Summary:
+-----------+--------+--------+
|           |   FF   |   LUT  |
+-----------+--------+--------+
|  Function |    0   |   242  |
|   Memory  |    -   |    -   |
|Multiplexer|    -   |    -   |
|  Register |   73   |    -   |
+-----------+--------+--------+
|   Total   |   73   |   242  |
+-----------+--------+--------+
