

================================================================
== Vitis HLS Report for 'shift_line_buffer_array_ap_fixed_16_6_5_3_0_7u_config5_s'
================================================================
* Date:           Sun May 17 01:30:04 2026

* Version:        2023.2 (Build 4023990 on Oct 11 2023)
* Project:        cnn_core_streaming_prj
* Solution:       solution1 (Vivado IP Flow Target)
* Product family: kintexuplus
* Target device:  xcku5p-ffvb676-2-e


================================================================
== Performance Estimates
================================================================
+ Timing: 
    * Summary: 
    +--------+---------+----------+------------+
    |  Clock |  Target | Estimated| Uncertainty|
    +--------+---------+----------+------------+
    |ap_clk  |  5.00 ns|  0.717 ns|     1.35 ns|
    +--------+---------+----------+------------+

+ Latency: 
    * Summary: 
    +---------+---------+----------+----------+-----+-----+---------+
    |  Latency (cycles) |  Latency (absolute) |  Interval | Pipeline|
    |   min   |   max   |    min   |    max   | min | max |   Type  |
    +---------+---------+----------+----------+-----+-----+---------+
    |        0|        0|      0 ns|      0 ns|    1|    1|      yes|
    +---------+---------+----------+----------+-----+-----+---------+

    + Detail: 
        * Instance: 
        N/A

        * Loop: 
        N/A



================================================================
== Utilization Estimates
================================================================
* Summary: 
+-----------------+---------+------+--------+--------+-----+
|       Name      | BRAM_18K|  DSP |   FF   |   LUT  | URAM|
+-----------------+---------+------+--------+--------+-----+
|DSP              |        -|     -|       -|       -|    -|
|Expression       |        -|     -|       -|       -|    -|
|FIFO             |        -|     -|       -|       -|    -|
|Instance         |        -|     -|       -|       -|    -|
|Memory           |        -|     -|     448|     224|    -|
|Multiplexer      |        -|     -|       -|       -|    -|
|Register         |        -|     -|       1|       -|    -|
+-----------------+---------+------+--------+--------+-----+
|Total            |        0|     0|     449|     224|    0|
+-----------------+---------+------+--------+--------+-----+
|Available        |      960|  1824|  433920|  216960|   64|
+-----------------+---------+------+--------+--------+-----+
|Utilization (%)  |        0|     0|      ~0|      ~0|    0|
+-----------------+---------+------+--------+--------+-----+

+ Detail: 
    * Instance: 
    N/A

    * DSP: 
    N/A

    * Memory: 
    +---------------------------------------------------------------------+----------------------------------------------------------------------------------+---------+----+----+-----+------+-----+------+-------------+
    |                                Memory                               |                                      Module                                      | BRAM_18K| FF | LUT| URAM| Words| Bits| Banks| W*Bits*Banks|
    +---------------------------------------------------------------------+----------------------------------------------------------------------------------+---------+----+----+-----+------+-----+------+-------------+
    |void_pooling2d_cl_stream_stream_array_ap_fixed_7u_0_line_buffer_6_U  |shift_line_buffer_array_ap_fixed_16_6_5_3_0_7u_config5_s_void_pooling2d_cl_stbkb  |        0|  64|  32|    0|     4|   16|     1|           64|
    |void_pooling2d_cl_stream_stream_array_ap_fixed_7u_0_line_buffer_5_U  |shift_line_buffer_array_ap_fixed_16_6_5_3_0_7u_config5_s_void_pooling2d_cl_stbkb  |        0|  64|  32|    0|     4|   16|     1|           64|
    |void_pooling2d_cl_stream_stream_array_ap_fixed_7u_0_line_buffer_4_U  |shift_line_buffer_array_ap_fixed_16_6_5_3_0_7u_config5_s_void_pooling2d_cl_stbkb  |        0|  64|  32|    0|     4|   16|     1|           64|
    |void_pooling2d_cl_stream_stream_array_ap_fixed_7u_0_line_buffer_3_U  |shift_line_buffer_array_ap_fixed_16_6_5_3_0_7u_config5_s_void_pooling2d_cl_stbkb  |        0|  64|  32|    0|     4|   16|     1|           64|
    |void_pooling2d_cl_stream_stream_array_ap_fixed_7u_0_line_buffer_2_U  |shift_line_buffer_array_ap_fixed_16_6_5_3_0_7u_config5_s_void_pooling2d_cl_stbkb  |        0|  64|  32|    0|     4|   16|     1|           64|
    |void_pooling2d_cl_stream_stream_array_ap_fixed_7u_0_line_buffer_1_U  |shift_line_buffer_array_ap_fixed_16_6_5_3_0_7u_config5_s_void_pooling2d_cl_stbkb  |        0|  64|  32|    0|     4|   16|     1|           64|
    |void_pooling2d_cl_stream_stream_array_ap_fixed_7u_0_line_buffer_U    |shift_line_buffer_array_ap_fixed_16_6_5_3_0_7u_config5_s_void_pooling2d_cl_stbkb  |        0|  64|  32|    0|     4|   16|     1|           64|
    +---------------------------------------------------------------------+----------------------------------------------------------------------------------+---------+----+----+-----+------+-----+------+-------------+
    |Total                                                                |                                                                                  |        0| 448| 224|    0|    28|  112|     7|          448|
    +---------------------------------------------------------------------+----------------------------------------------------------------------------------+---------+----+----+-----+------+-----+------+-------------+

    * FIFO: 
    N/A

    * Expression: 
    N/A

    * Multiplexer: 
    N/A

    * Register: 
    +-----------+---+----+-----+-----------+
    |    Name   | FF| LUT| Bits| Const Bits|
    +-----------+---+----+-----+-----------+
    |ap_CS_fsm  |  1|   0|    1|          0|
    +-----------+---+----+-----+-----------+
    |Total      |  1|   0|    1|          0|
    +-----------+---+----+-----+-----------+



================================================================
== Interface
================================================================
* Summary: 
+--------------------------------------------------------------------------------------------+-----+-----+------------+-------------------------------------------------------------------------------------+--------------+
|                                          RTL Ports                                         | Dir | Bits|  Protocol  |                                    Source Object                                    |    C Type    |
+--------------------------------------------------------------------------------------------+-----+-----+------------+-------------------------------------------------------------------------------------+--------------+
|ap_clk                                                                                      |   in|    1|  ap_ctrl_hs|                      shift_line_buffer<array<ap_fixed<16, 6, 5, 3, 0>, 7u>, config5>|  return value|
|ap_rst                                                                                      |   in|    1|  ap_ctrl_hs|                      shift_line_buffer<array<ap_fixed<16, 6, 5, 3, 0>, 7u>, config5>|  return value|
|ap_start                                                                                    |   in|    1|  ap_ctrl_hs|                      shift_line_buffer<array<ap_fixed<16, 6, 5, 3, 0>, 7u>, config5>|  return value|
|ap_done                                                                                     |  out|    1|  ap_ctrl_hs|                      shift_line_buffer<array<ap_fixed<16, 6, 5, 3, 0>, 7u>, config5>|  return value|
|ap_idle                                                                                     |  out|    1|  ap_ctrl_hs|                      shift_line_buffer<array<ap_fixed<16, 6, 5, 3, 0>, 7u>, config5>|  return value|
|ap_ready                                                                                    |  out|    1|  ap_ctrl_hs|                      shift_line_buffer<array<ap_fixed<16, 6, 5, 3, 0>, 7u>, config5>|  return value|
|ap_ce                                                                                       |   in|    1|  ap_ctrl_hs|                      shift_line_buffer<array<ap_fixed<16, 6, 5, 3, 0>, 7u>, config5>|  return value|
|p_read                                                                                      |   in|   16|     ap_none|                                                                               p_read|        scalar|
|p_read1                                                                                     |   in|   16|     ap_none|                                                                              p_read1|        scalar|
|p_read2                                                                                     |   in|   16|     ap_none|                                                                              p_read2|        scalar|
|p_read3                                                                                     |   in|   16|     ap_none|                                                                              p_read3|        scalar|
|p_read4                                                                                     |   in|   16|     ap_none|                                                                              p_read4|        scalar|
|p_read5                                                                                     |   in|   16|     ap_none|                                                                              p_read5|        scalar|
|p_read6                                                                                     |   in|   16|     ap_none|                                                                              p_read6|        scalar|
|void_compute_pool_buffer_2d_array_const_ap_shift_reg_n_filt_stream_kernel_9                 |  out|   16|      ap_vld|          void_compute_pool_buffer_2d_array_const_ap_shift_reg_n_filt_stream_kernel_9|       pointer|
|void_compute_pool_buffer_2d_array_const_ap_shift_reg_n_filt_stream_kernel_9_ap_vld          |  out|    1|      ap_vld|          void_compute_pool_buffer_2d_array_const_ap_shift_reg_n_filt_stream_kernel_9|       pointer|
|void_compute_pool_buffer_2d_array_const_ap_shift_reg_n_filt_stream_kernel_2                 |  out|   16|      ap_vld|          void_compute_pool_buffer_2d_array_const_ap_shift_reg_n_filt_stream_kernel_2|       pointer|
|void_compute_pool_buffer_2d_array_const_ap_shift_reg_n_filt_stream_kernel_2_ap_vld          |  out|    1|      ap_vld|          void_compute_pool_buffer_2d_array_const_ap_shift_reg_n_filt_stream_kernel_2|       pointer|
|void_compute_pool_buffer_2d_array_const_ap_shift_reg_n_filt_stream_kernel_1                 |  out|   16|      ap_vld|          void_compute_pool_buffer_2d_array_const_ap_shift_reg_n_filt_stream_kernel_1|       pointer|
|void_compute_pool_buffer_2d_array_const_ap_shift_reg_n_filt_stream_kernel_1_ap_vld          |  out|    1|      ap_vld|          void_compute_pool_buffer_2d_array_const_ap_shift_reg_n_filt_stream_kernel_1|       pointer|
|void_compute_pool_buffer_2d_array_const_ap_shift_reg_n_filt_stream_kernel                   |  out|   16|      ap_vld|            void_compute_pool_buffer_2d_array_const_ap_shift_reg_n_filt_stream_kernel|       pointer|
|void_compute_pool_buffer_2d_array_const_ap_shift_reg_n_filt_stream_kernel_ap_vld            |  out|    1|      ap_vld|            void_compute_pool_buffer_2d_array_const_ap_shift_reg_n_filt_stream_kernel|       pointer|
|void_compute_pool_buffer_2d_array_const_ap_shift_reg_n_filt_stream_kernel_8                 |  out|   16|      ap_vld|          void_compute_pool_buffer_2d_array_const_ap_shift_reg_n_filt_stream_kernel_8|       pointer|
|void_compute_pool_buffer_2d_array_const_ap_shift_reg_n_filt_stream_kernel_8_ap_vld          |  out|    1|      ap_vld|          void_compute_pool_buffer_2d_array_const_ap_shift_reg_n_filt_stream_kernel_8|       pointer|
|void_compute_pool_buffer_2d_array_const_ap_shift_reg_n_filt_stream_kernel_7                 |  out|   16|      ap_vld|          void_compute_pool_buffer_2d_array_const_ap_shift_reg_n_filt_stream_kernel_7|       pointer|
|void_compute_pool_buffer_2d_array_const_ap_shift_reg_n_filt_stream_kernel_7_ap_vld          |  out|    1|      ap_vld|          void_compute_pool_buffer_2d_array_const_ap_shift_reg_n_filt_stream_kernel_7|       pointer|
|void_compute_pool_buffer_2d_array_const_ap_shift_reg_n_filt_stream_kernel_6                 |  out|   16|      ap_vld|          void_compute_pool_buffer_2d_array_const_ap_shift_reg_n_filt_stream_kernel_6|       pointer|
|void_compute_pool_buffer_2d_array_const_ap_shift_reg_n_filt_stream_kernel_6_ap_vld          |  out|    1|      ap_vld|          void_compute_pool_buffer_2d_array_const_ap_shift_reg_n_filt_stream_kernel_6|       pointer|
|void_compute_pool_buffer_2d_array_const_ap_shift_reg_n_filt_stream_kernel_5                 |  out|   16|      ap_vld|          void_compute_pool_buffer_2d_array_const_ap_shift_reg_n_filt_stream_kernel_5|       pointer|
|void_compute_pool_buffer_2d_array_const_ap_shift_reg_n_filt_stream_kernel_5_ap_vld          |  out|    1|      ap_vld|          void_compute_pool_buffer_2d_array_const_ap_shift_reg_n_filt_stream_kernel_5|       pointer|
|void_compute_pool_buffer_2d_array_const_ap_shift_reg_n_filt_stream_kernel_4                 |  out|   16|      ap_vld|          void_compute_pool_buffer_2d_array_const_ap_shift_reg_n_filt_stream_kernel_4|       pointer|
|void_compute_pool_buffer_2d_array_const_ap_shift_reg_n_filt_stream_kernel_4_ap_vld          |  out|    1|      ap_vld|          void_compute_pool_buffer_2d_array_const_ap_shift_reg_n_filt_stream_kernel_4|       pointer|
|void_compute_pool_buffer_2d_array_const_ap_shift_reg_n_filt_stream_kernel_3                 |  out|   16|      ap_vld|          void_compute_pool_buffer_2d_array_const_ap_shift_reg_n_filt_stream_kernel_3|       pointer|
|void_compute_pool_buffer_2d_array_const_ap_shift_reg_n_filt_stream_kernel_3_ap_vld          |  out|    1|      ap_vld|          void_compute_pool_buffer_2d_array_const_ap_shift_reg_n_filt_stream_kernel_3|       pointer|
|p_ZZN4nnet22compute_pool_buffer_2dINS_5arrayI8ap_fixedILi16ELi6EL9ap_q_mode5EL9ap_3         |  out|   16|      ap_vld|  p_ZZN4nnet22compute_pool_buffer_2dINS_5arrayI8ap_fixedILi16ELi6EL9ap_q_mode5EL9ap_3|       pointer|
|p_ZZN4nnet22compute_pool_buffer_2dINS_5arrayI8ap_fixedILi16ELi6EL9ap_q_mode5EL9ap_3_ap_vld  |  out|    1|      ap_vld|  p_ZZN4nnet22compute_pool_buffer_2dINS_5arrayI8ap_fixedILi16ELi6EL9ap_q_mode5EL9ap_3|       pointer|
|p_ZZN4nnet22compute_pool_buffer_2dINS_5arrayI8ap_fixedILi16ELi6EL9ap_q_mode5EL9ap_2         |  out|   16|      ap_vld|  p_ZZN4nnet22compute_pool_buffer_2dINS_5arrayI8ap_fixedILi16ELi6EL9ap_q_mode5EL9ap_2|       pointer|
|p_ZZN4nnet22compute_pool_buffer_2dINS_5arrayI8ap_fixedILi16ELi6EL9ap_q_mode5EL9ap_2_ap_vld  |  out|    1|      ap_vld|  p_ZZN4nnet22compute_pool_buffer_2dINS_5arrayI8ap_fixedILi16ELi6EL9ap_q_mode5EL9ap_2|       pointer|
|p_ZZN4nnet22compute_pool_buffer_2dINS_5arrayI8ap_fixedILi16ELi6EL9ap_q_mode5EL9ap_1         |  out|   16|      ap_vld|  p_ZZN4nnet22compute_pool_buffer_2dINS_5arrayI8ap_fixedILi16ELi6EL9ap_q_mode5EL9ap_1|       pointer|
|p_ZZN4nnet22compute_pool_buffer_2dINS_5arrayI8ap_fixedILi16ELi6EL9ap_q_mode5EL9ap_1_ap_vld  |  out|    1|      ap_vld|  p_ZZN4nnet22compute_pool_buffer_2dINS_5arrayI8ap_fixedILi16ELi6EL9ap_q_mode5EL9ap_1|       pointer|
|p_ZZN4nnet22compute_pool_buffer_2dINS_5arrayI8ap_fixedILi16ELi6EL9ap_q_mode5EL9ap           |  out|   16|      ap_vld|    p_ZZN4nnet22compute_pool_buffer_2dINS_5arrayI8ap_fixedILi16ELi6EL9ap_q_mode5EL9ap|       pointer|
|p_ZZN4nnet22compute_pool_buffer_2dINS_5arrayI8ap_fixedILi16ELi6EL9ap_q_mode5EL9ap_ap_vld    |  out|    1|      ap_vld|    p_ZZN4nnet22compute_pool_buffer_2dINS_5arrayI8ap_fixedILi16ELi6EL9ap_q_mode5EL9ap|       pointer|
+--------------------------------------------------------------------------------------------+-----+-----+------------+-------------------------------------------------------------------------------------+--------------+

============================================================
+ Verbose Summary: Synthesis Manager
============================================================
InlineROM: 1
ExposeGlobal: 0
============================================================
+ Verbose Summary: CDFG Model
============================================================
IsTopModel: 0
ResetActiveHigh: 1
IsCombinational: 2
IsDatapathOnly: 2
HasWiredReturn: 1
HasMFsm: 2
HasVarLatency: 0
IsPipeline: 1
IsRtlPipelined: 0
IsInstanceOverlapped: 0
IsDontTouch: 0
HasImplIP: 0
IsGatedGlobalClock: 0

+ Individual pipeline summary: 
  * Pipeline-0: initiation interval (II) = 1, depth = 1


============================================================
+ Verbose Summary: Schedule
============================================================
* Number of FSM states : 1
* Pipeline : 1
  Pipeline-0 : II = 1, D = 1, States = { 1 }
* Dataflow Pipeline: 0

* FSM state transitions: 
1 --> 

* FSM state operations: 

State 1 <SV = 0> <Delay = 0.71>
ST_1 : Operation 2 [1/1] (0.00ns)   --->   "%specpipeline_ln232 = specpipeline void @_ssdm_op_SpecPipeline, i32 4294967295, i32 0, i32 0, i32 0, void @empty_3" [firmware/nnet_utils/nnet_conv_stream.h:232]   --->   Operation 2 'specpipeline' 'specpipeline_ln232' <Predicate = true> <Delay = 0.00>
ST_1 : Operation 3 [1/1] (0.00ns)   --->   "%p_read_1 = read i16 @_ssdm_op_Read.ap_auto.i16, i16 %p_read6" [firmware/nnet_utils/nnet_conv_stream.h:241]   --->   Operation 3 'read' 'p_read_1' <Predicate = true> <Delay = 0.00>
ST_1 : Operation 4 [1/1] (0.00ns)   --->   "%p_read_2 = read i16 @_ssdm_op_Read.ap_auto.i16, i16 %p_read5" [firmware/nnet_utils/nnet_conv_stream.h:241]   --->   Operation 4 'read' 'p_read_2' <Predicate = true> <Delay = 0.00>
ST_1 : Operation 5 [1/1] (0.00ns)   --->   "%p_read_3 = read i16 @_ssdm_op_Read.ap_auto.i16, i16 %p_read4" [firmware/nnet_utils/nnet_conv_stream.h:241]   --->   Operation 5 'read' 'p_read_3' <Predicate = true> <Delay = 0.00>
ST_1 : Operation 6 [1/1] (0.00ns)   --->   "%p_read_4 = read i16 @_ssdm_op_Read.ap_auto.i16, i16 %p_read3" [firmware/nnet_utils/nnet_conv_stream.h:241]   --->   Operation 6 'read' 'p_read_4' <Predicate = true> <Delay = 0.00>
ST_1 : Operation 7 [1/1] (0.00ns)   --->   "%p_read_5 = read i16 @_ssdm_op_Read.ap_auto.i16, i16 %p_read2" [firmware/nnet_utils/nnet_conv_stream.h:241]   --->   Operation 7 'read' 'p_read_5' <Predicate = true> <Delay = 0.00>
ST_1 : Operation 8 [1/1] (0.00ns)   --->   "%p_read_6 = read i16 @_ssdm_op_Read.ap_auto.i16, i16 %p_read1" [firmware/nnet_utils/nnet_conv_stream.h:241]   --->   Operation 8 'read' 'p_read_6' <Predicate = true> <Delay = 0.00>
ST_1 : Operation 9 [1/1] (0.00ns)   --->   "%p_read45 = read i16 @_ssdm_op_Read.ap_auto.i16, i16 %p_read" [firmware/nnet_utils/nnet_conv_stream.h:241]   --->   Operation 9 'read' 'p_read45' <Predicate = true> <Delay = 0.00>
ST_1 : Operation 10 [1/1] (0.71ns)   --->   "%p_i = memshiftread i16 @_ssdm_op_MemShiftRead.[4 x i16]P0A, i16 3, i16 %p_read45, i1 1" [firmware/nnet_utils/nnet_conv_stream.h:241]   --->   Operation 10 'memshiftread' 'p_i' <Predicate = true> <Delay = 0.71> <CoreInst = "ShiftReg">   --->   Core 77 'ShiftReg' <Latency = 0> <II = 1> <Delay = 0.71> <Storage> <Opcode : 'load' 'memshiftread'> <Ports = 1> <Width = 16> <Depth = 4> <ShiftMem>
ST_1 : Operation 11 [1/1] (0.71ns)   --->   "%p_1_i = memshiftread i16 @_ssdm_op_MemShiftRead.[4 x i16]P0A, i16 3, i16 %p_read_6, i1 1" [firmware/nnet_utils/nnet_conv_stream.h:241]   --->   Operation 11 'memshiftread' 'p_1_i' <Predicate = true> <Delay = 0.71> <CoreInst = "ShiftReg">   --->   Core 77 'ShiftReg' <Latency = 0> <II = 1> <Delay = 0.71> <Storage> <Opcode : 'load' 'memshiftread'> <Ports = 1> <Width = 16> <Depth = 4> <ShiftMem>
ST_1 : Operation 12 [1/1] (0.71ns)   --->   "%p_2_i = memshiftread i16 @_ssdm_op_MemShiftRead.[4 x i16]P0A, i16 3, i16 %p_read_5, i1 1" [firmware/nnet_utils/nnet_conv_stream.h:241]   --->   Operation 12 'memshiftread' 'p_2_i' <Predicate = true> <Delay = 0.71> <CoreInst = "ShiftReg">   --->   Core 77 'ShiftReg' <Latency = 0> <II = 1> <Delay = 0.71> <Storage> <Opcode : 'load' 'memshiftread'> <Ports = 1> <Width = 16> <Depth = 4> <ShiftMem>
ST_1 : Operation 13 [1/1] (0.71ns)   --->   "%p_3_i = memshiftread i16 @_ssdm_op_MemShiftRead.[4 x i16]P0A, i16 3, i16 %p_read_4, i1 1" [firmware/nnet_utils/nnet_conv_stream.h:241]   --->   Operation 13 'memshiftread' 'p_3_i' <Predicate = true> <Delay = 0.71> <CoreInst = "ShiftReg">   --->   Core 77 'ShiftReg' <Latency = 0> <II = 1> <Delay = 0.71> <Storage> <Opcode : 'load' 'memshiftread'> <Ports = 1> <Width = 16> <Depth = 4> <ShiftMem>
ST_1 : Operation 14 [1/1] (0.71ns)   --->   "%p_4_i = memshiftread i16 @_ssdm_op_MemShiftRead.[4 x i16]P0A, i16 3, i16 %p_read_3, i1 1" [firmware/nnet_utils/nnet_conv_stream.h:241]   --->   Operation 14 'memshiftread' 'p_4_i' <Predicate = true> <Delay = 0.71> <CoreInst = "ShiftReg">   --->   Core 77 'ShiftReg' <Latency = 0> <II = 1> <Delay = 0.71> <Storage> <Opcode : 'load' 'memshiftread'> <Ports = 1> <Width = 16> <Depth = 4> <ShiftMem>
ST_1 : Operation 15 [1/1] (0.71ns)   --->   "%p_5_i = memshiftread i16 @_ssdm_op_MemShiftRead.[4 x i16]P0A, i16 3, i16 %p_read_2, i1 1" [firmware/nnet_utils/nnet_conv_stream.h:241]   --->   Operation 15 'memshiftread' 'p_5_i' <Predicate = true> <Delay = 0.71> <CoreInst = "ShiftReg">   --->   Core 77 'ShiftReg' <Latency = 0> <II = 1> <Delay = 0.71> <Storage> <Opcode : 'load' 'memshiftread'> <Ports = 1> <Width = 16> <Depth = 4> <ShiftMem>
ST_1 : Operation 16 [1/1] (0.71ns)   --->   "%p_0_i = memshiftread i16 @_ssdm_op_MemShiftRead.[4 x i16]P0A, i16 3, i16 %p_read_1, i1 1" [firmware/nnet_utils/nnet_conv_stream.h:241]   --->   Operation 16 'memshiftread' 'p_0_i' <Predicate = true> <Delay = 0.71> <CoreInst = "ShiftReg">   --->   Core 77 'ShiftReg' <Latency = 0> <II = 1> <Delay = 0.71> <Storage> <Opcode : 'load' 'memshiftread'> <Ports = 1> <Width = 16> <Depth = 4> <ShiftMem>
ST_1 : Operation 17 [1/1] (0.00ns)   --->   "%store_ln209 = store i16 %p_i, i16 %void_compute_pool_buffer_2d_array_const_ap_shift_reg_n_filt_stream_kernel_9" [firmware/nnet_utils/nnet_conv_stream.h:209->firmware/nnet_utils/nnet_conv_stream.h:247]   --->   Operation 17 'store' 'store_ln209' <Predicate = true> <Delay = 0.00>
ST_1 : Operation 18 [1/1] (0.00ns)   --->   "%store_ln209 = store i16 %p_1_i, i16 %void_compute_pool_buffer_2d_array_const_ap_shift_reg_n_filt_stream_kernel_2" [firmware/nnet_utils/nnet_conv_stream.h:209->firmware/nnet_utils/nnet_conv_stream.h:247]   --->   Operation 18 'store' 'store_ln209' <Predicate = true> <Delay = 0.00>
ST_1 : Operation 19 [1/1] (0.00ns)   --->   "%store_ln209 = store i16 %p_2_i, i16 %void_compute_pool_buffer_2d_array_const_ap_shift_reg_n_filt_stream_kernel_1" [firmware/nnet_utils/nnet_conv_stream.h:209->firmware/nnet_utils/nnet_conv_stream.h:247]   --->   Operation 19 'store' 'store_ln209' <Predicate = true> <Delay = 0.00>
ST_1 : Operation 20 [1/1] (0.00ns)   --->   "%store_ln209 = store i16 %p_3_i, i16 %void_compute_pool_buffer_2d_array_const_ap_shift_reg_n_filt_stream_kernel" [firmware/nnet_utils/nnet_conv_stream.h:209->firmware/nnet_utils/nnet_conv_stream.h:247]   --->   Operation 20 'store' 'store_ln209' <Predicate = true> <Delay = 0.00>
ST_1 : Operation 21 [1/1] (0.00ns)   --->   "%store_ln209 = store i16 %p_4_i, i16 %void_compute_pool_buffer_2d_array_const_ap_shift_reg_n_filt_stream_kernel_8" [firmware/nnet_utils/nnet_conv_stream.h:209->firmware/nnet_utils/nnet_conv_stream.h:247]   --->   Operation 21 'store' 'store_ln209' <Predicate = true> <Delay = 0.00>
ST_1 : Operation 22 [1/1] (0.00ns)   --->   "%store_ln209 = store i16 %p_5_i, i16 %void_compute_pool_buffer_2d_array_const_ap_shift_reg_n_filt_stream_kernel_7" [firmware/nnet_utils/nnet_conv_stream.h:209->firmware/nnet_utils/nnet_conv_stream.h:247]   --->   Operation 22 'store' 'store_ln209' <Predicate = true> <Delay = 0.00>
ST_1 : Operation 23 [1/1] (0.00ns)   --->   "%store_ln209 = store i16 %p_0_i, i16 %void_compute_pool_buffer_2d_array_const_ap_shift_reg_n_filt_stream_kernel_6" [firmware/nnet_utils/nnet_conv_stream.h:209->firmware/nnet_utils/nnet_conv_stream.h:247]   --->   Operation 23 'store' 'store_ln209' <Predicate = true> <Delay = 0.00>
ST_1 : Operation 24 [1/1] (0.00ns)   --->   "%store_ln209 = store i16 %p_read45, i16 %void_compute_pool_buffer_2d_array_const_ap_shift_reg_n_filt_stream_kernel_5" [firmware/nnet_utils/nnet_conv_stream.h:209->firmware/nnet_utils/nnet_conv_stream.h:247]   --->   Operation 24 'store' 'store_ln209' <Predicate = true> <Delay = 0.00>
ST_1 : Operation 25 [1/1] (0.00ns)   --->   "%store_ln209 = store i16 %p_read_6, i16 %void_compute_pool_buffer_2d_array_const_ap_shift_reg_n_filt_stream_kernel_4" [firmware/nnet_utils/nnet_conv_stream.h:209->firmware/nnet_utils/nnet_conv_stream.h:247]   --->   Operation 25 'store' 'store_ln209' <Predicate = true> <Delay = 0.00>
ST_1 : Operation 26 [1/1] (0.00ns)   --->   "%store_ln209 = store i16 %p_read_5, i16 %void_compute_pool_buffer_2d_array_const_ap_shift_reg_n_filt_stream_kernel_3" [firmware/nnet_utils/nnet_conv_stream.h:209->firmware/nnet_utils/nnet_conv_stream.h:247]   --->   Operation 26 'store' 'store_ln209' <Predicate = true> <Delay = 0.00>
ST_1 : Operation 27 [1/1] (0.00ns)   --->   "%store_ln209 = store i16 %p_read_4, i16 %p_ZZN4nnet22compute_pool_buffer_2dINS_5arrayI8ap_fixedILi16ELi6EL9ap_q_mode5EL9ap_3" [firmware/nnet_utils/nnet_conv_stream.h:209->firmware/nnet_utils/nnet_conv_stream.h:247]   --->   Operation 27 'store' 'store_ln209' <Predicate = true> <Delay = 0.00>
ST_1 : Operation 28 [1/1] (0.00ns)   --->   "%store_ln209 = store i16 %p_read_3, i16 %p_ZZN4nnet22compute_pool_buffer_2dINS_5arrayI8ap_fixedILi16ELi6EL9ap_q_mode5EL9ap_2" [firmware/nnet_utils/nnet_conv_stream.h:209->firmware/nnet_utils/nnet_conv_stream.h:247]   --->   Operation 28 'store' 'store_ln209' <Predicate = true> <Delay = 0.00>
ST_1 : Operation 29 [1/1] (0.00ns)   --->   "%store_ln209 = store i16 %p_read_2, i16 %p_ZZN4nnet22compute_pool_buffer_2dINS_5arrayI8ap_fixedILi16ELi6EL9ap_q_mode5EL9ap_1" [firmware/nnet_utils/nnet_conv_stream.h:209->firmware/nnet_utils/nnet_conv_stream.h:247]   --->   Operation 29 'store' 'store_ln209' <Predicate = true> <Delay = 0.00>
ST_1 : Operation 30 [1/1] (0.00ns)   --->   "%store_ln209 = store i16 %p_read_1, i16 %p_ZZN4nnet22compute_pool_buffer_2dINS_5arrayI8ap_fixedILi16ELi6EL9ap_q_mode5EL9ap" [firmware/nnet_utils/nnet_conv_stream.h:209->firmware/nnet_utils/nnet_conv_stream.h:247]   --->   Operation 30 'store' 'store_ln209' <Predicate = true> <Delay = 0.00>
ST_1 : Operation 31 [1/1] (0.00ns)   --->   "%ret_ln232 = ret" [firmware/nnet_utils/nnet_conv_stream.h:232]   --->   Operation 31 'ret' 'ret_ln232' <Predicate = true> <Delay = 0.00>


============================================================
+ Verbose Summary: Binding
============================================================
STG Binding: 
---------------- STG Properties BEGIN ----------------
- Is combinational: 0
- Is one-state seq: 1
- Is datapath-only: 0
- Is pipelined: 1
- Is top level: 0
Port [ Return ] is wired: 1; IO mode=ap_ctrl_hs:ce=0
Port [ p_read]:  wired=1; compound=0; hidden=0; nouse=0; global=0; static=0; extern=0; dir=0; type=0; pingpong=0; private_global=0; IO mode=ap_none:ce=0
Port [ p_read1]:  wired=1; compound=0; hidden=0; nouse=0; global=0; static=0; extern=0; dir=0; type=0; pingpong=0; private_global=0; IO mode=ap_none:ce=0
Port [ p_read2]:  wired=1; compound=0; hidden=0; nouse=0; global=0; static=0; extern=0; dir=0; type=0; pingpong=0; private_global=0; IO mode=ap_none:ce=0
Port [ p_read3]:  wired=1; compound=0; hidden=0; nouse=0; global=0; static=0; extern=0; dir=0; type=0; pingpong=0; private_global=0; IO mode=ap_none:ce=0
Port [ p_read4]:  wired=1; compound=0; hidden=0; nouse=0; global=0; static=0; extern=0; dir=0; type=0; pingpong=0; private_global=0; IO mode=ap_none:ce=0
Port [ p_read5]:  wired=1; compound=0; hidden=0; nouse=0; global=0; static=0; extern=0; dir=0; type=0; pingpong=0; private_global=0; IO mode=ap_none:ce=0
Port [ p_read6]:  wired=1; compound=0; hidden=0; nouse=0; global=0; static=0; extern=0; dir=0; type=0; pingpong=0; private_global=0; IO mode=ap_none:ce=0
Port [ void_compute_pool_buffer_2d_array_const_ap_shift_reg_n_filt_stream_kernel_9]:  wired=1; compound=0; hidden=0; nouse=0; global=1; static=1; extern=0; dir=1; type=0; pingpong=0; private_global=0; IO mode=ap_vld:ce=0
Port [ void_compute_pool_buffer_2d_array_const_ap_shift_reg_n_filt_stream_kernel_2]:  wired=1; compound=0; hidden=0; nouse=0; global=1; static=1; extern=0; dir=1; type=0; pingpong=0; private_global=0; IO mode=ap_vld:ce=0
Port [ void_compute_pool_buffer_2d_array_const_ap_shift_reg_n_filt_stream_kernel_1]:  wired=1; compound=0; hidden=0; nouse=0; global=1; static=1; extern=0; dir=1; type=0; pingpong=0; private_global=0; IO mode=ap_vld:ce=0
Port [ void_compute_pool_buffer_2d_array_const_ap_shift_reg_n_filt_stream_kernel]:  wired=1; compound=0; hidden=0; nouse=0; global=1; static=1; extern=0; dir=1; type=0; pingpong=0; private_global=0; IO mode=ap_vld:ce=0
Port [ void_compute_pool_buffer_2d_array_const_ap_shift_reg_n_filt_stream_kernel_8]:  wired=1; compound=0; hidden=0; nouse=0; global=1; static=1; extern=0; dir=1; type=0; pingpong=0; private_global=0; IO mode=ap_vld:ce=0
Port [ void_compute_pool_buffer_2d_array_const_ap_shift_reg_n_filt_stream_kernel_7]:  wired=1; compound=0; hidden=0; nouse=0; global=1; static=1; extern=0; dir=1; type=0; pingpong=0; private_global=0; IO mode=ap_vld:ce=0
Port [ void_compute_pool_buffer_2d_array_const_ap_shift_reg_n_filt_stream_kernel_6]:  wired=1; compound=0; hidden=0; nouse=0; global=1; static=1; extern=0; dir=1; type=0; pingpong=0; private_global=0; IO mode=ap_vld:ce=0
Port [ void_compute_pool_buffer_2d_array_const_ap_shift_reg_n_filt_stream_kernel_5]:  wired=1; compound=0; hidden=0; nouse=0; global=1; static=1; extern=0; dir=1; type=0; pingpong=0; private_global=0; IO mode=ap_vld:ce=0
Port [ void_compute_pool_buffer_2d_array_const_ap_shift_reg_n_filt_stream_kernel_4]:  wired=1; compound=0; hidden=0; nouse=0; global=1; static=1; extern=0; dir=1; type=0; pingpong=0; private_global=0; IO mode=ap_vld:ce=0
Port [ void_compute_pool_buffer_2d_array_const_ap_shift_reg_n_filt_stream_kernel_3]:  wired=1; compound=0; hidden=0; nouse=0; global=1; static=1; extern=0; dir=1; type=0; pingpong=0; private_global=0; IO mode=ap_vld:ce=0
Port [ p_ZZN4nnet22compute_pool_buffer_2dINS_5arrayI8ap_fixedILi16ELi6EL9ap_q_mode5EL9ap_3]:  wired=1; compound=0; hidden=0; nouse=0; global=1; static=1; extern=0; dir=1; type=0; pingpong=0; private_global=0; IO mode=ap_vld:ce=0
Port [ p_ZZN4nnet22compute_pool_buffer_2dINS_5arrayI8ap_fixedILi16ELi6EL9ap_q_mode5EL9ap_2]:  wired=1; compound=0; hidden=0; nouse=0; global=1; static=1; extern=0; dir=1; type=0; pingpong=0; private_global=0; IO mode=ap_vld:ce=0
Port [ p_ZZN4nnet22compute_pool_buffer_2dINS_5arrayI8ap_fixedILi16ELi6EL9ap_q_mode5EL9ap_1]:  wired=1; compound=0; hidden=0; nouse=0; global=1; static=1; extern=0; dir=1; type=0; pingpong=0; private_global=0; IO mode=ap_vld:ce=0
Port [ p_ZZN4nnet22compute_pool_buffer_2dINS_5arrayI8ap_fixedILi16ELi6EL9ap_q_mode5EL9ap]:  wired=1; compound=0; hidden=0; nouse=0; global=1; static=1; extern=0; dir=1; type=0; pingpong=0; private_global=0; IO mode=ap_vld:ce=0
Port [ void_pooling2d_cl_stream_stream_array_ap_fixed_7u_0_line_buffer_6]:  wired=0; compound=1; hidden=1; nouse=0; global=1; static=1; extern=0; dir=3; type=1; pingpong=0; private_global=1; MemPort=[2]; IO mode=ap_memory:ce=0
Port [ void_pooling2d_cl_stream_stream_array_ap_fixed_7u_0_line_buffer_5]:  wired=0; compound=1; hidden=1; nouse=0; global=1; static=1; extern=0; dir=3; type=1; pingpong=0; private_global=1; MemPort=[2]; IO mode=ap_memory:ce=0
Port [ void_pooling2d_cl_stream_stream_array_ap_fixed_7u_0_line_buffer_4]:  wired=0; compound=1; hidden=1; nouse=0; global=1; static=1; extern=0; dir=3; type=1; pingpong=0; private_global=1; MemPort=[2]; IO mode=ap_memory:ce=0
Port [ void_pooling2d_cl_stream_stream_array_ap_fixed_7u_0_line_buffer_3]:  wired=0; compound=1; hidden=1; nouse=0; global=1; static=1; extern=0; dir=3; type=1; pingpong=0; private_global=1; MemPort=[2]; IO mode=ap_memory:ce=0
Port [ void_pooling2d_cl_stream_stream_array_ap_fixed_7u_0_line_buffer_2]:  wired=0; compound=1; hidden=1; nouse=0; global=1; static=1; extern=0; dir=3; type=1; pingpong=0; private_global=1; MemPort=[2]; IO mode=ap_memory:ce=0
Port [ void_pooling2d_cl_stream_stream_array_ap_fixed_7u_0_line_buffer_1]:  wired=0; compound=1; hidden=1; nouse=0; global=1; static=1; extern=0; dir=3; type=1; pingpong=0; private_global=1; MemPort=[2]; IO mode=ap_memory:ce=0
Port [ void_pooling2d_cl_stream_stream_array_ap_fixed_7u_0_line_buffer]:  wired=0; compound=1; hidden=1; nouse=0; global=1; static=1; extern=0; dir=3; type=1; pingpong=0; private_global=1; MemPort=[2]; IO mode=ap_memory:ce=0
---------------- STG Properties END ------------------

---------------- Datapath Model BEGIN ----------------

<LifeTime>
<method=bitvector/>
specpipeline_ln232 (specpipeline) [ 00]
p_read_1           (read        ) [ 00]
p_read_2           (read        ) [ 00]
p_read_3           (read        ) [ 00]
p_read_4           (read        ) [ 00]
p_read_5           (read        ) [ 00]
p_read_6           (read        ) [ 00]
p_read45           (read        ) [ 00]
p_i                (memshiftread) [ 00]
p_1_i              (memshiftread) [ 00]
p_2_i              (memshiftread) [ 00]
p_3_i              (memshiftread) [ 00]
p_4_i              (memshiftread) [ 00]
p_5_i              (memshiftread) [ 00]
p_0_i              (memshiftread) [ 00]
store_ln209        (store       ) [ 00]
store_ln209        (store       ) [ 00]
store_ln209        (store       ) [ 00]
store_ln209        (store       ) [ 00]
store_ln209        (store       ) [ 00]
store_ln209        (store       ) [ 00]
store_ln209        (store       ) [ 00]
store_ln209        (store       ) [ 00]
store_ln209        (store       ) [ 00]
store_ln209        (store       ) [ 00]
store_ln209        (store       ) [ 00]
store_ln209        (store       ) [ 00]
store_ln209        (store       ) [ 00]
store_ln209        (store       ) [ 00]
ret_ln232          (ret         ) [ 00]
</LifeTime>

<model>

<comp_list>
<comp id="0" class="1000" name="p_read">
<pin_list>
<pin id="1" dir="1" index="0" bw="1" slack="0"/>
</pin_list>
<bind>
<StgValue><ssdm name="p_read"/></StgValue>
</bind>
</comp>

<comp id="2" class="1000" name="p_read1">
<pin_list>
<pin id="3" dir="1" index="0" bw="1" slack="0"/>
</pin_list>
<bind>
<StgValue><ssdm name="p_read1"/></StgValue>
</bind>
</comp>

<comp id="4" class="1000" name="p_read2">
<pin_list>
<pin id="5" dir="1" index="0" bw="1" slack="0"/>
</pin_list>
<bind>
<StgValue><ssdm name="p_read2"/></StgValue>
</bind>
</comp>

<comp id="6" class="1000" name="p_read3">
<pin_list>
<pin id="7" dir="1" index="0" bw="1" slack="0"/>
</pin_list>
<bind>
<StgValue><ssdm name="p_read3"/></StgValue>
</bind>
</comp>

<comp id="8" class="1000" name="p_read4">
<pin_list>
<pin id="9" dir="1" index="0" bw="1" slack="0"/>
</pin_list>
<bind>
<StgValue><ssdm name="p_read4"/></StgValue>
</bind>
</comp>

<comp id="10" class="1000" name="p_read5">
<pin_list>
<pin id="11" dir="1" index="0" bw="1" slack="0"/>
</pin_list>
<bind>
<StgValue><ssdm name="p_read5"/></StgValue>
</bind>
</comp>

<comp id="12" class="1000" name="p_read6">
<pin_list>
<pin id="13" dir="1" index="0" bw="1" slack="0"/>
</pin_list>
<bind>
<StgValue><ssdm name="p_read6"/></StgValue>
</bind>
</comp>

<comp id="14" class="1000" name="void_compute_pool_buffer_2d_array_const_ap_shift_reg_n_filt_stream_kernel_9">
<pin_list>
<pin id="15" dir="1" index="0" bw="1" slack="0"/>
</pin_list>
<bind>
<StgValue><ssdm name="void_compute_pool_buffer_2d_array_const_ap_shift_reg_n_filt_stream_kernel_9"/></StgValue>
</bind>
</comp>

<comp id="16" class="1000" name="void_compute_pool_buffer_2d_array_const_ap_shift_reg_n_filt_stream_kernel_2">
<pin_list>
<pin id="17" dir="1" index="0" bw="1" slack="0"/>
</pin_list>
<bind>
<StgValue><ssdm name="void_compute_pool_buffer_2d_array_const_ap_shift_reg_n_filt_stream_kernel_2"/></StgValue>
</bind>
</comp>

<comp id="18" class="1000" name="void_compute_pool_buffer_2d_array_const_ap_shift_reg_n_filt_stream_kernel_1">
<pin_list>
<pin id="19" dir="1" index="0" bw="1" slack="0"/>
</pin_list>
<bind>
<StgValue><ssdm name="void_compute_pool_buffer_2d_array_const_ap_shift_reg_n_filt_stream_kernel_1"/></StgValue>
</bind>
</comp>

<comp id="20" class="1000" name="void_compute_pool_buffer_2d_array_const_ap_shift_reg_n_filt_stream_kernel">
<pin_list>
<pin id="21" dir="1" index="0" bw="1" slack="0"/>
</pin_list>
<bind>
<StgValue><ssdm name="void_compute_pool_buffer_2d_array_const_ap_shift_reg_n_filt_stream_kernel"/></StgValue>
</bind>
</comp>

<comp id="22" class="1000" name="void_compute_pool_buffer_2d_array_const_ap_shift_reg_n_filt_stream_kernel_8">
<pin_list>
<pin id="23" dir="1" index="0" bw="1" slack="0"/>
</pin_list>
<bind>
<StgValue><ssdm name="void_compute_pool_buffer_2d_array_const_ap_shift_reg_n_filt_stream_kernel_8"/></StgValue>
</bind>
</comp>

<comp id="24" class="1000" name="void_compute_pool_buffer_2d_array_const_ap_shift_reg_n_filt_stream_kernel_7">
<pin_list>
<pin id="25" dir="1" index="0" bw="1" slack="0"/>
</pin_list>
<bind>
<StgValue><ssdm name="void_compute_pool_buffer_2d_array_const_ap_shift_reg_n_filt_stream_kernel_7"/></StgValue>
</bind>
</comp>

<comp id="26" class="1000" name="void_compute_pool_buffer_2d_array_const_ap_shift_reg_n_filt_stream_kernel_6">
<pin_list>
<pin id="27" dir="1" index="0" bw="1" slack="0"/>
</pin_list>
<bind>
<StgValue><ssdm name="void_compute_pool_buffer_2d_array_const_ap_shift_reg_n_filt_stream_kernel_6"/></StgValue>
</bind>
</comp>

<comp id="28" class="1000" name="void_compute_pool_buffer_2d_array_const_ap_shift_reg_n_filt_stream_kernel_5">
<pin_list>
<pin id="29" dir="1" index="0" bw="1" slack="0"/>
</pin_list>
<bind>
<StgValue><ssdm name="void_compute_pool_buffer_2d_array_const_ap_shift_reg_n_filt_stream_kernel_5"/></StgValue>
</bind>
</comp>

<comp id="30" class="1000" name="void_compute_pool_buffer_2d_array_const_ap_shift_reg_n_filt_stream_kernel_4">
<pin_list>
<pin id="31" dir="1" index="0" bw="1" slack="0"/>
</pin_list>
<bind>
<StgValue><ssdm name="void_compute_pool_buffer_2d_array_const_ap_shift_reg_n_filt_stream_kernel_4"/></StgValue>
</bind>
</comp>

<comp id="32" class="1000" name="void_compute_pool_buffer_2d_array_const_ap_shift_reg_n_filt_stream_kernel_3">
<pin_list>
<pin id="33" dir="1" index="0" bw="1" slack="0"/>
</pin_list>
<bind>
<StgValue><ssdm name="void_compute_pool_buffer_2d_array_const_ap_shift_reg_n_filt_stream_kernel_3"/></StgValue>
</bind>
</comp>

<comp id="34" class="1000" name="p_ZZN4nnet22compute_pool_buffer_2dINS_5arrayI8ap_fixedILi16ELi6EL9ap_q_mode5EL9ap_3">
<pin_list>
<pin id="35" dir="1" index="0" bw="1" slack="0"/>
</pin_list>
<bind>
<StgValue><ssdm name="p_ZZN4nnet22compute_pool_buffer_2dINS_5arrayI8ap_fixedILi16ELi6EL9ap_q_mode5EL9ap_3"/></StgValue>
</bind>
</comp>

<comp id="36" class="1000" name="p_ZZN4nnet22compute_pool_buffer_2dINS_5arrayI8ap_fixedILi16ELi6EL9ap_q_mode5EL9ap_2">
<pin_list>
<pin id="37" dir="1" index="0" bw="1" slack="0"/>
</pin_list>
<bind>
<StgValue><ssdm name="p_ZZN4nnet22compute_pool_buffer_2dINS_5arrayI8ap_fixedILi16ELi6EL9ap_q_mode5EL9ap_2"/></StgValue>
</bind>
</comp>

<comp id="38" class="1000" name="p_ZZN4nnet22compute_pool_buffer_2dINS_5arrayI8ap_fixedILi16ELi6EL9ap_q_mode5EL9ap_1">
<pin_list>
<pin id="39" dir="1" index="0" bw="1" slack="0"/>
</pin_list>
<bind>
<StgValue><ssdm name="p_ZZN4nnet22compute_pool_buffer_2dINS_5arrayI8ap_fixedILi16ELi6EL9ap_q_mode5EL9ap_1"/></StgValue>
</bind>
</comp>

<comp id="40" class="1000" name="p_ZZN4nnet22compute_pool_buffer_2dINS_5arrayI8ap_fixedILi16ELi6EL9ap_q_mode5EL9ap">
<pin_list>
<pin id="41" dir="1" index="0" bw="1" slack="0"/>
</pin_list>
<bind>
<StgValue><ssdm name="p_ZZN4nnet22compute_pool_buffer_2dINS_5arrayI8ap_fixedILi16ELi6EL9ap_q_mode5EL9ap"/></StgValue>
</bind>
</comp>

<comp id="42" class="1000" name="void_pooling2d_cl_stream_stream_array_ap_fixed_7u_0_line_buffer_6">
<pin_list>
<pin id="43" dir="1" index="0" bw="1" slack="2147483647"/>
</pin_list>
<bind>
<StgValue><ssdm name="void_pooling2d_cl_stream_stream_array_ap_fixed_7u_0_line_buffer_6"/><MemPortTyVec>2 </MemPortTyVec>
</StgValue>
</bind>
</comp>

<comp id="44" class="1000" name="void_pooling2d_cl_stream_stream_array_ap_fixed_7u_0_line_buffer_5">
<pin_list>
<pin id="45" dir="1" index="0" bw="1" slack="2147483647"/>
</pin_list>
<bind>
<StgValue><ssdm name="void_pooling2d_cl_stream_stream_array_ap_fixed_7u_0_line_buffer_5"/><MemPortTyVec>2 </MemPortTyVec>
</StgValue>
</bind>
</comp>

<comp id="46" class="1000" name="void_pooling2d_cl_stream_stream_array_ap_fixed_7u_0_line_buffer_4">
<pin_list>
<pin id="47" dir="1" index="0" bw="1" slack="2147483647"/>
</pin_list>
<bind>
<StgValue><ssdm name="void_pooling2d_cl_stream_stream_array_ap_fixed_7u_0_line_buffer_4"/><MemPortTyVec>2 </MemPortTyVec>
</StgValue>
</bind>
</comp>

<comp id="48" class="1000" name="void_pooling2d_cl_stream_stream_array_ap_fixed_7u_0_line_buffer_3">
<pin_list>
<pin id="49" dir="1" index="0" bw="1" slack="2147483647"/>
</pin_list>
<bind>
<StgValue><ssdm name="void_pooling2d_cl_stream_stream_array_ap_fixed_7u_0_line_buffer_3"/><MemPortTyVec>2 </MemPortTyVec>
</StgValue>
</bind>
</comp>

<comp id="50" class="1000" name="void_pooling2d_cl_stream_stream_array_ap_fixed_7u_0_line_buffer_2">
<pin_list>
<pin id="51" dir="1" index="0" bw="1" slack="2147483647"/>
</pin_list>
<bind>
<StgValue><ssdm name="void_pooling2d_cl_stream_stream_array_ap_fixed_7u_0_line_buffer_2"/><MemPortTyVec>2 </MemPortTyVec>
</StgValue>
</bind>
</comp>

<comp id="52" class="1000" name="void_pooling2d_cl_stream_stream_array_ap_fixed_7u_0_line_buffer_1">
<pin_list>
<pin id="53" dir="1" index="0" bw="1" slack="2147483647"/>
</pin_list>
<bind>
<StgValue><ssdm name="void_pooling2d_cl_stream_stream_array_ap_fixed_7u_0_line_buffer_1"/><MemPortTyVec>2 </MemPortTyVec>
</StgValue>
</bind>
</comp>

<comp id="54" class="1000" name="void_pooling2d_cl_stream_stream_array_ap_fixed_7u_0_line_buffer">
<pin_list>
<pin id="55" dir="1" index="0" bw="1" slack="2147483647"/>
</pin_list>
<bind>
<StgValue><ssdm name="void_pooling2d_cl_stream_stream_array_ap_fixed_7u_0_line_buffer"/><MemPortTyVec>2 </MemPortTyVec>
</StgValue>
</bind>
</comp>

<comp id="56" class="1001" name="const_56">
<pin_list>
<pin id="57" dir="1" index="0" bw="1" slack="2147483647"/>
</pin_list>
<bind>
<StgValue><ssdm name="_ssdm_op_SpecPipeline"/></StgValue>
</bind>
</comp>

<comp id="58" class="1001" name="const_58">
<pin_list>
<pin id="59" dir="1" index="0" bw="1" slack="2147483647"/>
</pin_list>
<bind>
<StgValue><ssdm name=""/></StgValue>
</bind>
</comp>

<comp id="60" class="1001" name="const_60">
<pin_list>
<pin id="61" dir="1" index="0" bw="1" slack="2147483647"/>
</pin_list>
<bind>
<StgValue><ssdm name=""/></StgValue>
</bind>
</comp>

<comp id="62" class="1001" name="const_62">
<pin_list>
<pin id="63" dir="1" index="0" bw="1" slack="2147483647"/>
</pin_list>
<bind>
<StgValue><ssdm name="empty_3"/></StgValue>
</bind>
</comp>

<comp id="64" class="1001" name="const_64">
<pin_list>
<pin id="65" dir="1" index="0" bw="1" slack="0"/>
</pin_list>
<bind>
<StgValue><ssdm name="_ssdm_op_Read.ap_auto.i16"/></StgValue>
</bind>
</comp>

<comp id="66" class="1001" name="const_66">
<pin_list>
<pin id="67" dir="1" index="0" bw="1" slack="0"/>
</pin_list>
<bind>
<StgValue><ssdm name="_ssdm_op_MemShiftRead.[4 x i16]P0A"/></StgValue>
</bind>
</comp>

<comp id="68" class="1001" name="const_68">
<pin_list>
<pin id="69" dir="1" index="0" bw="1" slack="0"/>
</pin_list>
<bind>
<StgValue><ssdm name=""/></StgValue>
</bind>
</comp>

<comp id="70" class="1001" name="const_70">
<pin_list>
<pin id="71" dir="1" index="0" bw="1" slack="0"/>
</pin_list>
<bind>
<StgValue><ssdm name=""/></StgValue>
</bind>
</comp>

<comp id="72" class="1001" name="const_72">
<pin_list>
<pin id="73" dir="1" index="0" bw="1" slack="0"/>
</pin_list>
<bind>
<StgValue><ssdm name=""/></StgValue>
</bind>
</comp>

<comp id="74" class="1001" name="const_74">
<pin_list>
<pin id="75" dir="1" index="0" bw="1" slack="0"/>
</pin_list>
<bind>
<StgValue><ssdm name=""/></StgValue>
</bind>
</comp>

<comp id="76" class="1001" name="const_76">
<pin_list>
<pin id="77" dir="1" index="0" bw="1" slack="0"/>
</pin_list>
<bind>
<StgValue><ssdm name=""/></StgValue>
</bind>
</comp>

<comp id="78" class="1001" name="const_78">
<pin_list>
<pin id="79" dir="1" index="0" bw="1" slack="0"/>
</pin_list>
<bind>
<StgValue><ssdm name=""/></StgValue>
</bind>
</comp>

<comp id="80" class="1001" name="const_80">
<pin_list>
<pin id="81" dir="1" index="0" bw="1" slack="0"/>
</pin_list>
<bind>
<StgValue><ssdm name=""/></StgValue>
</bind>
</comp>

<comp id="82" class="1001" name="const_82">
<pin_list>
<pin id="83" dir="1" index="0" bw="1" slack="0"/>
</pin_list>
<bind>
<StgValue><ssdm name=""/></StgValue>
</bind>
</comp>

<comp id="84" class="1004" name="p_read_1_read_fu_84">
<pin_list>
<pin id="85" dir="0" index="0" bw="16" slack="0"/>
<pin id="86" dir="0" index="1" bw="16" slack="0"/>
<pin id="87" dir="1" index="2" bw="16" slack="0"/>
</pin_list>
<bind>
<opcode="read(1150) " fcode="read"/>
<opset="p_read_1/1 "/>
</bind>
</comp>

<comp id="90" class="1004" name="p_read_2_read_fu_90">
<pin_list>
<pin id="91" dir="0" index="0" bw="16" slack="0"/>
<pin id="92" dir="0" index="1" bw="16" slack="0"/>
<pin id="93" dir="1" index="2" bw="16" slack="0"/>
</pin_list>
<bind>
<opcode="read(1150) " fcode="read"/>
<opset="p_read_2/1 "/>
</bind>
</comp>

<comp id="96" class="1004" name="p_read_3_read_fu_96">
<pin_list>
<pin id="97" dir="0" index="0" bw="16" slack="0"/>
<pin id="98" dir="0" index="1" bw="16" slack="0"/>
<pin id="99" dir="1" index="2" bw="16" slack="0"/>
</pin_list>
<bind>
<opcode="read(1150) " fcode="read"/>
<opset="p_read_3/1 "/>
</bind>
</comp>

<comp id="102" class="1004" name="p_read_4_read_fu_102">
<pin_list>
<pin id="103" dir="0" index="0" bw="16" slack="0"/>
<pin id="104" dir="0" index="1" bw="16" slack="0"/>
<pin id="105" dir="1" index="2" bw="16" slack="0"/>
</pin_list>
<bind>
<opcode="read(1150) " fcode="read"/>
<opset="p_read_4/1 "/>
</bind>
</comp>

<comp id="108" class="1004" name="p_read_5_read_fu_108">
<pin_list>
<pin id="109" dir="0" index="0" bw="16" slack="0"/>
<pin id="110" dir="0" index="1" bw="16" slack="0"/>
<pin id="111" dir="1" index="2" bw="16" slack="0"/>
</pin_list>
<bind>
<opcode="read(1150) " fcode="read"/>
<opset="p_read_5/1 "/>
</bind>
</comp>

<comp id="114" class="1004" name="p_read_6_read_fu_114">
<pin_list>
<pin id="115" dir="0" index="0" bw="16" slack="0"/>
<pin id="116" dir="0" index="1" bw="16" slack="0"/>
<pin id="117" dir="1" index="2" bw="16" slack="0"/>
</pin_list>
<bind>
<opcode="read(1150) " fcode="read"/>
<opset="p_read_6/1 "/>
</bind>
</comp>

<comp id="120" class="1004" name="p_read45_read_fu_120">
<pin_list>
<pin id="121" dir="0" index="0" bw="16" slack="0"/>
<pin id="122" dir="0" index="1" bw="16" slack="0"/>
<pin id="123" dir="1" index="2" bw="16" slack="0"/>
</pin_list>
<bind>
<opcode="read(1150) " fcode="read"/>
<opset="p_read45/1 "/>
</bind>
</comp>

<comp id="126" class="1004" name="p_i_fu_126">
<pin_list>
<pin id="127" dir="0" index="0" bw="16" slack="0"/>
<pin id="128" dir="0" index="1" bw="16" slack="0"/>
<pin id="129" dir="0" index="2" bw="16" slack="0"/>
<pin id="130" dir="0" index="3" bw="1" slack="0"/>
<pin id="131" dir="1" index="4" bw="16" slack="0"/>
</pin_list>
<bind>
<opcode="memshiftread(1195) " fcode="memshiftread"/>
<opset="p_i/1 "/>
</bind>
</comp>

<comp id="136" class="1004" name="p_1_i_fu_136">
<pin_list>
<pin id="137" dir="0" index="0" bw="16" slack="0"/>
<pin id="138" dir="0" index="1" bw="16" slack="0"/>
<pin id="139" dir="0" index="2" bw="16" slack="0"/>
<pin id="140" dir="0" index="3" bw="1" slack="0"/>
<pin id="141" dir="1" index="4" bw="16" slack="0"/>
</pin_list>
<bind>
<opcode="memshiftread(1195) " fcode="memshiftread"/>
<opset="p_1_i/1 "/>
</bind>
</comp>

<comp id="146" class="1004" name="p_2_i_fu_146">
<pin_list>
<pin id="147" dir="0" index="0" bw="16" slack="0"/>
<pin id="148" dir="0" index="1" bw="16" slack="0"/>
<pin id="149" dir="0" index="2" bw="16" slack="0"/>
<pin id="150" dir="0" index="3" bw="1" slack="0"/>
<pin id="151" dir="1" index="4" bw="16" slack="0"/>
</pin_list>
<bind>
<opcode="memshiftread(1195) " fcode="memshiftread"/>
<opset="p_2_i/1 "/>
</bind>
</comp>

<comp id="156" class="1004" name="p_3_i_fu_156">
<pin_list>
<pin id="157" dir="0" index="0" bw="16" slack="0"/>
<pin id="158" dir="0" index="1" bw="16" slack="0"/>
<pin id="159" dir="0" index="2" bw="16" slack="0"/>
<pin id="160" dir="0" index="3" bw="1" slack="0"/>
<pin id="161" dir="1" index="4" bw="16" slack="0"/>
</pin_list>
<bind>
<opcode="memshiftread(1195) " fcode="memshiftread"/>
<opset="p_3_i/1 "/>
</bind>
</comp>

<comp id="166" class="1004" name="p_4_i_fu_166">
<pin_list>
<pin id="167" dir="0" index="0" bw="16" slack="0"/>
<pin id="168" dir="0" index="1" bw="16" slack="0"/>
<pin id="169" dir="0" index="2" bw="16" slack="0"/>
<pin id="170" dir="0" index="3" bw="1" slack="0"/>
<pin id="171" dir="1" index="4" bw="16" slack="0"/>
</pin_list>
<bind>
<opcode="memshiftread(1195) " fcode="memshiftread"/>
<opset="p_4_i/1 "/>
</bind>
</comp>

<comp id="176" class="1004" name="p_5_i_fu_176">
<pin_list>
<pin id="177" dir="0" index="0" bw="16" slack="0"/>
<pin id="178" dir="0" index="1" bw="16" slack="0"/>
<pin id="179" dir="0" index="2" bw="16" slack="0"/>
<pin id="180" dir="0" index="3" bw="1" slack="0"/>
<pin id="181" dir="1" index="4" bw="16" slack="0"/>
</pin_list>
<bind>
<opcode="memshiftread(1195) " fcode="memshiftread"/>
<opset="p_5_i/1 "/>
</bind>
</comp>

<comp id="186" class="1004" name="p_0_i_fu_186">
<pin_list>
<pin id="187" dir="0" index="0" bw="16" slack="0"/>
<pin id="188" dir="0" index="1" bw="16" slack="0"/>
<pin id="189" dir="0" index="2" bw="16" slack="0"/>
<pin id="190" dir="0" index="3" bw="1" slack="0"/>
<pin id="191" dir="1" index="4" bw="16" slack="0"/>
</pin_list>
<bind>
<opcode="memshiftread(1195) " fcode="memshiftread"/>
<opset="p_0_i/1 "/>
</bind>
</comp>

<comp id="196" class="1004" name="store_ln209_store_fu_196">
<pin_list>
<pin id="197" dir="0" index="0" bw="16" slack="0"/>
<pin id="198" dir="0" index="1" bw="16" slack="0"/>
<pin id="199" dir="1" index="2" bw="0" slack="2147483647"/>
</pin_list>
<bind>
<opcode="store(28) " fcode="store"/>
<opset="store_ln209/1 "/>
</bind>
</comp>

<comp id="202" class="1004" name="store_ln209_store_fu_202">
<pin_list>
<pin id="203" dir="0" index="0" bw="16" slack="0"/>
<pin id="204" dir="0" index="1" bw="16" slack="0"/>
<pin id="205" dir="1" index="2" bw="0" slack="2147483647"/>
</pin_list>
<bind>
<opcode="store(28) " fcode="store"/>
<opset="store_ln209/1 "/>
</bind>
</comp>

<comp id="208" class="1004" name="store_ln209_store_fu_208">
<pin_list>
<pin id="209" dir="0" index="0" bw="16" slack="0"/>
<pin id="210" dir="0" index="1" bw="16" slack="0"/>
<pin id="211" dir="1" index="2" bw="0" slack="2147483647"/>
</pin_list>
<bind>
<opcode="store(28) " fcode="store"/>
<opset="store_ln209/1 "/>
</bind>
</comp>

<comp id="214" class="1004" name="store_ln209_store_fu_214">
<pin_list>
<pin id="215" dir="0" index="0" bw="16" slack="0"/>
<pin id="216" dir="0" index="1" bw="16" slack="0"/>
<pin id="217" dir="1" index="2" bw="0" slack="2147483647"/>
</pin_list>
<bind>
<opcode="store(28) " fcode="store"/>
<opset="store_ln209/1 "/>
</bind>
</comp>

<comp id="220" class="1004" name="store_ln209_store_fu_220">
<pin_list>
<pin id="221" dir="0" index="0" bw="16" slack="0"/>
<pin id="222" dir="0" index="1" bw="16" slack="0"/>
<pin id="223" dir="1" index="2" bw="0" slack="2147483647"/>
</pin_list>
<bind>
<opcode="store(28) " fcode="store"/>
<opset="store_ln209/1 "/>
</bind>
</comp>

<comp id="226" class="1004" name="store_ln209_store_fu_226">
<pin_list>
<pin id="227" dir="0" index="0" bw="16" slack="0"/>
<pin id="228" dir="0" index="1" bw="16" slack="0"/>
<pin id="229" dir="1" index="2" bw="0" slack="2147483647"/>
</pin_list>
<bind>
<opcode="store(28) " fcode="store"/>
<opset="store_ln209/1 "/>
</bind>
</comp>

<comp id="232" class="1004" name="store_ln209_store_fu_232">
<pin_list>
<pin id="233" dir="0" index="0" bw="16" slack="0"/>
<pin id="234" dir="0" index="1" bw="16" slack="0"/>
<pin id="235" dir="1" index="2" bw="0" slack="2147483647"/>
</pin_list>
<bind>
<opcode="store(28) " fcode="store"/>
<opset="store_ln209/1 "/>
</bind>
</comp>

<comp id="238" class="1004" name="store_ln209_store_fu_238">
<pin_list>
<pin id="239" dir="0" index="0" bw="16" slack="0"/>
<pin id="240" dir="0" index="1" bw="16" slack="0"/>
<pin id="241" dir="1" index="2" bw="0" slack="2147483647"/>
</pin_list>
<bind>
<opcode="store(28) " fcode="store"/>
<opset="store_ln209/1 "/>
</bind>
</comp>

<comp id="244" class="1004" name="store_ln209_store_fu_244">
<pin_list>
<pin id="245" dir="0" index="0" bw="16" slack="0"/>
<pin id="246" dir="0" index="1" bw="16" slack="0"/>
<pin id="247" dir="1" index="2" bw="0" slack="2147483647"/>
</pin_list>
<bind>
<opcode="store(28) " fcode="store"/>
<opset="store_ln209/1 "/>
</bind>
</comp>

<comp id="250" class="1004" name="store_ln209_store_fu_250">
<pin_list>
<pin id="251" dir="0" index="0" bw="16" slack="0"/>
<pin id="252" dir="0" index="1" bw="16" slack="0"/>
<pin id="253" dir="1" index="2" bw="0" slack="2147483647"/>
</pin_list>
<bind>
<opcode="store(28) " fcode="store"/>
<opset="store_ln209/1 "/>
</bind>
</comp>

<comp id="256" class="1004" name="store_ln209_store_fu_256">
<pin_list>
<pin id="257" dir="0" index="0" bw="16" slack="0"/>
<pin id="258" dir="0" index="1" bw="16" slack="0"/>
<pin id="259" dir="1" index="2" bw="0" slack="2147483647"/>
</pin_list>
<bind>
<opcode="store(28) " fcode="store"/>
<opset="store_ln209/1 "/>
</bind>
</comp>

<comp id="262" class="1004" name="store_ln209_store_fu_262">
<pin_list>
<pin id="263" dir="0" index="0" bw="16" slack="0"/>
<pin id="264" dir="0" index="1" bw="16" slack="0"/>
<pin id="265" dir="1" index="2" bw="0" slack="2147483647"/>
</pin_list>
<bind>
<opcode="store(28) " fcode="store"/>
<opset="store_ln209/1 "/>
</bind>
</comp>

<comp id="268" class="1004" name="store_ln209_store_fu_268">
<pin_list>
<pin id="269" dir="0" index="0" bw="16" slack="0"/>
<pin id="270" dir="0" index="1" bw="16" slack="0"/>
<pin id="271" dir="1" index="2" bw="0" slack="2147483647"/>
</pin_list>
<bind>
<opcode="store(28) " fcode="store"/>
<opset="store_ln209/1 "/>
</bind>
</comp>

<comp id="274" class="1004" name="store_ln209_store_fu_274">
<pin_list>
<pin id="275" dir="0" index="0" bw="16" slack="0"/>
<pin id="276" dir="0" index="1" bw="16" slack="0"/>
<pin id="277" dir="1" index="2" bw="0" slack="2147483647"/>
</pin_list>
<bind>
<opcode="store(28) " fcode="store"/>
<opset="store_ln209/1 "/>
</bind>
</comp>

</comp_list>

<net_list>
<net id="88"><net_src comp="64" pin="0"/><net_sink comp="84" pin=0"/></net>

<net id="89"><net_src comp="12" pin="0"/><net_sink comp="84" pin=1"/></net>

<net id="94"><net_src comp="64" pin="0"/><net_sink comp="90" pin=0"/></net>

<net id="95"><net_src comp="10" pin="0"/><net_sink comp="90" pin=1"/></net>

<net id="100"><net_src comp="64" pin="0"/><net_sink comp="96" pin=0"/></net>

<net id="101"><net_src comp="8" pin="0"/><net_sink comp="96" pin=1"/></net>

<net id="106"><net_src comp="64" pin="0"/><net_sink comp="102" pin=0"/></net>

<net id="107"><net_src comp="6" pin="0"/><net_sink comp="102" pin=1"/></net>

<net id="112"><net_src comp="64" pin="0"/><net_sink comp="108" pin=0"/></net>

<net id="113"><net_src comp="4" pin="0"/><net_sink comp="108" pin=1"/></net>

<net id="118"><net_src comp="64" pin="0"/><net_sink comp="114" pin=0"/></net>

<net id="119"><net_src comp="2" pin="0"/><net_sink comp="114" pin=1"/></net>

<net id="124"><net_src comp="64" pin="0"/><net_sink comp="120" pin=0"/></net>

<net id="125"><net_src comp="0" pin="0"/><net_sink comp="120" pin=1"/></net>

<net id="132"><net_src comp="66" pin="0"/><net_sink comp="126" pin=0"/></net>

<net id="133"><net_src comp="68" pin="0"/><net_sink comp="126" pin=1"/></net>

<net id="134"><net_src comp="120" pin="2"/><net_sink comp="126" pin=2"/></net>

<net id="135"><net_src comp="70" pin="0"/><net_sink comp="126" pin=3"/></net>

<net id="142"><net_src comp="66" pin="0"/><net_sink comp="136" pin=0"/></net>

<net id="143"><net_src comp="72" pin="0"/><net_sink comp="136" pin=1"/></net>

<net id="144"><net_src comp="114" pin="2"/><net_sink comp="136" pin=2"/></net>

<net id="145"><net_src comp="70" pin="0"/><net_sink comp="136" pin=3"/></net>

<net id="152"><net_src comp="66" pin="0"/><net_sink comp="146" pin=0"/></net>

<net id="153"><net_src comp="74" pin="0"/><net_sink comp="146" pin=1"/></net>

<net id="154"><net_src comp="108" pin="2"/><net_sink comp="146" pin=2"/></net>

<net id="155"><net_src comp="70" pin="0"/><net_sink comp="146" pin=3"/></net>

<net id="162"><net_src comp="66" pin="0"/><net_sink comp="156" pin=0"/></net>

<net id="163"><net_src comp="76" pin="0"/><net_sink comp="156" pin=1"/></net>

<net id="164"><net_src comp="102" pin="2"/><net_sink comp="156" pin=2"/></net>

<net id="165"><net_src comp="70" pin="0"/><net_sink comp="156" pin=3"/></net>

<net id="172"><net_src comp="66" pin="0"/><net_sink comp="166" pin=0"/></net>

<net id="173"><net_src comp="78" pin="0"/><net_sink comp="166" pin=1"/></net>

<net id="174"><net_src comp="96" pin="2"/><net_sink comp="166" pin=2"/></net>

<net id="175"><net_src comp="70" pin="0"/><net_sink comp="166" pin=3"/></net>

<net id="182"><net_src comp="66" pin="0"/><net_sink comp="176" pin=0"/></net>

<net id="183"><net_src comp="80" pin="0"/><net_sink comp="176" pin=1"/></net>

<net id="184"><net_src comp="90" pin="2"/><net_sink comp="176" pin=2"/></net>

<net id="185"><net_src comp="70" pin="0"/><net_sink comp="176" pin=3"/></net>

<net id="192"><net_src comp="66" pin="0"/><net_sink comp="186" pin=0"/></net>

<net id="193"><net_src comp="82" pin="0"/><net_sink comp="186" pin=1"/></net>

<net id="194"><net_src comp="84" pin="2"/><net_sink comp="186" pin=2"/></net>

<net id="195"><net_src comp="70" pin="0"/><net_sink comp="186" pin=3"/></net>

<net id="200"><net_src comp="126" pin="4"/><net_sink comp="196" pin=0"/></net>

<net id="201"><net_src comp="14" pin="0"/><net_sink comp="196" pin=1"/></net>

<net id="206"><net_src comp="136" pin="4"/><net_sink comp="202" pin=0"/></net>

<net id="207"><net_src comp="16" pin="0"/><net_sink comp="202" pin=1"/></net>

<net id="212"><net_src comp="146" pin="4"/><net_sink comp="208" pin=0"/></net>

<net id="213"><net_src comp="18" pin="0"/><net_sink comp="208" pin=1"/></net>

<net id="218"><net_src comp="156" pin="4"/><net_sink comp="214" pin=0"/></net>

<net id="219"><net_src comp="20" pin="0"/><net_sink comp="214" pin=1"/></net>

<net id="224"><net_src comp="166" pin="4"/><net_sink comp="220" pin=0"/></net>

<net id="225"><net_src comp="22" pin="0"/><net_sink comp="220" pin=1"/></net>

<net id="230"><net_src comp="176" pin="4"/><net_sink comp="226" pin=0"/></net>

<net id="231"><net_src comp="24" pin="0"/><net_sink comp="226" pin=1"/></net>

<net id="236"><net_src comp="186" pin="4"/><net_sink comp="232" pin=0"/></net>

<net id="237"><net_src comp="26" pin="0"/><net_sink comp="232" pin=1"/></net>

<net id="242"><net_src comp="120" pin="2"/><net_sink comp="238" pin=0"/></net>

<net id="243"><net_src comp="28" pin="0"/><net_sink comp="238" pin=1"/></net>

<net id="248"><net_src comp="114" pin="2"/><net_sink comp="244" pin=0"/></net>

<net id="249"><net_src comp="30" pin="0"/><net_sink comp="244" pin=1"/></net>

<net id="254"><net_src comp="108" pin="2"/><net_sink comp="250" pin=0"/></net>

<net id="255"><net_src comp="32" pin="0"/><net_sink comp="250" pin=1"/></net>

<net id="260"><net_src comp="102" pin="2"/><net_sink comp="256" pin=0"/></net>

<net id="261"><net_src comp="34" pin="0"/><net_sink comp="256" pin=1"/></net>

<net id="266"><net_src comp="96" pin="2"/><net_sink comp="262" pin=0"/></net>

<net id="267"><net_src comp="36" pin="0"/><net_sink comp="262" pin=1"/></net>

<net id="272"><net_src comp="90" pin="2"/><net_sink comp="268" pin=0"/></net>

<net id="273"><net_src comp="38" pin="0"/><net_sink comp="268" pin=1"/></net>

<net id="278"><net_src comp="84" pin="2"/><net_sink comp="274" pin=0"/></net>

<net id="279"><net_src comp="40" pin="0"/><net_sink comp="274" pin=1"/></net>

</net_list>

</model> 
---------------- Datapath Model END ------------------

* FSMD analyzer results:
  - Output states:
	Port: void_compute_pool_buffer_2d_array_const_ap_shift_reg_n_filt_stream_kernel_9 | {1 }
	Port: void_compute_pool_buffer_2d_array_const_ap_shift_reg_n_filt_stream_kernel_2 | {1 }
	Port: void_compute_pool_buffer_2d_array_const_ap_shift_reg_n_filt_stream_kernel_1 | {1 }
	Port: void_compute_pool_buffer_2d_array_const_ap_shift_reg_n_filt_stream_kernel | {1 }
	Port: void_compute_pool_buffer_2d_array_const_ap_shift_reg_n_filt_stream_kernel_8 | {1 }
	Port: void_compute_pool_buffer_2d_array_const_ap_shift_reg_n_filt_stream_kernel_7 | {1 }
	Port: void_compute_pool_buffer_2d_array_const_ap_shift_reg_n_filt_stream_kernel_6 | {1 }
	Port: void_compute_pool_buffer_2d_array_const_ap_shift_reg_n_filt_stream_kernel_5 | {1 }
	Port: void_compute_pool_buffer_2d_array_const_ap_shift_reg_n_filt_stream_kernel_4 | {1 }
	Port: void_compute_pool_buffer_2d_array_const_ap_shift_reg_n_filt_stream_kernel_3 | {1 }
	Port: p_ZZN4nnet22compute_pool_buffer_2dINS_5arrayI8ap_fixedILi16ELi6EL9ap_q_mode5EL9ap_3 | {1 }
	Port: p_ZZN4nnet22compute_pool_buffer_2dINS_5arrayI8ap_fixedILi16ELi6EL9ap_q_mode5EL9ap_2 | {1 }
	Port: p_ZZN4nnet22compute_pool_buffer_2dINS_5arrayI8ap_fixedILi16ELi6EL9ap_q_mode5EL9ap_1 | {1 }
	Port: p_ZZN4nnet22compute_pool_buffer_2dINS_5arrayI8ap_fixedILi16ELi6EL9ap_q_mode5EL9ap | {1 }
	Port: void_pooling2d_cl_stream_stream_array_ap_fixed_7u_0_line_buffer_6 | {1 }
	Port: void_pooling2d_cl_stream_stream_array_ap_fixed_7u_0_line_buffer_5 | {1 }
	Port: void_pooling2d_cl_stream_stream_array_ap_fixed_7u_0_line_buffer_4 | {1 }
	Port: void_pooling2d_cl_stream_stream_array_ap_fixed_7u_0_line_buffer_3 | {1 }
	Port: void_pooling2d_cl_stream_stream_array_ap_fixed_7u_0_line_buffer_2 | {1 }
	Port: void_pooling2d_cl_stream_stream_array_ap_fixed_7u_0_line_buffer_1 | {1 }
	Port: void_pooling2d_cl_stream_stream_array_ap_fixed_7u_0_line_buffer | {1 }
 - Input state : 
	Port: shift_line_buffer<array<ap_fixed<16, 6, 5, 3, 0>, 7u>, config5> : p_read | {1 }
	Port: shift_line_buffer<array<ap_fixed<16, 6, 5, 3, 0>, 7u>, config5> : p_read1 | {1 }
	Port: shift_line_buffer<array<ap_fixed<16, 6, 5, 3, 0>, 7u>, config5> : p_read2 | {1 }
	Port: shift_line_buffer<array<ap_fixed<16, 6, 5, 3, 0>, 7u>, config5> : p_read3 | {1 }
	Port: shift_line_buffer<array<ap_fixed<16, 6, 5, 3, 0>, 7u>, config5> : p_read4 | {1 }
	Port: shift_line_buffer<array<ap_fixed<16, 6, 5, 3, 0>, 7u>, config5> : p_read5 | {1 }
	Port: shift_line_buffer<array<ap_fixed<16, 6, 5, 3, 0>, 7u>, config5> : p_read6 | {1 }
	Port: shift_line_buffer<array<ap_fixed<16, 6, 5, 3, 0>, 7u>, config5> : void_compute_pool_buffer_2d_array_const_ap_shift_reg_n_filt_stream_kernel_9 | {}
	Port: shift_line_buffer<array<ap_fixed<16, 6, 5, 3, 0>, 7u>, config5> : void_compute_pool_buffer_2d_array_const_ap_shift_reg_n_filt_stream_kernel_2 | {}
	Port: shift_line_buffer<array<ap_fixed<16, 6, 5, 3, 0>, 7u>, config5> : void_compute_pool_buffer_2d_array_const_ap_shift_reg_n_filt_stream_kernel_1 | {}
	Port: shift_line_buffer<array<ap_fixed<16, 6, 5, 3, 0>, 7u>, config5> : void_compute_pool_buffer_2d_array_const_ap_shift_reg_n_filt_stream_kernel | {}
	Port: shift_line_buffer<array<ap_fixed<16, 6, 5, 3, 0>, 7u>, config5> : void_compute_pool_buffer_2d_array_const_ap_shift_reg_n_filt_stream_kernel_8 | {}
	Port: shift_line_buffer<array<ap_fixed<16, 6, 5, 3, 0>, 7u>, config5> : void_compute_pool_buffer_2d_array_const_ap_shift_reg_n_filt_stream_kernel_7 | {}
	Port: shift_line_buffer<array<ap_fixed<16, 6, 5, 3, 0>, 7u>, config5> : void_compute_pool_buffer_2d_array_const_ap_shift_reg_n_filt_stream_kernel_6 | {}
	Port: shift_line_buffer<array<ap_fixed<16, 6, 5, 3, 0>, 7u>, config5> : void_compute_pool_buffer_2d_array_const_ap_shift_reg_n_filt_stream_kernel_5 | {}
	Port: shift_line_buffer<array<ap_fixed<16, 6, 5, 3, 0>, 7u>, config5> : void_compute_pool_buffer_2d_array_const_ap_shift_reg_n_filt_stream_kernel_4 | {}
	Port: shift_line_buffer<array<ap_fixed<16, 6, 5, 3, 0>, 7u>, config5> : void_compute_pool_buffer_2d_array_const_ap_shift_reg_n_filt_stream_kernel_3 | {}
	Port: shift_line_buffer<array<ap_fixed<16, 6, 5, 3, 0>, 7u>, config5> : p_ZZN4nnet22compute_pool_buffer_2dINS_5arrayI8ap_fixedILi16ELi6EL9ap_q_mode5EL9ap_3 | {}
	Port: shift_line_buffer<array<ap_fixed<16, 6, 5, 3, 0>, 7u>, config5> : p_ZZN4nnet22compute_pool_buffer_2dINS_5arrayI8ap_fixedILi16ELi6EL9ap_q_mode5EL9ap_2 | {}
	Port: shift_line_buffer<array<ap_fixed<16, 6, 5, 3, 0>, 7u>, config5> : p_ZZN4nnet22compute_pool_buffer_2dINS_5arrayI8ap_fixedILi16ELi6EL9ap_q_mode5EL9ap_1 | {}
	Port: shift_line_buffer<array<ap_fixed<16, 6, 5, 3, 0>, 7u>, config5> : p_ZZN4nnet22compute_pool_buffer_2dINS_5arrayI8ap_fixedILi16ELi6EL9ap_q_mode5EL9ap | {}
	Port: shift_line_buffer<array<ap_fixed<16, 6, 5, 3, 0>, 7u>, config5> : void_pooling2d_cl_stream_stream_array_ap_fixed_7u_0_line_buffer_6 | {1 }
	Port: shift_line_buffer<array<ap_fixed<16, 6, 5, 3, 0>, 7u>, config5> : void_pooling2d_cl_stream_stream_array_ap_fixed_7u_0_line_buffer_5 | {1 }
	Port: shift_line_buffer<array<ap_fixed<16, 6, 5, 3, 0>, 7u>, config5> : void_pooling2d_cl_stream_stream_array_ap_fixed_7u_0_line_buffer_4 | {1 }
	Port: shift_line_buffer<array<ap_fixed<16, 6, 5, 3, 0>, 7u>, config5> : void_pooling2d_cl_stream_stream_array_ap_fixed_7u_0_line_buffer_3 | {1 }
	Port: shift_line_buffer<array<ap_fixed<16, 6, 5, 3, 0>, 7u>, config5> : void_pooling2d_cl_stream_stream_array_ap_fixed_7u_0_line_buffer_2 | {1 }
	Port: shift_line_buffer<array<ap_fixed<16, 6, 5, 3, 0>, 7u>, config5> : void_pooling2d_cl_stream_stream_array_ap_fixed_7u_0_line_buffer_1 | {1 }
	Port: shift_line_buffer<array<ap_fixed<16, 6, 5, 3, 0>, 7u>, config5> : void_pooling2d_cl_stream_stream_array_ap_fixed_7u_0_line_buffer | {1 }
  - Chain level:
	State 1
		store_ln209 : 1
		store_ln209 : 1
		store_ln209 : 1
		store_ln209 : 1
		store_ln209 : 1
		store_ln209 : 1
		store_ln209 : 1


============================================================
+ Verbose Summary: Datapath Resource usage 
============================================================

* Functional unit list:
|----------|----------------------|
| Operation|    Functional Unit   |
|----------|----------------------|
|          |  p_read_1_read_fu_84 |
|          |  p_read_2_read_fu_90 |
|          |  p_read_3_read_fu_96 |
|   read   | p_read_4_read_fu_102 |
|          | p_read_5_read_fu_108 |
|          | p_read_6_read_fu_114 |
|          | p_read45_read_fu_120 |
|----------|----------------------|
|          |      p_i_fu_126      |
|          |     p_1_i_fu_136     |
|          |     p_2_i_fu_146     |
|memshiftread|     p_3_i_fu_156     |
|          |     p_4_i_fu_166     |
|          |     p_5_i_fu_176     |
|          |     p_0_i_fu_186     |
|----------|----------------------|
|   Total  |                      |
|----------|----------------------|

Memories:
N/A

* Register list:
N/A

* Multiplexer (MUX) list: 
|--------|------|------|------|--------|
|  Comp  |  Pin | Size |  BW  | S x BW |
|--------|------|------|------|--------|
|  Total |      |      |      |    0   |
|--------|------|------|------|--------|



* Summary:
+-----------+
|           |
+-----------+
|  Function |
|   Memory  |
|Multiplexer|
|  Register |
+-----------+
|   Total   |
+-----------+
