

================================================================
== Vitis HLS Report for 'unpack_4lane_temporal_cl_array_array_config3_Pipeline_UnpackOutputWidth'
================================================================
* Date:           Sun May 17 02:40:01 2026

* Version:        2023.2 (Build 4023990 on Oct 11 2023)
* Project:        cnn_core_streaming_prj
* Solution:       solution1 (Vivado IP Flow Target)
* Product family: kintexuplus
* Target device:  xcku5p-ffvb676-2-e


================================================================
== Performance Estimates
================================================================
+ Timing: 
    * Summary: 
    +--------+---------+----------+------------+
    |  Clock |  Target | Estimated| Uncertainty|
    +--------+---------+----------+------------+
    |ap_clk  |  5.00 ns|  2.401 ns|     1.35 ns|
    +--------+---------+----------+------------+

+ Latency: 
    * Summary: 
    +---------+---------+-----------+-----------+-----+-----+---------+
    |  Latency (cycles) |   Latency (absolute)  |  Interval | Pipeline|
    |   min   |   max   |    min    |    max    | min | max |   Type  |
    +---------+---------+-----------+-----------+-----+-----+---------+
    |        6|        6|  30.000 ns|  30.000 ns|    6|    6|       no|
    +---------+---------+-----------+-----------+-----+-----+---------+

    + Detail: 
        * Instance: 
        N/A

        * Loop: 
        +---------------------+---------+---------+----------+-----------+-----------+------+----------+
        |                     |  Latency (cycles) | Iteration|  Initiation Interval  | Trip |          |
        |      Loop Name      |   min   |   max   |  Latency |  achieved |   target  | Count| Pipelined|
        +---------------------+---------+---------+----------+-----------+-----------+------+----------+
        |- UnpackOutputWidth  |        4|        4|         2|          1|          1|     4|       yes|
        +---------------------+---------+---------+----------+-----------+-----------+------+----------+

============================================================
+ Verbose Summary: Synthesis Manager
============================================================
InlineROM: 1
ExposeGlobal: 0
============================================================
+ Verbose Summary: CDFG Model
============================================================
IsTopModel: 0
ResetActiveHigh: 1
IsCombinational: 0
IsDatapathOnly: 0
HasWiredReturn: 1
HasMFsm: 2
HasVarLatency: 1
IsPipeline: 0
IsRtlPipelined: 0
IsInstanceOverlapped: 0
IsDontTouch: 0
HasImplIP: 0
IsGatedGlobalClock: 0

+ Individual pipeline summary: 
  * Pipeline-0: initiation interval (II) = 1, depth = 2


============================================================
+ Verbose Summary: Schedule
============================================================
* Number of FSM states : 2
* Pipeline : 1
  Pipeline-0 : II = 1, D = 2, States = { 1 2 }
* Dataflow Pipeline: 0

* FSM state transitions: 
1 --> 2 
2 --> 

* FSM state operations: 

State 1 <SV = 0> <Delay = 1.52>
ST_1 : Operation 5 [1/1] (0.00ns)   --->   "%i_iw = alloca i32 1" [firmware/nnet_utils/nnet_first_conv_stream.h:191]   --->   Operation 5 'alloca' 'i_iw' <Predicate = true> <Delay = 0.00>
ST_1 : Operation 6 [1/1] (0.00ns)   --->   "%specinterface_ln0 = specinterface void @_ssdm_op_SpecInterface, i63 %layer3_out, void @empty_4, i32 0, i32 0, void @empty_0, i32 0, i32 0, void @empty_0, void @empty_0, void @empty_0, i32 0, i32 0, i32 0, i32 0, void @empty_0, void @empty_0, i32 4294967295, i32 0"   --->   Operation 6 'specinterface' 'specinterface_ln0' <Predicate = true> <Delay = 0.00>
ST_1 : Operation 7 [1/1] (0.42ns)   --->   "%store_ln191 = store i3 0, i3 %i_iw" [firmware/nnet_utils/nnet_first_conv_stream.h:191]   --->   Operation 7 'store' 'store_ln191' <Predicate = true> <Delay = 0.42>
ST_1 : Operation 8 [1/1] (0.00ns)   --->   "%br_ln0 = br void %UnpackFilters"   --->   Operation 8 'br' 'br_ln0' <Predicate = true> <Delay = 0.00>
ST_1 : Operation 9 [1/1] (0.00ns)   --->   "%i_iw_1 = load i3 %i_iw" [firmware/nnet_utils/nnet_first_conv_stream.h:191]   --->   Operation 9 'load' 'i_iw_1' <Predicate = true> <Delay = 0.00>
ST_1 : Operation 10 [1/1] (0.67ns)   --->   "%icmp_ln191 = icmp_eq  i3 %i_iw_1, i3 4" [firmware/nnet_utils/nnet_first_conv_stream.h:191]   --->   Operation 10 'icmp' 'icmp_ln191' <Predicate = true> <Delay = 0.67> <CoreInst = "Cmp">   --->   Core 9 'Cmp' <Latency = 0> <II = 1> <Delay = 0.67> <FuncUnit> <Opcode : 'icmp'> <InPorts = 2> <OutPorts = 1>
ST_1 : Operation 11 [1/1] (0.67ns)   --->   "%add_ln191 = add i3 %i_iw_1, i3 1" [firmware/nnet_utils/nnet_first_conv_stream.h:191]   --->   Operation 11 'add' 'add_ln191' <Predicate = true> <Delay = 0.67> <CoreInst = "Adder">   --->   Core 1 'Adder' <Latency = 0> <II = 1> <Delay = 0.67> <FuncUnit> <Opcode : 'add' 'sub'> <InPorts = 2> <OutPorts = 1>
ST_1 : Operation 12 [1/1] (0.00ns)   --->   "%br_ln191 = br i1 %icmp_ln191, void %UnpackFilters.split, void %for.inc14.exitStub" [firmware/nnet_utils/nnet_first_conv_stream.h:191]   --->   Operation 12 'br' 'br_ln191' <Predicate = true> <Delay = 0.00>
ST_1 : Operation 13 [1/1] (0.00ns)   --->   "%zext_ln191 = zext i3 %i_iw_1" [firmware/nnet_utils/nnet_first_conv_stream.h:191]   --->   Operation 13 'zext' 'zext_ln191' <Predicate = (!icmp_ln191)> <Delay = 0.00>
ST_1 : Operation 14 [1/1] (0.00ns)   --->   "%in_pack_addr = getelementptr i9 %in_pack, i64 0, i64 %zext_ln191" [firmware/nnet_utils/nnet_first_conv_stream.h:200]   --->   Operation 14 'getelementptr' 'in_pack_addr' <Predicate = (!icmp_ln191)> <Delay = 0.00>
ST_1 : Operation 15 [2/2] (0.67ns)   --->   "%in_pack_load = load i2 %in_pack_addr" [firmware/nnet_utils/nnet_first_conv_stream.h:200]   --->   Operation 15 'load' 'in_pack_load' <Predicate = (!icmp_ln191)> <Delay = 0.67> <CoreInst = "RAM">   --->   Core 83 'RAM' <Latency = 1> <II = 1> <Delay = 0.67> <Storage> <Opcode : 'load' 'store'> <Ports = 2> <Width = 9> <Depth = 4> <RAM>
ST_1 : Operation 16 [1/1] (0.00ns)   --->   "%in_pack_1_addr = getelementptr i9 %in_pack_1, i64 0, i64 %zext_ln191" [firmware/nnet_utils/nnet_first_conv_stream.h:200]   --->   Operation 16 'getelementptr' 'in_pack_1_addr' <Predicate = (!icmp_ln191)> <Delay = 0.00>
ST_1 : Operation 17 [2/2] (0.67ns)   --->   "%in_pack_1_load = load i2 %in_pack_1_addr" [firmware/nnet_utils/nnet_first_conv_stream.h:200]   --->   Operation 17 'load' 'in_pack_1_load' <Predicate = (!icmp_ln191)> <Delay = 0.67> <CoreInst = "RAM">   --->   Core 83 'RAM' <Latency = 1> <II = 1> <Delay = 0.67> <Storage> <Opcode : 'load' 'store'> <Ports = 2> <Width = 9> <Depth = 4> <RAM>
ST_1 : Operation 18 [1/1] (0.00ns)   --->   "%in_pack_2_addr = getelementptr i9 %in_pack_2, i64 0, i64 %zext_ln191" [firmware/nnet_utils/nnet_first_conv_stream.h:200]   --->   Operation 18 'getelementptr' 'in_pack_2_addr' <Predicate = (!icmp_ln191)> <Delay = 0.00>
ST_1 : Operation 19 [2/2] (0.67ns)   --->   "%in_pack_2_load = load i2 %in_pack_2_addr" [firmware/nnet_utils/nnet_first_conv_stream.h:200]   --->   Operation 19 'load' 'in_pack_2_load' <Predicate = (!icmp_ln191)> <Delay = 0.67> <CoreInst = "RAM">   --->   Core 83 'RAM' <Latency = 1> <II = 1> <Delay = 0.67> <Storage> <Opcode : 'load' 'store'> <Ports = 2> <Width = 9> <Depth = 4> <RAM>
ST_1 : Operation 20 [1/1] (0.00ns)   --->   "%in_pack_3_addr = getelementptr i9 %in_pack_3, i64 0, i64 %zext_ln191" [firmware/nnet_utils/nnet_first_conv_stream.h:200]   --->   Operation 20 'getelementptr' 'in_pack_3_addr' <Predicate = (!icmp_ln191)> <Delay = 0.00>
ST_1 : Operation 21 [2/2] (0.67ns)   --->   "%in_pack_3_load = load i2 %in_pack_3_addr" [firmware/nnet_utils/nnet_first_conv_stream.h:200]   --->   Operation 21 'load' 'in_pack_3_load' <Predicate = (!icmp_ln191)> <Delay = 0.67> <CoreInst = "RAM">   --->   Core 83 'RAM' <Latency = 1> <II = 1> <Delay = 0.67> <Storage> <Opcode : 'load' 'store'> <Ports = 2> <Width = 9> <Depth = 4> <RAM>
ST_1 : Operation 22 [1/1] (0.00ns)   --->   "%in_pack_4_addr = getelementptr i9 %in_pack_4, i64 0, i64 %zext_ln191" [firmware/nnet_utils/nnet_first_conv_stream.h:200]   --->   Operation 22 'getelementptr' 'in_pack_4_addr' <Predicate = (!icmp_ln191)> <Delay = 0.00>
ST_1 : Operation 23 [2/2] (0.67ns)   --->   "%in_pack_4_load = load i2 %in_pack_4_addr" [firmware/nnet_utils/nnet_first_conv_stream.h:200]   --->   Operation 23 'load' 'in_pack_4_load' <Predicate = (!icmp_ln191)> <Delay = 0.67> <CoreInst = "RAM">   --->   Core 83 'RAM' <Latency = 1> <II = 1> <Delay = 0.67> <Storage> <Opcode : 'load' 'store'> <Ports = 2> <Width = 9> <Depth = 4> <RAM>
ST_1 : Operation 24 [1/1] (0.00ns)   --->   "%in_pack_5_addr = getelementptr i9 %in_pack_5, i64 0, i64 %zext_ln191" [firmware/nnet_utils/nnet_first_conv_stream.h:200]   --->   Operation 24 'getelementptr' 'in_pack_5_addr' <Predicate = (!icmp_ln191)> <Delay = 0.00>
ST_1 : Operation 25 [2/2] (0.67ns)   --->   "%in_pack_5_load = load i2 %in_pack_5_addr" [firmware/nnet_utils/nnet_first_conv_stream.h:200]   --->   Operation 25 'load' 'in_pack_5_load' <Predicate = (!icmp_ln191)> <Delay = 0.67> <CoreInst = "RAM">   --->   Core 83 'RAM' <Latency = 1> <II = 1> <Delay = 0.67> <Storage> <Opcode : 'load' 'store'> <Ports = 2> <Width = 9> <Depth = 4> <RAM>
ST_1 : Operation 26 [1/1] (0.00ns)   --->   "%in_pack_6_addr = getelementptr i9 %in_pack_6, i64 0, i64 %zext_ln191" [firmware/nnet_utils/nnet_first_conv_stream.h:200]   --->   Operation 26 'getelementptr' 'in_pack_6_addr' <Predicate = (!icmp_ln191)> <Delay = 0.00>
ST_1 : Operation 27 [2/2] (0.67ns)   --->   "%in_pack_6_load = load i2 %in_pack_6_addr" [firmware/nnet_utils/nnet_first_conv_stream.h:200]   --->   Operation 27 'load' 'in_pack_6_load' <Predicate = (!icmp_ln191)> <Delay = 0.67> <CoreInst = "RAM">   --->   Core 83 'RAM' <Latency = 1> <II = 1> <Delay = 0.67> <Storage> <Opcode : 'load' 'store'> <Ports = 2> <Width = 9> <Depth = 4> <RAM>
ST_1 : Operation 28 [1/1] (0.42ns)   --->   "%store_ln191 = store i3 %add_ln191, i3 %i_iw" [firmware/nnet_utils/nnet_first_conv_stream.h:191]   --->   Operation 28 'store' 'store_ln191' <Predicate = (!icmp_ln191)> <Delay = 0.42>
ST_1 : Operation 42 [1/1] (0.00ns)   --->   "%ret_ln0 = ret"   --->   Operation 42 'ret' 'ret_ln0' <Predicate = (icmp_ln191)> <Delay = 0.00>

State 2 <SV = 1> <Delay = 2.40>
ST_2 : Operation 29 [1/1] (0.00ns)   --->   "%specpipeline_ln192 = specpipeline void @_ssdm_op_SpecPipeline, i32 1, i32 0, i32 0, i32 0, void @empty_0" [firmware/nnet_utils/nnet_first_conv_stream.h:192]   --->   Operation 29 'specpipeline' 'specpipeline_ln192' <Predicate = true> <Delay = 0.00>
ST_2 : Operation 30 [1/1] (0.00ns)   --->   "%speclooptripcount_ln191 = speclooptripcount void @_ssdm_op_SpecLoopTripCount, i64 4, i64 4, i64 4" [firmware/nnet_utils/nnet_first_conv_stream.h:191]   --->   Operation 30 'speclooptripcount' 'speclooptripcount_ln191' <Predicate = true> <Delay = 0.00>
ST_2 : Operation 31 [1/1] (0.00ns)   --->   "%specloopname_ln191 = specloopname void @_ssdm_op_SpecLoopName, void @empty_6" [firmware/nnet_utils/nnet_first_conv_stream.h:191]   --->   Operation 31 'specloopname' 'specloopname_ln191' <Predicate = true> <Delay = 0.00>
ST_2 : Operation 32 [1/2] (0.67ns)   --->   "%in_pack_load = load i2 %in_pack_addr" [firmware/nnet_utils/nnet_first_conv_stream.h:200]   --->   Operation 32 'load' 'in_pack_load' <Predicate = true> <Delay = 0.67> <CoreInst = "RAM">   --->   Core 83 'RAM' <Latency = 1> <II = 1> <Delay = 0.67> <Storage> <Opcode : 'load' 'store'> <Ports = 2> <Width = 9> <Depth = 4> <RAM>
ST_2 : Operation 33 [1/2] (0.67ns)   --->   "%in_pack_1_load = load i2 %in_pack_1_addr" [firmware/nnet_utils/nnet_first_conv_stream.h:200]   --->   Operation 33 'load' 'in_pack_1_load' <Predicate = true> <Delay = 0.67> <CoreInst = "RAM">   --->   Core 83 'RAM' <Latency = 1> <II = 1> <Delay = 0.67> <Storage> <Opcode : 'load' 'store'> <Ports = 2> <Width = 9> <Depth = 4> <RAM>
ST_2 : Operation 34 [1/2] (0.67ns)   --->   "%in_pack_2_load = load i2 %in_pack_2_addr" [firmware/nnet_utils/nnet_first_conv_stream.h:200]   --->   Operation 34 'load' 'in_pack_2_load' <Predicate = true> <Delay = 0.67> <CoreInst = "RAM">   --->   Core 83 'RAM' <Latency = 1> <II = 1> <Delay = 0.67> <Storage> <Opcode : 'load' 'store'> <Ports = 2> <Width = 9> <Depth = 4> <RAM>
ST_2 : Operation 35 [1/2] (0.67ns)   --->   "%in_pack_3_load = load i2 %in_pack_3_addr" [firmware/nnet_utils/nnet_first_conv_stream.h:200]   --->   Operation 35 'load' 'in_pack_3_load' <Predicate = true> <Delay = 0.67> <CoreInst = "RAM">   --->   Core 83 'RAM' <Latency = 1> <II = 1> <Delay = 0.67> <Storage> <Opcode : 'load' 'store'> <Ports = 2> <Width = 9> <Depth = 4> <RAM>
ST_2 : Operation 36 [1/2] (0.67ns)   --->   "%in_pack_4_load = load i2 %in_pack_4_addr" [firmware/nnet_utils/nnet_first_conv_stream.h:200]   --->   Operation 36 'load' 'in_pack_4_load' <Predicate = true> <Delay = 0.67> <CoreInst = "RAM">   --->   Core 83 'RAM' <Latency = 1> <II = 1> <Delay = 0.67> <Storage> <Opcode : 'load' 'store'> <Ports = 2> <Width = 9> <Depth = 4> <RAM>
ST_2 : Operation 37 [1/2] (0.67ns)   --->   "%in_pack_5_load = load i2 %in_pack_5_addr" [firmware/nnet_utils/nnet_first_conv_stream.h:200]   --->   Operation 37 'load' 'in_pack_5_load' <Predicate = true> <Delay = 0.67> <CoreInst = "RAM">   --->   Core 83 'RAM' <Latency = 1> <II = 1> <Delay = 0.67> <Storage> <Opcode : 'load' 'store'> <Ports = 2> <Width = 9> <Depth = 4> <RAM>
ST_2 : Operation 38 [1/2] (0.67ns)   --->   "%in_pack_6_load = load i2 %in_pack_6_addr" [firmware/nnet_utils/nnet_first_conv_stream.h:200]   --->   Operation 38 'load' 'in_pack_6_load' <Predicate = true> <Delay = 0.67> <CoreInst = "RAM">   --->   Core 83 'RAM' <Latency = 1> <II = 1> <Delay = 0.67> <Storage> <Opcode : 'load' 'store'> <Ports = 2> <Width = 9> <Depth = 4> <RAM>
ST_2 : Operation 39 [1/1] (0.00ns)   --->   "%p_0 = bitconcatenate i63 @_ssdm_op_BitConcatenate.i63.i9.i9.i9.i9.i9.i9.i9, i9 %in_pack_6_load, i9 %in_pack_5_load, i9 %in_pack_4_load, i9 %in_pack_3_load, i9 %in_pack_2_load, i9 %in_pack_1_load, i9 %in_pack_load" [firmware/nnet_utils/nnet_first_conv_stream.h:203]   --->   Operation 39 'bitconcatenate' 'p_0' <Predicate = true> <Delay = 0.00>
ST_2 : Operation 40 [1/1] (1.72ns)   --->   "%write_ln203 = write void @_ssdm_op_Write.ap_fifo.volatile.i63P0A, i63 %layer3_out, i63 %p_0" [firmware/nnet_utils/nnet_first_conv_stream.h:203]   --->   Operation 40 'write' 'write_ln203' <Predicate = true> <Delay = 1.72> <CoreInst = "FIFO">   --->   Core 78 'FIFO' <Latency = 0> <II = 1> <Delay = 1.72> <Storage> <Opcode : 'read' 'write' 'nbread' 'nbwrite'> <Ports = 0> <Width = 63> <Depth = 336> <FIFO>
ST_2 : Operation 41 [1/1] (0.00ns)   --->   "%br_ln191 = br void %UnpackFilters" [firmware/nnet_utils/nnet_first_conv_stream.h:191]   --->   Operation 41 'br' 'br_ln191' <Predicate = true> <Delay = 0.00>


============================================================
+ Verbose Summary: Timing violations
============================================================
Target clock period: 5.000ns, clock uncertainty: 1.350ns.

 <State 1>: 1.527ns
The critical path consists of the following:
	'store' operation 0 bit ('store_ln191', firmware/nnet_utils/nnet_first_conv_stream.h:191) of constant 0 on local variable 'i_iw', firmware/nnet_utils/nnet_first_conv_stream.h:191 [11]  (0.427 ns)
	'load' operation 3 bit ('i_iw', firmware/nnet_utils/nnet_first_conv_stream.h:191) on local variable 'i_iw', firmware/nnet_utils/nnet_first_conv_stream.h:191 [14]  (0.000 ns)
	'icmp' operation 1 bit ('icmp_ln191', firmware/nnet_utils/nnet_first_conv_stream.h:191) [15]  (0.673 ns)
	'store' operation 0 bit ('store_ln191', firmware/nnet_utils/nnet_first_conv_stream.h:191) of variable 'add_ln191', firmware/nnet_utils/nnet_first_conv_stream.h:191 on local variable 'i_iw', firmware/nnet_utils/nnet_first_conv_stream.h:191 [39]  (0.427 ns)

 <State 2>: 2.401ns
The critical path consists of the following:
	'load' operation 9 bit ('in_pack_load', firmware/nnet_utils/nnet_first_conv_stream.h:200) on array 'in_pack' [24]  (0.677 ns)
	fifo write operation ('write_ln203', firmware/nnet_utils/nnet_first_conv_stream.h:203) on port 'layer3_out' (firmware/nnet_utils/nnet_first_conv_stream.h:203) [38]  (1.724 ns)


============================================================
+ Verbose Summary: Binding
============================================================
N/A
* FSMD analyzer results:
  - Output states:
 - Input state : 
  - Chain level:
	State 1
	State 2


============================================================
+ Verbose Summary: Datapath Resource usage 
============================================================
N/A
