

================================================================
== Vitis HLS Report for 'unpack_4lane_temporal_cl_array_array_config3_Pipeline_UnpackOutputWidth'
================================================================
* Date:           Sun May 17 02:40:09 2026

* Version:        2023.2 (Build 4023990 on Oct 11 2023)
* Project:        cnn_core_streaming_prj
* Solution:       solution1 (Vivado IP Flow Target)
* Product family: kintexuplus
* Target device:  xcku5p-ffvb676-2-e


================================================================
== Performance Estimates
================================================================
+ Timing: 
    * Summary: 
    +--------+---------+----------+------------+
    |  Clock |  Target | Estimated| Uncertainty|
    +--------+---------+----------+------------+
    |ap_clk  |  5.00 ns|  2.401 ns|     1.35 ns|
    +--------+---------+----------+------------+

+ Latency: 
    * Summary: 
    +---------+---------+-----------+-----------+-----+-----+---------+
    |  Latency (cycles) |   Latency (absolute)  |  Interval | Pipeline|
    |   min   |   max   |    min    |    max    | min | max |   Type  |
    +---------+---------+-----------+-----------+-----+-----+---------+
    |        6|        6|  30.000 ns|  30.000 ns|    6|    6|       no|
    +---------+---------+-----------+-----------+-----+-----+---------+

    + Detail: 
        * Instance: 
        N/A

        * Loop: 
        +---------------------+---------+---------+----------+-----------+-----------+------+----------+
        |                     |  Latency (cycles) | Iteration|  Initiation Interval  | Trip |          |
        |      Loop Name      |   min   |   max   |  Latency |  achieved |   target  | Count| Pipelined|
        +---------------------+---------+---------+----------+-----------+-----------+------+----------+
        |- UnpackOutputWidth  |        4|        4|         2|          1|          1|     4|       yes|
        +---------------------+---------+---------+----------+-----------+-----------+------+----------+



================================================================
== Utilization Estimates
================================================================
* Summary: 
+-----------------+---------+------+--------+--------+-----+
|       Name      | BRAM_18K|  DSP |   FF   |   LUT  | URAM|
+-----------------+---------+------+--------+--------+-----+
|DSP              |        -|     -|       -|       -|    -|
|Expression       |        -|     -|       0|      26|    -|
|FIFO             |        -|     -|       -|       -|    -|
|Instance         |        -|     -|       -|       -|    -|
|Memory           |        -|     -|       -|       -|    -|
|Multiplexer      |        -|     -|       -|      45|    -|
|Register         |        -|     -|       6|       -|    -|
+-----------------+---------+------+--------+--------+-----+
|Total            |        0|     0|       6|      71|    0|
+-----------------+---------+------+--------+--------+-----+
|Available        |      960|  1824|  433920|  216960|   64|
+-----------------+---------+------+--------+--------+-----+
|Utilization (%)  |        0|     0|      ~0|      ~0|    0|
+-----------------+---------+------+--------+--------+-----+

+ Detail: 
    * Instance: 
    N/A

    * DSP: 
    N/A

    * Memory: 
    N/A

    * FIFO: 
    N/A

    * Expression: 
    +---------------------------+----------+----+---+----+------------+------------+
    |       Variable Name       | Operation| DSP| FF| LUT| Bitwidth P0| Bitwidth P1|
    +---------------------------+----------+----+---+----+------------+------------+
    |add_ln191_fu_166_p2        |         +|   0|  0|  10|           3|           1|
    |ap_block_pp0_stage0_01001  |       and|   0|  0|   2|           1|           1|
    |icmp_ln191_fu_160_p2       |      icmp|   0|  0|  12|           3|           4|
    |ap_enable_pp0              |       xor|   0|  0|   2|           1|           2|
    +---------------------------+----------+----+---+----+------------+------------+
    |Total                      |          |   0|  0|  26|           8|           8|
    +---------------------------+----------+----+---+----+------------+------------+

    * Multiplexer: 
    +-------------------------+----+-----------+-----+-----------+
    |           Name          | LUT| Input Size| Bits| Total Bits|
    +-------------------------+----+-----------+-----+-----------+
    |ap_done_int              |   9|          2|    1|          2|
    |ap_enable_reg_pp0_iter1  |   9|          2|    1|          2|
    |ap_sig_allocacmp_i_iw_1  |   9|          2|    3|          6|
    |i_iw_fu_50               |   9|          2|    3|          6|
    |layer3_out_blk_n         |   9|          2|    1|          2|
    +-------------------------+----+-----------+-----+-----------+
    |Total                    |  45|         10|    9|         18|
    +-------------------------+----+-----------+-----+-----------+

    * Register: 
    +-------------------------+---+----+-----+-----------+
    |           Name          | FF| LUT| Bits| Const Bits|
    +-------------------------+---+----+-----+-----------+
    |ap_CS_fsm                |  1|   0|    1|          0|
    |ap_done_reg              |  1|   0|    1|          0|
    |ap_enable_reg_pp0_iter1  |  1|   0|    1|          0|
    |i_iw_fu_50               |  3|   0|    3|          0|
    +-------------------------+---+----+-----+-----------+
    |Total                    |  6|   0|    6|          0|
    +-------------------------+---+----+-----+-----------+



================================================================
== Interface
================================================================
* Summary: 
+---------------------------+-----+-----+------------+--------------------------------------------------------------------------+--------------+
|         RTL Ports         | Dir | Bits|  Protocol  |                               Source Object                              |    C Type    |
+---------------------------+-----+-----+------------+--------------------------------------------------------------------------+--------------+
|ap_clk                     |   in|    1|  ap_ctrl_hs|  unpack_4lane_temporal_cl<array,array,config3>_Pipeline_UnpackOutputWidth|  return value|
|ap_rst                     |   in|    1|  ap_ctrl_hs|  unpack_4lane_temporal_cl<array,array,config3>_Pipeline_UnpackOutputWidth|  return value|
|ap_start                   |   in|    1|  ap_ctrl_hs|  unpack_4lane_temporal_cl<array,array,config3>_Pipeline_UnpackOutputWidth|  return value|
|ap_done                    |  out|    1|  ap_ctrl_hs|  unpack_4lane_temporal_cl<array,array,config3>_Pipeline_UnpackOutputWidth|  return value|
|ap_idle                    |  out|    1|  ap_ctrl_hs|  unpack_4lane_temporal_cl<array,array,config3>_Pipeline_UnpackOutputWidth|  return value|
|ap_ready                   |  out|    1|  ap_ctrl_hs|  unpack_4lane_temporal_cl<array,array,config3>_Pipeline_UnpackOutputWidth|  return value|
|layer3_out_din             |  out|   63|     ap_fifo|                                                                layer3_out|       pointer|
|layer3_out_num_data_valid  |   in|   10|     ap_fifo|                                                                layer3_out|       pointer|
|layer3_out_fifo_cap        |   in|   10|     ap_fifo|                                                                layer3_out|       pointer|
|layer3_out_full_n          |   in|    1|     ap_fifo|                                                                layer3_out|       pointer|
|layer3_out_write           |  out|    1|     ap_fifo|                                                                layer3_out|       pointer|
|in_pack_address0           |  out|    2|   ap_memory|                                                                   in_pack|         array|
|in_pack_ce0                |  out|    1|   ap_memory|                                                                   in_pack|         array|
|in_pack_q0                 |   in|    9|   ap_memory|                                                                   in_pack|         array|
|in_pack_1_address0         |  out|    2|   ap_memory|                                                                 in_pack_1|         array|
|in_pack_1_ce0              |  out|    1|   ap_memory|                                                                 in_pack_1|         array|
|in_pack_1_q0               |   in|    9|   ap_memory|                                                                 in_pack_1|         array|
|in_pack_2_address0         |  out|    2|   ap_memory|                                                                 in_pack_2|         array|
|in_pack_2_ce0              |  out|    1|   ap_memory|                                                                 in_pack_2|         array|
|in_pack_2_q0               |   in|    9|   ap_memory|                                                                 in_pack_2|         array|
|in_pack_3_address0         |  out|    2|   ap_memory|                                                                 in_pack_3|         array|
|in_pack_3_ce0              |  out|    1|   ap_memory|                                                                 in_pack_3|         array|
|in_pack_3_q0               |   in|    9|   ap_memory|                                                                 in_pack_3|         array|
|in_pack_4_address0         |  out|    2|   ap_memory|                                                                 in_pack_4|         array|
|in_pack_4_ce0              |  out|    1|   ap_memory|                                                                 in_pack_4|         array|
|in_pack_4_q0               |   in|    9|   ap_memory|                                                                 in_pack_4|         array|
|in_pack_5_address0         |  out|    2|   ap_memory|                                                                 in_pack_5|         array|
|in_pack_5_ce0              |  out|    1|   ap_memory|                                                                 in_pack_5|         array|
|in_pack_5_q0               |   in|    9|   ap_memory|                                                                 in_pack_5|         array|
|in_pack_6_address0         |  out|    2|   ap_memory|                                                                 in_pack_6|         array|
|in_pack_6_ce0              |  out|    1|   ap_memory|                                                                 in_pack_6|         array|
|in_pack_6_q0               |   in|    9|   ap_memory|                                                                 in_pack_6|         array|
+---------------------------+-----+-----+------------+--------------------------------------------------------------------------+--------------+

============================================================
+ Verbose Summary: Synthesis Manager
============================================================
InlineROM: 1
ExposeGlobal: 0
============================================================
+ Verbose Summary: CDFG Model
============================================================
IsTopModel: 0
ResetActiveHigh: 1
IsCombinational: 2
IsDatapathOnly: 2
HasWiredReturn: 1
HasMFsm: 2
HasVarLatency: 1
IsPipeline: 0
IsRtlPipelined: 0
IsInstanceOverlapped: 0
IsDontTouch: 0
HasImplIP: 0
IsGatedGlobalClock: 0

+ Individual pipeline summary: 
  * Pipeline-0: initiation interval (II) = 1, depth = 2


============================================================
+ Verbose Summary: Schedule
============================================================
* Number of FSM states : 2
* Pipeline : 1
  Pipeline-0 : II = 1, D = 2, States = { 1 2 }
* Dataflow Pipeline: 0

* FSM state transitions: 
1 --> 2 
2 --> 

* FSM state operations: 

State 1 <SV = 0> <Delay = 1.52>
ST_1 : Operation 5 [1/1] (0.00ns)   --->   "%i_iw = alloca i32 1" [firmware/nnet_utils/nnet_first_conv_stream.h:191]   --->   Operation 5 'alloca' 'i_iw' <Predicate = true> <Delay = 0.00>
ST_1 : Operation 6 [1/1] (0.00ns)   --->   "%specinterface_ln0 = specinterface void @_ssdm_op_SpecInterface, i63 %layer3_out, void @empty_4, i32 0, i32 0, void @empty_0, i32 0, i32 0, void @empty_0, void @empty_0, void @empty_0, i32 0, i32 0, i32 0, i32 0, void @empty_0, void @empty_0, i32 4294967295, i32 0"   --->   Operation 6 'specinterface' 'specinterface_ln0' <Predicate = true> <Delay = 0.00>
ST_1 : Operation 7 [1/1] (0.42ns)   --->   "%store_ln191 = store i3 0, i3 %i_iw" [firmware/nnet_utils/nnet_first_conv_stream.h:191]   --->   Operation 7 'store' 'store_ln191' <Predicate = true> <Delay = 0.42>
ST_1 : Operation 8 [1/1] (0.00ns)   --->   "%br_ln0 = br void %UnpackFilters"   --->   Operation 8 'br' 'br_ln0' <Predicate = true> <Delay = 0.00>
ST_1 : Operation 9 [1/1] (0.00ns)   --->   "%i_iw_1 = load i3 %i_iw" [firmware/nnet_utils/nnet_first_conv_stream.h:191]   --->   Operation 9 'load' 'i_iw_1' <Predicate = true> <Delay = 0.00>
ST_1 : Operation 10 [1/1] (0.67ns)   --->   "%icmp_ln191 = icmp_eq  i3 %i_iw_1, i3 4" [firmware/nnet_utils/nnet_first_conv_stream.h:191]   --->   Operation 10 'icmp' 'icmp_ln191' <Predicate = true> <Delay = 0.67> <CoreInst = "Cmp">   --->   Core 9 'Cmp' <Latency = 0> <II = 1> <Delay = 0.79> <FuncUnit> <Opcode : 'icmp'> <InPorts = 2> <OutPorts = 1>
ST_1 : Operation 11 [1/1] (0.67ns)   --->   "%add_ln191 = add i3 %i_iw_1, i3 1" [firmware/nnet_utils/nnet_first_conv_stream.h:191]   --->   Operation 11 'add' 'add_ln191' <Predicate = true> <Delay = 0.67> <CoreInst = "Adder">   --->   Core 1 'Adder' <Latency = 0> <II = 1> <Delay = 0.67> <FuncUnit> <Opcode : 'add' 'sub'> <InPorts = 2> <OutPorts = 1>
ST_1 : Operation 12 [1/1] (0.00ns)   --->   "%br_ln191 = br i1 %icmp_ln191, void %UnpackFilters.split, void %for.inc14.exitStub" [firmware/nnet_utils/nnet_first_conv_stream.h:191]   --->   Operation 12 'br' 'br_ln191' <Predicate = true> <Delay = 0.00>
ST_1 : Operation 13 [1/1] (0.00ns)   --->   "%zext_ln191 = zext i3 %i_iw_1" [firmware/nnet_utils/nnet_first_conv_stream.h:191]   --->   Operation 13 'zext' 'zext_ln191' <Predicate = (!icmp_ln191)> <Delay = 0.00>
ST_1 : Operation 14 [1/1] (0.00ns)   --->   "%in_pack_addr = getelementptr i9 %in_pack, i64 0, i64 %zext_ln191" [firmware/nnet_utils/nnet_first_conv_stream.h:200]   --->   Operation 14 'getelementptr' 'in_pack_addr' <Predicate = (!icmp_ln191)> <Delay = 0.00>
ST_1 : Operation 15 [2/2] (0.67ns)   --->   "%in_pack_load = load i2 %in_pack_addr" [firmware/nnet_utils/nnet_first_conv_stream.h:200]   --->   Operation 15 'load' 'in_pack_load' <Predicate = (!icmp_ln191)> <Delay = 0.67> <CoreInst = "RAM">   --->   Core 83 'RAM' <Latency = 1> <II = 1> <Delay = 0.67> <Storage> <Opcode : 'load' 'store'> <Ports = 2> <Width = 9> <Depth = 4> <RAM>
ST_1 : Operation 16 [1/1] (0.00ns)   --->   "%in_pack_1_addr = getelementptr i9 %in_pack_1, i64 0, i64 %zext_ln191" [firmware/nnet_utils/nnet_first_conv_stream.h:200]   --->   Operation 16 'getelementptr' 'in_pack_1_addr' <Predicate = (!icmp_ln191)> <Delay = 0.00>
ST_1 : Operation 17 [2/2] (0.67ns)   --->   "%in_pack_1_load = load i2 %in_pack_1_addr" [firmware/nnet_utils/nnet_first_conv_stream.h:200]   --->   Operation 17 'load' 'in_pack_1_load' <Predicate = (!icmp_ln191)> <Delay = 0.67> <CoreInst = "RAM">   --->   Core 83 'RAM' <Latency = 1> <II = 1> <Delay = 0.67> <Storage> <Opcode : 'load' 'store'> <Ports = 2> <Width = 9> <Depth = 4> <RAM>
ST_1 : Operation 18 [1/1] (0.00ns)   --->   "%in_pack_2_addr = getelementptr i9 %in_pack_2, i64 0, i64 %zext_ln191" [firmware/nnet_utils/nnet_first_conv_stream.h:200]   --->   Operation 18 'getelementptr' 'in_pack_2_addr' <Predicate = (!icmp_ln191)> <Delay = 0.00>
ST_1 : Operation 19 [2/2] (0.67ns)   --->   "%in_pack_2_load = load i2 %in_pack_2_addr" [firmware/nnet_utils/nnet_first_conv_stream.h:200]   --->   Operation 19 'load' 'in_pack_2_load' <Predicate = (!icmp_ln191)> <Delay = 0.67> <CoreInst = "RAM">   --->   Core 83 'RAM' <Latency = 1> <II = 1> <Delay = 0.67> <Storage> <Opcode : 'load' 'store'> <Ports = 2> <Width = 9> <Depth = 4> <RAM>
ST_1 : Operation 20 [1/1] (0.00ns)   --->   "%in_pack_3_addr = getelementptr i9 %in_pack_3, i64 0, i64 %zext_ln191" [firmware/nnet_utils/nnet_first_conv_stream.h:200]   --->   Operation 20 'getelementptr' 'in_pack_3_addr' <Predicate = (!icmp_ln191)> <Delay = 0.00>
ST_1 : Operation 21 [2/2] (0.67ns)   --->   "%in_pack_3_load = load i2 %in_pack_3_addr" [firmware/nnet_utils/nnet_first_conv_stream.h:200]   --->   Operation 21 'load' 'in_pack_3_load' <Predicate = (!icmp_ln191)> <Delay = 0.67> <CoreInst = "RAM">   --->   Core 83 'RAM' <Latency = 1> <II = 1> <Delay = 0.67> <Storage> <Opcode : 'load' 'store'> <Ports = 2> <Width = 9> <Depth = 4> <RAM>
ST_1 : Operation 22 [1/1] (0.00ns)   --->   "%in_pack_4_addr = getelementptr i9 %in_pack_4, i64 0, i64 %zext_ln191" [firmware/nnet_utils/nnet_first_conv_stream.h:200]   --->   Operation 22 'getelementptr' 'in_pack_4_addr' <Predicate = (!icmp_ln191)> <Delay = 0.00>
ST_1 : Operation 23 [2/2] (0.67ns)   --->   "%in_pack_4_load = load i2 %in_pack_4_addr" [firmware/nnet_utils/nnet_first_conv_stream.h:200]   --->   Operation 23 'load' 'in_pack_4_load' <Predicate = (!icmp_ln191)> <Delay = 0.67> <CoreInst = "RAM">   --->   Core 83 'RAM' <Latency = 1> <II = 1> <Delay = 0.67> <Storage> <Opcode : 'load' 'store'> <Ports = 2> <Width = 9> <Depth = 4> <RAM>
ST_1 : Operation 24 [1/1] (0.00ns)   --->   "%in_pack_5_addr = getelementptr i9 %in_pack_5, i64 0, i64 %zext_ln191" [firmware/nnet_utils/nnet_first_conv_stream.h:200]   --->   Operation 24 'getelementptr' 'in_pack_5_addr' <Predicate = (!icmp_ln191)> <Delay = 0.00>
ST_1 : Operation 25 [2/2] (0.67ns)   --->   "%in_pack_5_load = load i2 %in_pack_5_addr" [firmware/nnet_utils/nnet_first_conv_stream.h:200]   --->   Operation 25 'load' 'in_pack_5_load' <Predicate = (!icmp_ln191)> <Delay = 0.67> <CoreInst = "RAM">   --->   Core 83 'RAM' <Latency = 1> <II = 1> <Delay = 0.67> <Storage> <Opcode : 'load' 'store'> <Ports = 2> <Width = 9> <Depth = 4> <RAM>
ST_1 : Operation 26 [1/1] (0.00ns)   --->   "%in_pack_6_addr = getelementptr i9 %in_pack_6, i64 0, i64 %zext_ln191" [firmware/nnet_utils/nnet_first_conv_stream.h:200]   --->   Operation 26 'getelementptr' 'in_pack_6_addr' <Predicate = (!icmp_ln191)> <Delay = 0.00>
ST_1 : Operation 27 [2/2] (0.67ns)   --->   "%in_pack_6_load = load i2 %in_pack_6_addr" [firmware/nnet_utils/nnet_first_conv_stream.h:200]   --->   Operation 27 'load' 'in_pack_6_load' <Predicate = (!icmp_ln191)> <Delay = 0.67> <CoreInst = "RAM">   --->   Core 83 'RAM' <Latency = 1> <II = 1> <Delay = 0.67> <Storage> <Opcode : 'load' 'store'> <Ports = 2> <Width = 9> <Depth = 4> <RAM>
ST_1 : Operation 28 [1/1] (0.42ns)   --->   "%store_ln191 = store i3 %add_ln191, i3 %i_iw" [firmware/nnet_utils/nnet_first_conv_stream.h:191]   --->   Operation 28 'store' 'store_ln191' <Predicate = (!icmp_ln191)> <Delay = 0.42>
ST_1 : Operation 42 [1/1] (0.00ns)   --->   "%ret_ln0 = ret"   --->   Operation 42 'ret' 'ret_ln0' <Predicate = (icmp_ln191)> <Delay = 0.00>

State 2 <SV = 1> <Delay = 2.40>
ST_2 : Operation 29 [1/1] (0.00ns)   --->   "%specpipeline_ln192 = specpipeline void @_ssdm_op_SpecPipeline, i32 1, i32 0, i32 0, i32 0, void @empty_0" [firmware/nnet_utils/nnet_first_conv_stream.h:192]   --->   Operation 29 'specpipeline' 'specpipeline_ln192' <Predicate = true> <Delay = 0.00>
ST_2 : Operation 30 [1/1] (0.00ns)   --->   "%speclooptripcount_ln191 = speclooptripcount void @_ssdm_op_SpecLoopTripCount, i64 4, i64 4, i64 4" [firmware/nnet_utils/nnet_first_conv_stream.h:191]   --->   Operation 30 'speclooptripcount' 'speclooptripcount_ln191' <Predicate = true> <Delay = 0.00>
ST_2 : Operation 31 [1/1] (0.00ns)   --->   "%specloopname_ln191 = specloopname void @_ssdm_op_SpecLoopName, void @empty_6" [firmware/nnet_utils/nnet_first_conv_stream.h:191]   --->   Operation 31 'specloopname' 'specloopname_ln191' <Predicate = true> <Delay = 0.00>
ST_2 : Operation 32 [1/2] (0.67ns)   --->   "%in_pack_load = load i2 %in_pack_addr" [firmware/nnet_utils/nnet_first_conv_stream.h:200]   --->   Operation 32 'load' 'in_pack_load' <Predicate = true> <Delay = 0.67> <CoreInst = "RAM">   --->   Core 83 'RAM' <Latency = 1> <II = 1> <Delay = 0.67> <Storage> <Opcode : 'load' 'store'> <Ports = 2> <Width = 9> <Depth = 4> <RAM>
ST_2 : Operation 33 [1/2] (0.67ns)   --->   "%in_pack_1_load = load i2 %in_pack_1_addr" [firmware/nnet_utils/nnet_first_conv_stream.h:200]   --->   Operation 33 'load' 'in_pack_1_load' <Predicate = true> <Delay = 0.67> <CoreInst = "RAM">   --->   Core 83 'RAM' <Latency = 1> <II = 1> <Delay = 0.67> <Storage> <Opcode : 'load' 'store'> <Ports = 2> <Width = 9> <Depth = 4> <RAM>
ST_2 : Operation 34 [1/2] (0.67ns)   --->   "%in_pack_2_load = load i2 %in_pack_2_addr" [firmware/nnet_utils/nnet_first_conv_stream.h:200]   --->   Operation 34 'load' 'in_pack_2_load' <Predicate = true> <Delay = 0.67> <CoreInst = "RAM">   --->   Core 83 'RAM' <Latency = 1> <II = 1> <Delay = 0.67> <Storage> <Opcode : 'load' 'store'> <Ports = 2> <Width = 9> <Depth = 4> <RAM>
ST_2 : Operation 35 [1/2] (0.67ns)   --->   "%in_pack_3_load = load i2 %in_pack_3_addr" [firmware/nnet_utils/nnet_first_conv_stream.h:200]   --->   Operation 35 'load' 'in_pack_3_load' <Predicate = true> <Delay = 0.67> <CoreInst = "RAM">   --->   Core 83 'RAM' <Latency = 1> <II = 1> <Delay = 0.67> <Storage> <Opcode : 'load' 'store'> <Ports = 2> <Width = 9> <Depth = 4> <RAM>
ST_2 : Operation 36 [1/2] (0.67ns)   --->   "%in_pack_4_load = load i2 %in_pack_4_addr" [firmware/nnet_utils/nnet_first_conv_stream.h:200]   --->   Operation 36 'load' 'in_pack_4_load' <Predicate = true> <Delay = 0.67> <CoreInst = "RAM">   --->   Core 83 'RAM' <Latency = 1> <II = 1> <Delay = 0.67> <Storage> <Opcode : 'load' 'store'> <Ports = 2> <Width = 9> <Depth = 4> <RAM>
ST_2 : Operation 37 [1/2] (0.67ns)   --->   "%in_pack_5_load = load i2 %in_pack_5_addr" [firmware/nnet_utils/nnet_first_conv_stream.h:200]   --->   Operation 37 'load' 'in_pack_5_load' <Predicate = true> <Delay = 0.67> <CoreInst = "RAM">   --->   Core 83 'RAM' <Latency = 1> <II = 1> <Delay = 0.67> <Storage> <Opcode : 'load' 'store'> <Ports = 2> <Width = 9> <Depth = 4> <RAM>
ST_2 : Operation 38 [1/2] (0.67ns)   --->   "%in_pack_6_load = load i2 %in_pack_6_addr" [firmware/nnet_utils/nnet_first_conv_stream.h:200]   --->   Operation 38 'load' 'in_pack_6_load' <Predicate = true> <Delay = 0.67> <CoreInst = "RAM">   --->   Core 83 'RAM' <Latency = 1> <II = 1> <Delay = 0.67> <Storage> <Opcode : 'load' 'store'> <Ports = 2> <Width = 9> <Depth = 4> <RAM>
ST_2 : Operation 39 [1/1] (0.00ns)   --->   "%p_0 = bitconcatenate i63 @_ssdm_op_BitConcatenate.i63.i9.i9.i9.i9.i9.i9.i9, i9 %in_pack_6_load, i9 %in_pack_5_load, i9 %in_pack_4_load, i9 %in_pack_3_load, i9 %in_pack_2_load, i9 %in_pack_1_load, i9 %in_pack_load" [firmware/nnet_utils/nnet_first_conv_stream.h:203]   --->   Operation 39 'bitconcatenate' 'p_0' <Predicate = true> <Delay = 0.00>
ST_2 : Operation 40 [1/1] (1.72ns)   --->   "%write_ln203 = write void @_ssdm_op_Write.ap_fifo.volatile.i63P0A, i63 %layer3_out, i63 %p_0" [firmware/nnet_utils/nnet_first_conv_stream.h:203]   --->   Operation 40 'write' 'write_ln203' <Predicate = true> <Delay = 1.72> <CoreInst = "FIFO">   --->   Core 78 'FIFO' <Latency = 0> <II = 1> <Delay = 1.72> <Storage> <Opcode : 'read' 'write' 'nbread' 'nbwrite'> <Ports = 0> <Width = 63> <Depth = 336> <FIFO>
ST_2 : Operation 41 [1/1] (0.00ns)   --->   "%br_ln191 = br void %UnpackFilters" [firmware/nnet_utils/nnet_first_conv_stream.h:191]   --->   Operation 41 'br' 'br_ln191' <Predicate = true> <Delay = 0.00>


============================================================
+ Verbose Summary: Binding
============================================================
STG Binding: 
---------------- STG Properties BEGIN ----------------
- Is combinational: 0
- Is one-state seq: 0
- Is datapath-only: 0
- Is pipelined: 0
- Is top level: 0
Port [ Return ] is wired: 1; IO mode=ap_ctrl_hs:ce=0
Port [ in_pack]:  wired=1; compound=1; hidden=0; nouse=0; global=0; static=0; extern=0; dir=0; type=1; pingpong=0; private_global=0; MemPort=[13]; IO mode=ap_memory:ce=0
Port [ in_pack_1]:  wired=1; compound=1; hidden=0; nouse=0; global=0; static=0; extern=0; dir=0; type=1; pingpong=0; private_global=0; MemPort=[13]; IO mode=ap_memory:ce=0
Port [ in_pack_2]:  wired=1; compound=1; hidden=0; nouse=0; global=0; static=0; extern=0; dir=0; type=1; pingpong=0; private_global=0; MemPort=[13]; IO mode=ap_memory:ce=0
Port [ in_pack_3]:  wired=1; compound=1; hidden=0; nouse=0; global=0; static=0; extern=0; dir=0; type=1; pingpong=0; private_global=0; MemPort=[13]; IO mode=ap_memory:ce=0
Port [ in_pack_4]:  wired=1; compound=1; hidden=0; nouse=0; global=0; static=0; extern=0; dir=0; type=1; pingpong=0; private_global=0; MemPort=[13]; IO mode=ap_memory:ce=0
Port [ in_pack_5]:  wired=1; compound=1; hidden=0; nouse=0; global=0; static=0; extern=0; dir=0; type=1; pingpong=0; private_global=0; MemPort=[13]; IO mode=ap_memory:ce=0
Port [ in_pack_6]:  wired=1; compound=1; hidden=0; nouse=0; global=0; static=0; extern=0; dir=0; type=1; pingpong=0; private_global=0; MemPort=[13]; IO mode=ap_memory:ce=0
Port [ layer3_out]:  wired=1; compound=1; hidden=0; nouse=0; global=0; static=0; extern=0; dir=1; type=3; pingpong=0; private_global=0; IO mode=ap_fifo:ce=0
---------------- STG Properties END ------------------

---------------- Datapath Model BEGIN ----------------

<LifeTime>
<method=bitvector/>
i_iw                    (alloca           ) [ 010]
specinterface_ln0       (specinterface    ) [ 000]
store_ln191             (store            ) [ 000]
br_ln0                  (br               ) [ 000]
i_iw_1                  (load             ) [ 000]
icmp_ln191              (icmp             ) [ 010]
add_ln191               (add              ) [ 000]
br_ln191                (br               ) [ 000]
zext_ln191              (zext             ) [ 000]
in_pack_addr            (getelementptr    ) [ 011]
in_pack_1_addr          (getelementptr    ) [ 011]
in_pack_2_addr          (getelementptr    ) [ 011]
in_pack_3_addr          (getelementptr    ) [ 011]
in_pack_4_addr          (getelementptr    ) [ 011]
in_pack_5_addr          (getelementptr    ) [ 011]
in_pack_6_addr          (getelementptr    ) [ 011]
store_ln191             (store            ) [ 000]
specpipeline_ln192      (specpipeline     ) [ 000]
speclooptripcount_ln191 (speclooptripcount) [ 000]
specloopname_ln191      (specloopname     ) [ 000]
in_pack_load            (load             ) [ 000]
in_pack_1_load          (load             ) [ 000]
in_pack_2_load          (load             ) [ 000]
in_pack_3_load          (load             ) [ 000]
in_pack_4_load          (load             ) [ 000]
in_pack_5_load          (load             ) [ 000]
in_pack_6_load          (load             ) [ 000]
p_0                     (bitconcatenate   ) [ 000]
write_ln203             (write            ) [ 000]
br_ln191                (br               ) [ 000]
ret_ln0                 (ret              ) [ 000]
</LifeTime>

<model>

<comp_list>
<comp id="0" class="1000" name="in_pack">
<pin_list>
<pin id="1" dir="1" index="0" bw="1" slack="0"/>
</pin_list>
<bind>
<StgValue><ssdm name="in_pack"/><MemPortTyVec>1 3 </MemPortTyVec>
</StgValue>
</bind>
</comp>

<comp id="2" class="1000" name="in_pack_1">
<pin_list>
<pin id="3" dir="1" index="0" bw="1" slack="0"/>
</pin_list>
<bind>
<StgValue><ssdm name="in_pack_1"/><MemPortTyVec>1 3 </MemPortTyVec>
</StgValue>
</bind>
</comp>

<comp id="4" class="1000" name="in_pack_2">
<pin_list>
<pin id="5" dir="1" index="0" bw="1" slack="0"/>
</pin_list>
<bind>
<StgValue><ssdm name="in_pack_2"/><MemPortTyVec>1 3 </MemPortTyVec>
</StgValue>
</bind>
</comp>

<comp id="6" class="1000" name="in_pack_3">
<pin_list>
<pin id="7" dir="1" index="0" bw="1" slack="0"/>
</pin_list>
<bind>
<StgValue><ssdm name="in_pack_3"/><MemPortTyVec>1 3 </MemPortTyVec>
</StgValue>
</bind>
</comp>

<comp id="8" class="1000" name="in_pack_4">
<pin_list>
<pin id="9" dir="1" index="0" bw="1" slack="0"/>
</pin_list>
<bind>
<StgValue><ssdm name="in_pack_4"/><MemPortTyVec>1 3 </MemPortTyVec>
</StgValue>
</bind>
</comp>

<comp id="10" class="1000" name="in_pack_5">
<pin_list>
<pin id="11" dir="1" index="0" bw="1" slack="0"/>
</pin_list>
<bind>
<StgValue><ssdm name="in_pack_5"/><MemPortTyVec>1 3 </MemPortTyVec>
</StgValue>
</bind>
</comp>

<comp id="12" class="1000" name="in_pack_6">
<pin_list>
<pin id="13" dir="1" index="0" bw="1" slack="0"/>
</pin_list>
<bind>
<StgValue><ssdm name="in_pack_6"/><MemPortTyVec>1 3 </MemPortTyVec>
</StgValue>
</bind>
</comp>

<comp id="14" class="1000" name="layer3_out">
<pin_list>
<pin id="15" dir="1" index="0" bw="1" slack="0"/>
</pin_list>
<bind>
<StgValue><ssdm name="layer3_out"/></StgValue>
</bind>
</comp>

<comp id="16" class="1001" name="const_16">
<pin_list>
<pin id="17" dir="1" index="0" bw="1" slack="0"/>
</pin_list>
<bind>
<StgValue><ssdm name=""/></StgValue>
</bind>
</comp>

<comp id="18" class="1001" name="const_18">
<pin_list>
<pin id="19" dir="1" index="0" bw="1" slack="2147483647"/>
</pin_list>
<bind>
<StgValue><ssdm name="_ssdm_op_SpecInterface"/></StgValue>
</bind>
</comp>

<comp id="20" class="1001" name="const_20">
<pin_list>
<pin id="21" dir="1" index="0" bw="1" slack="2147483647"/>
</pin_list>
<bind>
<StgValue><ssdm name="empty_4"/></StgValue>
</bind>
</comp>

<comp id="22" class="1001" name="const_22">
<pin_list>
<pin id="23" dir="1" index="0" bw="1" slack="2147483647"/>
</pin_list>
<bind>
<StgValue><ssdm name=""/></StgValue>
</bind>
</comp>

<comp id="24" class="1001" name="const_24">
<pin_list>
<pin id="25" dir="1" index="0" bw="1" slack="2147483647"/>
</pin_list>
<bind>
<StgValue><ssdm name="empty_0"/></StgValue>
</bind>
</comp>

<comp id="26" class="1001" name="const_26">
<pin_list>
<pin id="27" dir="1" index="0" bw="1" slack="2147483647"/>
</pin_list>
<bind>
<StgValue><ssdm name=""/></StgValue>
</bind>
</comp>

<comp id="28" class="1001" name="const_28">
<pin_list>
<pin id="29" dir="1" index="0" bw="1" slack="0"/>
</pin_list>
<bind>
<StgValue><ssdm name=""/></StgValue>
</bind>
</comp>

<comp id="30" class="1001" name="const_30">
<pin_list>
<pin id="31" dir="1" index="0" bw="1" slack="0"/>
</pin_list>
<bind>
<StgValue><ssdm name=""/></StgValue>
</bind>
</comp>

<comp id="32" class="1001" name="const_32">
<pin_list>
<pin id="33" dir="1" index="0" bw="1" slack="0"/>
</pin_list>
<bind>
<StgValue><ssdm name=""/></StgValue>
</bind>
</comp>

<comp id="34" class="1001" name="const_34">
<pin_list>
<pin id="35" dir="1" index="0" bw="1" slack="0"/>
</pin_list>
<bind>
<StgValue><ssdm name=""/></StgValue>
</bind>
</comp>

<comp id="36" class="1001" name="const_36">
<pin_list>
<pin id="37" dir="1" index="0" bw="1" slack="2147483647"/>
</pin_list>
<bind>
<StgValue><ssdm name="_ssdm_op_SpecPipeline"/></StgValue>
</bind>
</comp>

<comp id="38" class="1001" name="const_38">
<pin_list>
<pin id="39" dir="1" index="0" bw="1" slack="2147483647"/>
</pin_list>
<bind>
<StgValue><ssdm name="_ssdm_op_SpecLoopTripCount"/></StgValue>
</bind>
</comp>

<comp id="40" class="1001" name="const_40">
<pin_list>
<pin id="41" dir="1" index="0" bw="1" slack="2147483647"/>
</pin_list>
<bind>
<StgValue><ssdm name=""/></StgValue>
</bind>
</comp>

<comp id="42" class="1001" name="const_42">
<pin_list>
<pin id="43" dir="1" index="0" bw="1" slack="2147483647"/>
</pin_list>
<bind>
<StgValue><ssdm name="_ssdm_op_SpecLoopName"/></StgValue>
</bind>
</comp>

<comp id="44" class="1001" name="const_44">
<pin_list>
<pin id="45" dir="1" index="0" bw="1" slack="2147483647"/>
</pin_list>
<bind>
<StgValue><ssdm name="empty_6"/></StgValue>
</bind>
</comp>

<comp id="46" class="1001" name="const_46">
<pin_list>
<pin id="47" dir="1" index="0" bw="1" slack="0"/>
</pin_list>
<bind>
<StgValue><ssdm name="_ssdm_op_BitConcatenate.i63.i9.i9.i9.i9.i9.i9.i9"/></StgValue>
</bind>
</comp>

<comp id="48" class="1001" name="const_48">
<pin_list>
<pin id="49" dir="1" index="0" bw="1" slack="0"/>
</pin_list>
<bind>
<StgValue><ssdm name="_ssdm_op_Write.ap_fifo.volatile.i63P0A"/></StgValue>
</bind>
</comp>

<comp id="50" class="1004" name="i_iw_fu_50">
<pin_list>
<pin id="51" dir="0" index="0" bw="1" slack="0"/>
<pin id="52" dir="1" index="1" bw="3" slack="0"/>
</pin_list>
<bind>
<opcode="alloca(26) " fcode="alloca"/>
<opset="i_iw/1 "/>
</bind>
</comp>

<comp id="54" class="1004" name="write_ln203_write_fu_54">
<pin_list>
<pin id="55" dir="0" index="0" bw="0" slack="0"/>
<pin id="56" dir="0" index="1" bw="63" slack="0"/>
<pin id="57" dir="0" index="2" bw="63" slack="0"/>
<pin id="58" dir="1" index="3" bw="0" slack="2147483647"/>
</pin_list>
<bind>
<opcode="write(1151) " fcode="write"/>
<opset="write_ln203/2 "/>
</bind>
</comp>

<comp id="61" class="1004" name="in_pack_addr_gep_fu_61">
<pin_list>
<pin id="62" dir="0" index="0" bw="9" slack="0"/>
<pin id="63" dir="0" index="1" bw="1" slack="0"/>
<pin id="64" dir="0" index="2" bw="3" slack="0"/>
<pin id="65" dir="1" index="3" bw="2" slack="0"/>
</pin_list>
<bind>
<opcode="getelementptr(29) " fcode="getelementptr"/>
<opset="in_pack_addr/1 "/>
</bind>
</comp>

<comp id="68" class="1004" name="grp_access_fu_68">
<pin_list>
<pin id="69" dir="0" index="0" bw="2" slack="0"/>
<pin id="70" dir="0" index="1" bw="9" slack="2147483647"/>
<pin id="71" dir="0" index="2" bw="0" slack="2147483647"/>
<pin id="72" dir="1" index="3" bw="9" slack="0"/>
</pin_list>
<bind>
<opcode="load(27) " fcode="load"/>
<opset="in_pack_load/1 "/>
</bind>
</comp>

<comp id="74" class="1004" name="in_pack_1_addr_gep_fu_74">
<pin_list>
<pin id="75" dir="0" index="0" bw="9" slack="0"/>
<pin id="76" dir="0" index="1" bw="1" slack="0"/>
<pin id="77" dir="0" index="2" bw="3" slack="0"/>
<pin id="78" dir="1" index="3" bw="2" slack="0"/>
</pin_list>
<bind>
<opcode="getelementptr(29) " fcode="getelementptr"/>
<opset="in_pack_1_addr/1 "/>
</bind>
</comp>

<comp id="81" class="1004" name="grp_access_fu_81">
<pin_list>
<pin id="82" dir="0" index="0" bw="2" slack="0"/>
<pin id="83" dir="0" index="1" bw="9" slack="2147483647"/>
<pin id="84" dir="0" index="2" bw="0" slack="2147483647"/>
<pin id="85" dir="1" index="3" bw="9" slack="0"/>
</pin_list>
<bind>
<opcode="load(27) " fcode="load"/>
<opset="in_pack_1_load/1 "/>
</bind>
</comp>

<comp id="87" class="1004" name="in_pack_2_addr_gep_fu_87">
<pin_list>
<pin id="88" dir="0" index="0" bw="9" slack="0"/>
<pin id="89" dir="0" index="1" bw="1" slack="0"/>
<pin id="90" dir="0" index="2" bw="3" slack="0"/>
<pin id="91" dir="1" index="3" bw="2" slack="0"/>
</pin_list>
<bind>
<opcode="getelementptr(29) " fcode="getelementptr"/>
<opset="in_pack_2_addr/1 "/>
</bind>
</comp>

<comp id="94" class="1004" name="grp_access_fu_94">
<pin_list>
<pin id="95" dir="0" index="0" bw="2" slack="0"/>
<pin id="96" dir="0" index="1" bw="9" slack="2147483647"/>
<pin id="97" dir="0" index="2" bw="0" slack="2147483647"/>
<pin id="98" dir="1" index="3" bw="9" slack="0"/>
</pin_list>
<bind>
<opcode="load(27) " fcode="load"/>
<opset="in_pack_2_load/1 "/>
</bind>
</comp>

<comp id="100" class="1004" name="in_pack_3_addr_gep_fu_100">
<pin_list>
<pin id="101" dir="0" index="0" bw="9" slack="0"/>
<pin id="102" dir="0" index="1" bw="1" slack="0"/>
<pin id="103" dir="0" index="2" bw="3" slack="0"/>
<pin id="104" dir="1" index="3" bw="2" slack="0"/>
</pin_list>
<bind>
<opcode="getelementptr(29) " fcode="getelementptr"/>
<opset="in_pack_3_addr/1 "/>
</bind>
</comp>

<comp id="107" class="1004" name="grp_access_fu_107">
<pin_list>
<pin id="108" dir="0" index="0" bw="2" slack="0"/>
<pin id="109" dir="0" index="1" bw="9" slack="2147483647"/>
<pin id="110" dir="0" index="2" bw="0" slack="2147483647"/>
<pin id="111" dir="1" index="3" bw="9" slack="0"/>
</pin_list>
<bind>
<opcode="load(27) " fcode="load"/>
<opset="in_pack_3_load/1 "/>
</bind>
</comp>

<comp id="113" class="1004" name="in_pack_4_addr_gep_fu_113">
<pin_list>
<pin id="114" dir="0" index="0" bw="9" slack="0"/>
<pin id="115" dir="0" index="1" bw="1" slack="0"/>
<pin id="116" dir="0" index="2" bw="3" slack="0"/>
<pin id="117" dir="1" index="3" bw="2" slack="0"/>
</pin_list>
<bind>
<opcode="getelementptr(29) " fcode="getelementptr"/>
<opset="in_pack_4_addr/1 "/>
</bind>
</comp>

<comp id="120" class="1004" name="grp_access_fu_120">
<pin_list>
<pin id="121" dir="0" index="0" bw="2" slack="0"/>
<pin id="122" dir="0" index="1" bw="9" slack="2147483647"/>
<pin id="123" dir="0" index="2" bw="0" slack="2147483647"/>
<pin id="124" dir="1" index="3" bw="9" slack="0"/>
</pin_list>
<bind>
<opcode="load(27) " fcode="load"/>
<opset="in_pack_4_load/1 "/>
</bind>
</comp>

<comp id="126" class="1004" name="in_pack_5_addr_gep_fu_126">
<pin_list>
<pin id="127" dir="0" index="0" bw="9" slack="0"/>
<pin id="128" dir="0" index="1" bw="1" slack="0"/>
<pin id="129" dir="0" index="2" bw="3" slack="0"/>
<pin id="130" dir="1" index="3" bw="2" slack="0"/>
</pin_list>
<bind>
<opcode="getelementptr(29) " fcode="getelementptr"/>
<opset="in_pack_5_addr/1 "/>
</bind>
</comp>

<comp id="133" class="1004" name="grp_access_fu_133">
<pin_list>
<pin id="134" dir="0" index="0" bw="2" slack="0"/>
<pin id="135" dir="0" index="1" bw="9" slack="2147483647"/>
<pin id="136" dir="0" index="2" bw="0" slack="2147483647"/>
<pin id="137" dir="1" index="3" bw="9" slack="0"/>
</pin_list>
<bind>
<opcode="load(27) " fcode="load"/>
<opset="in_pack_5_load/1 "/>
</bind>
</comp>

<comp id="139" class="1004" name="in_pack_6_addr_gep_fu_139">
<pin_list>
<pin id="140" dir="0" index="0" bw="9" slack="0"/>
<pin id="141" dir="0" index="1" bw="1" slack="0"/>
<pin id="142" dir="0" index="2" bw="3" slack="0"/>
<pin id="143" dir="1" index="3" bw="2" slack="0"/>
</pin_list>
<bind>
<opcode="getelementptr(29) " fcode="getelementptr"/>
<opset="in_pack_6_addr/1 "/>
</bind>
</comp>

<comp id="146" class="1004" name="grp_access_fu_146">
<pin_list>
<pin id="147" dir="0" index="0" bw="2" slack="0"/>
<pin id="148" dir="0" index="1" bw="9" slack="2147483647"/>
<pin id="149" dir="0" index="2" bw="0" slack="2147483647"/>
<pin id="150" dir="1" index="3" bw="9" slack="0"/>
</pin_list>
<bind>
<opcode="load(27) " fcode="load"/>
<opset="in_pack_6_load/1 "/>
</bind>
</comp>

<comp id="152" class="1004" name="store_ln191_store_fu_152">
<pin_list>
<pin id="153" dir="0" index="0" bw="1" slack="0"/>
<pin id="154" dir="0" index="1" bw="3" slack="0"/>
<pin id="155" dir="1" index="2" bw="0" slack="2147483647"/>
</pin_list>
<bind>
<opcode="store(28) " fcode="store"/>
<opset="store_ln191/1 "/>
</bind>
</comp>

<comp id="157" class="1004" name="i_iw_1_load_fu_157">
<pin_list>
<pin id="158" dir="0" index="0" bw="3" slack="0"/>
<pin id="159" dir="1" index="1" bw="3" slack="0"/>
</pin_list>
<bind>
<opcode="load(27) " fcode="load"/>
<opset="i_iw_1/1 "/>
</bind>
</comp>

<comp id="160" class="1004" name="icmp_ln191_fu_160">
<pin_list>
<pin id="161" dir="0" index="0" bw="3" slack="0"/>
<pin id="162" dir="0" index="1" bw="3" slack="0"/>
<pin id="163" dir="1" index="2" bw="1" slack="2147483647"/>
</pin_list>
<bind>
<opcode="icmp(45) " fcode="icmp"/>
<opset="icmp_ln191/1 "/>
</bind>
</comp>

<comp id="166" class="1004" name="add_ln191_fu_166">
<pin_list>
<pin id="167" dir="0" index="0" bw="3" slack="0"/>
<pin id="168" dir="0" index="1" bw="1" slack="0"/>
<pin id="169" dir="1" index="2" bw="3" slack="0"/>
</pin_list>
<bind>
<opcode="add(8) " fcode="add"/>
<opset="add_ln191/1 "/>
</bind>
</comp>

<comp id="172" class="1004" name="zext_ln191_fu_172">
<pin_list>
<pin id="173" dir="0" index="0" bw="3" slack="0"/>
<pin id="174" dir="1" index="1" bw="64" slack="0"/>
</pin_list>
<bind>
<opcode="zext(34) " fcode="zext"/>
<opset="zext_ln191/1 "/>
</bind>
</comp>

<comp id="183" class="1004" name="store_ln191_store_fu_183">
<pin_list>
<pin id="184" dir="0" index="0" bw="3" slack="0"/>
<pin id="185" dir="0" index="1" bw="3" slack="0"/>
<pin id="186" dir="1" index="2" bw="0" slack="2147483647"/>
</pin_list>
<bind>
<opcode="store(28) " fcode="store"/>
<opset="store_ln191/1 "/>
</bind>
</comp>

<comp id="188" class="1004" name="p_0_fu_188">
<pin_list>
<pin id="189" dir="0" index="0" bw="63" slack="0"/>
<pin id="190" dir="0" index="1" bw="9" slack="0"/>
<pin id="191" dir="0" index="2" bw="9" slack="0"/>
<pin id="192" dir="0" index="3" bw="9" slack="0"/>
<pin id="193" dir="0" index="4" bw="9" slack="0"/>
<pin id="194" dir="0" index="5" bw="9" slack="0"/>
<pin id="195" dir="0" index="6" bw="9" slack="0"/>
<pin id="196" dir="0" index="7" bw="9" slack="0"/>
<pin id="197" dir="1" index="8" bw="63" slack="0"/>
</pin_list>
<bind>
<opcode="bitconcatenate(1004) " fcode="bitconcatenate"/>
<opset="p_0/2 "/>
</bind>
</comp>

<comp id="207" class="1005" name="i_iw_reg_207">
<pin_list>
<pin id="208" dir="0" index="0" bw="3" slack="0"/>
<pin id="209" dir="1" index="1" bw="3" slack="0"/>
</pin_list>
<bind>
<opset="i_iw "/>
</bind>
</comp>

<comp id="217" class="1005" name="in_pack_addr_reg_217">
<pin_list>
<pin id="218" dir="0" index="0" bw="2" slack="1"/>
<pin id="219" dir="1" index="1" bw="2" slack="1"/>
</pin_list>
<bind>
<opset="in_pack_addr "/>
</bind>
</comp>

<comp id="222" class="1005" name="in_pack_1_addr_reg_222">
<pin_list>
<pin id="223" dir="0" index="0" bw="2" slack="1"/>
<pin id="224" dir="1" index="1" bw="2" slack="1"/>
</pin_list>
<bind>
<opset="in_pack_1_addr "/>
</bind>
</comp>

<comp id="227" class="1005" name="in_pack_2_addr_reg_227">
<pin_list>
<pin id="228" dir="0" index="0" bw="2" slack="1"/>
<pin id="229" dir="1" index="1" bw="2" slack="1"/>
</pin_list>
<bind>
<opset="in_pack_2_addr "/>
</bind>
</comp>

<comp id="232" class="1005" name="in_pack_3_addr_reg_232">
<pin_list>
<pin id="233" dir="0" index="0" bw="2" slack="1"/>
<pin id="234" dir="1" index="1" bw="2" slack="1"/>
</pin_list>
<bind>
<opset="in_pack_3_addr "/>
</bind>
</comp>

<comp id="237" class="1005" name="in_pack_4_addr_reg_237">
<pin_list>
<pin id="238" dir="0" index="0" bw="2" slack="1"/>
<pin id="239" dir="1" index="1" bw="2" slack="1"/>
</pin_list>
<bind>
<opset="in_pack_4_addr "/>
</bind>
</comp>

<comp id="242" class="1005" name="in_pack_5_addr_reg_242">
<pin_list>
<pin id="243" dir="0" index="0" bw="2" slack="1"/>
<pin id="244" dir="1" index="1" bw="2" slack="1"/>
</pin_list>
<bind>
<opset="in_pack_5_addr "/>
</bind>
</comp>

<comp id="247" class="1005" name="in_pack_6_addr_reg_247">
<pin_list>
<pin id="248" dir="0" index="0" bw="2" slack="1"/>
<pin id="249" dir="1" index="1" bw="2" slack="1"/>
</pin_list>
<bind>
<opset="in_pack_6_addr "/>
</bind>
</comp>

</comp_list>

<net_list>
<net id="53"><net_src comp="16" pin="0"/><net_sink comp="50" pin=0"/></net>

<net id="59"><net_src comp="48" pin="0"/><net_sink comp="54" pin=0"/></net>

<net id="60"><net_src comp="14" pin="0"/><net_sink comp="54" pin=1"/></net>

<net id="66"><net_src comp="0" pin="0"/><net_sink comp="61" pin=0"/></net>

<net id="67"><net_src comp="34" pin="0"/><net_sink comp="61" pin=1"/></net>

<net id="73"><net_src comp="61" pin="3"/><net_sink comp="68" pin=0"/></net>

<net id="79"><net_src comp="2" pin="0"/><net_sink comp="74" pin=0"/></net>

<net id="80"><net_src comp="34" pin="0"/><net_sink comp="74" pin=1"/></net>

<net id="86"><net_src comp="74" pin="3"/><net_sink comp="81" pin=0"/></net>

<net id="92"><net_src comp="4" pin="0"/><net_sink comp="87" pin=0"/></net>

<net id="93"><net_src comp="34" pin="0"/><net_sink comp="87" pin=1"/></net>

<net id="99"><net_src comp="87" pin="3"/><net_sink comp="94" pin=0"/></net>

<net id="105"><net_src comp="6" pin="0"/><net_sink comp="100" pin=0"/></net>

<net id="106"><net_src comp="34" pin="0"/><net_sink comp="100" pin=1"/></net>

<net id="112"><net_src comp="100" pin="3"/><net_sink comp="107" pin=0"/></net>

<net id="118"><net_src comp="8" pin="0"/><net_sink comp="113" pin=0"/></net>

<net id="119"><net_src comp="34" pin="0"/><net_sink comp="113" pin=1"/></net>

<net id="125"><net_src comp="113" pin="3"/><net_sink comp="120" pin=0"/></net>

<net id="131"><net_src comp="10" pin="0"/><net_sink comp="126" pin=0"/></net>

<net id="132"><net_src comp="34" pin="0"/><net_sink comp="126" pin=1"/></net>

<net id="138"><net_src comp="126" pin="3"/><net_sink comp="133" pin=0"/></net>

<net id="144"><net_src comp="12" pin="0"/><net_sink comp="139" pin=0"/></net>

<net id="145"><net_src comp="34" pin="0"/><net_sink comp="139" pin=1"/></net>

<net id="151"><net_src comp="139" pin="3"/><net_sink comp="146" pin=0"/></net>

<net id="156"><net_src comp="28" pin="0"/><net_sink comp="152" pin=0"/></net>

<net id="164"><net_src comp="157" pin="1"/><net_sink comp="160" pin=0"/></net>

<net id="165"><net_src comp="30" pin="0"/><net_sink comp="160" pin=1"/></net>

<net id="170"><net_src comp="157" pin="1"/><net_sink comp="166" pin=0"/></net>

<net id="171"><net_src comp="32" pin="0"/><net_sink comp="166" pin=1"/></net>

<net id="175"><net_src comp="157" pin="1"/><net_sink comp="172" pin=0"/></net>

<net id="176"><net_src comp="172" pin="1"/><net_sink comp="61" pin=2"/></net>

<net id="177"><net_src comp="172" pin="1"/><net_sink comp="74" pin=2"/></net>

<net id="178"><net_src comp="172" pin="1"/><net_sink comp="87" pin=2"/></net>

<net id="179"><net_src comp="172" pin="1"/><net_sink comp="100" pin=2"/></net>

<net id="180"><net_src comp="172" pin="1"/><net_sink comp="113" pin=2"/></net>

<net id="181"><net_src comp="172" pin="1"/><net_sink comp="126" pin=2"/></net>

<net id="182"><net_src comp="172" pin="1"/><net_sink comp="139" pin=2"/></net>

<net id="187"><net_src comp="166" pin="2"/><net_sink comp="183" pin=0"/></net>

<net id="198"><net_src comp="46" pin="0"/><net_sink comp="188" pin=0"/></net>

<net id="199"><net_src comp="146" pin="3"/><net_sink comp="188" pin=1"/></net>

<net id="200"><net_src comp="133" pin="3"/><net_sink comp="188" pin=2"/></net>

<net id="201"><net_src comp="120" pin="3"/><net_sink comp="188" pin=3"/></net>

<net id="202"><net_src comp="107" pin="3"/><net_sink comp="188" pin=4"/></net>

<net id="203"><net_src comp="94" pin="3"/><net_sink comp="188" pin=5"/></net>

<net id="204"><net_src comp="81" pin="3"/><net_sink comp="188" pin=6"/></net>

<net id="205"><net_src comp="68" pin="3"/><net_sink comp="188" pin=7"/></net>

<net id="206"><net_src comp="188" pin="8"/><net_sink comp="54" pin=2"/></net>

<net id="210"><net_src comp="50" pin="1"/><net_sink comp="207" pin=0"/></net>

<net id="211"><net_src comp="207" pin="1"/><net_sink comp="152" pin=1"/></net>

<net id="212"><net_src comp="207" pin="1"/><net_sink comp="157" pin=0"/></net>

<net id="213"><net_src comp="207" pin="1"/><net_sink comp="183" pin=1"/></net>

<net id="220"><net_src comp="61" pin="3"/><net_sink comp="217" pin=0"/></net>

<net id="221"><net_src comp="217" pin="1"/><net_sink comp="68" pin=0"/></net>

<net id="225"><net_src comp="74" pin="3"/><net_sink comp="222" pin=0"/></net>

<net id="226"><net_src comp="222" pin="1"/><net_sink comp="81" pin=0"/></net>

<net id="230"><net_src comp="87" pin="3"/><net_sink comp="227" pin=0"/></net>

<net id="231"><net_src comp="227" pin="1"/><net_sink comp="94" pin=0"/></net>

<net id="235"><net_src comp="100" pin="3"/><net_sink comp="232" pin=0"/></net>

<net id="236"><net_src comp="232" pin="1"/><net_sink comp="107" pin=0"/></net>

<net id="240"><net_src comp="113" pin="3"/><net_sink comp="237" pin=0"/></net>

<net id="241"><net_src comp="237" pin="1"/><net_sink comp="120" pin=0"/></net>

<net id="245"><net_src comp="126" pin="3"/><net_sink comp="242" pin=0"/></net>

<net id="246"><net_src comp="242" pin="1"/><net_sink comp="133" pin=0"/></net>

<net id="250"><net_src comp="139" pin="3"/><net_sink comp="247" pin=0"/></net>

<net id="251"><net_src comp="247" pin="1"/><net_sink comp="146" pin=0"/></net>

</net_list>

</model> 
---------------- Datapath Model END ------------------

* FSMD analyzer results:
  - Output states:
	Port: layer3_out | {2 }
 - Input state : 
	Port: unpack_4lane_temporal_cl<array,array,config3>_Pipeline_UnpackOutputWidth : in_pack | {1 2 }
	Port: unpack_4lane_temporal_cl<array,array,config3>_Pipeline_UnpackOutputWidth : in_pack_1 | {1 2 }
	Port: unpack_4lane_temporal_cl<array,array,config3>_Pipeline_UnpackOutputWidth : in_pack_2 | {1 2 }
	Port: unpack_4lane_temporal_cl<array,array,config3>_Pipeline_UnpackOutputWidth : in_pack_3 | {1 2 }
	Port: unpack_4lane_temporal_cl<array,array,config3>_Pipeline_UnpackOutputWidth : in_pack_4 | {1 2 }
	Port: unpack_4lane_temporal_cl<array,array,config3>_Pipeline_UnpackOutputWidth : in_pack_5 | {1 2 }
	Port: unpack_4lane_temporal_cl<array,array,config3>_Pipeline_UnpackOutputWidth : in_pack_6 | {1 2 }
	Port: unpack_4lane_temporal_cl<array,array,config3>_Pipeline_UnpackOutputWidth : layer3_out | {}
  - Chain level:
	State 1
		store_ln191 : 1
		i_iw_1 : 1
		icmp_ln191 : 2
		add_ln191 : 2
		br_ln191 : 3
		zext_ln191 : 2
		in_pack_addr : 3
		in_pack_load : 4
		in_pack_1_addr : 3
		in_pack_1_load : 4
		in_pack_2_addr : 3
		in_pack_2_load : 4
		in_pack_3_addr : 3
		in_pack_3_load : 4
		in_pack_4_addr : 3
		in_pack_4_load : 4
		in_pack_5_addr : 3
		in_pack_5_load : 4
		in_pack_6_addr : 3
		in_pack_6_load : 4
		store_ln191 : 3
	State 2
		p_0 : 1
		write_ln203 : 2


============================================================
+ Verbose Summary: Datapath Resource usage 
============================================================

* Functional unit list:
|----------|-------------------------|---------|---------|
| Operation|     Functional Unit     |    FF   |   LUT   |
|----------|-------------------------|---------|---------|
|   icmp   |    icmp_ln191_fu_160    |    0    |    10   |
|----------|-------------------------|---------|---------|
|    add   |     add_ln191_fu_166    |    0    |    10   |
|----------|-------------------------|---------|---------|
|   write  | write_ln203_write_fu_54 |    0    |    0    |
|----------|-------------------------|---------|---------|
|   zext   |    zext_ln191_fu_172    |    0    |    0    |
|----------|-------------------------|---------|---------|
|bitconcatenate|        p_0_fu_188       |    0    |    0    |
|----------|-------------------------|---------|---------|
|   Total  |                         |    0    |    20   |
|----------|-------------------------|---------|---------|

Memories:
N/A

* Register list:
+----------------------+--------+
|                      |   FF   |
+----------------------+--------+
|     i_iw_reg_207     |    3   |
|in_pack_1_addr_reg_222|    2   |
|in_pack_2_addr_reg_227|    2   |
|in_pack_3_addr_reg_232|    2   |
|in_pack_4_addr_reg_237|    2   |
|in_pack_5_addr_reg_242|    2   |
|in_pack_6_addr_reg_247|    2   |
| in_pack_addr_reg_217 |    2   |
+----------------------+--------+
|         Total        |   17   |
+----------------------+--------+

* Multiplexer (MUX) list: 
|-------------------|------|------|------|--------||---------||---------|
|        Comp       |  Pin | Size |  BW  | S x BW ||  Delay  ||   LUT   |
|-------------------|------|------|------|--------||---------||---------|
|  grp_access_fu_68 |  p0  |   2  |   2  |    4   ||    9    |
|  grp_access_fu_81 |  p0  |   2  |   2  |    4   ||    9    |
|  grp_access_fu_94 |  p0  |   2  |   2  |    4   ||    9    |
| grp_access_fu_107 |  p0  |   2  |   2  |    4   ||    9    |
| grp_access_fu_120 |  p0  |   2  |   2  |    4   ||    9    |
| grp_access_fu_133 |  p0  |   2  |   2  |    4   ||    9    |
| grp_access_fu_146 |  p0  |   2  |   2  |    4   ||    9    |
|-------------------|------|------|------|--------||---------||---------|
|       Total       |      |      |      |   28   ||  2.989  ||    63   |
|-------------------|------|------|------|--------||---------||---------|



* Summary:
+-----------+--------+--------+--------+
|           |  Delay |   FF   |   LUT  |
+-----------+--------+--------+--------+
|  Function |    -   |    0   |   20   |
|   Memory  |    -   |    -   |    -   |
|Multiplexer|    2   |    -   |   63   |
|  Register |    -   |   17   |    -   |
+-----------+--------+--------+--------+
|   Total   |    2   |   17   |   83   |
+-----------+--------+--------+--------+
