#-----------------------------------------------------------
# xsim v2023.2 (64-bit)
# SW Build 4029153 on Fri Oct 13 20:13:54 MDT 2023
# IP Build 4028589 on Sat Oct 14 00:45:43 MDT 2023
# SharedData Build 4025554 on Tue Oct 10 17:18:54 MDT 2023
# Start of session at: Wed Feb 11 16:58:53 2026
# Process ID: 68679
# Current directory: /home/work1/Works/CNN-Core-Generator/cnn_core_project/cnn_core_prj/solution1/sim/verilog
# Command line: xsim -mode tcl -source {xsim.dir/cnn_core/xsim_script.tcl}
# Log file: /home/work1/Works/CNN-Core-Generator/cnn_core_project/cnn_core_prj/solution1/sim/verilog/xsim.log
# Journal file: /home/work1/Works/CNN-Core-Generator/cnn_core_project/cnn_core_prj/solution1/sim/verilog/xsim.jou
# Running On: AlbertsUbuntu, OS: Linux, CPU Frequency: 800.321 MHz, CPU Physical cores: 24, Host memory: 16441 MB
#-----------------------------------------------------------
source xsim.dir/cnn_core/xsim_script.tcl
open_wave_config cnn_core_dataflow_ana.wcfg
source cnn_core.tcl
