#-----------------------------------------------------------
# xsim v2023.2 (64-bit)
# SW Build 4029153 on Fri Oct 13 20:13:54 MDT 2023
# IP Build 4028589 on Sat Oct 14 00:45:43 MDT 2023
# SharedData Build 4025554 on Tue Oct 10 17:18:54 MDT 2023
# Start of session at: Wed May 13 16:57:40 2026
# Process ID: 71289
# Current directory: /home/work1/Works/CNN-Core-Generator/cnn_core_project/cnn_core_prj/solution1/sim/verilog
# Command line: xsim -mode tcl -source {xsim.dir/cnn_core/xsim_script.tcl}
# Log file: /home/work1/Works/CNN-Core-Generator/cnn_core_project/cnn_core_prj/solution1/sim/verilog/xsim.log
# Journal file: /home/work1/Works/CNN-Core-Generator/cnn_core_project/cnn_core_prj/solution1/sim/verilog/xsim.jou
# Running On: AlbertsUbuntu, OS: Linux, CPU Frequency: 800.000 MHz, CPU Physical cores: 24, Host memory: 16441 MB
#-----------------------------------------------------------
source xsim.dir/cnn_core/xsim_script.tcl
# xsim {cnn_core} -view {{cnn_core_dataflow_ana.wcfg}} -tclbatch {cnn_core.tcl} -protoinst {cnn_core.protoinst}
INFO: [Wavedata 42-565] Reading protoinst file cnn_core.protoinst
INFO: [Wavedata 42-564]   Found protocol instance at /apatb_cnn_core_top/AESL_inst_cnn_core//AESL_inst_cnn_core_activity
INFO: [Wavedata 42-564]   Found protocol instance at /apatb_cnn_core_top/AESL_inst_cnn_core/conv_2d_cl_array_ap_fixed_1u_array_ap_fixed_9_5_5_3_0_7u_config3_U0/conv_2d_cl_array_ap_fixed_1u_array_ap_fixed_9_5_5_3_0_7u_config3_U0_activity
INFO: [Wavedata 42-564]   Found protocol instance at /apatb_cnn_core_top/AESL_inst_cnn_core/conv_2d_cl_array_ap_fixed_1u_array_ap_fixed_9_5_5_3_0_7u_config3_U0/grp_compute_output_buffer_2d_array_array_ap_fixed_9_5_5_3_0_7u_config3_s_fu_70/call_ln281_shift_line_buffer_array_ap_fixed_12_6_5_3_0_1u_config3_s_fu_92/call_ln281_shift_line_buffer_array_ap_fixed_12_6_5_3_0_1u_config3_s_fu_92_activity
INFO: [Wavedata 42-564]   Found protocol instance at /apatb_cnn_core_top/AESL_inst_cnn_core/conv_2d_cl_array_ap_fixed_1u_array_ap_fixed_9_5_5_3_0_7u_config3_U0/grp_compute_output_buffer_2d_array_array_ap_fixed_9_5_5_3_0_7u_config3_s_fu_70/grp_compute_output_buffer_2d_array_array_ap_fixed_9_5_5_3_0_7u_config3_s_fu_70_activity
INFO: [Wavedata 42-564]   Found protocol instance at /apatb_cnn_core_top/AESL_inst_cnn_core/dense_array_ap_fixed_7u_array_ap_fixed_9_5_5_3_0_1u_config7_U0/dense_array_ap_fixed_7u_array_ap_fixed_9_5_5_3_0_1u_config7_U0_activity
INFO: [Wavedata 42-564]   Found protocol instance at /apatb_cnn_core_top/AESL_inst_cnn_core/dense_array_ap_fixed_7u_array_ap_fixed_9_5_5_3_0_1u_config7_U0/grp_dense_array_array_ap_fixed_9_5_5_3_0_1u_config7_Pipeline_DataPrepare_fu_3197/grp_dense_array_array_ap_fixed_9_5_5_3_0_1u_config7_Pipeline_DataPrepare_fu_3197_activity
INFO: [Wavedata 42-564]   Found protocol instance at /apatb_cnn_core_top/AESL_inst_cnn_core/pooling2d_cl_array_ap_fixed_7u_array_ap_fixed_16_6_5_3_0_7u_config5_U0/call_ln52_shift_line_buffer_array_ap_fixed_16_6_5_3_0_7u_config5_s_fu_150/call_ln52_shift_line_buffer_array_ap_fixed_16_6_5_3_0_7u_config5_s_fu_150_activity
INFO: [Wavedata 42-564]   Found protocol instance at /apatb_cnn_core_top/AESL_inst_cnn_core/pooling2d_cl_array_ap_fixed_7u_array_ap_fixed_16_6_5_3_0_7u_config5_U0/pooling2d_cl_array_ap_fixed_7u_array_ap_fixed_16_6_5_3_0_7u_config5_U0_activity
INFO: [Wavedata 42-564]   Found protocol instance at /apatb_cnn_core_top/AESL_inst_cnn_core/relu_array_ap_fixed_7u_array_ap_fixed_16_6_5_3_0_7u_relu_config4_U0/relu_array_ap_fixed_7u_array_ap_fixed_16_6_5_3_0_7u_relu_config4_U0_activity
INFO: [Wavedata 42-564]   Found protocol instance at /apatb_cnn_core_top/AESL_inst_cnn_core/repack_stream_array_ap_fixed_4u_array_ap_fixed_12_6_5_3_0_1u_1024_U0/repack_stream_array_ap_fixed_4u_array_ap_fixed_12_6_5_3_0_1u_1024_U0_activity
Time resolution is 1 ps
open_wave_config cnn_core_dataflow_ana.wcfg
source cnn_core.tcl
## set designtopgroup [add_wave_group "Design Top Signals"]
## set coutputgroup [add_wave_group "C Outputs" -into $designtopgroup]
## set return_group [add_wave_group return(axis) -into $coutputgroup]
## add_wave /apatb_cnn_core_top/AESL_inst_cnn_core/layer7_out_TREADY -into $return_group -color #ffff00 -radix hex
## add_wave /apatb_cnn_core_top/AESL_inst_cnn_core/layer7_out_TVALID -into $return_group -color #ffff00 -radix hex
## add_wave /apatb_cnn_core_top/AESL_inst_cnn_core/layer7_out_TDATA -into $return_group -radix hex
## set cinputgroup [add_wave_group "C Inputs" -into $designtopgroup]
## set return_group [add_wave_group return(axis) -into $cinputgroup]
## add_wave /apatb_cnn_core_top/AESL_inst_cnn_core/input_layer_TREADY -into $return_group -color #ffff00 -radix hex
## add_wave /apatb_cnn_core_top/AESL_inst_cnn_core/input_layer_TVALID -into $return_group -color #ffff00 -radix hex
## add_wave /apatb_cnn_core_top/AESL_inst_cnn_core/input_layer_TDATA -into $return_group -radix hex
## set blocksiggroup [add_wave_group "Block-level IO Handshake" -into $designtopgroup]
## add_wave /apatb_cnn_core_top/AESL_inst_cnn_core/ap_start -into $blocksiggroup
## add_wave /apatb_cnn_core_top/AESL_inst_cnn_core/ap_done -into $blocksiggroup
## add_wave /apatb_cnn_core_top/AESL_inst_cnn_core/ap_ready -into $blocksiggroup
## add_wave /apatb_cnn_core_top/AESL_inst_cnn_core/ap_idle -into $blocksiggroup
## set resetgroup [add_wave_group "Reset" -into $designtopgroup]
## add_wave /apatb_cnn_core_top/AESL_inst_cnn_core/ap_rst_n -into $resetgroup
## set clockgroup [add_wave_group "Clock" -into $designtopgroup]
## add_wave /apatb_cnn_core_top/AESL_inst_cnn_core/ap_clk -into $clockgroup
## set testbenchgroup [add_wave_group "Test Bench Signals"]
## set tbinternalsiggroup [add_wave_group "Internal Signals" -into $testbenchgroup]
## set tb_simstatus_group [add_wave_group "Simulation Status" -into $tbinternalsiggroup]
## set tb_portdepth_group [add_wave_group "Port Depth" -into $tbinternalsiggroup]
## add_wave /apatb_cnn_core_top/AUTOTB_TRANSACTION_NUM -into $tb_simstatus_group -radix hex
## add_wave /apatb_cnn_core_top/ready_cnt -into $tb_simstatus_group -radix hex
## add_wave /apatb_cnn_core_top/done_cnt -into $tb_simstatus_group -radix hex
## add_wave /apatb_cnn_core_top/LENGTH_input_layer -into $tb_portdepth_group -radix hex
## add_wave /apatb_cnn_core_top/LENGTH_layer7_out -into $tb_portdepth_group -radix hex
## set tbcoutputgroup [add_wave_group "C Outputs" -into $testbenchgroup]
## set tb_return_group [add_wave_group return(axis) -into $tbcoutputgroup]
## add_wave /apatb_cnn_core_top/layer7_out_TREADY -into $tb_return_group -color #ffff00 -radix hex
## add_wave /apatb_cnn_core_top/layer7_out_TVALID -into $tb_return_group -color #ffff00 -radix hex
## add_wave /apatb_cnn_core_top/layer7_out_TDATA -into $tb_return_group -radix hex
## set tbcinputgroup [add_wave_group "C Inputs" -into $testbenchgroup]
## set tb_return_group [add_wave_group return(axis) -into $tbcinputgroup]
## add_wave /apatb_cnn_core_top/input_layer_TREADY -into $tb_return_group -color #ffff00 -radix hex
## add_wave /apatb_cnn_core_top/input_layer_TVALID -into $tb_return_group -color #ffff00 -radix hex
## add_wave /apatb_cnn_core_top/input_layer_TDATA -into $tb_return_group -radix hex
## save_wave_config cnn_core.wcfg
## run all
////////////////////////////////////////////////////////////////////////////////////
// Inter-Transaction Progress: Completed Transaction / Total Transaction
// Intra-Transaction Progress: Measured Latency / Latency Estimation * 100%
//
// RTL Simulation : "Inter-Transaction Progress" ["Intra-Transaction Progress"] @ "Simulation Time"
////////////////////////////////////////////////////////////////////////////////////
// RTL Simulation : 0 / 5 [0.00%] @ "113000"
// RTL Simulation : 1 / 5 [100.00%] @ "15463000"
// RTL Simulation : 2 / 5 [100.00%] @ "30833000"
// RTL Simulation : 3 / 5 [100.00%] @ "46203000"
// RTL Simulation : 4 / 5 [100.00%] @ "61573000"
// RTL Simulation : 5 / 5 [100.00%] @ "76943000"
////////////////////////////////////////////////////////////////////////////////////
$finish called at time : 76972500 ps : File "/home/work1/Works/CNN-Core-Generator/cnn_core_project/cnn_core_prj/solution1/sim/verilog/cnn_core.autotb.v" Line 249
## quit
INFO: [Common 17-206] Exiting xsim at Wed May 13 16:57:46 2026...
