

================================================================
== Vitis HLS Report for 'dense_wide_stream_array_array_ap_fixed_17_9_5_3_0_1u_config7_s'
================================================================
* Date:           Fri May 22 21:27:44 2026

* Version:        2023.2 (Build 4023990 on Oct 11 2023)
* Project:        cnn_core_streaming_prj
* Solution:       solution1 (Vivado IP Flow Target)
* Product family: kintexuplus
* Target device:  xcku5p-ffvb676-2-e


================================================================
== Performance Estimates
================================================================
+ Timing: 
    * Summary: 
    +--------+---------+----------+------------+
    |  Clock |  Target | Estimated| Uncertainty|
    +--------+---------+----------+------------+
    |ap_clk  |  5.00 ns|  3.410 ns|     1.35 ns|
    +--------+---------+----------+------------+

+ Latency: 
    * Summary: 
    +---------+---------+----------+----------+-----+-----+---------+
    |  Latency (cycles) |  Latency (absolute) |  Interval | Pipeline|
    |   min   |   max   |    min   |    max   | min | max |   Type  |
    +---------+---------+----------+----------+-----+-----+---------+
    |      211|      211|  1.055 us|  1.055 us|  211|  211|       no|
    +---------+---------+----------+----------+-----+-----+---------+

    + Detail: 
        * Instance: 
        +------------------------------------------------------------------------------------+--------------------------------------------------------------------------+---------+---------+----------+----------+-----+-----+---------+
        |                                                                                    |                                                                          |  Latency (cycles) |  Latency (absolute) |  Interval | Pipeline|
        |                                      Instance                                      |                                  Module                                  |   min   |   max   |    min   |    max   | min | max |   Type  |
        +------------------------------------------------------------------------------------+--------------------------------------------------------------------------+---------+---------+----------+----------+-----+-----+---------+
        |grp_dense_wide_stream_array_array_ap_fixed_1u_config7_Pipeline_DenseWideMain_fu_61  |dense_wide_stream_array_array_ap_fixed_1u_config7_Pipeline_DenseWideMain  |      208|      208|  1.040 us|  1.040 us|  208|  208|       no|
        +------------------------------------------------------------------------------------+--------------------------------------------------------------------------+---------+---------+----------+----------+-----+-----+---------+

        * Loop: 
        N/A



================================================================
== Utilization Estimates
================================================================
* Summary: 
+-----------------+---------+------+--------+--------+-----+
|       Name      | BRAM_18K|  DSP |   FF   |   LUT  | URAM|
+-----------------+---------+------+--------+--------+-----+
|DSP              |        -|     -|       -|       -|    -|
|Expression       |        -|     -|       0|       4|    -|
|FIFO             |        -|     -|       -|       -|    -|
|Instance         |        0|    28|   10082|   27769|    -|
|Memory           |        -|     -|       -|       -|    -|
|Multiplexer      |        -|     -|       -|      53|    -|
|Register         |        -|     -|       6|       -|    -|
+-----------------+---------+------+--------+--------+-----+
|Total            |        0|    28|   10088|   27826|    0|
+-----------------+---------+------+--------+--------+-----+
|Available        |      960|  1824|  433920|  216960|   64|
+-----------------+---------+------+--------+--------+-----+
|Utilization (%)  |        0|     1|       2|      12|    0|
+-----------------+---------+------+--------+--------+-----+

+ Detail: 
    * Instance: 
    +------------------------------------------------------------------------------------+--------------------------------------------------------------------------+---------+----+-------+-------+-----+
    |                                      Instance                                      |                                  Module                                  | BRAM_18K| DSP|   FF  |  LUT  | URAM|
    +------------------------------------------------------------------------------------+--------------------------------------------------------------------------+---------+----+-------+-------+-----+
    |grp_dense_wide_stream_array_array_ap_fixed_1u_config7_Pipeline_DenseWideMain_fu_61  |dense_wide_stream_array_array_ap_fixed_1u_config7_Pipeline_DenseWideMain  |        0|  28|  10082|  27769|    0|
    +------------------------------------------------------------------------------------+--------------------------------------------------------------------------+---------+----+-------+-------+-----+
    |Total                                                                               |                                                                          |        0|  28|  10082|  27769|    0|
    +------------------------------------------------------------------------------------+--------------------------------------------------------------------------+---------+----+-------+-------+-----+

    * DSP: 
    N/A

    * Memory: 
    N/A

    * FIFO: 
    N/A

    * Expression: 
    +-----------------+----------+----+---+----+------------+------------+
    |  Variable Name  | Operation| DSP| FF| LUT| Bitwidth P0| Bitwidth P1|
    +-----------------+----------+----+---+----+------------+------------+
    |ap_block_state1  |        or|   0|  0|   2|           1|           1|
    |ap_block_state4  |        or|   0|  0|   2|           1|           1|
    +-----------------+----------+----+---+----+------------+------------+
    |Total            |          |   0|  0|   4|           2|           2|
    +-----------------+----------+----+---+----+------------+------------+

    * Multiplexer: 
    +------------------------+----+-----------+-----+-----------+
    |          Name          | LUT| Input Size| Bits| Total Bits|
    +------------------------+----+-----------+-----+-----------+
    |ap_NS_fsm               |  26|          5|    1|          5|
    |ap_done                 |   9|          2|    1|          2|
    |layer5x4_out_read       |   9|          2|    1|          2|
    |layer7_out_TDATA_blk_n  |   9|          2|    1|          2|
    +------------------------+----+-----------+-----+-----------+
    |Total                   |  53|         11|    4|         11|
    +------------------------+----+-----------+-----+-----------+

    * Register: 
    +-------------------------------------------------------------------------------------------------+---+----+-----+-----------+
    |                                               Name                                              | FF| LUT| Bits| Const Bits|
    +-------------------------------------------------------------------------------------------------+---+----+-----+-----------+
    |ap_CS_fsm                                                                                        |  4|   0|    4|          0|
    |ap_done_reg                                                                                      |  1|   0|    1|          0|
    |grp_dense_wide_stream_array_array_ap_fixed_1u_config7_Pipeline_DenseWideMain_fu_61_ap_start_reg  |  1|   0|    1|          0|
    +-------------------------------------------------------------------------------------------------+---+----+-----+-----------+
    |Total                                                                                            |  6|   0|    6|          0|
    +-------------------------------------------------------------------------------------------------+---+----+-----+-----------+



================================================================
== Interface
================================================================
* Summary: 
+-----------------------------+-----+-----+------------+-----------------------------------------------------------------+--------------+
|          RTL Ports          | Dir | Bits|  Protocol  |                          Source Object                          |    C Type    |
+-----------------------------+-----+-----+------------+-----------------------------------------------------------------+--------------+
|ap_clk                       |   in|    1|  ap_ctrl_hs|  dense_wide_stream<array,array<ap_fixed<17,9,5,3,0>,1u>,config7>|  return value|
|ap_rst                       |   in|    1|  ap_ctrl_hs|  dense_wide_stream<array,array<ap_fixed<17,9,5,3,0>,1u>,config7>|  return value|
|ap_start                     |   in|    1|  ap_ctrl_hs|  dense_wide_stream<array,array<ap_fixed<17,9,5,3,0>,1u>,config7>|  return value|
|ap_done                      |  out|    1|  ap_ctrl_hs|  dense_wide_stream<array,array<ap_fixed<17,9,5,3,0>,1u>,config7>|  return value|
|ap_continue                  |   in|    1|  ap_ctrl_hs|  dense_wide_stream<array,array<ap_fixed<17,9,5,3,0>,1u>,config7>|  return value|
|ap_idle                      |  out|    1|  ap_ctrl_hs|  dense_wide_stream<array,array<ap_fixed<17,9,5,3,0>,1u>,config7>|  return value|
|ap_ready                     |  out|    1|  ap_ctrl_hs|  dense_wide_stream<array,array<ap_fixed<17,9,5,3,0>,1u>,config7>|  return value|
|layer5x4_out_dout            |   in|  280|     ap_fifo|                                                     layer5x4_out|       pointer|
|layer5x4_out_num_data_valid  |   in|    3|     ap_fifo|                                                     layer5x4_out|       pointer|
|layer5x4_out_fifo_cap        |   in|    3|     ap_fifo|                                                     layer5x4_out|       pointer|
|layer5x4_out_empty_n         |   in|    1|     ap_fifo|                                                     layer5x4_out|       pointer|
|layer5x4_out_read            |  out|    1|     ap_fifo|                                                     layer5x4_out|       pointer|
|layer7_out_TDATA             |  out|   32|        axis|                                                       layer7_out|       pointer|
|layer7_out_TVALID            |  out|    1|        axis|                                                       layer7_out|       pointer|
|layer7_out_TREADY            |   in|    1|        axis|                                                       layer7_out|       pointer|
+-----------------------------+-----+-----+------------+-----------------------------------------------------------------+--------------+

