
****** Vitis HLS - High-Level Synthesis from C, C++ and OpenCL v2023.2 (64-bit)
  **** SW Build 4023990 on Oct 11 2023
  **** IP Build 4028589 on Sat Oct 14 00:45:43 MDT 2023
  **** SharedData Build 4025554 on Tue Oct 10 17:18:54 MDT 2023
    ** Copyright 1986-2022 Xilinx, Inc. All Rights Reserved.
    ** Copyright 2022-2023 Advanced Micro Devices, Inc. All Rights Reserved.

source /tools/Xilinx/Vitis_HLS/2023.2/scripts/vitis_hls/hls.tcl -notrace
INFO: [HLS 200-10] Running '/tools/Xilinx/Vitis_HLS/2023.2/bin/unwrapped/lnx64.o/vitis_hls'
INFO: [HLS 200-10] For user 'work1' on host 'AlbertsUbuntu' (Linux_x86_64 version 6.8.0-124-generic) on Mon Sep 14 20:26:01 PDT 2026
INFO: [HLS 200-10] On os Ubuntu 22.04.5 LTS
INFO: [HLS 200-10] In directory '/home/work1/Works/CNN-Core-Generator/cnn_core'
INFO: [HLS 200-2053] The vitis_hls executable is being deprecated. Consider using vitis-run --mode hls --tcl
Sourcing Tcl script 'build_prj.tcl'
INFO: [HLS 200-1510] Running: open_project -reset cnn_core_prj 
INFO: [HLS 200-10] Creating and opening project '/home/work1/Works/CNN-Core-Generator/cnn_core/cnn_core_prj'.
INFO: [HLS 200-1510] Running: set_top cnn_core 
INFO: [HLS 200-1510] Running: add_files firmware/cnn_core.cpp -cflags -std=c++0x 
INFO: [HLS 200-10] Adding design file 'firmware/cnn_core.cpp' to the project
INFO: [HLS 200-1510] Running: add_files -tb cnn_core_test.cpp -cflags -std=c++0x 
INFO: [HLS 200-10] Adding test bench file 'cnn_core_test.cpp' to the project
INFO: [HLS 200-1510] Running: add_files -tb firmware/weights 
INFO: [HLS 200-10] Adding test bench file 'firmware/weights' to the project
INFO: [HLS 200-1510] Running: add_files -tb tb_data 
INFO: [HLS 200-10] Adding test bench file 'tb_data' to the project
INFO: [HLS 200-1510] Running: open_solution -reset solution1 
INFO: [HLS 200-10] Creating and opening solution '/home/work1/Works/CNN-Core-Generator/cnn_core/cnn_core_prj/solution1'.
INFO: [HLS 200-10] Cleaning up the solution database.
INFO: [HLS 200-1505] Using default flow_target 'vivado'
Resolution: For help on HLS 200-1505 see docs.xilinx.com/access/sources/dita/topic?Doc_Version=2023.2%20English&url=ug1448-hls-guidance&resourceid=200-1505.html
INFO: [HLS 200-1510] Running: config_compile -name_max_length 80 
INFO: [XFORM 203-1161] The maximum of name length is set to 80.
INFO: [HLS 200-1510] Running: set_part xcku5p-ffvb676-2-e 
INFO: [HLS 200-1611] Setting target device to 'xcku5p-ffvb676-2-e'
INFO: [XFORM 203-1161] The maximum of name length is set to 80.
INFO: [HLS 200-1510] Running: config_schedule -enable_dsp_full_reg=false 
INFO: [HLS 200-1510] Running: create_clock -period 5.0 -name default 
INFO: [SYN 201-201] Setting up clock 'default' with a period of 5ns.
INFO: [HLS 200-1510] Running: set_clock_uncertainty 27% default 
INFO: [SYN 201-201] Setting up clock 'default' with an uncertainty of 1.35ns.
***** C SIMULATION *****
INFO: [HLS 200-1510] Running: csim_design 
INFO: [SIM 211-2] *************** CSIM start ***************
INFO: [SIM 211-4] CSIM will launch GCC as the compiler.
INFO: [HLS 200-2036] Building debug C Simulation binaries
   Compiling ../../../../cnn_core_test.cpp in debug mode
   Compiling ../../../../firmware/cnn_core.cpp in debug mode
   Generating csim.exe
INFO: Saved inference results to file: tb_data/csim_results.log
INFO [HLS SIM]: The maximum depth reached by any hls::stream() instance in the design is 128
INFO: [SIM 211-1] CSim done with 0 errors.
INFO: [SIM 211-3] *************** CSIM finish ***************
INFO: [HLS 200-111] Finished Command csim_design CPU user time: 3.88 seconds. CPU system time: 0.29 seconds. Elapsed time: 4.23 seconds; current allocated memory: 0.000 MB.
***** C SIMULATION COMPLETED IN 0h0m4s *****
***** C/RTL SYNTHESIS *****
INFO: [HLS 200-1510] Running: csynth_design 
INFO: [HLS 200-111] Finished File checks and directory preparation: CPU user time: 0.03 seconds. CPU system time: 0.01 seconds. Elapsed time: 0.04 seconds; current allocated memory: 257.172 MB.
INFO: [HLS 200-10] Analyzing design file 'firmware/cnn_core.cpp' ... 
WARNING: [HLS 207-5566] unexpected pragma argument 'softmax', expects function/operation (firmware/nnet_utils/nnet_activation.h:402:36)
WARNING: [HLS 207-5536] 'Resource pragma' is deprecated, use 'bind_op/bind_storage pragma' instead (firmware/nnet_utils/nnet_dense_resource.h:33:9)
WARNING: [HLS 207-5536] 'Resource pragma' is deprecated, use 'bind_op/bind_storage pragma' instead (firmware/nnet_utils/nnet_dense_resource.h:107:9)
WARNING: [HLS 207-5536] 'Resource pragma' is deprecated, use 'bind_op/bind_storage pragma' instead (firmware/nnet_utils/nnet_dense_resource.h:189:9)
WARNING: [HLS 214-113] Either use an argument of the function or declare the variable inside the dataflow loop body (firmware/cnn_core.cpp:44:34)
Resolution: For help on HLS 214-113 see docs.xilinx.com/access/sources/dita/topic?Doc_Version=2023.2%20English&url=ug1448-hls-guidance&resourceid=214-113.html
WARNING: [HLS 214-113] Either use an argument of the function or declare the variable inside the dataflow loop body (firmware/cnn_core.cpp:44:38)
Resolution: For help on HLS 214-113 see docs.xilinx.com/access/sources/dita/topic?Doc_Version=2023.2%20English&url=ug1448-hls-guidance&resourceid=214-113.html
WARNING: [HLS 214-113] Either use an argument of the function or declare the variable inside the dataflow loop body (firmware/cnn_core.cpp:51:36)
Resolution: For help on HLS 214-113 see docs.xilinx.com/access/sources/dita/topic?Doc_Version=2023.2%20English&url=ug1448-hls-guidance&resourceid=214-113.html
WARNING: [HLS 214-113] Either use an argument of the function or declare the variable inside the dataflow loop body (firmware/cnn_core.cpp:51:53)
Resolution: For help on HLS 214-113 see docs.xilinx.com/access/sources/dita/topic?Doc_Version=2023.2%20English&url=ug1448-hls-guidance&resourceid=214-113.html
WARNING: [HLS 200-471] Dataflow form checks found 4 issue(s) in file firmware/cnn_core.cpp
Resolution: For help on HLS 200-471 see docs.xilinx.com/access/sources/dita/topic?Doc_Version=2023.2%20English&url=ug1448-hls-guidance&resourceid=200-471.html
WARNING: [HLS 207-5292] unused parameter 'keep' (firmware/nnet_utils/nnet_helpers.h:285:99)
WARNING: [HLS 207-5292] unused parameter 'data' (firmware/nnet_utils/nnet_function_stubs.h:14:36)
WARNING: [HLS 207-5292] unused parameter 'buffer' (firmware/nnet_utils/nnet_function_stubs.h:15:36)
WARNING: [HLS 207-5292] unused parameter 'partition' (firmware/nnet_utils/nnet_function_stubs.h:16:44)
WARNING: [HLS 207-5292] unused parameter 'data' (firmware/nnet_utils/nnet_function_stubs.h:24:24)
WARNING: [HLS 207-5292] unused parameter 'buffer' (firmware/nnet_utils/nnet_function_stubs.h:25:24)
WARNING: [HLS 207-5292] unused parameter 'partition' (firmware/nnet_utils/nnet_function_stubs.h:26:32)
WARNING: [HLS 207-5292] unused parameter 'data' (firmware/nnet_utils/nnet_function_stubs.h:33:30)
WARNING: [HLS 207-5292] unused parameter 'res' (firmware/nnet_utils/nnet_function_stubs.h:33:58)
WARNING: [HLS 207-5292] unused parameter 'weights' (firmware/nnet_utils/nnet_function_stubs.h:34:51)
WARNING: [HLS 207-5292] unused parameter 'biases' (firmware/nnet_utils/nnet_function_stubs.h:35:49)
WARNING: [HLS 207-5292] unused parameter 'data' (firmware/nnet_utils/nnet_function_stubs.h:42:30)
WARNING: [HLS 207-5292] unused parameter 'res' (firmware/nnet_utils/nnet_function_stubs.h:42:58)
WARNING: [HLS 207-5292] unused parameter 'weights' (firmware/nnet_utils/nnet_function_stubs.h:43:51)
WARNING: [HLS 207-5292] unused parameter 'biases' (firmware/nnet_utils/nnet_function_stubs.h:44:49)
WARNING: [HLS 207-5292] unused parameter 'data' (firmware/nnet_utils/nnet_function_stubs.h:51:29)
WARNING: [HLS 207-5292] unused parameter 'res' (firmware/nnet_utils/nnet_function_stubs.h:51:80)
WARNING: [HLS 207-5292] unused parameter 'weights' (firmware/nnet_utils/nnet_function_stubs.h:52:50)
WARNING: [HLS 207-5292] unused parameter 'biases' (firmware/nnet_utils/nnet_function_stubs.h:53:48)
WARNING: [HLS 207-5292] unused parameter 'data' (firmware/nnet_utils/nnet_code_gen.h:16:39)
WARNING: [HLS 207-5292] unused parameter 'res' (firmware/nnet_utils/nnet_code_gen.h:17:38)
WARNING: [HLS 207-5292] unused parameter 'weights' (firmware/nnet_utils/nnet_code_gen.h:18:60)
WARNING: [HLS 207-5292] unused parameter 'biases' (firmware/nnet_utils/nnet_code_gen.h:19:58)
INFO: [HLS 200-111] Finished Source Code Analysis and Preprocessing: CPU user time: 4.66 seconds. CPU system time: 0.43 seconds. Elapsed time: 5.22 seconds; current allocated memory: 266.668 MB.
INFO: [HLS 200-777] Using interface defaults for 'Vivado' flow target.
INFO: [HLS 200-1995] There were 2,158 instructions in the design after the 'Compile/Link' phase of compilation. See the Design Size Report for more details: /home/work1/Works/CNN-Core-Generator/cnn_core/cnn_core_prj/solution1/syn/report/csynth_design_size.rpt
INFO: [HLS 200-1995] There were 47,208 instructions in the design after the 'Unroll/Inline (step 1)' phase of compilation. See the Design Size Report for more details: /home/work1/Works/CNN-Core-Generator/cnn_core/cnn_core_prj/solution1/syn/report/csynth_design_size.rpt
INFO: [HLS 200-1995] There were 17,728 instructions in the design after the 'Unroll/Inline (step 2)' phase of compilation. See the Design Size Report for more details: /home/work1/Works/CNN-Core-Generator/cnn_core/cnn_core_prj/solution1/syn/report/csynth_design_size.rpt
INFO: [HLS 200-1995] There were 16,655 instructions in the design after the 'Unroll/Inline (step 3)' phase of compilation. See the Design Size Report for more details: /home/work1/Works/CNN-Core-Generator/cnn_core/cnn_core_prj/solution1/syn/report/csynth_design_size.rpt
INFO: [HLS 200-1995] There were 13,688 instructions in the design after the 'Unroll/Inline (step 4)' phase of compilation. See the Design Size Report for more details: /home/work1/Works/CNN-Core-Generator/cnn_core/cnn_core_prj/solution1/syn/report/csynth_design_size.rpt
INFO: [HLS 200-1995] There were 16,702 instructions in the design after the 'Array/Struct (step 1)' phase of compilation. See the Design Size Report for more details: /home/work1/Works/CNN-Core-Generator/cnn_core/cnn_core_prj/solution1/syn/report/csynth_design_size.rpt
INFO: [HLS 200-1995] There were 8,743 instructions in the design after the 'Array/Struct (step 2)' phase of compilation. See the Design Size Report for more details: /home/work1/Works/CNN-Core-Generator/cnn_core/cnn_core_prj/solution1/syn/report/csynth_design_size.rpt
INFO: [HLS 200-1995] There were 8,749 instructions in the design after the 'Array/Struct (step 3)' phase of compilation. See the Design Size Report for more details: /home/work1/Works/CNN-Core-Generator/cnn_core/cnn_core_prj/solution1/syn/report/csynth_design_size.rpt
INFO: [HLS 200-1995] There were 11,866 instructions in the design after the 'Array/Struct (step 4)' phase of compilation. See the Design Size Report for more details: /home/work1/Works/CNN-Core-Generator/cnn_core/cnn_core_prj/solution1/syn/report/csynth_design_size.rpt
INFO: [HLS 200-1995] There were 12,426 instructions in the design after the 'Array/Struct (step 5)' phase of compilation. See the Design Size Report for more details: /home/work1/Works/CNN-Core-Generator/cnn_core/cnn_core_prj/solution1/syn/report/csynth_design_size.rpt
INFO: [HLS 200-1995] There were 11,578 instructions in the design after the 'Performance (step 1)' phase of compilation. See the Design Size Report for more details: /home/work1/Works/CNN-Core-Generator/cnn_core/cnn_core_prj/solution1/syn/report/csynth_design_size.rpt
INFO: [HLS 200-1995] There were 11,290 instructions in the design after the 'Performance (step 2)' phase of compilation. See the Design Size Report for more details: /home/work1/Works/CNN-Core-Generator/cnn_core/cnn_core_prj/solution1/syn/report/csynth_design_size.rpt
INFO: [HLS 200-1995] There were 11,138 instructions in the design after the 'Performance (step 3)' phase of compilation. See the Design Size Report for more details: /home/work1/Works/CNN-Core-Generator/cnn_core/cnn_core_prj/solution1/syn/report/csynth_design_size.rpt
INFO: [HLS 200-1995] There were 10,000 instructions in the design after the 'Performance (step 4)' phase of compilation. See the Design Size Report for more details: /home/work1/Works/CNN-Core-Generator/cnn_core/cnn_core_prj/solution1/syn/report/csynth_design_size.rpt
INFO: [HLS 200-1995] There were 9,447 instructions in the design after the 'HW Transforms (step 1)' phase of compilation. See the Design Size Report for more details: /home/work1/Works/CNN-Core-Generator/cnn_core/cnn_core_prj/solution1/syn/report/csynth_design_size.rpt
INFO: [HLS 200-1995] There were 10,005 instructions in the design after the 'HW Transforms (step 2)' phase of compilation. See the Design Size Report for more details: /home/work1/Works/CNN-Core-Generator/cnn_core/cnn_core_prj/solution1/syn/report/csynth_design_size.rpt
INFO: [HLS 214-131] Inlining function 'nnet::product::mult<ap_fixed<10, 5, (ap_q_mode)0, (ap_o_mode)2, 0>, ap_fixed<6, 1, (ap_q_mode)5, (ap_o_mode)3, 0> >::product(ap_fixed<10, 5, (ap_q_mode)0, (ap_o_mode)2, 0>, ap_fixed<6, 1, (ap_q_mode)5, (ap_o_mode)3, 0>)' into 'void nnet::dense_latency<ap_fixed<10, 5, (ap_q_mode)0, (ap_o_mode)2, 0>, ap_fixed<16, 6, (ap_q_mode)5, (ap_o_mode)3, 0>, nnet::aria_first_conv_mult_config<config4_mult> >(ap_fixed<10, 5, (ap_q_mode)0, (ap_o_mode)2, 0>*, ap_fixed<16, 6, (ap_q_mode)5, (ap_o_mode)3, 0>*, nnet::aria_first_conv_mult_config<config4_mult>::weight_t*, nnet::aria_first_conv_mult_config<config4_mult>::bias_t*)' (firmware/nnet_utils/nnet_dense_latency.h:42:27)
INFO: [HLS 214-131] Inlining function 'nnet::DenseLatency<ap_fixed<10, 5, (ap_q_mode)0, (ap_o_mode)2, 0>, ap_fixed<16, 6, (ap_q_mode)5, (ap_o_mode)3, 0>, nnet::aria_first_conv_mult_config<config4_mult> >::dense(ap_fixed<10, 5, (ap_q_mode)0, (ap_o_mode)2, 0>*, ap_fixed<16, 6, (ap_q_mode)5, (ap_o_mode)3, 0>*, ap_fixed<6, 1, (ap_q_mode)5, (ap_o_mode)3, 0>*, ap_fixed<4, 0, (ap_q_mode)5, (ap_o_mode)3, 0>*)' into 'void nnet::first_conv_2row_4lane_temporal_wide_cl<nnet::array<ap_fixed<10, 5, (ap_q_mode)0, (ap_o_mode)2, 0>, 8u>, nnet::array<ap_fixed<16, 6, (ap_q_mode)5, (ap_o_mode)3, 0>, 80u>, config4>(hls::stream<nnet::array<ap_fixed<10, 5, (ap_q_mode)0, (ap_o_mode)2, 0>, 8u>, 0>&, hls::stream<nnet::array<ap_fixed<16, 6, (ap_q_mode)5, (ap_o_mode)3, 0>, 80u>, 0>&, config4::weight_t*, config4::bias_t*)' (firmware/nnet_utils/nnet_aria.h:100:17)
INFO: [HLS 214-131] Inlining function 'nnet::product::mult<ap_fixed<10, 5, (ap_q_mode)0, (ap_o_mode)2, 0>, ap_fixed<6, 1, (ap_q_mode)5, (ap_o_mode)3, 0> >::product(ap_fixed<10, 5, (ap_q_mode)0, (ap_o_mode)2, 0>, ap_fixed<6, 1, (ap_q_mode)5, (ap_o_mode)3, 0>)' into 'void nnet::dense_wide_stream<nnet::array<ap_fixed<10, 5, (ap_q_mode)0, (ap_o_mode)2, 0>, 80u>, nnet::array<ap_fixed<24, 14, (ap_q_mode)5, (ap_o_mode)3, 0>, 1u>, config9>(hls::stream<nnet::array<ap_fixed<10, 5, (ap_q_mode)0, (ap_o_mode)2, 0>, 80u>, 0>&, hls::stream<nnet::array<ap_fixed<24, 14, (ap_q_mode)5, (ap_o_mode)3, 0>, 1u>, 0>&, ap_uint<240> const*, config9::bias_t*)' (firmware/nnet_utils/nnet_aria.h:317:45)
INFO: [HLS 214-291] Loop 'DenseProducts' is marked as complete unroll implied by the pipeline pragma (firmware/nnet_utils/nnet_aria.h:309:9)
INFO: [HLS 214-291] Loop 'DenseAccumulate' is marked as complete unroll implied by the pipeline pragma (firmware/nnet_utils/nnet_aria.h:323:9)
INFO: [HLS 214-291] Loop 'VITIS_LOOP_27_1' is marked as complete unroll implied by the pipeline pragma (firmware/nnet_utils/nnet_types.h:27:26)
INFO: [HLS 214-291] Loop 'VITIS_LOOP_250_1' is marked as complete unroll implied by the pipeline pragma (firmware/nnet_utils/nnet_aria.h:250:31)
INFO: [HLS 214-291] Loop 'VITIS_LOOP_257_2' is marked as complete unroll implied by the pipeline pragma (firmware/nnet_utils/nnet_aria.h:257:31)
INFO: [HLS 214-291] Loop 'ReLUPackLoop' is marked as complete unroll implied by the pipeline pragma (firmware/nnet_utils/nnet_activation_stream.h:49:9)
INFO: [HLS 214-291] Loop 'VITIS_LOOP_48_1' is marked as complete unroll implied by the pipeline pragma (firmware/nnet_utils/nnet_aria.h:48:19)
INFO: [HLS 214-291] Loop 'VITIS_LOOP_56_2' is marked as complete unroll implied by the pipeline pragma (firmware/nnet_utils/nnet_aria.h:56:19)
INFO: [HLS 214-291] Loop 'VITIS_LOOP_58_3' is marked as complete unroll implied by the pipeline pragma (firmware/nnet_utils/nnet_aria.h:58:19)
INFO: [HLS 214-291] Loop 'VITIS_LOOP_63_4' is marked as complete unroll implied by the pipeline pragma (firmware/nnet_utils/nnet_aria.h:63:26)
INFO: [HLS 214-291] Loop 'VITIS_LOOP_68_5' is marked as complete unroll implied by the pipeline pragma (firmware/nnet_utils/nnet_aria.h:68:26)
INFO: [HLS 214-291] Loop 'VITIS_LOOP_70_6' is marked as complete unroll implied by the pipeline pragma (firmware/nnet_utils/nnet_aria.h:70:19)
INFO: [HLS 214-291] Loop 'WriteOutputWidth' is marked as complete unroll implied by the pipeline pragma (firmware/nnet_utils/nnet_aria.h:83:13)
INFO: [HLS 214-291] Loop 'VITIS_LOOP_87_7' is marked as complete unroll implied by the pipeline pragma (firmware/nnet_utils/nnet_aria.h:87:19)
INFO: [HLS 214-291] Loop 'VITIS_LOOP_103_8' is marked as complete unroll implied by the pipeline pragma (firmware/nnet_utils/nnet_aria.h:103:35)
INFO: [HLS 214-291] Loop 'Result' is marked as complete unroll implied by the pipeline pragma (firmware/nnet_utils/nnet_dense_latency.h:64:5)
INFO: [HLS 214-291] Loop 'Accum1' is marked as complete unroll implied by the pipeline pragma (firmware/nnet_utils/nnet_dense_latency.h:54:5)
INFO: [HLS 214-291] Loop 'Accum2' is marked as complete unroll implied by the pipeline pragma (firmware/nnet_utils/nnet_dense_latency.h:56:9)
INFO: [HLS 214-291] Loop 'ResetAccum' is marked as complete unroll implied by the pipeline pragma (firmware/nnet_utils/nnet_dense_latency.h:48:5)
INFO: [HLS 214-291] Loop 'Product1' is marked as complete unroll implied by the pipeline pragma (firmware/nnet_utils/nnet_dense_latency.h:37:5)
INFO: [HLS 214-291] Loop 'Product2' is marked as complete unroll implied by the pipeline pragma (firmware/nnet_utils/nnet_dense_latency.h:40:9)
INFO: [HLS 214-186] Unrolling loop 'DenseProducts' (firmware/nnet_utils/nnet_aria.h:309:9) in function 'nnet::dense_wide_stream<nnet::array<ap_fixed<10, 5, (ap_q_mode)0, (ap_o_mode)2, 0>, 80u>, nnet::array<ap_fixed<24, 14, (ap_q_mode)5, (ap_o_mode)3, 0>, 1u>, config9>' completely with a factor of 40 (firmware/nnet_utils/nnet_aria.h:277:0)
INFO: [HLS 214-186] Unrolling loop 'DenseAccumulate' (firmware/nnet_utils/nnet_aria.h:323:9) in function 'nnet::dense_wide_stream<nnet::array<ap_fixed<10, 5, (ap_q_mode)0, (ap_o_mode)2, 0>, 80u>, nnet::array<ap_fixed<24, 14, (ap_q_mode)5, (ap_o_mode)3, 0>, 1u>, config9>' completely with a factor of 40 (firmware/nnet_utils/nnet_aria.h:277:0)
INFO: [HLS 214-186] Unrolling loop 'VITIS_LOOP_27_1' (firmware/nnet_utils/nnet_types.h:27:26) in function 'nnet::array<ap_fixed<10, 5, (ap_q_mode)0, (ap_o_mode)2, 0>, 80u>::operator=' completely with a factor of 80 (firmware/nnet_utils/nnet_types.h:21:0)
INFO: [HLS 214-186] Unrolling loop 'VITIS_LOOP_250_1' (firmware/nnet_utils/nnet_aria.h:250:31) in function 'nnet::maxpool2d_wide_nonoverlap_cl<nnet::array<ap_ufixed<15, 5, (ap_q_mode)5, (ap_o_mode)3, 0>, 80u>, nnet::array<ap_fixed<10, 5, (ap_q_mode)0, (ap_o_mode)2, 0>, 80u>, config6>' completely with a factor of 80 (firmware/nnet_utils/nnet_aria.h:228:0)
INFO: [HLS 214-186] Unrolling loop 'VITIS_LOOP_257_2' (firmware/nnet_utils/nnet_aria.h:257:31) in function 'nnet::maxpool2d_wide_nonoverlap_cl<nnet::array<ap_ufixed<15, 5, (ap_q_mode)5, (ap_o_mode)3, 0>, 80u>, nnet::array<ap_fixed<10, 5, (ap_q_mode)0, (ap_o_mode)2, 0>, 80u>, config6>' completely with a factor of 80 (firmware/nnet_utils/nnet_aria.h:228:0)
INFO: [HLS 214-186] Unrolling loop 'ReLUPackLoop' (firmware/nnet_utils/nnet_activation_stream.h:49:9) in function 'nnet::relu<nnet::array<ap_fixed<16, 6, (ap_q_mode)5, (ap_o_mode)3, 0>, 80u>, nnet::array<ap_ufixed<15, 5, (ap_q_mode)5, (ap_o_mode)3, 0>, 80u>, relu_config5>' completely with a factor of 80 (firmware/nnet_utils/nnet_activation_stream.h:39:0)
INFO: [HLS 214-186] Unrolling loop 'VITIS_LOOP_48_1' (firmware/nnet_utils/nnet_aria.h:48:19) in function 'nnet::first_conv_2row_4lane_temporal_wide_cl<nnet::array<ap_fixed<10, 5, (ap_q_mode)0, (ap_o_mode)2, 0>, 8u>, nnet::array<ap_fixed<16, 6, (ap_q_mode)5, (ap_o_mode)3, 0>, 80u>, config4>' completely with a factor of 4 (firmware/nnet_utils/nnet_aria.h:23:0)
INFO: [HLS 214-186] Unrolling loop 'VITIS_LOOP_56_2' (firmware/nnet_utils/nnet_aria.h:56:19) in function 'nnet::first_conv_2row_4lane_temporal_wide_cl<nnet::array<ap_fixed<10, 5, (ap_q_mode)0, (ap_o_mode)2, 0>, 8u>, nnet::array<ap_fixed<16, 6, (ap_q_mode)5, (ap_o_mode)3, 0>, 80u>, config4>' completely with a factor of 7 (firmware/nnet_utils/nnet_aria.h:23:0)
INFO: [HLS 214-186] Unrolling loop 'VITIS_LOOP_58_3' (firmware/nnet_utils/nnet_aria.h:58:19) in function 'nnet::first_conv_2row_4lane_temporal_wide_cl<nnet::array<ap_fixed<10, 5, (ap_q_mode)0, (ap_o_mode)2, 0>, 8u>, nnet::array<ap_fixed<16, 6, (ap_q_mode)5, (ap_o_mode)3, 0>, 80u>, config4>' completely with a factor of 4 (firmware/nnet_utils/nnet_aria.h:23:0)
INFO: [HLS 214-186] Unrolling loop 'VITIS_LOOP_63_4' (firmware/nnet_utils/nnet_aria.h:63:26) in function 'nnet::first_conv_2row_4lane_temporal_wide_cl<nnet::array<ap_fixed<10, 5, (ap_q_mode)0, (ap_o_mode)2, 0>, 8u>, nnet::array<ap_fixed<16, 6, (ap_q_mode)5, (ap_o_mode)3, 0>, 80u>, config4>' completely with a factor of 4 (firmware/nnet_utils/nnet_aria.h:23:0)
INFO: [HLS 214-186] Unrolling loop 'VITIS_LOOP_68_5' (firmware/nnet_utils/nnet_aria.h:68:26) in function 'nnet::first_conv_2row_4lane_temporal_wide_cl<nnet::array<ap_fixed<10, 5, (ap_q_mode)0, (ap_o_mode)2, 0>, 8u>, nnet::array<ap_fixed<16, 6, (ap_q_mode)5, (ap_o_mode)3, 0>, 80u>, config4>' completely with a factor of 5 (firmware/nnet_utils/nnet_aria.h:23:0)
INFO: [HLS 214-186] Unrolling loop 'VITIS_LOOP_70_6' (firmware/nnet_utils/nnet_aria.h:70:19) in function 'nnet::first_conv_2row_4lane_temporal_wide_cl<nnet::array<ap_fixed<10, 5, (ap_q_mode)0, (ap_o_mode)2, 0>, 8u>, nnet::array<ap_fixed<16, 6, (ap_q_mode)5, (ap_o_mode)3, 0>, 80u>, config4>' completely with a factor of 4 (firmware/nnet_utils/nnet_aria.h:23:0)
INFO: [HLS 214-186] Unrolling loop 'WriteOutputWidth' (firmware/nnet_utils/nnet_aria.h:83:13) in function 'nnet::first_conv_2row_4lane_temporal_wide_cl<nnet::array<ap_fixed<10, 5, (ap_q_mode)0, (ap_o_mode)2, 0>, 8u>, nnet::array<ap_fixed<16, 6, (ap_q_mode)5, (ap_o_mode)3, 0>, 80u>, config4>' completely with a factor of 4 (firmware/nnet_utils/nnet_aria.h:23:0)
INFO: [HLS 214-186] Unrolling loop 'VITIS_LOOP_103_8' (firmware/nnet_utils/nnet_aria.h:103:35) in function 'nnet::first_conv_2row_4lane_temporal_wide_cl<nnet::array<ap_fixed<10, 5, (ap_q_mode)0, (ap_o_mode)2, 0>, 8u>, nnet::array<ap_fixed<16, 6, (ap_q_mode)5, (ap_o_mode)3, 0>, 80u>, config4>' completely with a factor of 20 (firmware/nnet_utils/nnet_aria.h:23:0)
INFO: [HLS 214-186] Unrolling loop 'VITIS_LOOP_87_7' (firmware/nnet_utils/nnet_aria.h:87:19) in function 'nnet::first_conv_2row_4lane_temporal_wide_cl<nnet::array<ap_fixed<10, 5, (ap_q_mode)0, (ap_o_mode)2, 0>, 8u>, nnet::array<ap_fixed<16, 6, (ap_q_mode)5, (ap_o_mode)3, 0>, 80u>, config4>' completely with a factor of 5 (firmware/nnet_utils/nnet_aria.h:23:0)
INFO: [HLS 214-186] Unrolling loop 'Result' (firmware/nnet_utils/nnet_dense_latency.h:64:5) in function 'nnet::dense_latency<ap_fixed<10, 5, (ap_q_mode)0, (ap_o_mode)2, 0>, ap_fixed<16, 6, (ap_q_mode)5, (ap_o_mode)3, 0>, nnet::aria_first_conv_mult_config<config4_mult> >' completely with a factor of 20 (firmware/nnet_utils/nnet_dense_latency.h:15:0)
INFO: [HLS 214-186] Unrolling loop 'Accum1' (firmware/nnet_utils/nnet_dense_latency.h:54:5) in function 'nnet::dense_latency<ap_fixed<10, 5, (ap_q_mode)0, (ap_o_mode)2, 0>, ap_fixed<16, 6, (ap_q_mode)5, (ap_o_mode)3, 0>, nnet::aria_first_conv_mult_config<config4_mult> >' completely with a factor of 7 (firmware/nnet_utils/nnet_dense_latency.h:15:0)
INFO: [HLS 214-186] Unrolling loop 'Accum2' (firmware/nnet_utils/nnet_dense_latency.h:56:9) in function 'nnet::dense_latency<ap_fixed<10, 5, (ap_q_mode)0, (ap_o_mode)2, 0>, ap_fixed<16, 6, (ap_q_mode)5, (ap_o_mode)3, 0>, nnet::aria_first_conv_mult_config<config4_mult> >' completely with a factor of 20 (firmware/nnet_utils/nnet_dense_latency.h:15:0)
INFO: [HLS 214-186] Unrolling loop 'ResetAccum' (firmware/nnet_utils/nnet_dense_latency.h:48:5) in function 'nnet::dense_latency<ap_fixed<10, 5, (ap_q_mode)0, (ap_o_mode)2, 0>, ap_fixed<16, 6, (ap_q_mode)5, (ap_o_mode)3, 0>, nnet::aria_first_conv_mult_config<config4_mult> >' completely with a factor of 20 (firmware/nnet_utils/nnet_dense_latency.h:15:0)
INFO: [HLS 214-186] Unrolling loop 'Product1' (firmware/nnet_utils/nnet_dense_latency.h:37:5) in function 'nnet::dense_latency<ap_fixed<10, 5, (ap_q_mode)0, (ap_o_mode)2, 0>, ap_fixed<16, 6, (ap_q_mode)5, (ap_o_mode)3, 0>, nnet::aria_first_conv_mult_config<config4_mult> >' completely with a factor of 7 (firmware/nnet_utils/nnet_dense_latency.h:15:0)
INFO: [HLS 214-186] Unrolling loop 'Product2' (firmware/nnet_utils/nnet_dense_latency.h:40:9) in function 'nnet::dense_latency<ap_fixed<10, 5, (ap_q_mode)0, (ap_o_mode)2, 0>, ap_fixed<16, 6, (ap_q_mode)5, (ap_o_mode)3, 0>, nnet::aria_first_conv_mult_config<config4_mult> >' completely with a factor of 20 (firmware/nnet_utils/nnet_dense_latency.h:15:0)
INFO: [HLS 214-178] Inlining function 'std::enable_if<!(std::is_same<ap_fixed<10, 5, (ap_q_mode)0, (ap_o_mode)2, 0>, ap_uint<1> >::value), ap_fixed<16, 6, (ap_q_mode)5, (ap_o_mode)3, 0> >::type nnet::cast<ap_fixed<10, 5, (ap_q_mode)0, (ap_o_mode)2, 0>, ap_fixed<16, 6, (ap_q_mode)5, (ap_o_mode)3, 0>, nnet::aria_first_conv_mult_config<config4_mult> >(nnet::aria_first_conv_mult_config<config4_mult>::accum_t)' into 'void nnet::dense_latency<ap_fixed<10, 5, (ap_q_mode)0, (ap_o_mode)2, 0>, ap_fixed<16, 6, (ap_q_mode)5, (ap_o_mode)3, 0>, nnet::aria_first_conv_mult_config<config4_mult> >(ap_fixed<10, 5, (ap_q_mode)0, (ap_o_mode)2, 0>*, ap_fixed<16, 6, (ap_q_mode)5, (ap_o_mode)3, 0>*, nnet::aria_first_conv_mult_config<config4_mult>::weight_t*, nnet::aria_first_conv_mult_config<config4_mult>::bias_t*)' (firmware/nnet_utils/nnet_dense_latency.h:15:0)
INFO: [HLS 214-178] Inlining function 'nnet::array<ap_fixed<10, 5, (ap_q_mode)0, (ap_o_mode)2, 0>, 8u>::operator[](unsigned long)' into 'void nnet::first_conv_2row_4lane_temporal_wide_cl<nnet::array<ap_fixed<10, 5, (ap_q_mode)0, (ap_o_mode)2, 0>, 8u>, nnet::array<ap_fixed<16, 6, (ap_q_mode)5, (ap_o_mode)3, 0>, 80u>, config4>(hls::stream<nnet::array<ap_fixed<10, 5, (ap_q_mode)0, (ap_o_mode)2, 0>, 8u>, 0>&, hls::stream<nnet::array<ap_fixed<16, 6, (ap_q_mode)5, (ap_o_mode)3, 0>, 80u>, 0>&, config4::weight_t*, config4::bias_t*)' (firmware/nnet_utils/nnet_aria.h:23:0)
INFO: [HLS 214-178] Inlining function 'nnet::array<ap_fixed<16, 6, (ap_q_mode)5, (ap_o_mode)3, 0>, 80u>::operator[](unsigned long)' into 'void nnet::first_conv_2row_4lane_temporal_wide_cl<nnet::array<ap_fixed<10, 5, (ap_q_mode)0, (ap_o_mode)2, 0>, 8u>, nnet::array<ap_fixed<16, 6, (ap_q_mode)5, (ap_o_mode)3, 0>, 80u>, config4>(hls::stream<nnet::array<ap_fixed<10, 5, (ap_q_mode)0, (ap_o_mode)2, 0>, 8u>, 0>&, hls::stream<nnet::array<ap_fixed<16, 6, (ap_q_mode)5, (ap_o_mode)3, 0>, 80u>, 0>&, config4::weight_t*, config4::bias_t*)' (firmware/nnet_utils/nnet_aria.h:23:0)
INFO: [HLS 214-178] Inlining function 'nnet::array<ap_fixed<16, 6, (ap_q_mode)5, (ap_o_mode)3, 0>, 80u>::operator[](unsigned long)' into 'void nnet::relu<nnet::array<ap_fixed<16, 6, (ap_q_mode)5, (ap_o_mode)3, 0>, 80u>, nnet::array<ap_ufixed<15, 5, (ap_q_mode)5, (ap_o_mode)3, 0>, 80u>, relu_config5>(hls::stream<nnet::array<ap_fixed<16, 6, (ap_q_mode)5, (ap_o_mode)3, 0>, 80u>, 0>&, hls::stream<nnet::array<ap_ufixed<15, 5, (ap_q_mode)5, (ap_o_mode)3, 0>, 80u>, 0>&)' (firmware/nnet_utils/nnet_activation_stream.h:39:0)
INFO: [HLS 214-178] Inlining function 'nnet::array<ap_ufixed<15, 5, (ap_q_mode)5, (ap_o_mode)3, 0>, 80u>::operator[](unsigned long)' into 'void nnet::relu<nnet::array<ap_fixed<16, 6, (ap_q_mode)5, (ap_o_mode)3, 0>, 80u>, nnet::array<ap_ufixed<15, 5, (ap_q_mode)5, (ap_o_mode)3, 0>, 80u>, relu_config5>(hls::stream<nnet::array<ap_fixed<16, 6, (ap_q_mode)5, (ap_o_mode)3, 0>, 80u>, 0>&, hls::stream<nnet::array<ap_ufixed<15, 5, (ap_q_mode)5, (ap_o_mode)3, 0>, 80u>, 0>&)' (firmware/nnet_utils/nnet_activation_stream.h:39:0)
INFO: [HLS 214-178] Inlining function 'nnet::array<ap_ufixed<15, 5, (ap_q_mode)5, (ap_o_mode)3, 0>, 80u>::operator[](unsigned long)' into 'void nnet::maxpool2d_wide_nonoverlap_cl<nnet::array<ap_ufixed<15, 5, (ap_q_mode)5, (ap_o_mode)3, 0>, 80u>, nnet::array<ap_fixed<10, 5, (ap_q_mode)0, (ap_o_mode)2, 0>, 80u>, config6>(hls::stream<nnet::array<ap_ufixed<15, 5, (ap_q_mode)5, (ap_o_mode)3, 0>, 80u>, 0>&, hls::stream<nnet::array<ap_fixed<10, 5, (ap_q_mode)0, (ap_o_mode)2, 0>, 80u>, 0>&)' (firmware/nnet_utils/nnet_aria.h:228:0)
INFO: [HLS 214-178] Inlining function 'nnet::array<ap_fixed<10, 5, (ap_q_mode)0, (ap_o_mode)2, 0>, 80u>::operator[](unsigned long) (.21)' into 'void nnet::maxpool2d_wide_nonoverlap_cl<nnet::array<ap_ufixed<15, 5, (ap_q_mode)5, (ap_o_mode)3, 0>, 80u>, nnet::array<ap_fixed<10, 5, (ap_q_mode)0, (ap_o_mode)2, 0>, 80u>, config6>(hls::stream<nnet::array<ap_ufixed<15, 5, (ap_q_mode)5, (ap_o_mode)3, 0>, 80u>, 0>&, hls::stream<nnet::array<ap_fixed<10, 5, (ap_q_mode)0, (ap_o_mode)2, 0>, 80u>, 0>&)' (firmware/nnet_utils/nnet_aria.h:228:0)
INFO: [HLS 214-178] Inlining function 'nnet::array<ap_fixed<10, 5, (ap_q_mode)0, (ap_o_mode)2, 0>, 80u>::operator[](unsigned long) const' into 'nnet::array<ap_fixed<10, 5, (ap_q_mode)0, (ap_o_mode)2, 0>, 80u>::operator=(nnet::array<ap_fixed<10, 5, (ap_q_mode)0, (ap_o_mode)2, 0>, 80u> const&)' (firmware/nnet_utils/nnet_types.h:21:0)
INFO: [HLS 214-178] Inlining function 'nnet::array<ap_fixed<10, 5, (ap_q_mode)0, (ap_o_mode)2, 0>, 80u>::operator=(nnet::array<ap_fixed<10, 5, (ap_q_mode)0, (ap_o_mode)2, 0>, 80u> const&)' into 'void nnet::dense_wide_stream<nnet::array<ap_fixed<10, 5, (ap_q_mode)0, (ap_o_mode)2, 0>, 80u>, nnet::array<ap_fixed<24, 14, (ap_q_mode)5, (ap_o_mode)3, 0>, 1u>, config9>(hls::stream<nnet::array<ap_fixed<10, 5, (ap_q_mode)0, (ap_o_mode)2, 0>, 80u>, 0>&, hls::stream<nnet::array<ap_fixed<24, 14, (ap_q_mode)5, (ap_o_mode)3, 0>, 1u>, 0>&, ap_uint<240> const*, config9::bias_t*)' (firmware/nnet_utils/nnet_aria.h:277:0)
INFO: [HLS 214-178] Inlining function 'nnet::array<ap_fixed<10, 5, (ap_q_mode)0, (ap_o_mode)2, 0>, 80u>::operator[](unsigned long)' into 'void nnet::dense_wide_stream<nnet::array<ap_fixed<10, 5, (ap_q_mode)0, (ap_o_mode)2, 0>, 80u>, nnet::array<ap_fixed<24, 14, (ap_q_mode)5, (ap_o_mode)3, 0>, 1u>, config9>(hls::stream<nnet::array<ap_fixed<10, 5, (ap_q_mode)0, (ap_o_mode)2, 0>, 80u>, 0>&, hls::stream<nnet::array<ap_fixed<24, 14, (ap_q_mode)5, (ap_o_mode)3, 0>, 1u>, 0>&, ap_uint<240> const*, config9::bias_t*)' (firmware/nnet_utils/nnet_aria.h:277:0)
INFO: [HLS 214-178] Inlining function 'std::enable_if<!(std::is_same<ap_fixed<10, 5, (ap_q_mode)0, (ap_o_mode)2, 0>, ap_uint<1> >::value), ap_fixed<24, 14, (ap_q_mode)5, (ap_o_mode)3, 0> >::type nnet::cast<ap_fixed<10, 5, (ap_q_mode)0, (ap_o_mode)2, 0>, ap_fixed<24, 14, (ap_q_mode)5, (ap_o_mode)3, 0>, config9>(config9::accum_t)' into 'void nnet::dense_wide_stream<nnet::array<ap_fixed<10, 5, (ap_q_mode)0, (ap_o_mode)2, 0>, 80u>, nnet::array<ap_fixed<24, 14, (ap_q_mode)5, (ap_o_mode)3, 0>, 1u>, config9>(hls::stream<nnet::array<ap_fixed<10, 5, (ap_q_mode)0, (ap_o_mode)2, 0>, 80u>, 0>&, hls::stream<nnet::array<ap_fixed<24, 14, (ap_q_mode)5, (ap_o_mode)3, 0>, 1u>, 0>&, ap_uint<240> const*, config9::bias_t*)' (firmware/nnet_utils/nnet_aria.h:277:0)
INFO: [HLS 214-178] Inlining function 'nnet::array<ap_fixed<24, 14, (ap_q_mode)5, (ap_o_mode)3, 0>, 1u>::operator[](unsigned long)' into 'void nnet::dense_wide_stream<nnet::array<ap_fixed<10, 5, (ap_q_mode)0, (ap_o_mode)2, 0>, 80u>, nnet::array<ap_fixed<24, 14, (ap_q_mode)5, (ap_o_mode)3, 0>, 1u>, config9>(hls::stream<nnet::array<ap_fixed<10, 5, (ap_q_mode)0, (ap_o_mode)2, 0>, 80u>, 0>&, hls::stream<nnet::array<ap_fixed<24, 14, (ap_q_mode)5, (ap_o_mode)3, 0>, 1u>, 0>&, ap_uint<240> const*, config9::bias_t*)' (firmware/nnet_utils/nnet_aria.h:277:0)
INFO: [HLS 214-248] Applying array_partition to 'b4': Complete partitioning on dimension 1. (firmware/weights/b4.h:12:0)
INFO: [HLS 214-248] Applying array_partition to 'b9': Complete partitioning on dimension 1. (firmware/weights/b9.h:12:0)
INFO: [HLS 214-248] Applying array_partition to 'row0': Complete partitioning on dimension 1. (firmware/nnet_utils/nnet_aria.h:44:22)
INFO: [HLS 214-248] Applying array_partition to 'row1': Complete partitioning on dimension 1. (firmware/nnet_utils/nnet_aria.h:45:22)
INFO: [HLS 214-248] Applying array_partition to 'old_buf': Complete partitioning on dimension 1. Complete partitioning on dimension 2. (firmware/nnet_utils/nnet_aria.h:54:22)
INFO: [HLS 214-248] Applying array_partition to 'kernel_data': Complete partitioning on dimension 1.
INFO: [HLS 214-248] Applying array_partition to 'res_out': Complete partitioning on dimension 1.
INFO: [HLS 214-248] Applying array_partition to 'previous': Complete partitioning on dimension 1. (firmware/nnet_utils/nnet_aria.h:242:33)
INFO: [HLS 214-241] Aggregating fifo (hls::stream) variable 'layer6_out_x4' with compact=bit mode in 800-bits (firmware/cnn_core.cpp:35:34)
INFO: [HLS 214-241] Aggregating fifo (hls::stream) variable 'layer5_out_x4' with compact=bit mode in 1200-bits (firmware/cnn_core.cpp:31:34)
INFO: [HLS 214-241] Aggregating fifo (hls::stream) variable 'layer4_out_x4' with compact=bit mode in 1280-bits (firmware/cnn_core.cpp:27:29)
INFO: [HLS 214-364] Automatically inlining function 'void nnet::dense_latency<ap_fixed<10, 5, (ap_q_mode)0, (ap_o_mode)2, 0>, ap_fixed<16, 6, (ap_q_mode)5, (ap_o_mode)3, 0>, nnet::aria_first_conv_mult_config<config4_mult> >(ap_fixed<10, 5, (ap_q_mode)0, (ap_o_mode)2, 0>*, ap_fixed<16, 6, (ap_q_mode)5, (ap_o_mode)3, 0>*, nnet::aria_first_conv_mult_config<config4_mult>::weight_t*, nnet::aria_first_conv_mult_config<config4_mult>::bias_t*)' to improve effectiveness of pipeline pragma in function 'void nnet::first_conv_2row_4lane_temporal_wide_cl<nnet::array<ap_fixed<10, 5, (ap_q_mode)0, (ap_o_mode)2, 0>, 8u>, nnet::array<ap_fixed<16, 6, (ap_q_mode)5, (ap_o_mode)3, 0>, 80u>, config4>(hls::stream<nnet::array<ap_fixed<10, 5, (ap_q_mode)0, (ap_o_mode)2, 0>, 8u>, 0>&, hls::stream<nnet::array<ap_fixed<16, 6, (ap_q_mode)5, (ap_o_mode)3, 0>, 80u>, 0>&, config4::weight_t*, config4::bias_t*)' (firmware/nnet_utils/nnet_dense.h:54:2)
INFO: [HLS 214-270] Inferring pragma 'array_partition type=complete dim=1' for array 'input_word' due to pipeline pragma (firmware/nnet_utils/nnet_aria.h:300:9)
INFO: [HLS 214-248] Applying array_partition to 'input_word': Complete partitioning on dimension 1. (firmware/nnet_utils/nnet_aria.h:296:12)
INFO: [HLS 200-111] Finished Compiling Optimization and Transform: CPU user time: 4.21 seconds. CPU system time: 0.29 seconds. Elapsed time: 6.64 seconds; current allocated memory: 268.602 MB.
INFO: [HLS 200-111] Finished Checking Pragmas: CPU user time: 0 seconds. CPU system time: 0 seconds. Elapsed time: 0 seconds; current allocated memory: 268.602 MB.
INFO: [HLS 200-10] Starting code transformations ...
INFO: [HLS 200-111] Finished Standard Transforms: CPU user time: 0.24 seconds. CPU system time: 0.01 seconds. Elapsed time: 0.26 seconds; current allocated memory: 279.363 MB.
INFO: [HLS 200-10] Checking synthesizability ...
INFO: [HLS 200-111] Finished Checking Synthesizability: CPU user time: 0.7 seconds. CPU system time: 0 seconds. Elapsed time: 0.71 seconds; current allocated memory: 285.074 MB.
INFO: [XFORM 203-712] Applying dataflow to function 'cnn_core' (firmware/cnn_core.cpp:10), detected/extracted 4 process function(s): 
	 'nnet::first_conv_2row_4lane_temporal_wide_cl<nnet::array<ap_fixed<10, 5, (ap_q_mode)0, (ap_o_mode)2, 0>, 8u>, nnet::array<ap_fixed<16, 6, (ap_q_mode)5, (ap_o_mode)3, 0>, 80u>, config4>'
	 'nnet::relu<nnet::array<ap_fixed<16, 6, (ap_q_mode)5, (ap_o_mode)3, 0>, 80u>, nnet::array<ap_ufixed<15, 5, (ap_q_mode)5, (ap_o_mode)3, 0>, 80u>, relu_config5>'
	 'nnet::maxpool2d_wide_nonoverlap_cl<nnet::array<ap_ufixed<15, 5, (ap_q_mode)5, (ap_o_mode)3, 0>, 80u>, nnet::array<ap_fixed<10, 5, (ap_q_mode)0, (ap_o_mode)2, 0>, 80u>, config6>'
	 'nnet::dense_wide_stream<nnet::array<ap_fixed<10, 5, (ap_q_mode)0, (ap_o_mode)2, 0>, 80u>, nnet::array<ap_fixed<24, 14, (ap_q_mode)5, (ap_o_mode)3, 0>, 1u>, config9>'.
INFO: [XFORM 203-11] Balancing expressions in function 'nnet::first_conv_2row_4lane_temporal_wide_cl<nnet::array<ap_fixed<10, 5, (ap_q_mode)0, (ap_o_mode)2, 0>, 8u>, nnet::array<ap_fixed<16, 6, (ap_q_mode)5, (ap_o_mode)3, 0>, 80u>, config4>' (firmware/nnet_utils/nnet_aria.h:33:5)...72 expression(s) balanced.
INFO: [XFORM 203-11] Balancing expressions in function 'nnet::dense_wide_stream<nnet::array<ap_fixed<10, 5, (ap_q_mode)0, (ap_o_mode)2, 0>, 80u>, nnet::array<ap_fixed<24, 14, (ap_q_mode)5, (ap_o_mode)3, 0>, 1u>, config9>' (firmware/nnet_utils/nnet_aria.h:73:5)...40 expression(s) balanced.
INFO: [HLS 200-111] Finished Loop, function and other optimizations: CPU user time: 1.05 seconds. CPU system time: 0.02 seconds. Elapsed time: 1.08 seconds; current allocated memory: 332.887 MB.
INFO: [HLS 200-111] Finished Architecture Synthesis: CPU user time: 0.33 seconds. CPU system time: 0.02 seconds. Elapsed time: 0.35 seconds; current allocated memory: 397.910 MB.
INFO: [HLS 200-10] Starting hardware synthesis ...
INFO: [HLS 200-10] Synthesizing 'cnn_core' ...
WARNING: [SYN 201-103] Legalizing function name 'first_conv_2row_4lane_temporal_wide_cl<array,array<ap_fixed,80u>,config4>' to 'first_conv_2row_4lane_temporal_wide_cl_array_array_ap_fixed_80u_config4_s'.
WARNING: [SYN 201-103] Legalizing function name 'relu<array<ap_fixed,80u>,array<ap_ufixed<15,5,5,3,0>,80u>,relu_config5>' to 'relu_array_ap_fixed_80u_array_ap_ufixed_15_5_5_3_0_80u_relu_config5_s'.
WARNING: [SYN 201-103] Legalizing function name 'maxpool2d_wide_nonoverlap_cl<array,array<ap_fixed,80u>,config6>' to 'maxpool2d_wide_nonoverlap_cl_array_array_ap_fixed_80u_config6_s'.
WARNING: [SYN 201-103] Legalizing function name 'dense_wide_stream<array,array<ap_fixed,1u>,config9>_Pipeline_DenseValues' to 'dense_wide_stream_array_array_ap_fixed_1u_config9_Pipeline_DenseValues'.
WARNING: [SYN 201-103] Legalizing function name 'dense_wide_stream<array,array<ap_fixed<24,14,5,3,0>,1u>,config9>' to 'dense_wide_stream_array_array_ap_fixed_24_14_5_3_0_1u_config9_s'.
WARNING: [SYN 201-223] Checking resource limit in 'first_conv_2row_4lane_temporal_wide_cl<array,array<ap_fixed,80u>,config4>': cannot find any operation of 'mul'.
WARNING: [SYN 201-223] Checking resource limit in 'first_conv_2row_4lane_temporal_wide_cl<array,array<ap_fixed,80u>,config4>': cannot find any operation of 'mul'.
WARNING: [SYN 201-223] Checking resource limit in 'first_conv_2row_4lane_temporal_wide_cl<array,array<ap_fixed,80u>,config4>': cannot find any operation of 'mul'.
WARNING: [SYN 201-223] Checking resource limit in 'first_conv_2row_4lane_temporal_wide_cl<array,array<ap_fixed,80u>,config4>': cannot find any operation of 'mul'.
INFO: [HLS 200-10] ----------------------------------------------------------------
INFO: [HLS 200-42] -- Implementing module 'first_conv_2row_4lane_temporal_wide_cl_array_array_ap_fixed_80u_config4_s' 
INFO: [HLS 200-10] ----------------------------------------------------------------
INFO: [SCHED 204-11] Starting scheduling ...
INFO: [SCHED 204-61] Pipelining loop 'ReadPairsWide'.
INFO: [HLS 200-1470] Pipelining result : Target II = 1, Final II = 1, Depth = 3, loop 'ReadPairsWide'
INFO: [SCHED 204-11] Finished scheduling.
INFO: [HLS 200-111] Finished Scheduling: CPU user time: 0.54 seconds. CPU system time: 0.01 seconds. Elapsed time: 0.56 seconds; current allocated memory: 415.344 MB.
INFO: [BIND 205-100] Starting micro-architecture generation ...
INFO: [BIND 205-101] Performing variable lifetime analysis.
INFO: [BIND 205-101] Exploring resource sharing.
INFO: [BIND 205-101] Binding ...
INFO: [BIND 205-100] Finished micro-architecture generation.
INFO: [HLS 200-111] Finished Binding: CPU user time: 0.23 seconds. CPU system time: 0 seconds. Elapsed time: 0.23 seconds; current allocated memory: 415.344 MB.
INFO: [HLS 200-10] ----------------------------------------------------------------
INFO: [HLS 200-42] -- Implementing module 'relu_array_ap_fixed_80u_array_ap_ufixed_15_5_5_3_0_80u_relu_config5_s' 
INFO: [HLS 200-10] ----------------------------------------------------------------
INFO: [SCHED 204-11] Starting scheduling ...
INFO: [SCHED 204-61] Pipelining loop 'ReLUActLoop'.
INFO: [HLS 200-1470] Pipelining result : Target II = NA, Final II = 1, Depth = 3, loop 'ReLUActLoop'
INFO: [SCHED 204-11] Finished scheduling.
INFO: [HLS 200-111] Finished Scheduling: CPU user time: 0.16 seconds. CPU system time: 0.01 seconds. Elapsed time: 0.16 seconds; current allocated memory: 415.344 MB.
INFO: [BIND 205-100] Starting micro-architecture generation ...
INFO: [BIND 205-101] Performing variable lifetime analysis.
INFO: [BIND 205-101] Exploring resource sharing.
INFO: [BIND 205-101] Binding ...
INFO: [BIND 205-100] Finished micro-architecture generation.
INFO: [HLS 200-111] Finished Binding: CPU user time: 0.03 seconds. CPU system time: 0 seconds. Elapsed time: 0.04 seconds; current allocated memory: 415.344 MB.
INFO: [HLS 200-10] ----------------------------------------------------------------
INFO: [HLS 200-42] -- Implementing module 'maxpool2d_wide_nonoverlap_cl_array_array_ap_fixed_80u_config6_s' 
INFO: [HLS 200-10] ----------------------------------------------------------------
INFO: [SCHED 204-11] Starting scheduling ...
INFO: [SCHED 204-61] Pipelining loop 'PoolRows'.
INFO: [HLS 200-1470] Pipelining result : Target II = 1, Final II = 1, Depth = 3, loop 'PoolRows'
INFO: [SCHED 204-11] Finished scheduling.
INFO: [HLS 200-111] Finished Scheduling: CPU user time: 0.29 seconds. CPU system time: 0.01 seconds. Elapsed time: 0.3 seconds; current allocated memory: 425.809 MB.
INFO: [BIND 205-100] Starting micro-architecture generation ...
INFO: [BIND 205-101] Performing variable lifetime analysis.
INFO: [BIND 205-101] Exploring resource sharing.
INFO: [BIND 205-101] Binding ...
INFO: [BIND 205-100] Finished micro-architecture generation.
INFO: [HLS 200-111] Finished Binding: CPU user time: 0.13 seconds. CPU system time: 0 seconds. Elapsed time: 0.13 seconds; current allocated memory: 425.914 MB.
INFO: [HLS 200-10] ----------------------------------------------------------------
INFO: [HLS 200-42] -- Implementing module 'dense_wide_stream_array_array_ap_fixed_1u_config9_Pipeline_DenseValues' 
INFO: [HLS 200-10] ----------------------------------------------------------------
INFO: [SCHED 204-11] Starting scheduling ...
INFO: [SCHED 204-61] Pipelining loop 'DenseValues'.
INFO: [HLS 200-1470] Pipelining result : Target II = 1, Final II = 1, Depth = 8, loop 'DenseValues'
INFO: [SCHED 204-11] Finished scheduling.
INFO: [HLS 200-111] Finished Scheduling: CPU user time: 0.28 seconds. CPU system time: 0.01 seconds. Elapsed time: 0.28 seconds; current allocated memory: 433.664 MB.
INFO: [BIND 205-100] Starting micro-architecture generation ...
INFO: [BIND 205-101] Performing variable lifetime analysis.
INFO: [BIND 205-101] Exploring resource sharing.
INFO: [BIND 205-101] Binding ...
INFO: [BIND 205-100] Finished micro-architecture generation.
INFO: [HLS 200-111] Finished Binding: CPU user time: 0.04 seconds. CPU system time: 0 seconds. Elapsed time: 0.05 seconds; current allocated memory: 433.664 MB.
INFO: [HLS 200-10] ----------------------------------------------------------------
INFO: [HLS 200-42] -- Implementing module 'dense_wide_stream_array_array_ap_fixed_24_14_5_3_0_1u_config9_s' 
INFO: [HLS 200-10] ----------------------------------------------------------------
INFO: [SCHED 204-11] Starting scheduling ...
INFO: [SCHED 204-11] Finished scheduling.
INFO: [HLS 200-111] Finished Scheduling: CPU user time: 0.03 seconds. CPU system time: 0 seconds. Elapsed time: 0.03 seconds; current allocated memory: 433.664 MB.
INFO: [BIND 205-100] Starting micro-architecture generation ...
INFO: [BIND 205-101] Performing variable lifetime analysis.
INFO: [BIND 205-101] Exploring resource sharing.
INFO: [BIND 205-101] Binding ...
INFO: [BIND 205-100] Finished micro-architecture generation.
INFO: [HLS 200-111] Finished Binding: CPU user time: 0.01 seconds. CPU system time: 0 seconds. Elapsed time: 0.01 seconds; current allocated memory: 433.664 MB.
INFO: [HLS 200-10] ----------------------------------------------------------------
INFO: [HLS 200-42] -- Implementing module 'cnn_core' 
INFO: [HLS 200-10] ----------------------------------------------------------------
INFO: [SCHED 204-11] Starting scheduling ...
INFO: [SCHED 204-11] Finished scheduling.
INFO: [HLS 200-111] Finished Scheduling: CPU user time: 0.02 seconds. CPU system time: 0 seconds. Elapsed time: 0.01 seconds; current allocated memory: 433.664 MB.
INFO: [BIND 205-100] Starting micro-architecture generation ...
INFO: [BIND 205-101] Performing variable lifetime analysis.
INFO: [BIND 205-101] Exploring resource sharing.
INFO: [BIND 205-101] Binding ...
INFO: [BIND 205-100] Finished micro-architecture generation.
INFO: [HLS 200-111] Finished Binding: CPU user time: 0.02 seconds. CPU system time: 0 seconds. Elapsed time: 0.02 seconds; current allocated memory: 433.664 MB.
INFO: [HLS 200-10] ----------------------------------------------------------------
INFO: [HLS 200-10] -- Generating RTL for module 'first_conv_2row_4lane_temporal_wide_cl_array_array_ap_fixed_80u_config4_s' 
INFO: [HLS 200-10] ----------------------------------------------------------------
INFO: [HLS 200-1030] Apply Unified Pipeline Control on module 'first_conv_2row_4lane_temporal_wide_cl_array_array_ap_fixed_80u_config4_s' pipeline 'ReadPairsWide' pipeline type 'loop pipeline'
INFO: [RTGEN 206-100] Finished creating RTL model for 'first_conv_2row_4lane_temporal_wide_cl_array_array_ap_fixed_80u_config4_s'.
INFO: [HLS 200-111] Finished Creating RTL model: CPU user time: 0.13 seconds. CPU system time: 0.01 seconds. Elapsed time: 0.14 seconds; current allocated memory: 442.273 MB.
INFO: [HLS 200-10] ----------------------------------------------------------------
INFO: [HLS 200-10] -- Generating RTL for module 'relu_array_ap_fixed_80u_array_ap_ufixed_15_5_5_3_0_80u_relu_config5_s' 
INFO: [HLS 200-10] ----------------------------------------------------------------
INFO: [HLS 200-1030] Apply Unified Pipeline Control on module 'relu_array_ap_fixed_80u_array_ap_ufixed_15_5_5_3_0_80u_relu_config5_s' pipeline 'ReLUActLoop' pipeline type 'loop pipeline'
INFO: [RTGEN 206-100] Finished creating RTL model for 'relu_array_ap_fixed_80u_array_ap_ufixed_15_5_5_3_0_80u_relu_config5_s'.
INFO: [HLS 200-111] Finished Creating RTL model: CPU user time: 0.32 seconds. CPU system time: 0.02 seconds. Elapsed time: 0.35 seconds; current allocated memory: 474.094 MB.
INFO: [HLS 200-10] ----------------------------------------------------------------
INFO: [HLS 200-10] -- Generating RTL for module 'maxpool2d_wide_nonoverlap_cl_array_array_ap_fixed_80u_config6_s' 
INFO: [HLS 200-10] ----------------------------------------------------------------
INFO: [HLS 200-1030] Apply Unified Pipeline Control on module 'maxpool2d_wide_nonoverlap_cl_array_array_ap_fixed_80u_config6_s' pipeline 'PoolRows' pipeline type 'loop pipeline'
INFO: [RTGEN 206-100] Finished creating RTL model for 'maxpool2d_wide_nonoverlap_cl_array_array_ap_fixed_80u_config6_s'.
INFO: [HLS 200-111] Finished Creating RTL model: CPU user time: 0.19 seconds. CPU system time: 0.01 seconds. Elapsed time: 0.2 seconds; current allocated memory: 487.664 MB.
INFO: [HLS 200-10] ----------------------------------------------------------------
INFO: [HLS 200-10] -- Generating RTL for module 'dense_wide_stream_array_array_ap_fixed_1u_config9_Pipeline_DenseValues' 
INFO: [HLS 200-10] ----------------------------------------------------------------
INFO: [SYN 201-210] Renamed object name 'dense_wide_stream_array_array_ap_fixed_1u_config9_Pipeline_DenseValues_w9_ravel_packed_ROM_1P_BRAM_1R' to 'dense_wide_stream_array_array_ap_fixed_1u_config9_Pipeline_DenseValues_w9_ravbkb' due to the length limit 80
INFO: [HLS 200-1030] Apply Unified Pipeline Control on module 'dense_wide_stream_array_array_ap_fixed_1u_config9_Pipeline_DenseValues' pipeline 'DenseValues' pipeline type 'loop pipeline'
INFO: [RTGEN 206-100] Generating core module 'mac_muladd_10s_4s_16s_16_1_1': 1 instance(s).
INFO: [RTGEN 206-100] Generating core module 'mac_muladd_10s_6s_16s_17_1_1': 16 instance(s).
INFO: [RTGEN 206-100] Generating core module 'mac_muladd_10s_6s_17s_17_1_1': 7 instance(s).
INFO: [RTGEN 206-100] Generating core module 'mul_10s_6s_16_1_1': 16 instance(s).
INFO: [RTGEN 206-100] Finished creating RTL model for 'dense_wide_stream_array_array_ap_fixed_1u_config9_Pipeline_DenseValues'.
INFO: [RTMG 210-279] Implementing memory 'cnn_core_dense_wide_stream_array_array_ap_fixed_1u_config9_Pipeline_DenseValues_w9_ravbkb' using block ROMs.
INFO: [HLS 200-111] Finished Creating RTL model: CPU user time: 0.31 seconds. CPU system time: 0.02 seconds. Elapsed time: 0.33 seconds; current allocated memory: 516.789 MB.
INFO: [HLS 200-10] ----------------------------------------------------------------
INFO: [HLS 200-10] -- Generating RTL for module 'dense_wide_stream_array_array_ap_fixed_24_14_5_3_0_1u_config9_s' 
INFO: [HLS 200-10] ----------------------------------------------------------------
INFO: [RTGEN 206-100] Finished creating RTL model for 'dense_wide_stream_array_array_ap_fixed_24_14_5_3_0_1u_config9_s'.
INFO: [HLS 200-111] Finished Creating RTL model: CPU user time: 0.13 seconds. CPU system time: 0.01 seconds. Elapsed time: 0.14 seconds; current allocated memory: 527.344 MB.
INFO: [HLS 200-10] ----------------------------------------------------------------
INFO: [HLS 200-10] -- Generating RTL for module 'cnn_core' 
INFO: [HLS 200-10] ----------------------------------------------------------------
WARNING: [RTGEN 206-101] Design contains AXI ports. Reset is fixed to synchronous and active low.
INFO: [RTGEN 206-500] Setting interface mode on port 'cnn_core/waveform' to 'axis' (register, both mode).
INFO: [RTGEN 206-500] Setting interface mode on port 'cnn_core/layer9_out' to 'axis' (register, both mode).
INFO: [RTGEN 206-500] Setting interface mode on function 'cnn_core' to 'ap_ctrl_hs'.
WARNING: [HLS 200-656] Deadlocks can occur since process first_conv_2row_4lane_temporal_wide_cl<array,array<ap_fixed,80u>,config4> is instantiated in a dataflow region with ap_ctrl_none or without start propagation and contains an auto-rewind pipeline.
Resolution: For help on HLS 200-656 see docs.xilinx.com/access/sources/dita/topic?Doc_Version=2023.2%20English&url=ug1448-hls-guidance&resourceid=200-656.html
WARNING: [HLS 200-656] Deadlocks can occur since process relu<array<ap_fixed,80u>,array<ap_ufixed<15,5,5,3,0>,80u>,relu_config5> is instantiated in a dataflow region with ap_ctrl_none or without start propagation and contains an auto-rewind pipeline.
Resolution: For help on HLS 200-656 see docs.xilinx.com/access/sources/dita/topic?Doc_Version=2023.2%20English&url=ug1448-hls-guidance&resourceid=200-656.html
WARNING: [HLS 200-656] Deadlocks can occur since process maxpool2d_wide_nonoverlap_cl<array,array<ap_fixed,80u>,config6> is instantiated in a dataflow region with ap_ctrl_none or without start propagation and contains an auto-rewind pipeline.
Resolution: For help on HLS 200-656 see docs.xilinx.com/access/sources/dita/topic?Doc_Version=2023.2%20English&url=ug1448-hls-guidance&resourceid=200-656.html
INFO: [RTGEN 206-100] Finished creating RTL model for 'cnn_core'.
INFO: [RTMG 210-285] Implementing FIFO 'layer4_out_x4_U(cnn_core_fifo_w1280_d4_S)' using Shift Registers.
INFO: [RTMG 210-285] Implementing FIFO 'layer5_out_x4_U(cnn_core_fifo_w1200_d4_S)' using Shift Registers.
INFO: [RTMG 210-285] Implementing FIFO 'layer6_out_x4_U(cnn_core_fifo_w800_d4_S)' using Shift Registers.
INFO: [HLS 200-111] Finished Creating RTL model: CPU user time: 0.04 seconds. CPU system time: 0 seconds. Elapsed time: 0.04 seconds; current allocated memory: 533.402 MB.
INFO: [HLS 200-111] Finished Generating all RTL models: CPU user time: 0.23 seconds. CPU system time: 0.01 seconds. Elapsed time: 0.24 seconds; current allocated memory: 534.125 MB.
INFO: [HLS 200-111] Finished Updating report files: CPU user time: 0.38 seconds. CPU system time: 0.01 seconds. Elapsed time: 0.4 seconds; current allocated memory: 545.953 MB.
INFO: [VHDL 208-304] Generating VHDL RTL for cnn_core.
INFO: [VLOG 209-307] Generating Verilog RTL for cnn_core.
INFO: [HLS 200-790] **** Loop Constraint Status: All loop constraints were satisfied.
INFO: [HLS 200-789] **** Estimated Fmax: 290.28 MHz
INFO: [HLS 200-111] Finished Command csynth_design CPU user time: 14.76 seconds. CPU system time: 0.91 seconds. Elapsed time: 17.99 seconds; current allocated memory: 289.094 MB.
***** C/RTL SYNTHESIS COMPLETED IN 0h0m17s *****
***** C/RTL SIMULATION *****
INFO: [HLS 200-1510] Running: add_files -tb cnn_core_test.cpp -cflags -std=c++0x -DRTL_SIM 
INFO: [HLS 200-10] Adding test bench file 'cnn_core_test.cpp' to the project
INFO: [HLS 200-1510] Running: cosim_design -trace_level all -setup 
INFO: [COSIM 212-47] Using XSIM for RTL simulation.
INFO: [COSIM 212-14] Instrumenting C test bench ...
   Build using "/tools/Xilinx/Vitis_HLS/2023.2/tps/lnx64/gcc-8.3.0/bin/g++"
   Compiling apatb_cnn_core.cpp
   Compiling apatb_cnn_core_util.cpp
   Compiling cnn_core.cpp_pre.cpp.tb.cpp
   Compiling cnn_core_test.cpp_pre.cpp.tb.cpp
   Compiling apatb_cnn_core_ir.ll
   Generating cosim.tv.exe
INFO: [COSIM 212-302] Starting C TB testing ... 
INFO: Saved inference results to file: tb_data/rtl_cosim_results.log
INFO [HLS SIM]: The maximum depth reached by any hls::stream() instance in the design is 128
INFO: [COSIM 212-333] Generating C post check test bench ...
INFO: [COSIM 212-12] Generating RTL test bench ...
INFO: [COSIM 212-1] *** C/RTL co-simulation file generation completed. ***
INFO: [HLS 200-111] Finished Command cosim_design CPU user time: 8.89 seconds. CPU system time: 0.92 seconds. Elapsed time: 9.84 seconds; current allocated memory: 10.652 MB.
INFO: [COSIM 212-302] Starting C TB testing ...  
INFO: Saved inference results to file: tb_data/rtl_cosim_results.log
INFO [HLS SIM]: The maximum depth reached by any hls::stream() instance in the design is 128
INFO: [COSIM 212-323] Starting verilog simulation...
INFO: [COSIM 212-15] Starting XSIM ...
Vivado Simulator v2023.2
Copyright 1986-2022 Xilinx, Inc. All Rights Reserved.
Copyright 2022-2023 Advanced Micro Devices, Inc. All Rights Reserved.
Running: /tools/Xilinx/Vivado/2023.2/bin/unwrapped/lnx64.o/xelab xil_defaultlib.apatb_cnn_core_top glbl -Oenable_linking_all_libraries -prj cnn_core.prj -L smartconnect_v1_0 -L axi_protocol_checker_v1_1_12 -L axi_protocol_checker_v1_1_13 -L axis_protocol_checker_v1_1_11 -L axis_protocol_checker_v1_1_12 -L xil_defaultlib -L unisims_ver -L xpm -L floating_point_v7_1_16 -L floating_point_v7_0_21 --lib ieee_proposed=./ieee_proposed -s cnn_core -debug all 
Multi-threading is on. Using 30 slave threads.
WARNING: [XSIM 43-3431] One or more environment variables have been detected which affect the operation of the C compiler. These are typically not set in standard installations and are not tested by AMD, however they may be appropriate for your system, so the flow will attempt to continue.  If errors occur, try running xelab with the "-mt off -v 1" switches to see more information from the C compiler. The following environment variables have been detected:
    LIBRARY_PATH
INFO: [VRFC 10-2263] Analyzing SystemVerilog file "/home/work1/Works/CNN-Core-Generator/cnn_core/cnn_core_prj/solution1/sim/verilog/glbl.v" into library work
INFO: [VRFC 10-311] analyzing module glbl
INFO: [VRFC 10-2263] Analyzing SystemVerilog file "/home/work1/Works/CNN-Core-Generator/cnn_core/cnn_core_prj/solution1/sim/verilog/cnn_core.autotb.v" into library xil_defaultlib
INFO: [VRFC 10-311] analyzing module apatb_cnn_core_top
INFO: [VRFC 10-2263] Analyzing SystemVerilog file "/home/work1/Works/CNN-Core-Generator/cnn_core/cnn_core_prj/solution1/sim/verilog/cnn_core_mac_muladd_10s_4s_16s_16_1_1.v" into library xil_defaultlib
INFO: [VRFC 10-311] analyzing module cnn_core_mac_muladd_10s_4s_16s_16_1_1_DSP48_1
INFO: [VRFC 10-311] analyzing module cnn_core_mac_muladd_10s_4s_16s_16_1_1
INFO: [VRFC 10-2263] Analyzing SystemVerilog file "/home/work1/Works/CNN-Core-Generator/cnn_core/cnn_core_prj/solution1/sim/verilog/AESL_deadlock_detection_unit.v" into library xil_defaultlib
INFO: [VRFC 10-311] analyzing module AESL_deadlock_detect_unit
INFO: [VRFC 10-2263] Analyzing SystemVerilog file "/home/work1/Works/CNN-Core-Generator/cnn_core/cnn_core_prj/solution1/sim/verilog/AESL_axi_s_waveform.v" into library xil_defaultlib
INFO: [VRFC 10-311] analyzing module AESL_axi_s_waveform
INFO: [VRFC 10-2263] Analyzing SystemVerilog file "/home/work1/Works/CNN-Core-Generator/cnn_core/cnn_core_prj/solution1/sim/verilog/cnn_core_fifo_w1280_d4_S.v" into library xil_defaultlib
INFO: [VRFC 10-311] analyzing module cnn_core_fifo_w1280_d4_S
INFO: [VRFC 10-311] analyzing module cnn_core_fifo_w1280_d4_S_ShiftReg
INFO: [VRFC 10-2263] Analyzing SystemVerilog file "/home/work1/Works/CNN-Core-Generator/cnn_core/cnn_core_prj/solution1/sim/verilog/cnn_core_mac_muladd_10s_6s_16s_17_1_1.v" into library xil_defaultlib
INFO: [VRFC 10-311] analyzing module cnn_core_mac_muladd_10s_6s_16s_17_1_1_DSP48_0
INFO: [VRFC 10-311] analyzing module cnn_core_mac_muladd_10s_6s_16s_17_1_1
INFO: [VRFC 10-2263] Analyzing SystemVerilog file "/home/work1/Works/CNN-Core-Generator/cnn_core/cnn_core_prj/solution1/sim/verilog/cnn_core_relu_array_ap_fixed_80u_array_ap_ufixed_15_5_5_3_0_80u_relu_config5_s.v" into library xil_defaultlib
INFO: [VRFC 10-311] analyzing module cnn_core_relu_array_ap_fixed_80u_array_ap_ufixed_15_5_5_3_0_80u_relu_config5_s
INFO: [VRFC 10-2263] Analyzing SystemVerilog file "/home/work1/Works/CNN-Core-Generator/cnn_core/cnn_core_prj/solution1/sim/verilog/cnn_core_dense_wide_stream_array_array_ap_fixed_1u_config9_Pipeline_DenseValues_w9_ravbkb.v" into library xil_defaultlib
INFO: [VRFC 10-311] analyzing module cnn_core_dense_wide_stream_array_array_ap_fixed_1u_config9_Pipeline_DenseValues_w9_ravbkb
INFO: [VRFC 10-2263] Analyzing SystemVerilog file "/home/work1/Works/CNN-Core-Generator/cnn_core/cnn_core_prj/solution1/sim/verilog/cnn_core_fifo_w1200_d4_S.v" into library xil_defaultlib
INFO: [VRFC 10-311] analyzing module cnn_core_fifo_w1200_d4_S
INFO: [VRFC 10-311] analyzing module cnn_core_fifo_w1200_d4_S_ShiftReg
INFO: [VRFC 10-2263] Analyzing SystemVerilog file "/home/work1/Works/CNN-Core-Generator/cnn_core/cnn_core_prj/solution1/sim/verilog/AESL_fifo.v" into library xil_defaultlib
INFO: [VRFC 10-311] analyzing module fifo
INFO: [VRFC 10-2263] Analyzing SystemVerilog file "/home/work1/Works/CNN-Core-Generator/cnn_core/cnn_core_prj/solution1/sim/verilog/AESL_deadlock_detector.v" into library xil_defaultlib
INFO: [VRFC 10-311] analyzing module AESL_deadlock_detector
INFO: [VRFC 10-2263] Analyzing SystemVerilog file "/home/work1/Works/CNN-Core-Generator/cnn_core/cnn_core_prj/solution1/sim/verilog/cnn_core_regslice_both.v" into library xil_defaultlib
INFO: [VRFC 10-311] analyzing module cnn_core_regslice_both
INFO: [VRFC 10-311] analyzing module cnn_core_regslice_both_w1
INFO: [VRFC 10-2263] Analyzing SystemVerilog file "/home/work1/Works/CNN-Core-Generator/cnn_core/cnn_core_prj/solution1/sim/verilog/cnn_core_flow_control_loop_pipe.v" into library xil_defaultlib
INFO: [VRFC 10-311] analyzing module cnn_core_flow_control_loop_pipe
INFO: [VRFC 10-2263] Analyzing SystemVerilog file "/home/work1/Works/CNN-Core-Generator/cnn_core/cnn_core_prj/solution1/sim/verilog/cnn_core_mul_10s_6s_16_1_1.v" into library xil_defaultlib
INFO: [VRFC 10-311] analyzing module cnn_core_mul_10s_6s_16_1_1
INFO: [VRFC 10-2263] Analyzing SystemVerilog file "/home/work1/Works/CNN-Core-Generator/cnn_core/cnn_core_prj/solution1/sim/verilog/AESL_deadlock_report_unit.v" into library xil_defaultlib
INFO: [VRFC 10-311] analyzing module AESL_deadlock_report_unit
INFO: [VRFC 10-2263] Analyzing SystemVerilog file "/home/work1/Works/CNN-Core-Generator/cnn_core/cnn_core_prj/solution1/sim/verilog/cnn_core_mac_muladd_10s_6s_17s_17_1_1.v" into library xil_defaultlib
INFO: [VRFC 10-311] analyzing module cnn_core_mac_muladd_10s_6s_17s_17_1_1_DSP48_2
INFO: [VRFC 10-311] analyzing module cnn_core_mac_muladd_10s_6s_17s_17_1_1
INFO: [VRFC 10-2263] Analyzing SystemVerilog file "/home/work1/Works/CNN-Core-Generator/cnn_core/cnn_core_prj/solution1/sim/verilog/cnn_core_dense_wide_stream_array_array_ap_fixed_24_14_5_3_0_1u_config9_s.v" into library xil_defaultlib
INFO: [VRFC 10-311] analyzing module cnn_core_dense_wide_stream_array_array_ap_fixed_24_14_5_3_0_1u_config9_s
INFO: [VRFC 10-2263] Analyzing SystemVerilog file "/home/work1/Works/CNN-Core-Generator/cnn_core/cnn_core_prj/solution1/sim/verilog/AESL_deadlock_idx0_monitor.v" into library xil_defaultlib
INFO: [VRFC 10-311] analyzing module AESL_deadlock_idx0_monitor
INFO: [VRFC 10-2263] Analyzing SystemVerilog file "/home/work1/Works/CNN-Core-Generator/cnn_core/cnn_core_prj/solution1/sim/verilog/cnn_core_maxpool2d_wide_nonoverlap_cl_array_array_ap_fixed_80u_config6_s.v" into library xil_defaultlib
INFO: [VRFC 10-311] analyzing module cnn_core_maxpool2d_wide_nonoverlap_cl_array_array_ap_fixed_80u_config6_s
INFO: [VRFC 10-2263] Analyzing SystemVerilog file "/home/work1/Works/CNN-Core-Generator/cnn_core/cnn_core_prj/solution1/sim/verilog/AESL_deadlock_kernel_monitor_top.v" into library xil_defaultlib
INFO: [VRFC 10-311] analyzing module AESL_deadlock_kernel_monitor_top
INFO: [VRFC 10-2263] Analyzing SystemVerilog file "/home/work1/Works/CNN-Core-Generator/cnn_core/cnn_core_prj/solution1/sim/verilog/cnn_core_flow_control_loop_pipe_sequential_init.v" into library xil_defaultlib
INFO: [VRFC 10-311] analyzing module cnn_core_flow_control_loop_pipe_sequential_init
INFO: [VRFC 10-2263] Analyzing SystemVerilog file "/home/work1/Works/CNN-Core-Generator/cnn_core/cnn_core_prj/solution1/sim/verilog/cnn_core_dense_wide_stream_array_array_ap_fixed_1u_config9_Pipeline_DenseValues.v" into library xil_defaultlib
INFO: [VRFC 10-311] analyzing module cnn_core_dense_wide_stream_array_array_ap_fixed_1u_config9_Pipeline_DenseValues
INFO: [VRFC 10-2263] Analyzing SystemVerilog file "/home/work1/Works/CNN-Core-Generator/cnn_core/cnn_core_prj/solution1/sim/verilog/cnn_core_fifo_w800_d4_S.v" into library xil_defaultlib
INFO: [VRFC 10-311] analyzing module cnn_core_fifo_w800_d4_S
INFO: [VRFC 10-311] analyzing module cnn_core_fifo_w800_d4_S_ShiftReg
INFO: [VRFC 10-2263] Analyzing SystemVerilog file "/home/work1/Works/CNN-Core-Generator/cnn_core/cnn_core_prj/solution1/sim/verilog/cnn_core_first_conv_2row_4lane_temporal_wide_cl_array_array_ap_fixed_80u_config4_s.v" into library xil_defaultlib
INFO: [VRFC 10-311] analyzing module cnn_core_first_conv_2row_4lane_temporal_wide_cl_array_array_ap_fixed_80u_config4_s
INFO: [VRFC 10-2263] Analyzing SystemVerilog file "/home/work1/Works/CNN-Core-Generator/cnn_core/cnn_core_prj/solution1/sim/verilog/cnn_core.v" into library xil_defaultlib
INFO: [VRFC 10-311] analyzing module cnn_core
INFO: [VRFC 10-2263] Analyzing SystemVerilog file "/home/work1/Works/CNN-Core-Generator/cnn_core/cnn_core_prj/solution1/sim/verilog/AESL_axi_s_layer9_out.v" into library xil_defaultlib
INFO: [VRFC 10-311] analyzing module AESL_axi_s_layer9_out
INFO: [VRFC 10-2263] Analyzing SystemVerilog file "/home/work1/Works/CNN-Core-Generator/cnn_core/cnn_core_prj/solution1/sim/verilog/dataflow_monitor.sv" into library xil_defaultlib
INFO: [VRFC 10-311] analyzing module dataflow_monitor
Starting static elaboration
Pass Through NonSizing Optimizer
WARNING: [VRFC 10-5021] port 'reset' is not connected on this instance [/home/work1/Works/CNN-Core-Generator/cnn_core/cnn_core_prj/solution1/sim/verilog/cnn_core_fifo_w1280_d4_S.v:49]
WARNING: [VRFC 10-5021] port 'reset' is not connected on this instance [/home/work1/Works/CNN-Core-Generator/cnn_core/cnn_core_prj/solution1/sim/verilog/cnn_core_fifo_w1200_d4_S.v:49]
WARNING: [VRFC 10-5021] port 'reset' is not connected on this instance [/home/work1/Works/CNN-Core-Generator/cnn_core/cnn_core_prj/solution1/sim/verilog/cnn_core_fifo_w800_d4_S.v:49]
Completed static elaboration
Starting simulation data flow analysis
Completed simulation data flow analysis
Time Resolution for simulation is 1ps
Compiling package xil_defaultlib.$unit_dataflow_monitor_sv
Compiling module xil_defaultlib.cnn_core_flow_control_loop_pipe
Compiling module xil_defaultlib.cnn_core_regslice_both(DataWidth...
Compiling module xil_defaultlib.cnn_core_first_conv_2row_4lane_t...
Compiling module xil_defaultlib.cnn_core_relu_array_ap_fixed_80u...
Compiling module xil_defaultlib.cnn_core_maxpool2d_wide_nonoverl...
Compiling module xil_defaultlib.cnn_core_dense_wide_stream_array...
Compiling module xil_defaultlib.cnn_core_mul_10s_6s_16_1_1(NUM_S...
Compiling module xil_defaultlib.cnn_core_mac_muladd_10s_6s_16s_1...
Compiling module xil_defaultlib.cnn_core_mac_muladd_10s_6s_16s_1...
Compiling module xil_defaultlib.cnn_core_mac_muladd_10s_4s_16s_1...
Compiling module xil_defaultlib.cnn_core_mac_muladd_10s_4s_16s_1...
Compiling module xil_defaultlib.cnn_core_mac_muladd_10s_6s_17s_1...
Compiling module xil_defaultlib.cnn_core_mac_muladd_10s_6s_17s_1...
Compiling module xil_defaultlib.cnn_core_flow_control_loop_pipe_...
Compiling module xil_defaultlib.cnn_core_dense_wide_stream_array...
Compiling module xil_defaultlib.cnn_core_regslice_both
Compiling module xil_defaultlib.cnn_core_dense_wide_stream_array...
Compiling module xil_defaultlib.cnn_core_fifo_w1280_d4_S_ShiftRe...
Compiling module xil_defaultlib.cnn_core_fifo_w1280_d4_S
Compiling module xil_defaultlib.cnn_core_fifo_w1200_d4_S_ShiftRe...
Compiling module xil_defaultlib.cnn_core_fifo_w1200_d4_S
Compiling module xil_defaultlib.cnn_core_fifo_w800_d4_S_ShiftReg
Compiling module xil_defaultlib.cnn_core_fifo_w800_d4_S
Compiling module xil_defaultlib.cnn_core
Compiling module xil_defaultlib.fifo(DEPTH=128,WIDTH=128)
Compiling module xil_defaultlib.AESL_axi_s_waveform
Compiling module xil_defaultlib.fifo(DEPTH=2,WIDTH=32)
Compiling module xil_defaultlib.AESL_axi_s_layer9_out
Compiling module xil_defaultlib.AESL_deadlock_detect_unit(IN_CHA...
Compiling module xil_defaultlib.AESL_deadlock_detect_unit(PROC_I...
Compiling module xil_defaultlib.AESL_deadlock_detect_unit(PROC_I...
Compiling module xil_defaultlib.AESL_deadlock_detect_unit(PROC_I...
Compiling module xil_defaultlib.AESL_deadlock_report_unit_defaul...
Compiling module xil_defaultlib.AESL_deadlock_detector_1
Compiling module xil_defaultlib.AESL_deadlock_idx0_monitor
Compiling module xil_defaultlib.AESL_deadlock_kernel_monitor_top...
Compiling module xil_defaultlib.df_fifo_intf
Compiling module xil_defaultlib.df_process_intf
Compiling module xil_defaultlib.nodf_module_intf
Compiling module xil_defaultlib.upc_loop_intf(FSM_WIDTH=1)
Compiling module xil_defaultlib.dataflow_monitor_1
Compiling module xil_defaultlib.apatb_cnn_core_top
Compiling module work.glbl
Built simulation snapshot cnn_core

****** xsim v2023.2 (64-bit)
  **** SW Build 4029153 on Fri Oct 13 20:13:54 MDT 2023
  **** IP Build 4028589 on Sat Oct 14 00:45:43 MDT 2023
  **** SharedData Build 4025554 on Tue Oct 10 17:18:54 MDT 2023
    ** Copyright 1986-2022 Xilinx, Inc. All Rights Reserved.
    ** Copyright 2022-2023 Advanced Micro Devices, Inc. All Rights Reserved.

source xsim.dir/cnn_core/xsim_script.tcl
# xsim {cnn_core} -view {{cnn_core_dataflow_ana.wcfg}} -tclbatch {cnn_core.tcl} -protoinst {cnn_core.protoinst}
INFO: [Wavedata 42-565] Reading protoinst file cnn_core.protoinst
INFO: [Wavedata 42-564]   Found protocol instance at /apatb_cnn_core_top/AESL_inst_cnn_core//AESL_inst_cnn_core_activity
INFO: [Wavedata 42-564]   Found protocol instance at /apatb_cnn_core_top/AESL_inst_cnn_core/dense_wide_stream_array_array_ap_fixed_24_14_5_3_0_1u_config9_U0/dense_wide_stream_array_array_ap_fixed_24_14_5_3_0_1u_config9_U0_activity
INFO: [Wavedata 42-564]   Found protocol instance at /apatb_cnn_core_top/AESL_inst_cnn_core/dense_wide_stream_array_array_ap_fixed_24_14_5_3_0_1u_config9_U0/grp_dense_wide_stream_array_array_ap_fixed_1u_config9_Pipeline_DenseValues_fu_51/grp_dense_wide_stream_array_array_ap_fixed_1u_config9_Pipeline_DenseValues_fu_51_activity
INFO: [Wavedata 42-564]   Found protocol instance at /apatb_cnn_core_top/AESL_inst_cnn_core/first_conv_2row_4lane_temporal_wide_cl_array_array_ap_fixed_80u_config4_U0/first_conv_2row_4lane_temporal_wide_cl_array_array_ap_fixed_80u_config4_U0_activity
INFO: [Wavedata 42-564]   Found protocol instance at /apatb_cnn_core_top/AESL_inst_cnn_core/maxpool2d_wide_nonoverlap_cl_array_array_ap_fixed_80u_config6_U0/maxpool2d_wide_nonoverlap_cl_array_array_ap_fixed_80u_config6_U0_activity
INFO: [Wavedata 42-564]   Found protocol instance at /apatb_cnn_core_top/AESL_inst_cnn_core/relu_array_ap_fixed_80u_array_ap_ufixed_15_5_5_3_0_80u_relu_config5_U0/relu_array_ap_fixed_80u_array_ap_ufixed_15_5_5_3_0_80u_relu_config5_U0_activity
Time resolution is 1 ps
open_wave_config cnn_core_dataflow_ana.wcfg
WARNING: Simulation object /apatb_cnn_core_top/AESL_inst_cnn_core/dense_wide_stream_array_array_ap_fixed_24_14_5_3_0_1u_config9_U0/w9_ravel_packed_address0 was not found in the design.
WARNING: Simulation object /apatb_cnn_core_top/AESL_inst_cnn_core/dense_wide_stream_array_array_ap_fixed_24_14_5_3_0_1u_config9_U0/w9_ravel_packed_q0 was not found in the design.
WARNING: Simulation object /apatb_cnn_core_top/AESL_inst_cnn_core/dense_wide_stream_array_array_ap_fixed_24_14_5_3_0_1u_config9_U0/w9_ravel_packed_ce0 was not found in the design.
source cnn_core.tcl
## set designtopgroup [add_wave_group "Design Top Signals"]
## set coutputgroup [add_wave_group "C Outputs" -into $designtopgroup]
## set return_group [add_wave_group return(axis) -into $coutputgroup]
## add_wave /apatb_cnn_core_top/AESL_inst_cnn_core/layer9_out_TREADY -into $return_group -color #ffff00 -radix hex
## add_wave /apatb_cnn_core_top/AESL_inst_cnn_core/layer9_out_TVALID -into $return_group -color #ffff00 -radix hex
## add_wave /apatb_cnn_core_top/AESL_inst_cnn_core/layer9_out_TDATA -into $return_group -radix hex
## set cinputgroup [add_wave_group "C Inputs" -into $designtopgroup]
## set return_group [add_wave_group return(axis) -into $cinputgroup]
## add_wave /apatb_cnn_core_top/AESL_inst_cnn_core/waveform_TREADY -into $return_group -color #ffff00 -radix hex
## add_wave /apatb_cnn_core_top/AESL_inst_cnn_core/waveform_TVALID -into $return_group -color #ffff00 -radix hex
## add_wave /apatb_cnn_core_top/AESL_inst_cnn_core/waveform_TDATA -into $return_group -radix hex
## set blocksiggroup [add_wave_group "Block-level IO Handshake" -into $designtopgroup]
## add_wave /apatb_cnn_core_top/AESL_inst_cnn_core/ap_start -into $blocksiggroup
## add_wave /apatb_cnn_core_top/AESL_inst_cnn_core/ap_done -into $blocksiggroup
## add_wave /apatb_cnn_core_top/AESL_inst_cnn_core/ap_ready -into $blocksiggroup
## add_wave /apatb_cnn_core_top/AESL_inst_cnn_core/ap_idle -into $blocksiggroup
## set resetgroup [add_wave_group "Reset" -into $designtopgroup]
## add_wave /apatb_cnn_core_top/AESL_inst_cnn_core/ap_rst_n -into $resetgroup
## set clockgroup [add_wave_group "Clock" -into $designtopgroup]
## add_wave /apatb_cnn_core_top/AESL_inst_cnn_core/ap_clk -into $clockgroup
## set testbenchgroup [add_wave_group "Test Bench Signals"]
## set tbinternalsiggroup [add_wave_group "Internal Signals" -into $testbenchgroup]
## set tb_simstatus_group [add_wave_group "Simulation Status" -into $tbinternalsiggroup]
## set tb_portdepth_group [add_wave_group "Port Depth" -into $tbinternalsiggroup]
## add_wave /apatb_cnn_core_top/AUTOTB_TRANSACTION_NUM -into $tb_simstatus_group -radix hex
## add_wave /apatb_cnn_core_top/ready_cnt -into $tb_simstatus_group -radix hex
## add_wave /apatb_cnn_core_top/done_cnt -into $tb_simstatus_group -radix hex
## add_wave /apatb_cnn_core_top/LENGTH_layer9_out -into $tb_portdepth_group -radix hex
## add_wave /apatb_cnn_core_top/LENGTH_waveform -into $tb_portdepth_group -radix hex
## set tbcoutputgroup [add_wave_group "C Outputs" -into $testbenchgroup]
## set tb_return_group [add_wave_group return(axis) -into $tbcoutputgroup]
## add_wave /apatb_cnn_core_top/layer9_out_TREADY -into $tb_return_group -color #ffff00 -radix hex
## add_wave /apatb_cnn_core_top/layer9_out_TVALID -into $tb_return_group -color #ffff00 -radix hex
## add_wave /apatb_cnn_core_top/layer9_out_TDATA -into $tb_return_group -radix hex
## set tbcinputgroup [add_wave_group "C Inputs" -into $testbenchgroup]
## set tb_return_group [add_wave_group return(axis) -into $tbcinputgroup]
## add_wave /apatb_cnn_core_top/waveform_TREADY -into $tb_return_group -color #ffff00 -radix hex
## add_wave /apatb_cnn_core_top/waveform_TVALID -into $tb_return_group -color #ffff00 -radix hex
## add_wave /apatb_cnn_core_top/waveform_TDATA -into $tb_return_group -radix hex
## save_wave_config cnn_core.wcfg
## run all
////////////////////////////////////////////////////////////////////////////////////
// Inter-Transaction Progress: Completed Transaction / Total Transaction
// Intra-Transaction Progress: Measured Latency / Latency Estimation * 100%
//
// RTL Simulation : "Inter-Transaction Progress" ["Intra-Transaction Progress"] @ "Simulation Time"
////////////////////////////////////////////////////////////////////////////////////
// RTL Simulation : 0 / 32 [0.00%] @ "113000"
// RTL Simulation : 1 / 32 [8.57%] @ "833000"
// RTL Simulation : 2 / 32 [12.14%] @ "1503000"
// RTL Simulation : 3 / 32 [15.71%] @ "2173000"
// RTL Simulation : 4 / 32 [15.71%] @ "2843000"
// RTL Simulation : 5 / 32 [15.71%] @ "3513000"
// RTL Simulation : 6 / 32 [15.71%] @ "4183000"
// RTL Simulation : 7 / 32 [15.71%] @ "4853000"
// RTL Simulation : 8 / 32 [15.71%] @ "5523000"
// RTL Simulation : 9 / 32 [15.71%] @ "6193000"
// RTL Simulation : 10 / 32 [15.71%] @ "6863000"
// RTL Simulation : 11 / 32 [15.71%] @ "7533000"
// RTL Simulation : 12 / 32 [15.71%] @ "8203000"
// RTL Simulation : 13 / 32 [15.71%] @ "8873000"
// RTL Simulation : 14 / 32 [15.71%] @ "9543000"
// RTL Simulation : 15 / 32 [15.71%] @ "10213000"
// RTL Simulation : 16 / 32 [15.71%] @ "10883000"
// RTL Simulation : 17 / 32 [15.71%] @ "11553000"
// RTL Simulation : 18 / 32 [15.71%] @ "12223000"
// RTL Simulation : 19 / 32 [15.71%] @ "12893000"
// RTL Simulation : 20 / 32 [15.71%] @ "13563000"
// RTL Simulation : 21 / 32 [15.71%] @ "14233000"
// RTL Simulation : 22 / 32 [15.71%] @ "14903000"
// RTL Simulation : 23 / 32 [15.71%] @ "15573000"
// RTL Simulation : 24 / 32 [15.71%] @ "16243000"
// RTL Simulation : 25 / 32 [15.71%] @ "16913000"
// RTL Simulation : 26 / 32 [15.71%] @ "17583000"
// RTL Simulation : 27 / 32 [15.71%] @ "18253000"
// RTL Simulation : 28 / 32 [15.71%] @ "18923000"
// RTL Simulation : 29 / 32 [15.71%] @ "19593000"
// RTL Simulation : 30 / 32 [15.71%] @ "20263000"
// RTL Simulation : 31 / 32 [15.71%] @ "20933000"
// RTL Simulation : 32 / 32 [100.00%] @ "21603000"
////////////////////////////////////////////////////////////////////////////////////
$finish called at time : 21632500 ps : File "/home/work1/Works/CNN-Core-Generator/cnn_core/cnn_core_prj/solution1/sim/verilog/cnn_core.autotb.v" Line 249
## quit
INFO: [Common 17-206] Exiting xsim at Mon Sep 14 20:26:43 2026...
INFO: [COSIM 212-316] Starting C post checking ...
INFO: Saved inference results to file: tb_data/rtl_cosim_results.log
INFO [HLS SIM]: The maximum depth reached by any hls::stream() instance in the design is 128
INFO:
Report time       : Mon Sep 14 08:26:33 PM PDT 2026.
Solution          : solution1.
Simulation tool   : xsim.

+----------+----------+-----------------------------------------------+-----------------------------------------------+----------------------+
|          |          |             Latency(Clock Cycles)             |              Interval(Clock Cycles)           | Total Execution Time |
+   RTL    +  Status  +-----------------------------------------------+-----------------------------------------------+    (Clock Cycles)    +
|          |          |      min      |      avg      |      max      |      min      |      avg      |      max      |                      |
+----------+----------+-----------------------------------------------+-----------------------------------------------+----------------------+
|      VHDL|        NA|             NA|             NA|             NA|             NA|             NA|             NA|                    NA|
|   Verilog|      Pass|             NA|             NA|             NA|             NA|             NA|             NA|                    NA|
+----------+----------+-----------------------------------------------+-----------------------------------------------+----------------------+

***** C/RTL SIMULATION COMPLETED IN 0h0m20s *****
***** C/RTL VALIDATION *****
INFO: Test PASSED
INFO: [HLS 200-112] Total CPU user time: 46.01 seconds. Total CPU system time: 2.98 seconds. Total elapsed time: 43.53 seconds; peak allocated memory: 556.605 MB.
INFO: [Common 17-206] Exiting vitis_hls at Mon Sep 14 20:26:44 2026...
