Vivado Simulator v2023.2
Copyright 1986-2022 Xilinx, Inc. All Rights Reserved.
Copyright 2022-2023 Advanced Micro Devices, Inc. All Rights Reserved.
Running: /tools/Xilinx/Vivado/2023.2/bin/unwrapped/lnx64.o/xelab xil_defaultlib.apatb_cnn_core_top glbl -Oenable_linking_all_libraries -prj cnn_core.prj -L smartconnect_v1_0 -L axi_protocol_checker_v1_1_12 -L axi_protocol_checker_v1_1_13 -L axis_protocol_checker_v1_1_11 -L axis_protocol_checker_v1_1_12 -L xil_defaultlib -L unisims_ver -L xpm -L floating_point_v7_1_16 -L floating_point_v7_0_21 --lib ieee_proposed=./ieee_proposed -s cnn_core -debug all 
Multi-threading is on. Using 30 slave threads.
WARNING: [XSIM 43-3431] One or more environment variables have been detected which affect the operation of the C compiler. These are typically not set in standard installations and are not tested by AMD, however they may be appropriate for your system, so the flow will attempt to continue.  If errors occur, try running xelab with the "-mt off -v 1" switches to see more information from the C compiler. The following environment variables have been detected:
INFO: [VRFC 10-2263] Analyzing SystemVerilog file "/home/work1/Works/CNN-Core-Generator/cnn_core/cnn_core_prj/solution1/sim/verilog/glbl.v" into library work
INFO: [VRFC 10-311] analyzing module glbl
INFO: [VRFC 10-2263] Analyzing SystemVerilog file "/home/work1/Works/CNN-Core-Generator/cnn_core/cnn_core_prj/solution1/sim/verilog/cnn_core_fifo_w480_d4_A.v" into library xil_defaultlib
INFO: [VRFC 10-311] analyzing module cnn_core_fifo_w480_d4_A
INFO: [VRFC 10-311] analyzing module cnn_core_fifo_w480_d4_A_ram
INFO: [VRFC 10-2263] Analyzing SystemVerilog file "/home/work1/Works/CNN-Core-Generator/cnn_core/cnn_core_prj/solution1/sim/verilog/cnn_core_mac_muladd_10s_5s_15s_16_1_1.v" into library xil_defaultlib
INFO: [VRFC 10-311] analyzing module cnn_core_mac_muladd_10s_5s_15s_16_1_1_DSP48_1
INFO: [VRFC 10-311] analyzing module cnn_core_mac_muladd_10s_5s_15s_16_1_1
INFO: [VRFC 10-2263] Analyzing SystemVerilog file "/home/work1/Works/CNN-Core-Generator/cnn_core/cnn_core_prj/solution1/sim/verilog/cnn_core.autotb.v" into library xil_defaultlib
INFO: [VRFC 10-311] analyzing module apatb_cnn_core_top
INFO: [VRFC 10-2263] Analyzing SystemVerilog file "/home/work1/Works/CNN-Core-Generator/cnn_core/cnn_core_prj/solution1/sim/verilog/cnn_core_mac_muladd_10s_4ns_13s_15_1_1.v" into library xil_defaultlib
INFO: [VRFC 10-311] analyzing module cnn_core_mac_muladd_10s_4ns_13s_15_1_1_DSP48_0
INFO: [VRFC 10-311] analyzing module cnn_core_mac_muladd_10s_4ns_13s_15_1_1
INFO: [VRFC 10-2263] Analyzing SystemVerilog file "/home/work1/Works/CNN-Core-Generator/cnn_core/cnn_core_prj/solution1/sim/verilog/cnn_core_shared_conv_array_array_ap_fixed_48u_config7_4u_ravel_matrix_conv2d_1_2u_s.v" into library xil_defaultlib
INFO: [VRFC 10-311] analyzing module cnn_core_shared_conv_array_array_ap_fixed_48u_config7_4u_ravel_matrix_conv2d_1_2u_s
INFO: [VRFC 10-2263] Analyzing SystemVerilog file "/home/work1/Works/CNN-Core-Generator/cnn_core/cnn_core_prj/solution1/sim/verilog/cnn_core_phara_pool_aligned_hybrid_p8_cl_array_array_array_array_config3_config5_s.v" into library xil_defaultlib
INFO: [VRFC 10-311] analyzing module cnn_core_phara_pool_aligned_hybrid_p8_cl_array_array_array_array_config3_config5_s
INFO: [VRFC 10-2263] Analyzing SystemVerilog file "/home/work1/Works/CNN-Core-Generator/cnn_core/cnn_core_prj/solution1/sim/verilog/cnn_core_start_for_scheduled_pool_array_array_ap_fixed_10_5_0_2_0_48u_config9_4u_U0.v" into library xil_defaultlib
INFO: [VRFC 10-311] analyzing module cnn_core_start_for_scheduled_pool_array_array_ap_fixed_10_5_0_2_0_48u_config9_4u_U0
INFO: [VRFC 10-311] analyzing module cnn_core_start_for_scheduled_pool_array_array_ap_fixed_10_5_0_2_0_48u_config9_4u_U0_ShiftReg
INFO: [VRFC 10-2263] Analyzing SystemVerilog file "/home/work1/Works/CNN-Core-Generator/cnn_core/cnn_core_prj/solution1/sim/verilog/AESL_deadlock_detection_unit.v" into library xil_defaultlib
INFO: [VRFC 10-311] analyzing module AESL_deadlock_detect_unit
INFO: [VRFC 10-2263] Analyzing SystemVerilog file "/home/work1/Works/CNN-Core-Generator/cnn_core/cnn_core_prj/solution1/sim/verilog/cnn_core_mul_10s_5s_15_1_1.v" into library xil_defaultlib
INFO: [VRFC 10-311] analyzing module cnn_core_mul_10s_5s_15_1_1
INFO: [VRFC 10-2263] Analyzing SystemVerilog file "/home/work1/Works/CNN-Core-Generator/cnn_core/cnn_core_prj/solution1/sim/verilog/cnn_core_start_for_dense_wide_stream_array_array_ap_fixed_21_12_5_3_0_1u_config12_U0.v" into library xil_defaultlib
INFO: [VRFC 10-311] analyzing module cnn_core_start_for_dense_wide_stream_array_array_ap_fixed_21_12_5_3_0_1u_config12_U0
INFO: [VRFC 10-311] analyzing module cnn_core_start_for_dense_wide_stream_array_array_ap_fixed_21_12_5_3_0_1u_config12_U0_ShiftReg
INFO: [VRFC 10-2263] Analyzing SystemVerilog file "/home/work1/Works/CNN-Core-Generator/cnn_core/cnn_core_prj/solution1/sim/verilog/cnn_core_mac_muladd_10s_5s_16s_16_1_1.v" into library xil_defaultlib
INFO: [VRFC 10-311] analyzing module cnn_core_mac_muladd_10s_5s_16s_16_1_1_DSP48_3
INFO: [VRFC 10-311] analyzing module cnn_core_mac_muladd_10s_5s_16s_16_1_1
INFO: [VRFC 10-2263] Analyzing SystemVerilog file "/home/work1/Works/CNN-Core-Generator/cnn_core/cnn_core_prj/solution1/sim/verilog/AESL_axi_s_waveform.v" into library xil_defaultlib
INFO: [VRFC 10-311] analyzing module AESL_axi_s_waveform
INFO: [VRFC 10-2263] Analyzing SystemVerilog file "/home/work1/Works/CNN-Core-Generator/cnn_core/cnn_core_prj/solution1/sim/verilog/cnn_core_start_for_relu_array_ap_fixed_48u_array_ap_ufixed_17_8_5_3_0_48u_relu_config8dEe.v" into library xil_defaultlib
INFO: [VRFC 10-311] analyzing module cnn_core_start_for_relu_array_ap_fixed_48u_array_ap_ufixed_17_8_5_3_0_48u_relu_config8dEe
INFO: [VRFC 10-311] analyzing module cnn_core_start_for_relu_array_ap_fixed_48u_array_ap_ufixed_17_8_5_3_0_48u_relu_config8dEe_ShiftReg
INFO: [VRFC 10-2263] Analyzing SystemVerilog file "/home/work1/Works/CNN-Core-Generator/cnn_core/cnn_core_prj/solution1/sim/verilog/AESL_axi_s_layer12_out.v" into library xil_defaultlib
INFO: [VRFC 10-311] analyzing module AESL_axi_s_layer12_out
INFO: [VRFC 10-2263] Analyzing SystemVerilog file "/home/work1/Works/CNN-Core-Generator/cnn_core/cnn_core_prj/solution1/sim/verilog/AESL_fifo.v" into library xil_defaultlib
INFO: [VRFC 10-311] analyzing module fifo
INFO: [VRFC 10-2263] Analyzing SystemVerilog file "/home/work1/Works/CNN-Core-Generator/cnn_core/cnn_core_prj/solution1/sim/verilog/AESL_deadlock_detector.v" into library xil_defaultlib
INFO: [VRFC 10-311] analyzing module AESL_deadlock_detector
INFO: [VRFC 10-2263] Analyzing SystemVerilog file "/home/work1/Works/CNN-Core-Generator/cnn_core/cnn_core_prj/solution1/sim/verilog/cnn_core_sparsemux_17_3_10_1_1.v" into library xil_defaultlib
INFO: [VRFC 10-311] analyzing module cnn_core_sparsemux_17_3_10_1_1
INFO: [VRFC 10-2263] Analyzing SystemVerilog file "/home/work1/Works/CNN-Core-Generator/cnn_core/cnn_core_prj/solution1/sim/verilog/cnn_core_regslice_both.v" into library xil_defaultlib
INFO: [VRFC 10-311] analyzing module cnn_core_regslice_both
INFO: [VRFC 10-311] analyzing module cnn_core_regslice_both_w1
INFO: [VRFC 10-2263] Analyzing SystemVerilog file "/home/work1/Works/CNN-Core-Generator/cnn_core/cnn_core_prj/solution1/sim/verilog/cnn_core_flow_control_loop_pipe.v" into library xil_defaultlib
INFO: [VRFC 10-311] analyzing module cnn_core_flow_control_loop_pipe
INFO: [VRFC 10-2263] Analyzing SystemVerilog file "/home/work1/Works/CNN-Core-Generator/cnn_core/cnn_core_prj/solution1/sim/verilog/cnn_core_scheduled_pool_array_array_ap_fixed_10_5_0_2_0_48u_config9_4u_s.v" into library xil_defaultlib
INFO: [VRFC 10-311] analyzing module cnn_core_scheduled_pool_array_array_ap_fixed_10_5_0_2_0_48u_config9_4u_s
INFO: [VRFC 10-2263] Analyzing SystemVerilog file "/home/work1/Works/CNN-Core-Generator/cnn_core/cnn_core_prj/solution1/sim/verilog/cnn_core_relu_array_ap_fixed_48u_array_ap_ufixed_17_8_5_3_0_48u_relu_config8_s.v" into library xil_defaultlib
INFO: [VRFC 10-311] analyzing module cnn_core_relu_array_ap_fixed_48u_array_ap_ufixed_17_8_5_3_0_48u_relu_config8_s
INFO: [VRFC 10-2263] Analyzing SystemVerilog file "/home/work1/Works/CNN-Core-Generator/cnn_core/cnn_core_prj/solution1/sim/verilog/AESL_deadlock_report_unit.v" into library xil_defaultlib
INFO: [VRFC 10-311] analyzing module AESL_deadlock_report_unit
INFO: [VRFC 10-2263] Analyzing SystemVerilog file "/home/work1/Works/CNN-Core-Generator/cnn_core/cnn_core_prj/solution1/sim/verilog/AESL_deadlock_idx0_monitor.v" into library xil_defaultlib
INFO: [VRFC 10-311] analyzing module AESL_deadlock_idx0_monitor
INFO: [VRFC 10-2263] Analyzing SystemVerilog file "/home/work1/Works/CNN-Core-Generator/cnn_core/cnn_core_prj/solution1/sim/verilog/AESL_deadlock_kernel_monitor_top.v" into library xil_defaultlib
INFO: [VRFC 10-311] analyzing module AESL_deadlock_kernel_monitor_top
INFO: [VRFC 10-2263] Analyzing SystemVerilog file "/home/work1/Works/CNN-Core-Generator/cnn_core/cnn_core_prj/solution1/sim/verilog/cnn_core_mac_muladd_10s_4ns_15s_15_1_1.v" into library xil_defaultlib
INFO: [VRFC 10-311] analyzing module cnn_core_mac_muladd_10s_4ns_15s_15_1_1_DSP48_2
INFO: [VRFC 10-311] analyzing module cnn_core_mac_muladd_10s_4ns_15s_15_1_1
INFO: [VRFC 10-2263] Analyzing SystemVerilog file "/home/work1/Works/CNN-Core-Generator/cnn_core/cnn_core_prj/solution1/sim/verilog/cnn_core_fifo_w816_d4_A.v" into library xil_defaultlib
INFO: [VRFC 10-311] analyzing module cnn_core_fifo_w816_d4_A
INFO: [VRFC 10-311] analyzing module cnn_core_fifo_w816_d4_A_ram
INFO: [VRFC 10-2263] Analyzing SystemVerilog file "/home/work1/Works/CNN-Core-Generator/cnn_core/cnn_core_prj/solution1/sim/verilog/cnn_core_fifo_w864_d4_A.v" into library xil_defaultlib
INFO: [VRFC 10-311] analyzing module cnn_core_fifo_w864_d4_A
INFO: [VRFC 10-311] analyzing module cnn_core_fifo_w864_d4_A_ram
INFO: [VRFC 10-2263] Analyzing SystemVerilog file "/home/work1/Works/CNN-Core-Generator/cnn_core/cnn_core_prj/solution1/sim/verilog/cnn_core_flow_control_loop_pipe_sequential_init.v" into library xil_defaultlib
INFO: [VRFC 10-311] analyzing module cnn_core_flow_control_loop_pipe_sequential_init
INFO: [VRFC 10-2263] Analyzing SystemVerilog file "/home/work1/Works/CNN-Core-Generator/cnn_core/cnn_core_prj/solution1/sim/verilog/cnn_core_dense_wide_stream_array_array_ap_fixed_1u_config12_Pipeline_DenseValues_w12_rbkb.v" into library xil_defaultlib
INFO: [VRFC 10-311] analyzing module cnn_core_dense_wide_stream_array_array_ap_fixed_1u_config12_Pipeline_DenseValues_w12_rbkb
INFO: [VRFC 10-2263] Analyzing SystemVerilog file "/home/work1/Works/CNN-Core-Generator/cnn_core/cnn_core_prj/solution1/sim/verilog/cnn_core.v" into library xil_defaultlib
INFO: [VRFC 10-311] analyzing module cnn_core
INFO: [VRFC 10-2263] Analyzing SystemVerilog file "/home/work1/Works/CNN-Core-Generator/cnn_core/cnn_core_prj/solution1/sim/verilog/cnn_core_dense_wide_stream_array_array_ap_fixed_1u_config12_Pipeline_DenseValues.v" into library xil_defaultlib
INFO: [VRFC 10-311] analyzing module cnn_core_dense_wide_stream_array_array_ap_fixed_1u_config12_Pipeline_DenseValues
INFO: [VRFC 10-2263] Analyzing SystemVerilog file "/home/work1/Works/CNN-Core-Generator/cnn_core/cnn_core_prj/solution1/sim/verilog/cnn_core_start_for_shared_conv_array_array_ap_fixed_48u_config7_4u_ravel_matrix_conv2dcud.v" into library xil_defaultlib
INFO: [VRFC 10-311] analyzing module cnn_core_start_for_shared_conv_array_array_ap_fixed_48u_config7_4u_ravel_matrix_conv2dcud
INFO: [VRFC 10-311] analyzing module cnn_core_start_for_shared_conv_array_array_ap_fixed_48u_config7_4u_ravel_matrix_conv2dcud_ShiftReg
INFO: [VRFC 10-2263] Analyzing SystemVerilog file "/home/work1/Works/CNN-Core-Generator/cnn_core/cnn_core_prj/solution1/sim/verilog/cnn_core_dense_wide_stream_array_array_ap_fixed_21_12_5_3_0_1u_config12_s.v" into library xil_defaultlib
INFO: [VRFC 10-311] analyzing module cnn_core_dense_wide_stream_array_array_ap_fixed_21_12_5_3_0_1u_config12_s
INFO: [VRFC 10-2263] Analyzing SystemVerilog file "/home/work1/Works/CNN-Core-Generator/cnn_core/cnn_core_prj/solution1/sim/verilog/dataflow_monitor.sv" into library xil_defaultlib
INFO: [VRFC 10-311] analyzing module dataflow_monitor
Starting static elaboration
Pass Through NonSizing Optimizer
WARNING: [VRFC 10-5021] port 'reset' is not connected on this instance [/home/work1/Works/CNN-Core-Generator/cnn_core/cnn_core_prj/solution1/sim/verilog/cnn_core_start_for_shared_conv_array_array_ap_fixed_48u_config7_4u_ravel_matrix_conv2dcud.v:46]
WARNING: [VRFC 10-5021] port 'reset' is not connected on this instance [/home/work1/Works/CNN-Core-Generator/cnn_core/cnn_core_prj/solution1/sim/verilog/cnn_core_start_for_relu_array_ap_fixed_48u_array_ap_ufixed_17_8_5_3_0_48u_relu_config8dEe.v:46]
WARNING: [VRFC 10-5021] port 'reset' is not connected on this instance [/home/work1/Works/CNN-Core-Generator/cnn_core/cnn_core_prj/solution1/sim/verilog/cnn_core_start_for_scheduled_pool_array_array_ap_fixed_10_5_0_2_0_48u_config9_4u_U0.v:46]
WARNING: [VRFC 10-5021] port 'reset' is not connected on this instance [/home/work1/Works/CNN-Core-Generator/cnn_core/cnn_core_prj/solution1/sim/verilog/cnn_core_start_for_dense_wide_stream_array_array_ap_fixed_21_12_5_3_0_1u_config12_U0.v:46]
Completed static elaboration
Starting simulation data flow analysis
Completed simulation data flow analysis
Time Resolution for simulation is 1ps
Compiling package xil_defaultlib.$unit_dataflow_monitor_sv
Compiling module xil_defaultlib.cnn_core_sparsemux_17_3_10_1_1(d...
Compiling module xil_defaultlib.cnn_core_mul_10s_5s_15_1_1(NUM_S...
Compiling module xil_defaultlib.cnn_core_mac_muladd_10s_4ns_13s_...
Compiling module xil_defaultlib.cnn_core_mac_muladd_10s_4ns_13s_...
Compiling module xil_defaultlib.cnn_core_regslice_both(DataWidth...
Compiling module xil_defaultlib.cnn_core_phara_pool_aligned_hybr...
Compiling module xil_defaultlib.cnn_core_flow_control_loop_pipe
Compiling module xil_defaultlib.cnn_core_shared_conv_array_array...
Compiling module xil_defaultlib.cnn_core_relu_array_ap_fixed_48u...
Compiling module xil_defaultlib.cnn_core_scheduled_pool_array_ar...
Compiling module xil_defaultlib.cnn_core_dense_wide_stream_array...
Compiling module xil_defaultlib.cnn_core_mac_muladd_10s_5s_15s_1...
Compiling module xil_defaultlib.cnn_core_mac_muladd_10s_5s_15s_1...
Compiling module xil_defaultlib.cnn_core_mac_muladd_10s_4ns_15s_...
Compiling module xil_defaultlib.cnn_core_mac_muladd_10s_4ns_15s_...
Compiling module xil_defaultlib.cnn_core_mac_muladd_10s_5s_16s_1...
Compiling module xil_defaultlib.cnn_core_mac_muladd_10s_5s_16s_1...
Compiling module xil_defaultlib.cnn_core_flow_control_loop_pipe_...
Compiling module xil_defaultlib.cnn_core_dense_wide_stream_array...
Compiling module xil_defaultlib.cnn_core_regslice_both
Compiling module xil_defaultlib.cnn_core_dense_wide_stream_array...
Compiling module xil_defaultlib.cnn_core_fifo_w480_d4_A_ram
Compiling module xil_defaultlib.cnn_core_fifo_w480_d4_A
Compiling module xil_defaultlib.cnn_core_fifo_w864_d4_A_ram
Compiling module xil_defaultlib.cnn_core_fifo_w864_d4_A
Compiling module xil_defaultlib.cnn_core_fifo_w816_d4_A_ram
Compiling module xil_defaultlib.cnn_core_fifo_w816_d4_A
Compiling module xil_defaultlib.cnn_core_start_for_shared_conv_a...
Compiling module xil_defaultlib.cnn_core_start_for_shared_conv_a...
Compiling module xil_defaultlib.cnn_core_start_for_relu_array_ap...
Compiling module xil_defaultlib.cnn_core_start_for_relu_array_ap...
Compiling module xil_defaultlib.cnn_core_start_for_scheduled_poo...
Compiling module xil_defaultlib.cnn_core_start_for_scheduled_poo...
Compiling module xil_defaultlib.cnn_core_start_for_dense_wide_st...
Compiling module xil_defaultlib.cnn_core_start_for_dense_wide_st...
Compiling module xil_defaultlib.cnn_core
Compiling module xil_defaultlib.fifo(DEPTH=32,WIDTH=512)
Compiling module xil_defaultlib.AESL_axi_s_waveform
Compiling module xil_defaultlib.fifo(DEPTH=2,WIDTH=32)
Compiling module xil_defaultlib.AESL_axi_s_layer12_out
Compiling module xil_defaultlib.AESL_deadlock_detect_unit(PROC_N...
Compiling module xil_defaultlib.AESL_deadlock_detect_unit(PROC_N...
Compiling module xil_defaultlib.AESL_deadlock_detect_unit(PROC_N...
Compiling module xil_defaultlib.AESL_deadlock_detect_unit(PROC_N...
Compiling module xil_defaultlib.AESL_deadlock_detect_unit(PROC_N...
Compiling module xil_defaultlib.AESL_deadlock_report_unit(PROC_N...
Compiling module xil_defaultlib.AESL_deadlock_detector_1
Compiling module xil_defaultlib.AESL_deadlock_idx0_monitor
Compiling module xil_defaultlib.AESL_deadlock_kernel_monitor_top...
Compiling module xil_defaultlib.df_fifo_intf
Compiling module xil_defaultlib.df_process_intf
Compiling module xil_defaultlib.nodf_module_intf
Compiling module xil_defaultlib.pp_loop_intf(FSM_WIDTH=3)
Compiling module xil_defaultlib.upc_loop_intf(FSM_WIDTH=1)
Compiling module xil_defaultlib.dataflow_monitor_1
Compiling module xil_defaultlib.apatb_cnn_core_top
Compiling module work.glbl
Built simulation snapshot cnn_core
