-3.11914 
729.355 
992.869 
863.244 
-3.11914 
-3.11914 
-3.11914 
-3.11914 
-3.11914 
-3.11914 
-3.11914 
-3.11914 
898.396 
924.064 
900.689 
904.199 
911.871 
933.58 
914.982 
885.896 
865.996 
913.844 
893.65 
901.555 
923.43 
889.223 
869.865 
935.537 
901.148 
899.252 
897.445 
908.641 
-1.85742 
-1.79883 
-0.859375 
-0.84375 
-0.458984 
-0.285156 
-0.357422 
-0.333984 
-0.859375 
-0.84375 
1.73828 
1.4043 
2.66016 
2.50977 
1.11523 
0.871094 
2.01953 
1.85742 
2.75195 
2.51367 
4.13086 
3.83789 
2.01953 
1.85742 
2.01953 
1.85742 
5.08594 
4.99219 
8.67578 
8.52148 
4.98828 
4.95313 
-2.89258 
-2.84766 
-3.11914 
-3.11914 
-3.11914 
-3.11914 
-3.11914 
-3.11914 
-3.11914 
-3.11914 
729.355 
729.98 
-2.24414 
-2.45117 
-2.5293 
-3.06055 
-3.13477 
-3.13477 
-3.02344 
-3.11914 
-3.11914 
-3.11914 
-3.11914 
-3.08203 
-3.08203 
-3.00781 
-1.98438 
-1.8125 
-1.53125 
992.869 
992.869 
574.301 
